/home/pharris/venv/lib64/python3.9/site-packages/networkx/utils/backends.py:135: RuntimeWarning: networkx backend defined more than once: nx-loopback
  backends.update(_get_backends("networkx.backends"))
Using cache found in /home/pharris/.cache/torch/hub/facebookresearch_dino_main
Using cache found in /home/pharris/.cache/torch/hub/facebookresearch_dino_main
Using cache found in /home/pharris/.cache/torch/hub/facebookresearch_dino_main
Using cache found in /home/pharris/.cache/torch/hub/facebookresearch_dino_main
Using cache found in /home/pharris/.cache/torch/hub/facebookresearch_dino_main
exp76 [aircraft_dino] class-centroid interpretability
  [frozen-dino (768d)          ] agree@1=0.490 agree@5=0.294 (chance 0.080) purity=0.427 sil=-0.053 w/b=0.371
  [supcon-ft                   ] agree@1=0.550 agree@5=0.310 (chance 0.080) purity=0.479 sil=-0.052 w/b=0.496
  [ss-ft                       ] agree@1=0.510 agree@5=0.298 (chance 0.080) purity=0.448 sil=-0.085 w/b=0.580
  [supcon-ft-res (residual)    ] agree@1=0.330 agree@5=0.252 (chance 0.080) purity=0.425 sil=-0.150 w/b=0.265
  [supcon-ft-res (concat)      ] agree@1=0.540 agree@5=0.310 (chance 0.080) purity=0.470 sil=-0.064 w/b=0.426
  [ss-ft-res (residual)        ] agree@1=0.370 agree@5=0.268 (chance 0.080) purity=0.440 sil=-0.110 w/b=0.510
  [ss-ft-res (concat)          ] agree@1=0.480 agree@5=0.290 (chance 0.080) purity=0.445 sil=-0.082 w/b=0.571
  [supcon-ft-resnplm (residual)] agree@1=0.480 agree@5=0.296 (chance 0.080) purity=0.470 sil=-0.104 w/b=0.351
  [supcon-ft-resnplm (concat)  ] agree@1=0.530 agree@5=0.310 (chance 0.080) purity=0.462 sil=-0.071 w/b=0.437
wrote logs/exp76/interp_aircraft_dino.md

===== EXP76 SUMMARY [aircraft_dino] =====
  space                           agree@1  agree@5  chance  purity     sil     w/b
  frozen-dino (768d)                0.490    0.294   0.080   0.427  -0.053   0.371
  supcon-ft                         0.550    0.310   0.080   0.479  -0.052   0.496
  ss-ft                             0.510    0.298   0.080   0.448  -0.085   0.580
  supcon-ft-res (residual)          0.330    0.252   0.080   0.425  -0.150   0.265
  supcon-ft-res (concat)            0.540    0.310   0.080   0.470  -0.064   0.426
  ss-ft-res (residual)              0.370    0.268   0.080   0.440  -0.110   0.510
  ss-ft-res (concat)                0.480    0.290   0.080   0.445  -0.082   0.571
  supcon-ft-resnplm (residual)      0.480    0.296   0.080   0.470  -0.104   0.351
  supcon-ft-resnplm (concat)        0.530    0.310   0.080   0.462  -0.071   0.437
Done.
