/home/pharris/venv/lib64/python3.9/site-packages/networkx/utils/backends.py:135: RuntimeWarning: networkx backend defined more than once: nx-loopback
  backends.update(_get_backends("networkx.backends"))
Using cache found in /home/pharris/.cache/torch/hub/chenyaofo_pytorch-cifar-models_master
Using cache found in /home/pharris/.cache/torch/hub/chenyaofo_pytorch-cifar-models_master
exp76 [cifar10_32d] class-centroid interpretability
  CIFAR two-view embedding-train images (no {4}): 45000
  [supcon] epoch 1/20  loss=4.7525
  [supcon] epoch 2/20  loss=4.6762
  [supcon] epoch 3/20  loss=4.6381
  [supcon] epoch 4/20  loss=4.6196
  [supcon] epoch 5/20  loss=4.6005
  [supcon] epoch 6/20  loss=4.5863
  [supcon] epoch 7/20  loss=4.5776
  [supcon] epoch 8/20  loss=4.5644
  [supcon] epoch 9/20  loss=4.5563
  [supcon] epoch 10/20  loss=4.5434
  [supcon] epoch 11/20  loss=4.5351
  [supcon] epoch 12/20  loss=4.5223
  [supcon] epoch 13/20  loss=4.5186
  [supcon] epoch 14/20  loss=4.5089
  [supcon] epoch 15/20  loss=4.5024
  [supcon] epoch 16/20  loss=4.5002
  [supcon] epoch 17/20  loss=4.4948
  [supcon] epoch 18/20  loss=4.4853
  [supcon] epoch 19/20  loss=4.4787
  [supcon] epoch 20/20  loss=4.4723
Using cache found in /home/pharris/.cache/torch/hub/chenyaofo_pytorch-cifar-models_master
  [supcon (parent)             ] agree@1=0.900 agree@5=0.780 (chance 0.533) purity=0.904 sil=0.311 w/b=0.662
  CIFAR two-view embedding-train images (no {4}): 45000
  [76-res] epoch 1/20  loss=5.1604
  [76-res] epoch 5/20  loss=4.7064
  [76-res] epoch 10/20  loss=4.6347
  [76-res] epoch 15/20  loss=4.5852
  [76-res] epoch 20/20  loss=4.5606
Using cache found in /home/pharris/.cache/torch/hub/chenyaofo_pytorch-cifar-models_master
  [supcon-res (residual)       ] agree@1=0.800 agree@5=0.760 (chance 0.533) purity=0.904 sil=0.524 w/b=0.437
  [supcon-res (concat)         ] agree@1=0.800 agree@5=0.780 (chance 0.533) purity=0.904 sil=0.363 w/b=0.612
  CIFAR two-view embedding-train images (no {4}): 45000
  [76-res-nplm] epoch 1/20  loss=120803797.6875
  [76-res-nplm] epoch 5/20  loss=1514228.0708
  [76-res-nplm] epoch 10/20  loss=266988.1403
  [76-res-nplm] epoch 15/20  loss=33134544.8686
  [76-res-nplm] epoch 20/20  loss=11761014.1929
  [supcon-res-nplm (residual)  ] agree@1=0.800 agree@5=0.760 (chance 0.533) purity=0.904 sil=0.655 w/b=0.285
  [supcon-res-nplm (concat)    ] agree@1=0.900 agree@5=0.800 (chance 0.533) purity=0.904 sil=0.328 w/b=0.637
wrote logs/exp76/interp_cifar10_32d.md

===== EXP76 SUMMARY [cifar10_32d] =====
  space                           agree@1  agree@5  chance  purity     sil     w/b
  supcon (parent)                   0.900    0.780   0.533   0.904   0.311   0.662
  supcon-res (residual)             0.800    0.760   0.533   0.904   0.524   0.437
  supcon-res (concat)               0.800    0.780   0.533   0.904   0.363   0.612
  supcon-res-nplm (residual)        0.800    0.760   0.533   0.904   0.655   0.285
  supcon-res-nplm (concat)          0.900    0.800   0.533   0.904   0.328   0.637
Done.
