/home/pharris/venv/lib64/python3.9/site-packages/networkx/utils/backends.py:135: RuntimeWarning: networkx backend defined more than once: nx-loopback
  backends.update(_get_backends("networkx.backends"))
exp76 [dtd_lejepa] class-centroid interpretability
Fetching 37 files:   0%|          | 0/37 [00:00<?, ?it/s]Fetching 37 files: 100%|██████████| 37/37 [00:00<00:00, 33238.22it/s]
  [simclr-ft                   ] tables only (no superclass partition)
Fetching 37 files:   0%|          | 0/37 [00:00<?, ?it/s]Fetching 37 files: 100%|██████████| 37/37 [00:00<00:00, 30087.10it/s]
  [sigreg-ssl-ft               ] tables only (no superclass partition)
Fetching 37 files:   0%|          | 0/37 [00:00<?, ?it/s]Fetching 37 files: 100%|██████████| 37/37 [00:00<00:00, 21975.25it/s]
  [nplm-bil-ft                 ] tables only (no superclass partition)
Fetching 37 files:   0%|          | 0/37 [00:00<?, ?it/s]Fetching 37 files: 100%|██████████| 37/37 [00:00<00:00, 22566.42it/s]
  [supcon-ft                   ] tables only (no superclass partition)
Fetching 37 files:   0%|          | 0/37 [00:00<?, ?it/s]Fetching 37 files: 100%|██████████| 37/37 [00:00<00:00, 36056.98it/s]
  [ss-ft                       ] tables only (no superclass partition)
Fetching 37 files:   0%|          | 0/37 [00:00<?, ?it/s]Fetching 37 files: 100%|██████████| 37/37 [00:00<00:00, 27613.75it/s]
  [nplm-sup-ft                 ] tables only (no superclass partition)
Fetching 37 files:   0%|          | 0/37 [00:00<?, ?it/s]Fetching 37 files: 100%|██████████| 37/37 [00:00<00:00, 42575.93it/s]
  [supcon-ft-res (residual)    ] tables only (no superclass partition)
  [supcon-ft-res (concat)      ] tables only (no superclass partition)
Fetching 37 files:   0%|          | 0/37 [00:00<?, ?it/s]Fetching 37 files: 100%|██████████| 37/37 [00:00<00:00, 168683.97it/s]
  [ss-ft-res (residual)        ] tables only (no superclass partition)
  [ss-ft-res (concat)          ] tables only (no superclass partition)
Fetching 37 files:   0%|          | 0/37 [00:00<?, ?it/s]Fetching 37 files: 100%|██████████| 37/37 [00:00<00:00, 291161.82it/s]
  [supcon-ft-resnplm (residual)] tables only (no superclass partition)
  [supcon-ft-resnplm (concat)  ] tables only (no superclass partition)
wrote logs/exp76/interp_dtd_lejepa.md
Done.
