/home/pharris/venv/lib64/python3.9/site-packages/networkx/utils/backends.py:135: RuntimeWarning: networkx backend defined more than once: nx-loopback
  backends.update(_get_backends("networkx.backends"))
exp76 [aircraft_visreg] class-centroid interpretability
  [frozen-visreg (768d)        ] agree@1=0.280 agree@5=0.204 (chance 0.080) purity=0.287 sil=-0.312 w/b=0.352
  [supcon-ft                   ] agree@1=0.550 agree@5=0.338 (chance 0.080) purity=0.473 sil=0.018 w/b=0.617
  [ss-ft                       ] agree@1=0.480 agree@5=0.306 (chance 0.080) purity=0.476 sil=-0.020 w/b=0.687
  [supcon-ft-res (residual)    ] agree@1=0.460 agree@5=0.298 (chance 0.080) purity=0.487 sil=-0.068 w/b=0.462
  [supcon-ft-res (concat)      ] agree@1=0.570 agree@5=0.332 (chance 0.080) purity=0.469 sil=0.005 w/b=0.572
  [ss-ft-res (residual)        ] agree@1=0.350 agree@5=0.238 (chance 0.080) purity=0.420 sil=-0.127 w/b=0.523
  [ss-ft-res (concat)          ] agree@1=0.470 agree@5=0.300 (chance 0.080) purity=0.477 sil=-0.021 w/b=0.660
  [supcon-ft-resnplm (residual)] agree@1=0.530 agree@5=0.322 (chance 0.080) purity=0.461 sil=-0.026 w/b=0.551
  [supcon-ft-resnplm (concat)  ] agree@1=0.550 agree@5=0.336 (chance 0.080) purity=0.470 sil=0.001 w/b=0.587
wrote logs/exp76/interp_aircraft_visreg.md

===== EXP76 SUMMARY [aircraft_visreg] =====
  space                           agree@1  agree@5  chance  purity     sil     w/b
  frozen-visreg (768d)              0.280    0.204   0.080   0.287  -0.312   0.352
  supcon-ft                         0.550    0.338   0.080   0.473   0.018   0.617
  ss-ft                             0.480    0.306   0.080   0.476  -0.020   0.687
  supcon-ft-res (residual)          0.460    0.298   0.080   0.487  -0.068   0.462
  supcon-ft-res (concat)            0.570    0.332   0.080   0.469   0.005   0.572
  ss-ft-res (residual)              0.350    0.238   0.080   0.420  -0.127   0.523
  ss-ft-res (concat)                0.470    0.300   0.080   0.477  -0.021   0.660
  supcon-ft-resnplm (residual)      0.530    0.322   0.080   0.461  -0.026   0.551
  supcon-ft-resnplm (concat)        0.550    0.336   0.080   0.470   0.001   0.587
Done.
