/home/pharris/venv/lib64/python3.9/site-packages/networkx/utils/backends.py:135: RuntimeWarning: networkx backend defined more than once: nx-loopback
  backends.update(_get_backends("networkx.backends"))
exp76 [cars_visreg] class-centroid interpretability
  [frozen-visreg (768d)        ] agree@1=0.184 agree@5=0.105 (chance 0.040) purity=0.150 sil=-0.309 w/b=0.785
  [simclr-ft                   ] agree@1=0.112 agree@5=0.100 (chance 0.040) purity=0.150 sil=-0.197 w/b=0.914
  [sigreg-ssl-ft               ] agree@1=0.097 agree@5=0.099 (chance 0.040) purity=0.134 sil=-0.297 w/b=0.879
  [nplm-bil-ft                 ] agree@1=0.153 agree@5=0.100 (chance 0.040) purity=0.141 sil=-0.320 w/b=0.827
  [supcon-ft                   ] agree@1=0.408 agree@5=0.264 (chance 0.040) purity=0.282 sil=-0.174 w/b=0.756
  [ss-ft                       ] agree@1=0.332 agree@5=0.221 (chance 0.040) purity=0.241 sil=-0.212 w/b=0.786
  [nplm-sup-ft                 ] agree@1=0.148 agree@5=0.150 (chance 0.040) purity=0.175 sil=-0.713 w/b=0.730
  [supcon-ft-res (residual)    ] agree@1=0.372 agree@5=0.236 (chance 0.040) purity=0.249 sil=-0.283 w/b=0.758
  [supcon-ft-res (concat)      ] agree@1=0.408 agree@5=0.265 (chance 0.040) purity=0.281 sil=-0.198 w/b=0.756
  [ss-ft-res (residual)        ] agree@1=0.148 agree@5=0.121 (chance 0.040) purity=0.143 sil=-0.225 w/b=0.855
  [ss-ft-res (concat)          ] agree@1=0.327 agree@5=0.219 (chance 0.040) purity=0.235 sil=-0.201 w/b=0.798
  [supcon-ft-resnplm (residual)] agree@1=0.444 agree@5=0.270 (chance 0.040) purity=0.283 sil=-0.219 w/b=0.742
  [supcon-ft-resnplm (concat)  ] agree@1=0.429 agree@5=0.267 (chance 0.040) purity=0.274 sil=-0.192 w/b=0.750
wrote logs/exp76/interp_cars_visreg.md

===== EXP76 SUMMARY [cars_visreg] =====
  space                           agree@1  agree@5  chance  purity     sil     w/b
  frozen-visreg (768d)              0.184    0.105   0.040   0.150  -0.309   0.785
  simclr-ft                         0.112    0.100   0.040   0.150  -0.197   0.914
  sigreg-ssl-ft                     0.097    0.099   0.040   0.134  -0.297   0.879
  nplm-bil-ft                       0.153    0.100   0.040   0.141  -0.320   0.827
  supcon-ft                         0.408    0.264   0.040   0.282  -0.174   0.756
  ss-ft                             0.332    0.221   0.040   0.241  -0.212   0.786
  nplm-sup-ft                       0.148    0.150   0.040   0.175  -0.713   0.730
  supcon-ft-res (residual)          0.372    0.236   0.040   0.249  -0.283   0.758
  supcon-ft-res (concat)            0.408    0.265   0.040   0.281  -0.198   0.756
  ss-ft-res (residual)              0.148    0.121   0.040   0.143  -0.225   0.855
  ss-ft-res (concat)                0.327    0.219   0.040   0.235  -0.201   0.798
  supcon-ft-resnplm (residual)      0.444    0.270   0.040   0.283  -0.219   0.742
  supcon-ft-resnplm (concat)        0.429    0.267   0.040   0.274  -0.192   0.750
Done.
