/home/pharris/venv/lib64/python3.9/site-packages/networkx/utils/backends.py:135: RuntimeWarning: networkx backend defined more than once: nx-loopback
  backends.update(_get_backends("networkx.backends"))
exp76 [galaxy10_lejepa] class-centroid interpretability
  [frozen-lejepa (768d)        ] agree@1=0.800 agree@5=0.300 (chance 0.178) purity=0.733 sil=0.278 w/b=0.416
Fetching 37 files:   0%|          | 0/37 [00:00<?, ?it/s]Fetching 37 files: 100%|██████████| 37/37 [00:00<00:00, 222973.06it/s]
  [simclr-ft                   ] agree@1=0.500 agree@5=0.300 (chance 0.178) purity=0.775 sil=0.195 w/b=0.697
Fetching 37 files:   0%|          | 0/37 [00:00<?, ?it/s]Fetching 37 files: 100%|██████████| 37/37 [00:00<00:00, 32733.44it/s]
  [sigreg-ssl-ft               ] agree@1=0.600 agree@5=0.260 (chance 0.178) purity=0.726 sil=0.313 w/b=0.479
Fetching 37 files:   0%|          | 0/37 [00:00<?, ?it/s]Fetching 37 files: 100%|██████████| 37/37 [00:00<00:00, 68881.16it/s]
  [nplm-bil-ft                 ] agree@1=0.700 agree@5=0.280 (chance 0.178) purity=0.690 sil=0.227 w/b=0.600
Fetching 37 files:   0%|          | 0/37 [00:00<?, ?it/s]Fetching 37 files: 100%|██████████| 37/37 [00:00<00:00, 23693.01it/s]
  [supcon-ft                   ] agree@1=0.500 agree@5=0.260 (chance 0.178) purity=0.659 sil=0.241 w/b=0.658
Fetching 37 files:   0%|          | 0/37 [00:00<?, ?it/s]Fetching 37 files: 100%|██████████| 37/37 [00:00<00:00, 29924.65it/s]
  [ss-ft                       ] agree@1=0.700 agree@5=0.300 (chance 0.178) purity=0.603 sil=0.289 w/b=0.560
Fetching 37 files:   0%|          | 0/37 [00:00<?, ?it/s]Fetching 37 files: 100%|██████████| 37/37 [00:00<00:00, 56908.42it/s]
  [nplm-sup-ft                 ] agree@1=0.700 agree@5=0.300 (chance 0.178) purity=0.782 sil=0.493 w/b=0.277
Fetching 37 files:   0%|          | 0/37 [00:00<?, ?it/s]Fetching 37 files: 100%|██████████| 37/37 [00:00<00:00, 23941.57it/s]
  [supcon-ft-res (residual)    ] agree@1=0.500 agree@5=0.280 (chance 0.178) purity=0.671 sil=0.178 w/b=0.742
  [supcon-ft-res (concat)      ] agree@1=0.500 agree@5=0.260 (chance 0.178) purity=0.621 sil=0.186 w/b=0.733
Fetching 37 files:   0%|          | 0/37 [00:00<?, ?it/s]Fetching 37 files: 100%|██████████| 37/37 [00:00<00:00, 53274.72it/s]
  [ss-ft-res (residual)        ] agree@1=0.800 agree@5=0.280 (chance 0.178) purity=0.774 sil=0.295 w/b=0.587
  [ss-ft-res (concat)          ] agree@1=0.700 agree@5=0.280 (chance 0.178) purity=0.742 sil=0.299 w/b=0.578
Fetching 37 files:   0%|          | 0/37 [00:00<?, ?it/s]Fetching 37 files: 100%|██████████| 37/37 [00:00<00:00, 47241.78it/s]
  [supcon-ft-resnplm (residual)] agree@1=0.500 agree@5=0.280 (chance 0.178) purity=0.590 sil=0.257 w/b=0.442
  [supcon-ft-resnplm (concat)  ] agree@1=0.500 agree@5=0.280 (chance 0.178) purity=0.646 sil=0.247 w/b=0.585
wrote logs/exp76/interp_galaxy10_lejepa.md

===== EXP76 SUMMARY [galaxy10_lejepa] =====
  space                           agree@1  agree@5  chance  purity     sil     w/b
  frozen-lejepa (768d)              0.800    0.300   0.178   0.733   0.278   0.416
  simclr-ft                         0.500    0.300   0.178   0.775   0.195   0.697
  sigreg-ssl-ft                     0.600    0.260   0.178   0.726   0.313   0.479
  nplm-bil-ft                       0.700    0.280   0.178   0.690   0.227   0.600
  supcon-ft                         0.500    0.260   0.178   0.659   0.241   0.658
  ss-ft                             0.700    0.300   0.178   0.603   0.289   0.560
  nplm-sup-ft                       0.700    0.300   0.178   0.782   0.493   0.277
  supcon-ft-res (residual)          0.500    0.280   0.178   0.671   0.178   0.742
  supcon-ft-res (concat)            0.500    0.260   0.178   0.621   0.186   0.733
  ss-ft-res (residual)              0.800    0.280   0.178   0.774   0.295   0.587
  ss-ft-res (concat)                0.700    0.280   0.178   0.742   0.299   0.578
  supcon-ft-resnplm (residual)      0.500    0.280   0.178   0.590   0.257   0.442
  supcon-ft-resnplm (concat)        0.500    0.280   0.178   0.646   0.247   0.585
Done.
