/home/pharris/venv/lib64/python3.9/site-packages/networkx/utils/backends.py:135: RuntimeWarning: networkx backend defined more than once: nx-loopback
  backends.update(_get_backends("networkx.backends"))
Using cache found in /home/pharris/.cache/torch/hub/chenyaofo_pytorch-cifar-models_master
Using cache found in /home/pharris/.cache/torch/hub/chenyaofo_pytorch-cifar-models_master
exp76 [cifar100_100d] class-centroid interpretability
  CIFAR two-view embedding-train images (no {4}): 49500
  [supcon] epoch 1/20  loss=4.2037
  [supcon] epoch 2/20  loss=3.9890
  [supcon] epoch 3/20  loss=3.8961
  [supcon] epoch 4/20  loss=3.8528
  [supcon] epoch 5/20  loss=3.8067
  [supcon] epoch 6/20  loss=3.7736
  [supcon] epoch 7/20  loss=3.7440
  [supcon] epoch 8/20  loss=3.7203
  [supcon] epoch 9/20  loss=3.7000
  [supcon] epoch 10/20  loss=3.6873
  [supcon] epoch 11/20  loss=3.6607
  [supcon] epoch 12/20  loss=3.6472
  [supcon] epoch 13/20  loss=3.6341
  [supcon] epoch 14/20  loss=3.6132
  [supcon] epoch 15/20  loss=3.6084
  [supcon] epoch 16/20  loss=3.5885
  [supcon] epoch 17/20  loss=3.5842
  [supcon] epoch 18/20  loss=3.5753
  [supcon] epoch 19/20  loss=3.5630
  [supcon] epoch 20/20  loss=3.5547
Using cache found in /home/pharris/.cache/torch/hub/chenyaofo_pytorch-cifar-models_master
  [supcon (parent)             ] agree@1=0.700 agree@5=0.468 (chance 0.040) purity=0.591 sil=0.197 w/b=0.515
  CIFAR two-view embedding-train images (no {4}): 49500
  [76-res] epoch 1/20  loss=4.8211
  [76-res] epoch 5/20  loss=4.5730
  [76-res] epoch 10/20  loss=4.5398
  [76-res] epoch 15/20  loss=4.5243
  [76-res] epoch 20/20  loss=4.5109
Using cache found in /home/pharris/.cache/torch/hub/chenyaofo_pytorch-cifar-models_master
  [supcon-res (residual)       ] agree@1=0.490 agree@5=0.288 (chance 0.040) purity=0.365 sil=0.029 w/b=0.607
  [supcon-res (concat)         ] agree@1=0.640 agree@5=0.406 (chance 0.040) purity=0.514 sil=0.162 w/b=0.553
  CIFAR two-view embedding-train images (no {4}): 49500
  [76-res-nplm] epoch 1/20  loss=3937549720.5389
  [76-res-nplm] epoch 5/20  loss=2244086028.4352
  [76-res-nplm] epoch 10/20  loss=1836586914.3627
  [76-res-nplm] epoch 15/20  loss=1662454511.0881
  [76-res-nplm] epoch 20/20  loss=1779218456.9534
Using cache found in /home/pharris/.cache/torch/hub/chenyaofo_pytorch-cifar-models_master
Using cache found in /home/pharris/.cache/torch/hub/chenyaofo_pytorch-cifar-models_master
  [supcon-res-nplm (residual)  ] agree@1=0.630 agree@5=0.438 (chance 0.040) purity=0.493 sil=0.154 w/b=0.396
  [supcon-res-nplm (concat)    ] agree@1=0.670 agree@5=0.452 (chance 0.040) purity=0.564 sil=0.188 w/b=0.477
  CIFAR two-view embedding-train images (no {4}): 49500
  [simclr] epoch 1/20  loss=4.6668
  [simclr] epoch 2/20  loss=4.5557
  [simclr] epoch 3/20  loss=4.5310
  [simclr] epoch 4/20  loss=4.5143
  [simclr] epoch 5/20  loss=4.5043
  [simclr] epoch 6/20  loss=4.4956
  [simclr] epoch 7/20  loss=4.4891
  [simclr] epoch 8/20  loss=4.4833
  [simclr] epoch 9/20  loss=4.4795
  [simclr] epoch 10/20  loss=4.4745
  [simclr] epoch 11/20  loss=4.4715
  [simclr] epoch 12/20  loss=4.4682
  [simclr] epoch 13/20  loss=4.4666
  [simclr] epoch 14/20  loss=4.4631
  [simclr] epoch 15/20  loss=4.4614
  [simclr] epoch 16/20  loss=4.4591
  [simclr] epoch 17/20  loss=4.4571
  [simclr] epoch 18/20  loss=4.4553
  [simclr] epoch 19/20  loss=4.4533
  [simclr] epoch 20/20  loss=4.4512
Using cache found in /home/pharris/.cache/torch/hub/chenyaofo_pytorch-cifar-models_master
Using cache found in /home/pharris/.cache/torch/hub/chenyaofo_pytorch-cifar-models_master
  [simclr                      ] agree@1=0.570 agree@5=0.366 (chance 0.040) purity=0.457 sil=0.118 w/b=0.544
  CIFAR two-view embedding-train images (no {4}): 49500
  [sigreg-ssl] epoch 1/20  inv=0.0961  sigreg=0.1422
  [sigreg-ssl] epoch 2/20  inv=0.0877  sigreg=0.0893
  [sigreg-ssl] epoch 3/20  inv=0.0840  sigreg=0.0812
  [sigreg-ssl] epoch 4/20  inv=0.0806  sigreg=0.0773
  [sigreg-ssl] epoch 5/20  inv=0.0783  sigreg=0.0752
  [sigreg-ssl] epoch 6/20  inv=0.0767  sigreg=0.0721
  [sigreg-ssl] epoch 7/20  inv=0.0756  sigreg=0.0696
  [sigreg-ssl] epoch 8/20  inv=0.0753  sigreg=0.0682
  [sigreg-ssl] epoch 9/20  inv=0.0732  sigreg=0.0659
  [sigreg-ssl] epoch 10/20  inv=0.0734  sigreg=0.0657
  [sigreg-ssl] epoch 11/20  inv=0.0723  sigreg=0.0652
  [sigreg-ssl] epoch 12/20  inv=0.0717  sigreg=0.0633
  [sigreg-ssl] epoch 13/20  inv=0.0706  sigreg=0.0627
  [sigreg-ssl] epoch 14/20  inv=0.0708  sigreg=0.0611
  [sigreg-ssl] epoch 15/20  inv=0.0691  sigreg=0.0607
  [sigreg-ssl] epoch 16/20  inv=0.0683  sigreg=0.0611
  [sigreg-ssl] epoch 17/20  inv=0.0681  sigreg=0.0606
  [sigreg-ssl] epoch 18/20  inv=0.0678  sigreg=0.0596
  [sigreg-ssl] epoch 19/20  inv=0.0672  sigreg=0.0590
  [sigreg-ssl] epoch 20/20  inv=0.0666  sigreg=0.0594
Using cache found in /home/pharris/.cache/torch/hub/chenyaofo_pytorch-cifar-models_master
Using cache found in /home/pharris/.cache/torch/hub/chenyaofo_pytorch-cifar-models_master
  [lejepa                      ] agree@1=0.450 agree@5=0.342 (chance 0.040) purity=0.427 sil=0.046 w/b=0.467
  CIFAR two-view embedding-train images (no {4}): 49500
  [softmax/cosine] epoch 1/20  interaction=4.2651  marginal=0.2567
  [softmax/cosine] epoch 2/20  interaction=4.0501  marginal=0.1415
  [softmax/cosine] epoch 3/20  interaction=3.9810  marginal=0.1226
  [softmax/cosine] epoch 4/20  interaction=3.9288  marginal=0.1135
  [softmax/cosine] epoch 5/20  interaction=3.8878  marginal=0.1075
  [softmax/cosine] epoch 6/20  interaction=3.8610  marginal=0.1036
  [softmax/cosine] epoch 7/20  interaction=3.8340  marginal=0.1005
  [softmax/cosine] epoch 8/20  interaction=3.8025  marginal=0.0955
  [softmax/cosine] epoch 9/20  interaction=3.7817  marginal=0.0939
  [softmax/cosine] epoch 10/20  interaction=3.7723  marginal=0.0932
  [softmax/cosine] epoch 11/20  interaction=3.7449  marginal=0.0893
  [softmax/cosine] epoch 12/20  interaction=3.7267  marginal=0.0884
  [softmax/cosine] epoch 13/20  interaction=3.7240  marginal=0.0880
  [softmax/cosine] epoch 14/20  interaction=3.7037  marginal=0.0864
  [softmax/cosine] epoch 15/20  interaction=3.6906  marginal=0.0851
  [softmax/cosine] epoch 16/20  interaction=3.6732  marginal=0.0827
  [softmax/cosine] epoch 17/20  interaction=3.6648  marginal=0.0835
  [softmax/cosine] epoch 18/20  interaction=3.6522  marginal=0.0836
  [softmax/cosine] epoch 19/20  interaction=3.6442  marginal=0.0809
  [softmax/cosine] epoch 20/20  interaction=3.6351  marginal=0.0832
Using cache found in /home/pharris/.cache/torch/hub/chenyaofo_pytorch-cifar-models_master
Using cache found in /home/pharris/.cache/torch/hub/chenyaofo_pytorch-cifar-models_master
  [supcon_sigreg               ] agree@1=0.690 agree@5=0.460 (chance 0.040) purity=0.603 sil=0.199 w/b=0.477
  CIFAR two-view embedding-train images (no {4}): 49500
  [nplm/bilinear] epoch 1/20  interaction=27175930.4568  marginal=0.6821
  [nplm/bilinear] epoch 2/20  interaction=3803.6943  marginal=0.6906
  [nplm/bilinear] epoch 3/20  interaction=7606.2066  marginal=0.6909
  [nplm/bilinear] epoch 4/20  interaction=130.2470  marginal=0.6905
  [nplm/bilinear] epoch 5/20  interaction=193.4494  marginal=0.6909
  [nplm/bilinear] epoch 6/20  interaction=272.8751  marginal=0.6884
  [nplm/bilinear] epoch 7/20  interaction=83.5926  marginal=0.6873
  [nplm/bilinear] epoch 8/20  interaction=195.9659  marginal=0.6870
  [nplm/bilinear] epoch 9/20  interaction=58.1455  marginal=0.6876
  [nplm/bilinear] epoch 10/20  interaction=94.5069  marginal=0.6871
  [nplm/bilinear] epoch 11/20  interaction=45.2402  marginal=0.6869
  [nplm/bilinear] epoch 12/20  interaction=46.1597  marginal=0.6856
  [nplm/bilinear] epoch 13/20  interaction=33.4978  marginal=0.6850
  [nplm/bilinear] epoch 14/20  interaction=29.8823  marginal=0.6841
  [nplm/bilinear] epoch 15/20  interaction=33.4298  marginal=0.6838
  [nplm/bilinear] epoch 16/20  interaction=26.2487  marginal=0.6839
  [nplm/bilinear] epoch 17/20  interaction=30.2392  marginal=0.6832
  [nplm/bilinear] epoch 18/20  interaction=81.6678  marginal=0.6854
  [nplm/bilinear] epoch 19/20  interaction=19.4163  marginal=0.6828
  [nplm/bilinear] epoch 20/20  interaction=13.4246  marginal=0.6820
  [nplm_bilinear               ] agree@1=0.530 agree@5=0.334 (chance 0.040) purity=0.417 sil=0.059 w/b=0.543
wrote logs/exp76/interp_cifar100_100d.md

===== EXP76 SUMMARY [cifar100_100d] =====
  space                           agree@1  agree@5  chance  purity     sil     w/b
  supcon (parent)                   0.700    0.468   0.040   0.591   0.197   0.515
  supcon-res (residual)             0.490    0.288   0.040   0.365   0.029   0.607
  supcon-res (concat)               0.640    0.406   0.040   0.514   0.162   0.553
  supcon-res-nplm (residual)        0.630    0.438   0.040   0.493   0.154   0.396
  supcon-res-nplm (concat)          0.670    0.452   0.040   0.564   0.188   0.477
  simclr                            0.570    0.366   0.040   0.457   0.118   0.544
  lejepa                            0.450    0.342   0.040   0.427   0.046   0.467
  supcon_sigreg                     0.690    0.460   0.040   0.603   0.199   0.477
  nplm_bilinear                     0.530    0.334   0.040   0.417   0.059   0.543
Done.
