/home/pharris/venv/lib64/python3.9/site-packages/networkx/utils/backends.py:135: RuntimeWarning: networkx backend defined more than once: nx-loopback
  backends.update(_get_backends("networkx.backends"))
Using cache found in /home/pharris/.cache/torch/hub/facebookresearch_dino_main
exp70 [cars_dino_ft70] end-to-end ft suite, arms=['simclr-ft', 'sigreg-ssl-ft', 'nplm-bil-ft', 'supcon-ft', 'ss-ft', 'nplm-sup-ft'], ft_epochs=20, emb=100, holdouts 186-195 EXCLUDED from ft
  ft corpus: 7712/8144 train images (holdout classes removed)

===== [simclr-ft] (unsupervised) =====
  [simclr-ft] epoch 1/20  main=2.5791  aux=0.0000
  [simclr-ft] epoch 5/20  main=2.4375  aux=0.0000
  [simclr-ft] epoch 10/20  main=2.4009  aux=0.0000
  [simclr-ft] epoch 15/20  main=2.3826  aux=0.0000
  [simclr-ft] epoch 20/20  main=2.3756  aux=0.0000
  extracted ft70_simclr-ft train: (8144, 768)
Using cache found in /home/pharris/.cache/torch/hub/facebookresearch_dino_main
  extracted ft70_simclr-ft test: (8041, 768)
  [simclr-ft     ] probe=0.6238+-0.0113 acc=0.1077 supAUC=0.7763 eucl=0.4694 mahaT=0.4756 mahaPC=0.5347

===== [sigreg-ssl-ft] (unsupervised) =====
  [sigreg-ssl-ft] epoch 1/20  main=0.0624  aux=0.1877
  [sigreg-ssl-ft] epoch 5/20  main=0.0463  aux=0.1354
  [sigreg-ssl-ft] epoch 10/20  main=0.0423  aux=0.1220
  [sigreg-ssl-ft] epoch 15/20  main=0.0407  aux=0.1158
  [sigreg-ssl-ft] epoch 20/20  main=0.0404  aux=0.1127
  extracted ft70_sigreg-ssl-ft train: (8144, 768)
Using cache found in /home/pharris/.cache/torch/hub/facebookresearch_dino_main
  extracted ft70_sigreg-ssl-ft test: (8041, 768)
  [sigreg-ssl-ft ] probe=0.5843+-0.0069 acc=0.0825 supAUC=0.8027 eucl=0.4832 mahaT=0.4963 mahaPC=0.5256

===== [nplm-bil-ft] (unsupervised) =====
  [nplm-bil-ft] epoch 1/20  main=283022928262.6497  aux=0.7873
  [nplm-bil-ft] epoch 5/20  main=685.8560  aux=0.7622
  [nplm-bil-ft] epoch 10/20  main=412.6071  aux=0.7595
  [nplm-bil-ft] epoch 15/20  main=300.7607  aux=0.7574
  [nplm-bil-ft] epoch 20/20  main=267.6175  aux=0.7572
  extracted ft70_nplm-bil-ft train: (8144, 768)
Using cache found in /home/pharris/.cache/torch/hub/facebookresearch_dino_main
  extracted ft70_nplm-bil-ft test: (8041, 768)
  [nplm-bil-ft   ] probe=0.5912+-0.0047 acc=0.0629 supAUC=0.7599 eucl=0.5060 mahaT=0.4961 mahaPC=0.5110

===== [supcon-ft] (supervised) =====
  [supcon-ft] epoch 1/20  main=0.8964  aux=0.0000
  [supcon-ft] epoch 5/20  main=0.7760  aux=0.0000
  [supcon-ft] epoch 10/20  main=0.6671  aux=0.0000
  [supcon-ft] epoch 15/20  main=0.6507  aux=0.0000
  [supcon-ft] epoch 20/20  main=0.6209  aux=0.0000
  extracted ft70_supcon-ft train: (8144, 768)
Using cache found in /home/pharris/.cache/torch/hub/facebookresearch_dino_main
  extracted ft70_supcon-ft test: (8041, 768)
  [supcon-ft     ] probe=0.7332+-0.0091 acc=0.4621 supAUC=0.9742 eucl=0.6031 mahaT=0.5644 mahaPC=0.6676

===== [ss-ft] (supervised) =====
  [ss-ft] epoch 1/20  main=1.0369  aux=0.8475
  [ss-ft] epoch 5/20  main=0.7959  aux=0.5531
  [ss-ft] epoch 10/20  main=0.7619  aux=0.4811
  [ss-ft] epoch 15/20  main=0.6983  aux=0.4185
  [ss-ft] epoch 20/20  main=0.7098  aux=0.3892
  extracted ft70_ss-ft train: (8144, 768)
Using cache found in /home/pharris/.cache/torch/hub/facebookresearch_dino_main
  extracted ft70_ss-ft test: (8041, 768)
  [ss-ft         ] probe=0.7191+-0.0060 acc=0.3304 supAUC=0.9664 eucl=0.5509 mahaT=0.5468 mahaPC=0.5989

===== [nplm-sup-ft] (supervised) =====
  [nplm-sup-ft] epoch 1/20  main=-0.3424  aux=0.7237
  [nplm-sup-ft] epoch 5/20  main=-0.4756  aux=0.6755
  [nplm-sup-ft] epoch 10/20  main=-0.4893  aux=0.6772
  [nplm-sup-ft] epoch 15/20  main=-0.5108  aux=0.6627
  [nplm-sup-ft] epoch 20/20  main=-0.5167  aux=0.6608
  extracted ft70_nplm-sup-ft train: (8144, 768)
  extracted ft70_nplm-sup-ft test: (8041, 768)
  [nplm-sup-ft   ] probe=0.5490+-0.0047 acc=0.1052 supAUC=0.9159 eucl=0.5546 mahaT=0.5470 mahaPC=0.5495

===== PRE table =====
  arm                        probe     acc  supAUC    eucl   mahaT  mahaPC
  simclr-ft          0.6238+-0.0113  0.1077  0.7763  0.4694  0.4756  0.5347
  sigreg-ssl-ft      0.5843+-0.0069  0.0825  0.8027  0.4832  0.4963  0.5256
  nplm-bil-ft        0.5912+-0.0047  0.0629  0.7599  0.5060  0.4961  0.5110
  supcon-ft          0.7332+-0.0091  0.4621  0.9742  0.6031  0.5644  0.6676
  ss-ft              0.7191+-0.0060  0.3304  0.9664  0.5509  0.5468  0.5989
  nplm-sup-ft        0.5490+-0.0047  0.1052  0.9159  0.5546  0.5470  0.5495

===== gaussianity (seen classes, test set) =====
  metric                         simclr-ft sigreg-ssl-ft   nplm-bil-ft     supcon-ft         ss-ft   nplm-sup-ft
  eig min (class cov)               -0.000        -0.000        -0.000        -0.000        -0.000        -0.000
  eig max (class cov)              297.823        26.834         2.250       202.214        16.597         0.816
  eig cond worst            297823266406400.026833716248576.02249532899328.0202214475825152.016597108391936.0815581560832.0
  class RMS min                      1.147         0.524         0.112         1.476         0.554         0.054
  class RMS mean                     1.573         0.775         0.141         1.725         0.752         0.079
  class RMS max                      2.742         0.897         0.200         2.484         0.859         0.111
  max |corr| (worst class)           0.955         0.977         0.975         0.884         0.867         1.000
  SW ratio mean                       2.17          1.56          1.46          1.09          1.11          1.65
  SW ratio worst                      4.06          2.30          2.54          1.56          1.42          5.22
  |skew| mean                        0.562         0.396         0.415         0.302         0.308         0.437
  |ex-kurt| mean                     1.061         0.699         0.687         0.578         0.583         0.849
  centroid dist min                   2.36          1.14          0.18          5.03          1.83          0.03
  centroid dist mean                 10.73          5.48          0.82         23.34          7.70          2.57
  separation (min d/RMS)              1.50          1.47          1.29          2.92          2.43          0.37

===== PRE power batteries =====
  [simclr-ft] per-event pre power=0.023
  [simclr-ft] sparker (annealed)
    pre-spk f=0.003: power=0.020 [0.003,0.064] (1/50)
    pre-spk f=0.01: power=0.040 [0.014,0.090] (2/50)
    pre-spk f=0.02: power=0.020 [0.003,0.064] (1/50)
    pre-spk f=0.05: power=0.060 [0.028,0.115] (3/50)
    pre-spk f=0.1: power=0.300 [0.231,0.378] (15/50)
  [simclr-ft] maha
    pre-maha f=0.003: power=0.040 [0.014,0.090] (2/50)
    pre-maha f=0.01: power=0.020 [0.003,0.064] (1/50)
    pre-maha f=0.02: power=0.060 [0.028,0.115] (3/50)
    pre-maha f=0.05: power=0.140 [0.090,0.207] (7/50)
    pre-maha f=0.1: power=0.180 [0.124,0.251] (9/50)
  [simclr-ft] mmd
    pre-mmd f=0.003: power=0.000 [0.000,0.036] (0/50)
    pre-mmd f=0.01: power=0.140 [0.090,0.207] (7/50)
    pre-mmd f=0.02: power=0.060 [0.028,0.115] (3/50)
    pre-mmd f=0.05: power=0.060 [0.028,0.115] (3/50)
    pre-mmd f=0.1: power=0.200 [0.141,0.273] (10/50)
  [sigreg-ssl-ft] per-event pre power=0.033
  [sigreg-ssl-ft] sparker (annealed)
    pre-spk f=0.003: power=0.020 [0.003,0.064] (1/50)
    pre-spk f=0.01: power=0.020 [0.003,0.064] (1/50)
    pre-spk f=0.02: power=0.020 [0.003,0.064] (1/50)
    pre-spk f=0.05: power=0.060 [0.028,0.115] (3/50)
    pre-spk f=0.1: power=0.120 [0.074,0.184] (6/50)
  [sigreg-ssl-ft] maha
    pre-maha f=0.003: power=0.060 [0.028,0.115] (3/50)
    pre-maha f=0.01: power=0.060 [0.028,0.115] (3/50)
    pre-maha f=0.02: power=0.020 [0.003,0.064] (1/50)
    pre-maha f=0.05: power=0.060 [0.028,0.115] (3/50)
    pre-maha f=0.1: power=0.160 [0.107,0.229] (8/50)
  [sigreg-ssl-ft] mmd
    pre-mmd f=0.003: power=0.000 [0.000,0.036] (0/50)
    pre-mmd f=0.01: power=0.080 [0.042,0.138] (4/50)
    pre-mmd f=0.02: power=0.040 [0.014,0.090] (2/50)
    pre-mmd f=0.05: power=0.020 [0.003,0.064] (1/50)
    pre-mmd f=0.1: power=0.080 [0.042,0.138] (4/50)
  [nplm-bil-ft] per-event pre power=0.026
  [nplm-bil-ft] sparker (annealed)
    pre-spk f=0.003: power=0.000 [0.000,0.036] (0/50)
    pre-spk f=0.01: power=0.020 [0.003,0.064] (1/50)
    pre-spk f=0.02: power=0.020 [0.003,0.064] (1/50)
    pre-spk f=0.05: power=0.080 [0.042,0.138] (4/50)
    pre-spk f=0.1: power=0.120 [0.074,0.184] (6/50)
  [nplm-bil-ft] maha
    pre-maha f=0.003: power=0.000 [0.000,0.036] (0/50)
    pre-maha f=0.01: power=0.020 [0.003,0.064] (1/50)
    pre-maha f=0.02: power=0.060 [0.028,0.115] (3/50)
    pre-maha f=0.05: power=0.040 [0.014,0.090] (2/50)
    pre-maha f=0.1: power=0.040 [0.014,0.090] (2/50)
  [nplm-bil-ft] mmd
    pre-mmd f=0.003: power=0.040 [0.014,0.090] (2/50)
    pre-mmd f=0.01: power=0.120 [0.074,0.184] (6/50)
    pre-mmd f=0.02: power=0.020 [0.003,0.064] (1/50)
    pre-mmd f=0.05: power=0.060 [0.028,0.115] (3/50)
    pre-mmd f=0.1: power=0.020 [0.003,0.064] (1/50)
  [supcon-ft] per-event pre power=0.136
  [supcon-ft] sparker (annealed)
    pre-spk f=0.003: power=0.160 [0.107,0.229] (8/50)
    pre-spk f=0.01: power=0.100 [0.058,0.162] (5/50)
    pre-spk f=0.02: power=0.020 [0.003,0.064] (1/50)
    pre-spk f=0.05: power=0.180 [0.124,0.251] (9/50)
    pre-spk f=0.1: power=0.980 [0.936,0.997] (49/50)
  [supcon-ft] maha
    pre-maha f=0.003: power=0.040 [0.014,0.090] (2/50)
    pre-maha f=0.01: power=0.000 [0.000,0.036] (0/50)
    pre-maha f=0.02: power=0.200 [0.141,0.273] (10/50)
    pre-maha f=0.05: power=0.440 [0.362,0.520] (22/50)
    pre-maha f=0.1: power=0.940 [0.885,0.972] (47/50)
  [supcon-ft] mmd
    pre-mmd f=0.003: power=0.020 [0.003,0.064] (1/50)
    pre-mmd f=0.01: power=0.140 [0.090,0.207] (7/50)
    pre-mmd f=0.02: power=0.000 [0.000,0.036] (0/50)
    pre-mmd f=0.05: power=0.140 [0.090,0.207] (7/50)
    pre-mmd f=0.1: power=0.840 [0.771,0.893] (42/50)
  [ss-ft] per-event pre power=0.103
  [ss-ft] sparker (annealed)
    pre-spk f=0.003: power=0.060 [0.028,0.115] (3/50)
    pre-spk f=0.01: power=0.060 [0.028,0.115] (3/50)
    pre-spk f=0.02: power=0.080 [0.042,0.138] (4/50)
    pre-spk f=0.05: power=0.480 [0.401,0.560] (24/50)
    pre-spk f=0.1: power=1.000 [0.964,1.000] (50/50)
  [ss-ft] maha
    pre-maha f=0.003: power=0.060 [0.028,0.115] (3/50)
    pre-maha f=0.01: power=0.040 [0.014,0.090] (2/50)
    pre-maha f=0.02: power=0.200 [0.141,0.273] (10/50)
    pre-maha f=0.05: power=0.420 [0.343,0.500] (21/50)
    pre-maha f=0.1: power=0.680 [0.601,0.751] (34/50)
  [ss-ft] mmd
    pre-mmd f=0.003: power=0.060 [0.028,0.115] (3/50)
    pre-mmd f=0.01: power=0.120 [0.074,0.184] (6/50)
    pre-mmd f=0.02: power=0.040 [0.014,0.090] (2/50)
    pre-mmd f=0.05: power=0.120 [0.074,0.184] (6/50)
    pre-mmd f=0.1: power=0.820 [0.749,0.876] (41/50)
  [nplm-sup-ft] per-event pre power=0.061
  [nplm-sup-ft] sparker (annealed)
    pre-spk f=0.003: power=0.060 [0.028,0.115] (3/50)
    pre-spk f=0.01: power=0.160 [0.107,0.229] (8/50)
    pre-spk f=0.02: power=0.080 [0.042,0.138] (4/50)
    pre-spk f=0.05: power=0.300 [0.231,0.378] (15/50)
    pre-spk f=0.1: power=0.940 [0.885,0.972] (47/50)
  [nplm-sup-ft] maha
    pre-maha f=0.003: power=0.000 [0.000,0.036] (0/50)
    pre-maha f=0.01: power=0.040 [0.014,0.090] (2/50)
    pre-maha f=0.02: power=0.140 [0.090,0.207] (7/50)
    pre-maha f=0.05: power=0.080 [0.042,0.138] (4/50)
    pre-maha f=0.1: power=0.180 [0.124,0.251] (9/50)
  [nplm-sup-ft] mmd
    pre-mmd f=0.003: power=0.040 [0.014,0.090] (2/50)
    pre-mmd f=0.01: power=0.160 [0.107,0.229] (8/50)
    pre-mmd f=0.02: power=0.000 [0.000,0.036] (0/50)
    pre-mmd f=0.05: power=0.120 [0.074,0.184] (6/50)
    pre-mmd f=0.1: power=0.280 [0.213,0.357] (14/50)

===== EXP70 PEREVENT PRE POWER =====
  arm                 0.003     0.01     0.02     0.05      0.1
  simclr-ft           0.023    0.023    0.023    0.023    0.023
  sigreg-ssl-ft       0.033    0.033    0.033    0.033    0.033
  nplm-bil-ft         0.026    0.026    0.026    0.026    0.026
  supcon-ft           0.136    0.136    0.136    0.136    0.136
  ss-ft               0.103    0.103    0.103    0.103    0.103
  nplm-sup-ft         0.061    0.061    0.061    0.061    0.061
  saved /home/pharris/sigreg/SuperSig/plots/exp70_perevent_power_pre_cars_dino_ft70.png

===== EXP70 SPARKER PRE POWER =====
  arm                 0.003     0.01     0.02     0.05      0.1
  simclr-ft           0.020    0.040    0.020    0.060    0.300
  sigreg-ssl-ft       0.020    0.020    0.020    0.060    0.120
  nplm-bil-ft         0.000    0.020    0.020    0.080    0.120
  supcon-ft           0.160    0.100    0.020    0.180    0.980
  ss-ft               0.060    0.060    0.080    0.480    1.000
  nplm-sup-ft         0.060    0.160    0.080    0.300    0.940
  saved /home/pharris/sigreg/SuperSig/plots/exp70_sparker_power_pre_cars_dino_ft70.png

===== EXP70 MAHA PRE POWER =====
  arm                 0.003     0.01     0.02     0.05      0.1
  simclr-ft           0.040    0.020    0.060    0.140    0.180
  sigreg-ssl-ft       0.060    0.060    0.020    0.060    0.160
  nplm-bil-ft         0.000    0.020    0.060    0.040    0.040
  supcon-ft           0.040    0.000    0.200    0.440    0.940
  ss-ft               0.060    0.040    0.200    0.420    0.680
  nplm-sup-ft         0.000    0.040    0.140    0.080    0.180
  saved /home/pharris/sigreg/SuperSig/plots/exp70_maha_power_pre_cars_dino_ft70.png

===== EXP70 MMD PRE POWER =====
  arm                 0.003     0.01     0.02     0.05      0.1
  simclr-ft           0.000    0.140    0.060    0.060    0.200
  sigreg-ssl-ft       0.000    0.080    0.040    0.020    0.080
  nplm-bil-ft         0.040    0.120    0.020    0.060    0.020
  supcon-ft           0.020    0.140    0.000    0.140    0.840
  ss-ft               0.060    0.120    0.040    0.120    0.820
  nplm-sup-ft         0.040    0.160    0.000    0.120    0.280
  saved /home/pharris/sigreg/SuperSig/plots/exp70_mmd_power_pre_cars_dino_ft70.png

----- natural discovery: simclr-ft -----
  [sigreg+proto] epoch 1/5  sigreg=0.6067  proto=20.4336  min_dist=2.68  mean_dist=13.96
  [sigreg+proto] epoch 2/5  sigreg=0.8752  proto=20.9985  min_dist=2.76  mean_dist=14.00
  [sigreg+proto] epoch 3/5  sigreg=0.7532  proto=14.7646  min_dist=2.84  mean_dist=14.03
  [sigreg+proto] epoch 4/5  sigreg=0.7258  proto=14.4676  min_dist=2.92  mean_dist=14.07
  [sigreg+proto] epoch 5/5  sigreg=0.7093  proto=11.7505  min_dist=2.98  mean_dist=14.11
  round 1: pool=400 purity=0.035 k-hat=12 anchors=12  margin=0.5134  mean-anchor=0.4969  
  [sigreg+proto] epoch 1/5  sigreg=0.6666  proto=9.4834  min_dist=3.06  mean_dist=16.38
  [sigreg+proto] epoch 2/5  sigreg=0.6344  proto=9.1600  min_dist=3.12  mean_dist=16.41
  [sigreg+proto] epoch 3/5  sigreg=0.6938  proto=7.9989  min_dist=3.18  mean_dist=16.45
  [sigreg+proto] epoch 4/5  sigreg=0.6830  proto=7.5406  min_dist=3.24  mean_dist=16.48
  [sigreg+proto] epoch 5/5  sigreg=0.7113  proto=6.7251  min_dist=3.30  mean_dist=16.51
  round 2: pool=404 purity=0.045 k-hat=12 anchors=24  margin=0.5243  mean-anchor=0.5552  
  [simclr-ft] probe 0.6238 -> 0.6839  eucl 0.4694 -> 0.4956  mahaT 0.4756 -> 0.4820

----- natural discovery: sigreg-ssl-ft -----
  [sigreg+proto] epoch 1/5  sigreg=0.5061  proto=7.2448  min_dist=1.58  mean_dist=6.17
  [sigreg+proto] epoch 2/5  sigreg=0.6513  proto=5.7712  min_dist=1.68  mean_dist=6.28
  [sigreg+proto] epoch 3/5  sigreg=0.5470  proto=5.3154  min_dist=1.77  mean_dist=6.40
  [sigreg+proto] epoch 4/5  sigreg=0.5741  proto=5.1198  min_dist=1.85  mean_dist=6.51
  [sigreg+proto] epoch 5/5  sigreg=0.5270  proto=4.9567  min_dist=1.93  mean_dist=6.61
  round 1: pool=404 purity=0.045 k-hat=10 anchors=10  margin=0.5085  mean-anchor=0.5567  
  [sigreg+proto] epoch 1/5  sigreg=0.6191  proto=4.7203  min_dist=2.03  mean_dist=6.81
  [sigreg+proto] epoch 2/5  sigreg=0.5647  proto=4.8643  min_dist=2.13  mean_dist=6.93
  [sigreg+proto] epoch 3/5  sigreg=0.5986  proto=4.4261  min_dist=2.19  mean_dist=7.05
  [sigreg+proto] epoch 4/5  sigreg=0.5956  proto=4.4033  min_dist=2.24  mean_dist=7.16
  [sigreg+proto] epoch 5/5  sigreg=0.6152  proto=4.2195  min_dist=2.29  mean_dist=7.27
  round 2: pool=402 purity=0.040 k-hat=6 anchors=16  margin=0.4670  mean-anchor=0.7110  
  [sigreg-ssl-ft] probe 0.5843 -> 0.6903  eucl 0.4832 -> 0.5216  mahaT 0.4963 -> 0.5173

----- natural discovery: nplm-bil-ft -----
  [sigreg+proto] epoch 1/5  sigreg=0.5822  proto=4.6403  min_dist=0.30  mean_dist=1.32
  [sigreg+proto] epoch 2/5  sigreg=0.4677  proto=4.1736  min_dist=0.41  mean_dist=1.45
  [sigreg+proto] epoch 3/5  sigreg=0.4317  proto=3.9483  min_dist=0.49  mean_dist=1.57
  [sigreg+proto] epoch 4/5  sigreg=0.4220  proto=3.7719  min_dist=0.56  mean_dist=1.67
  [sigreg+proto] epoch 5/5  sigreg=0.4079  proto=3.6974  min_dist=0.63  mean_dist=1.76
  round 1: pool=408 purity=0.054 k-hat=1 anchors=1  margin=0.4973  mean-anchor=0.5078  
  [sigreg+proto] epoch 1/5  sigreg=0.6361  proto=5.4166  min_dist=0.75  mean_dist=2.84
  [sigreg+proto] epoch 2/5  sigreg=0.5381  proto=4.5350  min_dist=0.87  mean_dist=2.99
  [sigreg+proto] epoch 3/5  sigreg=0.5000  proto=4.0740  min_dist=0.95  mean_dist=3.12
  [sigreg+proto] epoch 4/5  sigreg=0.4488  proto=3.9697  min_dist=1.02  mean_dist=3.24
  [sigreg+proto] epoch 5/5  sigreg=0.4405  proto=3.6725  min_dist=1.08  mean_dist=3.34
  round 2: pool=413 purity=0.065 k-hat=12 anchors=13  margin=0.5193  mean-anchor=0.5889  
  [nplm-bil-ft] probe 0.5912 -> 0.7044  eucl 0.5060 -> 0.5457  mahaT 0.4961 -> 0.5068

----- natural discovery: supcon-ft -----
  [sigreg+proto] epoch 1/5  sigreg=0.9706  proto=13.7176  min_dist=4.61  mean_dist=24.45
  [sigreg+proto] epoch 2/5  sigreg=0.7940  proto=11.3961  min_dist=4.65  mean_dist=24.44
  [sigreg+proto] epoch 3/5  sigreg=0.7430  proto=9.8509  min_dist=4.68  mean_dist=24.43
  [sigreg+proto] epoch 4/5  sigreg=0.6887  proto=8.5608  min_dist=4.72  mean_dist=24.41
  [sigreg+proto] epoch 5/5  sigreg=0.6946  proto=8.3207  min_dist=4.76  mean_dist=24.40
  round 1: pool=449 purity=0.140 k-hat=12 anchors=12  margin=0.6457  mean-anchor=0.8250  
  [sigreg+proto] epoch 1/5  sigreg=0.7408  proto=9.1865  min_dist=4.84  mean_dist=25.31
  [sigreg+proto] epoch 2/5  sigreg=0.7341  proto=7.9744  min_dist=4.90  mean_dist=25.30
  [sigreg+proto] epoch 3/5  sigreg=0.6919  proto=8.0964  min_dist=4.95  mean_dist=25.29
  [sigreg+proto] epoch 4/5  sigreg=0.6989  proto=7.4951  min_dist=4.99  mean_dist=25.27
  [sigreg+proto] epoch 5/5  sigreg=0.6667  proto=6.5471  min_dist=5.03  mean_dist=25.26
  round 2: pool=417 purity=0.074 k-hat=12 anchors=24  margin=0.6622  mean-anchor=0.8462  
  [supcon-ft] probe 0.7332 -> 0.7666  eucl 0.6031 -> 0.5902  mahaT 0.5644 -> 0.5461

----- natural discovery: ss-ft -----
  [sigreg+proto] epoch 1/5  sigreg=0.2706  proto=3.1912  min_dist=1.96  mean_dist=8.02
  [sigreg+proto] epoch 2/5  sigreg=0.3184  proto=2.6269  min_dist=2.04  mean_dist=8.12
  [sigreg+proto] epoch 3/5  sigreg=0.2831  proto=2.3865  min_dist=2.12  mean_dist=8.22
  [sigreg+proto] epoch 4/5  sigreg=0.2926  proto=2.1835  min_dist=2.21  mean_dist=8.31
  [sigreg+proto] epoch 5/5  sigreg=0.2963  proto=2.0187  min_dist=2.28  mean_dist=8.41
  round 1: pool=414 purity=0.068 k-hat=10 anchors=10  margin=0.7276  mean-anchor=0.8520  
  [sigreg+proto] epoch 1/5  sigreg=0.3100  proto=2.4651  min_dist=2.35  mean_dist=8.56
  [sigreg+proto] epoch 2/5  sigreg=0.3231  proto=2.2155  min_dist=2.43  mean_dist=8.65
  [sigreg+proto] epoch 3/5  sigreg=0.3116  proto=1.9685  min_dist=2.51  mean_dist=8.75
  [sigreg+proto] epoch 4/5  sigreg=0.2949  proto=1.8415  min_dist=2.58  mean_dist=8.84
  [sigreg+proto] epoch 5/5  sigreg=0.2987  proto=1.6505  min_dist=2.65  mean_dist=8.93
  round 2: pool=412 purity=0.063 k-hat=10 anchors=20  margin=0.7208  mean-anchor=0.8857  
  [ss-ft] probe 0.7191 -> 0.7474  eucl 0.5509 -> 0.5504  mahaT 0.5468 -> 0.5408

----- natural discovery: nplm-sup-ft -----
  [sigreg+proto] epoch 1/5  sigreg=0.7923  proto=3.8576  min_dist=0.19  mean_dist=2.82
  [sigreg+proto] epoch 2/5  sigreg=0.7465  proto=3.7378  min_dist=0.27  mean_dist=2.88
  [sigreg+proto] epoch 3/5  sigreg=0.7085  proto=3.6862  min_dist=0.32  mean_dist=2.95
  [sigreg+proto] epoch 4/5  sigreg=0.6702  proto=3.6244  min_dist=0.36  mean_dist=3.01
  [sigreg+proto] epoch 5/5  sigreg=0.6190  proto=3.5640  min_dist=0.39  mean_dist=3.07
  round 1: pool=414 purity=0.068 k-hat=2 anchors=2  margin=0.6226  mean-anchor=0.7057  
  [sigreg+proto] epoch 1/5  sigreg=0.6409  proto=3.7475  min_dist=0.50  mean_dist=3.33
  [sigreg+proto] epoch 2/5  sigreg=0.6330  proto=3.6000  min_dist=0.59  mean_dist=3.45
  [sigreg+proto] epoch 3/5  sigreg=0.6432  proto=3.6053  min_dist=0.64  mean_dist=3.57
  [sigreg+proto] epoch 4/5  sigreg=0.6355  proto=3.5504  min_dist=0.69  mean_dist=3.67
  [sigreg+proto] epoch 5/5  sigreg=0.6124  proto=3.5948  min_dist=0.74  mean_dist=3.77
  round 2: pool=411 purity=0.061 k-hat=5 anchors=7  margin=0.6319  mean-anchor=0.7724  
  [nplm-sup-ft] probe 0.5490 -> 0.6001  eucl 0.5546 -> 0.5125  mahaT 0.5470 -> 0.5003

===== POST grid, f=0.003 (23 injected) =====
  [sigreg+proto] epoch 1/5  sigreg=0.6456  proto=21.2139  min_dist=2.69  mean_dist=13.58
  [sigreg+proto] epoch 2/5  sigreg=0.7347  proto=17.4382  min_dist=2.77  mean_dist=13.62
  [sigreg+proto] epoch 3/5  sigreg=0.6743  proto=16.0199  min_dist=2.85  mean_dist=13.66
  [sigreg+proto] epoch 4/5  sigreg=0.6378  proto=12.2409  min_dist=2.92  mean_dist=13.69
  [sigreg+proto] epoch 5/5  sigreg=0.6872  proto=12.3472  min_dist=2.98  mean_dist=13.73
  round 1: pool=386 purity=0.000 k-hat=12 anchors=12  margin=0.5276  mean-anchor=0.5323  
  [sigreg+proto] epoch 1/5  sigreg=0.6726  proto=11.8707  min_dist=3.07  mean_dist=16.20
  [sigreg+proto] epoch 2/5  sigreg=0.6626  proto=8.4521  min_dist=3.15  mean_dist=16.23
  [sigreg+proto] epoch 3/5  sigreg=0.6926  proto=10.2347  min_dist=3.22  mean_dist=16.27
  [sigreg+proto] epoch 4/5  sigreg=0.6654  proto=9.4605  min_dist=3.29  mean_dist=16.30
  [sigreg+proto] epoch 5/5  sigreg=0.6870  proto=7.5098  min_dist=3.36  mean_dist=16.33
  round 2: pool=386 purity=0.000 k-hat=12 anchors=24  margin=0.5138  mean-anchor=0.5122  
  [simclr-ft] per-event post f=0.003: power=0.031
  [simclr-ft] sparker (post, annealed)
    post-spk f=0.003: power=0.140 [0.090,0.207] (7/50)
  [simclr-ft] maha (post)
    post-maha f=0.003: power=0.020 [0.003,0.064] (1/50)
  [simclr-ft] mmd (post)
    post-mmd f=0.003: power=0.020 [0.003,0.064] (1/50)
  [sigreg+proto] epoch 1/5  sigreg=0.5134  proto=7.3505  min_dist=1.58  mean_dist=6.17
  [sigreg+proto] epoch 2/5  sigreg=0.6019  proto=5.6994  min_dist=1.68  mean_dist=6.28
  [sigreg+proto] epoch 3/5  sigreg=0.5213  proto=5.1127  min_dist=1.76  mean_dist=6.40
  [sigreg+proto] epoch 4/5  sigreg=0.5332  proto=4.9106  min_dist=1.85  mean_dist=6.51
  [sigreg+proto] epoch 5/5  sigreg=0.5288  proto=4.8954  min_dist=1.94  mean_dist=6.62
  round 1: pool=386 purity=0.000 k-hat=10 anchors=10  margin=0.4970  mean-anchor=0.6490  
  [sigreg+proto] epoch 1/5  sigreg=0.5938  proto=4.9131  min_dist=2.04  mean_dist=6.86
  [sigreg+proto] epoch 2/5  sigreg=0.5778  proto=4.6268  min_dist=2.13  mean_dist=6.98
  [sigreg+proto] epoch 3/5  sigreg=0.5611  proto=4.2736  min_dist=2.20  mean_dist=7.10
  [sigreg+proto] epoch 4/5  sigreg=0.5759  proto=4.1707  min_dist=2.26  mean_dist=7.21
  [sigreg+proto] epoch 5/5  sigreg=0.5833  proto=4.2276  min_dist=2.32  mean_dist=7.32
  round 2: pool=387 purity=0.003 k-hat=8 anchors=18  margin=0.4469  mean-anchor=0.6463  
  [sigreg-ssl-ft] per-event post f=0.003: power=0.035
  [sigreg-ssl-ft] sparker (post, annealed)
    post-spk f=0.003: power=0.020 [0.003,0.064] (1/50)
  [sigreg-ssl-ft] maha (post)
    post-maha f=0.003: power=0.040 [0.014,0.090] (2/50)
  [sigreg-ssl-ft] mmd (post)
    post-mmd f=0.003: power=0.020 [0.003,0.064] (1/50)
  [sigreg+proto] epoch 1/5  sigreg=0.5881  proto=4.5171  min_dist=0.30  mean_dist=1.32
  [sigreg+proto] epoch 2/5  sigreg=0.4709  proto=4.2066  min_dist=0.41  mean_dist=1.45
  [sigreg+proto] epoch 3/5  sigreg=0.4418  proto=3.9460  min_dist=0.49  mean_dist=1.57
  [sigreg+proto] epoch 4/5  sigreg=0.4182  proto=3.7887  min_dist=0.56  mean_dist=1.67
  [sigreg+proto] epoch 5/5  sigreg=0.4165  proto=3.5775  min_dist=0.63  mean_dist=1.76
  round 1: pool=387 purity=0.003 k-hat=1 anchors=1  margin=0.4778  mean-anchor=0.5031  
  [sigreg+proto] epoch 1/5  sigreg=0.6673  proto=5.6185  min_dist=0.75  mean_dist=2.70
  [sigreg+proto] epoch 2/5  sigreg=0.4974  proto=4.2668  min_dist=0.85  mean_dist=2.84
  [sigreg+proto] epoch 3/5  sigreg=0.4749  proto=4.1765  min_dist=0.93  mean_dist=2.97
  [sigreg+proto] epoch 4/5  sigreg=0.4342  proto=3.6967  min_dist=1.00  mean_dist=3.08
  [sigreg+proto] epoch 5/5  sigreg=0.4268  proto=3.5695  min_dist=1.06  mean_dist=3.18
  round 2: pool=387 purity=0.003 k-hat=10 anchors=11  margin=0.4720  mean-anchor=0.5258  
  [nplm-bil-ft] per-event post f=0.003: power=0.042
  [nplm-bil-ft] sparker (post, annealed)
    post-spk f=0.003: power=0.080 [0.042,0.138] (4/50)
  [nplm-bil-ft] maha (post)
    post-maha f=0.003: power=0.080 [0.042,0.138] (4/50)
  [nplm-bil-ft] mmd (post)
    post-mmd f=0.003: power=0.060 [0.028,0.115] (3/50)
  [sigreg+proto] epoch 1/5  sigreg=0.9894  proto=14.9697  min_dist=4.60  mean_dist=24.29
  [sigreg+proto] epoch 2/5  sigreg=0.8322  proto=11.7437  min_dist=4.63  mean_dist=24.28
  [sigreg+proto] epoch 3/5  sigreg=0.7145  proto=9.7786  min_dist=4.67  mean_dist=24.26
  [sigreg+proto] epoch 4/5  sigreg=0.7139  proto=9.2237  min_dist=4.70  mean_dist=24.25
  [sigreg+proto] epoch 5/5  sigreg=0.6412  proto=7.9544  min_dist=4.73  mean_dist=24.24
  round 1: pool=390 purity=0.010 k-hat=12 anchors=12  margin=0.5979  mean-anchor=0.8160  
  [sigreg+proto] epoch 1/5  sigreg=0.8042  proto=9.3539  min_dist=4.80  mean_dist=24.61
  [sigreg+proto] epoch 2/5  sigreg=0.7261  proto=8.5267  min_dist=4.84  mean_dist=24.60
  [sigreg+proto] epoch 3/5  sigreg=0.6913  proto=8.0542  min_dist=4.89  mean_dist=24.59
  [sigreg+proto] epoch 4/5  sigreg=0.6193  proto=6.2347  min_dist=4.94  mean_dist=24.57
  [sigreg+proto] epoch 5/5  sigreg=0.6329  proto=6.5768  min_dist=4.98  mean_dist=24.56
  round 2: pool=390 purity=0.010 k-hat=12 anchors=24  margin=0.6489  mean-anchor=0.8058  
  [supcon-ft] per-event post f=0.003: power=0.101
  [supcon-ft] sparker (post, annealed)
    post-spk f=0.003: power=0.100 [0.058,0.162] (5/50)
  [supcon-ft] maha (post)
    post-maha f=0.003: power=0.120 [0.074,0.184] (6/50)
  [supcon-ft] mmd (post)
    post-mmd f=0.003: power=0.100 [0.058,0.162] (5/50)
  [sigreg+proto] epoch 1/5  sigreg=0.2736  proto=3.3190  min_dist=2.00  mean_dist=8.03
  [sigreg+proto] epoch 2/5  sigreg=0.3045  proto=2.7088  min_dist=2.10  mean_dist=8.13
  [sigreg+proto] epoch 3/5  sigreg=0.2829  proto=2.4563  min_dist=2.19  mean_dist=8.22
  [sigreg+proto] epoch 4/5  sigreg=0.2834  proto=2.3928  min_dist=2.27  mean_dist=8.32
  [sigreg+proto] epoch 5/5  sigreg=0.2944  proto=2.1413  min_dist=2.35  mean_dist=8.42
  round 1: pool=387 purity=0.003 k-hat=11 anchors=11  margin=0.6825  mean-anchor=0.7214  
  [sigreg+proto] epoch 1/5  sigreg=0.3126  proto=2.4629  min_dist=2.45  mean_dist=8.54
  [sigreg+proto] epoch 2/5  sigreg=0.3157  proto=2.3126  min_dist=2.52  mean_dist=8.64
  [sigreg+proto] epoch 3/5  sigreg=0.2929  proto=2.0335  min_dist=2.59  mean_dist=8.73
  [sigreg+proto] epoch 4/5  sigreg=0.3076  proto=2.0154  min_dist=2.65  mean_dist=8.83
  [sigreg+proto] epoch 5/5  sigreg=0.3013  proto=1.7181  min_dist=2.71  mean_dist=8.92
  round 2: pool=390 purity=0.010 k-hat=10 anchors=21  margin=0.6922  mean-anchor=0.7421  
  [ss-ft] per-event post f=0.003: power=0.176
  [ss-ft] sparker (post, annealed)
    post-spk f=0.003: power=0.060 [0.028,0.115] (3/50)
  [ss-ft] maha (post)
    post-maha f=0.003: power=0.060 [0.028,0.115] (3/50)
  [ss-ft] mmd (post)
    post-mmd f=0.003: power=0.080 [0.042,0.138] (4/50)
  [sigreg+proto] epoch 1/5  sigreg=0.7993  proto=3.8686  min_dist=0.19  mean_dist=2.82
  [sigreg+proto] epoch 2/5  sigreg=0.7653  proto=3.7621  min_dist=0.27  mean_dist=2.88
  [sigreg+proto] epoch 3/5  sigreg=0.7252  proto=3.7594  min_dist=0.32  mean_dist=2.95
  [sigreg+proto] epoch 4/5  sigreg=0.6894  proto=3.6822  min_dist=0.36  mean_dist=3.01
  [sigreg+proto] epoch 5/5  sigreg=0.6528  proto=3.5618  min_dist=0.39  mean_dist=3.07
  round 1: pool=388 purity=0.005 k-hat=2 anchors=2  margin=0.6209  mean-anchor=0.7025  
  [sigreg+proto] epoch 1/5  sigreg=0.6642  proto=3.9952  min_dist=0.50  mean_dist=3.36
  [sigreg+proto] epoch 2/5  sigreg=0.6559  proto=3.5502  min_dist=0.59  mean_dist=3.47
  [sigreg+proto] epoch 3/5  sigreg=0.6552  proto=3.6522  min_dist=0.64  mean_dist=3.58
  [sigreg+proto] epoch 4/5  sigreg=0.6377  proto=3.6620  min_dist=0.69  mean_dist=3.69
  [sigreg+proto] epoch 5/5  sigreg=0.6451  proto=3.5733  min_dist=0.74  mean_dist=3.79
  round 2: pool=386 purity=0.000 k-hat=4 anchors=6  margin=0.5827  mean-anchor=0.7540  
  [nplm-sup-ft] per-event post f=0.003: power=0.129
  [nplm-sup-ft] sparker (post, annealed)
    post-spk f=0.003: power=0.080 [0.042,0.138] (4/50)
  [nplm-sup-ft] maha (post)
    post-maha f=0.003: power=0.040 [0.014,0.090] (2/50)
  [nplm-sup-ft] mmd (post)
    post-mmd f=0.003: power=0.040 [0.014,0.090] (2/50)

===== POST grid, f=0.01 (78 injected) =====
  [sigreg+proto] epoch 1/5  sigreg=0.6406  proto=21.7788  min_dist=2.68  mean_dist=13.46
  [sigreg+proto] epoch 2/5  sigreg=0.8729  proto=19.9773  min_dist=2.76  mean_dist=13.49
  [sigreg+proto] epoch 3/5  sigreg=0.7092  proto=14.5763  min_dist=2.84  mean_dist=13.53
  [sigreg+proto] epoch 4/5  sigreg=0.7450  proto=14.4677  min_dist=2.91  mean_dist=13.57
  [sigreg+proto] epoch 5/5  sigreg=0.6507  proto=11.1066  min_dist=2.99  mean_dist=13.60
  round 1: pool=389 purity=0.008 k-hat=12 anchors=12  margin=0.5174  mean-anchor=0.4943  
  [sigreg+proto] epoch 1/5  sigreg=0.6810  proto=11.6881  min_dist=3.06  mean_dist=16.29
  [sigreg+proto] epoch 2/5  sigreg=0.6829  proto=8.8311  min_dist=3.13  mean_dist=16.32
  [sigreg+proto] epoch 3/5  sigreg=0.6807  proto=8.1531  min_dist=3.21  mean_dist=16.36
  [sigreg+proto] epoch 4/5  sigreg=0.6940  proto=7.3790  min_dist=3.27  mean_dist=16.39
  [sigreg+proto] epoch 5/5  sigreg=0.7332  proto=7.4718  min_dist=3.33  mean_dist=16.42
  round 2: pool=388 purity=0.005 k-hat=12 anchors=24  margin=0.5322  mean-anchor=0.5306  
  [simclr-ft] per-event post f=0.01: power=0.040
  [simclr-ft] sparker (post, annealed)
    post-spk f=0.01: power=0.060 [0.028,0.115] (3/50)
  [simclr-ft] maha (post)
    post-maha f=0.01: power=0.060 [0.028,0.115] (3/50)
  [simclr-ft] mmd (post)
    post-mmd f=0.01: power=0.060 [0.028,0.115] (3/50)
  [sigreg+proto] epoch 1/5  sigreg=0.5094  proto=7.5052  min_dist=1.58  mean_dist=6.22
  [sigreg+proto] epoch 2/5  sigreg=0.5872  proto=5.6455  min_dist=1.68  mean_dist=6.33
  [sigreg+proto] epoch 3/5  sigreg=0.5327  proto=5.1709  min_dist=1.77  mean_dist=6.44
  [sigreg+proto] epoch 4/5  sigreg=0.5376  proto=4.9415  min_dist=1.86  mean_dist=6.55
  [sigreg+proto] epoch 5/5  sigreg=0.5496  proto=4.6892  min_dist=1.94  mean_dist=6.66
  round 1: pool=391 purity=0.013 k-hat=11 anchors=11  margin=0.4753  mean-anchor=0.6260  
  [sigreg+proto] epoch 1/5  sigreg=0.5862  proto=4.9076  min_dist=2.03  mean_dist=6.90
  [sigreg+proto] epoch 2/5  sigreg=0.5677  proto=4.5072  min_dist=2.12  mean_dist=7.02
  [sigreg+proto] epoch 3/5  sigreg=0.6005  proto=4.3667  min_dist=2.19  mean_dist=7.13
  [sigreg+proto] epoch 4/5  sigreg=0.5800  proto=4.3190  min_dist=2.25  mean_dist=7.25
  [sigreg+proto] epoch 5/5  sigreg=0.5827  proto=4.0543  min_dist=2.31  mean_dist=7.36
  round 2: pool=389 purity=0.008 k-hat=8 anchors=19  margin=0.4603  mean-anchor=0.7035  
  [sigreg-ssl-ft] per-event post f=0.01: power=0.035
  [sigreg-ssl-ft] sparker (post, annealed)
    post-spk f=0.01: power=0.040 [0.014,0.090] (2/50)
  [sigreg-ssl-ft] maha (post)
    post-maha f=0.01: power=0.140 [0.090,0.207] (7/50)
  [sigreg-ssl-ft] mmd (post)
    post-mmd f=0.01: power=0.220 [0.159,0.294] (11/50)
  [sigreg+proto] epoch 1/5  sigreg=0.5880  proto=4.5552  min_dist=0.30  mean_dist=1.32
  [sigreg+proto] epoch 2/5  sigreg=0.4805  proto=4.1535  min_dist=0.41  mean_dist=1.45
  [sigreg+proto] epoch 3/5  sigreg=0.4180  proto=4.0318  min_dist=0.49  mean_dist=1.57
  [sigreg+proto] epoch 4/5  sigreg=0.4153  proto=3.8328  min_dist=0.56  mean_dist=1.67
  [sigreg+proto] epoch 5/5  sigreg=0.4239  proto=3.6963  min_dist=0.63  mean_dist=1.76
  round 1: pool=389 purity=0.008 k-hat=1 anchors=1  margin=0.4953  mean-anchor=0.5181  
  [sigreg+proto] epoch 1/5  sigreg=0.6093  proto=5.2462  min_dist=0.75  mean_dist=2.84
  [sigreg+proto] epoch 2/5  sigreg=0.5001  proto=4.4988  min_dist=0.85  mean_dist=2.98
  [sigreg+proto] epoch 3/5  sigreg=0.4577  proto=4.1095  min_dist=0.93  mean_dist=3.10
  [sigreg+proto] epoch 4/5  sigreg=0.4194  proto=3.8398  min_dist=1.00  mean_dist=3.22
  [sigreg+proto] epoch 5/5  sigreg=0.4182  proto=3.8021  min_dist=1.06  mean_dist=3.32
  round 2: pool=390 purity=0.010 k-hat=12 anchors=13  margin=0.5281  mean-anchor=0.5982  
  [nplm-bil-ft] per-event post f=0.01: power=0.106
  [nplm-bil-ft] sparker (post, annealed)
    post-spk f=0.01: power=0.020 [0.003,0.064] (1/50)
  [nplm-bil-ft] maha (post)
    post-maha f=0.01: power=0.040 [0.014,0.090] (2/50)
  [nplm-bil-ft] mmd (post)
    post-mmd f=0.01: power=0.060 [0.028,0.115] (3/50)
  [sigreg+proto] epoch 1/5  sigreg=1.0255  proto=14.4583  min_dist=4.60  mean_dist=24.16
  [sigreg+proto] epoch 2/5  sigreg=0.8709  proto=12.8552  min_dist=4.65  mean_dist=24.14
  [sigreg+proto] epoch 3/5  sigreg=0.7335  proto=10.4317  min_dist=4.70  mean_dist=24.13
  [sigreg+proto] epoch 4/5  sigreg=0.6642  proto=8.4246  min_dist=4.75  mean_dist=24.12
  [sigreg+proto] epoch 5/5  sigreg=0.6476  proto=8.3906  min_dist=4.79  mean_dist=24.11
  round 1: pool=401 purity=0.037 k-hat=12 anchors=12  margin=0.6971  mean-anchor=0.8434  
  [sigreg+proto] epoch 1/5  sigreg=0.7611  proto=10.1964  min_dist=4.86  mean_dist=24.75
  [sigreg+proto] epoch 2/5  sigreg=0.7104  proto=8.2044  min_dist=4.91  mean_dist=24.74
  [sigreg+proto] epoch 3/5  sigreg=0.6754  proto=7.2855  min_dist=4.96  mean_dist=24.73
  [sigreg+proto] epoch 4/5  sigreg=0.6692  proto=6.7043  min_dist=5.01  mean_dist=24.72
  [sigreg+proto] epoch 5/5  sigreg=0.6838  proto=6.4287  min_dist=5.05  mean_dist=24.71
  round 2: pool=399 purity=0.033 k-hat=12 anchors=24  margin=0.7009  mean-anchor=0.8412  
  [supcon-ft] per-event post f=0.01: power=0.160
  [supcon-ft] sparker (post, annealed)
    post-spk f=0.01: power=0.040 [0.014,0.090] (2/50)
  [supcon-ft] maha (post)
    post-maha f=0.01: power=0.060 [0.028,0.115] (3/50)
  [supcon-ft] mmd (post)
    post-mmd f=0.01: power=0.160 [0.107,0.229] (8/50)
  [sigreg+proto] epoch 1/5  sigreg=0.2641  proto=3.2383  min_dist=2.00  mean_dist=8.01
  [sigreg+proto] epoch 2/5  sigreg=0.3070  proto=2.8174  min_dist=2.09  mean_dist=8.11
  [sigreg+proto] epoch 3/5  sigreg=0.2748  proto=2.3687  min_dist=2.17  mean_dist=8.21
  [sigreg+proto] epoch 4/5  sigreg=0.2770  proto=2.2165  min_dist=2.26  mean_dist=8.30
  [sigreg+proto] epoch 5/5  sigreg=0.2960  proto=1.9832  min_dist=2.33  mean_dist=8.40
  round 1: pool=392 purity=0.015 k-hat=9 anchors=9  margin=0.7119  mean-anchor=0.8082  
  [sigreg+proto] epoch 1/5  sigreg=0.3056  proto=2.3538  min_dist=2.41  mean_dist=8.53
  [sigreg+proto] epoch 2/5  sigreg=0.3112  proto=2.2574  min_dist=2.49  mean_dist=8.63
  [sigreg+proto] epoch 3/5  sigreg=0.2994  proto=2.0201  min_dist=2.56  mean_dist=8.72
  [sigreg+proto] epoch 4/5  sigreg=0.2955  proto=1.7962  min_dist=2.64  mean_dist=8.82
  [sigreg+proto] epoch 5/5  sigreg=0.3031  proto=1.7490  min_dist=2.72  mean_dist=8.91
  round 2: pool=392 purity=0.015 k-hat=10 anchors=19  margin=0.6923  mean-anchor=0.8249  
  [ss-ft] per-event post f=0.01: power=0.160
  [ss-ft] sparker (post, annealed)
    post-spk f=0.01: power=0.040 [0.014,0.090] (2/50)
  [ss-ft] maha (post)
    post-maha f=0.01: power=0.100 [0.058,0.162] (5/50)
  [ss-ft] mmd (post)
    post-mmd f=0.01: power=0.080 [0.042,0.138] (4/50)
  [sigreg+proto] epoch 1/5  sigreg=0.8002  proto=3.8114  min_dist=0.19  mean_dist=2.82
  [sigreg+proto] epoch 2/5  sigreg=0.7564  proto=3.7377  min_dist=0.27  mean_dist=2.88
  [sigreg+proto] epoch 3/5  sigreg=0.6993  proto=3.7000  min_dist=0.32  mean_dist=2.95
  [sigreg+proto] epoch 4/5  sigreg=0.6512  proto=3.7288  min_dist=0.36  mean_dist=3.01
  [sigreg+proto] epoch 5/5  sigreg=0.6186  proto=3.6443  min_dist=0.39  mean_dist=3.07
  round 1: pool=394 purity=0.020 k-hat=2 anchors=2  margin=0.6361  mean-anchor=0.7192  
  [sigreg+proto] epoch 1/5  sigreg=0.6376  proto=3.8097  min_dist=0.50  mean_dist=3.31
  [sigreg+proto] epoch 2/5  sigreg=0.6400  proto=3.5868  min_dist=0.59  mean_dist=3.43
  [sigreg+proto] epoch 3/5  sigreg=0.6129  proto=3.6401  min_dist=0.64  mean_dist=3.54
  [sigreg+proto] epoch 4/5  sigreg=0.5884  proto=3.5962  min_dist=0.69  mean_dist=3.65
  [sigreg+proto] epoch 5/5  sigreg=0.5670  proto=3.5911  min_dist=0.74  mean_dist=3.74
  round 2: pool=387 purity=0.003 k-hat=3 anchors=5  margin=0.6182  mean-anchor=0.7283  
  [nplm-sup-ft] per-event post f=0.01: power=0.096
  [nplm-sup-ft] sparker (post, annealed)
    post-spk f=0.01: power=0.100 [0.058,0.162] (5/50)
  [nplm-sup-ft] maha (post)
    post-maha f=0.01: power=0.120 [0.074,0.184] (6/50)
  [nplm-sup-ft] mmd (post)
    post-mmd f=0.01: power=0.020 [0.003,0.064] (1/50)

===== POST grid, f=0.02 (157 injected) =====
  [sigreg+proto] epoch 1/5  sigreg=0.7177  proto=25.0164  min_dist=2.69  mean_dist=13.63
  [sigreg+proto] epoch 2/5  sigreg=0.7119  proto=17.9209  min_dist=2.77  mean_dist=13.67
  [sigreg+proto] epoch 3/5  sigreg=0.7115  proto=14.3490  min_dist=2.84  mean_dist=13.71
  [sigreg+proto] epoch 4/5  sigreg=0.6842  proto=12.7439  min_dist=2.90  mean_dist=13.75
  [sigreg+proto] epoch 5/5  sigreg=0.6516  proto=10.0952  min_dist=2.96  mean_dist=13.79
  round 1: pool=391 purity=0.013 k-hat=11 anchors=11  margin=0.5032  mean-anchor=0.4820  
  [sigreg+proto] epoch 1/5  sigreg=0.6218  proto=10.3110  min_dist=3.06  mean_dist=15.27
  [sigreg+proto] epoch 2/5  sigreg=0.6705  proto=10.9345  min_dist=3.14  mean_dist=15.30
  [sigreg+proto] epoch 3/5  sigreg=0.6213  proto=7.9942  min_dist=3.21  mean_dist=15.34
  [sigreg+proto] epoch 4/5  sigreg=0.6529  proto=8.2536  min_dist=3.28  mean_dist=15.37
  [sigreg+proto] epoch 5/5  sigreg=0.6427  proto=6.8945  min_dist=3.35  mean_dist=15.41
  round 2: pool=395 purity=0.023 k-hat=12 anchors=23  margin=0.4745  mean-anchor=0.4765  
  [simclr-ft] per-event post f=0.02: power=0.016
  [simclr-ft] sparker (post, annealed)
    post-spk f=0.02: power=0.060 [0.028,0.115] (3/50)
  [simclr-ft] maha (post)
    post-maha f=0.02: power=0.160 [0.107,0.229] (8/50)
  [simclr-ft] mmd (post)
    post-mmd f=0.02: power=0.120 [0.074,0.184] (6/50)
  [sigreg+proto] epoch 1/5  sigreg=0.5062  proto=7.3773  min_dist=1.58  mean_dist=6.22
  [sigreg+proto] epoch 2/5  sigreg=0.6588  proto=5.6200  min_dist=1.68  mean_dist=6.34
  [sigreg+proto] epoch 3/5  sigreg=0.5671  proto=5.7039  min_dist=1.76  mean_dist=6.45
  [sigreg+proto] epoch 4/5  sigreg=0.5377  proto=4.9898  min_dist=1.84  mean_dist=6.56
  [sigreg+proto] epoch 5/5  sigreg=0.5546  proto=5.0928  min_dist=1.93  mean_dist=6.66
  round 1: pool=390 purity=0.010 k-hat=11 anchors=11  margin=0.4985  mean-anchor=0.6372  
  [sigreg+proto] epoch 1/5  sigreg=0.5872  proto=4.7532  min_dist=2.02  mean_dist=6.89
  [sigreg+proto] epoch 2/5  sigreg=0.5743  proto=4.4156  min_dist=2.11  mean_dist=7.01
  [sigreg+proto] epoch 3/5  sigreg=0.5758  proto=4.2508  min_dist=2.21  mean_dist=7.13
  [sigreg+proto] epoch 4/5  sigreg=0.6139  proto=4.0830  min_dist=2.28  mean_dist=7.24
  [sigreg+proto] epoch 5/5  sigreg=0.5888  proto=4.0540  min_dist=2.34  mean_dist=7.35
  round 2: pool=391 purity=0.013 k-hat=8 anchors=19  margin=0.5283  mean-anchor=0.6969  
  [sigreg-ssl-ft] per-event post f=0.02: power=0.052
  [sigreg-ssl-ft] sparker (post, annealed)
    post-spk f=0.02: power=0.060 [0.028,0.115] (3/50)
  [sigreg-ssl-ft] maha (post)
    post-maha f=0.02: power=0.140 [0.090,0.207] (7/50)
  [sigreg-ssl-ft] mmd (post)
    post-mmd f=0.02: power=0.040 [0.014,0.090] (2/50)
  [sigreg+proto] epoch 1/5  sigreg=0.5859  proto=4.5819  min_dist=0.30  mean_dist=1.32
  [sigreg+proto] epoch 2/5  sigreg=0.4740  proto=4.2649  min_dist=0.41  mean_dist=1.45
  [sigreg+proto] epoch 3/5  sigreg=0.4325  proto=3.9903  min_dist=0.49  mean_dist=1.57
  [sigreg+proto] epoch 4/5  sigreg=0.4380  proto=3.9153  min_dist=0.56  mean_dist=1.67
  [sigreg+proto] epoch 5/5  sigreg=0.4151  proto=3.7288  min_dist=0.63  mean_dist=1.76
  round 1: pool=394 purity=0.020 k-hat=1 anchors=1  margin=0.4984  mean-anchor=0.5199  
  [sigreg+proto] epoch 1/5  sigreg=0.6573  proto=5.4732  min_dist=0.75  mean_dist=2.68
  [sigreg+proto] epoch 2/5  sigreg=0.5075  proto=4.3397  min_dist=0.85  mean_dist=2.83
  [sigreg+proto] epoch 3/5  sigreg=0.4664  proto=4.0467  min_dist=0.93  mean_dist=2.95
  [sigreg+proto] epoch 4/5  sigreg=0.4510  proto=3.8849  min_dist=1.00  mean_dist=3.07
  [sigreg+proto] epoch 5/5  sigreg=0.4252  proto=3.8704  min_dist=1.06  mean_dist=3.17
  round 2: pool=397 purity=0.028 k-hat=10 anchors=11  margin=0.4975  mean-anchor=0.5313  
  [nplm-bil-ft] per-event post f=0.02: power=0.042
  [nplm-bil-ft] sparker (post, annealed)
    post-spk f=0.02: power=0.120 [0.074,0.184] (6/50)
  [nplm-bil-ft] maha (post)
    post-maha f=0.02: power=0.060 [0.028,0.115] (3/50)
  [nplm-bil-ft] mmd (post)
    post-mmd f=0.02: power=0.020 [0.003,0.064] (1/50)
  [sigreg+proto] epoch 1/5  sigreg=1.0001  proto=15.2914  min_dist=4.58  mean_dist=24.45
  [sigreg+proto] epoch 2/5  sigreg=0.7834  proto=11.3724  min_dist=4.62  mean_dist=24.44
  [sigreg+proto] epoch 3/5  sigreg=0.7580  proto=10.4932  min_dist=4.66  mean_dist=24.42
  [sigreg+proto] epoch 4/5  sigreg=0.7225  proto=9.2756  min_dist=4.70  mean_dist=24.41
  [sigreg+proto] epoch 5/5  sigreg=0.7054  proto=8.1746  min_dist=4.74  mean_dist=24.40
  round 1: pool=416 purity=0.072 k-hat=12 anchors=12  margin=0.6097  mean-anchor=0.8027  
  [sigreg+proto] epoch 1/5  sigreg=0.7752  proto=9.6204  min_dist=4.79  mean_dist=25.35
  [sigreg+proto] epoch 2/5  sigreg=0.6679  proto=8.1718  min_dist=4.84  mean_dist=25.34
  [sigreg+proto] epoch 3/5  sigreg=0.6391  proto=6.8306  min_dist=4.89  mean_dist=25.33
  [sigreg+proto] epoch 4/5  sigreg=0.6682  proto=6.8884  min_dist=4.95  mean_dist=25.32
  [sigreg+proto] epoch 5/5  sigreg=0.6412  proto=6.2917  min_dist=5.00  mean_dist=25.31
  round 2: pool=399 purity=0.033 k-hat=12 anchors=24  margin=0.6783  mean-anchor=0.8221  
  [supcon-ft] per-event post f=0.02: power=0.181
  [supcon-ft] sparker (post, annealed)
    post-spk f=0.02: power=0.020 [0.003,0.064] (1/50)
  [supcon-ft] maha (post)
    post-maha f=0.02: power=0.140 [0.090,0.207] (7/50)
  [supcon-ft] mmd (post)
    post-mmd f=0.02: power=0.080 [0.042,0.138] (4/50)
  [sigreg+proto] epoch 1/5  sigreg=0.2776  proto=3.1011  min_dist=1.98  mean_dist=8.04
  [sigreg+proto] epoch 2/5  sigreg=0.2941  proto=2.6339  min_dist=2.06  mean_dist=8.14
  [sigreg+proto] epoch 3/5  sigreg=0.2795  proto=2.3996  min_dist=2.14  mean_dist=8.24
  [sigreg+proto] epoch 4/5  sigreg=0.2826  proto=2.0900  min_dist=2.22  mean_dist=8.34
  [sigreg+proto] epoch 5/5  sigreg=0.2824  proto=2.0104  min_dist=2.30  mean_dist=8.43
  round 1: pool=396 purity=0.025 k-hat=12 anchors=12  margin=0.7154  mean-anchor=0.8410  
  [sigreg+proto] epoch 1/5  sigreg=0.3012  proto=2.5099  min_dist=2.38  mean_dist=8.55
  [sigreg+proto] epoch 2/5  sigreg=0.3080  proto=2.1122  min_dist=2.45  mean_dist=8.65
  [sigreg+proto] epoch 3/5  sigreg=0.2926  proto=1.9536  min_dist=2.53  mean_dist=8.75
  [sigreg+proto] epoch 4/5  sigreg=0.2945  proto=1.8016  min_dist=2.61  mean_dist=8.84
  [sigreg+proto] epoch 5/5  sigreg=0.3050  proto=1.6137  min_dist=2.69  mean_dist=8.93
  round 2: pool=397 purity=0.028 k-hat=10 anchors=22  margin=0.7130  mean-anchor=0.8388  
  [ss-ft] per-event post f=0.02: power=0.211
  [ss-ft] sparker (post, annealed)
    post-spk f=0.02: power=0.060 [0.028,0.115] (3/50)
  [ss-ft] maha (post)
    post-maha f=0.02: power=0.140 [0.090,0.207] (7/50)
  [ss-ft] mmd (post)
    post-mmd f=0.02: power=0.080 [0.042,0.138] (4/50)
  [sigreg+proto] epoch 1/5  sigreg=0.7927  proto=3.8885  min_dist=0.19  mean_dist=2.82
  [sigreg+proto] epoch 2/5  sigreg=0.7522  proto=3.7532  min_dist=0.27  mean_dist=2.88
  [sigreg+proto] epoch 3/5  sigreg=0.6955  proto=3.7923  min_dist=0.32  mean_dist=2.95
  [sigreg+proto] epoch 4/5  sigreg=0.6267  proto=3.6383  min_dist=0.36  mean_dist=3.01
  [sigreg+proto] epoch 5/5  sigreg=0.5383  proto=3.5996  min_dist=0.39  mean_dist=3.07
  round 1: pool=396 purity=0.025 k-hat=2 anchors=2  margin=0.6148  mean-anchor=0.6532  
  [sigreg+proto] epoch 1/5  sigreg=0.5993  proto=4.4526  min_dist=0.50  mean_dist=3.44
  [sigreg+proto] epoch 2/5  sigreg=0.6330  proto=3.8620  min_dist=0.59  mean_dist=3.56
  [sigreg+proto] epoch 3/5  sigreg=0.5858  proto=3.7728  min_dist=0.64  mean_dist=3.67
  [sigreg+proto] epoch 4/5  sigreg=0.5837  proto=3.7870  min_dist=0.69  mean_dist=3.77
  [sigreg+proto] epoch 5/5  sigreg=0.5879  proto=3.5731  min_dist=0.74  mean_dist=3.86
  round 2: pool=392 purity=0.015 k-hat=4 anchors=6  margin=0.6123  mean-anchor=0.7540  
  [nplm-sup-ft] per-event post f=0.02: power=0.176
  [nplm-sup-ft] sparker (post, annealed)
    post-spk f=0.02: power=0.180 [0.124,0.251] (9/50)
  [nplm-sup-ft] maha (post)
    post-maha f=0.02: power=0.140 [0.090,0.207] (7/50)
  [nplm-sup-ft] mmd (post)
    post-mmd f=0.02: power=0.080 [0.042,0.138] (4/50)

===== POST grid, f=0.05 (406 injected) =====
  [sigreg+proto] epoch 1/5  sigreg=0.6466  proto=23.6059  min_dist=2.68  mean_dist=13.80
  [sigreg+proto] epoch 2/5  sigreg=0.7553  proto=17.7679  min_dist=2.76  mean_dist=13.84
  [sigreg+proto] epoch 3/5  sigreg=0.6347  proto=14.0322  min_dist=2.84  mean_dist=13.87
  [sigreg+proto] epoch 4/5  sigreg=0.6671  proto=13.0354  min_dist=2.92  mean_dist=13.91
  [sigreg+proto] epoch 5/5  sigreg=0.7188  proto=12.1026  min_dist=2.98  mean_dist=13.95
  round 1: pool=399 purity=0.033 k-hat=12 anchors=12  margin=0.5106  mean-anchor=0.4898  
  [sigreg+proto] epoch 1/5  sigreg=0.6663  proto=11.9808  min_dist=3.07  mean_dist=15.92
  [sigreg+proto] epoch 2/5  sigreg=0.6577  proto=9.7584  min_dist=3.14  mean_dist=15.95
  [sigreg+proto] epoch 3/5  sigreg=0.6861  proto=9.9767  min_dist=3.22  mean_dist=15.99
  [sigreg+proto] epoch 4/5  sigreg=0.7010  proto=8.9851  min_dist=3.29  mean_dist=16.02
  [sigreg+proto] epoch 5/5  sigreg=0.6717  proto=8.0513  min_dist=3.36  mean_dist=16.05
  round 2: pool=401 purity=0.037 k-hat=12 anchors=24  margin=0.4626  mean-anchor=0.6747  
  [simclr-ft] per-event post f=0.05: power=0.063
  [simclr-ft] sparker (post, annealed)
    post-spk f=0.05: power=0.040 [0.014,0.090] (2/50)
  [simclr-ft] maha (post)
    post-maha f=0.05: power=0.100 [0.058,0.162] (5/50)
  [simclr-ft] mmd (post)
    post-mmd f=0.05: power=0.140 [0.090,0.207] (7/50)
  [sigreg+proto] epoch 1/5  sigreg=0.5083  proto=7.2763  min_dist=1.57  mean_dist=6.28
  [sigreg+proto] epoch 2/5  sigreg=0.5873  proto=5.8532  min_dist=1.68  mean_dist=6.39
  [sigreg+proto] epoch 3/5  sigreg=0.5284  proto=5.1215  min_dist=1.77  mean_dist=6.50
  [sigreg+proto] epoch 4/5  sigreg=0.5555  proto=4.9836  min_dist=1.86  mean_dist=6.61
  [sigreg+proto] epoch 5/5  sigreg=0.5365  proto=4.8304  min_dist=1.94  mean_dist=6.72
  round 1: pool=402 purity=0.040 k-hat=12 anchors=12  margin=0.4851  mean-anchor=0.6175  
  [sigreg+proto] epoch 1/5  sigreg=0.5906  proto=4.8516  min_dist=2.05  mean_dist=6.96
  [sigreg+proto] epoch 2/5  sigreg=0.5500  proto=4.4680  min_dist=2.14  mean_dist=7.08
  [sigreg+proto] epoch 3/5  sigreg=0.5974  proto=4.1322  min_dist=2.20  mean_dist=7.19
  [sigreg+proto] epoch 4/5  sigreg=0.6003  proto=4.2354  min_dist=2.26  mean_dist=7.31
  [sigreg+proto] epoch 5/5  sigreg=0.5820  proto=4.1228  min_dist=2.31  mean_dist=7.42
  round 2: pool=401 purity=0.037 k-hat=9 anchors=21  margin=0.4758  mean-anchor=0.7283  
  [sigreg-ssl-ft] per-event post f=0.05: power=0.042
  [sigreg-ssl-ft] sparker (post, annealed)
    post-spk f=0.05: power=0.020 [0.003,0.064] (1/50)
  [sigreg-ssl-ft] maha (post)
    post-maha f=0.05: power=0.200 [0.141,0.273] (10/50)
  [sigreg-ssl-ft] mmd (post)
    post-mmd f=0.05: power=0.140 [0.090,0.207] (7/50)
  [sigreg+proto] epoch 1/5  sigreg=0.5924  proto=4.5337  min_dist=0.30  mean_dist=1.32
  [sigreg+proto] epoch 2/5  sigreg=0.4575  proto=4.2709  min_dist=0.41  mean_dist=1.45
  [sigreg+proto] epoch 3/5  sigreg=0.4196  proto=4.0049  min_dist=0.49  mean_dist=1.57
  [sigreg+proto] epoch 4/5  sigreg=0.4494  proto=3.8038  min_dist=0.56  mean_dist=1.67
  [sigreg+proto] epoch 5/5  sigreg=0.4335  proto=3.7705  min_dist=0.63  mean_dist=1.76
  round 1: pool=407 purity=0.052 k-hat=1 anchors=1  margin=0.4923  mean-anchor=0.5048  
  [sigreg+proto] epoch 1/5  sigreg=0.5610  proto=4.9700  min_dist=0.75  mean_dist=2.80
  [sigreg+proto] epoch 2/5  sigreg=0.4963  proto=4.4567  min_dist=0.85  mean_dist=2.94
  [sigreg+proto] epoch 3/5  sigreg=0.4649  proto=3.9441  min_dist=0.93  mean_dist=3.07
  [sigreg+proto] epoch 4/5  sigreg=0.4439  proto=3.7581  min_dist=1.00  mean_dist=3.18
  [sigreg+proto] epoch 5/5  sigreg=0.4530  proto=3.8475  min_dist=1.06  mean_dist=3.28
  round 2: pool=425 purity=0.092 k-hat=11 anchors=12  margin=0.5355  mean-anchor=0.6014  
  [nplm-bil-ft] per-event post f=0.05: power=0.108
  [nplm-bil-ft] sparker (post, annealed)
    post-spk f=0.05: power=0.300 [0.231,0.378] (15/50)
  [nplm-bil-ft] maha (post)
    post-maha f=0.05: power=0.240 [0.177,0.315] (12/50)
  [nplm-bil-ft] mmd (post)
    post-mmd f=0.05: power=0.100 [0.058,0.162] (5/50)
  [sigreg+proto] epoch 1/5  sigreg=1.0229  proto=14.9161  min_dist=4.58  mean_dist=24.72
  [sigreg+proto] epoch 2/5  sigreg=0.8303  proto=12.1435  min_dist=4.63  mean_dist=24.71
  [sigreg+proto] epoch 3/5  sigreg=0.7264  proto=9.9097  min_dist=4.66  mean_dist=24.70
  [sigreg+proto] epoch 4/5  sigreg=0.6990  proto=9.5273  min_dist=4.70  mean_dist=24.69
  [sigreg+proto] epoch 5/5  sigreg=0.6612  proto=8.5253  min_dist=4.73  mean_dist=24.67
  round 1: pool=444 purity=0.131 k-hat=12 anchors=12  margin=0.6676  mean-anchor=0.7926  
  [sigreg+proto] epoch 1/5  sigreg=0.7691  proto=9.5759  min_dist=4.81  mean_dist=25.25
  [sigreg+proto] epoch 2/5  sigreg=0.6919  proto=7.9726  min_dist=4.87  mean_dist=25.24
  [sigreg+proto] epoch 3/5  sigreg=0.6919  proto=7.8218  min_dist=4.92  mean_dist=25.23
  [sigreg+proto] epoch 4/5  sigreg=0.7052  proto=7.4258  min_dist=4.98  mean_dist=25.22
  [sigreg+proto] epoch 5/5  sigreg=0.6523  proto=6.4481  min_dist=5.04  mean_dist=25.21
  round 2: pool=409 purity=0.056 k-hat=11 anchors=23  margin=0.6072  mean-anchor=0.8351  
  [supcon-ft] per-event post f=0.05: power=0.202
  [supcon-ft] sparker (post, annealed)
    post-spk f=0.05: power=0.400 [0.324,0.480] (20/50)
  [supcon-ft] maha (post)
    post-maha f=0.05: power=0.680 [0.601,0.751] (34/50)
  [supcon-ft] mmd (post)
    post-mmd f=0.05: power=0.160 [0.107,0.229] (8/50)
  [sigreg+proto] epoch 1/5  sigreg=0.2780  proto=3.2371  min_dist=1.99  mean_dist=8.03
  [sigreg+proto] epoch 2/5  sigreg=0.2955  proto=2.6607  min_dist=2.08  mean_dist=8.13
  [sigreg+proto] epoch 3/5  sigreg=0.2789  proto=2.3820  min_dist=2.17  mean_dist=8.23
  [sigreg+proto] epoch 4/5  sigreg=0.2837  proto=2.2663  min_dist=2.25  mean_dist=8.33
  [sigreg+proto] epoch 5/5  sigreg=0.2980  proto=2.1229  min_dist=2.33  mean_dist=8.42
  round 1: pool=411 purity=0.061 k-hat=11 anchors=11  margin=0.7010  mean-anchor=0.8294  
  [sigreg+proto] epoch 1/5  sigreg=0.3181  proto=2.3504  min_dist=2.42  mean_dist=8.51
  [sigreg+proto] epoch 2/5  sigreg=0.2969  proto=2.1878  min_dist=2.51  mean_dist=8.61
  [sigreg+proto] epoch 3/5  sigreg=0.3089  proto=1.8272  min_dist=2.59  mean_dist=8.70
  [sigreg+proto] epoch 4/5  sigreg=0.2953  proto=1.8247  min_dist=2.64  mean_dist=8.80
  [sigreg+proto] epoch 5/5  sigreg=0.2954  proto=1.6724  min_dist=2.69  mean_dist=8.89
  round 2: pool=409 purity=0.056 k-hat=8 anchors=19  margin=0.7150  mean-anchor=0.8585  
  [ss-ft] per-event post f=0.05: power=0.195
  [ss-ft] sparker (post, annealed)
    post-spk f=0.05: power=0.220 [0.159,0.294] (11/50)
  [ss-ft] maha (post)
    post-maha f=0.05: power=0.440 [0.362,0.520] (22/50)
  [ss-ft] mmd (post)
    post-mmd f=0.05: power=0.100 [0.058,0.162] (5/50)
  [sigreg+proto] epoch 1/5  sigreg=0.8000  proto=3.8450  min_dist=0.19  mean_dist=2.82
  [sigreg+proto] epoch 2/5  sigreg=0.7534  proto=3.7420  min_dist=0.27  mean_dist=2.88
  [sigreg+proto] epoch 3/5  sigreg=0.7003  proto=3.6085  min_dist=0.32  mean_dist=2.95
  [sigreg+proto] epoch 4/5  sigreg=0.6411  proto=3.6528  min_dist=0.36  mean_dist=3.01
  [sigreg+proto] epoch 5/5  sigreg=0.5684  proto=3.5561  min_dist=0.39  mean_dist=3.07
  round 1: pool=411 purity=0.061 k-hat=2 anchors=2  margin=0.6055  mean-anchor=0.7010  
  [sigreg+proto] epoch 1/5  sigreg=0.6917  proto=4.6785  min_dist=0.50  mean_dist=3.42
  [sigreg+proto] epoch 2/5  sigreg=0.6502  proto=3.6254  min_dist=0.59  mean_dist=3.53
  [sigreg+proto] epoch 3/5  sigreg=0.6152  proto=3.8017  min_dist=0.64  mean_dist=3.64
  [sigreg+proto] epoch 4/5  sigreg=0.5745  proto=3.8128  min_dist=0.69  mean_dist=3.75
  [sigreg+proto] epoch 5/5  sigreg=0.5222  proto=3.7548  min_dist=0.74  mean_dist=3.84
  round 2: pool=408 purity=0.054 k-hat=3 anchors=5  margin=0.6359  mean-anchor=0.6887  
  [nplm-sup-ft] per-event post f=0.05: power=0.171
  [nplm-sup-ft] sparker (post, annealed)
    post-spk f=0.05: power=0.280 [0.213,0.357] (14/50)
  [nplm-sup-ft] maha (post)
    post-maha f=0.05: power=0.060 [0.028,0.115] (3/50)
  [nplm-sup-ft] mmd (post)
    post-mmd f=0.05: power=0.060 [0.028,0.115] (3/50)

===== EXP70 PEREVENT POST POWER =====
  arm                 0.003     0.01     0.02     0.05
  simclr-ft           0.031    0.040    0.016    0.063
  sigreg-ssl-ft       0.035    0.035    0.052    0.042
  nplm-bil-ft         0.042    0.106    0.042    0.108
  supcon-ft           0.101    0.160    0.181    0.202
  ss-ft               0.176    0.160    0.211    0.195
  nplm-sup-ft         0.129    0.096    0.176    0.171
  saved /home/pharris/sigreg/SuperSig/plots/exp70_perevent_power_post_cars_dino_ft70.png

===== EXP70 SPARKER POST POWER =====
  arm                 0.003     0.01     0.02     0.05
  simclr-ft           0.140    0.060    0.060    0.040
  sigreg-ssl-ft       0.020    0.040    0.060    0.020
  nplm-bil-ft         0.080    0.020    0.120    0.300
  supcon-ft           0.100    0.040    0.020    0.400
  ss-ft               0.060    0.040    0.060    0.220
  nplm-sup-ft         0.080    0.100    0.180    0.280
  saved /home/pharris/sigreg/SuperSig/plots/exp70_sparker_power_post_cars_dino_ft70.png

===== EXP70 MAHA POST POWER =====
  arm                 0.003     0.01     0.02     0.05
  simclr-ft           0.020    0.060    0.160    0.100
  sigreg-ssl-ft       0.040    0.140    0.140    0.200
  nplm-bil-ft         0.080    0.040    0.060    0.240
  supcon-ft           0.120    0.060    0.140    0.680
  ss-ft               0.060    0.100    0.140    0.440
  nplm-sup-ft         0.040    0.120    0.140    0.060
  saved /home/pharris/sigreg/SuperSig/plots/exp70_maha_power_post_cars_dino_ft70.png

===== EXP70 MMD POST POWER =====
  arm                 0.003     0.01     0.02     0.05
  simclr-ft           0.020    0.060    0.120    0.140
  sigreg-ssl-ft       0.020    0.220    0.040    0.140
  nplm-bil-ft         0.060    0.060    0.020    0.100
  supcon-ft           0.100    0.160    0.080    0.160
  ss-ft               0.080    0.080    0.080    0.100
  nplm-sup-ft         0.040    0.020    0.080    0.060
  saved /home/pharris/sigreg/SuperSig/plots/exp70_mmd_power_post_cars_dino_ft70.png

===== EXP70 SUMMARY [cars_dino_ft70] =====
  [simclr-ft     ] probe=0.6238+-0.0113 acc=0.1077 eucl=0.4694 mahaT=0.4756  || post: probe=0.6839 eucl=0.4956 mahaT=0.4820
          round 1: purity=0.035 anchors=12  margin=0.5134
          round 2: purity=0.045 anchors=24  margin=0.5243
  [sigreg-ssl-ft ] probe=0.5843+-0.0069 acc=0.0825 eucl=0.4832 mahaT=0.4963  || post: probe=0.6903 eucl=0.5216 mahaT=0.5173
          round 1: purity=0.045 anchors=10  margin=0.5085
          round 2: purity=0.040 anchors=16  margin=0.4670
  [nplm-bil-ft   ] probe=0.5912+-0.0047 acc=0.0629 eucl=0.5060 mahaT=0.4961  || post: probe=0.7044 eucl=0.5457 mahaT=0.5068
          round 1: purity=0.054 anchors=1  margin=0.4973
          round 2: purity=0.065 anchors=13  margin=0.5193
  [supcon-ft     ] probe=0.7332+-0.0091 acc=0.4621 eucl=0.6031 mahaT=0.5644  || post: probe=0.7666 eucl=0.5902 mahaT=0.5461
          round 1: purity=0.140 anchors=12  margin=0.6457
          round 2: purity=0.074 anchors=24  margin=0.6622
  [ss-ft         ] probe=0.7191+-0.0060 acc=0.3304 eucl=0.5509 mahaT=0.5468  || post: probe=0.7474 eucl=0.5504 mahaT=0.5408
          round 1: purity=0.068 anchors=10  margin=0.7276
          round 2: purity=0.063 anchors=20  margin=0.7208
  [nplm-sup-ft   ] probe=0.5490+-0.0047 acc=0.1052 eucl=0.5546 mahaT=0.5470  || post: probe=0.6001 eucl=0.5125 mahaT=0.5003
          round 1: purity=0.068 anchors=2  margin=0.6226
          round 2: purity=0.061 anchors=7  margin=0.6319
saved /home/pharris/sigreg/SuperSig/plots/exp70_probe_cars_dino_ft70.png
Done.
