/home/pharris/venv/lib64/python3.9/site-packages/networkx/utils/backends.py:135: RuntimeWarning: networkx backend defined more than once: nx-loopback
  backends.update(_get_backends("networkx.backends"))
exp70 [cars_visreg_ft70] end-to-end ft suite, arms=['simclr-ft', 'sigreg-ssl-ft', 'nplm-bil-ft', 'supcon-ft', 'ss-ft', 'nplm-sup-ft'], ft_epochs=20, emb=100, holdouts 186-195 EXCLUDED from ft
  ft corpus: 7712/8144 train images (holdout classes removed)

===== [simclr-ft] (unsupervised) =====
  [simclr-ft] epoch 1/20  main=2.4941  aux=0.0000
  [simclr-ft] epoch 5/20  main=2.3615  aux=0.0000
  [simclr-ft] epoch 10/20  main=2.3330  aux=0.0000
  [simclr-ft] epoch 15/20  main=2.3200  aux=0.0000
  [simclr-ft] epoch 20/20  main=2.3160  aux=0.0000
  extracted ft70_simclr-ft train: (8144, 768)
  extracted ft70_simclr-ft test: (8041, 768)
  [simclr-ft     ] probe=0.6100+-0.0018 acc=0.0741 supAUC=0.7512 eucl=0.4718 mahaT=0.4617 mahaPC=0.4900

===== [sigreg-ssl-ft] (unsupervised) =====
  [sigreg-ssl-ft] epoch 1/20  main=0.0284  aux=0.1767
  [sigreg-ssl-ft] epoch 5/20  main=0.0251  aux=0.1136
  [sigreg-ssl-ft] epoch 10/20  main=0.0230  aux=0.1008
  [sigreg-ssl-ft] epoch 15/20  main=0.0216  aux=0.0945
  [sigreg-ssl-ft] epoch 20/20  main=0.0206  aux=0.0908
  extracted ft70_sigreg-ssl-ft train: (8144, 768)
  extracted ft70_sigreg-ssl-ft test: (8041, 768)
  [sigreg-ssl-ft ] probe=0.5738+-0.0133 acc=0.0641 supAUC=0.7603 eucl=0.4929 mahaT=0.4635 mahaPC=0.4841

===== [nplm-bil-ft] (unsupervised) =====
  [nplm-bil-ft] epoch 1/20  main=2127.6625  aux=0.7672
  [nplm-bil-ft] epoch 5/20  main=-2.2536  aux=0.6636
  [nplm-bil-ft] epoch 10/20  main=-2.5557  aux=0.6454
  [nplm-bil-ft] epoch 15/20  main=-2.8636  aux=0.6285
  [nplm-bil-ft] epoch 20/20  main=-3.0803  aux=0.6203
  extracted ft70_nplm-bil-ft train: (8144, 768)
  extracted ft70_nplm-bil-ft test: (8041, 768)
  [nplm-bil-ft   ] probe=0.5764+-0.0022 acc=0.0810 supAUC=0.8256 eucl=0.5368 mahaT=0.4903 mahaPC=0.5232

===== [supcon-ft] (supervised) =====
  [supcon-ft] epoch 1/20  main=0.9373  aux=0.0000
  [supcon-ft] epoch 5/20  main=0.7494  aux=0.0000
  [supcon-ft] epoch 10/20  main=0.6064  aux=0.0000
  [supcon-ft] epoch 15/20  main=0.5788  aux=0.0000
  [supcon-ft] epoch 20/20  main=0.5490  aux=0.0000
  extracted ft70_supcon-ft train: (8144, 768)
  extracted ft70_supcon-ft test: (8041, 768)
  [supcon-ft     ] probe=0.7067+-0.0077 acc=0.5546 supAUC=0.9897 eucl=0.7149 mahaT=0.6609 mahaPC=0.7172

===== [ss-ft] (supervised) =====
  [ss-ft] epoch 1/20  main=1.1188  aux=0.9070
  [ss-ft] epoch 5/20  main=0.7978  aux=0.5044
  [ss-ft] epoch 10/20  main=0.7185  aux=0.4480
  [ss-ft] epoch 15/20  main=0.6538  aux=0.4082
  [ss-ft] epoch 20/20  main=0.6550  aux=0.3848
  extracted ft70_ss-ft train: (8144, 768)
  extracted ft70_ss-ft test: (8041, 768)
  [ss-ft         ] probe=0.7407+-0.0068 acc=0.3508 supAUC=0.9724 eucl=0.5595 mahaT=0.5484 mahaPC=0.6108

===== [nplm-sup-ft] (supervised) =====
  [nplm-sup-ft] epoch 1/20  main=-0.4307  aux=0.6955
  [nplm-sup-ft] epoch 5/20  main=-0.5367  aux=0.6190
  [nplm-sup-ft] epoch 10/20  main=-0.5832  aux=0.5792
  [nplm-sup-ft] epoch 15/20  main=-0.6055  aux=0.5574
  [nplm-sup-ft] epoch 20/20  main=-0.6155  aux=0.5442
  extracted ft70_nplm-sup-ft train: (8144, 768)
  extracted ft70_nplm-sup-ft test: (8041, 768)
  [nplm-sup-ft   ] probe=0.5790+-0.0089 acc=0.1857 supAUC=0.9499 eucl=0.5779 mahaT=0.5780 mahaPC=0.5843

===== PRE table =====
  arm                        probe     acc  supAUC    eucl   mahaT  mahaPC
  simclr-ft          0.6100+-0.0018  0.0741  0.7512  0.4718  0.4617  0.4900
  sigreg-ssl-ft      0.5738+-0.0133  0.0641  0.7603  0.4929  0.4635  0.4841
  nplm-bil-ft        0.5764+-0.0022  0.0810  0.8256  0.5368  0.4903  0.5232
  supcon-ft          0.7067+-0.0077  0.5546  0.9897  0.7149  0.6609  0.7172
  ss-ft              0.7407+-0.0068  0.3508  0.9724  0.5595  0.5484  0.6108
  nplm-sup-ft        0.5790+-0.0089  0.1857  0.9499  0.5779  0.5780  0.5843

===== gaussianity (seen classes, test set) =====
  metric                         simclr-ft sigreg-ssl-ft   nplm-bil-ft     supcon-ft         ss-ft   nplm-sup-ft
  eig min (class cov)               -0.000        -0.000        -0.000        -0.000        -0.000        -0.000
  eig max (class cov)               62.264        22.409         1.457        38.404        16.083         1.175
  eig cond worst            62264417714176.022408698265600.01456721494016.038404427350016.016082555371520.01174782345216.0
  class RMS min                      0.514         0.613         0.144         0.812         0.445         0.042
  class RMS mean                     0.642         0.834         0.197         1.136         0.712         0.074
  class RMS max                      0.960         0.917         0.215         1.305         0.828         0.117
  max |corr| (worst class)           0.959         0.958         0.947         0.892         0.873         1.000
  SW ratio mean                       1.43          1.37          1.14          1.09          1.10          1.70
  SW ratio worst                      2.36          2.13          1.59          1.50          1.46          6.45
  |skew| mean                        0.391         0.347         0.300         0.299         0.306         0.490
  |ex-kurt| mean                     0.682         0.654         0.614         0.582         0.582         0.865
  centroid dist min                   1.05          1.38          0.25          2.78          1.37          0.04
  centroid dist mean                  2.90          4.32          1.21         18.26          8.00          4.15
  separation (min d/RMS)              1.64          1.65          1.28          2.45          1.93          0.58

===== PRE power batteries =====
  [simclr-ft] per-event pre power=0.038
  [simclr-ft] sparker (annealed)
    pre-spk f=0.003: power=0.020 [0.003,0.064] (1/50)
    pre-spk f=0.01: power=0.080 [0.042,0.138] (4/50)
    pre-spk f=0.02: power=0.080 [0.042,0.138] (4/50)
    pre-spk f=0.05: power=0.060 [0.028,0.115] (3/50)
    pre-spk f=0.1: power=0.100 [0.058,0.162] (5/50)
  [simclr-ft] maha
    pre-maha f=0.003: power=0.040 [0.014,0.090] (2/50)
    pre-maha f=0.01: power=0.000 [0.000,0.036] (0/50)
    pre-maha f=0.02: power=0.060 [0.028,0.115] (3/50)
    pre-maha f=0.05: power=0.100 [0.058,0.162] (5/50)
    pre-maha f=0.1: power=0.000 [0.000,0.036] (0/50)
  [simclr-ft] mmd
    pre-mmd f=0.003: power=0.020 [0.003,0.064] (1/50)
    pre-mmd f=0.01: power=0.080 [0.042,0.138] (4/50)
    pre-mmd f=0.02: power=0.020 [0.003,0.064] (1/50)
    pre-mmd f=0.05: power=0.040 [0.014,0.090] (2/50)
    pre-mmd f=0.1: power=0.200 [0.141,0.273] (10/50)
  [sigreg-ssl-ft] per-event pre power=0.031
  [sigreg-ssl-ft] sparker (annealed)
    pre-spk f=0.003: power=0.000 [0.000,0.036] (0/50)
    pre-spk f=0.01: power=0.060 [0.028,0.115] (3/50)
    pre-spk f=0.02: power=0.080 [0.042,0.138] (4/50)
    pre-spk f=0.05: power=0.000 [0.000,0.036] (0/50)
    pre-spk f=0.1: power=0.160 [0.107,0.229] (8/50)
  [sigreg-ssl-ft] maha
    pre-maha f=0.003: power=0.060 [0.028,0.115] (3/50)
    pre-maha f=0.01: power=0.060 [0.028,0.115] (3/50)
    pre-maha f=0.02: power=0.060 [0.028,0.115] (3/50)
    pre-maha f=0.05: power=0.020 [0.003,0.064] (1/50)
    pre-maha f=0.1: power=0.040 [0.014,0.090] (2/50)
  [sigreg-ssl-ft] mmd
    pre-mmd f=0.003: power=0.000 [0.000,0.036] (0/50)
    pre-mmd f=0.01: power=0.080 [0.042,0.138] (4/50)
    pre-mmd f=0.02: power=0.080 [0.042,0.138] (4/50)
    pre-mmd f=0.05: power=0.020 [0.003,0.064] (1/50)
    pre-mmd f=0.1: power=0.160 [0.107,0.229] (8/50)
  [nplm-bil-ft] per-event pre power=0.049
  [nplm-bil-ft] sparker (annealed)
    pre-spk f=0.003: power=0.040 [0.014,0.090] (2/50)
    pre-spk f=0.01: power=0.040 [0.014,0.090] (2/50)
    pre-spk f=0.02: power=0.200 [0.141,0.273] (10/50)
    pre-spk f=0.05: power=0.080 [0.042,0.138] (4/50)
    pre-spk f=0.1: power=0.160 [0.107,0.229] (8/50)
  [nplm-bil-ft] maha
    pre-maha f=0.003: power=0.060 [0.028,0.115] (3/50)
    pre-maha f=0.01: power=0.040 [0.014,0.090] (2/50)
    pre-maha f=0.02: power=0.060 [0.028,0.115] (3/50)
    pre-maha f=0.05: power=0.020 [0.003,0.064] (1/50)
    pre-maha f=0.1: power=0.140 [0.090,0.207] (7/50)
  [nplm-bil-ft] mmd
    pre-mmd f=0.003: power=0.040 [0.014,0.090] (2/50)
    pre-mmd f=0.01: power=0.100 [0.058,0.162] (5/50)
    pre-mmd f=0.02: power=0.020 [0.003,0.064] (1/50)
    pre-mmd f=0.05: power=0.040 [0.014,0.090] (2/50)
    pre-mmd f=0.1: power=0.100 [0.058,0.162] (5/50)
  [supcon-ft] per-event pre power=0.223
  [supcon-ft] sparker (annealed)
    pre-spk f=0.003: power=0.020 [0.003,0.064] (1/50)
    pre-spk f=0.01: power=0.080 [0.042,0.138] (4/50)
    pre-spk f=0.02: power=0.040 [0.014,0.090] (2/50)
    pre-spk f=0.05: power=0.460 [0.382,0.540] (23/50)
    pre-spk f=0.1: power=1.000 [0.964,1.000] (50/50)
  [supcon-ft] maha
    pre-maha f=0.003: power=0.020 [0.003,0.064] (1/50)
    pre-maha f=0.01: power=0.020 [0.003,0.064] (1/50)
    pre-maha f=0.02: power=0.120 [0.074,0.184] (6/50)
    pre-maha f=0.05: power=0.640 [0.560,0.714] (32/50)
    pre-maha f=0.1: power=0.960 [0.910,0.986] (48/50)
  [supcon-ft] mmd
    pre-mmd f=0.003: power=0.020 [0.003,0.064] (1/50)
    pre-mmd f=0.01: power=0.140 [0.090,0.207] (7/50)
    pre-mmd f=0.02: power=0.000 [0.000,0.036] (0/50)
    pre-mmd f=0.05: power=0.120 [0.074,0.184] (6/50)
    pre-mmd f=0.1: power=0.820 [0.749,0.876] (41/50)
  [ss-ft] per-event pre power=0.056
  [ss-ft] sparker (annealed)
    pre-spk f=0.003: power=0.040 [0.014,0.090] (2/50)
    pre-spk f=0.01: power=0.060 [0.028,0.115] (3/50)
    pre-spk f=0.02: power=0.040 [0.014,0.090] (2/50)
    pre-spk f=0.05: power=0.200 [0.141,0.273] (10/50)
    pre-spk f=0.1: power=0.900 [0.838,0.942] (45/50)
  [ss-ft] maha
    pre-maha f=0.003: power=0.040 [0.014,0.090] (2/50)
    pre-maha f=0.01: power=0.100 [0.058,0.162] (5/50)
    pre-maha f=0.02: power=0.080 [0.042,0.138] (4/50)
    pre-maha f=0.05: power=0.260 [0.194,0.336] (13/50)
    pre-maha f=0.1: power=0.540 [0.460,0.618] (27/50)
  [ss-ft] mmd
    pre-mmd f=0.003: power=0.060 [0.028,0.115] (3/50)
    pre-mmd f=0.01: power=0.100 [0.058,0.162] (5/50)
    pre-mmd f=0.02: power=0.020 [0.003,0.064] (1/50)
    pre-mmd f=0.05: power=0.160 [0.107,0.229] (8/50)
    pre-mmd f=0.1: power=0.820 [0.749,0.876] (41/50)
  [nplm-sup-ft] per-event pre power=0.167
  [nplm-sup-ft] sparker (annealed)
    pre-spk f=0.003: power=0.100 [0.058,0.162] (5/50)
    pre-spk f=0.01: power=0.080 [0.042,0.138] (4/50)
    pre-spk f=0.02: power=0.120 [0.074,0.184] (6/50)
    pre-spk f=0.05: power=0.720 [0.643,0.787] (36/50)
    pre-spk f=0.1: power=1.000 [0.964,1.000] (50/50)
  [nplm-sup-ft] maha
    pre-maha f=0.003: power=0.040 [0.014,0.090] (2/50)
    pre-maha f=0.01: power=0.020 [0.003,0.064] (1/50)
    pre-maha f=0.02: power=0.020 [0.003,0.064] (1/50)
    pre-maha f=0.05: power=0.220 [0.159,0.294] (11/50)
    pre-maha f=0.1: power=0.660 [0.581,0.732] (33/50)
  [nplm-sup-ft] mmd
    pre-mmd f=0.003: power=0.080 [0.042,0.138] (4/50)
    pre-mmd f=0.01: power=0.060 [0.028,0.115] (3/50)
    pre-mmd f=0.02: power=0.020 [0.003,0.064] (1/50)
    pre-mmd f=0.05: power=0.200 [0.141,0.273] (10/50)
    pre-mmd f=0.1: power=0.800 [0.727,0.859] (40/50)

===== EXP70 PEREVENT PRE POWER =====
  arm                 0.003     0.01     0.02     0.05      0.1
  simclr-ft           0.038    0.038    0.038    0.038    0.038
  sigreg-ssl-ft       0.031    0.031    0.031    0.031    0.031
  nplm-bil-ft         0.049    0.049    0.049    0.049    0.049
  supcon-ft           0.223    0.223    0.223    0.223    0.223
  ss-ft               0.056    0.056    0.056    0.056    0.056
  nplm-sup-ft         0.167    0.167    0.167    0.167    0.167
  saved /home/pharris/sigreg/SuperSig/plots/exp70_perevent_power_pre_cars_visreg_ft70.png

===== EXP70 SPARKER PRE POWER =====
  arm                 0.003     0.01     0.02     0.05      0.1
  simclr-ft           0.020    0.080    0.080    0.060    0.100
  sigreg-ssl-ft       0.000    0.060    0.080    0.000    0.160
  nplm-bil-ft         0.040    0.040    0.200    0.080    0.160
  supcon-ft           0.020    0.080    0.040    0.460    1.000
  ss-ft               0.040    0.060    0.040    0.200    0.900
  nplm-sup-ft         0.100    0.080    0.120    0.720    1.000
  saved /home/pharris/sigreg/SuperSig/plots/exp70_sparker_power_pre_cars_visreg_ft70.png

===== EXP70 MAHA PRE POWER =====
  arm                 0.003     0.01     0.02     0.05      0.1
  simclr-ft           0.040    0.000    0.060    0.100    0.000
  sigreg-ssl-ft       0.060    0.060    0.060    0.020    0.040
  nplm-bil-ft         0.060    0.040    0.060    0.020    0.140
  supcon-ft           0.020    0.020    0.120    0.640    0.960
  ss-ft               0.040    0.100    0.080    0.260    0.540
  nplm-sup-ft         0.040    0.020    0.020    0.220    0.660
  saved /home/pharris/sigreg/SuperSig/plots/exp70_maha_power_pre_cars_visreg_ft70.png

===== EXP70 MMD PRE POWER =====
  arm                 0.003     0.01     0.02     0.05      0.1
  simclr-ft           0.020    0.080    0.020    0.040    0.200
  sigreg-ssl-ft       0.000    0.080    0.080    0.020    0.160
  nplm-bil-ft         0.040    0.100    0.020    0.040    0.100
  supcon-ft           0.020    0.140    0.000    0.120    0.820
  ss-ft               0.060    0.100    0.020    0.160    0.820
  nplm-sup-ft         0.080    0.060    0.020    0.200    0.800
  saved /home/pharris/sigreg/SuperSig/plots/exp70_mmd_power_pre_cars_visreg_ft70.png

----- natural discovery: simclr-ft -----
  [sigreg+proto] epoch 1/5  sigreg=0.3268  proto=4.8425  min_dist=1.28  mean_dist=3.96
  [sigreg+proto] epoch 2/5  sigreg=0.3139  proto=4.4508  min_dist=1.38  mean_dist=4.09
  [sigreg+proto] epoch 3/5  sigreg=0.3039  proto=4.1277  min_dist=1.48  mean_dist=4.22
  [sigreg+proto] epoch 4/5  sigreg=0.3058  proto=3.9712  min_dist=1.58  mean_dist=4.34
  [sigreg+proto] epoch 5/5  sigreg=0.2963  proto=3.8770  min_dist=1.68  mean_dist=4.46
  round 1: pool=398 purity=0.030 k-hat=12 anchors=12  margin=0.5253  mean-anchor=0.5623  
  [sigreg+proto] epoch 1/5  sigreg=0.3561  proto=4.2940  min_dist=1.82  mean_dist=4.83
  [sigreg+proto] epoch 2/5  sigreg=0.3477  proto=3.8330  min_dist=1.95  mean_dist=4.99
  [sigreg+proto] epoch 3/5  sigreg=0.3452  proto=3.7260  min_dist=2.06  mean_dist=5.13
  [sigreg+proto] epoch 4/5  sigreg=0.3494  proto=3.7353  min_dist=2.17  mean_dist=5.27
  [sigreg+proto] epoch 5/5  sigreg=0.3636  proto=3.6097  min_dist=2.28  mean_dist=5.40
  round 2: pool=399 purity=0.033 k-hat=8 anchors=20  margin=0.4788  mean-anchor=0.6574  
  [simclr-ft] probe 0.6100 -> 0.6569  eucl 0.4718 -> 0.4890  mahaT 0.4617 -> 0.4673

----- natural discovery: sigreg-ssl-ft -----
  [sigreg+proto] epoch 1/5  sigreg=0.4216  proto=6.9296  min_dist=1.43  mean_dist=5.15
  [sigreg+proto] epoch 2/5  sigreg=0.6003  proto=5.3577  min_dist=1.52  mean_dist=5.28
  [sigreg+proto] epoch 3/5  sigreg=0.4912  proto=5.0103  min_dist=1.62  mean_dist=5.40
  [sigreg+proto] epoch 4/5  sigreg=0.4688  proto=4.8010  min_dist=1.71  mean_dist=5.52
  [sigreg+proto] epoch 5/5  sigreg=0.4712  proto=4.7602  min_dist=1.81  mean_dist=5.64
  round 1: pool=405 purity=0.047 k-hat=12 anchors=12  margin=0.5562  mean-anchor=0.5335  
  [sigreg+proto] epoch 1/5  sigreg=0.5097  proto=4.6266  min_dist=1.92  mean_dist=5.85
  [sigreg+proto] epoch 2/5  sigreg=0.5094  proto=4.5064  min_dist=2.03  mean_dist=5.98
  [sigreg+proto] epoch 3/5  sigreg=0.5101  proto=4.5505  min_dist=2.13  mean_dist=6.11
  [sigreg+proto] epoch 4/5  sigreg=0.5018  proto=4.0941  min_dist=2.24  mean_dist=6.24
  [sigreg+proto] epoch 5/5  sigreg=0.4981  proto=4.0767  min_dist=2.34  mean_dist=6.36
  round 2: pool=408 purity=0.054 k-hat=7 anchors=19  margin=0.5546  mean-anchor=0.6210  
  [sigreg-ssl-ft] probe 0.5738 -> 0.6336  eucl 0.4929 -> 0.4963  mahaT 0.4635 -> 0.4570

----- natural discovery: nplm-bil-ft -----
  [sigreg+proto] epoch 1/5  sigreg=0.5700  proto=4.3654  min_dist=0.40  mean_dist=1.59
  [sigreg+proto] epoch 2/5  sigreg=0.4702  proto=3.9352  min_dist=0.52  mean_dist=1.73
  [sigreg+proto] epoch 3/5  sigreg=0.4069  proto=3.8837  min_dist=0.61  mean_dist=1.86
  [sigreg+proto] epoch 4/5  sigreg=0.3983  proto=3.7745  min_dist=0.69  mean_dist=1.97
  [sigreg+proto] epoch 5/5  sigreg=0.3769  proto=3.8707  min_dist=0.76  mean_dist=2.08
  round 1: pool=406 purity=0.049 k-hat=1 anchors=1  margin=0.5282  mean-anchor=0.5281  
  [sigreg+proto] epoch 1/5  sigreg=0.4680  proto=4.2597  min_dist=0.88  mean_dist=2.54
  [sigreg+proto] epoch 2/5  sigreg=0.4541  proto=3.8924  min_dist=0.98  mean_dist=2.70
  [sigreg+proto] epoch 3/5  sigreg=0.4424  proto=3.7811  min_dist=1.08  mean_dist=2.85
  [sigreg+proto] epoch 4/5  sigreg=0.4365  proto=3.7841  min_dist=1.17  mean_dist=2.99
  [sigreg+proto] epoch 5/5  sigreg=0.4324  proto=3.7127  min_dist=1.25  mean_dist=3.11
  round 2: pool=393 purity=0.018 k-hat=6 anchors=7  margin=0.5144  mean-anchor=0.5291  
  [nplm-bil-ft] probe 0.5764 -> 0.6237  eucl 0.5368 -> 0.5539  mahaT 0.4903 -> 0.5231

----- natural discovery: supcon-ft -----
  [sigreg+proto] epoch 1/5  sigreg=0.2895  proto=5.0735  min_dist=3.38  mean_dist=18.39
  [sigreg+proto] epoch 2/5  sigreg=0.3160  proto=4.3794  min_dist=3.36  mean_dist=18.38
  [sigreg+proto] epoch 3/5  sigreg=0.3120  proto=3.4893  min_dist=3.35  mean_dist=18.38
  [sigreg+proto] epoch 4/5  sigreg=0.3212  proto=3.0374  min_dist=3.35  mean_dist=18.37
  [sigreg+proto] epoch 5/5  sigreg=0.3127  proto=2.8755  min_dist=3.35  mean_dist=18.37
  round 1: pool=486 purity=0.206 k-hat=12 anchors=12  margin=0.7971  mean-anchor=0.9213  
  [sigreg+proto] epoch 1/5  sigreg=0.3168  proto=3.1838  min_dist=3.41  mean_dist=18.24
  [sigreg+proto] epoch 2/5  sigreg=0.3243  proto=2.8656  min_dist=3.43  mean_dist=18.24
  [sigreg+proto] epoch 3/5  sigreg=0.3240  proto=2.6662  min_dist=3.44  mean_dist=18.24
  [sigreg+proto] epoch 4/5  sigreg=0.3117  proto=2.3194  min_dist=3.45  mean_dist=18.24
  [sigreg+proto] epoch 5/5  sigreg=0.3017  proto=2.0533  min_dist=3.46  mean_dist=18.24
  round 2: pool=429 purity=0.100 k-hat=12 anchors=24  margin=0.8017  mean-anchor=0.9360  
  [supcon-ft] probe 0.7067 -> 0.7585  eucl 0.7149 -> 0.6822  mahaT 0.6609 -> 0.6404

----- natural discovery: ss-ft -----
  [sigreg+proto] epoch 1/5  sigreg=0.2508  proto=2.7281  min_dist=1.81  mean_dist=8.41
  [sigreg+proto] epoch 2/5  sigreg=0.3018  proto=2.2408  min_dist=1.92  mean_dist=8.51
  [sigreg+proto] epoch 3/5  sigreg=0.2974  proto=1.9802  min_dist=2.04  mean_dist=8.61
  [sigreg+proto] epoch 4/5  sigreg=0.2821  proto=1.7445  min_dist=2.14  mean_dist=8.71
  [sigreg+proto] epoch 5/5  sigreg=0.2793  proto=1.5827  min_dist=2.24  mean_dist=8.80
  round 1: pool=412 purity=0.063 k-hat=11 anchors=11  margin=0.7393  mean-anchor=0.8592  
  [sigreg+proto] epoch 1/5  sigreg=0.2844  proto=1.7116  min_dist=2.33  mean_dist=8.84
  [sigreg+proto] epoch 2/5  sigreg=0.2883  proto=1.5448  min_dist=2.42  mean_dist=8.95
  [sigreg+proto] epoch 3/5  sigreg=0.2835  proto=1.2870  min_dist=2.51  mean_dist=9.05
  [sigreg+proto] epoch 4/5  sigreg=0.2726  proto=1.2843  min_dist=2.60  mean_dist=9.15
  [sigreg+proto] epoch 5/5  sigreg=0.2727  proto=1.2316  min_dist=2.69  mean_dist=9.25
  round 2: pool=421 purity=0.083 k-hat=7 anchors=18  margin=0.7459  mean-anchor=0.8741  
  [ss-ft] probe 0.7407 -> 0.7118  eucl 0.5595 -> 0.5791  mahaT 0.5484 -> 0.5529

----- natural discovery: nplm-sup-ft -----
  [sigreg+proto] epoch 1/5  sigreg=0.8390  proto=3.4174  min_dist=0.23  mean_dist=4.32
  [sigreg+proto] epoch 2/5  sigreg=0.8255  proto=3.2041  min_dist=0.30  mean_dist=4.37
  [sigreg+proto] epoch 3/5  sigreg=0.8049  proto=3.1844  min_dist=0.35  mean_dist=4.42
  [sigreg+proto] epoch 4/5  sigreg=0.7726  proto=3.1335  min_dist=0.38  mean_dist=4.47
  [sigreg+proto] epoch 5/5  sigreg=0.7329  proto=3.0650  min_dist=0.40  mean_dist=4.51
  round 1: pool=464 purity=0.168 k-hat=3 anchors=3  margin=0.5530  mean-anchor=0.7487  
  [sigreg+proto] epoch 1/5  sigreg=0.7134  proto=3.1263  min_dist=0.60  mean_dist=4.74
  [sigreg+proto] epoch 2/5  sigreg=0.7017  proto=3.1383  min_dist=0.69  mean_dist=4.84
  [sigreg+proto] epoch 3/5  sigreg=0.7046  proto=3.1227  min_dist=0.74  mean_dist=4.93
  [sigreg+proto] epoch 4/5  sigreg=0.6989  proto=3.0373  min_dist=0.79  mean_dist=5.02
  [sigreg+proto] epoch 5/5  sigreg=0.6965  proto=3.1338  min_dist=0.84  mean_dist=5.11
  round 2: pool=417 purity=0.074 k-hat=6 anchors=9  margin=0.5566  mean-anchor=0.7660  
  [nplm-sup-ft] probe 0.5790 -> 0.5493  eucl 0.5779 -> 0.5643  mahaT 0.5780 -> 0.5605

===== POST grid, f=0.003 (23 injected) =====
  [sigreg+proto] epoch 1/5  sigreg=0.3210  proto=4.9035  min_dist=1.28  mean_dist=3.96
  [sigreg+proto] epoch 2/5  sigreg=0.3189  proto=4.4846  min_dist=1.38  mean_dist=4.10
  [sigreg+proto] epoch 3/5  sigreg=0.2839  proto=4.2073  min_dist=1.48  mean_dist=4.23
  [sigreg+proto] epoch 4/5  sigreg=0.3033  proto=4.1001  min_dist=1.58  mean_dist=4.35
  [sigreg+proto] epoch 5/5  sigreg=0.3062  proto=3.9716  min_dist=1.67  mean_dist=4.47
  round 1: pool=387 purity=0.003 k-hat=12 anchors=12  margin=0.5429  mean-anchor=0.5620  
  [sigreg+proto] epoch 1/5  sigreg=0.3555  proto=4.2963  min_dist=1.81  mean_dist=4.99
  [sigreg+proto] epoch 2/5  sigreg=0.3668  proto=3.9694  min_dist=1.94  mean_dist=5.14
  [sigreg+proto] epoch 3/5  sigreg=0.3546  proto=3.7757  min_dist=2.06  mean_dist=5.29
  [sigreg+proto] epoch 4/5  sigreg=0.3586  proto=3.6359  min_dist=2.17  mean_dist=5.42
  [sigreg+proto] epoch 5/5  sigreg=0.3725  proto=3.5098  min_dist=2.27  mean_dist=5.55
  round 2: pool=386 purity=0.000 k-hat=12 anchors=24  margin=0.4926  mean-anchor=0.5816  
  [simclr-ft] per-event post f=0.003: power=0.031
  [simclr-ft] sparker (post, annealed)
    post-spk f=0.003: power=0.100 [0.058,0.162] (5/50)
  [simclr-ft] maha (post)
    post-maha f=0.003: power=0.080 [0.042,0.138] (4/50)
  [simclr-ft] mmd (post)
    post-mmd f=0.003: power=0.000 [0.000,0.036] (0/50)
  [sigreg+proto] epoch 1/5  sigreg=0.4233  proto=6.9426  min_dist=1.42  mean_dist=5.10
  [sigreg+proto] epoch 2/5  sigreg=0.6145  proto=5.5254  min_dist=1.51  mean_dist=5.23
  [sigreg+proto] epoch 3/5  sigreg=0.5114  proto=5.0579  min_dist=1.60  mean_dist=5.35
  [sigreg+proto] epoch 4/5  sigreg=0.4572  proto=4.6760  min_dist=1.69  mean_dist=5.47
  [sigreg+proto] epoch 5/5  sigreg=0.4539  proto=4.4840  min_dist=1.78  mean_dist=5.59
  round 1: pool=389 purity=0.008 k-hat=11 anchors=11  margin=0.5383  mean-anchor=0.5475  
  [sigreg+proto] epoch 1/5  sigreg=0.5013  proto=4.5206  min_dist=1.89  mean_dist=5.80
  [sigreg+proto] epoch 2/5  sigreg=0.5146  proto=4.3225  min_dist=2.00  mean_dist=5.94
  [sigreg+proto] epoch 3/5  sigreg=0.5085  proto=4.1683  min_dist=2.10  mean_dist=6.07
  [sigreg+proto] epoch 4/5  sigreg=0.4960  proto=4.1272  min_dist=2.20  mean_dist=6.20
  [sigreg+proto] epoch 5/5  sigreg=0.5179  proto=3.9880  min_dist=2.29  mean_dist=6.32
  round 2: pool=386 purity=0.000 k-hat=7 anchors=18  margin=0.5816  mean-anchor=0.5701  
  [sigreg-ssl-ft] per-event post f=0.003: power=0.056
  [sigreg-ssl-ft] sparker (post, annealed)
    post-spk f=0.003: power=0.060 [0.028,0.115] (3/50)
  [sigreg-ssl-ft] maha (post)
    post-maha f=0.003: power=0.060 [0.028,0.115] (3/50)
  [sigreg-ssl-ft] mmd (post)
    post-mmd f=0.003: power=0.120 [0.074,0.184] (6/50)
  [sigreg+proto] epoch 1/5  sigreg=0.5782  proto=4.2923  min_dist=0.40  mean_dist=1.59
  [sigreg+proto] epoch 2/5  sigreg=0.4851  proto=4.0591  min_dist=0.52  mean_dist=1.73
  [sigreg+proto] epoch 3/5  sigreg=0.4272  proto=3.8684  min_dist=0.61  mean_dist=1.86
  [sigreg+proto] epoch 4/5  sigreg=0.4163  proto=3.8323  min_dist=0.69  mean_dist=1.97
  [sigreg+proto] epoch 5/5  sigreg=0.3927  proto=3.7112  min_dist=0.76  mean_dist=2.08
  round 1: pool=389 purity=0.008 k-hat=1 anchors=1  margin=0.5298  mean-anchor=0.5304  
  [sigreg+proto] epoch 1/5  sigreg=0.5035  proto=4.6323  min_dist=0.88  mean_dist=2.58
  [sigreg+proto] epoch 2/5  sigreg=0.4789  proto=4.0237  min_dist=0.98  mean_dist=2.74
  [sigreg+proto] epoch 3/5  sigreg=0.4614  proto=3.8671  min_dist=1.08  mean_dist=2.89
  [sigreg+proto] epoch 4/5  sigreg=0.4501  proto=3.7971  min_dist=1.17  mean_dist=3.03
  [sigreg+proto] epoch 5/5  sigreg=0.4464  proto=3.7982  min_dist=1.25  mean_dist=3.15
  round 2: pool=388 purity=0.005 k-hat=6 anchors=7  margin=0.5109  mean-anchor=0.5469  
  [nplm-bil-ft] per-event post f=0.003: power=0.042
  [nplm-bil-ft] sparker (post, annealed)
    post-spk f=0.003: power=0.140 [0.090,0.207] (7/50)
  [nplm-bil-ft] maha (post)
    post-maha f=0.003: power=0.040 [0.014,0.090] (2/50)
  [nplm-bil-ft] mmd (post)
    post-mmd f=0.003: power=0.000 [0.000,0.036] (0/50)
  [sigreg+proto] epoch 1/5  sigreg=0.2861  proto=5.3479  min_dist=3.42  mean_dist=18.35
  [sigreg+proto] epoch 2/5  sigreg=0.3398  proto=4.2921  min_dist=3.41  mean_dist=18.35
  [sigreg+proto] epoch 3/5  sigreg=0.3351  proto=3.7460  min_dist=3.41  mean_dist=18.34
  [sigreg+proto] epoch 4/5  sigreg=0.3288  proto=3.2642  min_dist=3.41  mean_dist=18.34
  [sigreg+proto] epoch 5/5  sigreg=0.3263  proto=2.8935  min_dist=3.41  mean_dist=18.33
  round 1: pool=393 purity=0.018 k-hat=12 anchors=12  margin=0.7074  mean-anchor=0.8989  
  [sigreg+proto] epoch 1/5  sigreg=0.3424  proto=3.7917  min_dist=3.50  mean_dist=18.12
  [sigreg+proto] epoch 2/5  sigreg=0.3427  proto=3.3892  min_dist=3.52  mean_dist=18.12
  [sigreg+proto] epoch 3/5  sigreg=0.3197  proto=2.6402  min_dist=3.54  mean_dist=18.12
  [sigreg+proto] epoch 4/5  sigreg=0.3129  proto=2.5614  min_dist=3.56  mean_dist=18.12
  [sigreg+proto] epoch 5/5  sigreg=0.3010  proto=2.0765  min_dist=3.55  mean_dist=18.12
  round 2: pool=388 purity=0.005 k-hat=10 anchors=22  margin=0.7154  mean-anchor=0.8809  
  [supcon-ft] per-event post f=0.003: power=0.136
  [supcon-ft] sparker (post, annealed)
    post-spk f=0.003: power=0.080 [0.042,0.138] (4/50)
  [supcon-ft] maha (post)
    post-maha f=0.003: power=0.060 [0.028,0.115] (3/50)
  [supcon-ft] mmd (post)
    post-mmd f=0.003: power=0.000 [0.000,0.036] (0/50)
  [sigreg+proto] epoch 1/5  sigreg=0.2375  proto=2.5668  min_dist=1.84  mean_dist=8.40
  [sigreg+proto] epoch 2/5  sigreg=0.2945  proto=2.1522  min_dist=1.96  mean_dist=8.51
  [sigreg+proto] epoch 3/5  sigreg=0.2930  proto=1.9528  min_dist=2.08  mean_dist=8.61
  [sigreg+proto] epoch 4/5  sigreg=0.2799  proto=1.6435  min_dist=2.19  mean_dist=8.70
  [sigreg+proto] epoch 5/5  sigreg=0.2725  proto=1.5560  min_dist=2.28  mean_dist=8.80
  round 1: pool=386 purity=0.000 k-hat=7 anchors=7  margin=0.6805  mean-anchor=0.7772  
  [sigreg+proto] epoch 1/5  sigreg=0.2754  proto=1.6907  min_dist=2.37  mean_dist=8.84
  [sigreg+proto] epoch 2/5  sigreg=0.2859  proto=1.5798  min_dist=2.46  mean_dist=8.95
  [sigreg+proto] epoch 3/5  sigreg=0.2855  proto=1.3237  min_dist=2.53  mean_dist=9.05
  [sigreg+proto] epoch 4/5  sigreg=0.2765  proto=1.2906  min_dist=2.60  mean_dist=9.15
  [sigreg+proto] epoch 5/5  sigreg=0.2711  proto=1.1961  min_dist=2.67  mean_dist=9.24
  round 2: pool=386 purity=0.000 k-hat=7 anchors=14  margin=0.7142  mean-anchor=0.7981  
  [ss-ft] per-event post f=0.003: power=0.115
  [ss-ft] sparker (post, annealed)
    post-spk f=0.003: power=0.080 [0.042,0.138] (4/50)
  [ss-ft] maha (post)
    post-maha f=0.003: power=0.060 [0.028,0.115] (3/50)
  [ss-ft] mmd (post)
    post-mmd f=0.003: power=0.080 [0.042,0.138] (4/50)
  [sigreg+proto] epoch 1/5  sigreg=0.8382  proto=3.4178  min_dist=0.23  mean_dist=4.33
  [sigreg+proto] epoch 2/5  sigreg=0.8186  proto=3.2560  min_dist=0.30  mean_dist=4.38
  [sigreg+proto] epoch 3/5  sigreg=0.7954  proto=3.2138  min_dist=0.35  mean_dist=4.43
  [sigreg+proto] epoch 4/5  sigreg=0.7798  proto=3.1362  min_dist=0.38  mean_dist=4.48
  [sigreg+proto] epoch 5/5  sigreg=0.7535  proto=3.1697  min_dist=0.40  mean_dist=4.52
  round 1: pool=391 purity=0.013 k-hat=3 anchors=3  margin=0.4236  mean-anchor=0.7247  
  [sigreg+proto] epoch 1/5  sigreg=0.7513  proto=3.2598  min_dist=0.58  mean_dist=4.71
  [sigreg+proto] epoch 2/5  sigreg=0.7569  proto=3.0893  min_dist=0.65  mean_dist=4.80
  [sigreg+proto] epoch 3/5  sigreg=0.7377  proto=3.0882  min_dist=0.71  mean_dist=4.88
  [sigreg+proto] epoch 4/5  sigreg=0.7380  proto=3.1643  min_dist=0.76  mean_dist=4.97
  [sigreg+proto] epoch 5/5  sigreg=0.7375  proto=3.0306  min_dist=0.81  mean_dist=5.05
  round 2: pool=388 purity=0.005 k-hat=5 anchors=8  margin=0.4652  mean-anchor=0.7449  
  [nplm-sup-ft] per-event post f=0.003: power=0.101
  [nplm-sup-ft] sparker (post, annealed)
    post-spk f=0.003: power=0.040 [0.014,0.090] (2/50)
  [nplm-sup-ft] maha (post)
    post-maha f=0.003: power=0.160 [0.107,0.229] (8/50)
  [nplm-sup-ft] mmd (post)
    post-mmd f=0.003: power=0.040 [0.014,0.090] (2/50)

===== POST grid, f=0.01 (78 injected) =====
  [sigreg+proto] epoch 1/5  sigreg=0.3167  proto=4.7707  min_dist=1.28  mean_dist=3.92
  [sigreg+proto] epoch 2/5  sigreg=0.3098  proto=4.4639  min_dist=1.38  mean_dist=4.05
  [sigreg+proto] epoch 3/5  sigreg=0.2989  proto=4.1032  min_dist=1.48  mean_dist=4.18
  [sigreg+proto] epoch 4/5  sigreg=0.3167  proto=4.0592  min_dist=1.58  mean_dist=4.31
  [sigreg+proto] epoch 5/5  sigreg=0.2994  proto=3.9891  min_dist=1.68  mean_dist=4.43
  round 1: pool=388 purity=0.005 k-hat=12 anchors=12  margin=0.5371  mean-anchor=0.5601  
  [sigreg+proto] epoch 1/5  sigreg=0.3403  proto=4.1540  min_dist=1.82  mean_dist=4.78
  [sigreg+proto] epoch 2/5  sigreg=0.3689  proto=3.8261  min_dist=1.95  mean_dist=4.93
  [sigreg+proto] epoch 3/5  sigreg=0.3413  proto=3.8505  min_dist=2.06  mean_dist=5.07
  [sigreg+proto] epoch 4/5  sigreg=0.3647  proto=3.6188  min_dist=2.17  mean_dist=5.21
  [sigreg+proto] epoch 5/5  sigreg=0.3546  proto=3.4683  min_dist=2.27  mean_dist=5.35
  round 2: pool=390 purity=0.010 k-hat=7 anchors=19  margin=0.4740  mean-anchor=0.6337  
  [simclr-ft] per-event post f=0.01: power=0.061
  [simclr-ft] sparker (post, annealed)
    post-spk f=0.01: power=0.020 [0.003,0.064] (1/50)
  [simclr-ft] maha (post)
    post-maha f=0.01: power=0.080 [0.042,0.138] (4/50)
  [simclr-ft] mmd (post)
    post-mmd f=0.01: power=0.100 [0.058,0.162] (5/50)
  [sigreg+proto] epoch 1/5  sigreg=0.4222  proto=7.0405  min_dist=1.42  mean_dist=5.12
  [sigreg+proto] epoch 2/5  sigreg=0.5765  proto=5.3029  min_dist=1.52  mean_dist=5.25
  [sigreg+proto] epoch 3/5  sigreg=0.4824  proto=4.9555  min_dist=1.61  mean_dist=5.37
  [sigreg+proto] epoch 4/5  sigreg=0.4673  proto=4.7086  min_dist=1.71  mean_dist=5.49
  [sigreg+proto] epoch 5/5  sigreg=0.4706  proto=4.4752  min_dist=1.81  mean_dist=5.61
  round 1: pool=386 purity=0.000 k-hat=11 anchors=11  margin=0.5716  mean-anchor=0.5576  
  [sigreg+proto] epoch 1/5  sigreg=0.4900  proto=4.5441  min_dist=1.92  mean_dist=5.80
  [sigreg+proto] epoch 2/5  sigreg=0.5211  proto=4.2908  min_dist=2.03  mean_dist=5.93
  [sigreg+proto] epoch 3/5  sigreg=0.5233  proto=4.2593  min_dist=2.14  mean_dist=6.06
  [sigreg+proto] epoch 4/5  sigreg=0.5107  proto=3.9216  min_dist=2.24  mean_dist=6.19
  [sigreg+proto] epoch 5/5  sigreg=0.5217  proto=3.8740  min_dist=2.35  mean_dist=6.32
  round 2: pool=390 purity=0.010 k-hat=7 anchors=18  margin=0.5663  mean-anchor=0.6842  
  [sigreg-ssl-ft] per-event post f=0.01: power=0.056
  [sigreg-ssl-ft] sparker (post, annealed)
    post-spk f=0.01: power=0.100 [0.058,0.162] (5/50)
  [sigreg-ssl-ft] maha (post)
    post-maha f=0.01: power=0.060 [0.028,0.115] (3/50)
  [sigreg-ssl-ft] mmd (post)
    post-mmd f=0.01: power=0.060 [0.028,0.115] (3/50)
  [sigreg+proto] epoch 1/5  sigreg=0.5830  proto=4.3577  min_dist=0.40  mean_dist=1.59
  [sigreg+proto] epoch 2/5  sigreg=0.4885  proto=4.0159  min_dist=0.52  mean_dist=1.73
  [sigreg+proto] epoch 3/5  sigreg=0.4261  proto=3.9936  min_dist=0.61  mean_dist=1.86
  [sigreg+proto] epoch 4/5  sigreg=0.4029  proto=3.8659  min_dist=0.69  mean_dist=1.97
  [sigreg+proto] epoch 5/5  sigreg=0.3935  proto=3.8131  min_dist=0.76  mean_dist=2.08
  round 1: pool=390 purity=0.010 k-hat=1 anchors=1  margin=0.5284  mean-anchor=0.5415  
  [sigreg+proto] epoch 1/5  sigreg=0.4663  proto=4.2106  min_dist=0.88  mean_dist=2.48
  [sigreg+proto] epoch 2/5  sigreg=0.4522  proto=3.9429  min_dist=0.98  mean_dist=2.64
  [sigreg+proto] epoch 3/5  sigreg=0.4266  proto=3.8596  min_dist=1.08  mean_dist=2.79
  [sigreg+proto] epoch 4/5  sigreg=0.4270  proto=3.8319  min_dist=1.17  mean_dist=2.92
  [sigreg+proto] epoch 5/5  sigreg=0.4347  proto=3.8002  min_dist=1.25  mean_dist=3.05
  round 2: pool=388 purity=0.005 k-hat=4 anchors=5  margin=0.5018  mean-anchor=0.5504  
  [nplm-bil-ft] per-event post f=0.01: power=0.045
  [nplm-bil-ft] sparker (post, annealed)
    post-spk f=0.01: power=0.000 [0.000,0.036] (0/50)
  [nplm-bil-ft] maha (post)
    post-maha f=0.01: power=0.160 [0.107,0.229] (8/50)
  [nplm-bil-ft] mmd (post)
    post-mmd f=0.01: power=0.060 [0.028,0.115] (3/50)
  [sigreg+proto] epoch 1/5  sigreg=0.3045  proto=5.1703  min_dist=3.48  mean_dist=18.35
  [sigreg+proto] epoch 2/5  sigreg=0.3270  proto=4.6179  min_dist=3.51  mean_dist=18.35
  [sigreg+proto] epoch 3/5  sigreg=0.3415  proto=3.6740  min_dist=3.54  mean_dist=18.34
  [sigreg+proto] epoch 4/5  sigreg=0.3294  proto=3.1341  min_dist=3.55  mean_dist=18.34
  [sigreg+proto] epoch 5/5  sigreg=0.3258  proto=2.7467  min_dist=3.56  mean_dist=18.33
  round 1: pool=408 purity=0.054 k-hat=12 anchors=12  margin=0.6874  mean-anchor=0.8897  
  [sigreg+proto] epoch 1/5  sigreg=0.3386  proto=3.4015  min_dist=3.58  mean_dist=18.13
  [sigreg+proto] epoch 2/5  sigreg=0.3241  proto=3.1810  min_dist=3.57  mean_dist=18.13
  [sigreg+proto] epoch 3/5  sigreg=0.3277  proto=2.8351  min_dist=3.58  mean_dist=18.13
  [sigreg+proto] epoch 4/5  sigreg=0.3091  proto=2.2387  min_dist=3.58  mean_dist=18.12
  [sigreg+proto] epoch 5/5  sigreg=0.3145  proto=2.1808  min_dist=3.58  mean_dist=18.12
  round 2: pool=404 purity=0.045 k-hat=11 anchors=23  margin=0.7582  mean-anchor=0.8774  
  [supcon-ft] per-event post f=0.01: power=0.216
  [supcon-ft] sparker (post, annealed)
    post-spk f=0.01: power=0.080 [0.042,0.138] (4/50)
  [supcon-ft] maha (post)
    post-maha f=0.01: power=0.240 [0.177,0.315] (12/50)
  [supcon-ft] mmd (post)
    post-mmd f=0.01: power=0.100 [0.058,0.162] (5/50)
  [sigreg+proto] epoch 1/5  sigreg=0.2416  proto=2.7421  min_dist=1.86  mean_dist=8.40
  [sigreg+proto] epoch 2/5  sigreg=0.3093  proto=2.3719  min_dist=2.00  mean_dist=8.50
  [sigreg+proto] epoch 3/5  sigreg=0.3003  proto=1.8911  min_dist=2.10  mean_dist=8.60
  [sigreg+proto] epoch 4/5  sigreg=0.2828  proto=1.7885  min_dist=2.20  mean_dist=8.70
  [sigreg+proto] epoch 5/5  sigreg=0.2871  proto=1.6743  min_dist=2.29  mean_dist=8.79
  round 1: pool=390 purity=0.010 k-hat=8 anchors=8  margin=0.6966  mean-anchor=0.7902  
  [sigreg+proto] epoch 1/5  sigreg=0.2909  proto=1.6446  min_dist=2.37  mean_dist=8.84
  [sigreg+proto] epoch 2/5  sigreg=0.2899  proto=1.6328  min_dist=2.45  mean_dist=8.94
  [sigreg+proto] epoch 3/5  sigreg=0.2936  proto=1.3745  min_dist=2.53  mean_dist=9.04
  [sigreg+proto] epoch 4/5  sigreg=0.2767  proto=1.2379  min_dist=2.60  mean_dist=9.14
  [sigreg+proto] epoch 5/5  sigreg=0.2773  proto=1.3013  min_dist=2.68  mean_dist=9.24
  round 2: pool=391 purity=0.013 k-hat=7 anchors=15  margin=0.7082  mean-anchor=0.8229  
  [ss-ft] per-event post f=0.01: power=0.077
  [ss-ft] sparker (post, annealed)
    post-spk f=0.01: power=0.020 [0.003,0.064] (1/50)
  [ss-ft] maha (post)
    post-maha f=0.01: power=0.200 [0.141,0.273] (10/50)
  [ss-ft] mmd (post)
    post-mmd f=0.01: power=0.040 [0.014,0.090] (2/50)
  [sigreg+proto] epoch 1/5  sigreg=0.8420  proto=3.3629  min_dist=0.23  mean_dist=4.32
  [sigreg+proto] epoch 2/5  sigreg=0.8290  proto=3.2760  min_dist=0.30  mean_dist=4.37
  [sigreg+proto] epoch 3/5  sigreg=0.8047  proto=3.2322  min_dist=0.35  mean_dist=4.41
  [sigreg+proto] epoch 4/5  sigreg=0.7728  proto=3.2397  min_dist=0.38  mean_dist=4.46
  [sigreg+proto] epoch 5/5  sigreg=0.7504  proto=3.1580  min_dist=0.40  mean_dist=4.51
  round 1: pool=402 purity=0.040 k-hat=2 anchors=2  margin=0.6309  mean-anchor=0.7619  
    merged 6 -> 5 anchors
  [sigreg+proto] epoch 1/5  sigreg=0.7379  proto=3.1905  min_dist=0.59  mean_dist=4.68
  [sigreg+proto] epoch 2/5  sigreg=0.7340  proto=3.0454  min_dist=0.68  mean_dist=4.77
  [sigreg+proto] epoch 3/5  sigreg=0.7127  proto=3.1071  min_dist=0.73  mean_dist=4.86
  [sigreg+proto] epoch 4/5  sigreg=0.6990  proto=3.1547  min_dist=0.78  mean_dist=4.94
  [sigreg+proto] epoch 5/5  sigreg=0.7047  proto=3.0601  min_dist=0.82  mean_dist=5.02
  round 2: pool=397 purity=0.028 k-hat=4 anchors=5  margin=0.5973  mean-anchor=0.8302  
  [nplm-sup-ft] per-event post f=0.01: power=0.040
  [nplm-sup-ft] sparker (post, annealed)
    post-spk f=0.01: power=0.060 [0.028,0.115] (3/50)
  [nplm-sup-ft] maha (post)
    post-maha f=0.01: power=0.040 [0.014,0.090] (2/50)
  [nplm-sup-ft] mmd (post)
    post-mmd f=0.01: power=0.160 [0.107,0.229] (8/50)

===== POST grid, f=0.02 (157 injected) =====
  [sigreg+proto] epoch 1/5  sigreg=0.3210  proto=4.8160  min_dist=1.28  mean_dist=3.89
  [sigreg+proto] epoch 2/5  sigreg=0.2898  proto=4.4122  min_dist=1.38  mean_dist=4.02
  [sigreg+proto] epoch 3/5  sigreg=0.3075  proto=4.1833  min_dist=1.48  mean_dist=4.15
  [sigreg+proto] epoch 4/5  sigreg=0.3135  proto=4.0106  min_dist=1.58  mean_dist=4.28
  [sigreg+proto] epoch 5/5  sigreg=0.3154  proto=3.8518  min_dist=1.68  mean_dist=4.40
  round 1: pool=390 purity=0.010 k-hat=11 anchors=11  margin=0.5305  mean-anchor=0.5673  
  [sigreg+proto] epoch 1/5  sigreg=0.3390  proto=4.1658  min_dist=1.82  mean_dist=4.73
  [sigreg+proto] epoch 2/5  sigreg=0.3367  proto=3.8405  min_dist=1.95  mean_dist=4.89
  [sigreg+proto] epoch 3/5  sigreg=0.3508  proto=3.6074  min_dist=2.08  mean_dist=5.03
  [sigreg+proto] epoch 4/5  sigreg=0.3448  proto=3.5888  min_dist=2.19  mean_dist=5.17
  [sigreg+proto] epoch 5/5  sigreg=0.3470  proto=3.4810  min_dist=2.29  mean_dist=5.31
  round 2: pool=389 purity=0.008 k-hat=7 anchors=18  margin=0.5093  mean-anchor=0.6135  
  [simclr-ft] per-event post f=0.02: power=0.033
  [simclr-ft] sparker (post, annealed)
    post-spk f=0.02: power=0.040 [0.014,0.090] (2/50)
  [simclr-ft] maha (post)
    post-maha f=0.02: power=0.080 [0.042,0.138] (4/50)
  [simclr-ft] mmd (post)
    post-mmd f=0.02: power=0.000 [0.000,0.036] (0/50)
  [sigreg+proto] epoch 1/5  sigreg=0.4180  proto=7.1738  min_dist=1.43  mean_dist=5.15
  [sigreg+proto] epoch 2/5  sigreg=0.6082  proto=5.6106  min_dist=1.52  mean_dist=5.28
  [sigreg+proto] epoch 3/5  sigreg=0.4863  proto=5.2285  min_dist=1.62  mean_dist=5.40
  [sigreg+proto] epoch 4/5  sigreg=0.4725  proto=4.8193  min_dist=1.71  mean_dist=5.52
  [sigreg+proto] epoch 5/5  sigreg=0.4863  proto=4.6997  min_dist=1.81  mean_dist=5.64
  round 1: pool=394 purity=0.020 k-hat=12 anchors=12  margin=0.5444  mean-anchor=0.5238  
  [sigreg+proto] epoch 1/5  sigreg=0.5119  proto=4.6704  min_dist=1.92  mean_dist=5.88
  [sigreg+proto] epoch 2/5  sigreg=0.5174  proto=4.2844  min_dist=2.04  mean_dist=6.02
  [sigreg+proto] epoch 3/5  sigreg=0.4951  proto=4.3164  min_dist=2.14  mean_dist=6.15
  [sigreg+proto] epoch 4/5  sigreg=0.5106  proto=4.0665  min_dist=2.25  mean_dist=6.28
  [sigreg+proto] epoch 5/5  sigreg=0.5257  proto=4.1696  min_dist=2.36  mean_dist=6.40
  round 2: pool=397 purity=0.028 k-hat=10 anchors=22  margin=0.5342  mean-anchor=0.6988  
  [sigreg-ssl-ft] per-event post f=0.02: power=0.040
  [sigreg-ssl-ft] sparker (post, annealed)
    post-spk f=0.02: power=0.040 [0.014,0.090] (2/50)
  [sigreg-ssl-ft] maha (post)
    post-maha f=0.02: power=0.080 [0.042,0.138] (4/50)
  [sigreg-ssl-ft] mmd (post)
    post-mmd f=0.02: power=0.080 [0.042,0.138] (4/50)
  [sigreg+proto] epoch 1/5  sigreg=0.5733  proto=4.3467  min_dist=0.40  mean_dist=1.59
  [sigreg+proto] epoch 2/5  sigreg=0.4700  proto=4.0267  min_dist=0.52  mean_dist=1.73
  [sigreg+proto] epoch 3/5  sigreg=0.4220  proto=3.8799  min_dist=0.61  mean_dist=1.86
  [sigreg+proto] epoch 4/5  sigreg=0.4082  proto=3.8908  min_dist=0.69  mean_dist=1.97
  [sigreg+proto] epoch 5/5  sigreg=0.3965  proto=3.8110  min_dist=0.76  mean_dist=2.08
  round 1: pool=393 purity=0.018 k-hat=1 anchors=1  margin=0.5252  mean-anchor=0.5216  
  [sigreg+proto] epoch 1/5  sigreg=0.4957  proto=4.3158  min_dist=0.88  mean_dist=2.50
  [sigreg+proto] epoch 2/5  sigreg=0.4666  proto=3.9439  min_dist=0.98  mean_dist=2.66
  [sigreg+proto] epoch 3/5  sigreg=0.4443  proto=3.8403  min_dist=1.08  mean_dist=2.81
  [sigreg+proto] epoch 4/5  sigreg=0.4345  proto=3.8689  min_dist=1.17  mean_dist=2.95
  [sigreg+proto] epoch 5/5  sigreg=0.4339  proto=3.8516  min_dist=1.25  mean_dist=3.07
  round 2: pool=392 purity=0.015 k-hat=5 anchors=6  margin=0.5155  mean-anchor=0.5393  
  [nplm-bil-ft] per-event post f=0.02: power=0.023
  [nplm-bil-ft] sparker (post, annealed)
    post-spk f=0.02: power=0.100 [0.058,0.162] (5/50)
  [nplm-bil-ft] maha (post)
    post-maha f=0.02: power=0.140 [0.090,0.207] (7/50)
  [nplm-bil-ft] mmd (post)
    post-mmd f=0.02: power=0.140 [0.090,0.207] (7/50)
  [sigreg+proto] epoch 1/5  sigreg=0.2883  proto=5.4806  min_dist=3.41  mean_dist=18.37
  [sigreg+proto] epoch 2/5  sigreg=0.3024  proto=3.9168  min_dist=3.43  mean_dist=18.37
  [sigreg+proto] epoch 3/5  sigreg=0.3293  proto=3.5283  min_dist=3.45  mean_dist=18.36
  [sigreg+proto] epoch 4/5  sigreg=0.3196  proto=3.1655  min_dist=3.46  mean_dist=18.36
  [sigreg+proto] epoch 5/5  sigreg=0.3216  proto=2.9000  min_dist=3.45  mean_dist=18.35
  round 1: pool=424 purity=0.090 k-hat=12 anchors=12  margin=0.7553  mean-anchor=0.9167  
  [sigreg+proto] epoch 1/5  sigreg=0.3385  proto=3.5195  min_dist=3.45  mean_dist=18.19
  [sigreg+proto] epoch 2/5  sigreg=0.3077  proto=2.7888  min_dist=3.44  mean_dist=18.19
  [sigreg+proto] epoch 3/5  sigreg=0.3163  proto=2.7145  min_dist=3.45  mean_dist=18.19
  [sigreg+proto] epoch 4/5  sigreg=0.3014  proto=2.4187  min_dist=3.45  mean_dist=18.18
  [sigreg+proto] epoch 5/5  sigreg=0.3114  proto=2.2804  min_dist=3.46  mean_dist=18.18
  round 2: pool=400 purity=0.035 k-hat=10 anchors=22  margin=0.7524  mean-anchor=0.9151  
  [supcon-ft] per-event post f=0.02: power=0.246
  [supcon-ft] sparker (post, annealed)
    post-spk f=0.02: power=0.060 [0.028,0.115] (3/50)
  [supcon-ft] maha (post)
    post-maha f=0.02: power=0.220 [0.159,0.294] (11/50)
  [supcon-ft] mmd (post)
    post-mmd f=0.02: power=0.120 [0.074,0.184] (6/50)
  [sigreg+proto] epoch 1/5  sigreg=0.2442  proto=2.7399  min_dist=1.87  mean_dist=8.40
  [sigreg+proto] epoch 2/5  sigreg=0.2945  proto=2.2066  min_dist=1.99  mean_dist=8.50
  [sigreg+proto] epoch 3/5  sigreg=0.2787  proto=1.9300  min_dist=2.10  mean_dist=8.60
  [sigreg+proto] epoch 4/5  sigreg=0.2884  proto=1.7933  min_dist=2.20  mean_dist=8.70
  [sigreg+proto] epoch 5/5  sigreg=0.2888  proto=1.4910  min_dist=2.30  mean_dist=8.79
  round 1: pool=401 purity=0.037 k-hat=7 anchors=7  margin=0.7023  mean-anchor=0.8288  
  [sigreg+proto] epoch 1/5  sigreg=0.2790  proto=1.6840  min_dist=2.39  mean_dist=8.84
  [sigreg+proto] epoch 2/5  sigreg=0.2944  proto=1.5174  min_dist=2.44  mean_dist=8.94
  [sigreg+proto] epoch 3/5  sigreg=0.2875  proto=1.3260  min_dist=2.50  mean_dist=9.04
  [sigreg+proto] epoch 4/5  sigreg=0.2783  proto=1.1561  min_dist=2.57  mean_dist=9.14
  [sigreg+proto] epoch 5/5  sigreg=0.2639  proto=1.1497  min_dist=2.63  mean_dist=9.24
  round 2: pool=400 purity=0.035 k-hat=7 anchors=14  margin=0.7420  mean-anchor=0.8488  
  [ss-ft] per-event post f=0.02: power=0.146
  [ss-ft] sparker (post, annealed)
    post-spk f=0.02: power=0.140 [0.090,0.207] (7/50)
  [ss-ft] maha (post)
    post-maha f=0.02: power=0.080 [0.042,0.138] (4/50)
  [ss-ft] mmd (post)
    post-mmd f=0.02: power=0.180 [0.124,0.251] (9/50)
  [sigreg+proto] epoch 1/5  sigreg=0.8364  proto=3.3718  min_dist=0.23  mean_dist=4.32
  [sigreg+proto] epoch 2/5  sigreg=0.8135  proto=3.2796  min_dist=0.30  mean_dist=4.37
  [sigreg+proto] epoch 3/5  sigreg=0.7897  proto=3.1933  min_dist=0.35  mean_dist=4.42
  [sigreg+proto] epoch 4/5  sigreg=0.7531  proto=3.1930  min_dist=0.38  mean_dist=4.47
  [sigreg+proto] epoch 5/5  sigreg=0.7263  proto=3.1404  min_dist=0.40  mean_dist=4.52
  round 1: pool=414 purity=0.068 k-hat=3 anchors=3  margin=0.5312  mean-anchor=0.7523  
    merged 7 -> 6 anchors
  [sigreg+proto] epoch 1/5  sigreg=0.7155  proto=3.2084  min_dist=0.59  mean_dist=4.67
  [sigreg+proto] epoch 2/5  sigreg=0.7135  proto=3.0781  min_dist=0.68  mean_dist=4.76
  [sigreg+proto] epoch 3/5  sigreg=0.7045  proto=3.0722  min_dist=0.73  mean_dist=4.85
  [sigreg+proto] epoch 4/5  sigreg=0.7070  proto=3.0779  min_dist=0.77  mean_dist=4.93
  [sigreg+proto] epoch 5/5  sigreg=0.6870  proto=3.0394  min_dist=0.82  mean_dist=5.01
  round 2: pool=402 purity=0.040 k-hat=4 anchors=6  margin=0.5154  mean-anchor=0.7653  
  [nplm-sup-ft] per-event post f=0.02: power=0.082
  [nplm-sup-ft] sparker (post, annealed)
    post-spk f=0.02: power=0.020 [0.003,0.064] (1/50)
  [nplm-sup-ft] maha (post)
    post-maha f=0.02: power=0.140 [0.090,0.207] (7/50)
  [nplm-sup-ft] mmd (post)
    post-mmd f=0.02: power=0.240 [0.177,0.315] (12/50)

===== POST grid, f=0.05 (406 injected) =====
  [sigreg+proto] epoch 1/5  sigreg=0.3187  proto=4.8490  min_dist=1.28  mean_dist=3.88
  [sigreg+proto] epoch 2/5  sigreg=0.3243  proto=4.5517  min_dist=1.38  mean_dist=4.01
  [sigreg+proto] epoch 3/5  sigreg=0.2957  proto=4.1894  min_dist=1.48  mean_dist=4.14
  [sigreg+proto] epoch 4/5  sigreg=0.2989  proto=3.9216  min_dist=1.58  mean_dist=4.27
  [sigreg+proto] epoch 5/5  sigreg=0.3146  proto=3.8126  min_dist=1.68  mean_dist=4.39
  round 1: pool=396 purity=0.025 k-hat=11 anchors=11  margin=0.5324  mean-anchor=0.5611  
  [sigreg+proto] epoch 1/5  sigreg=0.3573  proto=4.1713  min_dist=1.82  mean_dist=4.94
  [sigreg+proto] epoch 2/5  sigreg=0.3530  proto=3.9262  min_dist=1.95  mean_dist=5.09
  [sigreg+proto] epoch 3/5  sigreg=0.3596  proto=3.8842  min_dist=2.07  mean_dist=5.23
  [sigreg+proto] epoch 4/5  sigreg=0.3623  proto=3.5712  min_dist=2.17  mean_dist=5.37
  [sigreg+proto] epoch 5/5  sigreg=0.3701  proto=3.6313  min_dist=2.28  mean_dist=5.50
  round 2: pool=392 purity=0.015 k-hat=12 anchors=23  margin=0.4831  mean-anchor=0.6320  
  [simclr-ft] per-event post f=0.05: power=0.035
  [simclr-ft] sparker (post, annealed)
    post-spk f=0.05: power=0.080 [0.042,0.138] (4/50)
  [simclr-ft] maha (post)
    post-maha f=0.05: power=0.180 [0.124,0.251] (9/50)
  [simclr-ft] mmd (post)
    post-mmd f=0.05: power=0.260 [0.194,0.336] (13/50)
  [sigreg+proto] epoch 1/5  sigreg=0.4184  proto=6.9635  min_dist=1.42  mean_dist=5.14
  [sigreg+proto] epoch 2/5  sigreg=0.5919  proto=5.7194  min_dist=1.52  mean_dist=5.26
  [sigreg+proto] epoch 3/5  sigreg=0.4944  proto=4.8656  min_dist=1.61  mean_dist=5.38
  [sigreg+proto] epoch 4/5  sigreg=0.4655  proto=4.7231  min_dist=1.70  mean_dist=5.51
  [sigreg+proto] epoch 5/5  sigreg=0.4642  proto=4.5182  min_dist=1.79  mean_dist=5.62
  round 1: pool=402 purity=0.040 k-hat=12 anchors=12  margin=0.5597  mean-anchor=0.6099  
  [sigreg+proto] epoch 1/5  sigreg=0.5049  proto=4.5553  min_dist=1.90  mean_dist=5.85
  [sigreg+proto] epoch 2/5  sigreg=0.5154  proto=4.2473  min_dist=2.01  mean_dist=5.99
  [sigreg+proto] epoch 3/5  sigreg=0.5089  proto=4.2535  min_dist=2.12  mean_dist=6.12
  [sigreg+proto] epoch 4/5  sigreg=0.4990  proto=4.0640  min_dist=2.23  mean_dist=6.25
  [sigreg+proto] epoch 5/5  sigreg=0.5061  proto=3.9975  min_dist=2.33  mean_dist=6.37
  round 2: pool=404 purity=0.045 k-hat=9 anchors=21  margin=0.5635  mean-anchor=0.5594  
  [sigreg-ssl-ft] per-event post f=0.05: power=0.061
  [sigreg-ssl-ft] sparker (post, annealed)
    post-spk f=0.05: power=0.000 [0.000,0.036] (0/50)
  [sigreg-ssl-ft] maha (post)
    post-maha f=0.05: power=0.000 [0.000,0.036] (0/50)
  [sigreg-ssl-ft] mmd (post)
    post-mmd f=0.05: power=0.040 [0.014,0.090] (2/50)
  [sigreg+proto] epoch 1/5  sigreg=0.5793  proto=4.3402  min_dist=0.40  mean_dist=1.59
  [sigreg+proto] epoch 2/5  sigreg=0.4808  proto=4.0586  min_dist=0.52  mean_dist=1.73
  [sigreg+proto] epoch 3/5  sigreg=0.4227  proto=3.9224  min_dist=0.61  mean_dist=1.86
  [sigreg+proto] epoch 4/5  sigreg=0.4167  proto=3.8264  min_dist=0.69  mean_dist=1.97
  [sigreg+proto] epoch 5/5  sigreg=0.4074  proto=3.8786  min_dist=0.76  mean_dist=2.08
  round 1: pool=404 purity=0.045 k-hat=1 anchors=1  margin=0.5391  mean-anchor=0.5144  
  [sigreg+proto] epoch 1/5  sigreg=0.4681  proto=4.2560  min_dist=0.87  mean_dist=2.52
  [sigreg+proto] epoch 2/5  sigreg=0.4465  proto=3.9278  min_dist=0.98  mean_dist=2.68
  [sigreg+proto] epoch 3/5  sigreg=0.4234  proto=3.7783  min_dist=1.08  mean_dist=2.83
  [sigreg+proto] epoch 4/5  sigreg=0.4183  proto=3.7698  min_dist=1.17  mean_dist=2.96
  [sigreg+proto] epoch 5/5  sigreg=0.4343  proto=3.7578  min_dist=1.25  mean_dist=3.09
  round 2: pool=391 purity=0.013 k-hat=5 anchors=6  margin=0.4804  mean-anchor=0.5075  
  [nplm-bil-ft] per-event post f=0.05: power=0.026
  [nplm-bil-ft] sparker (post, annealed)
    post-spk f=0.05: power=0.200 [0.141,0.273] (10/50)
  [nplm-bil-ft] maha (post)
    post-maha f=0.05: power=0.320 [0.249,0.399] (16/50)
  [nplm-bil-ft] mmd (post)
    post-mmd f=0.05: power=0.120 [0.074,0.184] (6/50)
  [sigreg+proto] epoch 1/5  sigreg=0.2728  proto=5.0318  min_dist=3.41  mean_dist=18.39
  [sigreg+proto] epoch 2/5  sigreg=0.3073  proto=4.2118  min_dist=3.39  mean_dist=18.38
  [sigreg+proto] epoch 3/5  sigreg=0.3220  proto=3.2732  min_dist=3.39  mean_dist=18.38
  [sigreg+proto] epoch 4/5  sigreg=0.3061  proto=3.1213  min_dist=3.37  mean_dist=18.37
  [sigreg+proto] epoch 5/5  sigreg=0.3140  proto=2.7530  min_dist=3.38  mean_dist=18.37
  round 1: pool=480 purity=0.196 k-hat=12 anchors=12  margin=0.7878  mean-anchor=0.9255  
  [sigreg+proto] epoch 1/5  sigreg=0.3270  proto=3.2468  min_dist=3.37  mean_dist=18.10
  [sigreg+proto] epoch 2/5  sigreg=0.3522  proto=3.0907  min_dist=3.37  mean_dist=18.10
  [sigreg+proto] epoch 3/5  sigreg=0.3202  proto=2.6578  min_dist=3.39  mean_dist=18.10
  [sigreg+proto] epoch 4/5  sigreg=0.3015  proto=2.3066  min_dist=3.40  mean_dist=18.10
  [sigreg+proto] epoch 5/5  sigreg=0.3106  proto=2.1379  min_dist=3.41  mean_dist=18.10
  round 2: pool=428 purity=0.098 k-hat=11 anchors=23  margin=0.7727  mean-anchor=0.9233  
  [supcon-ft] per-event post f=0.05: power=0.291
  [supcon-ft] sparker (post, annealed)
    post-spk f=0.05: power=0.540 [0.460,0.618] (27/50)
  [supcon-ft] maha (post)
    post-maha f=0.05: power=0.800 [0.727,0.859] (40/50)
  [supcon-ft] mmd (post)
    post-mmd f=0.05: power=0.200 [0.141,0.273] (10/50)
  [sigreg+proto] epoch 1/5  sigreg=0.2382  proto=2.7947  min_dist=1.85  mean_dist=8.40
  [sigreg+proto] epoch 2/5  sigreg=0.2984  proto=2.2174  min_dist=1.97  mean_dist=8.50
  [sigreg+proto] epoch 3/5  sigreg=0.2919  proto=1.9698  min_dist=2.08  mean_dist=8.60
  [sigreg+proto] epoch 4/5  sigreg=0.2936  proto=1.6427  min_dist=2.17  mean_dist=8.69
  [sigreg+proto] epoch 5/5  sigreg=0.2851  proto=1.5751  min_dist=2.26  mean_dist=8.79
  round 1: pool=410 purity=0.059 k-hat=7 anchors=7  margin=0.7325  mean-anchor=0.8491  
  [sigreg+proto] epoch 1/5  sigreg=0.2717  proto=1.6460  min_dist=2.38  mean_dist=8.84
  [sigreg+proto] epoch 2/5  sigreg=0.2771  proto=1.6463  min_dist=2.49  mean_dist=8.94
  [sigreg+proto] epoch 3/5  sigreg=0.2787  proto=1.2921  min_dist=2.59  mean_dist=9.04
  [sigreg+proto] epoch 4/5  sigreg=0.2719  proto=1.2038  min_dist=2.67  mean_dist=9.14
  [sigreg+proto] epoch 5/5  sigreg=0.2656  proto=1.1196  min_dist=2.73  mean_dist=9.24
  round 2: pool=418 purity=0.077 k-hat=5 anchors=12  margin=0.7368  mean-anchor=0.8189  
  [ss-ft] per-event post f=0.05: power=0.157
  [ss-ft] sparker (post, annealed)
    post-spk f=0.05: power=0.220 [0.159,0.294] (11/50)
  [ss-ft] maha (post)
    post-maha f=0.05: power=0.300 [0.231,0.378] (15/50)
  [ss-ft] mmd (post)
    post-mmd f=0.05: power=0.140 [0.090,0.207] (7/50)
  [sigreg+proto] epoch 1/5  sigreg=0.8324  proto=3.3780  min_dist=0.23  mean_dist=4.32
  [sigreg+proto] epoch 2/5  sigreg=0.8131  proto=3.2957  min_dist=0.30  mean_dist=4.37
  [sigreg+proto] epoch 3/5  sigreg=0.7906  proto=3.1751  min_dist=0.35  mean_dist=4.42
  [sigreg+proto] epoch 4/5  sigreg=0.7611  proto=3.1446  min_dist=0.38  mean_dist=4.47
  [sigreg+proto] epoch 5/5  sigreg=0.7363  proto=3.0999  min_dist=0.40  mean_dist=4.51
  round 1: pool=458 purity=0.157 k-hat=3 anchors=3  margin=0.5385  mean-anchor=0.7575  
  [sigreg+proto] epoch 1/5  sigreg=0.7309  proto=3.1638  min_dist=0.60  mean_dist=4.74
  [sigreg+proto] epoch 2/5  sigreg=0.7283  proto=3.0838  min_dist=0.69  mean_dist=4.84
  [sigreg+proto] epoch 3/5  sigreg=0.7205  proto=3.1010  min_dist=0.74  mean_dist=4.93
  [sigreg+proto] epoch 4/5  sigreg=0.7024  proto=3.1261  min_dist=0.79  mean_dist=5.02
  [sigreg+proto] epoch 5/5  sigreg=0.6957  proto=3.0662  min_dist=0.84  mean_dist=5.11
  round 2: pool=421 purity=0.083 k-hat=6 anchors=9  margin=0.5013  mean-anchor=0.7419  
  [nplm-sup-ft] per-event post f=0.05: power=0.146
  [nplm-sup-ft] sparker (post, annealed)
    post-spk f=0.05: power=0.580 [0.500,0.657] (29/50)
  [nplm-sup-ft] maha (post)
    post-maha f=0.05: power=0.420 [0.343,0.500] (21/50)
  [nplm-sup-ft] mmd (post)
    post-mmd f=0.05: power=0.120 [0.074,0.184] (6/50)

===== EXP70 PEREVENT POST POWER =====
  arm                 0.003     0.01     0.02     0.05
  simclr-ft           0.031    0.061    0.033    0.035
  sigreg-ssl-ft       0.056    0.056    0.040    0.061
  nplm-bil-ft         0.042    0.045    0.023    0.026
  supcon-ft           0.136    0.216    0.246    0.291
  ss-ft               0.115    0.077    0.146    0.157
  nplm-sup-ft         0.101    0.040    0.082    0.146
  saved /home/pharris/sigreg/SuperSig/plots/exp70_perevent_power_post_cars_visreg_ft70.png

===== EXP70 SPARKER POST POWER =====
  arm                 0.003     0.01     0.02     0.05
  simclr-ft           0.100    0.020    0.040    0.080
  sigreg-ssl-ft       0.060    0.100    0.040    0.000
  nplm-bil-ft         0.140    0.000    0.100    0.200
  supcon-ft           0.080    0.080    0.060    0.540
  ss-ft               0.080    0.020    0.140    0.220
  nplm-sup-ft         0.040    0.060    0.020    0.580
  saved /home/pharris/sigreg/SuperSig/plots/exp70_sparker_power_post_cars_visreg_ft70.png

===== EXP70 MAHA POST POWER =====
  arm                 0.003     0.01     0.02     0.05
  simclr-ft           0.080    0.080    0.080    0.180
  sigreg-ssl-ft       0.060    0.060    0.080    0.000
  nplm-bil-ft         0.040    0.160    0.140    0.320
  supcon-ft           0.060    0.240    0.220    0.800
  ss-ft               0.060    0.200    0.080    0.300
  nplm-sup-ft         0.160    0.040    0.140    0.420
  saved /home/pharris/sigreg/SuperSig/plots/exp70_maha_power_post_cars_visreg_ft70.png

===== EXP70 MMD POST POWER =====
  arm                 0.003     0.01     0.02     0.05
  simclr-ft           0.000    0.100    0.000    0.260
  sigreg-ssl-ft       0.120    0.060    0.080    0.040
  nplm-bil-ft         0.000    0.060    0.140    0.120
  supcon-ft           0.000    0.100    0.120    0.200
  ss-ft               0.080    0.040    0.180    0.140
  nplm-sup-ft         0.040    0.160    0.240    0.120
  saved /home/pharris/sigreg/SuperSig/plots/exp70_mmd_power_post_cars_visreg_ft70.png

===== EXP70 SUMMARY [cars_visreg_ft70] =====
  [simclr-ft     ] probe=0.6100+-0.0018 acc=0.0741 eucl=0.4718 mahaT=0.4617  || post: probe=0.6569 eucl=0.4890 mahaT=0.4673
          round 1: purity=0.030 anchors=12  margin=0.5253
          round 2: purity=0.033 anchors=20  margin=0.4788
  [sigreg-ssl-ft ] probe=0.5738+-0.0133 acc=0.0641 eucl=0.4929 mahaT=0.4635  || post: probe=0.6336 eucl=0.4963 mahaT=0.4570
          round 1: purity=0.047 anchors=12  margin=0.5562
          round 2: purity=0.054 anchors=19  margin=0.5546
  [nplm-bil-ft   ] probe=0.5764+-0.0022 acc=0.0810 eucl=0.5368 mahaT=0.4903  || post: probe=0.6237 eucl=0.5539 mahaT=0.5231
          round 1: purity=0.049 anchors=1  margin=0.5282
          round 2: purity=0.018 anchors=7  margin=0.5144
  [supcon-ft     ] probe=0.7067+-0.0077 acc=0.5546 eucl=0.7149 mahaT=0.6609  || post: probe=0.7585 eucl=0.6822 mahaT=0.6404
          round 1: purity=0.206 anchors=12  margin=0.7971
          round 2: purity=0.100 anchors=24  margin=0.8017
  [ss-ft         ] probe=0.7407+-0.0068 acc=0.3508 eucl=0.5595 mahaT=0.5484  || post: probe=0.7118 eucl=0.5791 mahaT=0.5529
          round 1: purity=0.063 anchors=11  margin=0.7393
          round 2: purity=0.083 anchors=18  margin=0.7459
  [nplm-sup-ft   ] probe=0.5790+-0.0089 acc=0.1857 eucl=0.5779 mahaT=0.5780  || post: probe=0.5493 eucl=0.5643 mahaT=0.5605
          round 1: purity=0.168 anchors=3  margin=0.5530
          round 2: purity=0.074 anchors=9  margin=0.5566
saved /home/pharris/sigreg/SuperSig/plots/exp70_probe_cars_visreg_ft70.png
Done.
