/home/pharris/venv/lib64/python3.9/site-packages/networkx/utils/backends.py:135: RuntimeWarning: networkx backend defined more than once: nx-loopback
  backends.update(_get_backends("networkx.backends"))
exp70 [dtd_lejepa_ft70] end-to-end ft suite, arms=['simclr-ft', 'sigreg-ssl-ft', 'nplm-bil-ft', 'supcon-ft', 'ss-ft', 'nplm-sup-ft'], ft_epochs=20, emb=100, holdouts 37-46 EXCLUDED from ft
  ft corpus: 2960/3760 train images (holdout classes removed)

===== [simclr-ft] (unsupervised) =====
Fetching 37 files:   0%|          | 0/37 [00:00<?, ?it/s]Fetching 37 files: 100%|██████████| 37/37 [00:00<00:00, 44530.63it/s]
  [simclr-ft] epoch 1/20  main=2.4839  aux=0.0000
  [simclr-ft] epoch 5/20  main=2.3576  aux=0.0000
  [simclr-ft] epoch 10/20  main=2.3303  aux=0.0000
  [simclr-ft] epoch 15/20  main=2.3196  aux=0.0000
  [simclr-ft] epoch 20/20  main=2.3119  aux=0.0000
  extracted ft70_simclr-ft train: (3760, 768)
  extracted ft70_simclr-ft test: (1880, 768)
  [simclr-ft     ] probe=0.8174+-0.0009 acc=0.6459 supAUC=0.9682 eucl=0.5163 mahaT=0.5802 mahaPC=0.7853

===== [sigreg-ssl-ft] (unsupervised) =====
Fetching 37 files:   0%|          | 0/37 [00:00<?, ?it/s]Fetching 37 files: 100%|██████████| 37/37 [00:00<00:00, 403088.96it/s]
  [sigreg-ssl-ft] epoch 1/20  main=0.0316  aux=0.2545
  [sigreg-ssl-ft] epoch 5/20  main=0.0233  aux=0.1207
  [sigreg-ssl-ft] epoch 10/20  main=0.0187  aux=0.1126
  [sigreg-ssl-ft] epoch 15/20  main=0.0180  aux=0.1024
  [sigreg-ssl-ft] epoch 20/20  main=0.0178  aux=0.0966
  extracted ft70_sigreg-ssl-ft train: (3760, 768)
  extracted ft70_sigreg-ssl-ft test: (1880, 768)
  [sigreg-ssl-ft ] probe=0.8086+-0.0030 acc=0.5980 supAUC=0.9629 eucl=0.6074 mahaT=0.7141 mahaPC=0.7836

===== [nplm-bil-ft] (unsupervised) =====
Fetching 37 files:   0%|          | 0/37 [00:00<?, ?it/s]Fetching 37 files: 100%|██████████| 37/37 [00:00<00:00, 18652.55it/s]
  [nplm-bil-ft] epoch 1/20  main=702700933.1363  aux=0.7298
  [nplm-bil-ft] epoch 5/20  main=-2.7015  aux=0.6413
  [nplm-bil-ft] epoch 10/20  main=-2.8161  aux=0.6327
  [nplm-bil-ft] epoch 15/20  main=-2.9687  aux=0.6255
  [nplm-bil-ft] epoch 20/20  main=-3.1836  aux=0.6089
  extracted ft70_nplm-bil-ft train: (3760, 768)
  extracted ft70_nplm-bil-ft test: (1880, 768)
  [nplm-bil-ft   ] probe=0.7457+-0.0024 acc=0.5054 supAUC=0.9336 eucl=0.5952 mahaT=0.6372 mahaPC=0.7048

===== [supcon-ft] (supervised) =====
Fetching 37 files:   0%|          | 0/37 [00:00<?, ?it/s]Fetching 37 files: 100%|██████████| 37/37 [00:00<00:00, 64770.14it/s]
  [supcon-ft] epoch 1/20  main=1.9005  aux=0.0000
  [supcon-ft] epoch 5/20  main=1.1989  aux=0.0000
  [supcon-ft] epoch 10/20  main=0.9221  aux=0.0000
  [supcon-ft] epoch 15/20  main=0.8521  aux=0.0000
  [supcon-ft] epoch 20/20  main=0.7979  aux=0.0000
  extracted ft70_supcon-ft train: (3760, 768)
  extracted ft70_supcon-ft test: (1880, 768)
  [supcon-ft     ] probe=0.7545+-0.0061 acc=0.7466 supAUC=0.9824 eucl=0.7063 mahaT=0.7318 mahaPC=0.7107

===== [ss-ft] (supervised) =====
Fetching 37 files:   0%|          | 0/37 [00:00<?, ?it/s]Fetching 37 files: 100%|██████████| 37/37 [00:00<00:00, 36844.55it/s]
  [ss-ft] epoch 1/20  main=2.0194  aux=1.8453
  [ss-ft] epoch 5/20  main=1.3892  aux=0.6630
  [ss-ft] epoch 10/20  main=1.0560  aux=0.5727
  [ss-ft] epoch 15/20  main=0.9594  aux=0.5471
  [ss-ft] epoch 20/20  main=0.9167  aux=0.5440
  extracted ft70_ss-ft train: (3760, 768)
  extracted ft70_ss-ft test: (1880, 768)
  [ss-ft         ] probe=0.7870+-0.0026 acc=0.7845 supAUC=0.9867 eucl=0.8041 mahaT=0.7864 mahaPC=0.7744

===== [nplm-sup-ft] (supervised) =====
Fetching 37 files:   0%|          | 0/37 [00:00<?, ?it/s]Fetching 37 files: 100%|██████████| 37/37 [00:00<00:00, 32990.91it/s]
  [nplm-sup-ft] epoch 1/20  main=-0.3044  aux=0.7461
  [nplm-sup-ft] epoch 5/20  main=-0.5782  aux=0.6459
  [nplm-sup-ft] epoch 10/20  main=-0.6769  aux=0.5401
  [nplm-sup-ft] epoch 15/20  main=-0.7407  aux=0.4779
  [nplm-sup-ft] epoch 20/20  main=-0.7713  aux=0.4488
  extracted ft70_nplm-sup-ft train: (3760, 768)
  extracted ft70_nplm-sup-ft test: (1880, 768)
  [nplm-sup-ft   ] probe=0.5812+-0.0435 acc=0.6493 supAUC=0.9607 eucl=0.7139 mahaT=0.7535 mahaPC=0.7596

===== PRE table =====
  arm                        probe     acc  supAUC    eucl   mahaT  mahaPC
  simclr-ft          0.8174+-0.0009  0.6459  0.9682  0.5163  0.5802  0.7853
  sigreg-ssl-ft      0.8086+-0.0030  0.5980  0.9629  0.6074  0.7141  0.7836
  nplm-bil-ft        0.7457+-0.0024  0.5054  0.9336  0.5952  0.6372  0.7048
  supcon-ft          0.7545+-0.0061  0.7466  0.9824  0.7063  0.7318  0.7107
  ss-ft              0.7870+-0.0026  0.7845  0.9867  0.8041  0.7864  0.7744
  nplm-sup-ft        0.5812+-0.0435  0.6493  0.9607  0.7139  0.7535  0.7596

===== gaussianity (seen classes, test set) =====
  metric                         simclr-ft sigreg-ssl-ft   nplm-bil-ft     supcon-ft         ss-ft   nplm-sup-ft
  eig min (class cov)               -0.000        -0.000        -0.000        -0.000        -0.000        -0.000
  eig max (class cov)                4.341        38.952         1.077         4.371        15.679         3.968
  eig cond worst            4340671053824.038951553335296.01076871626752.04370822856704.015679494291456.03967994298368.0
  class RMS min                      0.109         0.295         0.130         0.089         0.332         0.071
  class RMS mean                     0.175         0.599         0.183         0.142         0.456         0.119
  class RMS max                      0.266         0.742         0.211         0.224         0.594         0.219
  max |corr| (worst class)           0.961         0.985         0.932         0.993         0.981         1.000
  SW ratio mean                       1.63          2.15          1.19          2.17          2.34          7.07
  SW ratio worst                      4.27          9.68          2.48          7.17         11.69         18.21
  |skew| mean                        0.418         0.511         0.329         0.564         0.622         1.435
  |ex-kurt| mean                     0.735         0.904         0.611         1.074         1.010         3.868
  centroid dist min                   0.63          2.04          0.63          0.84          2.77          0.26
  centroid dist mean                  1.91          8.81          1.67          3.25         10.73          4.94
  separation (min d/RMS)              3.62          3.40          3.44          5.94          6.07          2.19

===== PRE power batteries =====
  [simclr-ft] per-event pre power=0.005
  [simclr-ft] sparker (annealed)
    pre-spk f=0.003: power=0.060 [0.028,0.115] (3/50)
    pre-spk f=0.01: power=0.180 [0.124,0.251] (9/50)
    pre-spk f=0.02: power=0.100 [0.058,0.162] (5/50)
    pre-spk f=0.05: power=0.500 [0.421,0.579] (25/50)
    pre-spk f=0.1: power=0.880 [0.816,0.926] (44/50)
  [simclr-ft] maha
    pre-maha f=0.003: power=0.060 [0.028,0.115] (3/50)
    pre-maha f=0.01: power=0.180 [0.124,0.251] (9/50)
    pre-maha f=0.02: power=0.400 [0.324,0.480] (20/50)
    pre-maha f=0.05: power=0.940 [0.885,0.972] (47/50)
    pre-maha f=0.1: power=1.000 [0.964,1.000] (50/50)
  [simclr-ft] mmd
    pre-mmd f=0.003: power=0.040 [0.014,0.090] (2/50)
    pre-mmd f=0.01: power=0.120 [0.074,0.184] (6/50)
    pre-mmd f=0.02: power=0.240 [0.177,0.315] (12/50)
    pre-mmd f=0.05: power=0.620 [0.540,0.695] (31/50)
    pre-mmd f=0.1: power=1.000 [0.964,1.000] (50/50)
  [sigreg-ssl-ft] per-event pre power=0.035
  [sigreg-ssl-ft] sparker (annealed)
    pre-spk f=0.003: power=0.080 [0.042,0.138] (4/50)
    pre-spk f=0.01: power=0.140 [0.090,0.207] (7/50)
    pre-spk f=0.02: power=0.120 [0.074,0.184] (6/50)
    pre-spk f=0.05: power=0.320 [0.249,0.399] (16/50)
    pre-spk f=0.1: power=0.980 [0.936,0.997] (49/50)
  [sigreg-ssl-ft] maha
    pre-maha f=0.003: power=0.100 [0.058,0.162] (5/50)
    pre-maha f=0.01: power=0.220 [0.159,0.294] (11/50)
    pre-maha f=0.02: power=0.360 [0.286,0.440] (18/50)
    pre-maha f=0.05: power=0.940 [0.885,0.972] (47/50)
    pre-maha f=0.1: power=1.000 [0.964,1.000] (50/50)
  [sigreg-ssl-ft] mmd
    pre-mmd f=0.003: power=0.060 [0.028,0.115] (3/50)
    pre-mmd f=0.01: power=0.220 [0.159,0.294] (11/50)
    pre-mmd f=0.02: power=0.220 [0.159,0.294] (11/50)
    pre-mmd f=0.05: power=0.860 [0.793,0.910] (43/50)
    pre-mmd f=0.1: power=1.000 [0.964,1.000] (50/50)
  [nplm-bil-ft] per-event pre power=0.065
  [nplm-bil-ft] sparker (annealed)
    pre-spk f=0.003: power=0.020 [0.003,0.064] (1/50)
    pre-spk f=0.01: power=0.060 [0.028,0.115] (3/50)
    pre-spk f=0.02: power=0.080 [0.042,0.138] (4/50)
    pre-spk f=0.05: power=0.080 [0.042,0.138] (4/50)
    pre-spk f=0.1: power=0.160 [0.107,0.229] (8/50)
  [nplm-bil-ft] maha
    pre-maha f=0.003: power=0.000 [0.000,0.036] (0/50)
    pre-maha f=0.01: power=0.080 [0.042,0.138] (4/50)
    pre-maha f=0.02: power=0.080 [0.042,0.138] (4/50)
    pre-maha f=0.05: power=0.480 [0.401,0.560] (24/50)
    pre-maha f=0.1: power=1.000 [0.964,1.000] (50/50)
  [nplm-bil-ft] mmd
    pre-mmd f=0.003: power=0.020 [0.003,0.064] (1/50)
    pre-mmd f=0.01: power=0.080 [0.042,0.138] (4/50)
    pre-mmd f=0.02: power=0.060 [0.028,0.115] (3/50)
    pre-mmd f=0.05: power=0.040 [0.014,0.090] (2/50)
    pre-mmd f=0.1: power=0.280 [0.213,0.357] (14/50)
  [supcon-ft] per-event pre power=0.113
  [supcon-ft] sparker (annealed)
    pre-spk f=0.003: power=0.120 [0.074,0.184] (6/50)
    pre-spk f=0.01: power=0.120 [0.074,0.184] (6/50)
    pre-spk f=0.02: power=0.160 [0.107,0.229] (8/50)
    pre-spk f=0.05: power=0.520 [0.440,0.599] (26/50)
    pre-spk f=0.1: power=0.820 [0.749,0.876] (41/50)
  [supcon-ft] maha
    pre-maha f=0.003: power=0.040 [0.014,0.090] (2/50)
    pre-maha f=0.01: power=0.180 [0.124,0.251] (9/50)
    pre-maha f=0.02: power=0.280 [0.213,0.357] (14/50)
    pre-maha f=0.05: power=0.780 [0.706,0.841] (39/50)
    pre-maha f=0.1: power=1.000 [0.964,1.000] (50/50)
  [supcon-ft] mmd
    pre-mmd f=0.003: power=0.100 [0.058,0.162] (5/50)
    pre-mmd f=0.01: power=0.120 [0.074,0.184] (6/50)
    pre-mmd f=0.02: power=0.180 [0.124,0.251] (9/50)
    pre-mmd f=0.05: power=0.780 [0.706,0.841] (39/50)
    pre-mmd f=0.1: power=1.000 [0.964,1.000] (50/50)
  [ss-ft] per-event pre power=0.242
  [ss-ft] sparker (annealed)
    pre-spk f=0.003: power=0.020 [0.003,0.064] (1/50)
    pre-spk f=0.01: power=0.040 [0.014,0.090] (2/50)
    pre-spk f=0.02: power=0.140 [0.090,0.207] (7/50)
    pre-spk f=0.05: power=0.580 [0.500,0.657] (29/50)
    pre-spk f=0.1: power=0.960 [0.910,0.986] (48/50)
  [ss-ft] maha
    pre-maha f=0.003: power=0.100 [0.058,0.162] (5/50)
    pre-maha f=0.01: power=0.300 [0.231,0.378] (15/50)
    pre-maha f=0.02: power=0.400 [0.324,0.480] (20/50)
    pre-maha f=0.05: power=0.900 [0.838,0.942] (45/50)
    pre-maha f=0.1: power=1.000 [0.964,1.000] (50/50)
  [ss-ft] mmd
    pre-mmd f=0.003: power=0.020 [0.003,0.064] (1/50)
    pre-mmd f=0.01: power=0.080 [0.042,0.138] (4/50)
    pre-mmd f=0.02: power=0.220 [0.159,0.294] (11/50)
    pre-mmd f=0.05: power=0.900 [0.838,0.942] (45/50)
    pre-mmd f=0.1: power=1.000 [0.964,1.000] (50/50)
  [nplm-sup-ft] per-event pre power=0.090
  [nplm-sup-ft] sparker (annealed)
    pre-spk f=0.003: power=0.040 [0.014,0.090] (2/50)
    pre-spk f=0.01: power=0.080 [0.042,0.138] (4/50)
    pre-spk f=0.02: power=0.120 [0.074,0.184] (6/50)
    pre-spk f=0.05: power=0.240 [0.177,0.315] (12/50)
    pre-spk f=0.1: power=0.880 [0.816,0.926] (44/50)
  [nplm-sup-ft] maha
    pre-maha f=0.003: power=0.100 [0.058,0.162] (5/50)
    pre-maha f=0.01: power=0.260 [0.194,0.336] (13/50)
    pre-maha f=0.02: power=0.460 [0.382,0.540] (23/50)
    pre-maha f=0.05: power=0.860 [0.793,0.910] (43/50)
    pre-maha f=0.1: power=1.000 [0.964,1.000] (50/50)
  [nplm-sup-ft] mmd
    pre-mmd f=0.003: power=0.080 [0.042,0.138] (4/50)
    pre-mmd f=0.01: power=0.080 [0.042,0.138] (4/50)
    pre-mmd f=0.02: power=0.120 [0.074,0.184] (6/50)
    pre-mmd f=0.05: power=0.520 [0.440,0.599] (26/50)
    pre-mmd f=0.1: power=0.980 [0.936,0.997] (49/50)

===== EXP70 PEREVENT PRE POWER =====
  arm                 0.003     0.01     0.02     0.05      0.1
  simclr-ft           0.005    0.005    0.005    0.005    0.005
  sigreg-ssl-ft       0.035    0.035    0.035    0.035    0.035
  nplm-bil-ft         0.065    0.065    0.065    0.065    0.065
  supcon-ft           0.113    0.113    0.113    0.113    0.113
  ss-ft               0.242    0.242    0.242    0.242    0.242
  nplm-sup-ft         0.090    0.090    0.090    0.090    0.090
  saved /home/pharris/sigreg/SuperSig/plots/exp70_perevent_power_pre_dtd_lejepa_ft70.png

===== EXP70 SPARKER PRE POWER =====
  arm                 0.003     0.01     0.02     0.05      0.1
  simclr-ft           0.060    0.180    0.100    0.500    0.880
  sigreg-ssl-ft       0.080    0.140    0.120    0.320    0.980
  nplm-bil-ft         0.020    0.060    0.080    0.080    0.160
  supcon-ft           0.120    0.120    0.160    0.520    0.820
  ss-ft               0.020    0.040    0.140    0.580    0.960
  nplm-sup-ft         0.040    0.080    0.120    0.240    0.880
  saved /home/pharris/sigreg/SuperSig/plots/exp70_sparker_power_pre_dtd_lejepa_ft70.png

===== EXP70 MAHA PRE POWER =====
  arm                 0.003     0.01     0.02     0.05      0.1
  simclr-ft           0.060    0.180    0.400    0.940    1.000
  sigreg-ssl-ft       0.100    0.220    0.360    0.940    1.000
  nplm-bil-ft         0.000    0.080    0.080    0.480    1.000
  supcon-ft           0.040    0.180    0.280    0.780    1.000
  ss-ft               0.100    0.300    0.400    0.900    1.000
  nplm-sup-ft         0.100    0.260    0.460    0.860    1.000
  saved /home/pharris/sigreg/SuperSig/plots/exp70_maha_power_pre_dtd_lejepa_ft70.png

===== EXP70 MMD PRE POWER =====
  arm                 0.003     0.01     0.02     0.05      0.1
  simclr-ft           0.040    0.120    0.240    0.620    1.000
  sigreg-ssl-ft       0.060    0.220    0.220    0.860    1.000
  nplm-bil-ft         0.020    0.080    0.060    0.040    0.280
  supcon-ft           0.100    0.120    0.180    0.780    1.000
  ss-ft               0.020    0.080    0.220    0.900    1.000
  nplm-sup-ft         0.080    0.080    0.120    0.520    0.980
  saved /home/pharris/sigreg/SuperSig/plots/exp70_mmd_power_pre_dtd_lejepa_ft70.png

----- natural discovery: simclr-ft -----
  [sigreg+proto] epoch 1/5  sigreg=0.5902  proto=1.7848  min_dist=0.74  mean_dist=2.78
  [sigreg+proto] epoch 2/5  sigreg=0.5219  proto=1.2492  min_dist=0.79  mean_dist=2.83
  [sigreg+proto] epoch 3/5  sigreg=0.4824  proto=1.0903  min_dist=0.85  mean_dist=2.87
  [sigreg+proto] epoch 4/5  sigreg=0.4767  proto=0.9513  min_dist=0.91  mean_dist=2.91
  [sigreg+proto] epoch 5/5  sigreg=0.4605  proto=0.9228  min_dist=0.96  mean_dist=2.96
  round 1: pool=148 purity=0.000 k-hat=1 anchors=1  margin=0.7382  mean-anchor=0.6726  
  [sigreg+proto] epoch 1/5  sigreg=0.4574  proto=1.7050  min_dist=1.03  mean_dist=4.23
  [sigreg+proto] epoch 2/5  sigreg=0.4719  proto=1.3219  min_dist=1.09  mean_dist=4.28
  [sigreg+proto] epoch 3/5  sigreg=0.4530  proto=1.0179  min_dist=1.16  mean_dist=4.33
  [sigreg+proto] epoch 4/5  sigreg=0.4592  proto=0.9524  min_dist=1.22  mean_dist=4.37
  [sigreg+proto] epoch 5/5  sigreg=0.4585  proto=0.9265  min_dist=1.28  mean_dist=4.42
  round 2: pool=160 purity=0.075 k-hat=7 anchors=8  margin=0.7212  mean-anchor=0.6432  
  [simclr-ft] probe 0.8174 -> 0.8206  eucl 0.5163 -> 0.6673  mahaT 0.5802 -> 0.7063

----- natural discovery: sigreg-ssl-ft -----
  [sigreg+proto] epoch 1/5  sigreg=0.3071  proto=4.6828  min_dist=2.14  mean_dist=8.73
  [sigreg+proto] epoch 2/5  sigreg=0.4112  proto=3.2723  min_dist=2.21  mean_dist=8.77
  [sigreg+proto] epoch 3/5  sigreg=0.4760  proto=2.7701  min_dist=2.28  mean_dist=8.81
  [sigreg+proto] epoch 4/5  sigreg=0.4928  proto=2.3531  min_dist=2.35  mean_dist=8.85
  [sigreg+proto] epoch 5/5  sigreg=0.5132  proto=1.8588  min_dist=2.42  mean_dist=8.89
  round 1: pool=173 purity=0.145 k-hat=7 anchors=7  margin=0.6761  mean-anchor=0.7191  
  [sigreg+proto] epoch 1/5  sigreg=0.4958  proto=2.1406  min_dist=2.49  mean_dist=8.82
  [sigreg+proto] epoch 2/5  sigreg=0.5187  proto=1.7532  min_dist=2.55  mean_dist=8.87
  [sigreg+proto] epoch 3/5  sigreg=0.5006  proto=1.5905  min_dist=2.62  mean_dist=8.91
  [sigreg+proto] epoch 4/5  sigreg=0.5191  proto=1.4103  min_dist=2.68  mean_dist=8.96
  [sigreg+proto] epoch 5/5  sigreg=0.5033  proto=1.2169  min_dist=2.75  mean_dist=9.00
  round 2: pool=190 purity=0.221 k-hat=4 anchors=11  margin=0.7533  mean-anchor=0.7264  
  [sigreg-ssl-ft] probe 0.8086 -> 0.8260  eucl 0.6074 -> 0.6247  mahaT 0.7141 -> 0.7154

----- natural discovery: nplm-bil-ft -----
  [sigreg+proto] epoch 1/5  sigreg=0.6008  proto=2.2606  min_dist=0.61  mean_dist=2.53
  [sigreg+proto] epoch 2/5  sigreg=0.5168  proto=1.8122  min_dist=0.67  mean_dist=2.57
  [sigreg+proto] epoch 3/5  sigreg=0.5013  proto=1.5330  min_dist=0.72  mean_dist=2.61
  [sigreg+proto] epoch 4/5  sigreg=0.4705  proto=1.4563  min_dist=0.78  mean_dist=2.65
  [sigreg+proto] epoch 5/5  sigreg=0.4603  proto=1.3462  min_dist=0.84  mean_dist=2.70
  round 1: pool=190 purity=0.221 k-hat=1 anchors=1  margin=0.7292  mean-anchor=0.6149  
  [sigreg+proto] epoch 1/5  sigreg=0.4472  proto=2.2280  min_dist=0.90  mean_dist=3.43
  [sigreg+proto] epoch 2/5  sigreg=0.4500  proto=1.6394  min_dist=0.97  mean_dist=3.48
  [sigreg+proto] epoch 3/5  sigreg=0.4545  proto=1.7012  min_dist=1.03  mean_dist=3.53
  [sigreg+proto] epoch 4/5  sigreg=0.4635  proto=1.5373  min_dist=1.09  mean_dist=3.57
  [sigreg+proto] epoch 5/5  sigreg=0.4391  proto=1.3648  min_dist=1.16  mean_dist=3.62
  round 2: pool=178 purity=0.169 k-hat=4 anchors=5  margin=0.6967  mean-anchor=0.6403  
  [nplm-bil-ft] probe 0.7457 -> 0.7451  eucl 0.5952 -> 0.6255  mahaT 0.6372 -> 0.6566

----- natural discovery: supcon-ft -----
  [sigreg+proto] epoch 1/5  sigreg=0.7654  proto=0.3761  min_dist=1.53  mean_dist=4.21
  [sigreg+proto] epoch 2/5  sigreg=0.7337  proto=0.2430  min_dist=1.58  mean_dist=4.26
  [sigreg+proto] epoch 3/5  sigreg=0.7092  proto=0.2162  min_dist=1.63  mean_dist=4.31
  [sigreg+proto] epoch 4/5  sigreg=0.6843  proto=0.2227  min_dist=1.68  mean_dist=4.35
  [sigreg+proto] epoch 5/5  sigreg=0.6670  proto=0.1636  min_dist=1.73  mean_dist=4.40
  round 1: pool=289 purity=0.488 k-hat=1 anchors=1  margin=0.8150  mean-anchor=0.7234  
  [sigreg+proto] epoch 1/5  sigreg=0.6460  proto=0.8181  min_dist=1.78  mean_dist=5.13
  [sigreg+proto] epoch 2/5  sigreg=0.6610  proto=0.4983  min_dist=1.84  mean_dist=5.18
  [sigreg+proto] epoch 3/5  sigreg=0.6481  proto=0.3357  min_dist=1.89  mean_dist=5.23
  [sigreg+proto] epoch 4/5  sigreg=0.6374  proto=0.3962  min_dist=1.94  mean_dist=5.28
  [sigreg+proto] epoch 5/5  sigreg=0.6399  proto=0.2974  min_dist=2.00  mean_dist=5.33
  round 2: pool=157 purity=0.057 k-hat=5 anchors=6  margin=0.7763  mean-anchor=0.7367  
  [supcon-ft] probe 0.7545 -> 0.7901  eucl 0.7063 -> 0.7675  mahaT 0.7318 -> 0.7789

----- natural discovery: ss-ft -----
  [sigreg+proto] epoch 1/5  sigreg=0.4762  proto=0.6239  min_dist=3.25  mean_dist=10.62
  [sigreg+proto] epoch 2/5  sigreg=0.4886  proto=0.6004  min_dist=3.31  mean_dist=10.67
  [sigreg+proto] epoch 3/5  sigreg=0.4933  proto=0.5057  min_dist=3.37  mean_dist=10.73
  [sigreg+proto] epoch 4/5  sigreg=0.4835  proto=0.3557  min_dist=3.43  mean_dist=10.79
  [sigreg+proto] epoch 5/5  sigreg=0.4661  proto=0.3820  min_dist=3.48  mean_dist=10.84
  round 1: pool=750 purity=0.803 k-hat=8 anchors=8  margin=0.8835  mean-anchor=0.9207  
    merged 15 -> 11 anchors
  [sigreg+proto] epoch 1/5  sigreg=0.4591  proto=0.4350  min_dist=3.07  mean_dist=10.68
  [sigreg+proto] epoch 2/5  sigreg=0.4503  proto=0.4498  min_dist=3.09  mean_dist=10.74
  [sigreg+proto] epoch 3/5  sigreg=0.4556  proto=0.3696  min_dist=3.10  mean_dist=10.80
  [sigreg+proto] epoch 4/5  sigreg=0.4343  proto=0.3996  min_dist=3.12  mean_dist=10.86
  [sigreg+proto] epoch 5/5  sigreg=0.4289  proto=0.3477  min_dist=3.14  mean_dist=10.92
  round 2: pool=304 purity=0.513 k-hat=7 anchors=11  margin=0.8820  mean-anchor=0.9259  
  [ss-ft] probe 0.7870 -> 0.7838  eucl 0.8041 -> 0.7954  mahaT 0.7864 -> 0.8013

----- natural discovery: nplm-sup-ft -----
  [sigreg+proto] epoch 1/5  sigreg=0.8576  proto=1.0281  min_dist=0.24  mean_dist=5.31
  [sigreg+proto] epoch 2/5  sigreg=0.8345  proto=0.9973  min_dist=0.32  mean_dist=5.34
  [sigreg+proto] epoch 3/5  sigreg=0.8175  proto=0.9362  min_dist=0.38  mean_dist=5.36
  [sigreg+proto] epoch 4/5  sigreg=0.8115  proto=0.8455  min_dist=0.43  mean_dist=5.38
  [sigreg+proto] epoch 5/5  sigreg=0.7951  proto=0.7985  min_dist=0.47  mean_dist=5.41
  round 1: pool=611 purity=0.758 k-hat=3 anchors=3  margin=0.8315  mean-anchor=0.8413  
  [sigreg+proto] epoch 1/5  sigreg=0.7869  proto=1.0517  min_dist=0.59  mean_dist=5.60
  [sigreg+proto] epoch 2/5  sigreg=0.7799  proto=0.8137  min_dist=0.70  mean_dist=5.63
  [sigreg+proto] epoch 3/5  sigreg=0.7654  proto=0.8256  min_dist=0.78  mean_dist=5.67
  [sigreg+proto] epoch 4/5  sigreg=0.7515  proto=0.8047  min_dist=0.85  mean_dist=5.70
  [sigreg+proto] epoch 5/5  sigreg=0.7312  proto=0.7728  min_dist=0.91  mean_dist=5.74
  round 2: pool=152 purity=0.026 k-hat=3 anchors=6  margin=0.8119  mean-anchor=0.8078  
  [nplm-sup-ft] probe 0.5812 -> 0.7652  eucl 0.7139 -> 0.7402  mahaT 0.7535 -> 0.7743

===== POST grid, f=0.003 (9 injected) =====
  [sigreg+proto] epoch 1/5  sigreg=0.5892  proto=1.8230  min_dist=0.74  mean_dist=2.78
  [sigreg+proto] epoch 2/5  sigreg=0.5142  proto=1.3192  min_dist=0.79  mean_dist=2.83
  [sigreg+proto] epoch 3/5  sigreg=0.4834  proto=1.0771  min_dist=0.85  mean_dist=2.87
  [sigreg+proto] epoch 4/5  sigreg=0.4634  proto=1.0000  min_dist=0.91  mean_dist=2.91
  [sigreg+proto] epoch 5/5  sigreg=0.4623  proto=0.8852  min_dist=0.96  mean_dist=2.96
  round 1: pool=148 purity=0.000 k-hat=1 anchors=1  margin=0.7366  mean-anchor=0.6784  
  [sigreg+proto] epoch 1/5  sigreg=0.4534  proto=1.9042  min_dist=1.03  mean_dist=4.01
  [sigreg+proto] epoch 2/5  sigreg=0.4478  proto=1.2938  min_dist=1.09  mean_dist=4.05
  [sigreg+proto] epoch 3/5  sigreg=0.4355  proto=1.1227  min_dist=1.16  mean_dist=4.10
  [sigreg+proto] epoch 4/5  sigreg=0.4383  proto=1.0136  min_dist=1.22  mean_dist=4.14
  [sigreg+proto] epoch 5/5  sigreg=0.4346  proto=0.9188  min_dist=1.28  mean_dist=4.19
  round 2: pool=148 purity=0.000 k-hat=6 anchors=7  margin=0.7248  mean-anchor=0.6422  
  [simclr-ft] per-event post f=0.003: power=0.138
  [simclr-ft] sparker (post, annealed)
    post-spk f=0.003: power=0.040 [0.014,0.090] (2/50)
  [simclr-ft] maha (post)
    post-maha f=0.003: power=0.180 [0.124,0.251] (9/50)
  [simclr-ft] mmd (post)
    post-mmd f=0.003: power=0.120 [0.074,0.184] (6/50)
  [sigreg+proto] epoch 1/5  sigreg=0.3345  proto=4.8822  min_dist=2.14  mean_dist=8.93
  [sigreg+proto] epoch 2/5  sigreg=0.4093  proto=3.4722  min_dist=2.21  mean_dist=8.97
  [sigreg+proto] epoch 3/5  sigreg=0.4800  proto=2.7287  min_dist=2.28  mean_dist=9.01
  [sigreg+proto] epoch 4/5  sigreg=0.4840  proto=2.1848  min_dist=2.35  mean_dist=9.05
  [sigreg+proto] epoch 5/5  sigreg=0.5061  proto=1.8875  min_dist=2.42  mean_dist=9.09
  round 1: pool=148 purity=0.000 k-hat=9 anchors=9  margin=0.6524  mean-anchor=0.6384  
  [sigreg+proto] epoch 1/5  sigreg=0.5258  proto=2.0454  min_dist=2.49  mean_dist=9.02
  [sigreg+proto] epoch 2/5  sigreg=0.4989  proto=1.9181  min_dist=2.56  mean_dist=9.06
  [sigreg+proto] epoch 3/5  sigreg=0.5008  proto=1.6480  min_dist=2.63  mean_dist=9.10
  [sigreg+proto] epoch 4/5  sigreg=0.5121  proto=1.4555  min_dist=2.69  mean_dist=9.15
  [sigreg+proto] epoch 5/5  sigreg=0.5100  proto=1.2721  min_dist=2.75  mean_dist=9.19
  round 2: pool=148 purity=0.000 k-hat=2 anchors=11  margin=0.7309  mean-anchor=0.6750  
  [sigreg-ssl-ft] per-event post f=0.003: power=0.122
  [sigreg-ssl-ft] sparker (post, annealed)
    post-spk f=0.003: power=0.080 [0.042,0.138] (4/50)
  [sigreg-ssl-ft] maha (post)
    post-maha f=0.003: power=0.100 [0.058,0.162] (5/50)
  [sigreg-ssl-ft] mmd (post)
    post-mmd f=0.003: power=0.100 [0.058,0.162] (5/50)
  [sigreg+proto] epoch 1/5  sigreg=0.5989  proto=2.2243  min_dist=0.61  mean_dist=2.52
  [sigreg+proto] epoch 2/5  sigreg=0.5167  proto=1.6754  min_dist=0.67  mean_dist=2.57
  [sigreg+proto] epoch 3/5  sigreg=0.4832  proto=1.5169  min_dist=0.72  mean_dist=2.61
  [sigreg+proto] epoch 4/5  sigreg=0.4613  proto=1.4386  min_dist=0.78  mean_dist=2.65
  [sigreg+proto] epoch 5/5  sigreg=0.4571  proto=1.3734  min_dist=0.84  mean_dist=2.69
  round 1: pool=148 purity=0.000 k-hat=1 anchors=1  margin=0.7279  mean-anchor=0.6063  
  [sigreg+proto] epoch 1/5  sigreg=0.4674  proto=2.3628  min_dist=0.90  mean_dist=3.73
  [sigreg+proto] epoch 2/5  sigreg=0.4632  proto=2.1583  min_dist=0.97  mean_dist=3.77
  [sigreg+proto] epoch 3/5  sigreg=0.4621  proto=1.6783  min_dist=1.03  mean_dist=3.82
  [sigreg+proto] epoch 4/5  sigreg=0.4433  proto=1.6068  min_dist=1.09  mean_dist=3.86
  [sigreg+proto] epoch 5/5  sigreg=0.4475  proto=1.5423  min_dist=1.16  mean_dist=3.91
  round 2: pool=148 purity=0.000 k-hat=6 anchors=7  margin=0.6573  mean-anchor=0.6312  
  [nplm-bil-ft] per-event post f=0.003: power=0.048
  [nplm-bil-ft] sparker (post, annealed)
    post-spk f=0.003: power=0.080 [0.042,0.138] (4/50)
  [nplm-bil-ft] maha (post)
    post-maha f=0.003: power=0.000 [0.000,0.036] (0/50)
  [nplm-bil-ft] mmd (post)
    post-mmd f=0.003: power=0.100 [0.058,0.162] (5/50)
  [sigreg+proto] epoch 1/5  sigreg=0.7667  proto=0.4782  min_dist=1.53  mean_dist=4.22
  [sigreg+proto] epoch 2/5  sigreg=0.7454  proto=0.1488  min_dist=1.58  mean_dist=4.26
  [sigreg+proto] epoch 3/5  sigreg=0.7061  proto=0.3060  min_dist=1.63  mean_dist=4.31
  [sigreg+proto] epoch 4/5  sigreg=0.6861  proto=0.2088  min_dist=1.68  mean_dist=4.36
  [sigreg+proto] epoch 5/5  sigreg=0.6682  proto=0.1570  min_dist=1.73  mean_dist=4.41
  round 1: pool=149 purity=0.007 k-hat=1 anchors=1  margin=0.7641  mean-anchor=0.6829  
  [sigreg+proto] epoch 1/5  sigreg=0.6626  proto=1.1955  min_dist=1.78  mean_dist=5.67
  [sigreg+proto] epoch 2/5  sigreg=0.6880  proto=0.7719  min_dist=1.84  mean_dist=5.72
  [sigreg+proto] epoch 3/5  sigreg=0.6628  proto=0.5325  min_dist=1.89  mean_dist=5.77
  [sigreg+proto] epoch 4/5  sigreg=0.6614  proto=0.6036  min_dist=1.95  mean_dist=5.82
  [sigreg+proto] epoch 5/5  sigreg=0.6692  proto=0.3624  min_dist=2.00  mean_dist=5.86
  round 2: pool=149 purity=0.007 k-hat=8 anchors=9  margin=0.7249  mean-anchor=0.7121  
  [supcon-ft] per-event post f=0.003: power=0.130
  [supcon-ft] sparker (post, annealed)
    post-spk f=0.003: power=0.060 [0.028,0.115] (3/50)
  [supcon-ft] maha (post)
    post-maha f=0.003: power=0.060 [0.028,0.115] (3/50)
  [supcon-ft] mmd (post)
    post-mmd f=0.003: power=0.080 [0.042,0.138] (4/50)
  [sigreg+proto] epoch 1/5  sigreg=0.4659  proto=1.4960  min_dist=2.21  mean_dist=10.87
  [sigreg+proto] epoch 2/5  sigreg=0.5358  proto=0.9992  min_dist=2.29  mean_dist=10.91
  [sigreg+proto] epoch 3/5  sigreg=0.5424  proto=0.6835  min_dist=2.36  mean_dist=10.95
  [sigreg+proto] epoch 4/5  sigreg=0.5227  proto=0.5690  min_dist=2.43  mean_dist=11.00
  [sigreg+proto] epoch 5/5  sigreg=0.4945  proto=0.4736  min_dist=2.50  mean_dist=11.04
  round 1: pool=154 purity=0.039 k-hat=7 anchors=7  margin=0.8032  mean-anchor=0.8547  
    merged 13 -> 10 anchors
  [sigreg+proto] epoch 1/5  sigreg=0.4901  proto=0.6462  min_dist=2.58  mean_dist=11.00
  [sigreg+proto] epoch 2/5  sigreg=0.4967  proto=0.7351  min_dist=2.65  mean_dist=11.04
  [sigreg+proto] epoch 3/5  sigreg=0.4876  proto=0.4756  min_dist=2.73  mean_dist=11.09
  [sigreg+proto] epoch 4/5  sigreg=0.4914  proto=0.4888  min_dist=2.79  mean_dist=11.13
  [sigreg+proto] epoch 5/5  sigreg=0.4823  proto=0.4136  min_dist=2.86  mean_dist=11.18
  round 2: pool=150 purity=0.013 k-hat=6 anchors=10  margin=0.8124  mean-anchor=0.8629  
  [ss-ft] per-event post f=0.003: power=0.295
  [ss-ft] sparker (post, annealed)
    post-spk f=0.003: power=0.140 [0.090,0.207] (7/50)
  [ss-ft] maha (post)
    post-maha f=0.003: power=0.040 [0.014,0.090] (2/50)
  [ss-ft] mmd (post)
    post-mmd f=0.003: power=0.100 [0.058,0.162] (5/50)
  [sigreg+proto] epoch 1/5  sigreg=0.8625  proto=1.0605  min_dist=0.24  mean_dist=5.35
  [sigreg+proto] epoch 2/5  sigreg=0.8388  proto=0.9726  min_dist=0.32  mean_dist=5.37
  [sigreg+proto] epoch 3/5  sigreg=0.8262  proto=0.9099  min_dist=0.38  mean_dist=5.40
  [sigreg+proto] epoch 4/5  sigreg=0.8155  proto=0.8479  min_dist=0.43  mean_dist=5.42
  [sigreg+proto] epoch 5/5  sigreg=0.7953  proto=0.9325  min_dist=0.47  mean_dist=5.44
  round 1: pool=155 purity=0.045 k-hat=2 anchors=2  margin=0.7534  mean-anchor=0.7972  
  [sigreg+proto] epoch 1/5  sigreg=0.8013  proto=0.9601  min_dist=0.57  mean_dist=5.68
  [sigreg+proto] epoch 2/5  sigreg=0.7946  proto=0.8908  min_dist=0.66  mean_dist=5.71
  [sigreg+proto] epoch 3/5  sigreg=0.7775  proto=0.9031  min_dist=0.74  mean_dist=5.74
  [sigreg+proto] epoch 4/5  sigreg=0.7837  proto=0.8352  min_dist=0.82  mean_dist=5.77
  [sigreg+proto] epoch 5/5  sigreg=0.7677  proto=0.7729  min_dist=0.88  mean_dist=5.80
  round 2: pool=148 purity=0.000 k-hat=4 anchors=6  margin=0.7067  mean-anchor=0.7946  
  [nplm-sup-ft] per-event post f=0.003: power=0.120
  [nplm-sup-ft] sparker (post, annealed)
    post-spk f=0.003: power=0.060 [0.028,0.115] (3/50)
  [nplm-sup-ft] maha (post)
    post-maha f=0.003: power=0.080 [0.042,0.138] (4/50)
  [nplm-sup-ft] mmd (post)
    post-mmd f=0.003: power=0.080 [0.042,0.138] (4/50)

===== POST grid, f=0.01 (30 injected) =====
  [sigreg+proto] epoch 1/5  sigreg=0.5902  proto=1.7848  min_dist=0.74  mean_dist=2.78
  [sigreg+proto] epoch 2/5  sigreg=0.5219  proto=1.2492  min_dist=0.79  mean_dist=2.83
  [sigreg+proto] epoch 3/5  sigreg=0.4824  proto=1.0903  min_dist=0.85  mean_dist=2.87
  [sigreg+proto] epoch 4/5  sigreg=0.4767  proto=0.9513  min_dist=0.91  mean_dist=2.91
  [sigreg+proto] epoch 5/5  sigreg=0.4605  proto=0.9228  min_dist=0.96  mean_dist=2.96
  round 1: pool=148 purity=0.000 k-hat=1 anchors=1  margin=0.7382  mean-anchor=0.6726  
  [sigreg+proto] epoch 1/5  sigreg=0.4600  proto=2.0494  min_dist=1.03  mean_dist=4.43
  [sigreg+proto] epoch 2/5  sigreg=0.4669  proto=1.3439  min_dist=1.09  mean_dist=4.48
  [sigreg+proto] epoch 3/5  sigreg=0.4612  proto=1.0949  min_dist=1.16  mean_dist=4.52
  [sigreg+proto] epoch 4/5  sigreg=0.4579  proto=0.9668  min_dist=1.22  mean_dist=4.57
  [sigreg+proto] epoch 5/5  sigreg=0.4648  proto=1.0086  min_dist=1.28  mean_dist=4.61
  round 2: pool=148 purity=0.000 k-hat=8 anchors=9  margin=0.7091  mean-anchor=0.6551  
  [simclr-ft] per-event post f=0.01: power=0.100
  [simclr-ft] sparker (post, annealed)
    post-spk f=0.01: power=0.020 [0.003,0.064] (1/50)
  [simclr-ft] maha (post)
    post-maha f=0.01: power=0.120 [0.074,0.184] (6/50)
  [simclr-ft] mmd (post)
    post-mmd f=0.01: power=0.100 [0.058,0.162] (5/50)
  [sigreg+proto] epoch 1/5  sigreg=0.3283  proto=4.8542  min_dist=2.14  mean_dist=8.93
  [sigreg+proto] epoch 2/5  sigreg=0.4355  proto=3.6237  min_dist=2.21  mean_dist=8.97
  [sigreg+proto] epoch 3/5  sigreg=0.4645  proto=2.5139  min_dist=2.28  mean_dist=9.01
  [sigreg+proto] epoch 4/5  sigreg=0.4824  proto=2.2803  min_dist=2.35  mean_dist=9.05
  [sigreg+proto] epoch 5/5  sigreg=0.5062  proto=2.0473  min_dist=2.42  mean_dist=9.09
  round 1: pool=148 purity=0.000 k-hat=9 anchors=9  margin=0.6425  mean-anchor=0.6394  
  [sigreg+proto] epoch 1/5  sigreg=0.5148  proto=2.1462  min_dist=2.49  mean_dist=8.96
  [sigreg+proto] epoch 2/5  sigreg=0.4956  proto=1.9379  min_dist=2.56  mean_dist=9.00
  [sigreg+proto] epoch 3/5  sigreg=0.5176  proto=1.5198  min_dist=2.62  mean_dist=9.05
  [sigreg+proto] epoch 4/5  sigreg=0.5439  proto=1.5452  min_dist=2.69  mean_dist=9.09
  [sigreg+proto] epoch 5/5  sigreg=0.5327  proto=1.3257  min_dist=2.75  mean_dist=9.13
  round 2: pool=149 purity=0.007 k-hat=4 anchors=13  margin=0.7522  mean-anchor=0.7535  
  [sigreg-ssl-ft] per-event post f=0.01: power=0.130
  [sigreg-ssl-ft] sparker (post, annealed)
    post-spk f=0.01: power=0.060 [0.028,0.115] (3/50)
  [sigreg-ssl-ft] maha (post)
    post-maha f=0.01: power=0.060 [0.028,0.115] (3/50)
  [sigreg-ssl-ft] mmd (post)
    post-mmd f=0.01: power=0.100 [0.058,0.162] (5/50)
  [sigreg+proto] epoch 1/5  sigreg=0.5978  proto=2.2560  min_dist=0.61  mean_dist=2.52
  [sigreg+proto] epoch 2/5  sigreg=0.5179  proto=1.7474  min_dist=0.67  mean_dist=2.57
  [sigreg+proto] epoch 3/5  sigreg=0.4800  proto=1.6422  min_dist=0.72  mean_dist=2.61
  [sigreg+proto] epoch 4/5  sigreg=0.4909  proto=1.3506  min_dist=0.78  mean_dist=2.65
  [sigreg+proto] epoch 5/5  sigreg=0.4584  proto=1.3447  min_dist=0.84  mean_dist=2.69
  round 1: pool=149 purity=0.007 k-hat=1 anchors=1  margin=0.7204  mean-anchor=0.6127  
  [sigreg+proto] epoch 1/5  sigreg=0.4556  proto=2.3263  min_dist=0.90  mean_dist=3.63
  [sigreg+proto] epoch 2/5  sigreg=0.4459  proto=1.9456  min_dist=0.97  mean_dist=3.68
  [sigreg+proto] epoch 3/5  sigreg=0.4470  proto=1.6298  min_dist=1.03  mean_dist=3.72
  [sigreg+proto] epoch 4/5  sigreg=0.4544  proto=1.4042  min_dist=1.09  mean_dist=3.77
  [sigreg+proto] epoch 5/5  sigreg=0.4539  proto=1.3638  min_dist=1.16  mean_dist=3.81
  round 2: pool=148 purity=0.000 k-hat=5 anchors=6  margin=0.6752  mean-anchor=0.6198  
  [nplm-bil-ft] per-event post f=0.01: power=0.022
  [nplm-bil-ft] sparker (post, annealed)
    post-spk f=0.01: power=0.080 [0.042,0.138] (4/50)
  [nplm-bil-ft] maha (post)
    post-maha f=0.01: power=0.040 [0.014,0.090] (2/50)
  [nplm-bil-ft] mmd (post)
    post-mmd f=0.01: power=0.100 [0.058,0.162] (5/50)
  [sigreg+proto] epoch 1/5  sigreg=0.7622  proto=0.5603  min_dist=1.53  mean_dist=4.22
  [sigreg+proto] epoch 2/5  sigreg=0.7434  proto=0.2516  min_dist=1.58  mean_dist=4.26
  [sigreg+proto] epoch 3/5  sigreg=0.7112  proto=0.2689  min_dist=1.63  mean_dist=4.31
  [sigreg+proto] epoch 4/5  sigreg=0.6977  proto=0.1527  min_dist=1.68  mean_dist=4.36
  [sigreg+proto] epoch 5/5  sigreg=0.6802  proto=0.1666  min_dist=1.73  mean_dist=4.40
  round 1: pool=155 purity=0.045 k-hat=1 anchors=1  margin=0.7556  mean-anchor=0.6857  
  [sigreg+proto] epoch 1/5  sigreg=0.6462  proto=0.8411  min_dist=1.78  mean_dist=5.17
  [sigreg+proto] epoch 2/5  sigreg=0.6513  proto=0.5163  min_dist=1.84  mean_dist=5.22
  [sigreg+proto] epoch 3/5  sigreg=0.6460  proto=0.4376  min_dist=1.89  mean_dist=5.27
  [sigreg+proto] epoch 4/5  sigreg=0.6384  proto=0.3711  min_dist=1.95  mean_dist=5.32
  [sigreg+proto] epoch 5/5  sigreg=0.6380  proto=0.3243  min_dist=2.00  mean_dist=5.37
  round 2: pool=149 purity=0.007 k-hat=5 anchors=6  margin=0.7005  mean-anchor=0.6960  
  [supcon-ft] per-event post f=0.01: power=0.160
  [supcon-ft] sparker (post, annealed)
    post-spk f=0.01: power=0.040 [0.014,0.090] (2/50)
  [supcon-ft] maha (post)
    post-maha f=0.01: power=0.140 [0.090,0.207] (7/50)
  [supcon-ft] mmd (post)
    post-mmd f=0.01: power=0.000 [0.000,0.036] (0/50)
  [sigreg+proto] epoch 1/5  sigreg=0.4892  proto=1.2396  min_dist=3.60  mean_dist=10.87
  [sigreg+proto] epoch 2/5  sigreg=0.5327  proto=0.9052  min_dist=3.64  mean_dist=10.92
  [sigreg+proto] epoch 3/5  sigreg=0.5508  proto=0.6704  min_dist=3.69  mean_dist=10.96
  [sigreg+proto] epoch 4/5  sigreg=0.5268  proto=0.4348  min_dist=3.73  mean_dist=11.01
  [sigreg+proto] epoch 5/5  sigreg=0.5086  proto=0.4981  min_dist=3.77  mean_dist=11.05
  round 1: pool=173 purity=0.145 k-hat=5 anchors=5  margin=0.8192  mean-anchor=0.8403  
    merged 9 -> 8 anchors
  [sigreg+proto] epoch 1/5  sigreg=0.5096  proto=0.8390  min_dist=3.15  mean_dist=10.86
  [sigreg+proto] epoch 2/5  sigreg=0.5102  proto=0.7408  min_dist=3.19  mean_dist=10.91
  [sigreg+proto] epoch 3/5  sigreg=0.4892  proto=0.6649  min_dist=3.24  mean_dist=10.95
  [sigreg+proto] epoch 4/5  sigreg=0.4812  proto=0.4573  min_dist=3.29  mean_dist=11.00
  [sigreg+proto] epoch 5/5  sigreg=0.4800  proto=0.4288  min_dist=3.35  mean_dist=11.04
  round 2: pool=159 purity=0.069 k-hat=4 anchors=8  margin=0.8089  mean-anchor=0.8475  
  [ss-ft] per-event post f=0.01: power=0.253
  [ss-ft] sparker (post, annealed)
    post-spk f=0.01: power=0.040 [0.014,0.090] (2/50)
  [ss-ft] maha (post)
    post-maha f=0.01: power=0.040 [0.014,0.090] (2/50)
  [ss-ft] mmd (post)
    post-mmd f=0.01: power=0.020 [0.003,0.064] (1/50)
  [sigreg+proto] epoch 1/5  sigreg=0.8563  proto=1.0508  min_dist=0.24  mean_dist=5.35
  [sigreg+proto] epoch 2/5  sigreg=0.8418  proto=1.0123  min_dist=0.32  mean_dist=5.37
  [sigreg+proto] epoch 3/5  sigreg=0.8212  proto=1.0035  min_dist=0.38  mean_dist=5.40
  [sigreg+proto] epoch 4/5  sigreg=0.8097  proto=0.9314  min_dist=0.43  mean_dist=5.42
  [sigreg+proto] epoch 5/5  sigreg=0.8060  proto=0.8796  min_dist=0.47  mean_dist=5.44
  round 1: pool=163 purity=0.092 k-hat=2 anchors=2  margin=0.7503  mean-anchor=0.7920  
  [sigreg+proto] epoch 1/5  sigreg=0.7911  proto=0.9736  min_dist=0.57  mean_dist=5.56
  [sigreg+proto] epoch 2/5  sigreg=0.7776  proto=0.8990  min_dist=0.66  mean_dist=5.59
  [sigreg+proto] epoch 3/5  sigreg=0.7705  proto=0.8709  min_dist=0.74  mean_dist=5.62
  [sigreg+proto] epoch 4/5  sigreg=0.7654  proto=0.7992  min_dist=0.82  mean_dist=5.65
  [sigreg+proto] epoch 5/5  sigreg=0.7471  proto=0.7214  min_dist=0.88  mean_dist=5.68
  round 2: pool=148 purity=0.000 k-hat=3 anchors=5  margin=0.7093  mean-anchor=0.8048  
  [nplm-sup-ft] per-event post f=0.01: power=0.142
  [nplm-sup-ft] sparker (post, annealed)
    post-spk f=0.01: power=0.060 [0.028,0.115] (3/50)
  [nplm-sup-ft] maha (post)
    post-maha f=0.01: power=0.100 [0.058,0.162] (5/50)
  [nplm-sup-ft] mmd (post)
    post-mmd f=0.01: power=0.020 [0.003,0.064] (1/50)

===== POST grid, f=0.02 (60 injected) =====
  [sigreg+proto] epoch 1/5  sigreg=0.5868  proto=1.7928  min_dist=0.74  mean_dist=2.78
  [sigreg+proto] epoch 2/5  sigreg=0.5195  proto=1.2975  min_dist=0.79  mean_dist=2.83
  [sigreg+proto] epoch 3/5  sigreg=0.4773  proto=1.1504  min_dist=0.85  mean_dist=2.87
  [sigreg+proto] epoch 4/5  sigreg=0.4763  proto=0.9035  min_dist=0.91  mean_dist=2.91
  [sigreg+proto] epoch 5/5  sigreg=0.4671  proto=0.8774  min_dist=0.96  mean_dist=2.96
  round 1: pool=148 purity=0.000 k-hat=1 anchors=1  margin=0.7332  mean-anchor=0.6612  
  [sigreg+proto] epoch 1/5  sigreg=0.4555  proto=1.6348  min_dist=1.03  mean_dist=4.15
  [sigreg+proto] epoch 2/5  sigreg=0.4517  proto=1.3400  min_dist=1.09  mean_dist=4.19
  [sigreg+proto] epoch 3/5  sigreg=0.4521  proto=1.0869  min_dist=1.16  mean_dist=4.24
  [sigreg+proto] epoch 4/5  sigreg=0.4302  proto=1.0440  min_dist=1.22  mean_dist=4.29
  [sigreg+proto] epoch 5/5  sigreg=0.4349  proto=0.9953  min_dist=1.28  mean_dist=4.33
  round 2: pool=149 purity=0.007 k-hat=7 anchors=8  margin=0.6824  mean-anchor=0.6509  
  [simclr-ft] per-event post f=0.02: power=0.040
  [simclr-ft] sparker (post, annealed)
    post-spk f=0.02: power=0.080 [0.042,0.138] (4/50)
  [simclr-ft] maha (post)
    post-maha f=0.02: power=0.240 [0.177,0.315] (12/50)
  [simclr-ft] mmd (post)
    post-mmd f=0.02: power=0.200 [0.141,0.273] (10/50)
  [sigreg+proto] epoch 1/5  sigreg=0.3054  proto=5.3159  min_dist=2.14  mean_dist=8.73
  [sigreg+proto] epoch 2/5  sigreg=0.4088  proto=3.3907  min_dist=2.21  mean_dist=8.77
  [sigreg+proto] epoch 3/5  sigreg=0.4674  proto=2.6376  min_dist=2.28  mean_dist=8.81
  [sigreg+proto] epoch 4/5  sigreg=0.4873  proto=2.4781  min_dist=2.35  mean_dist=8.85
  [sigreg+proto] epoch 5/5  sigreg=0.4949  proto=2.0537  min_dist=2.42  mean_dist=8.89
  round 1: pool=150 purity=0.013 k-hat=7 anchors=7  margin=0.6521  mean-anchor=0.7000  
  [sigreg+proto] epoch 1/5  sigreg=0.5066  proto=2.0803  min_dist=2.49  mean_dist=8.84
  [sigreg+proto] epoch 2/5  sigreg=0.4808  proto=2.1180  min_dist=2.56  mean_dist=8.88
  [sigreg+proto] epoch 3/5  sigreg=0.5083  proto=1.6503  min_dist=2.63  mean_dist=8.93
  [sigreg+proto] epoch 4/5  sigreg=0.5086  proto=1.3924  min_dist=2.69  mean_dist=8.97
  [sigreg+proto] epoch 5/5  sigreg=0.5229  proto=1.1320  min_dist=2.76  mean_dist=9.02
  round 2: pool=149 purity=0.007 k-hat=3 anchors=10  margin=0.7525  mean-anchor=0.6739  
  [sigreg-ssl-ft] per-event post f=0.02: power=0.130
  [sigreg-ssl-ft] sparker (post, annealed)
    post-spk f=0.02: power=0.120 [0.074,0.184] (6/50)
  [sigreg-ssl-ft] maha (post)
    post-maha f=0.02: power=0.160 [0.107,0.229] (8/50)
  [sigreg-ssl-ft] mmd (post)
    post-mmd f=0.02: power=0.120 [0.074,0.184] (6/50)
  [sigreg+proto] epoch 1/5  sigreg=0.5989  proto=2.2729  min_dist=0.61  mean_dist=2.52
  [sigreg+proto] epoch 2/5  sigreg=0.5179  proto=1.7614  min_dist=0.67  mean_dist=2.57
  [sigreg+proto] epoch 3/5  sigreg=0.4868  proto=1.5643  min_dist=0.72  mean_dist=2.61
  [sigreg+proto] epoch 4/5  sigreg=0.4818  proto=1.3989  min_dist=0.78  mean_dist=2.65
  [sigreg+proto] epoch 5/5  sigreg=0.4618  proto=1.3800  min_dist=0.84  mean_dist=2.69
  round 1: pool=152 purity=0.026 k-hat=1 anchors=1  margin=0.7255  mean-anchor=0.6082  
  [sigreg+proto] epoch 1/5  sigreg=0.4747  proto=2.3017  min_dist=0.90  mean_dist=3.64
  [sigreg+proto] epoch 2/5  sigreg=0.4463  proto=1.9934  min_dist=0.97  mean_dist=3.68
  [sigreg+proto] epoch 3/5  sigreg=0.4539  proto=1.7193  min_dist=1.03  mean_dist=3.73
  [sigreg+proto] epoch 4/5  sigreg=0.4555  proto=1.4421  min_dist=1.09  mean_dist=3.77
  [sigreg+proto] epoch 5/5  sigreg=0.4636  proto=1.3307  min_dist=1.16  mean_dist=3.82
  round 2: pool=150 purity=0.013 k-hat=5 anchors=6  margin=0.6345  mean-anchor=0.6270  
  [nplm-bil-ft] per-event post f=0.02: power=0.013
  [nplm-bil-ft] sparker (post, annealed)
    post-spk f=0.02: power=0.020 [0.003,0.064] (1/50)
  [nplm-bil-ft] maha (post)
    post-maha f=0.02: power=0.140 [0.090,0.207] (7/50)
  [nplm-bil-ft] mmd (post)
    post-mmd f=0.02: power=0.120 [0.074,0.184] (6/50)
  [sigreg+proto] epoch 1/5  sigreg=0.7688  proto=0.4660  min_dist=1.53  mean_dist=4.22
  [sigreg+proto] epoch 2/5  sigreg=0.7314  proto=0.3241  min_dist=1.58  mean_dist=4.26
  [sigreg+proto] epoch 3/5  sigreg=0.7114  proto=0.2756  min_dist=1.63  mean_dist=4.31
  [sigreg+proto] epoch 4/5  sigreg=0.7037  proto=0.1588  min_dist=1.68  mean_dist=4.36
  [sigreg+proto] epoch 5/5  sigreg=0.6744  proto=0.1498  min_dist=1.73  mean_dist=4.40
  round 1: pool=156 purity=0.051 k-hat=1 anchors=1  margin=0.7778  mean-anchor=0.6980  
  [sigreg+proto] epoch 1/5  sigreg=0.6587  proto=0.8790  min_dist=1.78  mean_dist=5.63
  [sigreg+proto] epoch 2/5  sigreg=0.6971  proto=0.7979  min_dist=1.83  mean_dist=5.68
  [sigreg+proto] epoch 3/5  sigreg=0.6711  proto=0.4255  min_dist=1.89  mean_dist=5.73
  [sigreg+proto] epoch 4/5  sigreg=0.6628  proto=0.5352  min_dist=1.94  mean_dist=5.78
  [sigreg+proto] epoch 5/5  sigreg=0.6697  proto=0.4242  min_dist=1.99  mean_dist=5.82
  round 2: pool=148 purity=0.000 k-hat=9 anchors=10  margin=0.7436  mean-anchor=0.7297  
  [supcon-ft] per-event post f=0.02: power=0.210
  [supcon-ft] sparker (post, annealed)
    post-spk f=0.02: power=0.160 [0.107,0.229] (8/50)
  [supcon-ft] maha (post)
    post-maha f=0.02: power=0.240 [0.177,0.315] (12/50)
  [supcon-ft] mmd (post)
    post-mmd f=0.02: power=0.300 [0.231,0.378] (15/50)
  [sigreg+proto] epoch 1/5  sigreg=0.4939  proto=1.0079  min_dist=2.99  mean_dist=10.84
  [sigreg+proto] epoch 2/5  sigreg=0.5398  proto=0.7542  min_dist=3.04  mean_dist=10.89
  [sigreg+proto] epoch 3/5  sigreg=0.5278  proto=0.6881  min_dist=3.08  mean_dist=10.93
  [sigreg+proto] epoch 4/5  sigreg=0.4952  proto=0.5855  min_dist=3.13  mean_dist=10.98
  [sigreg+proto] epoch 5/5  sigreg=0.4781  proto=0.5479  min_dist=3.18  mean_dist=11.02
  round 1: pool=193 purity=0.233 k-hat=5 anchors=5  margin=0.8352  mean-anchor=0.8882  
    merged 11 -> 8 anchors
  [sigreg+proto] epoch 1/5  sigreg=0.4897  proto=0.6243  min_dist=3.22  mean_dist=11.12
  [sigreg+proto] epoch 2/5  sigreg=0.4894  proto=0.6007  min_dist=3.26  mean_dist=11.17
  [sigreg+proto] epoch 3/5  sigreg=0.4878  proto=0.4968  min_dist=3.29  mean_dist=11.22
  [sigreg+proto] epoch 4/5  sigreg=0.4796  proto=0.4184  min_dist=3.31  mean_dist=11.26
  [sigreg+proto] epoch 5/5  sigreg=0.4749  proto=0.5221  min_dist=3.33  mean_dist=11.31
  round 2: pool=154 purity=0.039 k-hat=6 anchors=8  margin=0.8344  mean-anchor=0.8885  
  [ss-ft] per-event post f=0.02: power=0.302
  [ss-ft] sparker (post, annealed)
    post-spk f=0.02: power=0.120 [0.074,0.184] (6/50)
  [ss-ft] maha (post)
    post-maha f=0.02: power=0.220 [0.159,0.294] (11/50)
  [ss-ft] mmd (post)
    post-mmd f=0.02: power=0.220 [0.159,0.294] (11/50)
  [sigreg+proto] epoch 1/5  sigreg=0.8549  proto=1.0251  min_dist=0.24  mean_dist=5.35
  [sigreg+proto] epoch 2/5  sigreg=0.8442  proto=0.9327  min_dist=0.32  mean_dist=5.37
  [sigreg+proto] epoch 3/5  sigreg=0.8233  proto=0.8855  min_dist=0.38  mean_dist=5.39
  [sigreg+proto] epoch 4/5  sigreg=0.8116  proto=0.8920  min_dist=0.43  mean_dist=5.41
  [sigreg+proto] epoch 5/5  sigreg=0.8105  proto=0.7618  min_dist=0.47  mean_dist=5.44
  round 1: pool=181 purity=0.182 k-hat=2 anchors=2  margin=0.7534  mean-anchor=0.7896  
  [sigreg+proto] epoch 1/5  sigreg=0.7909  proto=1.0933  min_dist=0.57  mean_dist=5.61
  [sigreg+proto] epoch 2/5  sigreg=0.7867  proto=0.8899  min_dist=0.66  mean_dist=5.64
  [sigreg+proto] epoch 3/5  sigreg=0.7688  proto=0.9733  min_dist=0.74  mean_dist=5.67
  [sigreg+proto] epoch 4/5  sigreg=0.7697  proto=0.7999  min_dist=0.82  mean_dist=5.70
  [sigreg+proto] epoch 5/5  sigreg=0.7570  proto=0.7412  min_dist=0.88  mean_dist=5.73
  round 2: pool=148 purity=0.000 k-hat=3 anchors=5  margin=0.7197  mean-anchor=0.8009  
  [nplm-sup-ft] per-event post f=0.02: power=0.145
  [nplm-sup-ft] sparker (post, annealed)
    post-spk f=0.02: power=0.100 [0.058,0.162] (5/50)
  [nplm-sup-ft] maha (post)
    post-maha f=0.02: power=0.100 [0.058,0.162] (5/50)
  [nplm-sup-ft] mmd (post)
    post-mmd f=0.02: power=0.220 [0.159,0.294] (11/50)

===== POST grid, f=0.05 (156 injected) =====
  [sigreg+proto] epoch 1/5  sigreg=0.5878  proto=1.8235  min_dist=0.74  mean_dist=2.78
  [sigreg+proto] epoch 2/5  sigreg=0.5148  proto=1.3287  min_dist=0.79  mean_dist=2.83
  [sigreg+proto] epoch 3/5  sigreg=0.4850  proto=1.1068  min_dist=0.85  mean_dist=2.87
  [sigreg+proto] epoch 4/5  sigreg=0.4780  proto=0.9471  min_dist=0.91  mean_dist=2.91
  [sigreg+proto] epoch 5/5  sigreg=0.4648  proto=0.8695  min_dist=0.96  mean_dist=2.96
  round 1: pool=148 purity=0.000 k-hat=1 anchors=1  margin=0.7347  mean-anchor=0.6772  
  [sigreg+proto] epoch 1/5  sigreg=0.4697  proto=1.7989  min_dist=1.03  mean_dist=4.24
  [sigreg+proto] epoch 2/5  sigreg=0.4686  proto=1.3634  min_dist=1.09  mean_dist=4.29
  [sigreg+proto] epoch 3/5  sigreg=0.4529  proto=1.1199  min_dist=1.16  mean_dist=4.33
  [sigreg+proto] epoch 4/5  sigreg=0.4707  proto=0.9350  min_dist=1.22  mean_dist=4.38
  [sigreg+proto] epoch 5/5  sigreg=0.4411  proto=0.9113  min_dist=1.28  mean_dist=4.43
  round 2: pool=150 purity=0.013 k-hat=7 anchors=8  margin=0.7208  mean-anchor=0.6599  
  [simclr-ft] per-event post f=0.05: power=0.095
  [simclr-ft] sparker (post, annealed)
    post-spk f=0.05: power=0.240 [0.177,0.315] (12/50)
  [simclr-ft] maha (post)
    post-maha f=0.05: power=0.920 [0.862,0.958] (46/50)
  [simclr-ft] mmd (post)
    post-mmd f=0.05: power=0.620 [0.540,0.695] (31/50)
  [sigreg+proto] epoch 1/5  sigreg=0.3076  proto=4.7131  min_dist=2.14  mean_dist=8.89
  [sigreg+proto] epoch 2/5  sigreg=0.4242  proto=3.2615  min_dist=2.22  mean_dist=8.93
  [sigreg+proto] epoch 3/5  sigreg=0.4642  proto=2.5590  min_dist=2.28  mean_dist=8.97
  [sigreg+proto] epoch 4/5  sigreg=0.5022  proto=2.2876  min_dist=2.35  mean_dist=9.01
  [sigreg+proto] epoch 5/5  sigreg=0.4984  proto=2.0224  min_dist=2.41  mean_dist=9.05
  round 1: pool=151 purity=0.020 k-hat=9 anchors=9  margin=0.6283  mean-anchor=0.7539  
  [sigreg+proto] epoch 1/5  sigreg=0.5096  proto=1.9462  min_dist=2.49  mean_dist=8.98
  [sigreg+proto] epoch 2/5  sigreg=0.5169  proto=1.5660  min_dist=2.55  mean_dist=9.02
  [sigreg+proto] epoch 3/5  sigreg=0.5170  proto=1.5856  min_dist=2.62  mean_dist=9.07
  [sigreg+proto] epoch 4/5  sigreg=0.5405  proto=1.3047  min_dist=2.69  mean_dist=9.12
  [sigreg+proto] epoch 5/5  sigreg=0.5169  proto=1.2328  min_dist=2.75  mean_dist=9.16
  round 2: pool=157 purity=0.057 k-hat=4 anchors=13  margin=0.7251  mean-anchor=0.7549  
  [sigreg-ssl-ft] per-event post f=0.05: power=0.075
  [sigreg-ssl-ft] sparker (post, annealed)
    post-spk f=0.05: power=0.280 [0.213,0.357] (14/50)
  [sigreg-ssl-ft] maha (post)
    post-maha f=0.05: power=0.920 [0.862,0.958] (46/50)
  [sigreg-ssl-ft] mmd (post)
    post-mmd f=0.05: power=0.760 [0.685,0.823] (38/50)
  [sigreg+proto] epoch 1/5  sigreg=0.6009  proto=2.2669  min_dist=0.61  mean_dist=2.52
  [sigreg+proto] epoch 2/5  sigreg=0.5117  proto=1.8256  min_dist=0.67  mean_dist=2.57
  [sigreg+proto] epoch 3/5  sigreg=0.4840  proto=1.6039  min_dist=0.72  mean_dist=2.61
  [sigreg+proto] epoch 4/5  sigreg=0.4770  proto=1.4262  min_dist=0.78  mean_dist=2.65
  [sigreg+proto] epoch 5/5  sigreg=0.4648  proto=1.2508  min_dist=0.84  mean_dist=2.69
  round 1: pool=156 purity=0.051 k-hat=1 anchors=1  margin=0.7215  mean-anchor=0.6047  
  [sigreg+proto] epoch 1/5  sigreg=0.4659  proto=2.3743  min_dist=0.90  mean_dist=3.87
  [sigreg+proto] epoch 2/5  sigreg=0.4677  proto=1.9912  min_dist=0.97  mean_dist=3.92
  [sigreg+proto] epoch 3/5  sigreg=0.4494  proto=1.6635  min_dist=1.03  mean_dist=3.96
  [sigreg+proto] epoch 4/5  sigreg=0.4586  proto=1.4822  min_dist=1.09  mean_dist=4.01
  [sigreg+proto] epoch 5/5  sigreg=0.4612  proto=1.3920  min_dist=1.16  mean_dist=4.05
  round 2: pool=153 purity=0.033 k-hat=6 anchors=7  margin=0.6782  mean-anchor=0.6184  
  [nplm-bil-ft] per-event post f=0.05: power=0.068
  [nplm-bil-ft] sparker (post, annealed)
    post-spk f=0.05: power=0.020 [0.003,0.064] (1/50)
  [nplm-bil-ft] maha (post)
    post-maha f=0.05: power=0.700 [0.622,0.769] (35/50)
  [nplm-bil-ft] mmd (post)
    post-mmd f=0.05: power=0.180 [0.124,0.251] (9/50)
  [sigreg+proto] epoch 1/5  sigreg=0.7620  proto=0.4964  min_dist=1.53  mean_dist=4.22
  [sigreg+proto] epoch 2/5  sigreg=0.7363  proto=0.2764  min_dist=1.58  mean_dist=4.26
  [sigreg+proto] epoch 3/5  sigreg=0.7121  proto=0.2390  min_dist=1.63  mean_dist=4.31
  [sigreg+proto] epoch 4/5  sigreg=0.6954  proto=0.1422  min_dist=1.68  mean_dist=4.36
  [sigreg+proto] epoch 5/5  sigreg=0.6739  proto=0.2620  min_dist=1.73  mean_dist=4.40
  round 1: pool=172 purity=0.140 k-hat=1 anchors=1  margin=0.7793  mean-anchor=0.6999  
  [sigreg+proto] epoch 1/5  sigreg=0.6529  proto=1.0060  min_dist=1.78  mean_dist=5.31
  [sigreg+proto] epoch 2/5  sigreg=0.6624  proto=0.7002  min_dist=1.83  mean_dist=5.36
  [sigreg+proto] epoch 3/5  sigreg=0.6516  proto=0.4691  min_dist=1.89  mean_dist=5.41
  [sigreg+proto] epoch 4/5  sigreg=0.6553  proto=0.4003  min_dist=1.94  mean_dist=5.46
  [sigreg+proto] epoch 5/5  sigreg=0.6557  proto=0.3217  min_dist=1.99  mean_dist=5.51
  round 2: pool=153 purity=0.033 k-hat=6 anchors=7  margin=0.7353  mean-anchor=0.7335  
  [supcon-ft] per-event post f=0.05: power=0.142
  [supcon-ft] sparker (post, annealed)
    post-spk f=0.05: power=0.240 [0.177,0.315] (12/50)
  [supcon-ft] maha (post)
    post-maha f=0.05: power=0.940 [0.885,0.972] (47/50)
  [supcon-ft] mmd (post)
    post-mmd f=0.05: power=0.880 [0.816,0.926] (44/50)
  [sigreg+proto] epoch 1/5  sigreg=0.4833  proto=0.8471  min_dist=3.13  mean_dist=10.81
  [sigreg+proto] epoch 2/5  sigreg=0.5195  proto=0.8559  min_dist=3.18  mean_dist=10.85
  [sigreg+proto] epoch 3/5  sigreg=0.5188  proto=0.5590  min_dist=3.23  mean_dist=10.90
  [sigreg+proto] epoch 4/5  sigreg=0.5089  proto=0.3944  min_dist=3.28  mean_dist=10.94
  [sigreg+proto] epoch 5/5  sigreg=0.4698  proto=0.6559  min_dist=3.34  mean_dist=10.99
  round 1: pool=263 purity=0.437 k-hat=6 anchors=6  margin=0.8507  mean-anchor=0.8949  
    merged 11 -> 7 anchors
  [sigreg+proto] epoch 1/5  sigreg=0.4896  proto=0.6839  min_dist=3.52  mean_dist=10.94
  [sigreg+proto] epoch 2/5  sigreg=0.5140  proto=0.4984  min_dist=3.57  mean_dist=10.98
  [sigreg+proto] epoch 3/5  sigreg=0.4776  proto=0.6501  min_dist=3.62  mean_dist=11.03
  [sigreg+proto] epoch 4/5  sigreg=0.4673  proto=0.5574  min_dist=3.67  mean_dist=11.08
  [sigreg+proto] epoch 5/5  sigreg=0.4705  proto=0.3616  min_dist=3.72  mean_dist=11.12
  round 2: pool=184 purity=0.196 k-hat=5 anchors=7  margin=0.8618  mean-anchor=0.9055  
  [ss-ft] per-event post f=0.05: power=0.338
  [ss-ft] sparker (post, annealed)
    post-spk f=0.05: power=0.400 [0.324,0.480] (20/50)
  [ss-ft] maha (post)
    post-maha f=0.05: power=0.880 [0.816,0.926] (44/50)
  [ss-ft] mmd (post)
    post-mmd f=0.05: power=0.820 [0.749,0.876] (41/50)
  [sigreg+proto] epoch 1/5  sigreg=0.8577  proto=1.0889  min_dist=0.24  mean_dist=5.34
  [sigreg+proto] epoch 2/5  sigreg=0.8414  proto=0.9242  min_dist=0.32  mean_dist=5.37
  [sigreg+proto] epoch 3/5  sigreg=0.8234  proto=0.9614  min_dist=0.38  mean_dist=5.39
  [sigreg+proto] epoch 4/5  sigreg=0.8173  proto=0.8172  min_dist=0.43  mean_dist=5.41
  [sigreg+proto] epoch 5/5  sigreg=0.8061  proto=0.7518  min_dist=0.47  mean_dist=5.44
  round 1: pool=240 purity=0.383 k-hat=2 anchors=2  margin=0.7889  mean-anchor=0.8213  
  [sigreg+proto] epoch 1/5  sigreg=0.8012  proto=1.0070  min_dist=0.57  mean_dist=5.60
  [sigreg+proto] epoch 2/5  sigreg=0.8011  proto=0.9183  min_dist=0.66  mean_dist=5.63
  [sigreg+proto] epoch 3/5  sigreg=0.7824  proto=0.8912  min_dist=0.74  mean_dist=5.66
  [sigreg+proto] epoch 4/5  sigreg=0.7801  proto=0.7245  min_dist=0.82  mean_dist=5.69
  [sigreg+proto] epoch 5/5  sigreg=0.7606  proto=0.7554  min_dist=0.88  mean_dist=5.72
  round 2: pool=150 purity=0.013 k-hat=3 anchors=5  margin=0.7691  mean-anchor=0.8271  
  [nplm-sup-ft] per-event post f=0.05: power=0.215
  [nplm-sup-ft] sparker (post, annealed)
    post-spk f=0.05: power=0.700 [0.622,0.769] (35/50)
  [nplm-sup-ft] maha (post)
    post-maha f=0.05: power=0.980 [0.936,0.997] (49/50)
  [nplm-sup-ft] mmd (post)
    post-mmd f=0.05: power=0.740 [0.664,0.806] (37/50)

===== EXP70 PEREVENT POST POWER =====
  arm                 0.003     0.01     0.02     0.05
  simclr-ft           0.138    0.100    0.040    0.095
  sigreg-ssl-ft       0.122    0.130    0.130    0.075
  nplm-bil-ft         0.048    0.022    0.013    0.068
  supcon-ft           0.130    0.160    0.210    0.142
  ss-ft               0.295    0.253    0.302    0.338
  nplm-sup-ft         0.120    0.142    0.145    0.215
  saved /home/pharris/sigreg/SuperSig/plots/exp70_perevent_power_post_dtd_lejepa_ft70.png

===== EXP70 SPARKER POST POWER =====
  arm                 0.003     0.01     0.02     0.05
  simclr-ft           0.040    0.020    0.080    0.240
  sigreg-ssl-ft       0.080    0.060    0.120    0.280
  nplm-bil-ft         0.080    0.080    0.020    0.020
  supcon-ft           0.060    0.040    0.160    0.240
  ss-ft               0.140    0.040    0.120    0.400
  nplm-sup-ft         0.060    0.060    0.100    0.700
  saved /home/pharris/sigreg/SuperSig/plots/exp70_sparker_power_post_dtd_lejepa_ft70.png

===== EXP70 MAHA POST POWER =====
  arm                 0.003     0.01     0.02     0.05
  simclr-ft           0.180    0.120    0.240    0.920
  sigreg-ssl-ft       0.100    0.060    0.160    0.920
  nplm-bil-ft         0.000    0.040    0.140    0.700
  supcon-ft           0.060    0.140    0.240    0.940
  ss-ft               0.040    0.040    0.220    0.880
  nplm-sup-ft         0.080    0.100    0.100    0.980
  saved /home/pharris/sigreg/SuperSig/plots/exp70_maha_power_post_dtd_lejepa_ft70.png

===== EXP70 MMD POST POWER =====
  arm                 0.003     0.01     0.02     0.05
  simclr-ft           0.120    0.100    0.200    0.620
  sigreg-ssl-ft       0.100    0.100    0.120    0.760
  nplm-bil-ft         0.100    0.100    0.120    0.180
  supcon-ft           0.080    0.000    0.300    0.880
  ss-ft               0.100    0.020    0.220    0.820
  nplm-sup-ft         0.080    0.020    0.220    0.740
  saved /home/pharris/sigreg/SuperSig/plots/exp70_mmd_power_post_dtd_lejepa_ft70.png

===== EXP70 SUMMARY [dtd_lejepa_ft70] =====
  [simclr-ft     ] probe=0.8174+-0.0009 acc=0.6459 eucl=0.5163 mahaT=0.5802  || post: probe=0.8206 eucl=0.6673 mahaT=0.7063
          round 1: purity=0.000 anchors=1  margin=0.7382
          round 2: purity=0.075 anchors=8  margin=0.7212
  [sigreg-ssl-ft ] probe=0.8086+-0.0030 acc=0.5980 eucl=0.6074 mahaT=0.7141  || post: probe=0.8260 eucl=0.6247 mahaT=0.7154
          round 1: purity=0.145 anchors=7  margin=0.6761
          round 2: purity=0.221 anchors=11  margin=0.7533
  [nplm-bil-ft   ] probe=0.7457+-0.0024 acc=0.5054 eucl=0.5952 mahaT=0.6372  || post: probe=0.7451 eucl=0.6255 mahaT=0.6566
          round 1: purity=0.221 anchors=1  margin=0.7292
          round 2: purity=0.169 anchors=5  margin=0.6967
  [supcon-ft     ] probe=0.7545+-0.0061 acc=0.7466 eucl=0.7063 mahaT=0.7318  || post: probe=0.7901 eucl=0.7675 mahaT=0.7789
          round 1: purity=0.488 anchors=1  margin=0.8150
          round 2: purity=0.057 anchors=6  margin=0.7763
  [ss-ft         ] probe=0.7870+-0.0026 acc=0.7845 eucl=0.8041 mahaT=0.7864  || post: probe=0.7838 eucl=0.7954 mahaT=0.8013
          round 1: purity=0.803 anchors=8  margin=0.8835
          round 2: purity=0.513 anchors=11  margin=0.8820
  [nplm-sup-ft   ] probe=0.5812+-0.0435 acc=0.6493 eucl=0.7139 mahaT=0.7535  || post: probe=0.7652 eucl=0.7402 mahaT=0.7743
          round 1: purity=0.758 anchors=3  margin=0.8315
          round 2: purity=0.026 anchors=6  margin=0.8119
saved /home/pharris/sigreg/SuperSig/plots/exp70_probe_dtd_lejepa_ft70.png
Done.
