/home/pharris/venv/lib64/python3.9/site-packages/networkx/utils/backends.py:135: RuntimeWarning: networkx backend defined more than once: nx-loopback
  backends.update(_get_backends("networkx.backends"))
Using cache found in /home/pharris/.cache/torch/hub/facebookresearch_dino_main
exp70 [aircraft_dino_ft70] end-to-end ft suite, arms=['supcon-ft', 'ss-ft'], ft_epochs=20, emb=100, holdouts 90-99 EXCLUDED from ft
  ft corpus: 6000/6667 train images (holdout classes removed)

===== [supcon-ft] (supervised) =====
  [supcon-ft] epoch 1/20  main=1.5401  aux=0.0000
  [supcon-ft] epoch 5/20  main=1.2719  aux=0.0000
  [supcon-ft] epoch 10/20  main=1.1681  aux=0.0000
  [supcon-ft] epoch 15/20  main=1.0703  aux=0.0000
  [supcon-ft] epoch 20/20  main=1.0057  aux=0.0000
  extracted ft70_supcon-ft train: (6667, 768)
Using cache found in /home/pharris/.cache/torch/hub/facebookresearch_dino_main
  extracted ft70_supcon-ft test: (3333, 768)
  [supcon-ft     ] probe=0.7614+-0.0449 acc=0.4567 supAUC=0.9681 eucl=0.6978 mahaT=0.6589 mahaPC=0.6863

===== [ss-ft] (supervised) =====
  [ss-ft] epoch 1/20  main=1.7093  aux=1.1999
  [ss-ft] epoch 5/20  main=1.3104  aux=0.6644
  [ss-ft] epoch 10/20  main=1.2710  aux=0.5560
  [ss-ft] epoch 15/20  main=1.1468  aux=0.4754
  [ss-ft] epoch 20/20  main=1.1077  aux=0.4315
  extracted ft70_ss-ft train: (6667, 768)
  extracted ft70_ss-ft test: (3333, 768)
  [ss-ft         ] probe=0.8016+-0.0125 acc=0.4177 supAUC=0.9646 eucl=0.5004 mahaT=0.6044 mahaPC=0.6656

===== PRE table =====
  arm                        probe     acc  supAUC    eucl   mahaT  mahaPC
  supcon-ft          0.7614+-0.0449  0.4567  0.9681  0.6978  0.6589  0.6863
  ss-ft              0.8016+-0.0125  0.4177  0.9646  0.5004  0.6044  0.6656

===== gaussianity (seen classes, test set) =====
  metric                         supcon-ft         ss-ft
  eig min (class cov)               -0.000        -0.000
  eig max (class cov)              152.878        16.954
  eig cond worst            152877616070656.016953719652352.0
  class RMS min                      0.732         0.447
  class RMS mean                     0.953         0.689
  class RMS max                      1.702         0.853
  max |corr| (worst class)           0.924         0.899
  SW ratio mean                       1.34          1.18
  SW ratio worst                      3.87          1.87
  |skew| mean                        0.406         0.352
  |ex-kurt| mean                     0.805         0.668
  centroid dist min                   2.02          1.51
  centroid dist mean                 14.95          8.88
  separation (min d/RMS)              2.12          2.20

===== EXP70 SUMMARY [aircraft_dino_ft70] =====
  [supcon-ft     ] probe=0.7614+-0.0449 acc=0.4567 eucl=0.6978 mahaT=0.6589
  [ss-ft         ] probe=0.8016+-0.0125 acc=0.4177 eucl=0.5004 mahaT=0.6044
saved /home/pharris/sigreg/SuperSig/plots/exp70_probe_aircraft_dino_ft70.png
Done.
