/home/pharris/venv/lib64/python3.9/site-packages/networkx/utils/backends.py:135: RuntimeWarning: networkx backend defined more than once: nx-loopback
  backends.update(_get_backends("networkx.backends"))
Using cache found in /home/pharris/.cache/torch/hub/chenyaofo_pytorch-cifar-models_master
exp75 [cifar10_32d] multi-seed residual concats, 5 paired seeds

########## seed 0 ##########
  CIFAR two-view embedding-train images (no {4}): 45000
  [supcon] epoch 1/20  loss=4.7557
  [supcon] epoch 2/20  loss=4.6765
  [supcon] epoch 3/20  loss=4.6378
  [supcon] epoch 4/20  loss=4.6234
  [supcon] epoch 5/20  loss=4.6012
  [supcon] epoch 6/20  loss=4.5831
  [supcon] epoch 7/20  loss=4.5750
  [supcon] epoch 8/20  loss=4.5625
  [supcon] epoch 9/20  loss=4.5527
  [supcon] epoch 10/20  loss=4.5467
  [supcon] epoch 11/20  loss=4.5379
  [supcon] epoch 12/20  loss=4.5248
  [supcon] epoch 13/20  loss=4.5230
  [supcon] epoch 14/20  loss=4.5041
  [supcon] epoch 15/20  loss=4.5058
  [supcon] epoch 16/20  loss=4.5019
  [supcon] epoch 17/20  loss=4.4938
  [supcon] epoch 18/20  loss=4.4860
  [supcon] epoch 19/20  loss=4.4827
  [supcon] epoch 20/20  loss=4.4746
  [seed 0] parent probe=0.9418
  CIFAR two-view embedding-train images (no {4}): 45000
  [s0-res] epoch 1/20  loss=5.1559
  [s0-res] epoch 5/20  loss=4.7310
  [s0-res] epoch 10/20  loss=4.6382
  [s0-res] epoch 15/20  loss=4.5921
  [s0-res] epoch 20/20  loss=4.5670
  [seed 0] res concat probe=0.9580
  CIFAR two-view embedding-train images (no {4}): 45000
  [s0-res-nplm] epoch 1/20  loss=103015806.2733
  [s0-res-nplm] epoch 5/20  loss=489678.8336
  [s0-res-nplm] epoch 10/20  loss=198608.8677
  [s0-res-nplm] epoch 15/20  loss=156920.2556
  [s0-res-nplm] epoch 20/20  loss=82779.5218
Using cache found in /home/pharris/.cache/torch/hub/chenyaofo_pytorch-cifar-models_master
  [seed 0] res-nplm concat probe=0.9454

########## seed 1 ##########
  CIFAR two-view embedding-train images (no {4}): 45000
  [supcon] epoch 1/20  loss=4.7601
  [supcon] epoch 2/20  loss=4.6712
  [supcon] epoch 3/20  loss=4.6455
  [supcon] epoch 4/20  loss=4.6250
  [supcon] epoch 5/20  loss=4.6039
  [supcon] epoch 6/20  loss=4.5843
  [supcon] epoch 7/20  loss=4.5738
  [supcon] epoch 8/20  loss=4.5691
  [supcon] epoch 9/20  loss=4.5503
  [supcon] epoch 10/20  loss=4.5410
  [supcon] epoch 11/20  loss=4.5383
  [supcon] epoch 12/20  loss=4.5247
  [supcon] epoch 13/20  loss=4.5153
  [supcon] epoch 14/20  loss=4.5119
  [supcon] epoch 15/20  loss=4.4976
  [supcon] epoch 16/20  loss=4.5023
  [supcon] epoch 17/20  loss=4.4921
  [supcon] epoch 18/20  loss=4.4893
  [supcon] epoch 19/20  loss=4.4884
  [supcon] epoch 20/20  loss=4.4764
  [seed 1] parent probe=0.9418
  CIFAR two-view embedding-train images (no {4}): 45000
  [s1-res] epoch 1/20  loss=5.1799
  [s1-res] epoch 5/20  loss=4.7242
  [s1-res] epoch 10/20  loss=4.6370
  [s1-res] epoch 15/20  loss=4.5945
  [s1-res] epoch 20/20  loss=4.5725
  [seed 1] res concat probe=0.9573
  CIFAR two-view embedding-train images (no {4}): 45000
  [s1-res-nplm] epoch 1/20  loss=112437132.1444
  [s1-res-nplm] epoch 5/20  loss=329885.3352
  [s1-res-nplm] epoch 10/20  loss=111150.4318
  [s1-res-nplm] epoch 15/20  loss=10674477.6929
  [s1-res-nplm] epoch 20/20  loss=4521207.7214
Using cache found in /home/pharris/.cache/torch/hub/chenyaofo_pytorch-cifar-models_master
  [seed 1] res-nplm concat probe=0.9493

########## seed 2 ##########
  CIFAR two-view embedding-train images (no {4}): 45000
  [supcon] epoch 1/20  loss=4.7566
  [supcon] epoch 2/20  loss=4.6745
  [supcon] epoch 3/20  loss=4.6392
  [supcon] epoch 4/20  loss=4.6201
  [supcon] epoch 5/20  loss=4.6057
  [supcon] epoch 6/20  loss=4.5940
  [supcon] epoch 7/20  loss=4.5745
  [supcon] epoch 8/20  loss=4.5617
  [supcon] epoch 9/20  loss=4.5591
  [supcon] epoch 10/20  loss=4.5485
  [supcon] epoch 11/20  loss=4.5355
  [supcon] epoch 12/20  loss=4.5312
  [supcon] epoch 13/20  loss=4.5254
  [supcon] epoch 14/20  loss=4.5143
  [supcon] epoch 15/20  loss=4.5076
  [supcon] epoch 16/20  loss=4.4981
  [supcon] epoch 17/20  loss=4.4937
  [supcon] epoch 18/20  loss=4.4905
  [supcon] epoch 19/20  loss=4.4822
  [supcon] epoch 20/20  loss=4.4768
  [seed 2] parent probe=0.9368
  CIFAR two-view embedding-train images (no {4}): 45000
  [s2-res] epoch 1/20  loss=5.1589
  [s2-res] epoch 5/20  loss=4.7119
  [s2-res] epoch 10/20  loss=4.6317
  [s2-res] epoch 15/20  loss=4.5890
  [s2-res] epoch 20/20  loss=4.5633
  [seed 2] res concat probe=0.9520
  CIFAR two-view embedding-train images (no {4}): 45000
  [s2-res-nplm] epoch 1/20  loss=105811973.8399
  [s2-res-nplm] epoch 5/20  loss=262756.8497
  [s2-res-nplm] epoch 10/20  loss=95686.2139
  [s2-res-nplm] epoch 15/20  loss=97150.1824
  [s2-res-nplm] epoch 20/20  loss=4777968.8779
Using cache found in /home/pharris/.cache/torch/hub/chenyaofo_pytorch-cifar-models_master
  [seed 2] res-nplm concat probe=0.9433

########## seed 3 ##########
  CIFAR two-view embedding-train images (no {4}): 45000
  [supcon] epoch 1/20  loss=4.7552
  [supcon] epoch 2/20  loss=4.6690
  [supcon] epoch 3/20  loss=4.6422
  [supcon] epoch 4/20  loss=4.6305
  [supcon] epoch 5/20  loss=4.6068
  [supcon] epoch 6/20  loss=4.5811
  [supcon] epoch 7/20  loss=4.5796
  [supcon] epoch 8/20  loss=4.5615
  [supcon] epoch 9/20  loss=4.5496
  [supcon] epoch 10/20  loss=4.5436
  [supcon] epoch 11/20  loss=4.5367
  [supcon] epoch 12/20  loss=4.5273
  [supcon] epoch 13/20  loss=4.5196
  [supcon] epoch 14/20  loss=4.5120
  [supcon] epoch 15/20  loss=4.5051
  [supcon] epoch 16/20  loss=4.4996
  [supcon] epoch 17/20  loss=4.4966
  [supcon] epoch 18/20  loss=4.4864
  [supcon] epoch 19/20  loss=4.4759
  [supcon] epoch 20/20  loss=4.4794
  [seed 3] parent probe=0.9379
  CIFAR two-view embedding-train images (no {4}): 45000
  [s3-res] epoch 1/20  loss=5.1386
  [s3-res] epoch 5/20  loss=4.7122
  [s3-res] epoch 10/20  loss=4.6307
  [s3-res] epoch 15/20  loss=4.5931
  [s3-res] epoch 20/20  loss=4.5637
  [seed 3] res concat probe=0.9534
  CIFAR two-view embedding-train images (no {4}): 45000
  [s3-res-nplm] epoch 1/20  loss=143943008.8976
  [s3-res-nplm] epoch 5/20  loss=1740780.6320
  [s3-res-nplm] epoch 10/20  loss=294652.0104
  [s3-res-nplm] epoch 15/20  loss=131010.9606
  [s3-res-nplm] epoch 20/20  loss=302025.2758
Using cache found in /home/pharris/.cache/torch/hub/chenyaofo_pytorch-cifar-models_master
  [seed 3] res-nplm concat probe=0.9425

########## seed 4 ##########
  CIFAR two-view embedding-train images (no {4}): 45000
  [supcon] epoch 1/20  loss=4.7553
  [supcon] epoch 2/20  loss=4.6783
  [supcon] epoch 3/20  loss=4.6415
  [supcon] epoch 4/20  loss=4.6189
  [supcon] epoch 5/20  loss=4.6094
  [supcon] epoch 6/20  loss=4.5919
  [supcon] epoch 7/20  loss=4.5730
  [supcon] epoch 8/20  loss=4.5595
  [supcon] epoch 9/20  loss=4.5609
  [supcon] epoch 10/20  loss=4.5415
  [supcon] epoch 11/20  loss=4.5310
  [supcon] epoch 12/20  loss=4.5260
  [supcon] epoch 13/20  loss=4.5179
  [supcon] epoch 14/20  loss=4.5097
  [supcon] epoch 15/20  loss=4.5046
  [supcon] epoch 16/20  loss=4.5049
  [supcon] epoch 17/20  loss=4.4947
  [supcon] epoch 18/20  loss=4.4866
  [supcon] epoch 19/20  loss=4.4856
  [supcon] epoch 20/20  loss=4.4767
  [seed 4] parent probe=0.9392
  CIFAR two-view embedding-train images (no {4}): 45000
  [s4-res] epoch 1/20  loss=5.1741
  [s4-res] epoch 5/20  loss=4.7172
  [s4-res] epoch 10/20  loss=4.6325
  [s4-res] epoch 15/20  loss=4.5991
  [s4-res] epoch 20/20  loss=4.5633
  [seed 4] res concat probe=0.9554
  CIFAR two-view embedding-train images (no {4}): 45000
  [s4-res-nplm] epoch 1/20  loss=136733116.9175
  [s4-res-nplm] epoch 5/20  loss=4968921.0936
  [s4-res-nplm] epoch 10/20  loss=1885391.7791
  [s4-res-nplm] epoch 15/20  loss=946724.9212
  [s4-res-nplm] epoch 20/20  loss=785422.1163
  [seed 4] res-nplm concat probe=0.9451

===== EXP75 SUMMARY [cifar10_32d] (5 seeds) =====
  space                          probe             acc            eucl           mahaT
  parent               0.9395+-0.0020   0.8687+-0.0067   0.7220+-0.0187   0.6670+-0.0260
  res concat           0.9552+-0.0023   0.8557+-0.0038   0.5672+-0.0201   0.5412+-0.0260
  res-nplm concat      0.9451+-0.0023   0.8730+-0.0075   0.7173+-0.0231   0.5932+-0.0257
  paired delta res concat       probe: +0.0157+-0.0004  (5/5 seeds positive)
  paired delta res-nplm concat  probe: +0.0057+-0.0014  (5/5 seeds positive)
  per-seed probes:
    parent            0.9418 0.9418 0.9368 0.9379 0.9392
    res concat        0.9580 0.9573 0.9520 0.9534 0.9554
    res-nplm concat   0.9454 0.9493 0.9433 0.9425 0.9451
saved /home/pharris/sigreg/SuperSig/plots/exp75_probe_cifar10_32d.png
Done.
