EXP77 cars/dino DONE
EXP77 cars/lejepa DONE
EXP77 cars/visreg DONE
EXP77 cars crossbase DONE
EXP77 aircraft/dino DONE
EXP77 aircraft/lejepa DONE
EXP77 aircraft/visreg DONE
EXP77 aircraft crossbase DONE
EXP77 flowers/dino DONE
EXP77 flowers/lejepa DONE
EXP77 flowers/visreg DONE
EXP77 flowers crossbase DONE
EXP77 dtd/dino FAILED
EXP77 dtd/lejepa DONE
EXP77 dtd/visreg DONE
EXP77 dtd crossbase DONE
EXP77 galaxy10/lejepa DONE
EXP77 galaxy10/visreg DONE
EXP77 galaxy10 crossbase DONE
EXP77 TRANSFER COMPLETE
