/home/pharris/venv/lib64/python3.9/site-packages/networkx/utils/backends.py:135: RuntimeWarning: networkx backend defined more than once: nx-loopback
  backends.update(_get_backends("networkx.backends"))
Using cache found in /home/pharris/.cache/torch/hub/facebookresearch_dino_main
Using cache found in /home/pharris/.cache/torch/hub/facebookresearch_dino_main
Using cache found in /home/pharris/.cache/torch/hub/facebookresearch_dino_main
Using cache found in /home/pharris/.cache/torch/hub/facebookresearch_dino_main
Fetching 37 files:   0%|          | 0/37 [00:00<?, ?it/s]Fetching 37 files: 100%|██████████| 37/37 [00:00<00:00, 787762.68it/s]
Fetching 37 files:   0%|          | 0/37 [00:00<?, ?it/s]Fetching 37 files: 100%|██████████| 37/37 [00:00<00:00, 21264.63it/s]
Fetching 37 files:   0%|          | 0/37 [00:00<?, ?it/s]Fetching 37 files: 100%|██████████| 37/37 [00:00<00:00, 23312.19it/s]
Fetching 37 files:   0%|          | 0/37 [00:00<?, ?it/s]Fetching 37 files: 100%|██████████| 37/37 [00:00<00:00, 21551.07it/s]
exp77 [aircraft_crossbase] 6 spaces: ['dino:supcon-ft', 'dino:ss-ft', 'lejepa:supcon-ft', 'lejepa:ss-ft', 'visreg:supcon-ft', 'visreg:ss-ft']

  space                      TwoNN-ID LID seen LID hold  LID-AUC
  dino:supcon-ft                11.53    13.00    13.55    0.545
  dino:ss-ft                    10.66    11.61    12.33    0.554
  lejepa:supcon-ft              11.97    12.12    12.83    0.544
  lejepa:ss-ft                  11.11    10.95    12.13    0.603
  visreg:supcon-ft              10.99    11.43    12.64    0.590
  visreg:ss-ft                  11.54    11.77    13.14    0.598
  pairwise row done: dino:supcon-ft
  pairwise row done: dino:ss-ft
  pairwise row done: lejepa:supcon-ft
  pairwise row done: lejepa:ss-ft
  pairwise row done: visreg:supcon-ft
  pairwise row done: visreg:ss-ft

===== EXP77 SUMMARY [aircraft_crossbase] (n=4000, k=10) =====
  A vs B                                       cka     knn  lleA>B    proc   r2A>B  calA>B
  dino:supcon-ft vs dino:ss-ft               0.672   0.262   0.946   0.388   0.786   0.667
  dino:supcon-ft vs lejepa:supcon-ft         0.702   0.184   1.020   0.389   0.720   0.722
  dino:supcon-ft vs lejepa:ss-ft             0.588   0.168   1.012   0.482   0.712   0.678
  dino:supcon-ft vs visreg:supcon-ft         0.677   0.181   1.024   0.404   0.714   0.720
  dino:supcon-ft vs visreg:ss-ft             0.543   0.168   1.034   0.542   0.597   0.706
  dino:ss-ft vs lejepa:supcon-ft             0.653   0.142   1.049   0.482   0.682   0.695
  dino:ss-ft vs lejepa:ss-ft                 0.710   0.153   1.039   0.452   0.699   0.577
  dino:ss-ft vs visreg:supcon-ft             0.645   0.145   1.053   0.483   0.677   0.697
  dino:ss-ft vs visreg:ss-ft                 0.660   0.152   1.055   0.517   0.595   0.628
  lejepa:supcon-ft vs lejepa:ss-ft           0.793   0.220   0.956   0.333   0.824   0.617
  lejepa:supcon-ft vs visreg:supcon-ft       0.852   0.254   0.981   0.258   0.825   0.749
  lejepa:supcon-ft vs visreg:ss-ft           0.737   0.199   1.006   0.404   0.704   0.733
  lejepa:ss-ft vs visreg:supcon-ft           0.739   0.178   1.033   0.388   0.746   0.695
  lejepa:ss-ft vs visreg:ss-ft               0.773   0.201   1.032   0.404   0.700   0.666
  visreg:supcon-ft vs visreg:ss-ft           0.785   0.242   0.981   0.358   0.752   0.718
Done.
