/home/pharris/venv/lib64/python3.9/site-packages/networkx/utils/backends.py:135: RuntimeWarning: networkx backend defined more than once: nx-loopback
  backends.update(_get_backends("networkx.backends"))
Using cache found in /home/pharris/.cache/torch/hub/chenyaofo_pytorch-cifar-models_master
Using cache found in /home/pharris/.cache/torch/hub/chenyaofo_pytorch-cifar-models_master
Using cache found in /home/pharris/.cache/torch/hub/chenyaofo_pytorch-cifar-models_master
exp77 [cifar10_32d] 5 spaces: ['supcon', 'res', 'resnplm', 'res-cat', 'resnplm-cat']

  space                      TwoNN-ID LID seen LID hold  LID-AUC
  supcon                         5.07     4.38     4.92    0.626
  res                            6.28     6.00     6.49    0.588
  resnplm                        5.68     5.17     5.16    0.503
  res-cat                        6.77     6.84     8.34    0.696
  resnplm-cat                    6.61     5.68     6.74    0.670
  pairwise row done: supcon
  pairwise row done: res
  pairwise row done: resnplm
  pairwise row done: res-cat
  pairwise row done: resnplm-cat

===== EXP77 SUMMARY [cifar10_32d] (n=4000, k=10) =====
  A vs B                                       cka     knn  lleA>B    proc   r2A>B  calA>B
  supcon vs res                              0.462   0.011   1.119   0.764   0.315   0.541
  supcon vs resnplm                          0.563   0.012   1.089   0.621   0.679   0.439
  supcon vs res-cat                          0.863   0.035   1.075     nan   0.628   0.693
  supcon vs resnplm-cat                      0.997   0.131   0.542     nan   0.982   0.706
  res vs resnplm                             0.605   0.012   1.236   0.693   0.717   0.450
  res vs res-cat                             0.846   0.238   1.144     nan   0.751   0.445
  res vs resnplm-cat                         0.493   0.014   1.274     nan   0.470   0.596
  resnplm vs res-cat                         0.683   0.015   1.266     nan   0.436   0.533
  resnplm vs resnplm-cat                     0.627   0.036   1.288     nan   0.518   0.571
  res-cat vs resnplm-cat                     0.879   0.043   0.614   0.358   0.988   0.707
Done.
