device=cuda  emb_dim=100  datasets=['aircraft', 'cars']  bases=['dino', 'lejepa', 'visreg']

######## aircraft on DINO ViT-B/16 ########
--- [aircraft/dino] supcon half ---
  [supcon] epoch 1/120  loss=6.1321
  [supcon] epoch 2/120  loss=5.5470
  [supcon] epoch 3/120  loss=5.2780
  [supcon] epoch 4/120  loss=5.0926
  [supcon] epoch 5/120  loss=4.9644
  [supcon] epoch 6/120  loss=4.8721
  [supcon] epoch 7/120  loss=4.7794
  [supcon] epoch 8/120  loss=4.6917
  [supcon] epoch 9/120  loss=4.6192
  [supcon] epoch 10/120  loss=4.5744
  [supcon] epoch 11/120  loss=4.4931
  [supcon] epoch 12/120  loss=4.4560
  [supcon] epoch 13/120  loss=4.3987
  [supcon] epoch 14/120  loss=4.3508
  [supcon] epoch 15/120  loss=4.3120
  [supcon] epoch 16/120  loss=4.2629
  [supcon] epoch 17/120  loss=4.2162
  [supcon] epoch 18/120  loss=4.1728
  [supcon] epoch 19/120  loss=4.1415
  [supcon] epoch 20/120  loss=4.0997
  [supcon] epoch 21/120  loss=4.0523
  [supcon] epoch 22/120  loss=4.0261
  [supcon] epoch 23/120  loss=3.9929
  [supcon] epoch 24/120  loss=3.9522
  [supcon] epoch 25/120  loss=3.9331
  [supcon] epoch 26/120  loss=3.8887
  [supcon] epoch 27/120  loss=3.8820
  [supcon] epoch 28/120  loss=3.8512
  [supcon] epoch 29/120  loss=3.8197
  [supcon] epoch 30/120  loss=3.8086
  [supcon] epoch 31/120  loss=3.8037
  [supcon] epoch 32/120  loss=3.7842
  [supcon] epoch 33/120  loss=3.7479
  [supcon] epoch 34/120  loss=3.7511
  [supcon] epoch 35/120  loss=3.6979
  [supcon] epoch 36/120  loss=3.6774
  [supcon] epoch 37/120  loss=3.6644
  [supcon] epoch 38/120  loss=3.6555
  [supcon] epoch 39/120  loss=3.6595
  [supcon] epoch 40/120  loss=3.6368
  [supcon] epoch 41/120  loss=3.6110
  [supcon] epoch 42/120  loss=3.5820
  [supcon] epoch 43/120  loss=3.5556
  [supcon] epoch 44/120  loss=3.5553
  [supcon] epoch 45/120  loss=3.5481
  [supcon] epoch 46/120  loss=3.5456
  [supcon] epoch 47/120  loss=3.5277
  [supcon] epoch 48/120  loss=3.5024
  [supcon] epoch 49/120  loss=3.5150
  [supcon] epoch 50/120  loss=3.5071
  [supcon] epoch 51/120  loss=3.4807
  [supcon] epoch 52/120  loss=3.4597
  [supcon] epoch 53/120  loss=3.4465
  [supcon] epoch 54/120  loss=3.4122
  [supcon] epoch 55/120  loss=3.3971
  [supcon] epoch 56/120  loss=3.4035
  [supcon] epoch 57/120  loss=3.3807
  [supcon] epoch 58/120  loss=3.3703
  [supcon] epoch 59/120  loss=3.3786
  [supcon] epoch 60/120  loss=3.3787
  [supcon] epoch 61/120  loss=3.3779
  [supcon] epoch 62/120  loss=3.3827
  [supcon] epoch 63/120  loss=3.3658
  [supcon] epoch 64/120  loss=3.3634
  [supcon] epoch 65/120  loss=3.3349
  [supcon] epoch 66/120  loss=3.3107
  [supcon] epoch 67/120  loss=3.2853
  [supcon] epoch 68/120  loss=3.2881
  [supcon] epoch 69/120  loss=3.2889
  [supcon] epoch 70/120  loss=3.2768
  [supcon] epoch 71/120  loss=3.2588
  [supcon] epoch 72/120  loss=3.2601
  [supcon] epoch 73/120  loss=3.2488
  [supcon] epoch 74/120  loss=3.2351
  [supcon] epoch 75/120  loss=3.2315
  [supcon] epoch 76/120  loss=3.2259
  [supcon] epoch 77/120  loss=3.2301
  [supcon] epoch 78/120  loss=3.2276
  [supcon] epoch 79/120  loss=3.2197
  [supcon] epoch 80/120  loss=3.2049
  [supcon] epoch 81/120  loss=3.1920
  [supcon] epoch 82/120  loss=3.1780
  [supcon] epoch 83/120  loss=3.2004
  [supcon] epoch 84/120  loss=3.1907
  [supcon] epoch 85/120  loss=3.1715
  [supcon] epoch 86/120  loss=3.1573
  [supcon] epoch 87/120  loss=3.1389
  [supcon] epoch 88/120  loss=3.1502
  [supcon] epoch 89/120  loss=3.1365
  [supcon] epoch 90/120  loss=3.1345
  [supcon] epoch 91/120  loss=3.1172
  [supcon] epoch 92/120  loss=3.1172
  [supcon] epoch 93/120  loss=3.1003
  [supcon] epoch 94/120  loss=3.1021
  [supcon] epoch 95/120  loss=3.0715
  [supcon] epoch 96/120  loss=3.0849
  [supcon] epoch 97/120  loss=3.0926
  [supcon] epoch 98/120  loss=3.1151
  [supcon] epoch 99/120  loss=3.0915
  [supcon] epoch 100/120  loss=3.0840
  [supcon] epoch 101/120  loss=3.0768
  [supcon] epoch 102/120  loss=3.0661
  [supcon] epoch 103/120  loss=3.0663
  [supcon] epoch 104/120  loss=3.0522
  [supcon] epoch 105/120  loss=3.0503
  [supcon] epoch 106/120  loss=3.0659
  [supcon] epoch 107/120  loss=3.0347
  [supcon] epoch 108/120  loss=3.0492
  [supcon] epoch 109/120  loss=3.0445
  [supcon] epoch 110/120  loss=3.0406
  [supcon] epoch 111/120  loss=3.0098
  [supcon] epoch 112/120  loss=3.0148
  [supcon] epoch 113/120  loss=3.0204
  [supcon] epoch 114/120  loss=3.0151
  [supcon] epoch 115/120  loss=3.0061
  [supcon] epoch 116/120  loss=3.0088
  [supcon] epoch 117/120  loss=2.9954
  [supcon] epoch 118/120  loss=2.9890
  [supcon] epoch 119/120  loss=2.9852
  [supcon] epoch 120/120  loss=2.9966
--- [aircraft/dino] simclr half ---
  [simclr] epoch 1/120  loss=5.7764
  [simclr] epoch 2/120  loss=5.4291
  [simclr] epoch 3/120  loss=5.3498
  [simclr] epoch 4/120  loss=5.3083
  [simclr] epoch 5/120  loss=5.2806
  [simclr] epoch 6/120  loss=5.2564
  [simclr] epoch 7/120  loss=5.2382
  [simclr] epoch 8/120  loss=5.2297
  [simclr] epoch 9/120  loss=5.2186
  [simclr] epoch 10/120  loss=5.2134
  [simclr] epoch 11/120  loss=5.2047
  [simclr] epoch 12/120  loss=5.1939
  [simclr] epoch 13/120  loss=5.1859
  [simclr] epoch 14/120  loss=5.1850
  [simclr] epoch 15/120  loss=5.1833
  [simclr] epoch 16/120  loss=5.1752
  [simclr] epoch 17/120  loss=5.1747
  [simclr] epoch 18/120  loss=5.1684
  [simclr] epoch 19/120  loss=5.1609
  [simclr] epoch 20/120  loss=5.1554
  [simclr] epoch 21/120  loss=5.1571
  [simclr] epoch 22/120  loss=5.1527
  [simclr] epoch 23/120  loss=5.1458
  [simclr] epoch 24/120  loss=5.1450
  [simclr] epoch 25/120  loss=5.1439
  [simclr] epoch 26/120  loss=5.1390
  [simclr] epoch 27/120  loss=5.1399
  [simclr] epoch 28/120  loss=5.1348
  [simclr] epoch 29/120  loss=5.1308
  [simclr] epoch 30/120  loss=5.1319
  [simclr] epoch 31/120  loss=5.1285
  [simclr] epoch 32/120  loss=5.1286
  [simclr] epoch 33/120  loss=5.1242
  [simclr] epoch 34/120  loss=5.1233
  [simclr] epoch 35/120  loss=5.1239
  [simclr] epoch 36/120  loss=5.1204
  [simclr] epoch 37/120  loss=5.1209
  [simclr] epoch 38/120  loss=5.1208
  [simclr] epoch 39/120  loss=5.1180
  [simclr] epoch 40/120  loss=5.1153
  [simclr] epoch 41/120  loss=5.1146
  [simclr] epoch 42/120  loss=5.1123
  [simclr] epoch 43/120  loss=5.1102
  [simclr] epoch 44/120  loss=5.1087
  [simclr] epoch 45/120  loss=5.1060
  [simclr] epoch 46/120  loss=5.1057
  [simclr] epoch 47/120  loss=5.1040
  [simclr] epoch 48/120  loss=5.1052
  [simclr] epoch 49/120  loss=5.1035
  [simclr] epoch 50/120  loss=5.1021
  [simclr] epoch 51/120  loss=5.1022
  [simclr] epoch 52/120  loss=5.1006
  [simclr] epoch 53/120  loss=5.0995
  [simclr] epoch 54/120  loss=5.0997
  [simclr] epoch 55/120  loss=5.0989
  [simclr] epoch 56/120  loss=5.0964
  [simclr] epoch 57/120  loss=5.0956
  [simclr] epoch 58/120  loss=5.0920
  [simclr] epoch 59/120  loss=5.0961
  [simclr] epoch 60/120  loss=5.0932
  [simclr] epoch 61/120  loss=5.0908
  [simclr] epoch 62/120  loss=5.0903
  [simclr] epoch 63/120  loss=5.0884
  [simclr] epoch 64/120  loss=5.0905
  [simclr] epoch 65/120  loss=5.0872
  [simclr] epoch 66/120  loss=5.0880
  [simclr] epoch 67/120  loss=5.0874
  [simclr] epoch 68/120  loss=5.0868
  [simclr] epoch 69/120  loss=5.0843
  [simclr] epoch 70/120  loss=5.0859
  [simclr] epoch 71/120  loss=5.0829
  [simclr] epoch 72/120  loss=5.0827
  [simclr] epoch 73/120  loss=5.0804
  [simclr] epoch 74/120  loss=5.0810
  [simclr] epoch 75/120  loss=5.0824
  [simclr] epoch 76/120  loss=5.0791
  [simclr] epoch 77/120  loss=5.0802
  [simclr] epoch 78/120  loss=5.0802
  [simclr] epoch 79/120  loss=5.0826
  [simclr] epoch 80/120  loss=5.0798
  [simclr] epoch 81/120  loss=5.0771
  [simclr] epoch 82/120  loss=5.0775
  [simclr] epoch 83/120  loss=5.0806
  [simclr] epoch 84/120  loss=5.0792
  [simclr] epoch 85/120  loss=5.0758
  [simclr] epoch 86/120  loss=5.0750
  [simclr] epoch 87/120  loss=5.0751
  [simclr] epoch 88/120  loss=5.0757
  [simclr] epoch 89/120  loss=5.0729
  [simclr] epoch 90/120  loss=5.0732
  [simclr] epoch 91/120  loss=5.0741
  [simclr] epoch 92/120  loss=5.0716
  [simclr] epoch 93/120  loss=5.0694
  [simclr] epoch 94/120  loss=5.0703
  [simclr] epoch 95/120  loss=5.0696
  [simclr] epoch 96/120  loss=5.0726
  [simclr] epoch 97/120  loss=5.0703
  [simclr] epoch 98/120  loss=5.0693
  [simclr] epoch 99/120  loss=5.0696
  [simclr] epoch 100/120  loss=5.0689
  [simclr] epoch 101/120  loss=5.0689
  [simclr] epoch 102/120  loss=5.0675
  [simclr] epoch 103/120  loss=5.0653
  [simclr] epoch 104/120  loss=5.0651
  [simclr] epoch 105/120  loss=5.0642
  [simclr] epoch 106/120  loss=5.0623
  [simclr] epoch 107/120  loss=5.0631
  [simclr] epoch 108/120  loss=5.0642
  [simclr] epoch 109/120  loss=5.0641
  [simclr] epoch 110/120  loss=5.0610
  [simclr] epoch 111/120  loss=5.0624
  [simclr] epoch 112/120  loss=5.0622
  [simclr] epoch 113/120  loss=5.0602
  [simclr] epoch 114/120  loss=5.0604
  [simclr] epoch 115/120  loss=5.0610
  [simclr] epoch 116/120  loss=5.0606
  [simclr] epoch 117/120  loss=5.0593
  [simclr] epoch 118/120  loss=5.0597
  [simclr] epoch 119/120  loss=5.0603
  [simclr] epoch 120/120  loss=5.0573
--- [aircraft/dino] supcon+res-simclr (residual, lam=0) ---
  [simclr-residual] epoch 1/120  loss=5.3566
  [simclr-residual] epoch 2/120  loss=5.1011
  [simclr-residual] epoch 3/120  loss=5.0845
  [simclr-residual] epoch 4/120  loss=5.0770
  [simclr-residual] epoch 5/120  loss=5.0747
  [simclr-residual] epoch 6/120  loss=5.0729
  [simclr-residual] epoch 7/120  loss=5.0714
  [simclr-residual] epoch 8/120  loss=5.0695
  [simclr-residual] epoch 9/120  loss=5.0668
  [simclr-residual] epoch 10/120  loss=5.0640
  [simclr-residual] epoch 11/120  loss=5.0628
  [simclr-residual] epoch 12/120  loss=5.0613
  [simclr-residual] epoch 13/120  loss=5.0611
  [simclr-residual] epoch 14/120  loss=5.0601
  [simclr-residual] epoch 15/120  loss=5.0591
  [simclr-residual] epoch 16/120  loss=5.0579
  [simclr-residual] epoch 17/120  loss=5.0589
  [simclr-residual] epoch 18/120  loss=5.0587
  [simclr-residual] epoch 19/120  loss=5.0573
  [simclr-residual] epoch 20/120  loss=5.0572
  [simclr-residual] epoch 21/120  loss=5.0586
  [simclr-residual] epoch 22/120  loss=5.0564
  [simclr-residual] epoch 23/120  loss=5.0569
  [simclr-residual] epoch 24/120  loss=5.0552
  [simclr-residual] epoch 25/120  loss=5.0552
  [simclr-residual] epoch 26/120  loss=5.0555
  [simclr-residual] epoch 27/120  loss=5.0538
  [simclr-residual] epoch 28/120  loss=5.0541
  [simclr-residual] epoch 29/120  loss=5.0533
  [simclr-residual] epoch 30/120  loss=5.0537
  [simclr-residual] epoch 31/120  loss=5.0539
  [simclr-residual] epoch 32/120  loss=5.0535
  [simclr-residual] epoch 33/120  loss=5.0533
  [simclr-residual] epoch 34/120  loss=5.0523
  [simclr-residual] epoch 35/120  loss=5.0520
  [simclr-residual] epoch 36/120  loss=5.0508
  [simclr-residual] epoch 37/120  loss=5.0510
  [simclr-residual] epoch 38/120  loss=5.0509
  [simclr-residual] epoch 39/120  loss=5.0508
  [simclr-residual] epoch 40/120  loss=5.0514
  [simclr-residual] epoch 41/120  loss=5.0514
  [simclr-residual] epoch 42/120  loss=5.0499
  [simclr-residual] epoch 43/120  loss=5.0490
  [simclr-residual] epoch 44/120  loss=5.0494
  [simclr-residual] epoch 45/120  loss=5.0484
  [simclr-residual] epoch 46/120  loss=5.0489
  [simclr-residual] epoch 47/120  loss=5.0492
  [simclr-residual] epoch 48/120  loss=5.0486
  [simclr-residual] epoch 49/120  loss=5.0493
  [simclr-residual] epoch 50/120  loss=5.0498
  [simclr-residual] epoch 51/120  loss=5.0486
  [simclr-residual] epoch 52/120  loss=5.0484
  [simclr-residual] epoch 53/120  loss=5.0479
  [simclr-residual] epoch 54/120  loss=5.0476
  [simclr-residual] epoch 55/120  loss=5.0478
  [simclr-residual] epoch 56/120  loss=5.0474
  [simclr-residual] epoch 57/120  loss=5.0473
  [simclr-residual] epoch 58/120  loss=5.0462
  [simclr-residual] epoch 59/120  loss=5.0467
  [simclr-residual] epoch 60/120  loss=5.0470
  [simclr-residual] epoch 61/120  loss=5.0462
  [simclr-residual] epoch 62/120  loss=5.0456
  [simclr-residual] epoch 63/120  loss=5.0459
  [simclr-residual] epoch 64/120  loss=5.0461
  [simclr-residual] epoch 65/120  loss=5.0460
  [simclr-residual] epoch 66/120  loss=5.0458
  [simclr-residual] epoch 67/120  loss=5.0453
  [simclr-residual] epoch 68/120  loss=5.0447
  [simclr-residual] epoch 69/120  loss=5.0449
  [simclr-residual] epoch 70/120  loss=5.0446
  [simclr-residual] epoch 71/120  loss=5.0431
  [simclr-residual] epoch 72/120  loss=5.0431
  [simclr-residual] epoch 73/120  loss=5.0447
  [simclr-residual] epoch 74/120  loss=5.0442
  [simclr-residual] epoch 75/120  loss=5.0431
  [simclr-residual] epoch 76/120  loss=5.0435
  [simclr-residual] epoch 77/120  loss=5.0424
  [simclr-residual] epoch 78/120  loss=5.0437
  [simclr-residual] epoch 79/120  loss=5.0437
  [simclr-residual] epoch 80/120  loss=5.0435
  [simclr-residual] epoch 81/120  loss=5.0423
  [simclr-residual] epoch 82/120  loss=5.0429
  [simclr-residual] epoch 83/120  loss=5.0439
  [simclr-residual] epoch 84/120  loss=5.0430
  [simclr-residual] epoch 85/120  loss=5.0429
  [simclr-residual] epoch 86/120  loss=5.0424
  [simclr-residual] epoch 87/120  loss=5.0424
  [simclr-residual] epoch 88/120  loss=5.0427
  [simclr-residual] epoch 89/120  loss=5.0427
  [simclr-residual] epoch 90/120  loss=5.0428
  [simclr-residual] epoch 91/120  loss=5.0409
  [simclr-residual] epoch 92/120  loss=5.0416
  [simclr-residual] epoch 93/120  loss=5.0402
  [simclr-residual] epoch 94/120  loss=5.0418
  [simclr-residual] epoch 95/120  loss=5.0410
  [simclr-residual] epoch 96/120  loss=5.0405
  [simclr-residual] epoch 97/120  loss=5.0416
  [simclr-residual] epoch 98/120  loss=5.0401
  [simclr-residual] epoch 99/120  loss=5.0413
  [simclr-residual] epoch 100/120  loss=5.0403
  [simclr-residual] epoch 101/120  loss=5.0392
  [simclr-residual] epoch 102/120  loss=5.0406
  [simclr-residual] epoch 103/120  loss=5.0412
  [simclr-residual] epoch 104/120  loss=5.0414
  [simclr-residual] epoch 105/120  loss=5.0413
  [simclr-residual] epoch 106/120  loss=5.0399
  [simclr-residual] epoch 107/120  loss=5.0388
  [simclr-residual] epoch 108/120  loss=5.0403
  [simclr-residual] epoch 109/120  loss=5.0403
  [simclr-residual] epoch 110/120  loss=5.0406
  [simclr-residual] epoch 111/120  loss=5.0392
  [simclr-residual] epoch 112/120  loss=5.0380
  [simclr-residual] epoch 113/120  loss=5.0400
  [simclr-residual] epoch 114/120  loss=5.0392
  [simclr-residual] epoch 115/120  loss=5.0404
  [simclr-residual] epoch 116/120  loss=5.0406
  [simclr-residual] epoch 117/120  loss=5.0400
  [simclr-residual] epoch 118/120  loss=5.0392
  [simclr-residual] epoch 119/120  loss=5.0390
  [simclr-residual] epoch 120/120  loss=5.0392
  [aircraft/dino] supcon (half)                60.8
  [aircraft/dino] simclr (half)                21.2
  [aircraft/dino] supcon+res-simclr (concat)   61.5
  [aircraft/dino] supcon+simclr (concat)       60.2

######## aircraft on LeJEPA ViT-B/16 (community repro) ########
--- [aircraft/lejepa] supcon half ---
  [supcon] epoch 1/120  loss=6.6166
  [supcon] epoch 2/120  loss=6.2755
  [supcon] epoch 3/120  loss=6.0390
  [supcon] epoch 4/120  loss=5.8599
  [supcon] epoch 5/120  loss=5.7133
  [supcon] epoch 6/120  loss=5.6189
  [supcon] epoch 7/120  loss=5.5359
  [supcon] epoch 8/120  loss=5.4365
  [supcon] epoch 9/120  loss=5.4124
  [supcon] epoch 10/120  loss=5.3426
  [supcon] epoch 11/120  loss=5.3293
  [supcon] epoch 12/120  loss=5.2428
  [supcon] epoch 13/120  loss=5.1966
  [supcon] epoch 14/120  loss=5.1586
  [supcon] epoch 15/120  loss=5.1256
  [supcon] epoch 16/120  loss=5.1070
  [supcon] epoch 17/120  loss=5.0600
  [supcon] epoch 18/120  loss=5.0135
  [supcon] epoch 19/120  loss=5.0272
  [supcon] epoch 20/120  loss=5.0037
  [supcon] epoch 21/120  loss=4.9836
  [supcon] epoch 22/120  loss=4.9542
  [supcon] epoch 23/120  loss=4.9131
  [supcon] epoch 24/120  loss=4.8959
  [supcon] epoch 25/120  loss=4.8909
  [supcon] epoch 26/120  loss=4.8793
  [supcon] epoch 27/120  loss=4.8598
  [supcon] epoch 28/120  loss=4.8247
  [supcon] epoch 29/120  loss=4.8158
  [supcon] epoch 30/120  loss=4.8188
  [supcon] epoch 31/120  loss=4.7847
  [supcon] epoch 32/120  loss=4.7548
  [supcon] epoch 33/120  loss=4.7284
  [supcon] epoch 34/120  loss=4.7120
  [supcon] epoch 35/120  loss=4.6848
  [supcon] epoch 36/120  loss=4.7057
  [supcon] epoch 37/120  loss=4.7053
  [supcon] epoch 38/120  loss=4.6721
  [supcon] epoch 39/120  loss=4.6653
  [supcon] epoch 40/120  loss=4.6393
  [supcon] epoch 41/120  loss=4.6356
  [supcon] epoch 42/120  loss=4.6253
  [supcon] epoch 43/120  loss=4.6002
  [supcon] epoch 44/120  loss=4.6133
  [supcon] epoch 45/120  loss=4.6256
  [supcon] epoch 46/120  loss=4.5963
  [supcon] epoch 47/120  loss=4.5612
  [supcon] epoch 48/120  loss=4.5432
  [supcon] epoch 49/120  loss=4.5137
  [supcon] epoch 50/120  loss=4.5297
  [supcon] epoch 51/120  loss=4.5265
  [supcon] epoch 52/120  loss=4.5245
  [supcon] epoch 53/120  loss=4.4814
  [supcon] epoch 54/120  loss=4.4720
  [supcon] epoch 55/120  loss=4.4704
  [supcon] epoch 56/120  loss=4.4821
  [supcon] epoch 57/120  loss=4.4518
  [supcon] epoch 58/120  loss=4.4469
  [supcon] epoch 59/120  loss=4.4374
  [supcon] epoch 60/120  loss=4.4106
  [supcon] epoch 61/120  loss=4.4567
  [supcon] epoch 62/120  loss=4.4296
  [supcon] epoch 63/120  loss=4.4303
  [supcon] epoch 64/120  loss=4.4318
  [supcon] epoch 65/120  loss=4.4198
  [supcon] epoch 66/120  loss=4.3732
  [supcon] epoch 67/120  loss=4.3911
  [supcon] epoch 68/120  loss=4.3956
  [supcon] epoch 69/120  loss=4.3567
  [supcon] epoch 70/120  loss=4.3610
  [supcon] epoch 71/120  loss=4.3261
  [supcon] epoch 72/120  loss=4.3241
  [supcon] epoch 73/120  loss=4.3142
  [supcon] epoch 74/120  loss=4.3065
  [supcon] epoch 75/120  loss=4.2847
  [supcon] epoch 76/120  loss=4.2998
  [supcon] epoch 77/120  loss=4.3270
  [supcon] epoch 78/120  loss=4.2790
  [supcon] epoch 79/120  loss=4.2868
  [supcon] epoch 80/120  loss=4.2689
  [supcon] epoch 81/120  loss=4.2728
  [supcon] epoch 82/120  loss=4.2708
  [supcon] epoch 83/120  loss=4.2505
  [supcon] epoch 84/120  loss=4.2471
  [supcon] epoch 85/120  loss=4.2596
  [supcon] epoch 86/120  loss=4.2431
  [supcon] epoch 87/120  loss=4.2227
  [supcon] epoch 88/120  loss=4.2268
  [supcon] epoch 89/120  loss=4.2119
  [supcon] epoch 90/120  loss=4.1903
  [supcon] epoch 91/120  loss=4.1865
  [supcon] epoch 92/120  loss=4.1722
  [supcon] epoch 93/120  loss=4.1724
  [supcon] epoch 94/120  loss=4.1494
  [supcon] epoch 95/120  loss=4.1420
  [supcon] epoch 96/120  loss=4.1646
  [supcon] epoch 97/120  loss=4.1533
  [supcon] epoch 98/120  loss=4.1290
  [supcon] epoch 99/120  loss=4.1159
  [supcon] epoch 100/120  loss=4.1368
  [supcon] epoch 101/120  loss=4.1137
  [supcon] epoch 102/120  loss=4.1308
  [supcon] epoch 103/120  loss=4.0947
  [supcon] epoch 104/120  loss=4.1165
  [supcon] epoch 105/120  loss=4.1366
  [supcon] epoch 106/120  loss=4.0935
  [supcon] epoch 107/120  loss=4.0889
  [supcon] epoch 108/120  loss=4.0880
  [supcon] epoch 109/120  loss=4.0923
  [supcon] epoch 110/120  loss=4.1118
  [supcon] epoch 111/120  loss=4.0901
  [supcon] epoch 112/120  loss=4.0743
  [supcon] epoch 113/120  loss=4.0710
  [supcon] epoch 114/120  loss=4.0296
  [supcon] epoch 115/120  loss=4.0531
  [supcon] epoch 116/120  loss=4.0669
  [supcon] epoch 117/120  loss=4.0700
  [supcon] epoch 118/120  loss=4.0593
  [supcon] epoch 119/120  loss=4.0645
  [supcon] epoch 120/120  loss=4.0345
--- [aircraft/lejepa] simclr half ---
  [simclr] epoch 1/120  loss=5.7678
  [simclr] epoch 2/120  loss=5.3951
  [simclr] epoch 3/120  loss=5.3092
  [simclr] epoch 4/120  loss=5.2636
  [simclr] epoch 5/120  loss=5.2389
  [simclr] epoch 6/120  loss=5.2189
  [simclr] epoch 7/120  loss=5.2037
  [simclr] epoch 8/120  loss=5.1944
  [simclr] epoch 9/120  loss=5.1788
  [simclr] epoch 10/120  loss=5.1789
  [simclr] epoch 11/120  loss=5.1770
  [simclr] epoch 12/120  loss=5.1667
  [simclr] epoch 13/120  loss=5.1575
  [simclr] epoch 14/120  loss=5.1534
  [simclr] epoch 15/120  loss=5.1526
  [simclr] epoch 16/120  loss=5.1482
  [simclr] epoch 17/120  loss=5.1492
  [simclr] epoch 18/120  loss=5.1484
  [simclr] epoch 19/120  loss=5.1455
  [simclr] epoch 20/120  loss=5.1382
  [simclr] epoch 21/120  loss=5.1345
  [simclr] epoch 22/120  loss=5.1372
  [simclr] epoch 23/120  loss=5.1316
  [simclr] epoch 24/120  loss=5.1297
  [simclr] epoch 25/120  loss=5.1271
  [simclr] epoch 26/120  loss=5.1250
  [simclr] epoch 27/120  loss=5.1250
  [simclr] epoch 28/120  loss=5.1221
  [simclr] epoch 29/120  loss=5.1180
  [simclr] epoch 30/120  loss=5.1184
  [simclr] epoch 31/120  loss=5.1175
  [simclr] epoch 32/120  loss=5.1160
  [simclr] epoch 33/120  loss=5.1123
  [simclr] epoch 34/120  loss=5.1153
  [simclr] epoch 35/120  loss=5.1125
  [simclr] epoch 36/120  loss=5.1106
  [simclr] epoch 37/120  loss=5.1135
  [simclr] epoch 38/120  loss=5.1101
  [simclr] epoch 39/120  loss=5.1072
  [simclr] epoch 40/120  loss=5.1051
  [simclr] epoch 41/120  loss=5.1054
  [simclr] epoch 42/120  loss=5.1056
  [simclr] epoch 43/120  loss=5.1056
  [simclr] epoch 44/120  loss=5.1017
  [simclr] epoch 45/120  loss=5.0991
  [simclr] epoch 46/120  loss=5.1018
  [simclr] epoch 47/120  loss=5.1018
  [simclr] epoch 48/120  loss=5.1001
  [simclr] epoch 49/120  loss=5.0961
  [simclr] epoch 50/120  loss=5.0958
  [simclr] epoch 51/120  loss=5.0958
  [simclr] epoch 52/120  loss=5.0951
  [simclr] epoch 53/120  loss=5.0900
  [simclr] epoch 54/120  loss=5.0930
  [simclr] epoch 55/120  loss=5.0938
  [simclr] epoch 56/120  loss=5.0925
  [simclr] epoch 57/120  loss=5.0920
  [simclr] epoch 58/120  loss=5.0871
  [simclr] epoch 59/120  loss=5.0901
  [simclr] epoch 60/120  loss=5.0927
  [simclr] epoch 61/120  loss=5.0893
  [simclr] epoch 62/120  loss=5.0911
  [simclr] epoch 63/120  loss=5.0878
  [simclr] epoch 64/120  loss=5.0868
  [simclr] epoch 65/120  loss=5.0873
  [simclr] epoch 66/120  loss=5.0844
  [simclr] epoch 67/120  loss=5.0840
  [simclr] epoch 68/120  loss=5.0840
  [simclr] epoch 69/120  loss=5.0848
  [simclr] epoch 70/120  loss=5.0858
  [simclr] epoch 71/120  loss=5.0811
  [simclr] epoch 72/120  loss=5.0846
  [simclr] epoch 73/120  loss=5.0826
  [simclr] epoch 74/120  loss=5.0788
  [simclr] epoch 75/120  loss=5.0806
  [simclr] epoch 76/120  loss=5.0806
  [simclr] epoch 77/120  loss=5.0801
  [simclr] epoch 78/120  loss=5.0801
  [simclr] epoch 79/120  loss=5.0809
  [simclr] epoch 80/120  loss=5.0764
  [simclr] epoch 81/120  loss=5.0759
  [simclr] epoch 82/120  loss=5.0763
  [simclr] epoch 83/120  loss=5.0760
  [simclr] epoch 84/120  loss=5.0764
  [simclr] epoch 85/120  loss=5.0756
  [simclr] epoch 86/120  loss=5.0728
  [simclr] epoch 87/120  loss=5.0722
  [simclr] epoch 88/120  loss=5.0748
  [simclr] epoch 89/120  loss=5.0736
  [simclr] epoch 90/120  loss=5.0728
  [simclr] epoch 91/120  loss=5.0741
  [simclr] epoch 92/120  loss=5.0735
  [simclr] epoch 93/120  loss=5.0716
  [simclr] epoch 94/120  loss=5.0741
  [simclr] epoch 95/120  loss=5.0718
  [simclr] epoch 96/120  loss=5.0699
  [simclr] epoch 97/120  loss=5.0720
  [simclr] epoch 98/120  loss=5.0703
  [simclr] epoch 99/120  loss=5.0684
  [simclr] epoch 100/120  loss=5.0684
  [simclr] epoch 101/120  loss=5.0696
  [simclr] epoch 102/120  loss=5.0689
  [simclr] epoch 103/120  loss=5.0668
  [simclr] epoch 104/120  loss=5.0657
  [simclr] epoch 105/120  loss=5.0654
  [simclr] epoch 106/120  loss=5.0654
  [simclr] epoch 107/120  loss=5.0668
  [simclr] epoch 108/120  loss=5.0680
  [simclr] epoch 109/120  loss=5.0680
  [simclr] epoch 110/120  loss=5.0659
  [simclr] epoch 111/120  loss=5.0637
  [simclr] epoch 112/120  loss=5.0636
  [simclr] epoch 113/120  loss=5.0621
  [simclr] epoch 114/120  loss=5.0627
  [simclr] epoch 115/120  loss=5.0645
  [simclr] epoch 116/120  loss=5.0645
  [simclr] epoch 117/120  loss=5.0629
  [simclr] epoch 118/120  loss=5.0626
  [simclr] epoch 119/120  loss=5.0628
  [simclr] epoch 120/120  loss=5.0634
--- [aircraft/lejepa] supcon+res-simclr (residual, lam=0) ---
  [simclr-residual] epoch 1/120  loss=5.5612
  [simclr-residual] epoch 2/120  loss=5.2130
  [simclr-residual] epoch 3/120  loss=5.1755
  [simclr-residual] epoch 4/120  loss=5.1575
  [simclr-residual] epoch 5/120  loss=5.1469
  [simclr-residual] epoch 6/120  loss=5.1364
  [simclr-residual] epoch 7/120  loss=5.1327
  [simclr-residual] epoch 8/120  loss=5.1299
  [simclr-residual] epoch 9/120  loss=5.1239
  [simclr-residual] epoch 10/120  loss=5.1169
  [simclr-residual] epoch 11/120  loss=5.1143
  [simclr-residual] epoch 12/120  loss=5.1097
  [simclr-residual] epoch 13/120  loss=5.1079
  [simclr-residual] epoch 14/120  loss=5.1092
  [simclr-residual] epoch 15/120  loss=5.1053
  [simclr-residual] epoch 16/120  loss=5.1033
  [simclr-residual] epoch 17/120  loss=5.1010
  [simclr-residual] epoch 18/120  loss=5.1012
  [simclr-residual] epoch 19/120  loss=5.0972
  [simclr-residual] epoch 20/120  loss=5.0960
  [simclr-residual] epoch 21/120  loss=5.0956
  [simclr-residual] epoch 22/120  loss=5.0943
  [simclr-residual] epoch 23/120  loss=5.0944
  [simclr-residual] epoch 24/120  loss=5.0934
  [simclr-residual] epoch 25/120  loss=5.0892
  [simclr-residual] epoch 26/120  loss=5.0908
  [simclr-residual] epoch 27/120  loss=5.0869
  [simclr-residual] epoch 28/120  loss=5.0882
  [simclr-residual] epoch 29/120  loss=5.0866
  [simclr-residual] epoch 30/120  loss=5.0860
  [simclr-residual] epoch 31/120  loss=5.0850
  [simclr-residual] epoch 32/120  loss=5.0856
  [simclr-residual] epoch 33/120  loss=5.0820
  [simclr-residual] epoch 34/120  loss=5.0829
  [simclr-residual] epoch 35/120  loss=5.0837
  [simclr-residual] epoch 36/120  loss=5.0814
  [simclr-residual] epoch 37/120  loss=5.0793
  [simclr-residual] epoch 38/120  loss=5.0784
  [simclr-residual] epoch 39/120  loss=5.0776
  [simclr-residual] epoch 40/120  loss=5.0785
  [simclr-residual] epoch 41/120  loss=5.0781
  [simclr-residual] epoch 42/120  loss=5.0753
  [simclr-residual] epoch 43/120  loss=5.0771
  [simclr-residual] epoch 44/120  loss=5.0778
  [simclr-residual] epoch 45/120  loss=5.0761
  [simclr-residual] epoch 46/120  loss=5.0733
  [simclr-residual] epoch 47/120  loss=5.0735
  [simclr-residual] epoch 48/120  loss=5.0737
  [simclr-residual] epoch 49/120  loss=5.0754
  [simclr-residual] epoch 50/120  loss=5.0739
  [simclr-residual] epoch 51/120  loss=5.0734
  [simclr-residual] epoch 52/120  loss=5.0722
  [simclr-residual] epoch 53/120  loss=5.0720
  [simclr-residual] epoch 54/120  loss=5.0712
  [simclr-residual] epoch 55/120  loss=5.0716
  [simclr-residual] epoch 56/120  loss=5.0697
  [simclr-residual] epoch 57/120  loss=5.0699
  [simclr-residual] epoch 58/120  loss=5.0691
  [simclr-residual] epoch 59/120  loss=5.0685
  [simclr-residual] epoch 60/120  loss=5.0683
  [simclr-residual] epoch 61/120  loss=5.0680
  [simclr-residual] epoch 62/120  loss=5.0692
  [simclr-residual] epoch 63/120  loss=5.0690
  [simclr-residual] epoch 64/120  loss=5.0664
  [simclr-residual] epoch 65/120  loss=5.0666
  [simclr-residual] epoch 66/120  loss=5.0667
  [simclr-residual] epoch 67/120  loss=5.0675
  [simclr-residual] epoch 68/120  loss=5.0669
  [simclr-residual] epoch 69/120  loss=5.0666
  [simclr-residual] epoch 70/120  loss=5.0665
  [simclr-residual] epoch 71/120  loss=5.0650
  [simclr-residual] epoch 72/120  loss=5.0646
  [simclr-residual] epoch 73/120  loss=5.0654
  [simclr-residual] epoch 74/120  loss=5.0653
  [simclr-residual] epoch 75/120  loss=5.0648
  [simclr-residual] epoch 76/120  loss=5.0673
  [simclr-residual] epoch 77/120  loss=5.0642
  [simclr-residual] epoch 78/120  loss=5.0622
  [simclr-residual] epoch 79/120  loss=5.0630
  [simclr-residual] epoch 80/120  loss=5.0640
  [simclr-residual] epoch 81/120  loss=5.0639
  [simclr-residual] epoch 82/120  loss=5.0625
  [simclr-residual] epoch 83/120  loss=5.0632
  [simclr-residual] epoch 84/120  loss=5.0639
  [simclr-residual] epoch 85/120  loss=5.0639
  [simclr-residual] epoch 86/120  loss=5.0637
  [simclr-residual] epoch 87/120  loss=5.0634
  [simclr-residual] epoch 88/120  loss=5.0639
  [simclr-residual] epoch 89/120  loss=5.0631
  [simclr-residual] epoch 90/120  loss=5.0632
  [simclr-residual] epoch 91/120  loss=5.0619
  [simclr-residual] epoch 92/120  loss=5.0637
  [simclr-residual] epoch 93/120  loss=5.0602
  [simclr-residual] epoch 94/120  loss=5.0612
  [simclr-residual] epoch 95/120  loss=5.0598
  [simclr-residual] epoch 96/120  loss=5.0602
  [simclr-residual] epoch 97/120  loss=5.0598
  [simclr-residual] epoch 98/120  loss=5.0605
  [simclr-residual] epoch 99/120  loss=5.0606
  [simclr-residual] epoch 100/120  loss=5.0619
  [simclr-residual] epoch 101/120  loss=5.0602
  [simclr-residual] epoch 102/120  loss=5.0594
  [simclr-residual] epoch 103/120  loss=5.0597
  [simclr-residual] epoch 104/120  loss=5.0601
  [simclr-residual] epoch 105/120  loss=5.0595
  [simclr-residual] epoch 106/120  loss=5.0603
  [simclr-residual] epoch 107/120  loss=5.0584
  [simclr-residual] epoch 108/120  loss=5.0581
  [simclr-residual] epoch 109/120  loss=5.0588
  [simclr-residual] epoch 110/120  loss=5.0616
  [simclr-residual] epoch 111/120  loss=5.0614
  [simclr-residual] epoch 112/120  loss=5.0588
  [simclr-residual] epoch 113/120  loss=5.0594
  [simclr-residual] epoch 114/120  loss=5.0595
  [simclr-residual] epoch 115/120  loss=5.0607
  [simclr-residual] epoch 116/120  loss=5.0591
  [simclr-residual] epoch 117/120  loss=5.0584
  [simclr-residual] epoch 118/120  loss=5.0561
  [simclr-residual] epoch 119/120  loss=5.0592
  [simclr-residual] epoch 120/120  loss=5.0589
  [aircraft/lejepa] supcon (half)                48.0
  [aircraft/lejepa] simclr (half)                11.8
  [aircraft/lejepa] supcon+res-simclr (concat)   43.9
  [aircraft/lejepa] supcon+simclr (concat)       43.2

######## aircraft on VISReg ViT-B/16 (paper's weights) ########
--- [aircraft/visreg] supcon half ---
  [supcon] epoch 1/120  loss=6.7305
  [supcon] epoch 2/120  loss=6.5004
  [supcon] epoch 3/120  loss=6.2997
  [supcon] epoch 4/120  loss=6.1236
  [supcon] epoch 5/120  loss=5.9643
  [supcon] epoch 6/120  loss=5.8557
  [supcon] epoch 7/120  loss=5.7666
  [supcon] epoch 8/120  loss=5.6931
  [supcon] epoch 9/120  loss=5.6088
  [supcon] epoch 10/120  loss=5.5194
  [supcon] epoch 11/120  loss=5.4955
  [supcon] epoch 12/120  loss=5.4402
  [supcon] epoch 13/120  loss=5.3708
  [supcon] epoch 14/120  loss=5.3356
  [supcon] epoch 15/120  loss=5.3186
  [supcon] epoch 16/120  loss=5.2777
  [supcon] epoch 17/120  loss=5.2819
  [supcon] epoch 18/120  loss=5.2171
  [supcon] epoch 19/120  loss=5.2179
  [supcon] epoch 20/120  loss=5.1487
  [supcon] epoch 21/120  loss=5.1223
  [supcon] epoch 22/120  loss=5.1147
  [supcon] epoch 23/120  loss=5.0958
  [supcon] epoch 24/120  loss=5.0567
  [supcon] epoch 25/120  loss=5.0492
  [supcon] epoch 26/120  loss=5.0373
  [supcon] epoch 27/120  loss=5.0200
  [supcon] epoch 28/120  loss=5.0041
  [supcon] epoch 29/120  loss=4.9985
  [supcon] epoch 30/120  loss=4.9498
  [supcon] epoch 31/120  loss=4.9477
  [supcon] epoch 32/120  loss=4.9457
  [supcon] epoch 33/120  loss=4.9129
  [supcon] epoch 34/120  loss=4.9134
  [supcon] epoch 35/120  loss=4.9036
  [supcon] epoch 36/120  loss=4.9037
  [supcon] epoch 37/120  loss=4.8569
  [supcon] epoch 38/120  loss=4.8403
  [supcon] epoch 39/120  loss=4.8202
  [supcon] epoch 40/120  loss=4.8300
  [supcon] epoch 41/120  loss=4.8310
  [supcon] epoch 42/120  loss=4.8164
  [supcon] epoch 43/120  loss=4.7975
  [supcon] epoch 44/120  loss=4.8009
  [supcon] epoch 45/120  loss=4.8335
  [supcon] epoch 46/120  loss=4.7658
  [supcon] epoch 47/120  loss=4.7632
  [supcon] epoch 48/120  loss=4.7450
  [supcon] epoch 49/120  loss=4.7277
  [supcon] epoch 50/120  loss=4.7649
  [supcon] epoch 51/120  loss=4.7311
  [supcon] epoch 52/120  loss=4.7154
  [supcon] epoch 53/120  loss=4.7041
  [supcon] epoch 54/120  loss=4.6840
  [supcon] epoch 55/120  loss=4.6549
  [supcon] epoch 56/120  loss=4.6763
  [supcon] epoch 57/120  loss=4.6449
  [supcon] epoch 58/120  loss=4.6464
  [supcon] epoch 59/120  loss=4.6505
  [supcon] epoch 60/120  loss=4.6243
  [supcon] epoch 61/120  loss=4.6421
  [supcon] epoch 62/120  loss=4.6335
  [supcon] epoch 63/120  loss=4.6352
  [supcon] epoch 64/120  loss=4.6061
  [supcon] epoch 65/120  loss=4.6128
  [supcon] epoch 66/120  loss=4.6277
  [supcon] epoch 67/120  loss=4.6104
  [supcon] epoch 68/120  loss=4.5852
  [supcon] epoch 69/120  loss=4.5529
  [supcon] epoch 70/120  loss=4.5661
  [supcon] epoch 71/120  loss=4.5473
  [supcon] epoch 72/120  loss=4.5794
  [supcon] epoch 73/120  loss=4.5612
  [supcon] epoch 74/120  loss=4.5406
  [supcon] epoch 75/120  loss=4.5319
  [supcon] epoch 76/120  loss=4.5328
  [supcon] epoch 77/120  loss=4.5471
  [supcon] epoch 78/120  loss=4.5539
  [supcon] epoch 79/120  loss=4.4884
  [supcon] epoch 80/120  loss=4.4912
  [supcon] epoch 81/120  loss=4.4509
  [supcon] epoch 82/120  loss=4.4619
  [supcon] epoch 83/120  loss=4.4877
  [supcon] epoch 84/120  loss=4.4724
  [supcon] epoch 85/120  loss=4.4756
  [supcon] epoch 86/120  loss=4.4622
  [supcon] epoch 87/120  loss=4.4480
  [supcon] epoch 88/120  loss=4.4363
  [supcon] epoch 89/120  loss=4.4385
  [supcon] epoch 90/120  loss=4.4546
  [supcon] epoch 91/120  loss=4.4619
  [supcon] epoch 92/120  loss=4.4142
  [supcon] epoch 93/120  loss=4.4132
  [supcon] epoch 94/120  loss=4.4095
  [supcon] epoch 95/120  loss=4.4329
  [supcon] epoch 96/120  loss=4.4282
  [supcon] epoch 97/120  loss=4.4163
  [supcon] epoch 98/120  loss=4.3976
  [supcon] epoch 99/120  loss=4.4027
  [supcon] epoch 100/120  loss=4.4075
  [supcon] epoch 101/120  loss=4.3645
  [supcon] epoch 102/120  loss=4.3977
  [supcon] epoch 103/120  loss=4.3913
  [supcon] epoch 104/120  loss=4.3780
  [supcon] epoch 105/120  loss=4.4050
  [supcon] epoch 106/120  loss=4.3745
  [supcon] epoch 107/120  loss=4.3368
  [supcon] epoch 108/120  loss=4.3487
  [supcon] epoch 109/120  loss=4.3327
  [supcon] epoch 110/120  loss=4.3319
  [supcon] epoch 111/120  loss=4.3380
  [supcon] epoch 112/120  loss=4.3113
  [supcon] epoch 113/120  loss=4.3047
  [supcon] epoch 114/120  loss=4.2894
  [supcon] epoch 115/120  loss=4.3035
  [supcon] epoch 116/120  loss=4.3251
  [supcon] epoch 117/120  loss=4.3233
  [supcon] epoch 118/120  loss=4.3139
  [supcon] epoch 119/120  loss=4.3064
  [supcon] epoch 120/120  loss=4.3161
--- [aircraft/visreg] simclr half ---
  [simclr] epoch 1/120  loss=5.8134
  [simclr] epoch 2/120  loss=5.3894
  [simclr] epoch 3/120  loss=5.2998
  [simclr] epoch 4/120  loss=5.2541
  [simclr] epoch 5/120  loss=5.2317
  [simclr] epoch 6/120  loss=5.2131
  [simclr] epoch 7/120  loss=5.1925
  [simclr] epoch 8/120  loss=5.1846
  [simclr] epoch 9/120  loss=5.1694
  [simclr] epoch 10/120  loss=5.1678
  [simclr] epoch 11/120  loss=5.1639
  [simclr] epoch 12/120  loss=5.1571
  [simclr] epoch 13/120  loss=5.1514
  [simclr] epoch 14/120  loss=5.1476
  [simclr] epoch 15/120  loss=5.1475
  [simclr] epoch 16/120  loss=5.1467
  [simclr] epoch 17/120  loss=5.1426
  [simclr] epoch 18/120  loss=5.1400
  [simclr] epoch 19/120  loss=5.1376
  [simclr] epoch 20/120  loss=5.1305
  [simclr] epoch 21/120  loss=5.1306
  [simclr] epoch 22/120  loss=5.1272
  [simclr] epoch 23/120  loss=5.1235
  [simclr] epoch 24/120  loss=5.1209
  [simclr] epoch 25/120  loss=5.1214
  [simclr] epoch 26/120  loss=5.1225
  [simclr] epoch 27/120  loss=5.1241
  [simclr] epoch 28/120  loss=5.1176
  [simclr] epoch 29/120  loss=5.1151
  [simclr] epoch 30/120  loss=5.1152
  [simclr] epoch 31/120  loss=5.1155
  [simclr] epoch 32/120  loss=5.1144
  [simclr] epoch 33/120  loss=5.1110
  [simclr] epoch 34/120  loss=5.1096
  [simclr] epoch 35/120  loss=5.1088
  [simclr] epoch 36/120  loss=5.1053
  [simclr] epoch 37/120  loss=5.1075
  [simclr] epoch 38/120  loss=5.1059
  [simclr] epoch 39/120  loss=5.1045
  [simclr] epoch 40/120  loss=5.1014
  [simclr] epoch 41/120  loss=5.1005
  [simclr] epoch 42/120  loss=5.1002
  [simclr] epoch 43/120  loss=5.1007
  [simclr] epoch 44/120  loss=5.0962
  [simclr] epoch 45/120  loss=5.0943
  [simclr] epoch 46/120  loss=5.0943
  [simclr] epoch 47/120  loss=5.0917
  [simclr] epoch 48/120  loss=5.0942
  [simclr] epoch 49/120  loss=5.0941
  [simclr] epoch 50/120  loss=5.0928
  [simclr] epoch 51/120  loss=5.0923
  [simclr] epoch 52/120  loss=5.0935
  [simclr] epoch 53/120  loss=5.0905
  [simclr] epoch 54/120  loss=5.0902
  [simclr] epoch 55/120  loss=5.0895
  [simclr] epoch 56/120  loss=5.0874
  [simclr] epoch 57/120  loss=5.0895
  [simclr] epoch 58/120  loss=5.0856
  [simclr] epoch 59/120  loss=5.0862
  [simclr] epoch 60/120  loss=5.0902
  [simclr] epoch 61/120  loss=5.0859
  [simclr] epoch 62/120  loss=5.0871
  [simclr] epoch 63/120  loss=5.0831
  [simclr] epoch 64/120  loss=5.0830
  [simclr] epoch 65/120  loss=5.0857
  [simclr] epoch 66/120  loss=5.0848
  [simclr] epoch 67/120  loss=5.0854
  [simclr] epoch 68/120  loss=5.0853
  [simclr] epoch 69/120  loss=5.0811
  [simclr] epoch 70/120  loss=5.0836
  [simclr] epoch 71/120  loss=5.0804
  [simclr] epoch 72/120  loss=5.0838
  [simclr] epoch 73/120  loss=5.0826
  [simclr] epoch 74/120  loss=5.0785
  [simclr] epoch 75/120  loss=5.0791
  [simclr] epoch 76/120  loss=5.0793
  [simclr] epoch 77/120  loss=5.0805
  [simclr] epoch 78/120  loss=5.0807
  [simclr] epoch 79/120  loss=5.0804
  [simclr] epoch 80/120  loss=5.0761
  [simclr] epoch 81/120  loss=5.0767
  [simclr] epoch 82/120  loss=5.0770
  [simclr] epoch 83/120  loss=5.0772
  [simclr] epoch 84/120  loss=5.0776
  [simclr] epoch 85/120  loss=5.0772
  [simclr] epoch 86/120  loss=5.0764
  [simclr] epoch 87/120  loss=5.0745
  [simclr] epoch 88/120  loss=5.0754
  [simclr] epoch 89/120  loss=5.0735
  [simclr] epoch 90/120  loss=5.0726
  [simclr] epoch 91/120  loss=5.0731
  [simclr] epoch 92/120  loss=5.0718
  [simclr] epoch 93/120  loss=5.0707
  [simclr] epoch 94/120  loss=5.0722
  [simclr] epoch 95/120  loss=5.0739
  [simclr] epoch 96/120  loss=5.0724
  [simclr] epoch 97/120  loss=5.0709
  [simclr] epoch 98/120  loss=5.0702
  [simclr] epoch 99/120  loss=5.0706
  [simclr] epoch 100/120  loss=5.0718
  [simclr] epoch 101/120  loss=5.0727
  [simclr] epoch 102/120  loss=5.0703
  [simclr] epoch 103/120  loss=5.0713
  [simclr] epoch 104/120  loss=5.0685
  [simclr] epoch 105/120  loss=5.0705
  [simclr] epoch 106/120  loss=5.0680
  [simclr] epoch 107/120  loss=5.0689
  [simclr] epoch 108/120  loss=5.0687
  [simclr] epoch 109/120  loss=5.0684
  [simclr] epoch 110/120  loss=5.0672
  [simclr] epoch 111/120  loss=5.0667
  [simclr] epoch 112/120  loss=5.0657
  [simclr] epoch 113/120  loss=5.0665
  [simclr] epoch 114/120  loss=5.0642
  [simclr] epoch 115/120  loss=5.0653
  [simclr] epoch 116/120  loss=5.0645
  [simclr] epoch 117/120  loss=5.0657
  [simclr] epoch 118/120  loss=5.0646
  [simclr] epoch 119/120  loss=5.0672
  [simclr] epoch 120/120  loss=5.0653
--- [aircraft/visreg] supcon+res-simclr (residual, lam=0) ---
  [simclr-residual] epoch 1/120  loss=5.7414
  [simclr-residual] epoch 2/120  loss=5.3538
  [simclr-residual] epoch 3/120  loss=5.2195
  [simclr-residual] epoch 4/120  loss=5.1815
  [simclr-residual] epoch 5/120  loss=5.1618
  [simclr-residual] epoch 6/120  loss=5.1522
  [simclr-residual] epoch 7/120  loss=5.1437
  [simclr-residual] epoch 8/120  loss=5.1357
  [simclr-residual] epoch 9/120  loss=5.1277
  [simclr-residual] epoch 10/120  loss=5.1204
  [simclr-residual] epoch 11/120  loss=5.1174
  [simclr-residual] epoch 12/120  loss=5.1124
  [simclr-residual] epoch 13/120  loss=5.1110
  [simclr-residual] epoch 14/120  loss=5.1098
  [simclr-residual] epoch 15/120  loss=5.1074
  [simclr-residual] epoch 16/120  loss=5.1046
  [simclr-residual] epoch 17/120  loss=5.1010
  [simclr-residual] epoch 18/120  loss=5.1038
  [simclr-residual] epoch 19/120  loss=5.0980
  [simclr-residual] epoch 20/120  loss=5.0975
  [simclr-residual] epoch 21/120  loss=5.0982
  [simclr-residual] epoch 22/120  loss=5.0974
  [simclr-residual] epoch 23/120  loss=5.0973
  [simclr-residual] epoch 24/120  loss=5.0963
  [simclr-residual] epoch 25/120  loss=5.0927
  [simclr-residual] epoch 26/120  loss=5.0931
  [simclr-residual] epoch 27/120  loss=5.0913
  [simclr-residual] epoch 28/120  loss=5.0885
  [simclr-residual] epoch 29/120  loss=5.0887
  [simclr-residual] epoch 30/120  loss=5.0886
  [simclr-residual] epoch 31/120  loss=5.0861
  [simclr-residual] epoch 32/120  loss=5.0855
  [simclr-residual] epoch 33/120  loss=5.0834
  [simclr-residual] epoch 34/120  loss=5.0856
  [simclr-residual] epoch 35/120  loss=5.0877
  [simclr-residual] epoch 36/120  loss=5.0832
  [simclr-residual] epoch 37/120  loss=5.0819
  [simclr-residual] epoch 38/120  loss=5.0808
  [simclr-residual] epoch 39/120  loss=5.0817
  [simclr-residual] epoch 40/120  loss=5.0805
  [simclr-residual] epoch 41/120  loss=5.0807
  [simclr-residual] epoch 42/120  loss=5.0786
  [simclr-residual] epoch 43/120  loss=5.0780
  [simclr-residual] epoch 44/120  loss=5.0792
  [simclr-residual] epoch 45/120  loss=5.0779
  [simclr-residual] epoch 46/120  loss=5.0757
  [simclr-residual] epoch 47/120  loss=5.0751
  [simclr-residual] epoch 48/120  loss=5.0761
  [simclr-residual] epoch 49/120  loss=5.0776
  [simclr-residual] epoch 50/120  loss=5.0770
  [simclr-residual] epoch 51/120  loss=5.0765
  [simclr-residual] epoch 52/120  loss=5.0763
  [simclr-residual] epoch 53/120  loss=5.0762
  [simclr-residual] epoch 54/120  loss=5.0741
  [simclr-residual] epoch 55/120  loss=5.0757
  [simclr-residual] epoch 56/120  loss=5.0761
  [simclr-residual] epoch 57/120  loss=5.0762
  [simclr-residual] epoch 58/120  loss=5.0741
  [simclr-residual] epoch 59/120  loss=5.0714
  [simclr-residual] epoch 60/120  loss=5.0731
  [simclr-residual] epoch 61/120  loss=5.0741
  [simclr-residual] epoch 62/120  loss=5.0754
  [simclr-residual] epoch 63/120  loss=5.0726
  [simclr-residual] epoch 64/120  loss=5.0714
  [simclr-residual] epoch 65/120  loss=5.0735
  [simclr-residual] epoch 66/120  loss=5.0726
  [simclr-residual] epoch 67/120  loss=5.0713
  [simclr-residual] epoch 68/120  loss=5.0721
  [simclr-residual] epoch 69/120  loss=5.0730
  [simclr-residual] epoch 70/120  loss=5.0727
  [simclr-residual] epoch 71/120  loss=5.0735
  [simclr-residual] epoch 72/120  loss=5.0717
  [simclr-residual] epoch 73/120  loss=5.0696
  [simclr-residual] epoch 74/120  loss=5.0695
  [simclr-residual] epoch 75/120  loss=5.0714
  [simclr-residual] epoch 76/120  loss=5.0710
  [simclr-residual] epoch 77/120  loss=5.0714
  [simclr-residual] epoch 78/120  loss=5.0701
  [simclr-residual] epoch 79/120  loss=5.0693
  [simclr-residual] epoch 80/120  loss=5.0695
  [simclr-residual] epoch 81/120  loss=5.0707
  [simclr-residual] epoch 82/120  loss=5.0680
  [simclr-residual] epoch 83/120  loss=5.0681
  [simclr-residual] epoch 84/120  loss=5.0688
  [simclr-residual] epoch 85/120  loss=5.0683
  [simclr-residual] epoch 86/120  loss=5.0674
  [simclr-residual] epoch 87/120  loss=5.0679
  [simclr-residual] epoch 88/120  loss=5.0681
  [simclr-residual] epoch 89/120  loss=5.0684
  [simclr-residual] epoch 90/120  loss=5.0679
  [simclr-residual] epoch 91/120  loss=5.0668
  [simclr-residual] epoch 92/120  loss=5.0688
  [simclr-residual] epoch 93/120  loss=5.0668
  [simclr-residual] epoch 94/120  loss=5.0667
  [simclr-residual] epoch 95/120  loss=5.0653
  [simclr-residual] epoch 96/120  loss=5.0660
  [simclr-residual] epoch 97/120  loss=5.0660
  [simclr-residual] epoch 98/120  loss=5.0659
  [simclr-residual] epoch 99/120  loss=5.0659
  [simclr-residual] epoch 100/120  loss=5.0666
  [simclr-residual] epoch 101/120  loss=5.0657
  [simclr-residual] epoch 102/120  loss=5.0653
  [simclr-residual] epoch 103/120  loss=5.0657
  [simclr-residual] epoch 104/120  loss=5.0665
  [simclr-residual] epoch 105/120  loss=5.0646
  [simclr-residual] epoch 106/120  loss=5.0639
  [simclr-residual] epoch 107/120  loss=5.0644
  [simclr-residual] epoch 108/120  loss=5.0641
  [simclr-residual] epoch 109/120  loss=5.0649
  [simclr-residual] epoch 110/120  loss=5.0678
  [simclr-residual] epoch 111/120  loss=5.0637
  [simclr-residual] epoch 112/120  loss=5.0643
  [simclr-residual] epoch 113/120  loss=5.0655
  [simclr-residual] epoch 114/120  loss=5.0655
  [simclr-residual] epoch 115/120  loss=5.0650
  [simclr-residual] epoch 116/120  loss=5.0649
  [simclr-residual] epoch 117/120  loss=5.0639
  [simclr-residual] epoch 118/120  loss=5.0649
  [simclr-residual] epoch 119/120  loss=5.0644
  [simclr-residual] epoch 120/120  loss=5.0658
  [aircraft/visreg] supcon (half)                52.4
  [aircraft/visreg] simclr (half)                11.1
  [aircraft/visreg] supcon+res-simclr (concat)   48.9
  [aircraft/visreg] supcon+simclr (concat)       49.2

######## cars on DINO ViT-B/16 ########
--- [cars/dino] supcon half ---
  [supcon] epoch 1/120  loss=5.4312
  [supcon] epoch 2/120  loss=4.9152
  [supcon] epoch 3/120  loss=4.6765
  [supcon] epoch 4/120  loss=4.4912
  [supcon] epoch 5/120  loss=4.3807
  [supcon] epoch 6/120  loss=4.2727
  [supcon] epoch 7/120  loss=4.1934
  [supcon] epoch 8/120  loss=4.1161
  [supcon] epoch 9/120  loss=4.0421
  [supcon] epoch 10/120  loss=3.9825
  [supcon] epoch 11/120  loss=3.9095
  [supcon] epoch 12/120  loss=3.8717
  [supcon] epoch 13/120  loss=3.8200
  [supcon] epoch 14/120  loss=3.7582
  [supcon] epoch 15/120  loss=3.7093
  [supcon] epoch 16/120  loss=3.6928
  [supcon] epoch 17/120  loss=3.6473
  [supcon] epoch 18/120  loss=3.6014
  [supcon] epoch 19/120  loss=3.5814
  [supcon] epoch 20/120  loss=3.5261
  [supcon] epoch 21/120  loss=3.4970
  [supcon] epoch 22/120  loss=3.4585
  [supcon] epoch 23/120  loss=3.4149
  [supcon] epoch 24/120  loss=3.3962
  [supcon] epoch 25/120  loss=3.3373
  [supcon] epoch 26/120  loss=3.3107
  [supcon] epoch 27/120  loss=3.2979
  [supcon] epoch 28/120  loss=3.2847
  [supcon] epoch 29/120  loss=3.2374
  [supcon] epoch 30/120  loss=3.1956
  [supcon] epoch 31/120  loss=3.1827
  [supcon] epoch 32/120  loss=3.1574
  [supcon] epoch 33/120  loss=3.1358
  [supcon] epoch 34/120  loss=3.0968
  [supcon] epoch 35/120  loss=3.0756
  [supcon] epoch 36/120  loss=3.0431
  [supcon] epoch 37/120  loss=3.0335
  [supcon] epoch 38/120  loss=2.9954
  [supcon] epoch 39/120  loss=2.9883
  [supcon] epoch 40/120  loss=2.9704
  [supcon] epoch 41/120  loss=2.9473
  [supcon] epoch 42/120  loss=2.9277
  [supcon] epoch 43/120  loss=2.9073
  [supcon] epoch 44/120  loss=2.8947
  [supcon] epoch 45/120  loss=2.8768
  [supcon] epoch 46/120  loss=2.8432
  [supcon] epoch 47/120  loss=2.8292
  [supcon] epoch 48/120  loss=2.8157
  [supcon] epoch 49/120  loss=2.7922
  [supcon] epoch 50/120  loss=2.7793
  [supcon] epoch 51/120  loss=2.7657
  [supcon] epoch 52/120  loss=2.7591
  [supcon] epoch 53/120  loss=2.7278
  [supcon] epoch 54/120  loss=2.7146
  [supcon] epoch 55/120  loss=2.7059
  [supcon] epoch 56/120  loss=2.6951
  [supcon] epoch 57/120  loss=2.6733
  [supcon] epoch 58/120  loss=2.6653
  [supcon] epoch 59/120  loss=2.6442
  [supcon] epoch 60/120  loss=2.6490
  [supcon] epoch 61/120  loss=2.6182
  [supcon] epoch 62/120  loss=2.6115
  [supcon] epoch 63/120  loss=2.6036
  [supcon] epoch 64/120  loss=2.5874
  [supcon] epoch 65/120  loss=2.5577
  [supcon] epoch 66/120  loss=2.5423
  [supcon] epoch 67/120  loss=2.5403
  [supcon] epoch 68/120  loss=2.5477
  [supcon] epoch 69/120  loss=2.5296
  [supcon] epoch 70/120  loss=2.5175
  [supcon] epoch 71/120  loss=2.4931
  [supcon] epoch 72/120  loss=2.4973
  [supcon] epoch 73/120  loss=2.4860
  [supcon] epoch 74/120  loss=2.4930
  [supcon] epoch 75/120  loss=2.4692
  [supcon] epoch 76/120  loss=2.4689
  [supcon] epoch 77/120  loss=2.4414
  [supcon] epoch 78/120  loss=2.4388
  [supcon] epoch 79/120  loss=2.4258
  [supcon] epoch 80/120  loss=2.4265
  [supcon] epoch 81/120  loss=2.4141
  [supcon] epoch 82/120  loss=2.3927
  [supcon] epoch 83/120  loss=2.3730
  [supcon] epoch 84/120  loss=2.3666
  [supcon] epoch 85/120  loss=2.3641
  [supcon] epoch 86/120  loss=2.3613
  [supcon] epoch 87/120  loss=2.3539
  [supcon] epoch 88/120  loss=2.3521
  [supcon] epoch 89/120  loss=2.3298
  [supcon] epoch 90/120  loss=2.3389
  [supcon] epoch 91/120  loss=2.3189
  [supcon] epoch 92/120  loss=2.3100
  [supcon] epoch 93/120  loss=2.2992
  [supcon] epoch 94/120  loss=2.2940
  [supcon] epoch 95/120  loss=2.2862
  [supcon] epoch 96/120  loss=2.2902
  [supcon] epoch 97/120  loss=2.3010
  [supcon] epoch 98/120  loss=2.2963
  [supcon] epoch 99/120  loss=2.2761
  [supcon] epoch 100/120  loss=2.2677
  [supcon] epoch 101/120  loss=2.2589
  [supcon] epoch 102/120  loss=2.2647
  [supcon] epoch 103/120  loss=2.2419
  [supcon] epoch 104/120  loss=2.2507
  [supcon] epoch 105/120  loss=2.2539
  [supcon] epoch 106/120  loss=2.2182
  [supcon] epoch 107/120  loss=2.2281
  [supcon] epoch 108/120  loss=2.2188
  [supcon] epoch 109/120  loss=2.2016
  [supcon] epoch 110/120  loss=2.2202
  [supcon] epoch 111/120  loss=2.1973
  [supcon] epoch 112/120  loss=2.2044
  [supcon] epoch 113/120  loss=2.1851
  [supcon] epoch 114/120  loss=2.1872
  [supcon] epoch 115/120  loss=2.1770
  [supcon] epoch 116/120  loss=2.1673
  [supcon] epoch 117/120  loss=2.1495
  [supcon] epoch 118/120  loss=2.1746
  [supcon] epoch 119/120  loss=2.1455
  [supcon] epoch 120/120  loss=2.1479
--- [cars/dino] simclr half ---
  [simclr] epoch 1/120  loss=5.5993
  [simclr] epoch 2/120  loss=5.3152
  [simclr] epoch 3/120  loss=5.2631
  [simclr] epoch 4/120  loss=5.2363
  [simclr] epoch 5/120  loss=5.2192
  [simclr] epoch 6/120  loss=5.2076
  [simclr] epoch 7/120  loss=5.1958
  [simclr] epoch 8/120  loss=5.1889
  [simclr] epoch 9/120  loss=5.1801
  [simclr] epoch 10/120  loss=5.1731
  [simclr] epoch 11/120  loss=5.1630
  [simclr] epoch 12/120  loss=5.1603
  [simclr] epoch 13/120  loss=5.1562
  [simclr] epoch 14/120  loss=5.1508
  [simclr] epoch 15/120  loss=5.1486
  [simclr] epoch 16/120  loss=5.1456
  [simclr] epoch 17/120  loss=5.1395
  [simclr] epoch 18/120  loss=5.1372
  [simclr] epoch 19/120  loss=5.1340
  [simclr] epoch 20/120  loss=5.1295
  [simclr] epoch 21/120  loss=5.1269
  [simclr] epoch 22/120  loss=5.1266
  [simclr] epoch 23/120  loss=5.1263
  [simclr] epoch 24/120  loss=5.1222
  [simclr] epoch 25/120  loss=5.1208
  [simclr] epoch 26/120  loss=5.1192
  [simclr] epoch 27/120  loss=5.1177
  [simclr] epoch 28/120  loss=5.1138
  [simclr] epoch 29/120  loss=5.1122
  [simclr] epoch 30/120  loss=5.1101
  [simclr] epoch 31/120  loss=5.1067
  [simclr] epoch 32/120  loss=5.1074
  [simclr] epoch 33/120  loss=5.1034
  [simclr] epoch 34/120  loss=5.1040
  [simclr] epoch 35/120  loss=5.1041
  [simclr] epoch 36/120  loss=5.1019
  [simclr] epoch 37/120  loss=5.1005
  [simclr] epoch 38/120  loss=5.0996
  [simclr] epoch 39/120  loss=5.0985
  [simclr] epoch 40/120  loss=5.0961
  [simclr] epoch 41/120  loss=5.0935
  [simclr] epoch 42/120  loss=5.0937
  [simclr] epoch 43/120  loss=5.0922
  [simclr] epoch 44/120  loss=5.0896
  [simclr] epoch 45/120  loss=5.0903
  [simclr] epoch 46/120  loss=5.0876
  [simclr] epoch 47/120  loss=5.0856
  [simclr] epoch 48/120  loss=5.0861
  [simclr] epoch 49/120  loss=5.0841
  [simclr] epoch 50/120  loss=5.0864
  [simclr] epoch 51/120  loss=5.0837
  [simclr] epoch 52/120  loss=5.0833
  [simclr] epoch 53/120  loss=5.0820
  [simclr] epoch 54/120  loss=5.0808
  [simclr] epoch 55/120  loss=5.0799
  [simclr] epoch 56/120  loss=5.0789
  [simclr] epoch 57/120  loss=5.0778
  [simclr] epoch 58/120  loss=5.0767
  [simclr] epoch 59/120  loss=5.0770
  [simclr] epoch 60/120  loss=5.0747
  [simclr] epoch 61/120  loss=5.0751
  [simclr] epoch 62/120  loss=5.0742
  [simclr] epoch 63/120  loss=5.0719
  [simclr] epoch 64/120  loss=5.0725
  [simclr] epoch 65/120  loss=5.0731
  [simclr] epoch 66/120  loss=5.0720
  [simclr] epoch 67/120  loss=5.0720
  [simclr] epoch 68/120  loss=5.0705
  [simclr] epoch 69/120  loss=5.0709
  [simclr] epoch 70/120  loss=5.0689
  [simclr] epoch 71/120  loss=5.0673
  [simclr] epoch 72/120  loss=5.0680
  [simclr] epoch 73/120  loss=5.0667
  [simclr] epoch 74/120  loss=5.0668
  [simclr] epoch 75/120  loss=5.0646
  [simclr] epoch 76/120  loss=5.0653
  [simclr] epoch 77/120  loss=5.0656
  [simclr] epoch 78/120  loss=5.0645
  [simclr] epoch 79/120  loss=5.0618
  [simclr] epoch 80/120  loss=5.0631
  [simclr] epoch 81/120  loss=5.0614
  [simclr] epoch 82/120  loss=5.0609
  [simclr] epoch 83/120  loss=5.0601
  [simclr] epoch 84/120  loss=5.0599
  [simclr] epoch 85/120  loss=5.0590
  [simclr] epoch 86/120  loss=5.0568
  [simclr] epoch 87/120  loss=5.0578
  [simclr] epoch 88/120  loss=5.0571
  [simclr] epoch 89/120  loss=5.0569
  [simclr] epoch 90/120  loss=5.0560
  [simclr] epoch 91/120  loss=5.0563
  [simclr] epoch 92/120  loss=5.0556
  [simclr] epoch 93/120  loss=5.0552
  [simclr] epoch 94/120  loss=5.0540
  [simclr] epoch 95/120  loss=5.0540
  [simclr] epoch 96/120  loss=5.0516
  [simclr] epoch 97/120  loss=5.0525
  [simclr] epoch 98/120  loss=5.0528
  [simclr] epoch 99/120  loss=5.0520
  [simclr] epoch 100/120  loss=5.0532
  [simclr] epoch 101/120  loss=5.0521
  [simclr] epoch 102/120  loss=5.0517
  [simclr] epoch 103/120  loss=5.0504
  [simclr] epoch 104/120  loss=5.0503
  [simclr] epoch 105/120  loss=5.0488
  [simclr] epoch 106/120  loss=5.0499
  [simclr] epoch 107/120  loss=5.0485
  [simclr] epoch 108/120  loss=5.0494
  [simclr] epoch 109/120  loss=5.0476
  [simclr] epoch 110/120  loss=5.0477
  [simclr] epoch 111/120  loss=5.0477
  [simclr] epoch 112/120  loss=5.0466
  [simclr] epoch 113/120  loss=5.0445
  [simclr] epoch 114/120  loss=5.0457
  [simclr] epoch 115/120  loss=5.0479
  [simclr] epoch 116/120  loss=5.0467
  [simclr] epoch 117/120  loss=5.0472
  [simclr] epoch 118/120  loss=5.0438
  [simclr] epoch 119/120  loss=5.0443
  [simclr] epoch 120/120  loss=5.0437
--- [cars/dino] supcon+res-simclr (residual, lam=0) ---
  [simclr-residual] epoch 1/120  loss=5.2635
  [simclr-residual] epoch 2/120  loss=5.0384
  [simclr-residual] epoch 3/120  loss=5.0280
  [simclr-residual] epoch 4/120  loss=5.0238
  [simclr-residual] epoch 5/120  loss=5.0210
  [simclr-residual] epoch 6/120  loss=5.0191
  [simclr-residual] epoch 7/120  loss=5.0177
  [simclr-residual] epoch 8/120  loss=5.0164
  [simclr-residual] epoch 9/120  loss=5.0166
  [simclr-residual] epoch 10/120  loss=5.0143
  [simclr-residual] epoch 11/120  loss=5.0162
  [simclr-residual] epoch 12/120  loss=5.0152
  [simclr-residual] epoch 13/120  loss=5.0141
  [simclr-residual] epoch 14/120  loss=5.0142
  [simclr-residual] epoch 15/120  loss=5.0142
  [simclr-residual] epoch 16/120  loss=5.0140
  [simclr-residual] epoch 17/120  loss=5.0143
  [simclr-residual] epoch 18/120  loss=5.0128
  [simclr-residual] epoch 19/120  loss=5.0142
  [simclr-residual] epoch 20/120  loss=5.0128
  [simclr-residual] epoch 21/120  loss=5.0129
  [simclr-residual] epoch 22/120  loss=5.0127
  [simclr-residual] epoch 23/120  loss=5.0126
  [simclr-residual] epoch 24/120  loss=5.0122
  [simclr-residual] epoch 25/120  loss=5.0119
  [simclr-residual] epoch 26/120  loss=5.0121
  [simclr-residual] epoch 27/120  loss=5.0122
  [simclr-residual] epoch 28/120  loss=5.0119
  [simclr-residual] epoch 29/120  loss=5.0128
  [simclr-residual] epoch 30/120  loss=5.0118
  [simclr-residual] epoch 31/120  loss=5.0123
  [simclr-residual] epoch 32/120  loss=5.0115
  [simclr-residual] epoch 33/120  loss=5.0118
  [simclr-residual] epoch 34/120  loss=5.0118
  [simclr-residual] epoch 35/120  loss=5.0119
  [simclr-residual] epoch 36/120  loss=5.0113
  [simclr-residual] epoch 37/120  loss=5.0114
  [simclr-residual] epoch 38/120  loss=5.0110
  [simclr-residual] epoch 39/120  loss=5.0118
  [simclr-residual] epoch 40/120  loss=5.0120
  [simclr-residual] epoch 41/120  loss=5.0108
  [simclr-residual] epoch 42/120  loss=5.0108
  [simclr-residual] epoch 43/120  loss=5.0111
  [simclr-residual] epoch 44/120  loss=5.0112
  [simclr-residual] epoch 45/120  loss=5.0110
  [simclr-residual] epoch 46/120  loss=5.0111
  [simclr-residual] epoch 47/120  loss=5.0107
  [simclr-residual] epoch 48/120  loss=5.0111
  [simclr-residual] epoch 49/120  loss=5.0112
  [simclr-residual] epoch 50/120  loss=5.0108
  [simclr-residual] epoch 51/120  loss=5.0102
  [simclr-residual] epoch 52/120  loss=5.0113
  [simclr-residual] epoch 53/120  loss=5.0113
  [simclr-residual] epoch 54/120  loss=5.0112
  [simclr-residual] epoch 55/120  loss=5.0106
  [simclr-residual] epoch 56/120  loss=5.0102
  [simclr-residual] epoch 57/120  loss=5.0111
  [simclr-residual] epoch 58/120  loss=5.0106
  [simclr-residual] epoch 59/120  loss=5.0105
  [simclr-residual] epoch 60/120  loss=5.0099
  [simclr-residual] epoch 61/120  loss=5.0110
  [simclr-residual] epoch 62/120  loss=5.0101
  [simclr-residual] epoch 63/120  loss=5.0110
  [simclr-residual] epoch 64/120  loss=5.0101
  [simclr-residual] epoch 65/120  loss=5.0104
  [simclr-residual] epoch 66/120  loss=5.0106
  [simclr-residual] epoch 67/120  loss=5.0106
  [simclr-residual] epoch 68/120  loss=5.0108
  [simclr-residual] epoch 69/120  loss=5.0101
  [simclr-residual] epoch 70/120  loss=5.0108
  [simclr-residual] epoch 71/120  loss=5.0108
  [simclr-residual] epoch 72/120  loss=5.0096
  [simclr-residual] epoch 73/120  loss=5.0101
  [simclr-residual] epoch 74/120  loss=5.0108
  [simclr-residual] epoch 75/120  loss=5.0102
  [simclr-residual] epoch 76/120  loss=5.0102
  [simclr-residual] epoch 77/120  loss=5.0104
  [simclr-residual] epoch 78/120  loss=5.0098
  [simclr-residual] epoch 79/120  loss=5.0108
  [simclr-residual] epoch 80/120  loss=5.0101
  [simclr-residual] epoch 81/120  loss=5.0100
  [simclr-residual] epoch 82/120  loss=5.0102
  [simclr-residual] epoch 83/120  loss=5.0100
  [simclr-residual] epoch 84/120  loss=5.0097
  [simclr-residual] epoch 85/120  loss=5.0106
  [simclr-residual] epoch 86/120  loss=5.0101
  [simclr-residual] epoch 87/120  loss=5.0093
  [simclr-residual] epoch 88/120  loss=5.0097
  [simclr-residual] epoch 89/120  loss=5.0096
  [simclr-residual] epoch 90/120  loss=5.0100
  [simclr-residual] epoch 91/120  loss=5.0097
  [simclr-residual] epoch 92/120  loss=5.0099
  [simclr-residual] epoch 93/120  loss=5.0099
  [simclr-residual] epoch 94/120  loss=5.0101
  [simclr-residual] epoch 95/120  loss=5.0095
  [simclr-residual] epoch 96/120  loss=5.0101
  [simclr-residual] epoch 97/120  loss=5.0097
  [simclr-residual] epoch 98/120  loss=5.0106
  [simclr-residual] epoch 99/120  loss=5.0105
  [simclr-residual] epoch 100/120  loss=5.0096
  [simclr-residual] epoch 101/120  loss=5.0102
  [simclr-residual] epoch 102/120  loss=5.0106
  [simclr-residual] epoch 103/120  loss=5.0110
  [simclr-residual] epoch 104/120  loss=5.0110
  [simclr-residual] epoch 105/120  loss=5.0102
  [simclr-residual] epoch 106/120  loss=5.0097
  [simclr-residual] epoch 107/120  loss=5.0105
  [simclr-residual] epoch 108/120  loss=5.0095
  [simclr-residual] epoch 109/120  loss=5.0093
  [simclr-residual] epoch 110/120  loss=5.0105
  [simclr-residual] epoch 111/120  loss=5.0101
  [simclr-residual] epoch 112/120  loss=5.0103
  [simclr-residual] epoch 113/120  loss=5.0101
  [simclr-residual] epoch 114/120  loss=5.0105
  [simclr-residual] epoch 115/120  loss=5.0099
  [simclr-residual] epoch 116/120  loss=5.0101
  [simclr-residual] epoch 117/120  loss=5.0100
  [simclr-residual] epoch 118/120  loss=5.0096
  [simclr-residual] epoch 119/120  loss=5.0096
  [simclr-residual] epoch 120/120  loss=5.0096
  [cars/dino] supcon (half)                65.9
  [cars/dino] simclr (half)                15.0
  [cars/dino] supcon+res-simclr (concat)   65.4
  [cars/dino] supcon+simclr (concat)       63.1

######## cars on LeJEPA ViT-B/16 (community repro) ########
--- [cars/lejepa] supcon half ---
  [supcon] epoch 1/120  loss=5.8123
  [supcon] epoch 2/120  loss=5.3558
  [supcon] epoch 3/120  loss=5.1470
  [supcon] epoch 4/120  loss=5.0109
  [supcon] epoch 5/120  loss=4.9180
  [supcon] epoch 6/120  loss=4.8140
  [supcon] epoch 7/120  loss=4.7630
  [supcon] epoch 8/120  loss=4.6800
  [supcon] epoch 9/120  loss=4.6430
  [supcon] epoch 10/120  loss=4.5860
  [supcon] epoch 11/120  loss=4.5407
  [supcon] epoch 12/120  loss=4.4914
  [supcon] epoch 13/120  loss=4.4628
  [supcon] epoch 14/120  loss=4.4146
  [supcon] epoch 15/120  loss=4.3813
  [supcon] epoch 16/120  loss=4.3430
  [supcon] epoch 17/120  loss=4.3054
  [supcon] epoch 18/120  loss=4.2650
  [supcon] epoch 19/120  loss=4.2712
  [supcon] epoch 20/120  loss=4.2265
  [supcon] epoch 21/120  loss=4.2116
  [supcon] epoch 22/120  loss=4.1414
  [supcon] epoch 23/120  loss=4.1355
  [supcon] epoch 24/120  loss=4.1271
  [supcon] epoch 25/120  loss=4.0832
  [supcon] epoch 26/120  loss=4.0603
  [supcon] epoch 27/120  loss=4.0347
  [supcon] epoch 28/120  loss=4.0365
  [supcon] epoch 29/120  loss=4.0090
  [supcon] epoch 30/120  loss=3.9702
  [supcon] epoch 31/120  loss=3.9590
  [supcon] epoch 32/120  loss=3.9312
  [supcon] epoch 33/120  loss=3.9137
  [supcon] epoch 34/120  loss=3.8557
  [supcon] epoch 35/120  loss=3.8748
  [supcon] epoch 36/120  loss=3.8358
  [supcon] epoch 37/120  loss=3.8241
  [supcon] epoch 38/120  loss=3.8022
  [supcon] epoch 39/120  loss=3.7941
  [supcon] epoch 40/120  loss=3.7695
  [supcon] epoch 41/120  loss=3.7317
  [supcon] epoch 42/120  loss=3.7240
  [supcon] epoch 43/120  loss=3.7173
  [supcon] epoch 44/120  loss=3.7048
  [supcon] epoch 45/120  loss=3.6902
  [supcon] epoch 46/120  loss=3.6855
  [supcon] epoch 47/120  loss=3.6536
  [supcon] epoch 48/120  loss=3.6407
  [supcon] epoch 49/120  loss=3.6265
  [supcon] epoch 50/120  loss=3.6047
  [supcon] epoch 51/120  loss=3.6009
  [supcon] epoch 52/120  loss=3.5693
  [supcon] epoch 53/120  loss=3.5530
  [supcon] epoch 54/120  loss=3.5281
  [supcon] epoch 55/120  loss=3.5136
  [supcon] epoch 56/120  loss=3.5241
  [supcon] epoch 57/120  loss=3.4910
  [supcon] epoch 58/120  loss=3.4732
  [supcon] epoch 59/120  loss=3.4466
  [supcon] epoch 60/120  loss=3.4540
  [supcon] epoch 61/120  loss=3.4428
  [supcon] epoch 62/120  loss=3.4283
  [supcon] epoch 63/120  loss=3.4158
  [supcon] epoch 64/120  loss=3.4134
  [supcon] epoch 65/120  loss=3.3899
  [supcon] epoch 66/120  loss=3.3786
  [supcon] epoch 67/120  loss=3.3708
  [supcon] epoch 68/120  loss=3.3405
  [supcon] epoch 69/120  loss=3.3270
  [supcon] epoch 70/120  loss=3.3052
  [supcon] epoch 71/120  loss=3.3068
  [supcon] epoch 72/120  loss=3.3163
  [supcon] epoch 73/120  loss=3.3021
  [supcon] epoch 74/120  loss=3.2954
  [supcon] epoch 75/120  loss=3.2838
  [supcon] epoch 76/120  loss=3.2816
  [supcon] epoch 77/120  loss=3.2598
  [supcon] epoch 78/120  loss=3.2467
  [supcon] epoch 79/120  loss=3.2230
  [supcon] epoch 80/120  loss=3.2418
  [supcon] epoch 81/120  loss=3.2254
  [supcon] epoch 82/120  loss=3.2113
  [supcon] epoch 83/120  loss=3.2165
  [supcon] epoch 84/120  loss=3.2048
  [supcon] epoch 85/120  loss=3.1848
  [supcon] epoch 86/120  loss=3.1656
  [supcon] epoch 87/120  loss=3.1596
  [supcon] epoch 88/120  loss=3.1496
  [supcon] epoch 89/120  loss=3.1406
  [supcon] epoch 90/120  loss=3.1485
  [supcon] epoch 91/120  loss=3.1381
  [supcon] epoch 92/120  loss=3.1093
  [supcon] epoch 93/120  loss=3.0996
  [supcon] epoch 94/120  loss=3.0792
  [supcon] epoch 95/120  loss=3.0724
  [supcon] epoch 96/120  loss=3.0866
  [supcon] epoch 97/120  loss=3.0769
  [supcon] epoch 98/120  loss=3.0830
  [supcon] epoch 99/120  loss=3.0546
  [supcon] epoch 100/120  loss=3.0583
  [supcon] epoch 101/120  loss=3.0347
  [supcon] epoch 102/120  loss=3.0325
  [supcon] epoch 103/120  loss=2.9980
  [supcon] epoch 104/120  loss=3.0115
  [supcon] epoch 105/120  loss=3.0100
  [supcon] epoch 106/120  loss=2.9801
  [supcon] epoch 107/120  loss=3.0021
  [supcon] epoch 108/120  loss=2.9985
  [supcon] epoch 109/120  loss=2.9707
  [supcon] epoch 110/120  loss=2.9613
  [supcon] epoch 111/120  loss=2.9582
  [supcon] epoch 112/120  loss=2.9627
  [supcon] epoch 113/120  loss=2.9360
  [supcon] epoch 114/120  loss=2.9557
  [supcon] epoch 115/120  loss=2.9591
  [supcon] epoch 116/120  loss=2.9325
  [supcon] epoch 117/120  loss=2.9047
  [supcon] epoch 118/120  loss=2.9137
  [supcon] epoch 119/120  loss=2.9196
  [supcon] epoch 120/120  loss=2.9160
--- [cars/lejepa] simclr half ---
  [simclr] epoch 1/120  loss=5.5332
  [simclr] epoch 2/120  loss=5.2608
  [simclr] epoch 3/120  loss=5.2186
  [simclr] epoch 4/120  loss=5.1940
  [simclr] epoch 5/120  loss=5.1828
  [simclr] epoch 6/120  loss=5.1666
  [simclr] epoch 7/120  loss=5.1602
  [simclr] epoch 8/120  loss=5.1486
  [simclr] epoch 9/120  loss=5.1363
  [simclr] epoch 10/120  loss=5.1372
  [simclr] epoch 11/120  loss=5.1274
  [simclr] epoch 12/120  loss=5.1231
  [simclr] epoch 13/120  loss=5.1220
  [simclr] epoch 14/120  loss=5.1174
  [simclr] epoch 15/120  loss=5.1138
  [simclr] epoch 16/120  loss=5.1125
  [simclr] epoch 17/120  loss=5.1062
  [simclr] epoch 18/120  loss=5.1052
  [simclr] epoch 19/120  loss=5.1047
  [simclr] epoch 20/120  loss=5.1026
  [simclr] epoch 21/120  loss=5.0989
  [simclr] epoch 22/120  loss=5.0961
  [simclr] epoch 23/120  loss=5.0957
  [simclr] epoch 24/120  loss=5.0939
  [simclr] epoch 25/120  loss=5.0934
  [simclr] epoch 26/120  loss=5.0946
  [simclr] epoch 27/120  loss=5.0911
  [simclr] epoch 28/120  loss=5.0898
  [simclr] epoch 29/120  loss=5.0870
  [simclr] epoch 30/120  loss=5.0845
  [simclr] epoch 31/120  loss=5.0813
  [simclr] epoch 32/120  loss=5.0816
  [simclr] epoch 33/120  loss=5.0803
  [simclr] epoch 34/120  loss=5.0804
  [simclr] epoch 35/120  loss=5.0760
  [simclr] epoch 36/120  loss=5.0794
  [simclr] epoch 37/120  loss=5.0793
  [simclr] epoch 38/120  loss=5.0773
  [simclr] epoch 39/120  loss=5.0780
  [simclr] epoch 40/120  loss=5.0751
  [simclr] epoch 41/120  loss=5.0720
  [simclr] epoch 42/120  loss=5.0733
  [simclr] epoch 43/120  loss=5.0741
  [simclr] epoch 44/120  loss=5.0724
  [simclr] epoch 45/120  loss=5.0725
  [simclr] epoch 46/120  loss=5.0693
  [simclr] epoch 47/120  loss=5.0679
  [simclr] epoch 48/120  loss=5.0691
  [simclr] epoch 49/120  loss=5.0659
  [simclr] epoch 50/120  loss=5.0665
  [simclr] epoch 51/120  loss=5.0659
  [simclr] epoch 52/120  loss=5.0661
  [simclr] epoch 53/120  loss=5.0670
  [simclr] epoch 54/120  loss=5.0647
  [simclr] epoch 55/120  loss=5.0651
  [simclr] epoch 56/120  loss=5.0635
  [simclr] epoch 57/120  loss=5.0626
  [simclr] epoch 58/120  loss=5.0621
  [simclr] epoch 59/120  loss=5.0605
  [simclr] epoch 60/120  loss=5.0596
  [simclr] epoch 61/120  loss=5.0600
  [simclr] epoch 62/120  loss=5.0587
  [simclr] epoch 63/120  loss=5.0595
  [simclr] epoch 64/120  loss=5.0573
  [simclr] epoch 65/120  loss=5.0581
  [simclr] epoch 66/120  loss=5.0581
  [simclr] epoch 67/120  loss=5.0574
  [simclr] epoch 68/120  loss=5.0577
  [simclr] epoch 69/120  loss=5.0574
  [simclr] epoch 70/120  loss=5.0561
  [simclr] epoch 71/120  loss=5.0552
  [simclr] epoch 72/120  loss=5.0546
  [simclr] epoch 73/120  loss=5.0529
  [simclr] epoch 74/120  loss=5.0532
  [simclr] epoch 75/120  loss=5.0532
  [simclr] epoch 76/120  loss=5.0537
  [simclr] epoch 77/120  loss=5.0514
  [simclr] epoch 78/120  loss=5.0520
  [simclr] epoch 79/120  loss=5.0498
  [simclr] epoch 80/120  loss=5.0510
  [simclr] epoch 81/120  loss=5.0499
  [simclr] epoch 82/120  loss=5.0501
  [simclr] epoch 83/120  loss=5.0513
  [simclr] epoch 84/120  loss=5.0488
  [simclr] epoch 85/120  loss=5.0488
  [simclr] epoch 86/120  loss=5.0464
  [simclr] epoch 87/120  loss=5.0463
  [simclr] epoch 88/120  loss=5.0465
  [simclr] epoch 89/120  loss=5.0458
  [simclr] epoch 90/120  loss=5.0465
  [simclr] epoch 91/120  loss=5.0468
  [simclr] epoch 92/120  loss=5.0458
  [simclr] epoch 93/120  loss=5.0446
  [simclr] epoch 94/120  loss=5.0447
  [simclr] epoch 95/120  loss=5.0442
  [simclr] epoch 96/120  loss=5.0441
  [simclr] epoch 97/120  loss=5.0444
  [simclr] epoch 98/120  loss=5.0436
  [simclr] epoch 99/120  loss=5.0431
  [simclr] epoch 100/120  loss=5.0429
  [simclr] epoch 101/120  loss=5.0420
  [simclr] epoch 102/120  loss=5.0414
  [simclr] epoch 103/120  loss=5.0427
  [simclr] epoch 104/120  loss=5.0428
  [simclr] epoch 105/120  loss=5.0409
  [simclr] epoch 106/120  loss=5.0403
  [simclr] epoch 107/120  loss=5.0401
  [simclr] epoch 108/120  loss=5.0400
  [simclr] epoch 109/120  loss=5.0404
  [simclr] epoch 110/120  loss=5.0406
  [simclr] epoch 111/120  loss=5.0414
  [simclr] epoch 112/120  loss=5.0385
  [simclr] epoch 113/120  loss=5.0371
  [simclr] epoch 114/120  loss=5.0383
  [simclr] epoch 115/120  loss=5.0399
  [simclr] epoch 116/120  loss=5.0382
  [simclr] epoch 117/120  loss=5.0380
  [simclr] epoch 118/120  loss=5.0380
  [simclr] epoch 119/120  loss=5.0364
  [simclr] epoch 120/120  loss=5.0361
--- [cars/lejepa] supcon+res-simclr (residual, lam=0) ---
  [simclr-residual] epoch 1/120  loss=5.4016
  [simclr-residual] epoch 2/120  loss=5.1263
  [simclr-residual] epoch 3/120  loss=5.0850
  [simclr-residual] epoch 4/120  loss=5.0763
  [simclr-residual] epoch 5/120  loss=5.0710
  [simclr-residual] epoch 6/120  loss=5.0671
  [simclr-residual] epoch 7/120  loss=5.0637
  [simclr-residual] epoch 8/120  loss=5.0617
  [simclr-residual] epoch 9/120  loss=5.0600
  [simclr-residual] epoch 10/120  loss=5.0566
  [simclr-residual] epoch 11/120  loss=5.0559
  [simclr-residual] epoch 12/120  loss=5.0546
  [simclr-residual] epoch 13/120  loss=5.0526
  [simclr-residual] epoch 14/120  loss=5.0507
  [simclr-residual] epoch 15/120  loss=5.0509
  [simclr-residual] epoch 16/120  loss=5.0496
  [simclr-residual] epoch 17/120  loss=5.0500
  [simclr-residual] epoch 18/120  loss=5.0465
  [simclr-residual] epoch 19/120  loss=5.0471
  [simclr-residual] epoch 20/120  loss=5.0455
  [simclr-residual] epoch 21/120  loss=5.0450
  [simclr-residual] epoch 22/120  loss=5.0446
  [simclr-residual] epoch 23/120  loss=5.0433
  [simclr-residual] epoch 24/120  loss=5.0431
  [simclr-residual] epoch 25/120  loss=5.0436
  [simclr-residual] epoch 26/120  loss=5.0425
  [simclr-residual] epoch 27/120  loss=5.0423
  [simclr-residual] epoch 28/120  loss=5.0430
  [simclr-residual] epoch 29/120  loss=5.0425
  [simclr-residual] epoch 30/120  loss=5.0417
  [simclr-residual] epoch 31/120  loss=5.0417
  [simclr-residual] epoch 32/120  loss=5.0413
  [simclr-residual] epoch 33/120  loss=5.0404
  [simclr-residual] epoch 34/120  loss=5.0400
  [simclr-residual] epoch 35/120  loss=5.0406
  [simclr-residual] epoch 36/120  loss=5.0391
  [simclr-residual] epoch 37/120  loss=5.0392
  [simclr-residual] epoch 38/120  loss=5.0390
  [simclr-residual] epoch 39/120  loss=5.0401
  [simclr-residual] epoch 40/120  loss=5.0390
  [simclr-residual] epoch 41/120  loss=5.0385
  [simclr-residual] epoch 42/120  loss=5.0393
  [simclr-residual] epoch 43/120  loss=5.0400
  [simclr-residual] epoch 44/120  loss=5.0382
  [simclr-residual] epoch 45/120  loss=5.0380
  [simclr-residual] epoch 46/120  loss=5.0378
  [simclr-residual] epoch 47/120  loss=5.0377
  [simclr-residual] epoch 48/120  loss=5.0381
  [simclr-residual] epoch 49/120  loss=5.0388
  [simclr-residual] epoch 50/120  loss=5.0382
  [simclr-residual] epoch 51/120  loss=5.0377
  [simclr-residual] epoch 52/120  loss=5.0380
  [simclr-residual] epoch 53/120  loss=5.0370
  [simclr-residual] epoch 54/120  loss=5.0373
  [simclr-residual] epoch 55/120  loss=5.0372
  [simclr-residual] epoch 56/120  loss=5.0369
  [simclr-residual] epoch 57/120  loss=5.0382
  [simclr-residual] epoch 58/120  loss=5.0374
  [simclr-residual] epoch 59/120  loss=5.0366
  [simclr-residual] epoch 60/120  loss=5.0354
  [simclr-residual] epoch 61/120  loss=5.0367
  [simclr-residual] epoch 62/120  loss=5.0358
  [simclr-residual] epoch 63/120  loss=5.0369
  [simclr-residual] epoch 64/120  loss=5.0363
  [simclr-residual] epoch 65/120  loss=5.0358
  [simclr-residual] epoch 66/120  loss=5.0374
  [simclr-residual] epoch 67/120  loss=5.0375
  [simclr-residual] epoch 68/120  loss=5.0367
  [simclr-residual] epoch 69/120  loss=5.0370
  [simclr-residual] epoch 70/120  loss=5.0367
  [simclr-residual] epoch 71/120  loss=5.0368
  [simclr-residual] epoch 72/120  loss=5.0361
  [simclr-residual] epoch 73/120  loss=5.0353
  [simclr-residual] epoch 74/120  loss=5.0352
  [simclr-residual] epoch 75/120  loss=5.0342
  [simclr-residual] epoch 76/120  loss=5.0350
  [simclr-residual] epoch 77/120  loss=5.0354
  [simclr-residual] epoch 78/120  loss=5.0349
  [simclr-residual] epoch 79/120  loss=5.0355
  [simclr-residual] epoch 80/120  loss=5.0347
  [simclr-residual] epoch 81/120  loss=5.0342
  [simclr-residual] epoch 82/120  loss=5.0353
  [simclr-residual] epoch 83/120  loss=5.0341
  [simclr-residual] epoch 84/120  loss=5.0346
  [simclr-residual] epoch 85/120  loss=5.0356
  [simclr-residual] epoch 86/120  loss=5.0342
  [simclr-residual] epoch 87/120  loss=5.0329
  [simclr-residual] epoch 88/120  loss=5.0338
  [simclr-residual] epoch 89/120  loss=5.0337
  [simclr-residual] epoch 90/120  loss=5.0343
  [simclr-residual] epoch 91/120  loss=5.0337
  [simclr-residual] epoch 92/120  loss=5.0336
  [simclr-residual] epoch 93/120  loss=5.0346
  [simclr-residual] epoch 94/120  loss=5.0345
  [simclr-residual] epoch 95/120  loss=5.0337
  [simclr-residual] epoch 96/120  loss=5.0334
  [simclr-residual] epoch 97/120  loss=5.0333
  [simclr-residual] epoch 98/120  loss=5.0344
  [simclr-residual] epoch 99/120  loss=5.0331
  [simclr-residual] epoch 100/120  loss=5.0322
  [simclr-residual] epoch 101/120  loss=5.0332
  [simclr-residual] epoch 102/120  loss=5.0335
  [simclr-residual] epoch 103/120  loss=5.0339
  [simclr-residual] epoch 104/120  loss=5.0356
  [simclr-residual] epoch 105/120  loss=5.0347
  [simclr-residual] epoch 106/120  loss=5.0343
  [simclr-residual] epoch 107/120  loss=5.0330
  [simclr-residual] epoch 108/120  loss=5.0325
  [simclr-residual] epoch 109/120  loss=5.0316
  [simclr-residual] epoch 110/120  loss=5.0319
  [simclr-residual] epoch 111/120  loss=5.0337
  [simclr-residual] epoch 112/120  loss=5.0338
  [simclr-residual] epoch 113/120  loss=5.0327
  [simclr-residual] epoch 114/120  loss=5.0338
  [simclr-residual] epoch 115/120  loss=5.0315
  [simclr-residual] epoch 116/120  loss=5.0319
  [simclr-residual] epoch 117/120  loss=5.0321
  [simclr-residual] epoch 118/120  loss=5.0317
  [simclr-residual] epoch 119/120  loss=5.0316
  [simclr-residual] epoch 120/120  loss=5.0320
  [cars/lejepa] supcon (half)                50.2
  [cars/lejepa] simclr (half)                9.1
  [cars/lejepa] supcon+res-simclr (concat)   46.1
  [cars/lejepa] supcon+simclr (concat)       45.1

######## cars on VISReg ViT-B/16 (paper's weights) ########
--- [cars/visreg] supcon half ---
  [supcon] epoch 1/120  loss=5.8681
  [supcon] epoch 2/120  loss=5.3989
  [supcon] epoch 3/120  loss=5.1884
  [supcon] epoch 4/120  loss=5.0403
  [supcon] epoch 5/120  loss=4.9202
  [supcon] epoch 6/120  loss=4.8248
  [supcon] epoch 7/120  loss=4.7859
  [supcon] epoch 8/120  loss=4.7116
  [supcon] epoch 9/120  loss=4.6562
  [supcon] epoch 10/120  loss=4.6041
  [supcon] epoch 11/120  loss=4.5694
  [supcon] epoch 12/120  loss=4.5309
  [supcon] epoch 13/120  loss=4.5061
  [supcon] epoch 14/120  loss=4.4320
  [supcon] epoch 15/120  loss=4.4109
  [supcon] epoch 16/120  loss=4.3961
  [supcon] epoch 17/120  loss=4.3462
  [supcon] epoch 18/120  loss=4.3391
  [supcon] epoch 19/120  loss=4.3351
  [supcon] epoch 20/120  loss=4.2803
  [supcon] epoch 21/120  loss=4.2824
  [supcon] epoch 22/120  loss=4.2135
  [supcon] epoch 23/120  loss=4.2061
  [supcon] epoch 24/120  loss=4.2002
  [supcon] epoch 25/120  loss=4.1541
  [supcon] epoch 26/120  loss=4.1463
  [supcon] epoch 27/120  loss=4.1385
  [supcon] epoch 28/120  loss=4.1292
  [supcon] epoch 29/120  loss=4.1069
  [supcon] epoch 30/120  loss=4.0774
  [supcon] epoch 31/120  loss=4.0467
  [supcon] epoch 32/120  loss=4.0498
  [supcon] epoch 33/120  loss=4.0223
  [supcon] epoch 34/120  loss=3.9830
  [supcon] epoch 35/120  loss=3.9733
  [supcon] epoch 36/120  loss=3.9516
  [supcon] epoch 37/120  loss=3.9582
  [supcon] epoch 38/120  loss=3.9274
  [supcon] epoch 39/120  loss=3.9278
  [supcon] epoch 40/120  loss=3.9180
  [supcon] epoch 41/120  loss=3.8944
  [supcon] epoch 42/120  loss=3.8834
  [supcon] epoch 43/120  loss=3.8760
  [supcon] epoch 44/120  loss=3.8299
  [supcon] epoch 45/120  loss=3.8365
  [supcon] epoch 46/120  loss=3.8438
  [supcon] epoch 47/120  loss=3.8504
  [supcon] epoch 48/120  loss=3.8376
  [supcon] epoch 49/120  loss=3.8053
  [supcon] epoch 50/120  loss=3.8004
  [supcon] epoch 51/120  loss=3.7874
  [supcon] epoch 52/120  loss=3.7647
  [supcon] epoch 53/120  loss=3.7622
  [supcon] epoch 54/120  loss=3.7337
  [supcon] epoch 55/120  loss=3.7256
  [supcon] epoch 56/120  loss=3.7251
  [supcon] epoch 57/120  loss=3.6996
  [supcon] epoch 58/120  loss=3.7154
  [supcon] epoch 59/120  loss=3.6744
  [supcon] epoch 60/120  loss=3.6704
  [supcon] epoch 61/120  loss=3.6822
  [supcon] epoch 62/120  loss=3.6618
  [supcon] epoch 63/120  loss=3.6695
  [supcon] epoch 64/120  loss=3.6613
  [supcon] epoch 65/120  loss=3.6303
  [supcon] epoch 66/120  loss=3.6144
  [supcon] epoch 67/120  loss=3.6439
  [supcon] epoch 68/120  loss=3.6392
  [supcon] epoch 69/120  loss=3.6306
  [supcon] epoch 70/120  loss=3.5671
  [supcon] epoch 71/120  loss=3.5774
  [supcon] epoch 72/120  loss=3.5983
  [supcon] epoch 73/120  loss=3.5851
  [supcon] epoch 74/120  loss=3.5736
  [supcon] epoch 75/120  loss=3.5355
  [supcon] epoch 76/120  loss=3.5609
  [supcon] epoch 77/120  loss=3.5440
  [supcon] epoch 78/120  loss=3.5197
  [supcon] epoch 79/120  loss=3.5027
  [supcon] epoch 80/120  loss=3.4964
  [supcon] epoch 81/120  loss=3.5193
  [supcon] epoch 82/120  loss=3.5046
  [supcon] epoch 83/120  loss=3.5113
  [supcon] epoch 84/120  loss=3.5215
  [supcon] epoch 85/120  loss=3.4873
  [supcon] epoch 86/120  loss=3.4588
  [supcon] epoch 87/120  loss=3.4711
  [supcon] epoch 88/120  loss=3.4807
  [supcon] epoch 89/120  loss=3.4339
  [supcon] epoch 90/120  loss=3.4721
  [supcon] epoch 91/120  loss=3.4297
  [supcon] epoch 92/120  loss=3.3955
  [supcon] epoch 93/120  loss=3.3917
  [supcon] epoch 94/120  loss=3.4146
  [supcon] epoch 95/120  loss=3.3947
  [supcon] epoch 96/120  loss=3.3971
  [supcon] epoch 97/120  loss=3.4056
  [supcon] epoch 98/120  loss=3.3859
  [supcon] epoch 99/120  loss=3.3757
  [supcon] epoch 100/120  loss=3.3648
  [supcon] epoch 101/120  loss=3.3615
  [supcon] epoch 102/120  loss=3.3766
  [supcon] epoch 103/120  loss=3.3215
  [supcon] epoch 104/120  loss=3.3399
  [supcon] epoch 105/120  loss=3.3353
  [supcon] epoch 106/120  loss=3.3103
  [supcon] epoch 107/120  loss=3.3291
  [supcon] epoch 108/120  loss=3.3128
  [supcon] epoch 109/120  loss=3.3058
  [supcon] epoch 110/120  loss=3.3184
  [supcon] epoch 111/120  loss=3.3063
  [supcon] epoch 112/120  loss=3.3227
  [supcon] epoch 113/120  loss=3.3091
  [supcon] epoch 114/120  loss=3.3448
  [supcon] epoch 115/120  loss=3.3153
  [supcon] epoch 116/120  loss=3.2822
  [supcon] epoch 117/120  loss=3.2780
  [supcon] epoch 118/120  loss=3.2792
  [supcon] epoch 119/120  loss=3.2740
  [supcon] epoch 120/120  loss=3.2709
--- [cars/visreg] simclr half ---
  [simclr] epoch 1/120  loss=5.5856
  [simclr] epoch 2/120  loss=5.2565
  [simclr] epoch 3/120  loss=5.2047
  [simclr] epoch 4/120  loss=5.1791
  [simclr] epoch 5/120  loss=5.1614
  [simclr] epoch 6/120  loss=5.1452
  [simclr] epoch 7/120  loss=5.1380
  [simclr] epoch 8/120  loss=5.1304
  [simclr] epoch 9/120  loss=5.1186
  [simclr] epoch 10/120  loss=5.1184
  [simclr] epoch 11/120  loss=5.1104
  [simclr] epoch 12/120  loss=5.1061
  [simclr] epoch 13/120  loss=5.1014
  [simclr] epoch 14/120  loss=5.0998
  [simclr] epoch 15/120  loss=5.0975
  [simclr] epoch 16/120  loss=5.0970
  [simclr] epoch 17/120  loss=5.0933
  [simclr] epoch 18/120  loss=5.0913
  [simclr] epoch 19/120  loss=5.0888
  [simclr] epoch 20/120  loss=5.0861
  [simclr] epoch 21/120  loss=5.0842
  [simclr] epoch 22/120  loss=5.0843
  [simclr] epoch 23/120  loss=5.0821
  [simclr] epoch 24/120  loss=5.0779
  [simclr] epoch 25/120  loss=5.0769
  [simclr] epoch 26/120  loss=5.0794
  [simclr] epoch 27/120  loss=5.0796
  [simclr] epoch 28/120  loss=5.0769
  [simclr] epoch 29/120  loss=5.0746
  [simclr] epoch 30/120  loss=5.0731
  [simclr] epoch 31/120  loss=5.0709
  [simclr] epoch 32/120  loss=5.0707
  [simclr] epoch 33/120  loss=5.0708
  [simclr] epoch 34/120  loss=5.0697
  [simclr] epoch 35/120  loss=5.0670
  [simclr] epoch 36/120  loss=5.0697
  [simclr] epoch 37/120  loss=5.0678
  [simclr] epoch 38/120  loss=5.0669
  [simclr] epoch 39/120  loss=5.0649
  [simclr] epoch 40/120  loss=5.0638
  [simclr] epoch 41/120  loss=5.0641
  [simclr] epoch 42/120  loss=5.0635
  [simclr] epoch 43/120  loss=5.0635
  [simclr] epoch 44/120  loss=5.0613
  [simclr] epoch 45/120  loss=5.0619
  [simclr] epoch 46/120  loss=5.0608
  [simclr] epoch 47/120  loss=5.0588
  [simclr] epoch 48/120  loss=5.0597
  [simclr] epoch 49/120  loss=5.0572
  [simclr] epoch 50/120  loss=5.0571
  [simclr] epoch 51/120  loss=5.0566
  [simclr] epoch 52/120  loss=5.0561
  [simclr] epoch 53/120  loss=5.0589
  [simclr] epoch 54/120  loss=5.0579
  [simclr] epoch 55/120  loss=5.0556
  [simclr] epoch 56/120  loss=5.0545
  [simclr] epoch 57/120  loss=5.0554
  [simclr] epoch 58/120  loss=5.0560
  [simclr] epoch 59/120  loss=5.0538
  [simclr] epoch 60/120  loss=5.0535
  [simclr] epoch 61/120  loss=5.0521
  [simclr] epoch 62/120  loss=5.0512
  [simclr] epoch 63/120  loss=5.0510
  [simclr] epoch 64/120  loss=5.0515
  [simclr] epoch 65/120  loss=5.0528
  [simclr] epoch 66/120  loss=5.0509
  [simclr] epoch 67/120  loss=5.0507
  [simclr] epoch 68/120  loss=5.0517
  [simclr] epoch 69/120  loss=5.0501
  [simclr] epoch 70/120  loss=5.0511
  [simclr] epoch 71/120  loss=5.0508
  [simclr] epoch 72/120  loss=5.0487
  [simclr] epoch 73/120  loss=5.0477
  [simclr] epoch 74/120  loss=5.0472
  [simclr] epoch 75/120  loss=5.0470
  [simclr] epoch 76/120  loss=5.0472
  [simclr] epoch 77/120  loss=5.0465
  [simclr] epoch 78/120  loss=5.0470
  [simclr] epoch 79/120  loss=5.0461
  [simclr] epoch 80/120  loss=5.0452
  [simclr] epoch 81/120  loss=5.0450
  [simclr] epoch 82/120  loss=5.0447
  [simclr] epoch 83/120  loss=5.0464
  [simclr] epoch 84/120  loss=5.0447
  [simclr] epoch 85/120  loss=5.0443
  [simclr] epoch 86/120  loss=5.0428
  [simclr] epoch 87/120  loss=5.0422
  [simclr] epoch 88/120  loss=5.0425
  [simclr] epoch 89/120  loss=5.0420
  [simclr] epoch 90/120  loss=5.0426
  [simclr] epoch 91/120  loss=5.0416
  [simclr] epoch 92/120  loss=5.0395
  [simclr] epoch 93/120  loss=5.0420
  [simclr] epoch 94/120  loss=5.0412
  [simclr] epoch 95/120  loss=5.0412
  [simclr] epoch 96/120  loss=5.0412
  [simclr] epoch 97/120  loss=5.0409
  [simclr] epoch 98/120  loss=5.0402
  [simclr] epoch 99/120  loss=5.0391
  [simclr] epoch 100/120  loss=5.0397
  [simclr] epoch 101/120  loss=5.0382
  [simclr] epoch 102/120  loss=5.0385
  [simclr] epoch 103/120  loss=5.0387
  [simclr] epoch 104/120  loss=5.0391
  [simclr] epoch 105/120  loss=5.0373
  [simclr] epoch 106/120  loss=5.0380
  [simclr] epoch 107/120  loss=5.0384
  [simclr] epoch 108/120  loss=5.0373
  [simclr] epoch 109/120  loss=5.0379
  [simclr] epoch 110/120  loss=5.0373
  [simclr] epoch 111/120  loss=5.0376
  [simclr] epoch 112/120  loss=5.0364
  [simclr] epoch 113/120  loss=5.0363
  [simclr] epoch 114/120  loss=5.0381
  [simclr] epoch 115/120  loss=5.0380
  [simclr] epoch 116/120  loss=5.0364
  [simclr] epoch 117/120  loss=5.0346
  [simclr] epoch 118/120  loss=5.0351
  [simclr] epoch 119/120  loss=5.0355
  [simclr] epoch 120/120  loss=5.0345
--- [cars/visreg] supcon+res-simclr (residual, lam=0) ---
  [simclr-residual] epoch 1/120  loss=5.4862
  [simclr-residual] epoch 2/120  loss=5.2384
  [simclr-residual] epoch 3/120  loss=5.1661
  [simclr-residual] epoch 4/120  loss=5.1169
  [simclr-residual] epoch 5/120  loss=5.0959
  [simclr-residual] epoch 6/120  loss=5.0839
  [simclr-residual] epoch 7/120  loss=5.0778
  [simclr-residual] epoch 8/120  loss=5.0758
  [simclr-residual] epoch 9/120  loss=5.0727
  [simclr-residual] epoch 10/120  loss=5.0696
  [simclr-residual] epoch 11/120  loss=5.0666
  [simclr-residual] epoch 12/120  loss=5.0648
  [simclr-residual] epoch 13/120  loss=5.0633
  [simclr-residual] epoch 14/120  loss=5.0620
  [simclr-residual] epoch 15/120  loss=5.0610
  [simclr-residual] epoch 16/120  loss=5.0595
  [simclr-residual] epoch 17/120  loss=5.0576
  [simclr-residual] epoch 18/120  loss=5.0580
  [simclr-residual] epoch 19/120  loss=5.0556
  [simclr-residual] epoch 20/120  loss=5.0549
  [simclr-residual] epoch 21/120  loss=5.0529
  [simclr-residual] epoch 22/120  loss=5.0521
  [simclr-residual] epoch 23/120  loss=5.0511
  [simclr-residual] epoch 24/120  loss=5.0496
  [simclr-residual] epoch 25/120  loss=5.0489
  [simclr-residual] epoch 26/120  loss=5.0496
  [simclr-residual] epoch 27/120  loss=5.0494
  [simclr-residual] epoch 28/120  loss=5.0487
  [simclr-residual] epoch 29/120  loss=5.0476
  [simclr-residual] epoch 30/120  loss=5.0482
  [simclr-residual] epoch 31/120  loss=5.0483
  [simclr-residual] epoch 32/120  loss=5.0464
  [simclr-residual] epoch 33/120  loss=5.0451
  [simclr-residual] epoch 34/120  loss=5.0438
  [simclr-residual] epoch 35/120  loss=5.0447
  [simclr-residual] epoch 36/120  loss=5.0427
  [simclr-residual] epoch 37/120  loss=5.0430
  [simclr-residual] epoch 38/120  loss=5.0423
  [simclr-residual] epoch 39/120  loss=5.0436
  [simclr-residual] epoch 40/120  loss=5.0427
  [simclr-residual] epoch 41/120  loss=5.0426
  [simclr-residual] epoch 42/120  loss=5.0423
  [simclr-residual] epoch 43/120  loss=5.0422
  [simclr-residual] epoch 44/120  loss=5.0415
  [simclr-residual] epoch 45/120  loss=5.0407
  [simclr-residual] epoch 46/120  loss=5.0413
  [simclr-residual] epoch 47/120  loss=5.0414
  [simclr-residual] epoch 48/120  loss=5.0403
  [simclr-residual] epoch 49/120  loss=5.0409
  [simclr-residual] epoch 50/120  loss=5.0398
  [simclr-residual] epoch 51/120  loss=5.0398
  [simclr-residual] epoch 52/120  loss=5.0403
  [simclr-residual] epoch 53/120  loss=5.0401
  [simclr-residual] epoch 54/120  loss=5.0396
  [simclr-residual] epoch 55/120  loss=5.0396
  [simclr-residual] epoch 56/120  loss=5.0386
  [simclr-residual] epoch 57/120  loss=5.0405
  [simclr-residual] epoch 58/120  loss=5.0390
  [simclr-residual] epoch 59/120  loss=5.0383
  [simclr-residual] epoch 60/120  loss=5.0368
  [simclr-residual] epoch 61/120  loss=5.0385
  [simclr-residual] epoch 62/120  loss=5.0371
  [simclr-residual] epoch 63/120  loss=5.0380
  [simclr-residual] epoch 64/120  loss=5.0382
  [simclr-residual] epoch 65/120  loss=5.0367
  [simclr-residual] epoch 66/120  loss=5.0380
  [simclr-residual] epoch 67/120  loss=5.0377
  [simclr-residual] epoch 68/120  loss=5.0382
  [simclr-residual] epoch 69/120  loss=5.0373
  [simclr-residual] epoch 70/120  loss=5.0368
  [simclr-residual] epoch 71/120  loss=5.0372
  [simclr-residual] epoch 72/120  loss=5.0359
  [simclr-residual] epoch 73/120  loss=5.0368
  [simclr-residual] epoch 74/120  loss=5.0372
  [simclr-residual] epoch 75/120  loss=5.0349
  [simclr-residual] epoch 76/120  loss=5.0347
  [simclr-residual] epoch 77/120  loss=5.0359
  [simclr-residual] epoch 78/120  loss=5.0361
  [simclr-residual] epoch 79/120  loss=5.0362
  [simclr-residual] epoch 80/120  loss=5.0358
  [simclr-residual] epoch 81/120  loss=5.0346
  [simclr-residual] epoch 82/120  loss=5.0360
  [simclr-residual] epoch 83/120  loss=5.0355
  [simclr-residual] epoch 84/120  loss=5.0354
  [simclr-residual] epoch 85/120  loss=5.0347
  [simclr-residual] epoch 86/120  loss=5.0340
  [simclr-residual] epoch 87/120  loss=5.0333
  [simclr-residual] epoch 88/120  loss=5.0341
  [simclr-residual] epoch 89/120  loss=5.0331
  [simclr-residual] epoch 90/120  loss=5.0351
  [simclr-residual] epoch 91/120  loss=5.0346
  [simclr-residual] epoch 92/120  loss=5.0338
  [simclr-residual] epoch 93/120  loss=5.0337
  [simclr-residual] epoch 94/120  loss=5.0346
  [simclr-residual] epoch 95/120  loss=5.0334
  [simclr-residual] epoch 96/120  loss=5.0338
  [simclr-residual] epoch 97/120  loss=5.0331
  [simclr-residual] epoch 98/120  loss=5.0343
  [simclr-residual] epoch 99/120  loss=5.0324
  [simclr-residual] epoch 100/120  loss=5.0320
  [simclr-residual] epoch 101/120  loss=5.0344
  [simclr-residual] epoch 102/120  loss=5.0338
  [simclr-residual] epoch 103/120  loss=5.0343
  [simclr-residual] epoch 104/120  loss=5.0342
  [simclr-residual] epoch 105/120  loss=5.0336
  [simclr-residual] epoch 106/120  loss=5.0338
  [simclr-residual] epoch 107/120  loss=5.0328
  [simclr-residual] epoch 108/120  loss=5.0323
  [simclr-residual] epoch 109/120  loss=5.0321
  [simclr-residual] epoch 110/120  loss=5.0306
  [simclr-residual] epoch 111/120  loss=5.0328
  [simclr-residual] epoch 112/120  loss=5.0340
  [simclr-residual] epoch 113/120  loss=5.0331
  [simclr-residual] epoch 114/120  loss=5.0339
  [simclr-residual] epoch 115/120  loss=5.0315
  [simclr-residual] epoch 116/120  loss=5.0324
  [simclr-residual] epoch 117/120  loss=5.0325
  [simclr-residual] epoch 118/120  loss=5.0310
  [simclr-residual] epoch 119/120  loss=5.0314
  [simclr-residual] epoch 120/120  loss=5.0317
  [cars/visreg] supcon (half)                56.0
  [cars/visreg] simclr (half)                9.6
  [cars/visreg] supcon+res-simclr (concat)   53.7
  [cars/visreg] supcon+simclr (concat)       52.6

===== SUPCON RESIDUAL/FEATURIZATION A/B, 100-d =====

  --- aircraft ---
  method                              dino    lejepa    visreg
  raw probe [44]                      64.9      34.3      37.9
  supcon (half)                       60.8      48.0      52.4
  simclr (half)                       21.2      11.8      11.1
  supcon+res-simclr (concat)          61.5      43.9      48.9
  supcon+simclr (concat)              60.2      43.2      49.2

  --- cars ---
  method                              dino    lejepa    visreg
  raw probe [44]                      70.0      40.8      48.1
  supcon (half)                       65.9      50.2      56.0
  simclr (half)                       15.0       9.1       9.6
  supcon+res-simclr (concat)          65.4      46.1      53.7
  supcon+simclr (concat)              63.1      45.1      52.6

  saved /home/pharris/sigreg/SuperSig/plots/transfer_supcon_res_d100.png
Done.
