device=cuda  aircraft/dino  emb_dim=100  hidden widths=[0, 256, 768]

--- SupCon (aug), linear ---
  [supcon] epoch 1/120  loss=6.2532
  [supcon] epoch 2/120  loss=5.6682
  [supcon] epoch 3/120  loss=5.3922
  [supcon] epoch 4/120  loss=5.2324
  [supcon] epoch 5/120  loss=5.1330
  [supcon] epoch 6/120  loss=5.0460
  [supcon] epoch 7/120  loss=4.9747
  [supcon] epoch 8/120  loss=4.9326
  [supcon] epoch 9/120  loss=4.8898
  [supcon] epoch 10/120  loss=4.8600
  [supcon] epoch 11/120  loss=4.8034
  [supcon] epoch 12/120  loss=4.7915
  [supcon] epoch 13/120  loss=4.7651
  [supcon] epoch 14/120  loss=4.7327
  [supcon] epoch 15/120  loss=4.7206
  [supcon] epoch 16/120  loss=4.6891
  [supcon] epoch 17/120  loss=4.6744
  [supcon] epoch 18/120  loss=4.6779
  [supcon] epoch 19/120  loss=4.6361
  [supcon] epoch 20/120  loss=4.6417
  [supcon] epoch 21/120  loss=4.6287
  [supcon] epoch 22/120  loss=4.6267
  [supcon] epoch 23/120  loss=4.6152
  [supcon] epoch 24/120  loss=4.6002
  [supcon] epoch 25/120  loss=4.5918
  [supcon] epoch 26/120  loss=4.5866
  [supcon] epoch 27/120  loss=4.5726
  [supcon] epoch 28/120  loss=4.5644
  [supcon] epoch 29/120  loss=4.5508
  [supcon] epoch 30/120  loss=4.5482
  [supcon] epoch 31/120  loss=4.5425
  [supcon] epoch 32/120  loss=4.5398
  [supcon] epoch 33/120  loss=4.5302
  [supcon] epoch 34/120  loss=4.5293
  [supcon] epoch 35/120  loss=4.5234
  [supcon] epoch 36/120  loss=4.5229
  [supcon] epoch 37/120  loss=4.5215
  [supcon] epoch 38/120  loss=4.5255
  [supcon] epoch 39/120  loss=4.5187
  [supcon] epoch 40/120  loss=4.4940
  [supcon] epoch 41/120  loss=4.4955
  [supcon] epoch 42/120  loss=4.4947
  [supcon] epoch 43/120  loss=4.4916
  [supcon] epoch 44/120  loss=4.4933
  [supcon] epoch 45/120  loss=4.4882
  [supcon] epoch 46/120  loss=4.4841
  [supcon] epoch 47/120  loss=4.4791
  [supcon] epoch 48/120  loss=4.4807
  [supcon] epoch 49/120  loss=4.4624
  [supcon] epoch 50/120  loss=4.4621
  [supcon] epoch 51/120  loss=4.4766
  [supcon] epoch 52/120  loss=4.4599
  [supcon] epoch 53/120  loss=4.4647
  [supcon] epoch 54/120  loss=4.4573
  [supcon] epoch 55/120  loss=4.4732
  [supcon] epoch 56/120  loss=4.4737
  [supcon] epoch 57/120  loss=4.4629
  [supcon] epoch 58/120  loss=4.4471
  [supcon] epoch 59/120  loss=4.4341
  [supcon] epoch 60/120  loss=4.4369
  [supcon] epoch 61/120  loss=4.4488
  [supcon] epoch 62/120  loss=4.4352
  [supcon] epoch 63/120  loss=4.4409
  [supcon] epoch 64/120  loss=4.4532
  [supcon] epoch 65/120  loss=4.4448
  [supcon] epoch 66/120  loss=4.4222
  [supcon] epoch 67/120  loss=4.4368
  [supcon] epoch 68/120  loss=4.4361
  [supcon] epoch 69/120  loss=4.4265
  [supcon] epoch 70/120  loss=4.4319
  [supcon] epoch 71/120  loss=4.4274
  [supcon] epoch 72/120  loss=4.4282
  [supcon] epoch 73/120  loss=4.4275
  [supcon] epoch 74/120  loss=4.4154
  [supcon] epoch 75/120  loss=4.4207
  [supcon] epoch 76/120  loss=4.4283
  [supcon] epoch 77/120  loss=4.4208
  [supcon] epoch 78/120  loss=4.4118
  [supcon] epoch 79/120  loss=4.4199
  [supcon] epoch 80/120  loss=4.4192
  [supcon] epoch 81/120  loss=4.4213
  [supcon] epoch 82/120  loss=4.4366
  [supcon] epoch 83/120  loss=4.4194
  [supcon] epoch 84/120  loss=4.4148
  [supcon] epoch 85/120  loss=4.4136
  [supcon] epoch 86/120  loss=4.4077
  [supcon] epoch 87/120  loss=4.4082
  [supcon] epoch 88/120  loss=4.4086
  [supcon] epoch 89/120  loss=4.4076
  [supcon] epoch 90/120  loss=4.4060
  [supcon] epoch 91/120  loss=4.4213
  [supcon] epoch 92/120  loss=4.4048
  [supcon] epoch 93/120  loss=4.4037
  [supcon] epoch 94/120  loss=4.4019
  [supcon] epoch 95/120  loss=4.4033
  [supcon] epoch 96/120  loss=4.3961
  [supcon] epoch 97/120  loss=4.4124
  [supcon] epoch 98/120  loss=4.3967
  [supcon] epoch 99/120  loss=4.3955
  [supcon] epoch 100/120  loss=4.3852
  [supcon] epoch 101/120  loss=4.3917
  [supcon] epoch 102/120  loss=4.3983
  [supcon] epoch 103/120  loss=4.3967
  [supcon] epoch 104/120  loss=4.3906
  [supcon] epoch 105/120  loss=4.3977
  [supcon] epoch 106/120  loss=4.3884
  [supcon] epoch 107/120  loss=4.4026
  [supcon] epoch 108/120  loss=4.4030
  [supcon] epoch 109/120  loss=4.3985
  [supcon] epoch 110/120  loss=4.3895
  [supcon] epoch 111/120  loss=4.3870
  [supcon] epoch 112/120  loss=4.3774
  [supcon] epoch 113/120  loss=4.3959
  [supcon] epoch 114/120  loss=4.3798
  [supcon] epoch 115/120  loss=4.3808
  [supcon] epoch 116/120  loss=4.3899
  [supcon] epoch 117/120  loss=4.3802
  [supcon] epoch 118/120  loss=4.3754
  [supcon] epoch 119/120  loss=4.3841
  [supcon] epoch 120/120  loss=4.3815

--- ss[lam5], linear ---
  [supcon+sigreg] epoch 1/120  supcon=6.5949  sigreg=1.1787
  [supcon+sigreg] epoch 2/120  supcon=6.3440  sigreg=0.7407
  [supcon+sigreg] epoch 3/120  supcon=6.1863  sigreg=0.5228
  [supcon+sigreg] epoch 4/120  supcon=6.0746  sigreg=0.3983
  [supcon+sigreg] epoch 5/120  supcon=5.9942  sigreg=0.2847
  [supcon+sigreg] epoch 6/120  supcon=5.9344  sigreg=0.2561
  [supcon+sigreg] epoch 7/120  supcon=5.8657  sigreg=0.2206
  [supcon+sigreg] epoch 8/120  supcon=5.8150  sigreg=0.2290
  [supcon+sigreg] epoch 9/120  supcon=5.7723  sigreg=0.2459
  [supcon+sigreg] epoch 10/120  supcon=5.7264  sigreg=0.2063
  [supcon+sigreg] epoch 11/120  supcon=5.6872  sigreg=0.2267
  [supcon+sigreg] epoch 12/120  supcon=5.6748  sigreg=0.2229
  [supcon+sigreg] epoch 13/120  supcon=5.6446  sigreg=0.2099
  [supcon+sigreg] epoch 14/120  supcon=5.5992  sigreg=0.2249
  [supcon+sigreg] epoch 15/120  supcon=5.5871  sigreg=0.2029
  [supcon+sigreg] epoch 16/120  supcon=5.5442  sigreg=0.2007
  [supcon+sigreg] epoch 17/120  supcon=5.5369  sigreg=0.2118
  [supcon+sigreg] epoch 18/120  supcon=5.5153  sigreg=0.1981
  [supcon+sigreg] epoch 19/120  supcon=5.4788  sigreg=0.1944
  [supcon+sigreg] epoch 20/120  supcon=5.4758  sigreg=0.2327
  [supcon+sigreg] epoch 21/120  supcon=5.4543  sigreg=0.2702
  [supcon+sigreg] epoch 22/120  supcon=5.4509  sigreg=0.2852
  [supcon+sigreg] epoch 23/120  supcon=5.4303  sigreg=0.2795
  [supcon+sigreg] epoch 24/120  supcon=5.4349  sigreg=0.2935
  [supcon+sigreg] epoch 25/120  supcon=5.4452  sigreg=0.3768
  [supcon+sigreg] epoch 26/120  supcon=5.4282  sigreg=0.3698
  [supcon+sigreg] epoch 27/120  supcon=5.4638  sigreg=0.4238
  [supcon+sigreg] epoch 28/120  supcon=5.4773  sigreg=0.5311
  [supcon+sigreg] epoch 29/120  supcon=5.4911  sigreg=0.5758
  [supcon+sigreg] epoch 30/120  supcon=5.4003  sigreg=0.4146
  [supcon+sigreg] epoch 31/120  supcon=5.3768  sigreg=0.3337
  [supcon+sigreg] epoch 32/120  supcon=5.3950  sigreg=0.3639
  [supcon+sigreg] epoch 33/120  supcon=5.3458  sigreg=0.2892
  [supcon+sigreg] epoch 34/120  supcon=5.3184  sigreg=0.2518
  [supcon+sigreg] epoch 35/120  supcon=5.3051  sigreg=0.2309
  [supcon+sigreg] epoch 36/120  supcon=5.2961  sigreg=0.2362
  [supcon+sigreg] epoch 37/120  supcon=5.2862  sigreg=0.2171
  [supcon+sigreg] epoch 38/120  supcon=5.2950  sigreg=0.2546
  [supcon+sigreg] epoch 39/120  supcon=5.2792  sigreg=0.2629
  [supcon+sigreg] epoch 40/120  supcon=5.2814  sigreg=0.2949
  [supcon+sigreg] epoch 41/120  supcon=5.2696  sigreg=0.2462
  [supcon+sigreg] epoch 42/120  supcon=5.2515  sigreg=0.2425
  [supcon+sigreg] epoch 43/120  supcon=5.2649  sigreg=0.2744
  [supcon+sigreg] epoch 44/120  supcon=5.2393  sigreg=0.2515
  [supcon+sigreg] epoch 45/120  supcon=5.2311  sigreg=0.2398
  [supcon+sigreg] epoch 46/120  supcon=5.2317  sigreg=0.2236
  [supcon+sigreg] epoch 47/120  supcon=5.2199  sigreg=0.2541
  [supcon+sigreg] epoch 48/120  supcon=5.2414  sigreg=0.2790
  [supcon+sigreg] epoch 49/120  supcon=5.2389  sigreg=0.2938
  [supcon+sigreg] epoch 50/120  supcon=5.2690  sigreg=0.3416
  [supcon+sigreg] epoch 51/120  supcon=5.2352  sigreg=0.3320
  [supcon+sigreg] epoch 52/120  supcon=5.2194  sigreg=0.3050
  [supcon+sigreg] epoch 53/120  supcon=5.2364  sigreg=0.3317
  [supcon+sigreg] epoch 54/120  supcon=5.2009  sigreg=0.3073
  [supcon+sigreg] epoch 55/120  supcon=5.2060  sigreg=0.3043
  [supcon+sigreg] epoch 56/120  supcon=5.2346  sigreg=0.3865
  [supcon+sigreg] epoch 57/120  supcon=5.2902  sigreg=0.5482
  [supcon+sigreg] epoch 58/120  supcon=5.3130  sigreg=0.5501
  [supcon+sigreg] epoch 59/120  supcon=5.3450  sigreg=0.6783
  [supcon+sigreg] epoch 60/120  supcon=5.3556  sigreg=0.6753
  [supcon+sigreg] epoch 61/120  supcon=5.3300  sigreg=0.6160
  [supcon+sigreg] epoch 62/120  supcon=5.2701  sigreg=0.5351
  [supcon+sigreg] epoch 63/120  supcon=5.2154  sigreg=0.4343
  [supcon+sigreg] epoch 64/120  supcon=5.2192  sigreg=0.4309
  [supcon+sigreg] epoch 65/120  supcon=5.1829  sigreg=0.3498
  [supcon+sigreg] epoch 66/120  supcon=5.1558  sigreg=0.2659
  [supcon+sigreg] epoch 67/120  supcon=5.1386  sigreg=0.2084
  [supcon+sigreg] epoch 68/120  supcon=5.1203  sigreg=0.2101
  [supcon+sigreg] epoch 69/120  supcon=5.1039  sigreg=0.1764
  [supcon+sigreg] epoch 70/120  supcon=5.0994  sigreg=0.1979
  [supcon+sigreg] epoch 71/120  supcon=5.0949  sigreg=0.2039
  [supcon+sigreg] epoch 72/120  supcon=5.0943  sigreg=0.1863
  [supcon+sigreg] epoch 73/120  supcon=5.0803  sigreg=0.1761
  [supcon+sigreg] epoch 74/120  supcon=5.0851  sigreg=0.1489
  [supcon+sigreg] epoch 75/120  supcon=5.0625  sigreg=0.1524
  [supcon+sigreg] epoch 76/120  supcon=5.0689  sigreg=0.1692
  [supcon+sigreg] epoch 77/120  supcon=5.0714  sigreg=0.1604
  [supcon+sigreg] epoch 78/120  supcon=5.0646  sigreg=0.1591
  [supcon+sigreg] epoch 79/120  supcon=5.0603  sigreg=0.1978
  [supcon+sigreg] epoch 80/120  supcon=5.0751  sigreg=0.2277
  [supcon+sigreg] epoch 81/120  supcon=5.0657  sigreg=0.1954
  [supcon+sigreg] epoch 82/120  supcon=5.0621  sigreg=0.2202
  [supcon+sigreg] epoch 83/120  supcon=5.0511  sigreg=0.2153
  [supcon+sigreg] epoch 84/120  supcon=5.0487  sigreg=0.1990
  [supcon+sigreg] epoch 85/120  supcon=5.0397  sigreg=0.2183
  [supcon+sigreg] epoch 86/120  supcon=5.0465  sigreg=0.2174
  [supcon+sigreg] epoch 87/120  supcon=5.0435  sigreg=0.2094
  [supcon+sigreg] epoch 88/120  supcon=5.0511  sigreg=0.2445
  [supcon+sigreg] epoch 89/120  supcon=5.0606  sigreg=0.2901
  [supcon+sigreg] epoch 90/120  supcon=5.0477  sigreg=0.2528
  [supcon+sigreg] epoch 91/120  supcon=5.0790  sigreg=0.3450
  [supcon+sigreg] epoch 92/120  supcon=5.0768  sigreg=0.3295
  [supcon+sigreg] epoch 93/120  supcon=5.0612  sigreg=0.3067
  [supcon+sigreg] epoch 94/120  supcon=5.0527  sigreg=0.2833
  [supcon+sigreg] epoch 95/120  supcon=5.0582  sigreg=0.3050
  [supcon+sigreg] epoch 96/120  supcon=5.0529  sigreg=0.2883
  [supcon+sigreg] epoch 97/120  supcon=5.0302  sigreg=0.2556
  [supcon+sigreg] epoch 98/120  supcon=5.0245  sigreg=0.2712
  [supcon+sigreg] epoch 99/120  supcon=5.0206  sigreg=0.2331
  [supcon+sigreg] epoch 100/120  supcon=5.0138  sigreg=0.2649
  [supcon+sigreg] epoch 101/120  supcon=5.0342  sigreg=0.2770
  [supcon+sigreg] epoch 102/120  supcon=5.0158  sigreg=0.2341
  [supcon+sigreg] epoch 103/120  supcon=4.9947  sigreg=0.2132
  [supcon+sigreg] epoch 104/120  supcon=4.9953  sigreg=0.2423
  [supcon+sigreg] epoch 105/120  supcon=5.0064  sigreg=0.2605
  [supcon+sigreg] epoch 106/120  supcon=5.0112  sigreg=0.2597
  [supcon+sigreg] epoch 107/120  supcon=5.0099  sigreg=0.2477
  [supcon+sigreg] epoch 108/120  supcon=4.9785  sigreg=0.2305
  [supcon+sigreg] epoch 109/120  supcon=4.9935  sigreg=0.2201
  [supcon+sigreg] epoch 110/120  supcon=5.0044  sigreg=0.2610
  [supcon+sigreg] epoch 111/120  supcon=5.0165  sigreg=0.2787
  [supcon+sigreg] epoch 112/120  supcon=5.0396  sigreg=0.3391
  [supcon+sigreg] epoch 113/120  supcon=5.0234  sigreg=0.3406
  [supcon+sigreg] epoch 114/120  supcon=5.0620  sigreg=0.3447
  [supcon+sigreg] epoch 115/120  supcon=5.1014  sigreg=0.4648
  [supcon+sigreg] epoch 116/120  supcon=5.0511  sigreg=0.3974
  [supcon+sigreg] epoch 117/120  supcon=4.9992  sigreg=0.3119
  [supcon+sigreg] epoch 118/120  supcon=5.0061  sigreg=0.3131
  [supcon+sigreg] epoch 119/120  supcon=4.9962  sigreg=0.2669
  [supcon+sigreg] epoch 120/120  supcon=5.0012  sigreg=0.2759

--- SupCon (aug), hidden 256 ---
  [supcon] epoch 1/120  loss=6.1321
  [supcon] epoch 2/120  loss=5.5470
  [supcon] epoch 3/120  loss=5.2780
  [supcon] epoch 4/120  loss=5.0926
  [supcon] epoch 5/120  loss=4.9644
  [supcon] epoch 6/120  loss=4.8721
  [supcon] epoch 7/120  loss=4.7794
  [supcon] epoch 8/120  loss=4.6917
  [supcon] epoch 9/120  loss=4.6192
  [supcon] epoch 10/120  loss=4.5744
  [supcon] epoch 11/120  loss=4.4931
  [supcon] epoch 12/120  loss=4.4560
  [supcon] epoch 13/120  loss=4.3987
  [supcon] epoch 14/120  loss=4.3508
  [supcon] epoch 15/120  loss=4.3120
  [supcon] epoch 16/120  loss=4.2629
  [supcon] epoch 17/120  loss=4.2162
  [supcon] epoch 18/120  loss=4.1728
  [supcon] epoch 19/120  loss=4.1415
  [supcon] epoch 20/120  loss=4.0997
  [supcon] epoch 21/120  loss=4.0523
  [supcon] epoch 22/120  loss=4.0261
  [supcon] epoch 23/120  loss=3.9929
  [supcon] epoch 24/120  loss=3.9522
  [supcon] epoch 25/120  loss=3.9331
  [supcon] epoch 26/120  loss=3.8887
  [supcon] epoch 27/120  loss=3.8820
  [supcon] epoch 28/120  loss=3.8512
  [supcon] epoch 29/120  loss=3.8197
  [supcon] epoch 30/120  loss=3.8086
  [supcon] epoch 31/120  loss=3.8037
  [supcon] epoch 32/120  loss=3.7842
  [supcon] epoch 33/120  loss=3.7479
  [supcon] epoch 34/120  loss=3.7511
  [supcon] epoch 35/120  loss=3.6979
  [supcon] epoch 36/120  loss=3.6774
  [supcon] epoch 37/120  loss=3.6644
  [supcon] epoch 38/120  loss=3.6555
  [supcon] epoch 39/120  loss=3.6595
  [supcon] epoch 40/120  loss=3.6368
  [supcon] epoch 41/120  loss=3.6110
  [supcon] epoch 42/120  loss=3.5820
  [supcon] epoch 43/120  loss=3.5556
  [supcon] epoch 44/120  loss=3.5553
  [supcon] epoch 45/120  loss=3.5481
  [supcon] epoch 46/120  loss=3.5456
  [supcon] epoch 47/120  loss=3.5277
  [supcon] epoch 48/120  loss=3.5024
  [supcon] epoch 49/120  loss=3.5150
  [supcon] epoch 50/120  loss=3.5071
  [supcon] epoch 51/120  loss=3.4807
  [supcon] epoch 52/120  loss=3.4597
  [supcon] epoch 53/120  loss=3.4465
  [supcon] epoch 54/120  loss=3.4122
  [supcon] epoch 55/120  loss=3.3971
  [supcon] epoch 56/120  loss=3.4035
  [supcon] epoch 57/120  loss=3.3807
  [supcon] epoch 58/120  loss=3.3703
  [supcon] epoch 59/120  loss=3.3786
  [supcon] epoch 60/120  loss=3.3787
  [supcon] epoch 61/120  loss=3.3779
  [supcon] epoch 62/120  loss=3.3827
  [supcon] epoch 63/120  loss=3.3658
  [supcon] epoch 64/120  loss=3.3634
  [supcon] epoch 65/120  loss=3.3349
  [supcon] epoch 66/120  loss=3.3107
  [supcon] epoch 67/120  loss=3.2853
  [supcon] epoch 68/120  loss=3.2881
  [supcon] epoch 69/120  loss=3.2889
  [supcon] epoch 70/120  loss=3.2768
  [supcon] epoch 71/120  loss=3.2588
  [supcon] epoch 72/120  loss=3.2601
  [supcon] epoch 73/120  loss=3.2488
  [supcon] epoch 74/120  loss=3.2351
  [supcon] epoch 75/120  loss=3.2315
  [supcon] epoch 76/120  loss=3.2259
  [supcon] epoch 77/120  loss=3.2301
  [supcon] epoch 78/120  loss=3.2276
  [supcon] epoch 79/120  loss=3.2197
  [supcon] epoch 80/120  loss=3.2049
  [supcon] epoch 81/120  loss=3.1920
  [supcon] epoch 82/120  loss=3.1780
  [supcon] epoch 83/120  loss=3.2004
  [supcon] epoch 84/120  loss=3.1907
  [supcon] epoch 85/120  loss=3.1715
  [supcon] epoch 86/120  loss=3.1573
  [supcon] epoch 87/120  loss=3.1389
  [supcon] epoch 88/120  loss=3.1502
  [supcon] epoch 89/120  loss=3.1365
  [supcon] epoch 90/120  loss=3.1345
  [supcon] epoch 91/120  loss=3.1172
  [supcon] epoch 92/120  loss=3.1172
  [supcon] epoch 93/120  loss=3.1003
  [supcon] epoch 94/120  loss=3.1021
  [supcon] epoch 95/120  loss=3.0715
  [supcon] epoch 96/120  loss=3.0849
  [supcon] epoch 97/120  loss=3.0926
  [supcon] epoch 98/120  loss=3.1151
  [supcon] epoch 99/120  loss=3.0915
  [supcon] epoch 100/120  loss=3.0840
  [supcon] epoch 101/120  loss=3.0768
  [supcon] epoch 102/120  loss=3.0661
  [supcon] epoch 103/120  loss=3.0663
  [supcon] epoch 104/120  loss=3.0522
  [supcon] epoch 105/120  loss=3.0503
  [supcon] epoch 106/120  loss=3.0659
  [supcon] epoch 107/120  loss=3.0347
  [supcon] epoch 108/120  loss=3.0492
  [supcon] epoch 109/120  loss=3.0445
  [supcon] epoch 110/120  loss=3.0406
  [supcon] epoch 111/120  loss=3.0098
  [supcon] epoch 112/120  loss=3.0148
  [supcon] epoch 113/120  loss=3.0204
  [supcon] epoch 114/120  loss=3.0151
  [supcon] epoch 115/120  loss=3.0061
  [supcon] epoch 116/120  loss=3.0088
  [supcon] epoch 117/120  loss=2.9954
  [supcon] epoch 118/120  loss=2.9890
  [supcon] epoch 119/120  loss=2.9852
  [supcon] epoch 120/120  loss=2.9966

--- ss[lam5], hidden 256 ---
  [supcon+sigreg] epoch 1/120  supcon=6.5490  sigreg=0.6592
  [supcon+sigreg] epoch 2/120  supcon=6.3236  sigreg=0.4202
  [supcon+sigreg] epoch 3/120  supcon=6.2030  sigreg=0.2911
  [supcon+sigreg] epoch 4/120  supcon=6.0391  sigreg=0.2259
  [supcon+sigreg] epoch 5/120  supcon=5.9366  sigreg=0.2284
  [supcon+sigreg] epoch 6/120  supcon=5.8290  sigreg=0.1984
  [supcon+sigreg] epoch 7/120  supcon=5.7180  sigreg=0.1788
  [supcon+sigreg] epoch 8/120  supcon=5.6650  sigreg=0.1499
  [supcon+sigreg] epoch 9/120  supcon=5.5765  sigreg=0.1365
  [supcon+sigreg] epoch 10/120  supcon=5.4946  sigreg=0.1307
  [supcon+sigreg] epoch 11/120  supcon=5.4341  sigreg=0.1278
  [supcon+sigreg] epoch 12/120  supcon=5.3757  sigreg=0.1220
  [supcon+sigreg] epoch 13/120  supcon=5.3331  sigreg=0.1297
  [supcon+sigreg] epoch 14/120  supcon=5.2864  sigreg=0.1203
  [supcon+sigreg] epoch 15/120  supcon=5.2653  sigreg=0.1080
  [supcon+sigreg] epoch 16/120  supcon=5.1960  sigreg=0.0993
  [supcon+sigreg] epoch 17/120  supcon=5.1402  sigreg=0.0992
  [supcon+sigreg] epoch 18/120  supcon=5.1237  sigreg=0.0946
  [supcon+sigreg] epoch 19/120  supcon=5.0702  sigreg=0.0925
  [supcon+sigreg] epoch 20/120  supcon=5.0525  sigreg=0.0932
  [supcon+sigreg] epoch 21/120  supcon=5.0062  sigreg=0.0765
  [supcon+sigreg] epoch 22/120  supcon=4.9755  sigreg=0.0763
  [supcon+sigreg] epoch 23/120  supcon=4.9630  sigreg=0.0799
  [supcon+sigreg] epoch 24/120  supcon=4.9278  sigreg=0.0801
  [supcon+sigreg] epoch 25/120  supcon=4.8752  sigreg=0.0772
  [supcon+sigreg] epoch 26/120  supcon=4.8485  sigreg=0.0760
  [supcon+sigreg] epoch 27/120  supcon=4.8142  sigreg=0.0749
  [supcon+sigreg] epoch 28/120  supcon=4.7936  sigreg=0.0748
  [supcon+sigreg] epoch 29/120  supcon=4.7605  sigreg=0.0702
  [supcon+sigreg] epoch 30/120  supcon=4.7416  sigreg=0.0701
  [supcon+sigreg] epoch 31/120  supcon=4.7162  sigreg=0.0731
  [supcon+sigreg] epoch 32/120  supcon=4.6951  sigreg=0.0713
  [supcon+sigreg] epoch 33/120  supcon=4.6666  sigreg=0.0690
  [supcon+sigreg] epoch 34/120  supcon=4.6593  sigreg=0.0680
  [supcon+sigreg] epoch 35/120  supcon=4.6180  sigreg=0.0674
  [supcon+sigreg] epoch 36/120  supcon=4.6166  sigreg=0.0726
  [supcon+sigreg] epoch 37/120  supcon=4.5877  sigreg=0.0754
  [supcon+sigreg] epoch 38/120  supcon=4.5705  sigreg=0.0740
  [supcon+sigreg] epoch 39/120  supcon=4.5483  sigreg=0.0693
  [supcon+sigreg] epoch 40/120  supcon=4.5088  sigreg=0.0681
  [supcon+sigreg] epoch 41/120  supcon=4.5030  sigreg=0.0660
  [supcon+sigreg] epoch 42/120  supcon=4.4948  sigreg=0.0648
  [supcon+sigreg] epoch 43/120  supcon=4.4565  sigreg=0.0616
  [supcon+sigreg] epoch 44/120  supcon=4.4381  sigreg=0.0624
  [supcon+sigreg] epoch 45/120  supcon=4.4154  sigreg=0.0612
  [supcon+sigreg] epoch 46/120  supcon=4.4069  sigreg=0.0648
  [supcon+sigreg] epoch 47/120  supcon=4.3788  sigreg=0.0604
  [supcon+sigreg] epoch 48/120  supcon=4.3595  sigreg=0.0605
  [supcon+sigreg] epoch 49/120  supcon=4.3611  sigreg=0.0611
  [supcon+sigreg] epoch 50/120  supcon=4.3203  sigreg=0.0571
  [supcon+sigreg] epoch 51/120  supcon=4.3071  sigreg=0.0553
  [supcon+sigreg] epoch 52/120  supcon=4.2796  sigreg=0.0561
  [supcon+sigreg] epoch 53/120  supcon=4.2842  sigreg=0.0582
  [supcon+sigreg] epoch 54/120  supcon=4.2568  sigreg=0.0641
  [supcon+sigreg] epoch 55/120  supcon=4.2586  sigreg=0.0561
  [supcon+sigreg] epoch 56/120  supcon=4.2595  sigreg=0.0604
  [supcon+sigreg] epoch 57/120  supcon=4.2220  sigreg=0.0626
  [supcon+sigreg] epoch 58/120  supcon=4.2077  sigreg=0.0532
  [supcon+sigreg] epoch 59/120  supcon=4.1953  sigreg=0.0563
  [supcon+sigreg] epoch 60/120  supcon=4.1789  sigreg=0.0570
  [supcon+sigreg] epoch 61/120  supcon=4.1596  sigreg=0.0539
  [supcon+sigreg] epoch 62/120  supcon=4.1498  sigreg=0.0565
  [supcon+sigreg] epoch 63/120  supcon=4.1472  sigreg=0.0585
  [supcon+sigreg] epoch 64/120  supcon=4.1270  sigreg=0.0537
  [supcon+sigreg] epoch 65/120  supcon=4.1094  sigreg=0.0541
  [supcon+sigreg] epoch 66/120  supcon=4.0932  sigreg=0.0553
  [supcon+sigreg] epoch 67/120  supcon=4.0875  sigreg=0.0489
  [supcon+sigreg] epoch 68/120  supcon=4.0703  sigreg=0.0514
  [supcon+sigreg] epoch 69/120  supcon=4.0623  sigreg=0.0556
  [supcon+sigreg] epoch 70/120  supcon=4.0346  sigreg=0.0527
  [supcon+sigreg] epoch 71/120  supcon=4.0265  sigreg=0.0504
  [supcon+sigreg] epoch 72/120  supcon=4.0313  sigreg=0.0510
  [supcon+sigreg] epoch 73/120  supcon=4.0121  sigreg=0.0494
  [supcon+sigreg] epoch 74/120  supcon=3.9860  sigreg=0.0507
  [supcon+sigreg] epoch 75/120  supcon=3.9654  sigreg=0.0484
  [supcon+sigreg] epoch 76/120  supcon=3.9532  sigreg=0.0494
  [supcon+sigreg] epoch 77/120  supcon=3.9504  sigreg=0.0463
  [supcon+sigreg] epoch 78/120  supcon=3.9564  sigreg=0.0499
  [supcon+sigreg] epoch 79/120  supcon=3.9412  sigreg=0.0510
  [supcon+sigreg] epoch 80/120  supcon=3.9291  sigreg=0.0496
  [supcon+sigreg] epoch 81/120  supcon=3.9151  sigreg=0.0504
  [supcon+sigreg] epoch 82/120  supcon=3.8952  sigreg=0.0484
  [supcon+sigreg] epoch 83/120  supcon=3.8898  sigreg=0.0469
  [supcon+sigreg] epoch 84/120  supcon=3.8830  sigreg=0.0489
  [supcon+sigreg] epoch 85/120  supcon=3.8682  sigreg=0.0474
  [supcon+sigreg] epoch 86/120  supcon=3.8639  sigreg=0.0477
  [supcon+sigreg] epoch 87/120  supcon=3.8405  sigreg=0.0440
  [supcon+sigreg] epoch 88/120  supcon=3.8349  sigreg=0.0473
  [supcon+sigreg] epoch 89/120  supcon=3.8382  sigreg=0.0529
  [supcon+sigreg] epoch 90/120  supcon=3.8389  sigreg=0.0537
  [supcon+sigreg] epoch 91/120  supcon=3.8225  sigreg=0.0520
  [supcon+sigreg] epoch 92/120  supcon=3.8126  sigreg=0.0480
  [supcon+sigreg] epoch 93/120  supcon=3.7863  sigreg=0.0441
  [supcon+sigreg] epoch 94/120  supcon=3.7765  sigreg=0.0472
  [supcon+sigreg] epoch 95/120  supcon=3.7944  sigreg=0.0477
  [supcon+sigreg] epoch 96/120  supcon=3.7764  sigreg=0.0520
  [supcon+sigreg] epoch 97/120  supcon=3.7730  sigreg=0.0442
  [supcon+sigreg] epoch 98/120  supcon=3.7445  sigreg=0.0446
  [supcon+sigreg] epoch 99/120  supcon=3.7474  sigreg=0.0475
  [supcon+sigreg] epoch 100/120  supcon=3.7506  sigreg=0.0467
  [supcon+sigreg] epoch 101/120  supcon=3.7302  sigreg=0.0479
  [supcon+sigreg] epoch 102/120  supcon=3.7125  sigreg=0.0471
  [supcon+sigreg] epoch 103/120  supcon=3.7058  sigreg=0.0462
  [supcon+sigreg] epoch 104/120  supcon=3.7049  sigreg=0.0458
  [supcon+sigreg] epoch 105/120  supcon=3.7117  sigreg=0.0483
  [supcon+sigreg] epoch 106/120  supcon=3.6853  sigreg=0.0452
  [supcon+sigreg] epoch 107/120  supcon=3.6823  sigreg=0.0443
  [supcon+sigreg] epoch 108/120  supcon=3.6682  sigreg=0.0440
  [supcon+sigreg] epoch 109/120  supcon=3.6713  sigreg=0.0462
  [supcon+sigreg] epoch 110/120  supcon=3.6521  sigreg=0.0445
  [supcon+sigreg] epoch 111/120  supcon=3.6492  sigreg=0.0436
  [supcon+sigreg] epoch 112/120  supcon=3.6395  sigreg=0.0431
  [supcon+sigreg] epoch 113/120  supcon=3.6217  sigreg=0.0436
  [supcon+sigreg] epoch 114/120  supcon=3.6083  sigreg=0.0437
  [supcon+sigreg] epoch 115/120  supcon=3.5891  sigreg=0.0410
  [supcon+sigreg] epoch 116/120  supcon=3.5796  sigreg=0.0405
  [supcon+sigreg] epoch 117/120  supcon=3.5850  sigreg=0.0425
  [supcon+sigreg] epoch 118/120  supcon=3.5927  sigreg=0.0445
  [supcon+sigreg] epoch 119/120  supcon=3.5683  sigreg=0.0423
  [supcon+sigreg] epoch 120/120  supcon=3.5721  sigreg=0.0428

--- SupCon (aug), hidden 768 ---
  [supcon] epoch 1/120  loss=6.5252
  [supcon] epoch 2/120  loss=5.9654
  [supcon] epoch 3/120  loss=5.5957
  [supcon] epoch 4/120  loss=5.3346
  [supcon] epoch 5/120  loss=5.1335
  [supcon] epoch 6/120  loss=4.9812
  [supcon] epoch 7/120  loss=4.8704
  [supcon] epoch 8/120  loss=4.7610
  [supcon] epoch 9/120  loss=4.6681
  [supcon] epoch 10/120  loss=4.5802
  [supcon] epoch 11/120  loss=4.4956
  [supcon] epoch 12/120  loss=4.4144
  [supcon] epoch 13/120  loss=4.3529
  [supcon] epoch 14/120  loss=4.2755
  [supcon] epoch 15/120  loss=4.2131
  [supcon] epoch 16/120  loss=4.1613
  [supcon] epoch 17/120  loss=4.1175
  [supcon] epoch 18/120  loss=4.0607
  [supcon] epoch 19/120  loss=3.9998
  [supcon] epoch 20/120  loss=3.9626
  [supcon] epoch 21/120  loss=3.9046
  [supcon] epoch 22/120  loss=3.8798
  [supcon] epoch 23/120  loss=3.8377
  [supcon] epoch 24/120  loss=3.8116
  [supcon] epoch 25/120  loss=3.7696
  [supcon] epoch 26/120  loss=3.7363
  [supcon] epoch 27/120  loss=3.6936
  [supcon] epoch 28/120  loss=3.6741
  [supcon] epoch 29/120  loss=3.6326
  [supcon] epoch 30/120  loss=3.6015
  [supcon] epoch 31/120  loss=3.5879
  [supcon] epoch 32/120  loss=3.5665
  [supcon] epoch 33/120  loss=3.5300
  [supcon] epoch 34/120  loss=3.5416
  [supcon] epoch 35/120  loss=3.5134
  [supcon] epoch 36/120  loss=3.4922
  [supcon] epoch 37/120  loss=3.4758
  [supcon] epoch 38/120  loss=3.4604
  [supcon] epoch 39/120  loss=3.4476
  [supcon] epoch 40/120  loss=3.4424
  [supcon] epoch 41/120  loss=3.4015
  [supcon] epoch 42/120  loss=3.3890
  [supcon] epoch 43/120  loss=3.3629
  [supcon] epoch 44/120  loss=3.3406
  [supcon] epoch 45/120  loss=3.3245
  [supcon] epoch 46/120  loss=3.2786
  [supcon] epoch 47/120  loss=3.2867
  [supcon] epoch 48/120  loss=3.2816
  [supcon] epoch 49/120  loss=3.2657
  [supcon] epoch 50/120  loss=3.2831
  [supcon] epoch 51/120  loss=3.2369
  [supcon] epoch 52/120  loss=3.2207
  [supcon] epoch 53/120  loss=3.2086
  [supcon] epoch 54/120  loss=3.1988
  [supcon] epoch 55/120  loss=3.1971
  [supcon] epoch 56/120  loss=3.1716
  [supcon] epoch 57/120  loss=3.1634
  [supcon] epoch 58/120  loss=3.1476
  [supcon] epoch 59/120  loss=3.1649
  [supcon] epoch 60/120  loss=3.1332
  [supcon] epoch 61/120  loss=3.1184
  [supcon] epoch 62/120  loss=3.1004
  [supcon] epoch 63/120  loss=3.1111
  [supcon] epoch 64/120  loss=3.0959
  [supcon] epoch 65/120  loss=3.0912
  [supcon] epoch 66/120  loss=3.0703
  [supcon] epoch 67/120  loss=3.0496
  [supcon] epoch 68/120  loss=3.0432
  [supcon] epoch 69/120  loss=3.0415
  [supcon] epoch 70/120  loss=3.0219
  [supcon] epoch 71/120  loss=3.0025
  [supcon] epoch 72/120  loss=3.0181
  [supcon] epoch 73/120  loss=3.0123
  [supcon] epoch 74/120  loss=2.9844
  [supcon] epoch 75/120  loss=2.9699
  [supcon] epoch 76/120  loss=2.9785
  [supcon] epoch 77/120  loss=2.9784
  [supcon] epoch 78/120  loss=2.9573
  [supcon] epoch 79/120  loss=2.9538
  [supcon] epoch 80/120  loss=2.9402
  [supcon] epoch 81/120  loss=2.9282
  [supcon] epoch 82/120  loss=2.9269
  [supcon] epoch 83/120  loss=2.9247
  [supcon] epoch 84/120  loss=2.9145
  [supcon] epoch 85/120  loss=2.8949
  [supcon] epoch 86/120  loss=2.8909
  [supcon] epoch 87/120  loss=2.8897
  [supcon] epoch 88/120  loss=2.8798
  [supcon] epoch 89/120  loss=2.8888
  [supcon] epoch 90/120  loss=2.8814
  [supcon] epoch 91/120  loss=2.8632
  [supcon] epoch 92/120  loss=2.8811
  [supcon] epoch 93/120  loss=2.8658
  [supcon] epoch 94/120  loss=2.8717
  [supcon] epoch 95/120  loss=2.8551
  [supcon] epoch 96/120  loss=2.8531
  [supcon] epoch 97/120  loss=2.8380
  [supcon] epoch 98/120  loss=2.8383
  [supcon] epoch 99/120  loss=2.8424
  [supcon] epoch 100/120  loss=2.8463
  [supcon] epoch 101/120  loss=2.8530
  [supcon] epoch 102/120  loss=2.8643
  [supcon] epoch 103/120  loss=2.8659
  [supcon] epoch 104/120  loss=2.8479
  [supcon] epoch 105/120  loss=2.8509
  [supcon] epoch 106/120  loss=2.8106
  [supcon] epoch 107/120  loss=2.7958
  [supcon] epoch 108/120  loss=2.8047
  [supcon] epoch 109/120  loss=2.8059
  [supcon] epoch 110/120  loss=2.8064
  [supcon] epoch 111/120  loss=2.7996
  [supcon] epoch 112/120  loss=2.7961
  [supcon] epoch 113/120  loss=2.8009
  [supcon] epoch 114/120  loss=2.7901
  [supcon] epoch 115/120  loss=2.7793
  [supcon] epoch 116/120  loss=2.7605
  [supcon] epoch 117/120  loss=2.7736
  [supcon] epoch 118/120  loss=2.7523
  [supcon] epoch 119/120  loss=2.7463
  [supcon] epoch 120/120  loss=2.7379

--- ss[lam5], hidden 768 ---
  [supcon+sigreg] epoch 1/120  supcon=6.7890  sigreg=0.8819
  [supcon+sigreg] epoch 2/120  supcon=6.4782  sigreg=0.5184
  [supcon+sigreg] epoch 3/120  supcon=6.2735  sigreg=0.3560
  [supcon+sigreg] epoch 4/120  supcon=6.1549  sigreg=0.2911
  [supcon+sigreg] epoch 5/120  supcon=6.0651  sigreg=0.2421
  [supcon+sigreg] epoch 6/120  supcon=5.9254  sigreg=0.2184
  [supcon+sigreg] epoch 7/120  supcon=5.8027  sigreg=0.1937
  [supcon+sigreg] epoch 8/120  supcon=5.7086  sigreg=0.1572
  [supcon+sigreg] epoch 9/120  supcon=5.5831  sigreg=0.1643
  [supcon+sigreg] epoch 10/120  supcon=5.5248  sigreg=0.1433
  [supcon+sigreg] epoch 11/120  supcon=5.4169  sigreg=0.1264
  [supcon+sigreg] epoch 12/120  supcon=5.3482  sigreg=0.1252
  [supcon+sigreg] epoch 13/120  supcon=5.2639  sigreg=0.1112
  [supcon+sigreg] epoch 14/120  supcon=5.2224  sigreg=0.1131
  [supcon+sigreg] epoch 15/120  supcon=5.1449  sigreg=0.1097
  [supcon+sigreg] epoch 16/120  supcon=5.1115  sigreg=0.1019
  [supcon+sigreg] epoch 17/120  supcon=5.0562  sigreg=0.1002
  [supcon+sigreg] epoch 18/120  supcon=5.0212  sigreg=0.0935
  [supcon+sigreg] epoch 19/120  supcon=4.9639  sigreg=0.0968
  [supcon+sigreg] epoch 20/120  supcon=4.9265  sigreg=0.0934
  [supcon+sigreg] epoch 21/120  supcon=4.9046  sigreg=0.0973
  [supcon+sigreg] epoch 22/120  supcon=4.8670  sigreg=0.0961
  [supcon+sigreg] epoch 23/120  supcon=4.8236  sigreg=0.0945
  [supcon+sigreg] epoch 24/120  supcon=4.7874  sigreg=0.0880
  [supcon+sigreg] epoch 25/120  supcon=4.7473  sigreg=0.0893
  [supcon+sigreg] epoch 26/120  supcon=4.7108  sigreg=0.0815
  [supcon+sigreg] epoch 27/120  supcon=4.7010  sigreg=0.0830
  [supcon+sigreg] epoch 28/120  supcon=4.6738  sigreg=0.0778
  [supcon+sigreg] epoch 29/120  supcon=4.6396  sigreg=0.0784
  [supcon+sigreg] epoch 30/120  supcon=4.5998  sigreg=0.0797
  [supcon+sigreg] epoch 31/120  supcon=4.5997  sigreg=0.0814
  [supcon+sigreg] epoch 32/120  supcon=4.5633  sigreg=0.0724
  [supcon+sigreg] epoch 33/120  supcon=4.5369  sigreg=0.0734
  [supcon+sigreg] epoch 34/120  supcon=4.5029  sigreg=0.0683
  [supcon+sigreg] epoch 35/120  supcon=4.4786  sigreg=0.0689
  [supcon+sigreg] epoch 36/120  supcon=4.4315  sigreg=0.0696
  [supcon+sigreg] epoch 37/120  supcon=4.4271  sigreg=0.0665
  [supcon+sigreg] epoch 38/120  supcon=4.4047  sigreg=0.0692
  [supcon+sigreg] epoch 39/120  supcon=4.3903  sigreg=0.0713
  [supcon+sigreg] epoch 40/120  supcon=4.3679  sigreg=0.0711
  [supcon+sigreg] epoch 41/120  supcon=4.3480  sigreg=0.0735
  [supcon+sigreg] epoch 42/120  supcon=4.3395  sigreg=0.0696
  [supcon+sigreg] epoch 43/120  supcon=4.2980  sigreg=0.0624
  [supcon+sigreg] epoch 44/120  supcon=4.2695  sigreg=0.0591
  [supcon+sigreg] epoch 45/120  supcon=4.2580  sigreg=0.0607
  [supcon+sigreg] epoch 46/120  supcon=4.2410  sigreg=0.0660
  [supcon+sigreg] epoch 47/120  supcon=4.1956  sigreg=0.0611
  [supcon+sigreg] epoch 48/120  supcon=4.1832  sigreg=0.0638
  [supcon+sigreg] epoch 49/120  supcon=4.1797  sigreg=0.0610
  [supcon+sigreg] epoch 50/120  supcon=4.1579  sigreg=0.0602
  [supcon+sigreg] epoch 51/120  supcon=4.1352  sigreg=0.0573
  [supcon+sigreg] epoch 52/120  supcon=4.1344  sigreg=0.0614
  [supcon+sigreg] epoch 53/120  supcon=4.1121  sigreg=0.0599
  [supcon+sigreg] epoch 54/120  supcon=4.0962  sigreg=0.0571
  [supcon+sigreg] epoch 55/120  supcon=4.0552  sigreg=0.0611
  [supcon+sigreg] epoch 56/120  supcon=4.0446  sigreg=0.0633
  [supcon+sigreg] epoch 57/120  supcon=4.0414  sigreg=0.0633
  [supcon+sigreg] epoch 58/120  supcon=4.0234  sigreg=0.0567
  [supcon+sigreg] epoch 59/120  supcon=4.0033  sigreg=0.0561
  [supcon+sigreg] epoch 60/120  supcon=3.9772  sigreg=0.0610
  [supcon+sigreg] epoch 61/120  supcon=3.9875  sigreg=0.0546
  [supcon+sigreg] epoch 62/120  supcon=3.9544  sigreg=0.0549
  [supcon+sigreg] epoch 63/120  supcon=3.9366  sigreg=0.0547
  [supcon+sigreg] epoch 64/120  supcon=3.9196  sigreg=0.0536
  [supcon+sigreg] epoch 65/120  supcon=3.9071  sigreg=0.0591
  [supcon+sigreg] epoch 66/120  supcon=3.8931  sigreg=0.0598
  [supcon+sigreg] epoch 67/120  supcon=3.8935  sigreg=0.0671
  [supcon+sigreg] epoch 68/120  supcon=3.8769  sigreg=0.0591
  [supcon+sigreg] epoch 69/120  supcon=3.8604  sigreg=0.0592
  [supcon+sigreg] epoch 70/120  supcon=3.8342  sigreg=0.0539
  [supcon+sigreg] epoch 71/120  supcon=3.8077  sigreg=0.0559
  [supcon+sigreg] epoch 72/120  supcon=3.8077  sigreg=0.0557
  [supcon+sigreg] epoch 73/120  supcon=3.7979  sigreg=0.0552
  [supcon+sigreg] epoch 74/120  supcon=3.7954  sigreg=0.0554
  [supcon+sigreg] epoch 75/120  supcon=3.7642  sigreg=0.0543
  [supcon+sigreg] epoch 76/120  supcon=3.7616  sigreg=0.0512
  [supcon+sigreg] epoch 77/120  supcon=3.7570  sigreg=0.0521
  [supcon+sigreg] epoch 78/120  supcon=3.7272  sigreg=0.0512
  [supcon+sigreg] epoch 79/120  supcon=3.7283  sigreg=0.0543
  [supcon+sigreg] epoch 80/120  supcon=3.7147  sigreg=0.0537
  [supcon+sigreg] epoch 81/120  supcon=3.6968  sigreg=0.0504
  [supcon+sigreg] epoch 82/120  supcon=3.6920  sigreg=0.0535
  [supcon+sigreg] epoch 83/120  supcon=3.6636  sigreg=0.0495
  [supcon+sigreg] epoch 84/120  supcon=3.6510  sigreg=0.0485
  [supcon+sigreg] epoch 85/120  supcon=3.6367  sigreg=0.0472
  [supcon+sigreg] epoch 86/120  supcon=3.6383  sigreg=0.0496
  [supcon+sigreg] epoch 87/120  supcon=3.6237  sigreg=0.0484
  [supcon+sigreg] epoch 88/120  supcon=3.6013  sigreg=0.0476
  [supcon+sigreg] epoch 89/120  supcon=3.5992  sigreg=0.0466
  [supcon+sigreg] epoch 90/120  supcon=3.5733  sigreg=0.0491
  [supcon+sigreg] epoch 91/120  supcon=3.5721  sigreg=0.0490
  [supcon+sigreg] epoch 92/120  supcon=3.5640  sigreg=0.0469
  [supcon+sigreg] epoch 93/120  supcon=3.5476  sigreg=0.0503
  [supcon+sigreg] epoch 94/120  supcon=3.5395  sigreg=0.0486
  [supcon+sigreg] epoch 95/120  supcon=3.5244  sigreg=0.0483
  [supcon+sigreg] epoch 96/120  supcon=3.5378  sigreg=0.0489
  [supcon+sigreg] epoch 97/120  supcon=3.5275  sigreg=0.0508
  [supcon+sigreg] epoch 98/120  supcon=3.5238  sigreg=0.0497
  [supcon+sigreg] epoch 99/120  supcon=3.5047  sigreg=0.0456
  [supcon+sigreg] epoch 100/120  supcon=3.4883  sigreg=0.0475
  [supcon+sigreg] epoch 101/120  supcon=3.4881  sigreg=0.0445
  [supcon+sigreg] epoch 102/120  supcon=3.4769  sigreg=0.0460
  [supcon+sigreg] epoch 103/120  supcon=3.4570  sigreg=0.0455
  [supcon+sigreg] epoch 104/120  supcon=3.4341  sigreg=0.0459
  [supcon+sigreg] epoch 105/120  supcon=3.4409  sigreg=0.0471
  [supcon+sigreg] epoch 106/120  supcon=3.4536  sigreg=0.0490
  [supcon+sigreg] epoch 107/120  supcon=3.4367  sigreg=0.0448
  [supcon+sigreg] epoch 108/120  supcon=3.4235  sigreg=0.0471
  [supcon+sigreg] epoch 109/120  supcon=3.3973  sigreg=0.0433
  [supcon+sigreg] epoch 110/120  supcon=3.3886  sigreg=0.0443
  [supcon+sigreg] epoch 111/120  supcon=3.3849  sigreg=0.0469
  [supcon+sigreg] epoch 112/120  supcon=3.3817  sigreg=0.0444
  [supcon+sigreg] epoch 113/120  supcon=3.3921  sigreg=0.0451
  [supcon+sigreg] epoch 114/120  supcon=3.3923  sigreg=0.0486
  [supcon+sigreg] epoch 115/120  supcon=3.3895  sigreg=0.0469
  [supcon+sigreg] epoch 116/120  supcon=3.3645  sigreg=0.0478
  [supcon+sigreg] epoch 117/120  supcon=3.3601  sigreg=0.0450
  [supcon+sigreg] epoch 118/120  supcon=3.3415  sigreg=0.0460
  [supcon+sigreg] epoch 119/120  supcon=3.3325  sigreg=0.0443
  [supcon+sigreg] epoch 120/120  supcon=3.3192  sigreg=0.0437

===== aircraft/dino HEAD-WIDTH ABLATION (100-d output) =====
  raw 768d probe reference: 64.9   PCA-100: 55.3
  objective       linear   hid 256   hid 768
  SupCon            65.9      60.8      61.9
  ss[lam5]          60.8      63.3      63.4

  saved /home/pharris/sigreg/SuperSig/plots/headwidth_aircraft_dino.png
Done.
