O138_cifar100-clean_OK
O139_dino-D0-S1_OK
O139_dino-D0-S2_OK
O139_dino-D3-S1_OK
O139_dino-D3-S2_OK
O139_dino-D5-S1_OK
O139_dino-D5-S2_OK
O139_dino-D7-S1_OK
O139_dino-D7-S2_OK
O139_dino-D8-S1_OK
O139_dino-D8-S2_OK
O139_lejepa-D0-S1_OK
O139_lejepa-D0-S2_OK
O139_lejepa-D3-S1_OK
O139_lejepa-D3-S2_OK
O139_lejepa-D5-S1_OK
O139_lejepa-D5-S2_OK
O139_lejepa-D7-S1_OK
O139_lejepa-D7-S2_OK
O139_lejepa-D8-S1_OK
O139_lejepa-D8-S2_OK
O139_visreg-D0-S1_OK
O139_visreg-D0-S2_OK
O139_visreg-D3-S1_OK
O139_visreg-D3-S2_OK
O139_visreg-D5-S1_OK
O139_visreg-D5-S2_OK
O139_visreg-D7-S1_OK
O139_visreg-D7-S2_OK
O139_visreg-D8-S1_OK
O139_visreg-D8-S2_OK
O139_AGG_OK
BLOCK_O_DONE
