P135F_flowers-dino-multi_OK
P135F_flowers-dino-D0_OK
P135F_flowers-dino-D1_OK
P135F_flowers-dino-D2_OK
P135F_flowers-dino-D3_OK
P135F_flowers-dino-D4_OK
P135F_flowers-lejepa-multi_OK
P135F_flowers-lejepa-D0_OK
P135F_flowers-lejepa-D1_OK
P135F_flowers-lejepa-D2_OK
P135F_flowers-lejepa-D3_OK
P135F_flowers-lejepa-D4_OK
P135F_flowers-visreg-multi_OK
P135F_flowers-visreg-D0_OK
P135F_flowers-visreg-D1_OK
P135F_flowers-visreg-D2_OK
P135F_flowers-visreg-D3_OK
P135F_flowers-visreg-D4_OK
P135F_cars-dino-multi_OK
P135F_cars-dino-D0_OK
P135F_cars-dino-D1_OK
P135F_cars-dino-D2_OK
P135F_cars-dino-D3_OK
P135F_cars-dino-D4_OK
P135F_cars-lejepa-multi_OK
P135F_cars-lejepa-D0_OK
P135F_cars-lejepa-D1_OK
P135F_cars-lejepa-D2_OK
P135F_cars-lejepa-D3_OK
P135F_cars-lejepa-D4_OK
P135F_cars-visreg-multi_OK
P135F_cars-visreg-D0_OK
P135F_cars-visreg-D1_OK
P135F_cars-visreg-D2_OK
P135F_cars-visreg-D3_OK
P135F_cars-visreg-D4_OK
P135F_aircraft-dino-multi_OK
P135F_aircraft-dino-D0_OK
P135F_aircraft-dino-D1_OK
P135F_aircraft-dino-D2_OK
P135F_aircraft-dino-D3_OK
P135F_aircraft-dino-D4_OK
P135F_aircraft-lejepa-multi_OK
P135F_aircraft-lejepa-D0_OK
P135F_aircraft-lejepa-D1_OK
P135F_aircraft-lejepa-D2_OK
P135F_aircraft-lejepa-D3_OK
P135F_aircraft-lejepa-D4_OK
P135F_aircraft-visreg-multi_OK
P135F_aircraft-visreg-D0_OK
P135F_aircraft-visreg-D1_OK
P135F_aircraft-visreg-D2_OK
P135F_aircraft-visreg-D3_OK
P135F_aircraft-visreg-D4_OK
P135F_galaxy10-dino-multi_OK
P135F_galaxy10-dino-D0_OK
P135F_galaxy10-dino-D1_OK
P135F_galaxy10-dino-D2_OK
P135F_galaxy10-dino-D3_OK
P135F_galaxy10-dino-D4_OK
P135F_galaxy10-lejepa-multi_OK
P135F_galaxy10-lejepa-D0_OK
P135F_galaxy10-lejepa-D1_OK
P135F_galaxy10-lejepa-D2_OK
P135F_galaxy10-lejepa-D3_OK
P135F_galaxy10-lejepa-D4_OK
P135F_galaxy10-visreg-multi_OK
P135F_galaxy10-visreg-D0_OK
P135F_galaxy10-visreg-D1_OK
P135F_galaxy10-visreg-D2_OK
P135F_galaxy10-visreg-D3_OK
P135F_galaxy10-visreg-D4_OK
P135F_dtd-dino-multi_OK
P135F_dtd-dino-D0_OK
P135F_dtd-dino-D1_OK
P135F_dtd-dino-D2_OK
P135F_dtd-dino-D3_OK
P135F_dtd-dino-D4_OK
P135F_dtd-lejepa-multi_OK
P135F_dtd-lejepa-D0_OK
P135F_dtd-lejepa-D1_OK
P135F_dtd-lejepa-D2_OK
P135F_dtd-lejepa-D3_OK
P135F_dtd-lejepa-D4_OK
P135F_dtd-visreg-multi_OK
P135F_dtd-visreg-D0_OK
P135F_dtd-visreg-D1_OK
P135F_dtd-visreg-D2_OK
P135F_dtd-visreg-D3_OK
P135F_dtd-visreg-D4_OK
BLOCK_P_DONE
