K135_galaxy10-dino_OK
K135_galaxy10-lejepa_OK
K135_galaxy10-visreg_OK
K135_dtd-dino_OK
K135_dtd-lejepa_OK
K135_dtd-visreg_OK
K135_flowers-dino_OK
K135_flowers-lejepa_OK
K135_flowers-visreg_OK
K135_cars-dino_OK
K135_cars-lejepa_OK
K135_cars-visreg_OK
K135_aircraft-dino_OK
K135_aircraft-lejepa_OK
K135_aircraft-visreg_OK
BLOCK_K_ARCHIVED_DONE
K135_G10-dino-D0_OK
K135_G10-dino-D3_OK
K135_G10-dino-D5_OK
K135_G10-dino-D7_OK
K135_G10-dino-D8_OK
K135_G10-lejepa-D0_OK
K135_G10-lejepa-D3_OK
K135_G10-lejepa-D5_OK
K135_G10-lejepa-D7_OK
K135_G10-lejepa-D8_OK
K135_G10-visreg-D0_OK
K135_G10-visreg-D3_OK
K135_G10-visreg-D5_OK
K135_G10-visreg-D7_OK
K135_G10-visreg-D8_OK
BLOCK_K_DONE
