/home/pharris/venv/lib64/python3.9/site-packages/networkx/utils/backends.py:135: RuntimeWarning: networkx backend defined more than once: nx-loopback
  backends.update(_get_backends("networkx.backends"))

######## cars:lejepa_h1_d1: holdouts=[13] ########

  --- frozen: pre probe=0.8898 eucl=0.4804 mahaT=0.4426 perevt=0.000
  [sigreg+proto] epoch 1/5  sigreg=0.1513  proto=58.3317  min_dist=5.51  mean_dist=16.70
  [sigreg+proto] epoch 2/5  sigreg=0.1530  proto=57.2988  min_dist=5.57  mean_dist=16.68
  [sigreg+proto] epoch 3/5  sigreg=0.1534  proto=57.0742  min_dist=5.61  mean_dist=16.66
  [sigreg+proto] epoch 4/5  sigreg=0.1528  proto=54.5817  min_dist=5.62  mean_dist=16.65
  [sigreg+proto] epoch 5/5  sigreg=0.1509  proto=51.1251  min_dist=5.64  mean_dist=16.63
  round 1: pool=405 purity=0.000 k-hat=4 anchors=4  margin=0.4910  mean-anchor=0.4639  13=0.464
  [sigreg+proto] epoch 1/5  sigreg=0.1538  proto=58.5003  min_dist=5.66  mean_dist=16.92
  [sigreg+proto] epoch 2/5  sigreg=0.1573  proto=55.4973  min_dist=5.67  mean_dist=16.91
  [sigreg+proto] epoch 3/5  sigreg=0.1558  proto=55.0705  min_dist=5.68  mean_dist=16.89
  [sigreg+proto] epoch 4/5  sigreg=0.1547  proto=52.8791  min_dist=5.71  mean_dist=16.87
  [sigreg+proto] epoch 5/5  sigreg=0.1544  proto=54.5439  min_dist=5.74  mean_dist=16.86
  round 2: pool=405 purity=0.000 k-hat=4 anchors=8  margin=0.4970  mean-anchor=0.5094  13=0.509
    [dist frozen     ] purity r1=0.000 r2=0.000  probe 0.890->0.890  eucl 0.480->0.480  perevt 0.000->0.000  drift 0.000
  [sigreg+proto] epoch 1/5  sigreg=0.1575  proto=57.8902  min_dist=5.47  mean_dist=16.68
  [sigreg+proto] epoch 2/5  sigreg=0.1592  proto=58.2353  min_dist=5.52  mean_dist=16.66
  [sigreg+proto] epoch 3/5  sigreg=0.1591  proto=59.5839  min_dist=5.53  mean_dist=16.64
  [sigreg+proto] epoch 4/5  sigreg=0.1576  proto=56.0955  min_dist=5.55  mean_dist=16.61
  [sigreg+proto] epoch 5/5  sigreg=0.1565  proto=51.6937  min_dist=5.58  mean_dist=16.58
  round 1: pool=405 purity=0.000 k-hat=4 anchors=4  margin=0.4887  mean-anchor=0.4613  13=0.461
  [sigreg+proto] epoch 1/5  sigreg=0.1601  proto=61.1539  min_dist=5.59  mean_dist=16.88
  [sigreg+proto] epoch 2/5  sigreg=0.1623  proto=56.6899  min_dist=5.60  mean_dist=16.86
  [sigreg+proto] epoch 3/5  sigreg=0.1630  proto=58.0747  min_dist=5.60  mean_dist=16.83
  [sigreg+proto] epoch 4/5  sigreg=0.1584  proto=54.8928  min_dist=5.63  mean_dist=16.81
  [sigreg+proto] epoch 5/5  sigreg=0.1589  proto=58.0208  min_dist=5.68  mean_dist=16.78
  round 2: pool=405 purity=0.000 k-hat=4 anchors=8  margin=0.5056  mean-anchor=0.5363  13=0.536
    [dist corpus-norm] purity r1=0.000 r2=0.000  probe 0.890->0.832  eucl 0.480->0.480  perevt 0.000->0.000  drift 0.029
  [sigreg+proto] epoch 1/5  sigreg=0.1533  proto=49.9147  min_dist=5.51  mean_dist=16.28
  [sigreg+proto] epoch 2/5  sigreg=0.1515  proto=48.9488  min_dist=5.55  mean_dist=16.26
  [sigreg+proto] epoch 3/5  sigreg=0.1515  proto=48.3451  min_dist=5.57  mean_dist=16.24
  [sigreg+proto] epoch 4/5  sigreg=0.1511  proto=45.6967  min_dist=5.59  mean_dist=16.22
  [sigreg+proto] epoch 5/5  sigreg=0.1540  proto=44.2102  min_dist=5.61  mean_dist=16.20
  round 1: pool=405 purity=0.000 k-hat=3 anchors=3  margin=0.5820  mean-anchor=0.6115  13=0.612
  [sigreg+proto] epoch 1/5  sigreg=0.1566  proto=49.6340  min_dist=3.42  mean_dist=16.36
  [sigreg+proto] epoch 2/5  sigreg=0.1539  proto=50.6200  min_dist=3.30  mean_dist=16.35
  [sigreg+proto] epoch 3/5  sigreg=0.1545  proto=48.7099  min_dist=3.17  mean_dist=16.34
  [sigreg+proto] epoch 4/5  sigreg=0.1542  proto=45.2258  min_dist=3.05  mean_dist=16.32
  [sigreg+proto] epoch 5/5  sigreg=0.1573  proto=44.3471  min_dist=2.93  mean_dist=16.31
  round 2: pool=407 purity=0.005 k-hat=4 anchors=7  margin=0.5434  mean-anchor=0.6086  13=0.609
    [np   frozen     ] purity r1=0.000 r2=0.005  probe 0.890->0.890  eucl 0.480->0.480  perevt 0.000->0.000  drift 0.000
  [sigreg+proto] epoch 1/5  sigreg=0.1615  proto=53.6920  min_dist=5.50  mean_dist=16.27
  [sigreg+proto] epoch 2/5  sigreg=0.1592  proto=53.0806  min_dist=5.53  mean_dist=16.25
  [sigreg+proto] epoch 3/5  sigreg=0.1566  proto=51.3828  min_dist=5.56  mean_dist=16.22
  [sigreg+proto] epoch 4/5  sigreg=0.1553  proto=48.1486  min_dist=5.59  mean_dist=16.19
  [sigreg+proto] epoch 5/5  sigreg=0.1587  proto=46.5413  min_dist=5.61  mean_dist=16.16
  round 1: pool=405 purity=0.000 k-hat=3 anchors=3  margin=0.5849  mean-anchor=0.6130  13=0.613
  [sigreg+proto] epoch 1/5  sigreg=0.1617  proto=53.1238  min_dist=5.38  mean_dist=16.36
  [sigreg+proto] epoch 2/5  sigreg=0.1609  proto=55.2915  min_dist=5.27  mean_dist=16.34
  [sigreg+proto] epoch 3/5  sigreg=0.1577  proto=51.2044  min_dist=5.16  mean_dist=16.32
  [sigreg+proto] epoch 4/5  sigreg=0.1590  proto=49.1250  min_dist=5.05  mean_dist=16.30
  [sigreg+proto] epoch 5/5  sigreg=0.1605  proto=47.7107  min_dist=4.95  mean_dist=16.28
  round 2: pool=407 purity=0.005 k-hat=4 anchors=7  margin=0.5367  mean-anchor=0.6108  13=0.611
    [np   corpus-norm] purity r1=0.000 r2=0.005  probe 0.890->0.895  eucl 0.480->0.480  perevt 0.000->0.000  drift 0.013

===== EXP135 SUMMARY_h1_d1 (paired frozen vs corpus-norm; gate 0.15) =====
  cell|arm|scorer                              r1  r2 frz   r2 cn    d r2    probe frz/cn  drift
  cars:lejepa|frozen|dist                 0.000   0.000   0.000  +0.000   0.890/0.832    0.029
  cars:lejepa|frozen|np                   0.000   0.005   0.005  +0.000   0.890/0.895    0.013

wrote logs/exp135/corpus_norm_cars-lejepa_frozen_h1_d1.json
EXP135 DONE.
