/home/pharris/venv/lib64/python3.9/site-packages/networkx/utils/backends.py:135: RuntimeWarning: networkx backend defined more than once: nx-loopback
  backends.update(_get_backends("networkx.backends"))

######## dtd:lejepa_h1_d1: holdouts=[46] ########

  --- frozen: pre probe=0.9607 eucl=0.8748 mahaT=0.8091 perevt=0.200
  [sigreg+proto] epoch 1/5  sigreg=0.1628  proto=12.0897  min_dist=7.27  mean_dist=18.78
  [sigreg+proto] epoch 2/5  sigreg=0.1623  proto=14.1354  min_dist=7.29  mean_dist=18.77
  [sigreg+proto] epoch 3/5  sigreg=0.1660  proto=15.9069  min_dist=7.31  mean_dist=18.76
  [sigreg+proto] epoch 4/5  sigreg=0.1700  proto=13.4447  min_dist=7.33  mean_dist=18.75
  [sigreg+proto] epoch 5/5  sigreg=0.1616  proto=16.6686  min_dist=7.35  mean_dist=18.74
  round 1: pool=101 purity=0.089 k-hat=2 anchors=2  margin=0.9273  mean-anchor=0.3856  46=0.386
    merged 3 -> 2 anchors
  [sigreg+proto] epoch 1/5  sigreg=0.1684  proto=14.7604  min_dist=7.38  mean_dist=18.73
  [sigreg+proto] epoch 2/5  sigreg=0.1488  proto=15.3877  min_dist=7.40  mean_dist=18.72
  [sigreg+proto] epoch 3/5  sigreg=0.1488  proto=14.6225  min_dist=7.42  mean_dist=18.71
  [sigreg+proto] epoch 4/5  sigreg=0.1577  proto=12.0819  min_dist=7.44  mean_dist=18.70
  [sigreg+proto] epoch 5/5  sigreg=0.1628  proto=13.8107  min_dist=7.46  mean_dist=18.69
  round 2: pool=99 purity=0.071 k-hat=1 anchors=2  margin=0.9194  mean-anchor=0.3677  46=0.368
    [dist frozen     ] purity r1=0.089 r2=0.071  probe 0.961->0.961  eucl 0.875->0.875  perevt 0.200->0.200  drift 0.000
  [sigreg+proto] epoch 1/5  sigreg=0.1672  proto=12.6131  min_dist=7.27  mean_dist=18.78
  [sigreg+proto] epoch 2/5  sigreg=0.1678  proto=14.8326  min_dist=7.29  mean_dist=18.77
  [sigreg+proto] epoch 3/5  sigreg=0.1718  proto=16.2521  min_dist=7.31  mean_dist=18.76
  [sigreg+proto] epoch 4/5  sigreg=0.1774  proto=14.1620  min_dist=7.33  mean_dist=18.75
  [sigreg+proto] epoch 5/5  sigreg=0.1651  proto=17.2302  min_dist=7.35  mean_dist=18.74
  round 1: pool=101 purity=0.089 k-hat=2 anchors=2  margin=0.9265  mean-anchor=0.3956  46=0.396
    merged 3 -> 2 anchors
  [sigreg+proto] epoch 1/5  sigreg=0.1732  proto=15.4996  min_dist=7.37  mean_dist=18.72
  [sigreg+proto] epoch 2/5  sigreg=0.1510  proto=16.2346  min_dist=7.39  mean_dist=18.71
  [sigreg+proto] epoch 3/5  sigreg=0.1504  proto=15.1524  min_dist=7.41  mean_dist=18.70
  [sigreg+proto] epoch 4/5  sigreg=0.1606  proto=12.7169  min_dist=7.42  mean_dist=18.69
  [sigreg+proto] epoch 5/5  sigreg=0.1658  proto=14.7133  min_dist=7.44  mean_dist=18.68
  round 2: pool=98 purity=0.061 k-hat=1 anchors=2  margin=0.9058  mean-anchor=0.3522  46=0.352
    [dist corpus-norm] purity r1=0.089 r2=0.061  probe 0.961->0.936  eucl 0.875->0.874  perevt 0.200->0.200  drift 0.036
  [sigreg+proto] epoch 1/5  sigreg=0.1587  proto=13.6956  min_dist=6.28  mean_dist=19.79
  [sigreg+proto] epoch 2/5  sigreg=0.1617  proto=19.3941  min_dist=6.25  mean_dist=19.78
  [sigreg+proto] epoch 3/5  sigreg=0.1655  proto=18.9884  min_dist=6.22  mean_dist=19.77
  [sigreg+proto] epoch 4/5  sigreg=0.1605  proto=18.7028  min_dist=6.18  mean_dist=19.76
  [sigreg+proto] epoch 5/5  sigreg=0.1588  proto=20.6452  min_dist=6.14  mean_dist=19.75
  round 1: pool=125 purity=0.264 k-hat=4 anchors=4  margin=0.9824  mean-anchor=0.9178  46=0.918
  [sigreg+proto] epoch 1/5  sigreg=0.1854  proto=19.4347  min_dist=3.28  mean_dist=21.44
  [sigreg+proto] epoch 2/5  sigreg=0.2216  proto=15.6108  min_dist=3.31  mean_dist=21.43
  [sigreg+proto] epoch 3/5  sigreg=0.2043  proto=17.8698  min_dist=3.34  mean_dist=21.43
  [sigreg+proto] epoch 4/5  sigreg=0.2218  proto=17.6140  min_dist=3.38  mean_dist=21.42
  [sigreg+proto] epoch 5/5  sigreg=0.2070  proto=21.5613  min_dist=3.40  mean_dist=21.41
  round 2: pool=127 purity=0.276 k-hat=4 anchors=8  margin=0.9641  mean-anchor=0.9283  46=0.928
    [np   frozen     ] purity r1=0.264 r2=0.276  probe 0.961->0.961  eucl 0.875->0.875  perevt 0.200->0.200  drift 0.000
  [sigreg+proto] epoch 1/5  sigreg=0.1618  proto=14.0600  min_dist=6.28  mean_dist=19.79
  [sigreg+proto] epoch 2/5  sigreg=0.1675  proto=19.5213  min_dist=6.26  mean_dist=19.78
  [sigreg+proto] epoch 3/5  sigreg=0.1705  proto=19.4468  min_dist=6.24  mean_dist=19.76
  [sigreg+proto] epoch 4/5  sigreg=0.1651  proto=19.5016  min_dist=6.21  mean_dist=19.75
  [sigreg+proto] epoch 5/5  sigreg=0.1682  proto=21.6330  min_dist=6.18  mean_dist=19.74
  round 1: pool=125 purity=0.264 k-hat=4 anchors=4  margin=0.9830  mean-anchor=0.9277  46=0.928
  [sigreg+proto] epoch 1/5  sigreg=0.1951  proto=22.7547  min_dist=3.00  mean_dist=21.57
  [sigreg+proto] epoch 2/5  sigreg=0.1931  proto=17.6329  min_dist=2.98  mean_dist=21.56
  [sigreg+proto] epoch 3/5  sigreg=0.1896  proto=13.9695  min_dist=2.97  mean_dist=21.55
  [sigreg+proto] epoch 4/5  sigreg=0.2029  proto=18.4021  min_dist=2.97  mean_dist=21.54
  [sigreg+proto] epoch 5/5  sigreg=0.2001  proto=23.5886  min_dist=2.96  mean_dist=21.53
  round 2: pool=123 purity=0.252 k-hat=4 anchors=8  margin=0.9638  mean-anchor=0.9322  46=0.932
    [np   corpus-norm] purity r1=0.264 r2=0.252  probe 0.961->0.949  eucl 0.875->0.871  perevt 0.200->0.200  drift 0.061

===== EXP135 SUMMARY_h1_d1 (paired frozen vs corpus-norm; gate 0.15) =====
  cell|arm|scorer                              r1  r2 frz   r2 cn    d r2    probe frz/cn  drift
  dtd:lejepa|frozen|dist                  0.089   0.071   0.061  -0.009   0.961/0.936    0.036
  dtd:lejepa|frozen|np                    0.264   0.276   0.252  -0.024   0.961/0.949    0.061

wrote logs/exp135/corpus_norm_dtd-lejepa_frozen_h1_d1.json
EXP135 DONE.
