/home/pharris/venv/lib64/python3.9/site-packages/networkx/utils/backends.py:135: RuntimeWarning: networkx backend defined more than once: nx-loopback
  backends.update(_get_backends("networkx.backends"))
Using cache found in /home/pharris/.cache/torch/hub/facebookresearch_dino_main
exp134c [dtd_dino_ft134c] residual AFTER discovery; parent=supcon-ft objs=res,res-nplm holdouts=[37, 38, 39, 40, 41, 42, 43, 44, 45, 46]
  [parent (pre)                      ] probe=0.7988+-0.0024 acc=0.7588 eucl=0.7043 mahaT=0.6456 lid=0.6767 perevt=0.040

----- discovery on the parent head -----
  [sigreg+proto] epoch 1/5  sigreg=0.4256  proto=3.3673  min_dist=5.01  mean_dist=18.89
  [sigreg+proto] epoch 2/5  sigreg=0.4421  proto=3.5010  min_dist=5.03  mean_dist=18.90
  [sigreg+proto] epoch 3/5  sigreg=0.4289  proto=2.5664  min_dist=5.04  mean_dist=18.92
  [sigreg+proto] epoch 4/5  sigreg=0.4331  proto=1.5913  min_dist=5.06  mean_dist=18.93
  [sigreg+proto] epoch 5/5  sigreg=0.4341  proto=1.8054  min_dist=5.07  mean_dist=18.94
  round 1: pool=170 purity=0.129 k-hat=12 anchors=12  margin=0.7716  mean-anchor=0.7715  
  [sigreg+proto] epoch 1/5  sigreg=0.4626  proto=3.8176  min_dist=3.81  mean_dist=19.45
  [sigreg+proto] epoch 2/5  sigreg=0.4889  proto=3.1175  min_dist=3.79  mean_dist=19.46
  [sigreg+proto] epoch 3/5  sigreg=0.4612  proto=2.8652  min_dist=3.77  mean_dist=19.47
  [sigreg+proto] epoch 4/5  sigreg=0.4502  proto=2.9598  min_dist=3.75  mean_dist=19.49
  [sigreg+proto] epoch 5/5  sigreg=0.4394  proto=2.0802  min_dist=3.73  mean_dist=19.50
  round 2: pool=217 purity=0.318 k-hat=9 anchors=21  margin=0.7759  mean-anchor=0.7976  
  round 1: pool=170 purity=0.129 anchors=12 margin=0.7716
  round 2: pool=217 purity=0.318 anchors=21 margin=0.7759
  [parent (post-discovery)           ] probe=0.8081+-0.0024 acc=0.7473 eucl=0.7273 mahaT=0.6616 lid=0.7442 perevt=0.068
  child corpus: 2960 seen + 511 pseudo-labelled under 21 discovered anchors (pseudo-label purity 1.000; diagnostic only)

===== [dtd_dino_ft134c] supcon-ft->res (post-discovery) =====
  [supcon-ft-res-postdisc] epoch 1/20  main=2.5220  aux=0.5553
  [supcon-ft-res-postdisc] epoch 5/20  main=2.3917  aux=0.4562
  [supcon-ft-res-postdisc] epoch 10/20  main=2.3726  aux=0.4289
  [supcon-ft-res-postdisc] epoch 15/20  main=2.3597  aux=0.3967
  [supcon-ft-res-postdisc] epoch 20/20  main=2.3527  aux=0.3920
  extracted ft70_supcon-ft_res_postdisc train: (3760, 768)
  extracted ft70_supcon-ft_res_postdisc test: (1880, 768)
  [supcon-ft->res (post-discovery) residual] probe=0.8717+-0.0021 acc=0.6750 eucl=0.7108 mahaT=0.7387 lid=0.7391 perevt=0.253
  [supcon-ft->res (post-discovery) concat] probe=0.8977+-0.0015 acc=0.7554 eucl=0.7805 mahaT=0.7798 lid=0.7873 perevt=0.235

===== [dtd_dino_ft134c] supcon-ft->res-nplm (post-discovery) =====
  [supcon-ft-res-nplm-postdisc] epoch 1/20  main=80847220166.8889  aux=0.2071
  [supcon-ft-res-nplm-postdisc] epoch 5/20  main=60793737460.0000  aux=0.1985
  [supcon-ft-res-nplm-postdisc] epoch 10/20  main=29873626468.8519  aux=0.2265
  [supcon-ft-res-nplm-postdisc] epoch 15/20  main=13131736693.5239  aux=0.2439
  [supcon-ft-res-nplm-postdisc] epoch 20/20  main=7555267899.8906  aux=0.2484
  extracted ft70_supcon-ft_resnplm_postdisc train: (3760, 768)
  extracted ft70_supcon-ft_resnplm_postdisc test: (1880, 768)
  [supcon-ft->res-nplm (post-discovery) residual] probe=0.8548+-0.0032 acc=0.7507 eucl=0.7603 mahaT=0.6614 lid=0.6967 perevt=0.087
  [supcon-ft->res-nplm (post-discovery) concat] probe=0.8639+-0.0027 acc=0.7615 eucl=0.7643 mahaT=0.6902 lid=0.7547 perevt=0.130

===== EXP134c SUMMARY [dtd_dino_ft134c]  (discovery r1 purity 0.129, gate 0.15) =====
  space                                          probe    eucl   mahaT  perevt
  parent (pre)                                  0.7988  0.7043  0.6456   0.040
  parent (post-discovery)                       0.8081  0.7273  0.6616   0.068
  supcon-ft->res (post-discovery) residual      0.8717  0.7108  0.7387   0.253
  supcon-ft->res (post-discovery) concat        0.8977  0.7805  0.7798   0.235
  supcon-ft->res-nplm (post-discovery) residual  0.8548  0.7603  0.6614   0.087
  supcon-ft->res-nplm (post-discovery) concat   0.8639  0.7643  0.6902   0.130
  [archived exp71] supcon-ft (parent)           0.7988  0.7043  0.6456   0.040
  [archived exp71] supcon-ft->res (residual)    0.8174  0.5604  0.5049   0.022
  [archived exp71] supcon-ft->res (concat)      0.8447  0.6830  0.6036   0.045
  [archived exp71] supcon-ft->res-nplm (residual)  0.7788  0.7460  0.6688   0.113
  [archived exp71] supcon-ft->res-nplm (concat)  0.8324  0.7329  0.6475   0.077
EXP134c DONE.
