/home/pharris/venv/lib64/python3.9/site-packages/networkx/utils/backends.py:135: RuntimeWarning: networkx backend defined more than once: nx-loopback
  backends.update(_get_backends("networkx.backends"))
arm                              top1      sd  n_seen   dim
------------------------------------------------------------
cifar100_tau0.05_off_s0        0.6233  0.0010      99    32
cifar100_tau0.05_off_s1        0.6262  0.0009      99    32
cifar100_tau0.05_off_s2        0.6267  0.0009      99    32
cifar100_tau0.05_on_s0         0.6072  0.0009      99    32
cifar100_tau0.05_on_s1         0.6152  0.0011      99    32
cifar100_tau0.05_on_s2         0.6200  0.0011      99    32
cifar100_tau0.1_off_s0         0.6197  0.0009      99    32
cifar100_tau0.1_off_s1         0.6280  0.0008      99    32
cifar100_tau0.1_off_s2         0.6218  0.0007      99    32
cifar100_tau0.1_on_s0          0.6194  0.0008      99    32
cifar100_tau0.1_on_s1          0.6272  0.0014      99    32
cifar100_tau0.1_on_s2          0.6262  0.0005      99    32
cifar100_tau0.3_off_s0         0.5606  0.0029      99    32
cifar100_tau0.3_off_s1         0.5659  0.0013      99    32
cifar100_tau0.3_off_s2         0.5599  0.0018      99    32
cifar100_tau0.3_on_s0          0.5592  0.0025      99    32
cifar100_tau0.3_on_s1          0.5666  0.0027      99    32
cifar100_tau0.3_on_s2          0.5673  0.0035      99    32
cifar100_tau1.0_off_s0         0.4066  0.0027      99    32
cifar100_tau1.0_off_s1         0.4089  0.0020      99    32
cifar100_tau1.0_off_s2         0.4242  0.0026      99    32
cifar100_tau1.0_on_s0          0.4733  0.0020      99    32
cifar100_tau1.0_on_s1          0.4767  0.0032      99    32
cifar100_tau1.0_on_s2          0.4713  0.0029      99    32
cifar100_tau3.0_off_s0         0.3168  0.0005      99    32
cifar100_tau3.0_off_s1         0.2995  0.0016      99    32
cifar100_tau3.0_off_s2         0.3142  0.0020      99    32
cifar100_tau3.0_on_s0          0.5026  0.0027      99    32
cifar100_tau3.0_on_s1          0.5216  0.0025      99    32
cifar100_tau3.0_on_s2          0.5039  0.0022      99    32

wrote logs/exp132/probe_embs_embs.json

REMINDER: report this as a NO-COST argument (does adding SIGReg to a
supervised objective cost supervised accuracy?), not as a win over SSL
baselines -- our objectives use labels and theirs do not.
