/home/pharris/venv/lib64/python3.9/site-packages/networkx/utils/backends.py:135: RuntimeWarning: networkx backend defined more than once: nx-loopback
  backends.update(_get_backends("networkx.backends"))

----- cifar100_tau0.05_on_s0 (20 ep, 32d) -----
Using cache found in /home/pharris/.cache/torch/hub/chenyaofo_pytorch-cifar-models_master
  CIFAR two-view embedding-train images (no {4}): 49500
  [softmax/cosine] epoch 1/20  interaction=4.3312  marginal=0.5477
  [softmax/cosine] epoch 2/20  interaction=4.0826  marginal=0.5011
  [softmax/cosine] epoch 3/20  interaction=3.9944  marginal=0.4873
  [softmax/cosine] epoch 4/20  interaction=3.9532  marginal=0.4851
  [softmax/cosine] epoch 5/20  interaction=3.9038  marginal=0.4778
  [softmax/cosine] epoch 6/20  interaction=3.8664  marginal=0.4667
  [softmax/cosine] epoch 7/20  interaction=3.8283  marginal=0.4565
  [softmax/cosine] epoch 8/20  interaction=3.8113  marginal=0.4563
  [softmax/cosine] epoch 9/20  interaction=3.7950  marginal=0.4533
  [softmax/cosine] epoch 10/20  interaction=3.7698  marginal=0.4488
  [softmax/cosine] epoch 11/20  interaction=3.7636  marginal=0.4498
  [softmax/cosine] epoch 12/20  interaction=3.7458  marginal=0.4478
  [softmax/cosine] epoch 13/20  interaction=3.7273  marginal=0.4432
  [softmax/cosine] epoch 14/20  interaction=3.7185  marginal=0.4342
  [softmax/cosine] epoch 15/20  interaction=3.6997  marginal=0.4359
  [softmax/cosine] epoch 16/20  interaction=3.6953  marginal=0.4335
  [softmax/cosine] epoch 17/20  interaction=3.6798  marginal=0.4305
  [softmax/cosine] epoch 18/20  interaction=3.6651  marginal=0.4305
  [softmax/cosine] epoch 19/20  interaction=3.6689  marginal=0.4274
  [softmax/cosine] epoch 20/20  interaction=3.6442  marginal=0.4243
  [cifar100_tau0.05_on_s0] probe=0.9437 mahaT=0.2543 perevt=0.000

----- cifar100_tau0.05_on_s1 (20 ep, 32d) -----
Using cache found in /home/pharris/.cache/torch/hub/chenyaofo_pytorch-cifar-models_master
  CIFAR two-view embedding-train images (no {4}): 49500
  [softmax/cosine] epoch 1/20  interaction=4.3466  marginal=0.5538
  [softmax/cosine] epoch 2/20  interaction=4.0900  marginal=0.4961
  [softmax/cosine] epoch 3/20  interaction=3.9974  marginal=0.4809
  [softmax/cosine] epoch 4/20  interaction=3.9475  marginal=0.4726
  [softmax/cosine] epoch 5/20  interaction=3.8968  marginal=0.4603
  [softmax/cosine] epoch 6/20  interaction=3.8746  marginal=0.4574
  [softmax/cosine] epoch 7/20  interaction=3.8425  marginal=0.4506
  [softmax/cosine] epoch 8/20  interaction=3.8257  marginal=0.4501
  [softmax/cosine] epoch 9/20  interaction=3.8002  marginal=0.4426
  [softmax/cosine] epoch 10/20  interaction=3.7837  marginal=0.4427
  [softmax/cosine] epoch 11/20  interaction=3.7591  marginal=0.4351
  [softmax/cosine] epoch 12/20  interaction=3.7360  marginal=0.4337
  [softmax/cosine] epoch 13/20  interaction=3.7288  marginal=0.4303
  [softmax/cosine] epoch 14/20  interaction=3.7199  marginal=0.4316
  [softmax/cosine] epoch 15/20  interaction=3.7014  marginal=0.4250
  [softmax/cosine] epoch 16/20  interaction=3.6896  marginal=0.4294
  [softmax/cosine] epoch 17/20  interaction=3.6796  marginal=0.4251
  [softmax/cosine] epoch 18/20  interaction=3.6665  marginal=0.4218
  [softmax/cosine] epoch 19/20  interaction=3.6615  marginal=0.4200
  [softmax/cosine] epoch 20/20  interaction=3.6456  marginal=0.4192
  [cifar100_tau0.05_on_s1] probe=0.9381 mahaT=0.2667 perevt=0.000

----- cifar100_tau0.05_on_s2 (20 ep, 32d) -----
Using cache found in /home/pharris/.cache/torch/hub/chenyaofo_pytorch-cifar-models_master
  CIFAR two-view embedding-train images (no {4}): 49500
  [softmax/cosine] epoch 1/20  interaction=4.3337  marginal=0.5472
  [softmax/cosine] epoch 2/20  interaction=4.0801  marginal=0.5031
  [softmax/cosine] epoch 3/20  interaction=4.0039  marginal=0.4842
  [softmax/cosine] epoch 4/20  interaction=3.9516  marginal=0.4744
  [softmax/cosine] epoch 5/20  interaction=3.9063  marginal=0.4690
  [softmax/cosine] epoch 6/20  interaction=3.8698  marginal=0.4635
  [softmax/cosine] epoch 7/20  interaction=3.8430  marginal=0.4556
  [softmax/cosine] epoch 8/20  interaction=3.8178  marginal=0.4531
  [softmax/cosine] epoch 9/20  interaction=3.8035  marginal=0.4450
  [softmax/cosine] epoch 10/20  interaction=3.7842  marginal=0.4432
  [softmax/cosine] epoch 11/20  interaction=3.7651  marginal=0.4454
  [softmax/cosine] epoch 12/20  interaction=3.7533  marginal=0.4378
  [softmax/cosine] epoch 13/20  interaction=3.7327  marginal=0.4374
  [softmax/cosine] epoch 14/20  interaction=3.7145  marginal=0.4322
  [softmax/cosine] epoch 15/20  interaction=3.7097  marginal=0.4297
  [softmax/cosine] epoch 16/20  interaction=3.6935  marginal=0.4293
  [softmax/cosine] epoch 17/20  interaction=3.6758  marginal=0.4283
  [softmax/cosine] epoch 18/20  interaction=3.6577  marginal=0.4221
  [softmax/cosine] epoch 19/20  interaction=3.6621  marginal=0.4227
  [softmax/cosine] epoch 20/20  interaction=3.6512  marginal=0.4206
  [cifar100_tau0.05_on_s2] probe=0.9382 mahaT=0.1926 perevt=0.000

----- cifar100_tau0.05_off_s0 (20 ep, 32d) -----
Using cache found in /home/pharris/.cache/torch/hub/chenyaofo_pytorch-cifar-models_master
  CIFAR two-view embedding-train images (no {4}): 49500
  [supcon] epoch 1/20  loss=4.2887
  [supcon] epoch 2/20  loss=4.0177
  [supcon] epoch 3/20  loss=3.9332
  [supcon] epoch 4/20  loss=3.8870
  [supcon] epoch 5/20  loss=3.8361
  [supcon] epoch 6/20  loss=3.8045
  [supcon] epoch 7/20  loss=3.7620
  [supcon] epoch 8/20  loss=3.7443
  [supcon] epoch 9/20  loss=3.7279
  [supcon] epoch 10/20  loss=3.6979
  [supcon] epoch 11/20  loss=3.6964
  [supcon] epoch 12/20  loss=3.6695
  [supcon] epoch 13/20  loss=3.6557
  [supcon] epoch 14/20  loss=3.6480
  [supcon] epoch 15/20  loss=3.6292
  [supcon] epoch 16/20  loss=3.6274
  [supcon] epoch 17/20  loss=3.6119
  [supcon] epoch 18/20  loss=3.5912
  [supcon] epoch 19/20  loss=3.5967
  [supcon] epoch 20/20  loss=3.5737
  [cifar100_tau0.05_off_s0] probe=0.9332 mahaT=0.4166 perevt=0.000

----- cifar100_tau0.05_off_s1 (20 ep, 32d) -----
Using cache found in /home/pharris/.cache/torch/hub/chenyaofo_pytorch-cifar-models_master
  CIFAR two-view embedding-train images (no {4}): 49500
  [supcon] epoch 1/20  loss=4.3102
  [supcon] epoch 2/20  loss=4.0292
  [supcon] epoch 3/20  loss=3.9321
  [supcon] epoch 4/20  loss=3.8867
  [supcon] epoch 5/20  loss=3.8290
  [supcon] epoch 6/20  loss=3.8058
  [supcon] epoch 7/20  loss=3.7715
  [supcon] epoch 8/20  loss=3.7512
  [supcon] epoch 9/20  loss=3.7327
  [supcon] epoch 10/20  loss=3.7051
  [supcon] epoch 11/20  loss=3.6854
  [supcon] epoch 12/20  loss=3.6614
  [supcon] epoch 13/20  loss=3.6546
  [supcon] epoch 14/20  loss=3.6470
  [supcon] epoch 15/20  loss=3.6320
  [supcon] epoch 16/20  loss=3.6154
  [supcon] epoch 17/20  loss=3.6004
  [supcon] epoch 18/20  loss=3.5923
  [supcon] epoch 19/20  loss=3.5849
  [supcon] epoch 20/20  loss=3.5683
  [cifar100_tau0.05_off_s1] probe=0.9505 mahaT=0.3608 perevt=0.000

----- cifar100_tau0.05_off_s2 (20 ep, 32d) -----
Using cache found in /home/pharris/.cache/torch/hub/chenyaofo_pytorch-cifar-models_master
  CIFAR two-view embedding-train images (no {4}): 49500
  [supcon] epoch 1/20  loss=4.3023
  [supcon] epoch 2/20  loss=4.0163
  [supcon] epoch 3/20  loss=3.9394
  [supcon] epoch 4/20  loss=3.8804
  [supcon] epoch 5/20  loss=3.8346
  [supcon] epoch 6/20  loss=3.7989
  [supcon] epoch 7/20  loss=3.7734
  [supcon] epoch 8/20  loss=3.7455
  [supcon] epoch 9/20  loss=3.7338
  [supcon] epoch 10/20  loss=3.7210
  [supcon] epoch 11/20  loss=3.6937
  [supcon] epoch 12/20  loss=3.6814
  [supcon] epoch 13/20  loss=3.6632
  [supcon] epoch 14/20  loss=3.6413
  [supcon] epoch 15/20  loss=3.6401
  [supcon] epoch 16/20  loss=3.6230
  [supcon] epoch 17/20  loss=3.6031
  [supcon] epoch 18/20  loss=3.5887
  [supcon] epoch 19/20  loss=3.5886
  [supcon] epoch 20/20  loss=3.5739
  [cifar100_tau0.05_off_s2] probe=0.9519 mahaT=0.3449 perevt=0.000

----- cifar100_tau0.1_on_s0 (20 ep, 32d) -----
Using cache found in /home/pharris/.cache/torch/hub/chenyaofo_pytorch-cifar-models_master
  CIFAR two-view embedding-train images (no {4}): 49500
  [softmax/cosine] epoch 1/20  interaction=4.3551  marginal=0.2179
  [softmax/cosine] epoch 2/20  interaction=4.1121  marginal=0.1093
  [softmax/cosine] epoch 3/20  interaction=4.0261  marginal=0.0957
  [softmax/cosine] epoch 4/20  interaction=3.9801  marginal=0.0895
  [softmax/cosine] epoch 5/20  interaction=3.9332  marginal=0.0859
  [softmax/cosine] epoch 6/20  interaction=3.8938  marginal=0.0820
  [softmax/cosine] epoch 7/20  interaction=3.8521  marginal=0.0807
  [softmax/cosine] epoch 8/20  interaction=3.8283  marginal=0.0784
  [softmax/cosine] epoch 9/20  interaction=3.8091  marginal=0.0769
  [softmax/cosine] epoch 10/20  interaction=3.7838  marginal=0.0755
  [softmax/cosine] epoch 11/20  interaction=3.7784  marginal=0.0743
  [softmax/cosine] epoch 12/20  interaction=3.7549  marginal=0.0717
  [softmax/cosine] epoch 13/20  interaction=3.7332  marginal=0.0726
  [softmax/cosine] epoch 14/20  interaction=3.7291  marginal=0.0711
  [softmax/cosine] epoch 15/20  interaction=3.7092  marginal=0.0710
  [softmax/cosine] epoch 16/20  interaction=3.7089  marginal=0.0715
  [softmax/cosine] epoch 17/20  interaction=3.6958  marginal=0.0688
  [softmax/cosine] epoch 18/20  interaction=3.6712  marginal=0.0705
  [softmax/cosine] epoch 19/20  interaction=3.6743  marginal=0.0672
  [softmax/cosine] epoch 20/20  interaction=3.6525  marginal=0.0683
  [cifar100_tau0.1_on_s0] probe=0.8719 mahaT=0.3941 perevt=0.000

----- cifar100_tau0.1_on_s1 (20 ep, 32d) -----
Using cache found in /home/pharris/.cache/torch/hub/chenyaofo_pytorch-cifar-models_master
  CIFAR two-view embedding-train images (no {4}): 49500
  [softmax/cosine] epoch 1/20  interaction=4.3713  marginal=0.2305
  [softmax/cosine] epoch 2/20  interaction=4.1204  marginal=0.1123
  [softmax/cosine] epoch 3/20  interaction=4.0244  marginal=0.0968
  [softmax/cosine] epoch 4/20  interaction=3.9797  marginal=0.0895
  [softmax/cosine] epoch 5/20  interaction=3.9161  marginal=0.0844
  [softmax/cosine] epoch 6/20  interaction=3.8924  marginal=0.0827
  [softmax/cosine] epoch 7/20  interaction=3.8555  marginal=0.0803
  [softmax/cosine] epoch 8/20  interaction=3.8327  marginal=0.0774
  [softmax/cosine] epoch 9/20  interaction=3.8157  marginal=0.0792
  [softmax/cosine] epoch 10/20  interaction=3.7875  marginal=0.0765
  [softmax/cosine] epoch 11/20  interaction=3.7666  marginal=0.0735
  [softmax/cosine] epoch 12/20  interaction=3.7427  marginal=0.0739
  [softmax/cosine] epoch 13/20  interaction=3.7330  marginal=0.0721
  [softmax/cosine] epoch 14/20  interaction=3.7241  marginal=0.0714
  [softmax/cosine] epoch 15/20  interaction=3.7072  marginal=0.0712
  [softmax/cosine] epoch 16/20  interaction=3.6923  marginal=0.0697
  [softmax/cosine] epoch 17/20  interaction=3.6762  marginal=0.0690
  [softmax/cosine] epoch 18/20  interaction=3.6666  marginal=0.0696
  [softmax/cosine] epoch 19/20  interaction=3.6596  marginal=0.0688
  [softmax/cosine] epoch 20/20  interaction=3.6466  marginal=0.0675
  [cifar100_tau0.1_on_s1] probe=0.8947 mahaT=0.4336 perevt=0.000

----- cifar100_tau0.1_on_s2 (20 ep, 32d) -----
Using cache found in /home/pharris/.cache/torch/hub/chenyaofo_pytorch-cifar-models_master
  CIFAR two-view embedding-train images (no {4}): 49500
  [softmax/cosine] epoch 1/20  interaction=4.3439  marginal=0.2260
  [softmax/cosine] epoch 2/20  interaction=4.1017  marginal=0.1099
  [softmax/cosine] epoch 3/20  interaction=4.0326  marginal=0.0968
  [softmax/cosine] epoch 4/20  interaction=3.9688  marginal=0.0913
  [softmax/cosine] epoch 5/20  interaction=3.9180  marginal=0.0852
  [softmax/cosine] epoch 6/20  interaction=3.8872  marginal=0.0815
  [softmax/cosine] epoch 7/20  interaction=3.8572  marginal=0.0811
  [softmax/cosine] epoch 8/20  interaction=3.8302  marginal=0.0785
  [softmax/cosine] epoch 9/20  interaction=3.8088  marginal=0.0781
  [softmax/cosine] epoch 10/20  interaction=3.7972  marginal=0.0754
  [softmax/cosine] epoch 11/20  interaction=3.7731  marginal=0.0749
  [softmax/cosine] epoch 12/20  interaction=3.7641  marginal=0.0748
  [softmax/cosine] epoch 13/20  interaction=3.7348  marginal=0.0715
  [softmax/cosine] epoch 14/20  interaction=3.7170  marginal=0.0711
  [softmax/cosine] epoch 15/20  interaction=3.7094  marginal=0.0704
  [softmax/cosine] epoch 16/20  interaction=3.6999  marginal=0.0697
  [softmax/cosine] epoch 17/20  interaction=3.6845  marginal=0.0685
  [softmax/cosine] epoch 18/20  interaction=3.6660  marginal=0.0686
  [softmax/cosine] epoch 19/20  interaction=3.6611  marginal=0.0673
  [softmax/cosine] epoch 20/20  interaction=3.6455  marginal=0.0665
  [cifar100_tau0.1_on_s2] probe=0.8782 mahaT=0.3663 perevt=0.000

----- cifar100_tau0.1_off_s0 (20 ep, 32d) -----
Using cache found in /home/pharris/.cache/torch/hub/chenyaofo_pytorch-cifar-models_master
  CIFAR two-view embedding-train images (no {4}): 49500
  [supcon] epoch 1/20  loss=4.2898
  [supcon] epoch 2/20  loss=4.0180
  [supcon] epoch 3/20  loss=3.9336
  [supcon] epoch 4/20  loss=3.8860
  [supcon] epoch 5/20  loss=3.8387
  [supcon] epoch 6/20  loss=3.8079
  [supcon] epoch 7/20  loss=3.7693
  [supcon] epoch 8/20  loss=3.7473
  [supcon] epoch 9/20  loss=3.7300
  [supcon] epoch 10/20  loss=3.7000
  [supcon] epoch 11/20  loss=3.6990
  [supcon] epoch 12/20  loss=3.6726
  [supcon] epoch 13/20  loss=3.6558
  [supcon] epoch 14/20  loss=3.6501
  [supcon] epoch 15/20  loss=3.6316
  [supcon] epoch 16/20  loss=3.6297
  [supcon] epoch 17/20  loss=3.6120
  [supcon] epoch 18/20  loss=3.5953
  [supcon] epoch 19/20  loss=3.5961
  [supcon] epoch 20/20  loss=3.5742
  [cifar100_tau0.1_off_s0] probe=0.9310 mahaT=0.3938 perevt=0.000

----- cifar100_tau0.1_off_s1 (20 ep, 32d) -----
Using cache found in /home/pharris/.cache/torch/hub/chenyaofo_pytorch-cifar-models_master
  CIFAR two-view embedding-train images (no {4}): 49500
  [supcon] epoch 1/20  loss=4.3033
  [supcon] epoch 2/20  loss=4.0283
  [supcon] epoch 3/20  loss=3.9298
  [supcon] epoch 4/20  loss=3.8816
  [supcon] epoch 5/20  loss=3.8280
  [supcon] epoch 6/20  loss=3.8028
  [supcon] epoch 7/20  loss=3.7697
  [supcon] epoch 8/20  loss=3.7510
  [supcon] epoch 9/20  loss=3.7340
  [supcon] epoch 10/20  loss=3.7049
  [supcon] epoch 11/20  loss=3.6835
  [supcon] epoch 12/20  loss=3.6660
  [supcon] epoch 13/20  loss=3.6518
  [supcon] epoch 14/20  loss=3.6506
  [supcon] epoch 15/20  loss=3.6310
  [supcon] epoch 16/20  loss=3.6133
  [supcon] epoch 17/20  loss=3.6024
  [supcon] epoch 18/20  loss=3.5905
  [supcon] epoch 19/20  loss=3.5894
  [supcon] epoch 20/20  loss=3.5668
  [cifar100_tau0.1_off_s1] probe=0.9369 mahaT=0.3714 perevt=0.000

----- cifar100_tau0.1_off_s2 (20 ep, 32d) -----
Using cache found in /home/pharris/.cache/torch/hub/chenyaofo_pytorch-cifar-models_master
  CIFAR two-view embedding-train images (no {4}): 49500
  [supcon] epoch 1/20  loss=4.2890
  [supcon] epoch 2/20  loss=4.0123
  [supcon] epoch 3/20  loss=3.9409
  [supcon] epoch 4/20  loss=3.8812
  [supcon] epoch 5/20  loss=3.8341
  [supcon] epoch 6/20  loss=3.8000
  [supcon] epoch 7/20  loss=3.7702
  [supcon] epoch 8/20  loss=3.7461
  [supcon] epoch 9/20  loss=3.7314
  [supcon] epoch 10/20  loss=3.7171
  [supcon] epoch 11/20  loss=3.6947
  [supcon] epoch 12/20  loss=3.6813
  [supcon] epoch 13/20  loss=3.6579
  [supcon] epoch 14/20  loss=3.6443
  [supcon] epoch 15/20  loss=3.6362
  [supcon] epoch 16/20  loss=3.6217
  [supcon] epoch 17/20  loss=3.6055
  [supcon] epoch 18/20  loss=3.5926
  [supcon] epoch 19/20  loss=3.5896
  [supcon] epoch 20/20  loss=3.5706
  [cifar100_tau0.1_off_s2] probe=0.9379 mahaT=0.3312 perevt=0.000

----- cifar100_tau0.3_on_s0 (20 ep, 32d) -----
Using cache found in /home/pharris/.cache/torch/hub/chenyaofo_pytorch-cifar-models_master
  CIFAR two-view embedding-train images (no {4}): 49500
  [softmax/cosine] epoch 1/20  interaction=4.8528  marginal=0.0783
  [softmax/cosine] epoch 2/20  interaction=4.6488  marginal=0.0374
  [softmax/cosine] epoch 3/20  interaction=4.5873  marginal=0.0368
  [softmax/cosine] epoch 4/20  interaction=4.5534  marginal=0.0365
  [softmax/cosine] epoch 5/20  interaction=4.5206  marginal=0.0365
  [softmax/cosine] epoch 6/20  interaction=4.4976  marginal=0.0371
  [softmax/cosine] epoch 7/20  interaction=4.4723  marginal=0.0369
  [softmax/cosine] epoch 8/20  interaction=4.4558  marginal=0.0367
  [softmax/cosine] epoch 9/20  interaction=4.4445  marginal=0.0367
  [softmax/cosine] epoch 10/20  interaction=4.4291  marginal=0.0360
  [softmax/cosine] epoch 11/20  interaction=4.4221  marginal=0.0360
  [softmax/cosine] epoch 12/20  interaction=4.4061  marginal=0.0356
  [softmax/cosine] epoch 13/20  interaction=4.3936  marginal=0.0354
  [softmax/cosine] epoch 14/20  interaction=4.3928  marginal=0.0351
  [softmax/cosine] epoch 15/20  interaction=4.3768  marginal=0.0350
  [softmax/cosine] epoch 16/20  interaction=4.3764  marginal=0.0348
  [softmax/cosine] epoch 17/20  interaction=4.3667  marginal=0.0346
  [softmax/cosine] epoch 18/20  interaction=4.3551  marginal=0.0343
  [softmax/cosine] epoch 19/20  interaction=4.3583  marginal=0.0346
  [softmax/cosine] epoch 20/20  interaction=4.3426  marginal=0.0342
  [cifar100_tau0.3_on_s0] probe=0.9248 mahaT=0.4870 perevt=0.030

----- cifar100_tau0.3_on_s1 (20 ep, 32d) -----
Using cache found in /home/pharris/.cache/torch/hub/chenyaofo_pytorch-cifar-models_master
  CIFAR two-view embedding-train images (no {4}): 49500
  [softmax/cosine] epoch 1/20  interaction=4.8536  marginal=0.0820
  [softmax/cosine] epoch 2/20  interaction=4.6555  marginal=0.0388
  [softmax/cosine] epoch 3/20  interaction=4.5931  marginal=0.0373
  [softmax/cosine] epoch 4/20  interaction=4.5538  marginal=0.0372
  [softmax/cosine] epoch 5/20  interaction=4.5181  marginal=0.0368
  [softmax/cosine] epoch 6/20  interaction=4.5006  marginal=0.0363
  [softmax/cosine] epoch 7/20  interaction=4.4781  marginal=0.0363
  [softmax/cosine] epoch 8/20  interaction=4.4614  marginal=0.0358
  [softmax/cosine] epoch 9/20  interaction=4.4450  marginal=0.0356
  [softmax/cosine] epoch 10/20  interaction=4.4314  marginal=0.0354
  [softmax/cosine] epoch 11/20  interaction=4.4215  marginal=0.0350
  [softmax/cosine] epoch 12/20  interaction=4.4050  marginal=0.0343
  [softmax/cosine] epoch 13/20  interaction=4.3997  marginal=0.0343
  [softmax/cosine] epoch 14/20  interaction=4.3924  marginal=0.0343
  [softmax/cosine] epoch 15/20  interaction=4.3816  marginal=0.0343
  [softmax/cosine] epoch 16/20  interaction=4.3731  marginal=0.0336
  [softmax/cosine] epoch 17/20  interaction=4.3614  marginal=0.0336
  [softmax/cosine] epoch 18/20  interaction=4.3558  marginal=0.0334
  [softmax/cosine] epoch 19/20  interaction=4.3497  marginal=0.0330
  [softmax/cosine] epoch 20/20  interaction=4.3465  marginal=0.0331
  [cifar100_tau0.3_on_s1] probe=0.9040 mahaT=0.5564 perevt=0.010

----- cifar100_tau0.3_on_s2 (20 ep, 32d) -----
Using cache found in /home/pharris/.cache/torch/hub/chenyaofo_pytorch-cifar-models_master
  CIFAR two-view embedding-train images (no {4}): 49500
  [softmax/cosine] epoch 1/20  interaction=4.8476  marginal=0.0811
  [softmax/cosine] epoch 2/20  interaction=4.6467  marginal=0.0380
  [softmax/cosine] epoch 3/20  interaction=4.5855  marginal=0.0372
  [softmax/cosine] epoch 4/20  interaction=4.5476  marginal=0.0361
  [softmax/cosine] epoch 5/20  interaction=4.5180  marginal=0.0356
  [softmax/cosine] epoch 6/20  interaction=4.4897  marginal=0.0360
  [softmax/cosine] epoch 7/20  interaction=4.4728  marginal=0.0357
  [softmax/cosine] epoch 8/20  interaction=4.4545  marginal=0.0354
  [softmax/cosine] epoch 9/20  interaction=4.4417  marginal=0.0355
  [softmax/cosine] epoch 10/20  interaction=4.4324  marginal=0.0350
  [softmax/cosine] epoch 11/20  interaction=4.4207  marginal=0.0348
  [softmax/cosine] epoch 12/20  interaction=4.4101  marginal=0.0343
  [softmax/cosine] epoch 13/20  interaction=4.3971  marginal=0.0346
  [softmax/cosine] epoch 14/20  interaction=4.3859  marginal=0.0338
  [softmax/cosine] epoch 15/20  interaction=4.3801  marginal=0.0342
  [softmax/cosine] epoch 16/20  interaction=4.3707  marginal=0.0338
  [softmax/cosine] epoch 17/20  interaction=4.3619  marginal=0.0335
  [softmax/cosine] epoch 18/20  interaction=4.3530  marginal=0.0336
  [softmax/cosine] epoch 19/20  interaction=4.3501  marginal=0.0333
  [softmax/cosine] epoch 20/20  interaction=4.3419  marginal=0.0334
  [cifar100_tau0.3_on_s2] probe=0.9209 mahaT=0.4755 perevt=0.050

----- cifar100_tau0.3_off_s0 (20 ep, 32d) -----
Using cache found in /home/pharris/.cache/torch/hub/chenyaofo_pytorch-cifar-models_master
  CIFAR two-view embedding-train images (no {4}): 49500
  [supcon] epoch 1/20  loss=4.8139
  [supcon] epoch 2/20  loss=4.6313
  [supcon] epoch 3/20  loss=4.5739
  [supcon] epoch 4/20  loss=4.5420
  [supcon] epoch 5/20  loss=4.5091
  [supcon] epoch 6/20  loss=4.4894
  [supcon] epoch 7/20  loss=4.4632
  [supcon] epoch 8/20  loss=4.4466
  [supcon] epoch 9/20  loss=4.4398
  [supcon] epoch 10/20  loss=4.4228
  [supcon] epoch 11/20  loss=4.4143
  [supcon] epoch 12/20  loss=4.4033
  [supcon] epoch 13/20  loss=4.3903
  [supcon] epoch 14/20  loss=4.3928
  [supcon] epoch 15/20  loss=4.3780
  [supcon] epoch 16/20  loss=4.3752
  [supcon] epoch 17/20  loss=4.3650
  [supcon] epoch 18/20  loss=4.3578
  [supcon] epoch 19/20  loss=4.3560
  [supcon] epoch 20/20  loss=4.3441
  [cifar100_tau0.3_off_s0] probe=0.9046 mahaT=0.3876 perevt=0.000

----- cifar100_tau0.3_off_s1 (20 ep, 32d) -----
Using cache found in /home/pharris/.cache/torch/hub/chenyaofo_pytorch-cifar-models_master
  CIFAR two-view embedding-train images (no {4}): 49500
  [supcon] epoch 1/20  loss=4.8199
  [supcon] epoch 2/20  loss=4.6376
  [supcon] epoch 3/20  loss=4.5775
  [supcon] epoch 4/20  loss=4.5396
  [supcon] epoch 5/20  loss=4.5083
  [supcon] epoch 6/20  loss=4.4910
  [supcon] epoch 7/20  loss=4.4673
  [supcon] epoch 8/20  loss=4.4537
  [supcon] epoch 9/20  loss=4.4425
  [supcon] epoch 10/20  loss=4.4240
  [supcon] epoch 11/20  loss=4.4157
  [supcon] epoch 12/20  loss=4.4029
  [supcon] epoch 13/20  loss=4.3982
  [supcon] epoch 14/20  loss=4.3896
  [supcon] epoch 15/20  loss=4.3802
  [supcon] epoch 16/20  loss=4.3740
  [supcon] epoch 17/20  loss=4.3637
  [supcon] epoch 18/20  loss=4.3570
  [supcon] epoch 19/20  loss=4.3521
  [supcon] epoch 20/20  loss=4.3476
  [cifar100_tau0.3_off_s1] probe=0.9052 mahaT=0.3485 perevt=0.000

----- cifar100_tau0.3_off_s2 (20 ep, 32d) -----
Using cache found in /home/pharris/.cache/torch/hub/chenyaofo_pytorch-cifar-models_master
  CIFAR two-view embedding-train images (no {4}): 49500
  [supcon] epoch 1/20  loss=4.8145
  [supcon] epoch 2/20  loss=4.6284
  [supcon] epoch 3/20  loss=4.5778
  [supcon] epoch 4/20  loss=4.5366
  [supcon] epoch 5/20  loss=4.5096
  [supcon] epoch 6/20  loss=4.4851
  [supcon] epoch 7/20  loss=4.4661
  [supcon] epoch 8/20  loss=4.4507
  [supcon] epoch 9/20  loss=4.4389
  [supcon] epoch 10/20  loss=4.4303
  [supcon] epoch 11/20  loss=4.4181
  [supcon] epoch 12/20  loss=4.4064
  [supcon] epoch 13/20  loss=4.3956
  [supcon] epoch 14/20  loss=4.3867
  [supcon] epoch 15/20  loss=4.3773
  [supcon] epoch 16/20  loss=4.3729
  [supcon] epoch 17/20  loss=4.3642
  [supcon] epoch 18/20  loss=4.3521
  [supcon] epoch 19/20  loss=4.3499
  [supcon] epoch 20/20  loss=4.3433
  [cifar100_tau0.3_off_s2] probe=0.9124 mahaT=0.3558 perevt=0.000

----- cifar100_tau1.0_on_s0 (20 ep, 32d) -----
Using cache found in /home/pharris/.cache/torch/hub/chenyaofo_pytorch-cifar-models_master
  CIFAR two-view embedding-train images (no {4}): 49500
  [softmax/cosine] epoch 1/20  interaction=5.7047  marginal=0.0893
  [softmax/cosine] epoch 2/20  interaction=5.6339  marginal=0.0573
  [softmax/cosine] epoch 3/20  interaction=5.6159  marginal=0.0557
  [softmax/cosine] epoch 4/20  interaction=5.6033  marginal=0.0534
  [softmax/cosine] epoch 5/20  interaction=5.5918  marginal=0.0539
  [softmax/cosine] epoch 6/20  interaction=5.5853  marginal=0.0534
  [softmax/cosine] epoch 7/20  interaction=5.5760  marginal=0.0520
  [softmax/cosine] epoch 8/20  interaction=5.5722  marginal=0.0511
  [softmax/cosine] epoch 9/20  interaction=5.5679  marginal=0.0515
  [softmax/cosine] epoch 10/20  interaction=5.5631  marginal=0.0513
  [softmax/cosine] epoch 11/20  interaction=5.5589  marginal=0.0519
  [softmax/cosine] epoch 12/20  interaction=5.5563  marginal=0.0503
  [softmax/cosine] epoch 13/20  interaction=5.5520  marginal=0.0516
  [softmax/cosine] epoch 14/20  interaction=5.5527  marginal=0.0501
  [softmax/cosine] epoch 15/20  interaction=5.5468  marginal=0.0501
  [softmax/cosine] epoch 16/20  interaction=5.5471  marginal=0.0498
  [softmax/cosine] epoch 17/20  interaction=5.5443  marginal=0.0494
  [softmax/cosine] epoch 18/20  interaction=5.5402  marginal=0.0500
  [softmax/cosine] epoch 19/20  interaction=5.5394  marginal=0.0500
  [softmax/cosine] epoch 20/20  interaction=5.5361  marginal=0.0492
  [cifar100_tau1.0_on_s0] probe=0.9232 mahaT=0.5302 perevt=0.070

----- cifar100_tau1.0_on_s1 (20 ep, 32d) -----
Using cache found in /home/pharris/.cache/torch/hub/chenyaofo_pytorch-cifar-models_master
  CIFAR two-view embedding-train images (no {4}): 49500
  [softmax/cosine] epoch 1/20  interaction=5.7008  marginal=0.0913
  [softmax/cosine] epoch 2/20  interaction=5.6333  marginal=0.0581
  [softmax/cosine] epoch 3/20  interaction=5.6125  marginal=0.0552
  [softmax/cosine] epoch 4/20  interaction=5.6006  marginal=0.0545
  [softmax/cosine] epoch 5/20  interaction=5.5883  marginal=0.0533
  [softmax/cosine] epoch 6/20  interaction=5.5839  marginal=0.0529
  [softmax/cosine] epoch 7/20  interaction=5.5764  marginal=0.0517
  [softmax/cosine] epoch 8/20  interaction=5.5719  marginal=0.0525
  [softmax/cosine] epoch 9/20  interaction=5.5670  marginal=0.0516
  [softmax/cosine] epoch 10/20  interaction=5.5609  marginal=0.0514
  [softmax/cosine] epoch 11/20  interaction=5.5596  marginal=0.0517
  [softmax/cosine] epoch 12/20  interaction=5.5543  marginal=0.0512
  [softmax/cosine] epoch 13/20  interaction=5.5518  marginal=0.0515
  [softmax/cosine] epoch 14/20  interaction=5.5495  marginal=0.0506
  [softmax/cosine] epoch 15/20  interaction=5.5467  marginal=0.0505
  [softmax/cosine] epoch 16/20  interaction=5.5444  marginal=0.0506
  [softmax/cosine] epoch 17/20  interaction=5.5416  marginal=0.0505
  [softmax/cosine] epoch 18/20  interaction=5.5384  marginal=0.0500
  [softmax/cosine] epoch 19/20  interaction=5.5376  marginal=0.0505
  [softmax/cosine] epoch 20/20  interaction=5.5361  marginal=0.0502
  [cifar100_tau1.0_on_s1] probe=0.9174 mahaT=0.5114 perevt=0.020

----- cifar100_tau1.0_on_s2 (20 ep, 32d) -----
Using cache found in /home/pharris/.cache/torch/hub/chenyaofo_pytorch-cifar-models_master
  CIFAR two-view embedding-train images (no {4}): 49500
  [softmax/cosine] epoch 1/20  interaction=5.7027  marginal=0.0902
  [softmax/cosine] epoch 2/20  interaction=5.6333  marginal=0.0580
  [softmax/cosine] epoch 3/20  interaction=5.6132  marginal=0.0559
  [softmax/cosine] epoch 4/20  interaction=5.5999  marginal=0.0534
  [softmax/cosine] epoch 5/20  interaction=5.5891  marginal=0.0529
  [softmax/cosine] epoch 6/20  interaction=5.5814  marginal=0.0538
  [softmax/cosine] epoch 7/20  interaction=5.5756  marginal=0.0528
  [softmax/cosine] epoch 8/20  interaction=5.5693  marginal=0.0528
  [softmax/cosine] epoch 9/20  interaction=5.5648  marginal=0.0519
  [softmax/cosine] epoch 10/20  interaction=5.5623  marginal=0.0523
  [softmax/cosine] epoch 11/20  interaction=5.5609  marginal=0.0511
  [softmax/cosine] epoch 12/20  interaction=5.5549  marginal=0.0505
  [softmax/cosine] epoch 13/20  interaction=5.5511  marginal=0.0512
  [softmax/cosine] epoch 14/20  interaction=5.5482  marginal=0.0507
  [softmax/cosine] epoch 15/20  interaction=5.5469  marginal=0.0500
  [softmax/cosine] epoch 16/20  interaction=5.5453  marginal=0.0512
  [softmax/cosine] epoch 17/20  interaction=5.5409  marginal=0.0506
  [softmax/cosine] epoch 18/20  interaction=5.5382  marginal=0.0497
  [softmax/cosine] epoch 19/20  interaction=5.5386  marginal=0.0504
  [softmax/cosine] epoch 20/20  interaction=5.5354  marginal=0.0500
  [cifar100_tau1.0_on_s2] probe=0.9105 mahaT=0.4633 perevt=0.050

----- cifar100_tau1.0_off_s0 (20 ep, 32d) -----
Using cache found in /home/pharris/.cache/torch/hub/chenyaofo_pytorch-cifar-models_master
  CIFAR two-view embedding-train images (no {4}): 49500
  [supcon] epoch 1/20  loss=5.6812
  [supcon] epoch 2/20  loss=5.6231
  [supcon] epoch 3/20  loss=5.6075
  [supcon] epoch 4/20  loss=5.5986
  [supcon] epoch 5/20  loss=5.5871
  [supcon] epoch 6/20  loss=5.5803
  [supcon] epoch 7/20  loss=5.5735
  [supcon] epoch 8/20  loss=5.5698
  [supcon] epoch 9/20  loss=5.5658
  [supcon] epoch 10/20  loss=5.5615
  [supcon] epoch 11/20  loss=5.5571
  [supcon] epoch 12/20  loss=5.5565
  [supcon] epoch 13/20  loss=5.5510
  [supcon] epoch 14/20  loss=5.5522
  [supcon] epoch 15/20  loss=5.5486
  [supcon] epoch 16/20  loss=5.5479
  [supcon] epoch 17/20  loss=5.5452
  [supcon] epoch 18/20  loss=5.5408
  [supcon] epoch 19/20  loss=5.5420
  [supcon] epoch 20/20  loss=5.5366
  [cifar100_tau1.0_off_s0] probe=0.8898 mahaT=0.4253 perevt=0.000

----- cifar100_tau1.0_off_s1 (20 ep, 32d) -----
Using cache found in /home/pharris/.cache/torch/hub/chenyaofo_pytorch-cifar-models_master
  CIFAR two-view embedding-train images (no {4}): 49500
  [supcon] epoch 1/20  loss=5.6800
  [supcon] epoch 2/20  loss=5.6243
  [supcon] epoch 3/20  loss=5.6078
  [supcon] epoch 4/20  loss=5.5969
  [supcon] epoch 5/20  loss=5.5845
  [supcon] epoch 6/20  loss=5.5818
  [supcon] epoch 7/20  loss=5.5758
  [supcon] epoch 8/20  loss=5.5709
  [supcon] epoch 9/20  loss=5.5668
  [supcon] epoch 10/20  loss=5.5634
  [supcon] epoch 11/20  loss=5.5592
  [supcon] epoch 12/20  loss=5.5573
  [supcon] epoch 13/20  loss=5.5538
  [supcon] epoch 14/20  loss=5.5508
  [supcon] epoch 15/20  loss=5.5483
  [supcon] epoch 16/20  loss=5.5465
  [supcon] epoch 17/20  loss=5.5446
  [supcon] epoch 18/20  loss=5.5416
  [supcon] epoch 19/20  loss=5.5401
  [supcon] epoch 20/20  loss=5.5392
  [cifar100_tau1.0_off_s1] probe=0.8456 mahaT=0.4098 perevt=0.000

----- cifar100_tau1.0_off_s2 (20 ep, 32d) -----
Using cache found in /home/pharris/.cache/torch/hub/chenyaofo_pytorch-cifar-models_master
  CIFAR two-view embedding-train images (no {4}): 49500
  [supcon] epoch 1/20  loss=5.6799
  [supcon] epoch 2/20  loss=5.6224
  [supcon] epoch 3/20  loss=5.6073
  [supcon] epoch 4/20  loss=5.5948
  [supcon] epoch 5/20  loss=5.5859
  [supcon] epoch 6/20  loss=5.5786
  [supcon] epoch 7/20  loss=5.5751
  [supcon] epoch 8/20  loss=5.5684
  [supcon] epoch 9/20  loss=5.5651
  [supcon] epoch 10/20  loss=5.5626
  [supcon] epoch 11/20  loss=5.5600
  [supcon] epoch 12/20  loss=5.5576
  [supcon] epoch 13/20  loss=5.5534
  [supcon] epoch 14/20  loss=5.5485
  [supcon] epoch 15/20  loss=5.5461
  [supcon] epoch 16/20  loss=5.5460
  [supcon] epoch 17/20  loss=5.5418
  [supcon] epoch 18/20  loss=5.5413
  [supcon] epoch 19/20  loss=5.5393
  [supcon] epoch 20/20  loss=5.5357
  [cifar100_tau1.0_off_s2] probe=0.8475 mahaT=0.4251 perevt=0.000

----- cifar100_tau3.0_on_s0 (20 ep, 32d) -----
Using cache found in /home/pharris/.cache/torch/hub/chenyaofo_pytorch-cifar-models_master
  CIFAR two-view embedding-train images (no {4}): 49500
  [softmax/cosine] epoch 1/20  interaction=6.0607  marginal=0.0826
  [softmax/cosine] epoch 2/20  interaction=6.0352  marginal=0.0479
  [softmax/cosine] epoch 3/20  interaction=6.0287  marginal=0.0433
  [softmax/cosine] epoch 4/20  interaction=6.0250  marginal=0.0411
  [softmax/cosine] epoch 5/20  interaction=6.0214  marginal=0.0397
  [softmax/cosine] epoch 6/20  interaction=6.0189  marginal=0.0393
  [softmax/cosine] epoch 7/20  interaction=6.0162  marginal=0.0387
  [softmax/cosine] epoch 8/20  interaction=6.0148  marginal=0.0376
  [softmax/cosine] epoch 9/20  interaction=6.0135  marginal=0.0376
  [softmax/cosine] epoch 10/20  interaction=6.0118  marginal=0.0366
  [softmax/cosine] epoch 11/20  interaction=6.0104  marginal=0.0371
  [softmax/cosine] epoch 12/20  interaction=6.0090  marginal=0.0363
  [softmax/cosine] epoch 13/20  interaction=6.0076  marginal=0.0363
  [softmax/cosine] epoch 14/20  interaction=6.0073  marginal=0.0361
  [softmax/cosine] epoch 15/20  interaction=6.0058  marginal=0.0363
  [softmax/cosine] epoch 16/20  interaction=6.0057  marginal=0.0361
  [softmax/cosine] epoch 17/20  interaction=6.0042  marginal=0.0359
  [softmax/cosine] epoch 18/20  interaction=6.0035  marginal=0.0357
  [softmax/cosine] epoch 19/20  interaction=6.0035  marginal=0.0357
  [softmax/cosine] epoch 20/20  interaction=6.0021  marginal=0.0346
  [cifar100_tau3.0_on_s0] probe=0.9353 mahaT=0.5215 perevt=0.050

----- cifar100_tau3.0_on_s1 (20 ep, 32d) -----
Using cache found in /home/pharris/.cache/torch/hub/chenyaofo_pytorch-cifar-models_master
  CIFAR two-view embedding-train images (no {4}): 49500
  [softmax/cosine] epoch 1/20  interaction=6.0575  marginal=0.0876
  [softmax/cosine] epoch 2/20  interaction=6.0354  marginal=0.0472
  [softmax/cosine] epoch 3/20  interaction=6.0282  marginal=0.0431
  [softmax/cosine] epoch 4/20  interaction=6.0236  marginal=0.0411
  [softmax/cosine] epoch 5/20  interaction=6.0201  marginal=0.0396
  [softmax/cosine] epoch 6/20  interaction=6.0192  marginal=0.0385
  [softmax/cosine] epoch 7/20  interaction=6.0165  marginal=0.0370
  [softmax/cosine] epoch 8/20  interaction=6.0145  marginal=0.0378
  [softmax/cosine] epoch 9/20  interaction=6.0133  marginal=0.0371
  [softmax/cosine] epoch 10/20  interaction=6.0114  marginal=0.0359
  [softmax/cosine] epoch 11/20  interaction=6.0103  marginal=0.0367
  [softmax/cosine] epoch 12/20  interaction=6.0092  marginal=0.0364
  [softmax/cosine] epoch 13/20  interaction=6.0080  marginal=0.0360
  [softmax/cosine] epoch 14/20  interaction=6.0069  marginal=0.0358
  [softmax/cosine] epoch 15/20  interaction=6.0062  marginal=0.0358
  [softmax/cosine] epoch 16/20  interaction=6.0055  marginal=0.0355
  [softmax/cosine] epoch 17/20  interaction=6.0045  marginal=0.0352
  [softmax/cosine] epoch 18/20  interaction=6.0035  marginal=0.0344
  [softmax/cosine] epoch 19/20  interaction=6.0025  marginal=0.0351
  [softmax/cosine] epoch 20/20  interaction=6.0022  marginal=0.0343
  [cifar100_tau3.0_on_s1] probe=0.9249 mahaT=0.5210 perevt=0.060

----- cifar100_tau3.0_on_s2 (20 ep, 32d) -----
Using cache found in /home/pharris/.cache/torch/hub/chenyaofo_pytorch-cifar-models_master
  CIFAR two-view embedding-train images (no {4}): 49500
  [softmax/cosine] epoch 1/20  interaction=6.0589  marginal=0.0868
  [softmax/cosine] epoch 2/20  interaction=6.0351  marginal=0.0485
  [softmax/cosine] epoch 3/20  interaction=6.0285  marginal=0.0442
  [softmax/cosine] epoch 4/20  interaction=6.0239  marginal=0.0412
  [softmax/cosine] epoch 5/20  interaction=6.0203  marginal=0.0400
  [softmax/cosine] epoch 6/20  interaction=6.0174  marginal=0.0394
  [softmax/cosine] epoch 7/20  interaction=6.0157  marginal=0.0381
  [softmax/cosine] epoch 8/20  interaction=6.0140  marginal=0.0380
  [softmax/cosine] epoch 9/20  interaction=6.0123  marginal=0.0374
  [softmax/cosine] epoch 10/20  interaction=6.0116  marginal=0.0375
  [softmax/cosine] epoch 11/20  interaction=6.0107  marginal=0.0369
  [softmax/cosine] epoch 12/20  interaction=6.0087  marginal=0.0367
  [softmax/cosine] epoch 13/20  interaction=6.0075  marginal=0.0361
  [softmax/cosine] epoch 14/20  interaction=6.0062  marginal=0.0359
  [softmax/cosine] epoch 15/20  interaction=6.0056  marginal=0.0356
  [softmax/cosine] epoch 16/20  interaction=6.0053  marginal=0.0356
  [softmax/cosine] epoch 17/20  interaction=6.0039  marginal=0.0353
  [softmax/cosine] epoch 18/20  interaction=6.0033  marginal=0.0353
  [softmax/cosine] epoch 19/20  interaction=6.0030  marginal=0.0350
  [softmax/cosine] epoch 20/20  interaction=6.0022  marginal=0.0346
  [cifar100_tau3.0_on_s2] probe=0.9169 mahaT=0.4879 perevt=0.020

----- cifar100_tau3.0_off_s0 (20 ep, 32d) -----
Using cache found in /home/pharris/.cache/torch/hub/chenyaofo_pytorch-cifar-models_master
  CIFAR two-view embedding-train images (no {4}): 49500
  [supcon] epoch 1/20  loss=6.0314
  [supcon] epoch 2/20  loss=6.0117
  [supcon] epoch 3/20  loss=6.0073
  [supcon] epoch 4/20  loss=6.0040
  [supcon] epoch 5/20  loss=6.0007
  [supcon] epoch 6/20  loss=5.9980
  [supcon] epoch 7/20  loss=5.9959
  [supcon] epoch 8/20  loss=5.9948
  [supcon] epoch 9/20  loss=5.9942
  [supcon] epoch 10/20  loss=5.9927
  [supcon] epoch 11/20  loss=5.9904
  [supcon] epoch 12/20  loss=5.9909
  [supcon] epoch 13/20  loss=5.9889
  [supcon] epoch 14/20  loss=5.9890
  [supcon] epoch 15/20  loss=5.9881
  [supcon] epoch 16/20  loss=5.9881
  [supcon] epoch 17/20  loss=5.9868
  [supcon] epoch 18/20  loss=5.9864
  [supcon] epoch 19/20  loss=5.9849
  [supcon] epoch 20/20  loss=5.9848
  [cifar100_tau3.0_off_s0] probe=0.8089 mahaT=0.3563 perevt=0.010

----- cifar100_tau3.0_off_s1 (20 ep, 32d) -----
Using cache found in /home/pharris/.cache/torch/hub/chenyaofo_pytorch-cifar-models_master
  CIFAR two-view embedding-train images (no {4}): 49500
  [supcon] epoch 1/20  loss=6.0323
  [supcon] epoch 2/20  loss=6.0127
  [supcon] epoch 3/20  loss=6.0063
  [supcon] epoch 4/20  loss=6.0041
  [supcon] epoch 5/20  loss=6.0000
  [supcon] epoch 6/20  loss=5.9989
  [supcon] epoch 7/20  loss=5.9969
  [supcon] epoch 8/20  loss=5.9950
  [supcon] epoch 9/20  loss=5.9946
  [supcon] epoch 10/20  loss=5.9930
  [supcon] epoch 11/20  loss=5.9918
  [supcon] epoch 12/20  loss=5.9906
  [supcon] epoch 13/20  loss=5.9902
  [supcon] epoch 14/20  loss=5.9884
  [supcon] epoch 15/20  loss=5.9873
  [supcon] epoch 16/20  loss=5.9878
  [supcon] epoch 17/20  loss=5.9868
  [supcon] epoch 18/20  loss=5.9857
  [supcon] epoch 19/20  loss=5.9851
  [supcon] epoch 20/20  loss=5.9851
  [cifar100_tau3.0_off_s1] probe=0.8009 mahaT=0.3473 perevt=0.000

----- cifar100_tau3.0_off_s2 (20 ep, 32d) -----
Using cache found in /home/pharris/.cache/torch/hub/chenyaofo_pytorch-cifar-models_master
  CIFAR two-view embedding-train images (no {4}): 49500
  [supcon] epoch 1/20  loss=6.0315
  [supcon] epoch 2/20  loss=6.0119
  [supcon] epoch 3/20  loss=6.0073
  [supcon] epoch 4/20  loss=6.0033
  [supcon] epoch 5/20  loss=6.0001
  [supcon] epoch 6/20  loss=5.9980
  [supcon] epoch 7/20  loss=5.9966
  [supcon] epoch 8/20  loss=5.9951
  [supcon] epoch 9/20  loss=5.9933
  [supcon] epoch 10/20  loss=5.9928
  [supcon] epoch 11/20  loss=5.9926
  [supcon] epoch 12/20  loss=5.9910
  [supcon] epoch 13/20  loss=5.9896
  [supcon] epoch 14/20  loss=5.9887
  [supcon] epoch 15/20  loss=5.9877
  [supcon] epoch 16/20  loss=5.9879
  [supcon] epoch 17/20  loss=5.9862
  [supcon] epoch 18/20  loss=5.9850
  [supcon] epoch 19/20  loss=5.9846
  [supcon] epoch 20/20  loss=5.9848
  [cifar100_tau3.0_off_s2] probe=0.8250 mahaT=0.3604 perevt=0.010

=== basin check (mean mahaT over seeds) ===
  cifar100:
    tau=0.05  on=0.238  off=0.374
    tau=0.1   on=0.398  off=0.365
    tau=0.3   on=0.506  off=0.364
    tau=1.0   on=0.502  off=0.420
    tau=3.0   on=0.510  off=0.355
