/home/pharris/venv/lib64/python3.9/site-packages/networkx/utils/backends.py:135: RuntimeWarning: networkx backend defined more than once: nx-loopback
  backends.update(_get_backends("networkx.backends"))

######## galaxy10:lejepa_h1_d7: holdouts=[4] ########
Fetching 37 files:   0%|          | 0/37 [00:00<?, ?it/s]Fetching 37 files: 100%|██████████| 37/37 [00:00<00:00, 455100.43it/s]

  --- supcon-ft: pre probe=0.9206 eucl=0.7812 mahaT=0.7964 perevt=0.156   [archived unfrozen post probe 0.9026]
  [sigreg+proto] epoch 1/5  sigreg=0.2671  proto=6.4886  min_dist=4.80  mean_dist=16.62
  [sigreg+proto] epoch 2/5  sigreg=0.2726  proto=6.5754  min_dist=4.85  mean_dist=16.63
  [sigreg+proto] epoch 3/5  sigreg=0.2522  proto=6.0507  min_dist=4.91  mean_dist=16.65
  [sigreg+proto] epoch 4/5  sigreg=0.2640  proto=5.8381  min_dist=4.96  mean_dist=16.66
  [sigreg+proto] epoch 5/5  sigreg=0.2650  proto=6.5319  min_dist=5.01  mean_dist=16.68
  round 1: pool=98 purity=0.112 k-hat=4 anchors=4  margin=0.7523  mean-anchor=0.8832  4=0.883
  [sigreg+proto] epoch 1/5  sigreg=0.2942  proto=6.2464  min_dist=2.88  mean_dist=16.68
  [sigreg+proto] epoch 2/5  sigreg=0.2928  proto=5.7985  min_dist=2.94  mean_dist=16.70
  [sigreg+proto] epoch 3/5  sigreg=0.2961  proto=6.5005  min_dist=3.01  mean_dist=16.72
  [sigreg+proto] epoch 4/5  sigreg=0.2938  proto=5.7482  min_dist=3.07  mean_dist=16.74
  [sigreg+proto] epoch 5/5  sigreg=0.2984  proto=5.5676  min_dist=3.13  mean_dist=16.76
  round 2: pool=97 purity=0.103 k-hat=4 anchors=8  margin=0.8216  mean-anchor=0.8846  4=0.885
    [dist frozen     ] purity r1=0.112 r2=0.103  probe 0.921->0.921  eucl 0.781->0.781  perevt 0.156->0.156  drift 0.000
  [sigreg+proto] epoch 1/5  sigreg=0.2911  proto=7.0372  min_dist=4.81  mean_dist=16.62
  [sigreg+proto] epoch 2/5  sigreg=0.2940  proto=7.1198  min_dist=4.86  mean_dist=16.63
  [sigreg+proto] epoch 3/5  sigreg=0.2752  proto=6.6085  min_dist=4.91  mean_dist=16.65
  [sigreg+proto] epoch 4/5  sigreg=0.2823  proto=6.2128  min_dist=4.96  mean_dist=16.66
  [sigreg+proto] epoch 5/5  sigreg=0.2854  proto=7.1322  min_dist=5.02  mean_dist=16.67
  round 1: pool=98 purity=0.112 k-hat=4 anchors=4  margin=0.7057  mean-anchor=0.8507  4=0.851
  [sigreg+proto] epoch 1/5  sigreg=0.2962  proto=5.6291  min_dist=3.49  mean_dist=16.67
  [sigreg+proto] epoch 2/5  sigreg=0.2975  proto=5.8927  min_dist=3.55  mean_dist=16.68
  [sigreg+proto] epoch 3/5  sigreg=0.2960  proto=6.0153  min_dist=3.62  mean_dist=16.70
  [sigreg+proto] epoch 4/5  sigreg=0.3012  proto=5.3530  min_dist=3.68  mean_dist=16.72
  [sigreg+proto] epoch 5/5  sigreg=0.2971  proto=5.3694  min_dist=3.74  mean_dist=16.74
  round 2: pool=95 purity=0.084 k-hat=4 anchors=8  margin=0.7622  mean-anchor=0.7623  4=0.762
    [dist corpus-norm] purity r1=0.112 r2=0.084  probe 0.921->0.918  eucl 0.781->0.766  perevt 0.156->0.123  drift 0.058
  [sigreg+proto] epoch 1/5  sigreg=0.2893  proto=2.1723  min_dist=4.43  mean_dist=15.09
  [sigreg+proto] epoch 2/5  sigreg=0.2787  proto=3.0709  min_dist=4.50  mean_dist=15.12
  [sigreg+proto] epoch 3/5  sigreg=0.2811  proto=2.3201  min_dist=4.57  mean_dist=15.15
  [sigreg+proto] epoch 4/5  sigreg=0.2728  proto=2.6570  min_dist=4.65  mean_dist=15.18
  [sigreg+proto] epoch 5/5  sigreg=0.2854  proto=2.9923  min_dist=4.72  mean_dist=15.21
  round 1: pool=112 purity=0.223 k-hat=4 anchors=4  margin=0.9343  mean-anchor=0.8059  4=0.806
    merged 8 -> 5 anchors
  [sigreg+proto] epoch 1/5  sigreg=0.2808  proto=1.9415  min_dist=4.46  mean_dist=14.79
  [sigreg+proto] epoch 2/5  sigreg=0.2836  proto=2.5556  min_dist=4.53  mean_dist=14.82
  [sigreg+proto] epoch 3/5  sigreg=0.2768  proto=2.4615  min_dist=4.59  mean_dist=14.85
  [sigreg+proto] epoch 4/5  sigreg=0.2857  proto=3.0515  min_dist=4.58  mean_dist=14.89
  [sigreg+proto] epoch 5/5  sigreg=0.2829  proto=2.5517  min_dist=4.56  mean_dist=14.92
  round 2: pool=115 purity=0.243 k-hat=4 anchors=5  margin=0.9349  mean-anchor=0.8095  4=0.810
    [np   frozen     ] purity r1=0.223 r2=0.243  probe 0.921->0.921  eucl 0.781->0.781  perevt 0.156->0.156  drift 0.000
  [sigreg+proto] epoch 1/5  sigreg=0.3400  proto=3.6033  min_dist=4.43  mean_dist=15.08
  [sigreg+proto] epoch 2/5  sigreg=0.3315  proto=5.0577  min_dist=4.50  mean_dist=15.11
  [sigreg+proto] epoch 3/5  sigreg=0.3337  proto=3.6999  min_dist=4.58  mean_dist=15.13
  [sigreg+proto] epoch 4/5  sigreg=0.3147  proto=4.3330  min_dist=4.65  mean_dist=15.15
  [sigreg+proto] epoch 5/5  sigreg=0.3360  proto=4.4836  min_dist=4.72  mean_dist=15.18
  round 1: pool=112 purity=0.223 k-hat=4 anchors=4  margin=0.9237  mean-anchor=0.8624  4=0.862
    merged 8 -> 5 anchors
  [sigreg+proto] epoch 1/5  sigreg=0.3424  proto=3.6363  min_dist=3.26  mean_dist=14.77
  [sigreg+proto] epoch 2/5  sigreg=0.3393  proto=3.5082  min_dist=3.25  mean_dist=14.80
  [sigreg+proto] epoch 3/5  sigreg=0.3391  proto=3.4984  min_dist=3.24  mean_dist=14.83
  [sigreg+proto] epoch 4/5  sigreg=0.3414  proto=4.5798  min_dist=3.22  mean_dist=14.86
  [sigreg+proto] epoch 5/5  sigreg=0.3389  proto=3.6412  min_dist=3.21  mean_dist=14.89
  round 2: pool=114 purity=0.237 k-hat=4 anchors=5  margin=0.9200  mean-anchor=0.8557  4=0.856
    [np   corpus-norm] purity r1=0.223 r2=0.237  probe 0.921->0.925  eucl 0.781->0.724  perevt 0.156->0.050  drift 0.187
Fetching 37 files:   0%|          | 0/37 [00:00<?, ?it/s]Fetching 37 files: 100%|██████████| 37/37 [00:00<00:00, 21659.35it/s]

  --- ss-ft: pre probe=0.7254 eucl=0.8207 mahaT=0.7969 perevt=0.199   [archived unfrozen post probe 0.8204]
  [sigreg+proto] epoch 1/5  sigreg=0.9648  proto=34.2439  min_dist=8.91  mean_dist=33.75
  [sigreg+proto] epoch 2/5  sigreg=1.0469  proto=36.5864  min_dist=8.93  mean_dist=33.73
  [sigreg+proto] epoch 3/5  sigreg=1.0444  proto=36.7737  min_dist=8.95  mean_dist=33.71
  [sigreg+proto] epoch 4/5  sigreg=1.1045  proto=38.9747  min_dist=8.97  mean_dist=33.69
  [sigreg+proto] epoch 5/5  sigreg=1.1898  proto=44.2979  min_dist=8.98  mean_dist=33.67
  round 1: pool=95 purity=0.084 k-hat=4 anchors=4  margin=0.8013  mean-anchor=0.7680  4=0.768
  [sigreg+proto] epoch 1/5  sigreg=1.0174  proto=24.7304  min_dist=9.00  mean_dist=34.27
  [sigreg+proto] epoch 2/5  sigreg=1.0427  proto=25.9009  min_dist=9.01  mean_dist=34.26
  [sigreg+proto] epoch 3/5  sigreg=1.0293  proto=25.3669  min_dist=9.03  mean_dist=34.25
  [sigreg+proto] epoch 4/5  sigreg=1.0050  proto=25.4558  min_dist=9.05  mean_dist=34.24
  [sigreg+proto] epoch 5/5  sigreg=0.9996  proto=24.9553  min_dist=9.07  mean_dist=34.23
  round 2: pool=94 purity=0.074 k-hat=4 anchors=8  margin=0.7432  mean-anchor=0.7712  4=0.771
    [dist frozen     ] purity r1=0.084 r2=0.074  probe 0.725->0.725  eucl 0.821->0.821  perevt 0.199->0.199  drift 0.000
  [sigreg+proto] epoch 1/5  sigreg=0.9596  proto=37.0746  min_dist=8.91  mean_dist=33.74
  [sigreg+proto] epoch 2/5  sigreg=0.9893  proto=38.8971  min_dist=8.91  mean_dist=33.72
  [sigreg+proto] epoch 3/5  sigreg=1.0107  proto=39.4892  min_dist=8.92  mean_dist=33.69
  [sigreg+proto] epoch 4/5  sigreg=1.0701  proto=41.4714  min_dist=8.92  mean_dist=33.67
  [sigreg+proto] epoch 5/5  sigreg=1.1646  proto=47.4953  min_dist=8.92  mean_dist=33.64
  round 1: pool=95 purity=0.084 k-hat=4 anchors=4  margin=0.8360  mean-anchor=0.7774  4=0.777
  [sigreg+proto] epoch 1/5  sigreg=0.9543  proto=27.3618  min_dist=8.93  mean_dist=33.41
  [sigreg+proto] epoch 2/5  sigreg=0.9651  proto=29.8952  min_dist=8.93  mean_dist=33.39
  [sigreg+proto] epoch 3/5  sigreg=0.9675  proto=28.3973  min_dist=8.94  mean_dist=33.37
  [sigreg+proto] epoch 4/5  sigreg=0.9587  proto=28.7025  min_dist=8.94  mean_dist=33.35
  [sigreg+proto] epoch 5/5  sigreg=0.8935  proto=25.2531  min_dist=8.95  mean_dist=33.33
  round 2: pool=91 purity=0.044 k-hat=4 anchors=8  margin=0.8224  mean-anchor=0.9032  4=0.903
    [dist corpus-norm] purity r1=0.084 r2=0.044  probe 0.725->0.727  eucl 0.821->0.818  perevt 0.199->0.189  drift 0.146
  [sigreg+proto] epoch 1/5  sigreg=0.4555  proto=16.5087  min_dist=4.71  mean_dist=31.83
  [sigreg+proto] epoch 2/5  sigreg=0.4948  proto=19.6762  min_dist=4.76  mean_dist=31.80
  [sigreg+proto] epoch 3/5  sigreg=0.5005  proto=16.5133  min_dist=4.80  mean_dist=31.78
  [sigreg+proto] epoch 4/5  sigreg=0.5128  proto=19.4234  min_dist=4.85  mean_dist=31.75
  [sigreg+proto] epoch 5/5  sigreg=0.5016  proto=20.1724  min_dist=4.89  mean_dist=31.72
  round 1: pool=109 purity=0.202 k-hat=4 anchors=4  margin=0.9256  mean-anchor=0.9226  4=0.923
  [sigreg+proto] epoch 1/5  sigreg=0.4667  proto=15.9048  min_dist=4.72  mean_dist=31.09
  [sigreg+proto] epoch 2/5  sigreg=0.4728  proto=15.9711  min_dist=4.72  mean_dist=31.08
  [sigreg+proto] epoch 3/5  sigreg=0.4763  proto=15.4462  min_dist=4.72  mean_dist=31.06
  [sigreg+proto] epoch 4/5  sigreg=0.4635  proto=14.4218  min_dist=4.71  mean_dist=31.04
  [sigreg+proto] epoch 5/5  sigreg=0.4252  proto=12.1719  min_dist=4.71  mean_dist=31.02
  round 2: pool=110 purity=0.209 k-hat=4 anchors=8  margin=0.9387  mean-anchor=0.8969  4=0.897
    [np   frozen     ] purity r1=0.202 r2=0.209  probe 0.725->0.725  eucl 0.821->0.821  perevt 0.199->0.199  drift 0.000
  [sigreg+proto] epoch 1/5  sigreg=0.7155  proto=21.0712  min_dist=4.70  mean_dist=31.83
  [sigreg+proto] epoch 2/5  sigreg=0.7565  proto=24.8193  min_dist=4.74  mean_dist=31.81
  [sigreg+proto] epoch 3/5  sigreg=0.7406  proto=20.4447  min_dist=4.77  mean_dist=31.78
  [sigreg+proto] epoch 4/5  sigreg=0.7617  proto=23.6037  min_dist=4.81  mean_dist=31.76
  [sigreg+proto] epoch 5/5  sigreg=0.7529  proto=23.9710  min_dist=4.85  mean_dist=31.73
  round 1: pool=109 purity=0.202 k-hat=4 anchors=4  margin=0.8993  mean-anchor=0.7243  4=0.724
  [sigreg+proto] epoch 1/5  sigreg=0.8334  proto=23.5112  min_dist=4.89  mean_dist=29.44
  [sigreg+proto] epoch 2/5  sigreg=0.8443  proto=23.3460  min_dist=4.92  mean_dist=29.43
  [sigreg+proto] epoch 3/5  sigreg=0.8684  proto=22.3605  min_dist=4.96  mean_dist=29.41
  [sigreg+proto] epoch 4/5  sigreg=0.8363  proto=21.2909  min_dist=4.99  mean_dist=29.40
  [sigreg+proto] epoch 5/5  sigreg=0.7472  proto=18.0843  min_dist=5.03  mean_dist=29.38
  round 2: pool=114 purity=0.237 k-hat=4 anchors=8  margin=0.9025  mean-anchor=0.9003  4=0.900
    [np   corpus-norm] purity r1=0.202 r2=0.237  probe 0.725->0.829  eucl 0.821->0.757  perevt 0.199->0.086  drift 0.211
Fetching 37 files:   0%|          | 0/37 [00:00<?, ?it/s]Fetching 37 files: 100%|██████████| 37/37 [00:00<00:00, 23214.55it/s]

  --- nplm-sup-ft: pre probe=0.8592 eucl=0.8503 mahaT=0.8377 perevt=0.342   [archived unfrozen post probe 0.6505]
  [sigreg+proto] epoch 1/5  sigreg=0.4754  proto=3.8183  min_dist=0.75  mean_dist=12.38
  [sigreg+proto] epoch 2/5  sigreg=0.4714  proto=3.8465  min_dist=0.85  mean_dist=12.41
  [sigreg+proto] epoch 3/5  sigreg=0.4724  proto=4.0920  min_dist=0.94  mean_dist=12.45
  [sigreg+proto] epoch 4/5  sigreg=0.4701  proto=3.9772  min_dist=1.03  mean_dist=12.48
  [sigreg+proto] epoch 5/5  sigreg=0.4734  proto=4.0296  min_dist=1.11  mean_dist=12.51
  round 1: pool=104 purity=0.163 k-hat=3 anchors=3  margin=0.8531  mean-anchor=0.8052  4=0.805
  [sigreg+proto] epoch 1/5  sigreg=0.5036  proto=2.7576  min_dist=1.18  mean_dist=13.14
  [sigreg+proto] epoch 2/5  sigreg=0.5091  proto=2.6629  min_dist=1.26  mean_dist=13.16
  [sigreg+proto] epoch 3/5  sigreg=0.5062  proto=2.4084  min_dist=1.33  mean_dist=13.18
  [sigreg+proto] epoch 4/5  sigreg=0.5066  proto=2.6112  min_dist=1.40  mean_dist=13.20
  [sigreg+proto] epoch 5/5  sigreg=0.4937  proto=3.2061  min_dist=1.47  mean_dist=13.22
  round 2: pool=92 purity=0.054 k-hat=4 anchors=7  margin=0.8179  mean-anchor=0.8034  4=0.803
    [dist frozen     ] purity r1=0.163 r2=0.054  probe 0.859->0.859  eucl 0.850->0.850  perevt 0.342->0.342  drift 0.000
  [sigreg+proto] epoch 1/5  sigreg=0.4914  proto=3.8329  min_dist=0.75  mean_dist=12.38
  [sigreg+proto] epoch 2/5  sigreg=0.4956  proto=3.7685  min_dist=0.85  mean_dist=12.41
  [sigreg+proto] epoch 3/5  sigreg=0.4947  proto=4.1592  min_dist=0.94  mean_dist=12.43
  [sigreg+proto] epoch 4/5  sigreg=0.4912  proto=3.9129  min_dist=1.03  mean_dist=12.46
  [sigreg+proto] epoch 5/5  sigreg=0.4961  proto=3.8222  min_dist=1.11  mean_dist=12.49
  round 1: pool=104 purity=0.163 k-hat=3 anchors=3  margin=0.8559  mean-anchor=0.7139  4=0.714
  [sigreg+proto] epoch 1/5  sigreg=0.5446  proto=3.4796  min_dist=1.18  mean_dist=12.56
  [sigreg+proto] epoch 2/5  sigreg=0.5450  proto=3.2699  min_dist=1.26  mean_dist=12.58
  [sigreg+proto] epoch 3/5  sigreg=0.5405  proto=2.9506  min_dist=1.33  mean_dist=12.61
  [sigreg+proto] epoch 4/5  sigreg=0.5394  proto=3.2375  min_dist=1.40  mean_dist=12.63
  [sigreg+proto] epoch 5/5  sigreg=0.5387  proto=3.6031  min_dist=1.47  mean_dist=12.65
  round 2: pool=89 purity=0.022 k-hat=4 anchors=7  margin=0.8048  mean-anchor=0.7293  4=0.729
    [dist corpus-norm] purity r1=0.163 r2=0.022  probe 0.859->0.884  eucl 0.850->0.844  perevt 0.342->0.319  drift 0.091
  [sigreg+proto] epoch 1/5  sigreg=0.4928  proto=3.1307  min_dist=0.75  mean_dist=12.10
  [sigreg+proto] epoch 2/5  sigreg=0.4933  proto=3.3574  min_dist=0.85  mean_dist=12.13
  [sigreg+proto] epoch 3/5  sigreg=0.4932  proto=3.1821  min_dist=0.94  mean_dist=12.15
  [sigreg+proto] epoch 4/5  sigreg=0.5012  proto=3.0347  min_dist=1.03  mean_dist=12.18
  [sigreg+proto] epoch 5/5  sigreg=0.4996  proto=3.6322  min_dist=1.11  mean_dist=12.21
  round 1: pool=113 purity=0.230 k-hat=3 anchors=3  margin=0.9209  mean-anchor=0.7282  4=0.728
    merged 5 -> 3 anchors
  [sigreg+proto] epoch 1/5  sigreg=0.5015  proto=2.8007  min_dist=1.22  mean_dist=12.06
  [sigreg+proto] epoch 2/5  sigreg=0.5043  proto=2.9856  min_dist=1.33  mean_dist=12.09
  [sigreg+proto] epoch 3/5  sigreg=0.4983  proto=3.4261  min_dist=1.44  mean_dist=12.13
  [sigreg+proto] epoch 4/5  sigreg=0.4859  proto=3.3046  min_dist=1.53  mean_dist=12.16
  [sigreg+proto] epoch 5/5  sigreg=0.4949  proto=3.5705  min_dist=1.62  mean_dist=12.19
  round 2: pool=113 purity=0.230 k-hat=2 anchors=3  margin=0.9162  mean-anchor=0.7434  4=0.743
    [np   frozen     ] purity r1=0.230 r2=0.230  probe 0.859->0.859  eucl 0.850->0.850  perevt 0.342->0.342  drift 0.000
  [sigreg+proto] epoch 1/5  sigreg=0.5388  proto=4.4088  min_dist=0.75  mean_dist=12.10
  [sigreg+proto] epoch 2/5  sigreg=0.5343  proto=4.6742  min_dist=0.85  mean_dist=12.12
  [sigreg+proto] epoch 3/5  sigreg=0.5385  proto=4.3597  min_dist=0.94  mean_dist=12.14
  [sigreg+proto] epoch 4/5  sigreg=0.5458  proto=4.3384  min_dist=1.03  mean_dist=12.16
  [sigreg+proto] epoch 5/5  sigreg=0.5396  proto=4.8026  min_dist=1.11  mean_dist=12.19
  round 1: pool=113 purity=0.230 k-hat=3 anchors=3  margin=0.8989  mean-anchor=0.8295  4=0.830
    merged 5 -> 3 anchors
  [sigreg+proto] epoch 1/5  sigreg=0.5339  proto=3.8981  min_dist=1.22  mean_dist=12.18
  [sigreg+proto] epoch 2/5  sigreg=0.5355  proto=4.0718  min_dist=1.33  mean_dist=12.20
  [sigreg+proto] epoch 3/5  sigreg=0.5353  proto=4.4562  min_dist=1.44  mean_dist=12.23
  [sigreg+proto] epoch 4/5  sigreg=0.5230  proto=4.3224  min_dist=1.53  mean_dist=12.25
  [sigreg+proto] epoch 5/5  sigreg=0.5269  proto=4.5704  min_dist=1.62  mean_dist=12.28
  round 2: pool=112 purity=0.223 k-hat=2 anchors=3  margin=0.8950  mean-anchor=0.7672  4=0.767
    [np   corpus-norm] purity r1=0.230 r2=0.223  probe 0.859->0.889  eucl 0.850->0.839  perevt 0.342->0.276  drift 0.203

===== EXP135 SUMMARY_h1_d7 (paired frozen vs corpus-norm; gate 0.15) =====
  cell|arm|scorer                              r1  r2 frz   r2 cn    d r2    probe frz/cn  drift
  galaxy10:lejepa|supcon-ft|dist            0.112   0.103   0.084  -0.019   0.921/0.918    0.058
  galaxy10:lejepa|supcon-ft|np              0.223   0.243   0.237  -0.007   0.921/0.925    0.187
  galaxy10:lejepa|ss-ft|dist                0.084   0.074   0.044  -0.031   0.725/0.727    0.146
  galaxy10:lejepa|ss-ft|np                  0.202   0.209   0.237  +0.028   0.725/0.829    0.211
  galaxy10:lejepa|nplm-sup-ft|dist          0.163   0.054   0.022  -0.032   0.859/0.884    0.091
  galaxy10:lejepa|nplm-sup-ft|np            0.230   0.230   0.223  -0.007   0.859/0.889    0.203

wrote logs/exp135/corpus_norm_galaxy10-lejepa_h1_d7.json
EXP135 DONE.
