/home/pharris/venv/lib64/python3.9/site-packages/networkx/utils/backends.py:135: RuntimeWarning: networkx backend defined more than once: nx-loopback
  backends.update(_get_backends("networkx.backends"))

######## flowers:lejepa_h1_d4: holdouts=[92] ########

  --- frozen: pre probe=0.9761 eucl=0.9593 mahaT=0.9438 perevt=0.615
  [sigreg+proto] epoch 1/5  sigreg=0.2211  proto=7.0754  min_dist=10.24  mean_dist=26.60
  [sigreg+proto] epoch 2/5  sigreg=0.2240  proto=6.9987  min_dist=10.24  mean_dist=26.57
  [sigreg+proto] epoch 3/5  sigreg=0.2384  proto=5.2721  min_dist=10.24  mean_dist=26.54
  [sigreg+proto] epoch 4/5  sigreg=0.2282  proto=5.4807  min_dist=10.25  mean_dist=26.52
  [sigreg+proto] epoch 5/5  sigreg=0.2172  proto=5.9805  min_dist=10.25  mean_dist=26.49
  round 1: pool=112 purity=0.098 k-hat=2 anchors=2  margin=0.9765  mean-anchor=0.7738  92=0.774
    merged 4 -> 3 anchors
  [sigreg+proto] epoch 1/5  sigreg=0.2209  proto=6.6159  min_dist=10.24  mean_dist=26.51
  [sigreg+proto] epoch 2/5  sigreg=0.2218  proto=6.3914  min_dist=10.24  mean_dist=26.48
  [sigreg+proto] epoch 3/5  sigreg=0.2326  proto=5.9745  min_dist=10.24  mean_dist=26.46
  [sigreg+proto] epoch 4/5  sigreg=0.2497  proto=5.8210  min_dist=10.24  mean_dist=26.43
  [sigreg+proto] epoch 5/5  sigreg=0.2330  proto=6.2558  min_dist=10.23  mean_dist=26.41
  round 2: pool=107 purity=0.056 k-hat=2 anchors=3  margin=0.9756  mean-anchor=0.7734  92=0.773
    [dist frozen     ] purity r1=0.098 r2=0.056  probe 0.976->0.976  eucl 0.959->0.959  perevt 0.615->0.615  drift 0.000
  [sigreg+proto] epoch 1/5  sigreg=0.2288  proto=9.4742  min_dist=10.21  mean_dist=26.61
  [sigreg+proto] epoch 2/5  sigreg=0.2539  proto=9.0478  min_dist=10.21  mean_dist=26.58
  [sigreg+proto] epoch 3/5  sigreg=0.2634  proto=6.1302  min_dist=10.21  mean_dist=26.56
  [sigreg+proto] epoch 4/5  sigreg=0.2426  proto=6.8158  min_dist=10.21  mean_dist=26.54
  [sigreg+proto] epoch 5/5  sigreg=0.2436  proto=7.5085  min_dist=10.21  mean_dist=26.52
  round 1: pool=112 purity=0.098 k-hat=2 anchors=2  margin=0.9767  mean-anchor=0.7878  92=0.788
  [sigreg+proto] epoch 1/5  sigreg=0.2494  proto=7.1725  min_dist=4.81  mean_dist=26.39
  [sigreg+proto] epoch 2/5  sigreg=0.2465  proto=11.9309  min_dist=4.81  mean_dist=26.36
  [sigreg+proto] epoch 3/5  sigreg=0.2464  proto=10.4371  min_dist=4.81  mean_dist=26.34
  [sigreg+proto] epoch 4/5  sigreg=0.2309  proto=10.8695  min_dist=4.81  mean_dist=26.32
  [sigreg+proto] epoch 5/5  sigreg=0.2367  proto=9.3894  min_dist=4.81  mean_dist=26.30
  round 2: pool=107 purity=0.056 k-hat=3 anchors=5  margin=0.9732  mean-anchor=0.7950  92=0.795
    [dist corpus-norm] purity r1=0.098 r2=0.056  probe 0.976->0.974  eucl 0.959->0.959  perevt 0.615->0.615  drift 0.041
  [sigreg+proto] epoch 1/5  sigreg=0.2281  proto=6.9147  min_dist=10.24  mean_dist=26.62
  [sigreg+proto] epoch 2/5  sigreg=0.2201  proto=6.4876  min_dist=10.24  mean_dist=26.59
  [sigreg+proto] epoch 3/5  sigreg=0.2171  proto=6.8828  min_dist=10.23  mean_dist=26.56
  [sigreg+proto] epoch 4/5  sigreg=0.2269  proto=6.9852  min_dist=10.23  mean_dist=26.54
  [sigreg+proto] epoch 5/5  sigreg=0.2391  proto=7.7883  min_dist=10.22  mean_dist=26.51
  round 1: pool=82 purity=0.232 k-hat=2 anchors=2  margin=0.9902  mean-anchor=0.6572  92=0.657
  [sigreg+proto] epoch 1/5  sigreg=0.2272  proto=7.8299  min_dist=6.08  mean_dist=26.36
  [sigreg+proto] epoch 2/5  sigreg=0.2170  proto=7.4848  min_dist=6.08  mean_dist=26.33
  [sigreg+proto] epoch 3/5  sigreg=0.2185  proto=7.7862  min_dist=6.08  mean_dist=26.31
  [sigreg+proto] epoch 4/5  sigreg=0.2297  proto=5.8143  min_dist=6.09  mean_dist=26.28
  [sigreg+proto] epoch 5/5  sigreg=0.2217  proto=8.1658  min_dist=6.12  mean_dist=26.26
  round 2: pool=120 purity=0.158 k-hat=2 anchors=4  margin=0.9879  mean-anchor=0.7287  92=0.729
    [np   frozen     ] purity r1=0.232 r2=0.158  probe 0.976->0.976  eucl 0.959->0.959  perevt 0.615->0.615  drift 0.000
  [sigreg+proto] epoch 1/5  sigreg=0.2626  proto=8.6601  min_dist=10.24  mean_dist=26.63
  [sigreg+proto] epoch 2/5  sigreg=0.2384  proto=8.8093  min_dist=10.24  mean_dist=26.60
  [sigreg+proto] epoch 3/5  sigreg=0.2371  proto=8.1638  min_dist=10.24  mean_dist=26.58
  [sigreg+proto] epoch 4/5  sigreg=0.2339  proto=8.6949  min_dist=10.23  mean_dist=26.56
  [sigreg+proto] epoch 5/5  sigreg=0.2535  proto=9.2652  min_dist=10.22  mean_dist=26.54
  round 1: pool=82 purity=0.232 k-hat=2 anchors=2  margin=0.9908  mean-anchor=0.6761  92=0.676
  [sigreg+proto] epoch 1/5  sigreg=0.2343  proto=8.6871  min_dist=5.77  mean_dist=26.39
  [sigreg+proto] epoch 2/5  sigreg=0.2307  proto=9.7154  min_dist=5.77  mean_dist=26.36
  [sigreg+proto] epoch 3/5  sigreg=0.2365  proto=9.5313  min_dist=5.77  mean_dist=26.33
  [sigreg+proto] epoch 4/5  sigreg=0.2456  proto=7.5087  min_dist=5.79  mean_dist=26.31
  [sigreg+proto] epoch 5/5  sigreg=0.2329  proto=10.2171  min_dist=5.80  mean_dist=26.29
  round 2: pool=120 purity=0.158 k-hat=2 anchors=4  margin=0.9869  mean-anchor=0.7151  92=0.715
    [np   corpus-norm] purity r1=0.232 r2=0.158  probe 0.976->0.978  eucl 0.959->0.959  perevt 0.615->0.615  drift 0.036

===== EXP135 SUMMARY_h1_d4 (paired frozen vs corpus-norm; gate 0.15) =====
  cell|arm|scorer                              r1  r2 frz   r2 cn    d r2    probe frz/cn  drift
  flowers:lejepa|frozen|dist              0.098   0.056   0.056  +0.000   0.976/0.974    0.041
  flowers:lejepa|frozen|np                0.232   0.158   0.158  +0.000   0.976/0.978    0.036

wrote logs/exp135/corpus_norm_flowers-lejepa_frozen_h1_d4.json
EXP135 DONE.
