/home/pharris/venv/lib64/python3.9/site-packages/networkx/utils/backends.py:135: RuntimeWarning: networkx backend defined more than once: nx-loopback
  backends.update(_get_backends("networkx.backends"))
exp137 [cifar100_h43] scratch residuals; parents=['supcon', 'ssig', 'nplmsd'] objs=['res', 'res-nplm'] epochs=20 holdout=43
Using cache found in /home/pharris/.cache/torch/hub/chenyaofo_pytorch-cifar-models_master
  [supcon (parent)             ] probe=0.9653+-0.0008 top1=0.6062 acc=0.5444 eucl=0.3969 mahaT=0.4235 lid=0.6511 perevt=0.000

===== [cifar100_h43] supcon->res =====
  CIFAR two-view embedding-train images (no {43}): 49500
  [supcon-res] epoch 1/20  loss=4.9854
  [supcon-res] epoch 5/20  loss=4.6402
  [supcon-res] epoch 10/20  loss=4.5880
  [supcon-res] epoch 15/20  loss=4.5618
  [supcon-res] epoch 20/20  loss=4.5489
  [supcon->res (residual)      ] probe=0.9276+-0.0026 top1=0.3436 acc=0.2495 eucl=0.6878 mahaT=0.6322 lid=0.5721 perevt=0.090
  [supcon->res (concat)        ] probe=0.9671+-0.0009 top1=0.6013 acc=0.4744 eucl=0.6294 mahaT=0.5186 lid=0.5526 perevt=0.020

===== [cifar100_h43] supcon->res-nplm =====
  CIFAR two-view embedding-train images (no {43}): 49500
  [supcon-res-nplm] epoch 1/20  loss=2526719022.6736
  [supcon-res-nplm] epoch 5/20  loss=1722789716.1606
  [supcon-res-nplm] epoch 10/20  loss=1959647789.5678
  [supcon-res-nplm] epoch 15/20  loss=1599387289.1166
  [supcon-res-nplm] epoch 20/20  loss=1741102556.3057
  [supcon->res-nplm (residual) ] probe=0.9423+-0.0010 top1=0.4935 acc=0.4060 eucl=0.3221 mahaT=0.3754 lid=0.5677 perevt=0.010
  [supcon->res-nplm (concat)   ] probe=0.9709+-0.0008 top1=0.6047 acc=0.5496 eucl=0.3545 mahaT=0.3719 lid=0.6309 perevt=0.000
Using cache found in /home/pharris/.cache/torch/hub/chenyaofo_pytorch-cifar-models_master
  [ssig (parent)               ] probe=0.9389+-0.0065 top1=0.6015 acc=0.5899 eucl=0.5759 mahaT=0.5991 lid=0.7334 perevt=0.050

===== [cifar100_h43] ssig->res =====
  CIFAR two-view embedding-train images (no {43}): 49500
  [ssig-res] epoch 1/20  loss=4.8094
  [ssig-res] epoch 5/20  loss=4.5297
  [ssig-res] epoch 10/20  loss=4.5043
  [ssig-res] epoch 15/20  loss=4.4911
  [ssig-res] epoch 20/20  loss=4.4846
  [ssig->res (residual)        ] probe=0.9384+-0.0022 top1=0.2378 acc=0.1696 eucl=0.7063 mahaT=0.5576 lid=0.5534 perevt=0.160
  [ssig->res (concat)          ] probe=0.9652+-0.0013 top1=0.5949 acc=0.5771 eucl=0.6502 mahaT=0.5580 lid=0.7189 perevt=0.090

===== [cifar100_h43] ssig->res-nplm =====
  CIFAR two-view embedding-train images (no {43}): 49500
  [ssig-res-nplm] epoch 1/20  loss=10960468539.6891
  [ssig-res-nplm] epoch 5/20  loss=10091831362.3212
  [ssig-res-nplm] epoch 10/20  loss=8926997921.8238
  [ssig-res-nplm] epoch 15/20  loss=8879147205.6373
  [ssig-res-nplm] epoch 20/20  loss=8821692642.8187
  [ssig->res-nplm (residual)   ] probe=0.9283+-0.0008 top1=0.5676 acc=0.5356 eucl=0.3478 mahaT=0.3611 lid=0.5949 perevt=0.000
  [ssig->res-nplm (concat)     ] probe=0.9331+-0.0028 top1=0.5886 acc=0.5885 eucl=0.5078 mahaT=0.5668 lid=0.7263 perevt=0.040
Using cache found in /home/pharris/.cache/torch/hub/chenyaofo_pytorch-cifar-models_master
  [nplmsd (parent)             ] probe=0.9112+-0.0002 top1=0.2536 acc=0.2323 eucl=0.4060 mahaT=0.3032 lid=0.5656 perevt=0.000

===== [cifar100_h43] nplmsd->res =====
  CIFAR two-view embedding-train images (no {43}): 49500
  [nplmsd-res] epoch 1/20  loss=6.2376
  [nplmsd-res] epoch 5/20  loss=5.2874
  [nplmsd-res] epoch 10/20  loss=4.9833
  [nplmsd-res] epoch 15/20  loss=4.8549
  [nplmsd-res] epoch 20/20  loss=4.7876
  [nplmsd->res (residual)      ] probe=0.9231+-0.0081 top1=0.2372 acc=0.1952 eucl=0.7508 mahaT=0.7131 lid=0.4696 perevt=0.240
  [nplmsd->res (concat)        ] probe=0.9570+-0.0051 top1=0.3603 acc=0.2098 eucl=0.7518 mahaT=0.6424 lid=0.4556 perevt=0.240

===== [cifar100_h43] nplmsd->res-nplm =====
  CIFAR two-view embedding-train images (no {43}): 49500
  [nplmsd-res-nplm] epoch 1/20  loss=-0.1076
  [nplmsd-res-nplm] epoch 5/20  loss=-1.8570
  [nplmsd-res-nplm] epoch 10/20  loss=-2.5688
  [nplmsd-res-nplm] epoch 15/20  loss=-3.1229
  [nplmsd-res-nplm] epoch 20/20  loss=-3.4552
  [nplmsd->res-nplm (residual) ] probe=0.9148+-0.0019 top1=0.3349 acc=0.3005 eucl=0.5720 mahaT=0.5031 lid=0.5877 perevt=0.040
  [nplmsd->res-nplm (concat)   ] probe=0.9553+-0.0015 top1=0.4036 acc=0.3655 eucl=0.5571 mahaT=0.4615 lid=0.6215 perevt=0.020

===== EXP137 SUMMARY [cifar100_h43] (holdout 43) =====
  space                                    probe    top1     acc    eucl   mahaT     lid  perevt
  supcon (parent)                  0.9653+-0.0008  0.6062  0.5444  0.3969  0.4235  0.6511   0.000
  supcon->res (residual)           0.9276+-0.0026  0.3436  0.2495  0.6878  0.6322  0.5721   0.090
  supcon->res (concat)             0.9671+-0.0009  0.6013  0.4744  0.6294  0.5186  0.5526   0.020
  supcon->res-nplm (residual)      0.9423+-0.0010  0.4935  0.4060  0.3221  0.3754  0.5677   0.010
  supcon->res-nplm (concat)        0.9709+-0.0008  0.6047  0.5496  0.3545  0.3719  0.6309   0.000
  ssig (parent)                    0.9389+-0.0065  0.6015  0.5899  0.5759  0.5991  0.7334   0.050
  ssig->res (residual)             0.9384+-0.0022  0.2378  0.1696  0.7063  0.5576  0.5534   0.160
  ssig->res (concat)               0.9652+-0.0013  0.5949  0.5771  0.6502  0.5580  0.7189   0.090
  ssig->res-nplm (residual)        0.9283+-0.0008  0.5676  0.5356  0.3478  0.3611  0.5949   0.000
  ssig->res-nplm (concat)          0.9331+-0.0028  0.5886  0.5885  0.5078  0.5668  0.7263   0.040
  nplmsd (parent)                  0.9112+-0.0002  0.2536  0.2323  0.4060  0.3032  0.5656   0.000
  nplmsd->res (residual)           0.9231+-0.0081  0.2372  0.1952  0.7508  0.7131  0.4696   0.240
  nplmsd->res (concat)             0.9570+-0.0051  0.3603  0.2098  0.7518  0.6424  0.4556   0.240
  nplmsd->res-nplm (residual)      0.9148+-0.0019  0.3349  0.3005  0.5720  0.5031  0.5877   0.040
  nplmsd->res-nplm (concat)        0.9553+-0.0015  0.4036  0.3655  0.5571  0.4615  0.6215   0.020
  paired supcon->res (concat) - parent: probe +0.0019  top1 -0.0049  eucl +0.2325  mahaT +0.0951
  paired supcon->res-nplm (concat) - parent: probe +0.0056  top1 -0.0014  eucl -0.0424  mahaT -0.0517
  paired ssig->res (concat) - parent: probe +0.0263  top1 -0.0065  eucl +0.0743  mahaT -0.0411
  paired ssig->res-nplm (concat) - parent: probe -0.0059  top1 -0.0129  eucl -0.0681  mahaT -0.0323
  paired nplmsd->res (concat) - parent: probe +0.0458  top1 +0.1067  eucl +0.3458  mahaT +0.3392
  paired nplmsd->res-nplm (concat) - parent: probe +0.0440  top1 +0.1500  eucl +0.1511  mahaT +0.1583
EXP137 DONE.
