/home/pharris/venv/lib64/python3.9/site-packages/networkx/utils/backends.py:135: RuntimeWarning: networkx backend defined more than once: nx-loopback
  backends.update(_get_backends("networkx.backends"))

######## cars:lejepa_h1_d4: holdouts=[53] ########

  --- frozen: pre probe=0.9223 eucl=0.3945 mahaT=0.3590 perevt=0.025
  [sigreg+proto] epoch 1/5  sigreg=0.1518  proto=57.6888  min_dist=5.52  mean_dist=16.60
  [sigreg+proto] epoch 2/5  sigreg=0.1528  proto=57.6751  min_dist=5.58  mean_dist=16.59
  [sigreg+proto] epoch 3/5  sigreg=0.1513  proto=56.1183  min_dist=5.61  mean_dist=16.57
  [sigreg+proto] epoch 4/5  sigreg=0.1510  proto=54.6381  min_dist=5.63  mean_dist=16.55
  [sigreg+proto] epoch 5/5  sigreg=0.1526  proto=52.9394  min_dist=5.65  mean_dist=16.53
  round 1: pool=408 purity=0.005 k-hat=4 anchors=4  margin=0.3658  mean-anchor=0.7509  53=0.751
  [sigreg+proto] epoch 1/5  sigreg=0.1552  proto=62.6374  min_dist=4.54  mean_dist=16.90
  [sigreg+proto] epoch 2/5  sigreg=0.1548  proto=58.3919  min_dist=4.52  mean_dist=16.89
  [sigreg+proto] epoch 3/5  sigreg=0.1559  proto=58.5661  min_dist=4.50  mean_dist=16.88
  [sigreg+proto] epoch 4/5  sigreg=0.1539  proto=55.9765  min_dist=4.46  mean_dist=16.87
  [sigreg+proto] epoch 5/5  sigreg=0.1545  proto=58.7332  min_dist=4.45  mean_dist=16.85
  round 2: pool=408 purity=0.005 k-hat=4 anchors=8  margin=0.3660  mean-anchor=0.7463  53=0.746
    [dist frozen     ] purity r1=0.005 r2=0.005  probe 0.922->0.922  eucl 0.395->0.395  perevt 0.025->0.025  drift 0.000
  [sigreg+proto] epoch 1/5  sigreg=0.1571  proto=57.4194  min_dist=5.47  mean_dist=16.59
  [sigreg+proto] epoch 2/5  sigreg=0.1586  proto=59.1496  min_dist=5.52  mean_dist=16.57
  [sigreg+proto] epoch 3/5  sigreg=0.1565  proto=58.5517  min_dist=5.54  mean_dist=16.54
  [sigreg+proto] epoch 4/5  sigreg=0.1566  proto=56.3445  min_dist=5.56  mean_dist=16.51
  [sigreg+proto] epoch 5/5  sigreg=0.1585  proto=53.5923  min_dist=5.57  mean_dist=16.49
  round 1: pool=408 purity=0.005 k-hat=4 anchors=4  margin=0.3653  mean-anchor=0.7504  53=0.750
  [sigreg+proto] epoch 1/5  sigreg=0.1598  proto=62.9975  min_dist=5.09  mean_dist=16.83
  [sigreg+proto] epoch 2/5  sigreg=0.1633  proto=57.2894  min_dist=5.07  mean_dist=16.81
  [sigreg+proto] epoch 3/5  sigreg=0.1642  proto=58.8610  min_dist=5.05  mean_dist=16.79
  [sigreg+proto] epoch 4/5  sigreg=0.1578  proto=55.9545  min_dist=5.02  mean_dist=16.76
  [sigreg+proto] epoch 5/5  sigreg=0.1606  proto=59.7123  min_dist=5.01  mean_dist=16.74
  round 2: pool=408 purity=0.005 k-hat=4 anchors=8  margin=0.3666  mean-anchor=0.7510  53=0.751
    [dist corpus-norm] purity r1=0.005 r2=0.005  probe 0.922->0.903  eucl 0.395->0.395  perevt 0.025->0.025  drift 0.029
  [sigreg+proto] epoch 1/5  sigreg=0.1523  proto=49.6475  min_dist=5.51  mean_dist=16.26
  [sigreg+proto] epoch 2/5  sigreg=0.1512  proto=48.9949  min_dist=5.56  mean_dist=16.24
  [sigreg+proto] epoch 3/5  sigreg=0.1516  proto=48.2055  min_dist=5.59  mean_dist=16.22
  [sigreg+proto] epoch 4/5  sigreg=0.1508  proto=46.4240  min_dist=5.61  mean_dist=16.20
  [sigreg+proto] epoch 5/5  sigreg=0.1542  proto=44.8151  min_dist=5.64  mean_dist=16.18
  round 1: pool=407 purity=0.002 k-hat=3 anchors=3  margin=0.4402  mean-anchor=0.5899  53=0.590
  [sigreg+proto] epoch 1/5  sigreg=0.1507  proto=46.0373  min_dist=5.72  mean_dist=16.30
  [sigreg+proto] epoch 2/5  sigreg=0.1526  proto=43.8375  min_dist=5.77  mean_dist=16.29
  [sigreg+proto] epoch 3/5  sigreg=0.1583  proto=41.8281  min_dist=5.81  mean_dist=16.27
  [sigreg+proto] epoch 4/5  sigreg=0.1538  proto=41.9300  min_dist=5.79  mean_dist=16.25
  [sigreg+proto] epoch 5/5  sigreg=0.1536  proto=39.6938  min_dist=5.80  mean_dist=16.24
  round 2: pool=415 purity=0.022 k-hat=3 anchors=6  margin=0.4802  mean-anchor=0.7320  53=0.732
    [np   frozen     ] purity r1=0.002 r2=0.022  probe 0.922->0.922  eucl 0.395->0.395  perevt 0.025->0.025  drift 0.000
  [sigreg+proto] epoch 1/5  sigreg=0.1600  proto=53.1411  min_dist=5.50  mean_dist=16.25
  [sigreg+proto] epoch 2/5  sigreg=0.1591  proto=53.1802  min_dist=5.55  mean_dist=16.22
  [sigreg+proto] epoch 3/5  sigreg=0.1565  proto=51.2172  min_dist=5.59  mean_dist=16.19
  [sigreg+proto] epoch 4/5  sigreg=0.1546  proto=48.7460  min_dist=5.62  mean_dist=16.17
  [sigreg+proto] epoch 5/5  sigreg=0.1587  proto=47.1140  min_dist=5.64  mean_dist=16.14
  round 1: pool=407 purity=0.002 k-hat=3 anchors=3  margin=0.4383  mean-anchor=0.5884  53=0.588
  [sigreg+proto] epoch 1/5  sigreg=0.1628  proto=53.1098  min_dist=5.69  mean_dist=16.36
  [sigreg+proto] epoch 2/5  sigreg=0.1592  proto=53.1410  min_dist=5.73  mean_dist=16.34
  [sigreg+proto] epoch 3/5  sigreg=0.1574  proto=50.1114  min_dist=5.76  mean_dist=16.33
  [sigreg+proto] epoch 4/5  sigreg=0.1592  proto=47.8326  min_dist=5.79  mean_dist=16.31
  [sigreg+proto] epoch 5/5  sigreg=0.1597  proto=45.5332  min_dist=5.80  mean_dist=16.29
  round 2: pool=415 purity=0.022 k-hat=4 anchors=7  margin=0.4838  mean-anchor=0.7359  53=0.736
    [np   corpus-norm] purity r1=0.002 r2=0.022  probe 0.922->0.905  eucl 0.395->0.395  perevt 0.025->0.025  drift 0.014

===== EXP135 SUMMARY_h1_d4 (paired frozen vs corpus-norm; gate 0.15) =====
  cell|arm|scorer                              r1  r2 frz   r2 cn    d r2    probe frz/cn  drift
  cars:lejepa|frozen|dist                 0.005   0.005   0.005  +0.000   0.922/0.903    0.029
  cars:lejepa|frozen|np                   0.002   0.022   0.022  +0.000   0.922/0.905    0.014

wrote logs/exp135/corpus_norm_cars-lejepa_frozen_h1_d4.json
EXP135 DONE.
