/home/pharris/venv/lib64/python3.9/site-packages/networkx/utils/backends.py:135: RuntimeWarning: networkx backend defined more than once: nx-loopback
  backends.update(_get_backends("networkx.backends"))

######## aircraft:lejepa: holdouts=[90, 91, 92, 93]... ########
Fetching 37 files:   0%|          | 0/37 [00:00<?, ?it/s]Fetching 37 files: 100%|██████████| 37/37 [00:00<00:00, 37786.52it/s]

  --- supcon-ft: pre probe=0.7985 eucl=0.7871 mahaT=0.7135 perevt=0.240
  [sigreg+proto] epoch 1/5  sigreg=0.2450  proto=8.4573  min_dist=2.71  mean_dist=21.87
  [sigreg+proto] epoch 2/5  sigreg=0.2315  proto=7.8290  min_dist=2.75  mean_dist=21.86
  [sigreg+proto] epoch 3/5  sigreg=0.2320  proto=8.0978  min_dist=2.78  mean_dist=21.85
  [sigreg+proto] epoch 4/5  sigreg=0.2151  proto=7.1149  min_dist=2.82  mean_dist=21.84
  [sigreg+proto] epoch 5/5  sigreg=0.2205  proto=7.6656  min_dist=2.86  mean_dist=21.83
  round 1: pool=509 purity=0.411 k-hat=12 anchors=12  margin=0.8827  mean-anchor=0.9367  
  [sigreg+proto] epoch 1/5  sigreg=0.2662  proto=8.6447  min_dist=2.88  mean_dist=22.65
  [sigreg+proto] epoch 2/5  sigreg=0.2685  proto=8.0425  min_dist=2.93  mean_dist=22.64
  [sigreg+proto] epoch 3/5  sigreg=0.2498  proto=7.3552  min_dist=2.96  mean_dist=22.63
  [sigreg+proto] epoch 4/5  sigreg=0.2790  proto=8.4019  min_dist=3.01  mean_dist=22.62
  [sigreg+proto] epoch 5/5  sigreg=0.2976  proto=9.1224  min_dist=3.05  mean_dist=22.61
  round 2: pool=361 purity=0.169 k-hat=11 anchors=23  margin=0.8640  mean-anchor=0.9580  
    [dist frozen     ] purity r1=0.411 r2=0.169  probe 0.798->0.798  eucl 0.787->0.787  perevt 0.240->0.240  drift 0.000
  [sigreg+proto] epoch 1/5  sigreg=0.3033  proto=9.8034  min_dist=2.72  mean_dist=21.87
  [sigreg+proto] epoch 2/5  sigreg=0.3023  proto=9.5659  min_dist=2.76  mean_dist=21.86
  [sigreg+proto] epoch 3/5  sigreg=0.2917  proto=9.6773  min_dist=2.79  mean_dist=21.84
  [sigreg+proto] epoch 4/5  sigreg=0.2689  proto=8.2128  min_dist=2.82  mean_dist=21.83
  [sigreg+proto] epoch 5/5  sigreg=0.2799  proto=9.1734  min_dist=2.86  mean_dist=21.82
  round 1: pool=509 purity=0.411 k-hat=12 anchors=12  margin=0.8843  mean-anchor=0.9420  
  [sigreg+proto] epoch 1/5  sigreg=0.3530  proto=9.1297  min_dist=2.90  mean_dist=22.49
  [sigreg+proto] epoch 2/5  sigreg=0.2892  proto=8.2505  min_dist=2.92  mean_dist=22.48
  [sigreg+proto] epoch 3/5  sigreg=0.3931  proto=10.8248  min_dist=2.94  mean_dist=22.47
  [sigreg+proto] epoch 4/5  sigreg=0.3775  proto=10.0886  min_dist=2.97  mean_dist=22.46
  [sigreg+proto] epoch 5/5  sigreg=0.3033  proto=8.6320  min_dist=3.00  mean_dist=22.45
  round 2: pool=375 purity=0.200 k-hat=12 anchors=24  margin=0.8692  mean-anchor=0.9630  
    [dist corpus-norm] purity r1=0.411 r2=0.200  probe 0.798->0.800  eucl 0.787->0.782  perevt 0.240->0.252  drift 0.076
  [sigreg+proto] epoch 1/5  sigreg=0.1797  proto=4.9837  min_dist=2.70  mean_dist=21.44
  [sigreg+proto] epoch 2/5  sigreg=0.1855  proto=4.9134  min_dist=2.74  mean_dist=21.43
  [sigreg+proto] epoch 3/5  sigreg=0.1785  proto=4.9546  min_dist=2.78  mean_dist=21.42
  [sigreg+proto] epoch 4/5  sigreg=0.1819  proto=4.8876  min_dist=2.83  mean_dist=21.41
  [sigreg+proto] epoch 5/5  sigreg=0.1872  proto=4.8173  min_dist=2.87  mean_dist=21.40
  round 1: pool=668 purity=0.551 k-hat=12 anchors=12  margin=0.8770  mean-anchor=0.8956  
    merged 24 -> 23 anchors
  [sigreg+proto] epoch 1/5  sigreg=0.1872  proto=4.6813  min_dist=2.91  mean_dist=21.62
  [sigreg+proto] epoch 2/5  sigreg=0.1885  proto=4.4374  min_dist=2.95  mean_dist=21.61
  [sigreg+proto] epoch 3/5  sigreg=0.1896  proto=4.7076  min_dist=2.99  mean_dist=21.61
  [sigreg+proto] epoch 4/5  sigreg=0.1873  proto=4.4751  min_dist=3.05  mean_dist=21.60
  [sigreg+proto] epoch 5/5  sigreg=0.1917  proto=4.4640  min_dist=3.10  mean_dist=21.60
  round 2: pool=686 purity=0.563 k-hat=12 anchors=23  margin=0.8844  mean-anchor=0.9624  
    [np   frozen     ] purity r1=0.551 r2=0.563  probe 0.798->0.798  eucl 0.787->0.787  perevt 0.240->0.240  drift 0.000
  [sigreg+proto] epoch 1/5  sigreg=0.2623  proto=6.5796  min_dist=2.71  mean_dist=21.44
  [sigreg+proto] epoch 2/5  sigreg=0.2615  proto=6.4336  min_dist=2.74  mean_dist=21.43
  [sigreg+proto] epoch 3/5  sigreg=0.2383  proto=6.2671  min_dist=2.77  mean_dist=21.42
  [sigreg+proto] epoch 4/5  sigreg=0.2601  proto=6.5759  min_dist=2.80  mean_dist=21.41
  [sigreg+proto] epoch 5/5  sigreg=0.2626  proto=6.2396  min_dist=2.83  mean_dist=21.40
  round 1: pool=668 purity=0.551 k-hat=12 anchors=12  margin=0.8744  mean-anchor=0.8952  
    merged 24 -> 20 anchors
  [sigreg+proto] epoch 1/5  sigreg=0.2740  proto=6.6746  min_dist=2.89  mean_dist=21.21
  [sigreg+proto] epoch 2/5  sigreg=0.2735  proto=6.6622  min_dist=2.97  mean_dist=21.20
  [sigreg+proto] epoch 3/5  sigreg=0.2801  proto=6.4447  min_dist=3.03  mean_dist=21.19
  [sigreg+proto] epoch 4/5  sigreg=0.2545  proto=5.9179  min_dist=3.08  mean_dist=21.19
  [sigreg+proto] epoch 5/5  sigreg=0.2494  proto=6.0292  min_dist=3.11  mean_dist=21.18
  round 2: pool=666 purity=0.550 k-hat=12 anchors=20  margin=0.8741  mean-anchor=0.9064  
    [np   corpus-norm] purity r1=0.551 r2=0.550  probe 0.798->0.806  eucl 0.787->0.783  perevt 0.240->0.234  drift 0.063
Fetching 37 files:   0%|          | 0/37 [00:00<?, ?it/s]Fetching 37 files: 100%|██████████| 37/37 [00:00<00:00, 47069.84it/s]

  --- ss-ft: pre probe=0.7638 eucl=0.5638 mahaT=0.5958 perevt=0.072
  [sigreg+proto] epoch 1/5  sigreg=2.1915  proto=34.4550  min_dist=5.01  mean_dist=34.59
  [sigreg+proto] epoch 2/5  sigreg=2.0590  proto=31.7953  min_dist=5.03  mean_dist=34.57
  [sigreg+proto] epoch 3/5  sigreg=2.1575  proto=33.7414  min_dist=5.04  mean_dist=34.55
  [sigreg+proto] epoch 4/5  sigreg=2.0563  proto=32.8773  min_dist=5.06  mean_dist=34.53
  [sigreg+proto] epoch 5/5  sigreg=2.1318  proto=32.3201  min_dist=5.08  mean_dist=34.50
  round 1: pool=346 purity=0.133 k-hat=12 anchors=12  margin=0.6192  mean-anchor=0.9009  
  [sigreg+proto] epoch 1/5  sigreg=2.2295  proto=32.3033  min_dist=5.10  mean_dist=34.40
  [sigreg+proto] epoch 2/5  sigreg=2.1372  proto=32.4613  min_dist=5.12  mean_dist=34.38
  [sigreg+proto] epoch 3/5  sigreg=2.2230  proto=32.3016  min_dist=5.13  mean_dist=34.36
  [sigreg+proto] epoch 4/5  sigreg=2.2079  proto=33.1017  min_dist=5.15  mean_dist=34.34
  [sigreg+proto] epoch 5/5  sigreg=2.2320  proto=31.9128  min_dist=5.17  mean_dist=34.32
  round 2: pool=348 purity=0.138 k-hat=12 anchors=24  margin=0.6649  mean-anchor=0.9484  
    [dist frozen     ] purity r1=0.133 r2=0.138  probe 0.764->0.764  eucl 0.564->0.564  perevt 0.072->0.072  drift 0.000
  [sigreg+proto] epoch 1/5  sigreg=2.2989  proto=40.0876  min_dist=5.01  mean_dist=34.59
  [sigreg+proto] epoch 2/5  sigreg=2.1283  proto=35.7586  min_dist=5.03  mean_dist=34.57
  [sigreg+proto] epoch 3/5  sigreg=2.2556  proto=39.6767  min_dist=5.05  mean_dist=34.55
  [sigreg+proto] epoch 4/5  sigreg=2.1575  proto=37.0329  min_dist=5.06  mean_dist=34.53
  [sigreg+proto] epoch 5/5  sigreg=2.2113  proto=37.4812  min_dist=5.08  mean_dist=34.51
  round 1: pool=346 purity=0.133 k-hat=12 anchors=12  margin=0.6239  mean-anchor=0.9001  
  [sigreg+proto] epoch 1/5  sigreg=2.3701  proto=38.9014  min_dist=5.11  mean_dist=34.41
  [sigreg+proto] epoch 2/5  sigreg=2.1451  proto=36.3230  min_dist=5.12  mean_dist=34.39
  [sigreg+proto] epoch 3/5  sigreg=2.3513  proto=38.7217  min_dist=5.14  mean_dist=34.37
  [sigreg+proto] epoch 4/5  sigreg=2.2201  proto=36.2711  min_dist=5.16  mean_dist=34.35
  [sigreg+proto] epoch 5/5  sigreg=2.3436  proto=40.2865  min_dist=5.17  mean_dist=34.33
  round 2: pool=355 purity=0.155 k-hat=12 anchors=24  margin=0.6690  mean-anchor=0.9339  
    [dist corpus-norm] purity r1=0.133 r2=0.155  probe 0.764->0.762  eucl 0.564->0.566  perevt 0.072->0.069  drift 0.036
  [sigreg+proto] epoch 1/5  sigreg=1.6608  proto=24.2488  min_dist=3.94  mean_dist=35.75
  [sigreg+proto] epoch 2/5  sigreg=1.7266  proto=26.3716  min_dist=3.90  mean_dist=35.72
  [sigreg+proto] epoch 3/5  sigreg=1.7502  proto=25.6419  min_dist=3.86  mean_dist=35.70
  [sigreg+proto] epoch 4/5  sigreg=1.8046  proto=26.4603  min_dist=3.84  mean_dist=35.67
  [sigreg+proto] epoch 5/5  sigreg=1.7432  proto=25.8501  min_dist=3.82  mean_dist=35.65
  round 1: pool=602 purity=0.502 k-hat=12 anchors=12  margin=0.7874  mean-anchor=0.9240  
    merged 24 -> 21 anchors
  [sigreg+proto] epoch 1/5  sigreg=1.7255  proto=25.0624  min_dist=3.14  mean_dist=35.66
  [sigreg+proto] epoch 2/5  sigreg=1.7490  proto=24.3381  min_dist=3.10  mean_dist=35.64
  [sigreg+proto] epoch 3/5  sigreg=1.7349  proto=24.0191  min_dist=3.09  mean_dist=35.62
  [sigreg+proto] epoch 4/5  sigreg=1.7080  proto=23.7997  min_dist=3.10  mean_dist=35.60
  [sigreg+proto] epoch 5/5  sigreg=1.7642  proto=26.0758  min_dist=3.10  mean_dist=35.57
  round 2: pool=573 purity=0.476 k-hat=12 anchors=21  margin=0.7642  mean-anchor=0.9267  
    [np   frozen     ] purity r1=0.502 r2=0.476  probe 0.764->0.764  eucl 0.564->0.564  perevt 0.072->0.072  drift 0.000
  [sigreg+proto] epoch 1/5  sigreg=1.9568  proto=29.2762  min_dist=3.94  mean_dist=35.75
  [sigreg+proto] epoch 2/5  sigreg=2.0042  proto=32.0440  min_dist=3.90  mean_dist=35.72
  [sigreg+proto] epoch 3/5  sigreg=1.9896  proto=30.6036  min_dist=3.87  mean_dist=35.70
  [sigreg+proto] epoch 4/5  sigreg=2.0725  proto=32.3455  min_dist=3.85  mean_dist=35.68
  [sigreg+proto] epoch 5/5  sigreg=1.9903  proto=30.1272  min_dist=3.85  mean_dist=35.66
  round 1: pool=602 purity=0.502 k-hat=12 anchors=12  margin=0.7754  mean-anchor=0.9195  
    merged 24 -> 23 anchors
  [sigreg+proto] epoch 1/5  sigreg=1.8933  proto=27.6824  min_dist=3.94  mean_dist=35.50
  [sigreg+proto] epoch 2/5  sigreg=1.9479  proto=28.5523  min_dist=3.91  mean_dist=35.48
  [sigreg+proto] epoch 3/5  sigreg=1.9656  proto=29.4993  min_dist=3.89  mean_dist=35.47
  [sigreg+proto] epoch 4/5  sigreg=1.8782  proto=27.8503  min_dist=3.86  mean_dist=35.45
  [sigreg+proto] epoch 5/5  sigreg=1.9977  proto=29.0319  min_dist=3.86  mean_dist=35.43
  round 2: pool=590 purity=0.492 k-hat=12 anchors=23  margin=0.7642  mean-anchor=0.9305  
    [np   corpus-norm] purity r1=0.502 r2=0.492  probe 0.764->0.775  eucl 0.564->0.555  perevt 0.072->0.069  drift 0.071
Fetching 37 files:   0%|          | 0/37 [00:00<?, ?it/s]Fetching 37 files: 100%|██████████| 37/37 [00:00<00:00, 32520.80it/s]

  --- nplm-sup-ft: pre probe=0.6643 eucl=0.7326 mahaT=0.7444 perevt=0.114
  [sigreg+proto] epoch 1/5  sigreg=0.3938  proto=10.4299  min_dist=0.55  mean_dist=27.29
  [sigreg+proto] epoch 2/5  sigreg=0.3790  proto=9.8364  min_dist=0.70  mean_dist=27.28
  [sigreg+proto] epoch 3/5  sigreg=0.3841  proto=10.2215  min_dist=0.81  mean_dist=27.28
  [sigreg+proto] epoch 4/5  sigreg=0.4040  proto=11.8009  min_dist=0.91  mean_dist=27.28
  [sigreg+proto] epoch 5/5  sigreg=0.3921  proto=10.2894  min_dist=0.99  mean_dist=27.27
  round 1: pool=414 purity=0.275 k-hat=12 anchors=12  margin=0.7816  mean-anchor=0.9224  
  [sigreg+proto] epoch 1/5  sigreg=0.4046  proto=10.6238  min_dist=1.17  mean_dist=28.22
  [sigreg+proto] epoch 2/5  sigreg=0.3945  proto=10.2823  min_dist=1.33  mean_dist=28.22
  [sigreg+proto] epoch 3/5  sigreg=0.3982  proto=8.7731  min_dist=1.46  mean_dist=28.21
  [sigreg+proto] epoch 4/5  sigreg=0.3950  proto=11.4143  min_dist=1.55  mean_dist=28.21
  [sigreg+proto] epoch 5/5  sigreg=0.3926  proto=10.4287  min_dist=1.64  mean_dist=28.21
  round 2: pool=388 purity=0.227 k-hat=11 anchors=23  margin=0.7677  mean-anchor=0.9249  
    [dist frozen     ] purity r1=0.275 r2=0.227  probe 0.664->0.664  eucl 0.733->0.733  perevt 0.114->0.114  drift 0.000
  [sigreg+proto] epoch 1/5  sigreg=0.7757  proto=24.7232  min_dist=0.55  mean_dist=27.29
  [sigreg+proto] epoch 2/5  sigreg=0.7718  proto=25.0270  min_dist=0.70  mean_dist=27.28
  [sigreg+proto] epoch 3/5  sigreg=0.7618  proto=25.5205  min_dist=0.81  mean_dist=27.27
  [sigreg+proto] epoch 4/5  sigreg=0.6194  proto=19.8966  min_dist=0.91  mean_dist=27.26
  [sigreg+proto] epoch 5/5  sigreg=0.6972  proto=22.3247  min_dist=0.99  mean_dist=27.26
  round 1: pool=414 purity=0.275 k-hat=12 anchors=12  margin=0.7703  mean-anchor=0.9192  
  [sigreg+proto] epoch 1/5  sigreg=0.7725  proto=23.8705  min_dist=1.18  mean_dist=28.24
  [sigreg+proto] epoch 2/5  sigreg=0.9664  proto=32.4374  min_dist=1.36  mean_dist=28.23
  [sigreg+proto] epoch 3/5  sigreg=1.0258  proto=34.3977  min_dist=1.49  mean_dist=28.22
  [sigreg+proto] epoch 4/5  sigreg=0.9741  proto=33.6269  min_dist=1.59  mean_dist=28.22
  [sigreg+proto] epoch 5/5  sigreg=0.8825  proto=29.6048  min_dist=1.68  mean_dist=28.21
  round 2: pool=385 purity=0.221 k-hat=11 anchors=23  margin=0.7301  mean-anchor=0.9274  
    [dist corpus-norm] purity r1=0.275 r2=0.221  probe 0.664->0.698  eucl 0.733->0.733  perevt 0.114->0.132  drift 0.171
  [sigreg+proto] epoch 1/5  sigreg=0.4161  proto=10.3514  min_dist=0.55  mean_dist=25.17
  [sigreg+proto] epoch 2/5  sigreg=0.3974  proto=10.1408  min_dist=0.70  mean_dist=25.17
  [sigreg+proto] epoch 3/5  sigreg=0.4070  proto=9.2802  min_dist=0.81  mean_dist=25.17
  [sigreg+proto] epoch 4/5  sigreg=0.4003  proto=9.1767  min_dist=0.91  mean_dist=25.17
  [sigreg+proto] epoch 5/5  sigreg=0.4030  proto=9.8924  min_dist=0.98  mean_dist=25.17
  round 1: pool=566 purity=0.470 k-hat=8 anchors=8  margin=0.6744  mean-anchor=0.9099  
    merged 16 -> 12 anchors
  [sigreg+proto] epoch 1/5  sigreg=0.4009  proto=9.7195  min_dist=1.19  mean_dist=25.92
  [sigreg+proto] epoch 2/5  sigreg=0.4068  proto=9.8846  min_dist=1.36  mean_dist=25.93
  [sigreg+proto] epoch 3/5  sigreg=0.4045  proto=9.5733  min_dist=1.49  mean_dist=25.93
  [sigreg+proto] epoch 4/5  sigreg=0.4064  proto=10.1276  min_dist=1.59  mean_dist=25.93
  [sigreg+proto] epoch 5/5  sigreg=0.4100  proto=10.3475  min_dist=1.69  mean_dist=25.94
  round 2: pool=551 purity=0.456 k-hat=8 anchors=12  margin=0.7303  mean-anchor=0.9226  
    [np   frozen     ] purity r1=0.470 r2=0.456  probe 0.664->0.664  eucl 0.733->0.733  perevt 0.114->0.114  drift 0.000
  [sigreg+proto] epoch 1/5  sigreg=0.5110  proto=17.6043  min_dist=0.55  mean_dist=25.17
  [sigreg+proto] epoch 2/5  sigreg=0.5540  proto=16.5684  min_dist=0.70  mean_dist=25.17
  [sigreg+proto] epoch 3/5  sigreg=0.5045  proto=13.3993  min_dist=0.82  mean_dist=25.17
  [sigreg+proto] epoch 4/5  sigreg=0.5110  proto=13.0284  min_dist=0.91  mean_dist=25.17
  [sigreg+proto] epoch 5/5  sigreg=0.5293  proto=14.0963  min_dist=0.99  mean_dist=25.17
  round 1: pool=566 purity=0.470 k-hat=8 anchors=8  margin=0.6736  mean-anchor=0.9084  
    merged 14 -> 10 anchors
  [sigreg+proto] epoch 1/5  sigreg=0.5071  proto=15.5072  min_dist=1.19  mean_dist=25.50
  [sigreg+proto] epoch 2/5  sigreg=0.5922  proto=17.5381  min_dist=1.37  mean_dist=25.50
  [sigreg+proto] epoch 3/5  sigreg=0.6280  proto=19.5073  min_dist=1.48  mean_dist=25.50
  [sigreg+proto] epoch 4/5  sigreg=0.5305  proto=15.6002  min_dist=1.58  mean_dist=25.50
  [sigreg+proto] epoch 5/5  sigreg=0.5127  proto=14.2847  min_dist=1.67  mean_dist=25.51
  round 2: pool=552 purity=0.457 k-hat=6 anchors=10  margin=0.7239  mean-anchor=0.9188  
    [np   corpus-norm] purity r1=0.470 r2=0.457  probe 0.664->0.666  eucl 0.733->0.732  perevt 0.114->0.111  drift 0.032

===== EXP135 SUMMARY (paired frozen vs corpus-norm; gate 0.15) =====
  cell|arm|scorer                              r1  r2 frz   r2 cn    d r2    probe frz/cn  drift
  aircraft:lejepa|supcon-ft|dist            0.411   0.169   0.200  +0.031   0.798/0.800    0.076
  aircraft:lejepa|supcon-ft|np              0.551   0.563   0.550  -0.013   0.798/0.806    0.063
  aircraft:lejepa|ss-ft|dist                0.133   0.138   0.155  +0.017   0.764/0.762    0.036
  aircraft:lejepa|ss-ft|np                  0.502   0.476   0.492  +0.015   0.764/0.775    0.071
  aircraft:lejepa|nplm-sup-ft|dist          0.275   0.227   0.221  -0.006   0.664/0.698    0.171
  aircraft:lejepa|nplm-sup-ft|np            0.470   0.456   0.457  +0.001   0.664/0.666    0.032

wrote logs/exp135/corpus_norm_aircraft-lejepa.json
EXP135 DONE.
