/home/pharris/venv/lib64/python3.9/site-packages/networkx/utils/backends.py:135: RuntimeWarning: networkx backend defined more than once: nx-loopback
  backends.update(_get_backends("networkx.backends"))

######## dtd:lejepa: holdouts=[37, 38, 39, 40]... ########

  --- frozen: pre probe=0.8432 eucl=0.7233 mahaT=0.7522 perevt=0.205
  [sigreg+proto] epoch 1/5  sigreg=0.1783  proto=14.4405  min_dist=5.01  mean_dist=18.03
  [sigreg+proto] epoch 2/5  sigreg=0.1631  proto=10.9071  min_dist=5.01  mean_dist=18.03
  [sigreg+proto] epoch 3/5  sigreg=0.1717  proto=14.3078  min_dist=5.02  mean_dist=18.03
  [sigreg+proto] epoch 4/5  sigreg=0.1724  proto=12.0872  min_dist=5.02  mean_dist=18.02
  [sigreg+proto] epoch 5/5  sigreg=0.1682  proto=13.1120  min_dist=5.03  mean_dist=18.02
  round 1: pool=157 purity=0.529 k-hat=5 anchors=5  margin=0.8218  mean-anchor=0.5373  
  [sigreg+proto] epoch 1/5  sigreg=0.1771  proto=8.8755  min_dist=5.04  mean_dist=17.80
  [sigreg+proto] epoch 2/5  sigreg=0.1754  proto=8.6642  min_dist=5.04  mean_dist=17.79
  [sigreg+proto] epoch 3/5  sigreg=0.1831  proto=15.0628  min_dist=5.05  mean_dist=17.79
  [sigreg+proto] epoch 4/5  sigreg=0.1733  proto=11.8802  min_dist=5.06  mean_dist=17.79
  [sigreg+proto] epoch 5/5  sigreg=0.1715  proto=16.5007  min_dist=5.07  mean_dist=17.78
  round 2: pool=114 purity=0.351 k-hat=2 anchors=7  margin=0.8288  mean-anchor=0.6411  
    [dist frozen     ] purity r1=0.529 r2=0.351  probe 0.843->0.843  eucl 0.723->0.723  perevt 0.205->0.205  drift 0.000
  [sigreg+proto] epoch 1/5  sigreg=0.1901  proto=15.2645  min_dist=5.01  mean_dist=18.03
  [sigreg+proto] epoch 2/5  sigreg=0.1741  proto=11.3345  min_dist=5.01  mean_dist=18.03
  [sigreg+proto] epoch 3/5  sigreg=0.1835  proto=14.5781  min_dist=5.02  mean_dist=18.02
  [sigreg+proto] epoch 4/5  sigreg=0.1829  proto=12.2487  min_dist=5.02  mean_dist=18.02
  [sigreg+proto] epoch 5/5  sigreg=0.1778  proto=13.2414  min_dist=5.03  mean_dist=18.01
  round 1: pool=157 purity=0.529 k-hat=5 anchors=5  margin=0.8191  mean-anchor=0.5437  
  [sigreg+proto] epoch 1/5  sigreg=0.1722  proto=12.9363  min_dist=3.43  mean_dist=17.83
  [sigreg+proto] epoch 2/5  sigreg=0.1963  proto=11.2461  min_dist=3.44  mean_dist=17.83
  [sigreg+proto] epoch 3/5  sigreg=0.1737  proto=13.0087  min_dist=3.45  mean_dist=17.82
  [sigreg+proto] epoch 4/5  sigreg=0.1878  proto=15.2722  min_dist=3.46  mean_dist=17.82
  [sigreg+proto] epoch 5/5  sigreg=0.1684  proto=10.8188  min_dist=3.48  mean_dist=17.82
  round 2: pool=108 purity=0.315 k-hat=1 anchors=6  margin=0.8221  mean-anchor=0.6093  
    [dist corpus-norm] purity r1=0.529 r2=0.315  probe 0.843->0.846  eucl 0.723->0.723  perevt 0.205->0.207  drift 0.081
  [sigreg+proto] epoch 1/5  sigreg=0.1919  proto=13.9273  min_dist=5.01  mean_dist=19.57
  [sigreg+proto] epoch 2/5  sigreg=0.1667  proto=13.3054  min_dist=5.01  mean_dist=19.57
  [sigreg+proto] epoch 3/5  sigreg=0.1829  proto=7.4437  min_dist=5.02  mean_dist=19.56
  [sigreg+proto] epoch 4/5  sigreg=0.1620  proto=14.1969  min_dist=5.02  mean_dist=19.56
  [sigreg+proto] epoch 5/5  sigreg=0.1792  proto=18.3126  min_dist=5.03  mean_dist=19.55
  round 1: pool=150 purity=0.507 k-hat=6 anchors=6  margin=0.7766  mean-anchor=0.5327  
    merged 14 -> 10 anchors
  [sigreg+proto] epoch 1/5  sigreg=0.2564  proto=17.6460  min_dist=5.04  mean_dist=20.82
  [sigreg+proto] epoch 2/5  sigreg=0.2875  proto=15.6512  min_dist=5.04  mean_dist=20.82
  [sigreg+proto] epoch 3/5  sigreg=0.2568  proto=14.1615  min_dist=5.05  mean_dist=20.81
  [sigreg+proto] epoch 4/5  sigreg=0.2175  proto=11.6987  min_dist=5.06  mean_dist=20.81
  [sigreg+proto] epoch 5/5  sigreg=0.2430  proto=12.5744  min_dist=5.06  mean_dist=20.80
  round 2: pool=150 purity=0.507 k-hat=8 anchors=10  margin=0.7776  mean-anchor=0.6062  
    [np   frozen     ] purity r1=0.507 r2=0.507  probe 0.843->0.843  eucl 0.723->0.723  perevt 0.205->0.205  drift 0.000
  [sigreg+proto] epoch 1/5  sigreg=0.2126  proto=13.2352  min_dist=5.01  mean_dist=19.57
  [sigreg+proto] epoch 2/5  sigreg=0.1731  proto=13.0604  min_dist=5.01  mean_dist=19.57
  [sigreg+proto] epoch 3/5  sigreg=0.2006  proto=7.5770  min_dist=5.02  mean_dist=19.56
  [sigreg+proto] epoch 4/5  sigreg=0.1733  proto=13.8270  min_dist=5.02  mean_dist=19.55
  [sigreg+proto] epoch 5/5  sigreg=0.1951  proto=17.0844  min_dist=5.03  mean_dist=19.55
  round 1: pool=150 purity=0.507 k-hat=6 anchors=6  margin=0.7760  mean-anchor=0.5331  
  [sigreg+proto] epoch 1/5  sigreg=0.2749  proto=11.7341  min_dist=3.19  mean_dist=21.88
  [sigreg+proto] epoch 2/5  sigreg=0.2605  proto=15.8435  min_dist=3.19  mean_dist=21.88
  [sigreg+proto] epoch 3/5  sigreg=0.2153  proto=12.6421  min_dist=3.18  mean_dist=21.87
  [sigreg+proto] epoch 4/5  sigreg=0.2571  proto=15.6070  min_dist=3.17  mean_dist=21.86
  [sigreg+proto] epoch 5/5  sigreg=0.2723  proto=13.7232  min_dist=3.16  mean_dist=21.86
  round 2: pool=148 purity=0.500 k-hat=7 anchors=13  margin=0.7760  mean-anchor=0.6086  
    [np   corpus-norm] purity r1=0.507 r2=0.500  probe 0.843->0.849  eucl 0.723->0.723  perevt 0.205->0.210  drift 0.116

===== EXP135 SUMMARY (paired frozen vs corpus-norm; gate 0.15) =====
  cell|arm|scorer                              r1  r2 frz   r2 cn    d r2    probe frz/cn  drift
  dtd:lejepa|frozen|dist                  0.529   0.351   0.315  -0.036   0.843/0.846    0.081
  dtd:lejepa|frozen|np                    0.507   0.507   0.500  -0.007   0.843/0.849    0.116

wrote logs/exp135/corpus_norm_dtd-lejepa_frozen.json
EXP135 DONE.
