/home/pharris/venv/lib64/python3.9/site-packages/networkx/utils/backends.py:135: RuntimeWarning: networkx backend defined more than once: nx-loopback
  backends.update(_get_backends("networkx.backends"))

######## flowers:visreg_h1_d2: holdouts=[53] ########

  --- frozen: pre probe=0.9915 eucl=0.4973 mahaT=0.6134 perevt=0.073
  [sigreg+proto] epoch 1/5  sigreg=0.2402  proto=8.1664  min_dist=10.44  mean_dist=26.86
  [sigreg+proto] epoch 2/5  sigreg=0.2452  proto=8.4841  min_dist=10.46  mean_dist=26.82
  [sigreg+proto] epoch 3/5  sigreg=0.2413  proto=6.7216  min_dist=10.48  mean_dist=26.80
  [sigreg+proto] epoch 4/5  sigreg=0.2201  proto=11.7667  min_dist=10.47  mean_dist=26.77
  [sigreg+proto] epoch 5/5  sigreg=0.2272  proto=8.1827  min_dist=10.47  mean_dist=26.75
  round 1: pool=102 purity=0.010 k-hat=4 anchors=4  margin=0.2822  mean-anchor=0.1655  53=0.166
  [sigreg+proto] epoch 1/5  sigreg=0.2341  proto=9.0082  min_dist=4.79  mean_dist=26.61
  [sigreg+proto] epoch 2/5  sigreg=0.2499  proto=7.3066  min_dist=4.78  mean_dist=26.59
  [sigreg+proto] epoch 3/5  sigreg=0.2305  proto=8.2048  min_dist=4.78  mean_dist=26.56
  [sigreg+proto] epoch 4/5  sigreg=0.2209  proto=9.1187  min_dist=4.78  mean_dist=26.54
  [sigreg+proto] epoch 5/5  sigreg=0.2458  proto=7.2387  min_dist=4.78  mean_dist=26.52
  round 2: pool=102 purity=0.010 k-hat=2 anchors=6  margin=0.2705  mean-anchor=0.1484  53=0.148
    [dist frozen     ] purity r1=0.010 r2=0.010  probe 0.992->0.992  eucl 0.497->0.497  perevt 0.073->0.073  drift 0.000
  [sigreg+proto] epoch 1/5  sigreg=0.2500  proto=10.5086  min_dist=10.44  mean_dist=26.86
  [sigreg+proto] epoch 2/5  sigreg=0.2593  proto=9.4240  min_dist=10.45  mean_dist=26.84
  [sigreg+proto] epoch 3/5  sigreg=0.2782  proto=8.2024  min_dist=10.47  mean_dist=26.81
  [sigreg+proto] epoch 4/5  sigreg=0.2488  proto=13.3565  min_dist=10.48  mean_dist=26.79
  [sigreg+proto] epoch 5/5  sigreg=0.2421  proto=10.3183  min_dist=10.49  mean_dist=26.77
  round 1: pool=102 purity=0.010 k-hat=4 anchors=4  margin=0.2722  mean-anchor=0.1571  53=0.157
  [sigreg+proto] epoch 1/5  sigreg=0.2441  proto=12.1996  min_dist=4.91  mean_dist=26.63
  [sigreg+proto] epoch 2/5  sigreg=0.2736  proto=8.1827  min_dist=4.91  mean_dist=26.61
  [sigreg+proto] epoch 3/5  sigreg=0.2410  proto=10.0955  min_dist=4.92  mean_dist=26.59
  [sigreg+proto] epoch 4/5  sigreg=0.2407  proto=11.8764  min_dist=4.92  mean_dist=26.57
  [sigreg+proto] epoch 5/5  sigreg=0.2714  proto=9.2943  min_dist=4.92  mean_dist=26.55
  round 2: pool=102 purity=0.010 k-hat=2 anchors=6  margin=0.2693  mean-anchor=0.1959  53=0.196
    [dist corpus-norm] purity r1=0.010 r2=0.010  probe 0.992->0.941  eucl 0.497->0.497  perevt 0.073->0.073  drift 0.035
  [sigreg+proto] epoch 1/5  sigreg=0.2361  proto=6.1952  min_dist=1.24  mean_dist=27.09
  [sigreg+proto] epoch 2/5  sigreg=0.2237  proto=6.6841  min_dist=1.37  mean_dist=27.06
  [sigreg+proto] epoch 3/5  sigreg=0.2250  proto=6.0313  min_dist=1.50  mean_dist=27.03
  [sigreg+proto] epoch 4/5  sigreg=0.2291  proto=6.0555  min_dist=1.62  mean_dist=27.00
  [sigreg+proto] epoch 5/5  sigreg=0.2349  proto=5.1360  min_dist=1.74  mean_dist=26.98
  round 1: pool=114 purity=0.175 k-hat=3 anchors=3  margin=0.9948  mean-anchor=0.9117  53=0.912
    merged 6 -> 4 anchors
  [sigreg+proto] epoch 1/5  sigreg=0.2339  proto=6.8757  min_dist=1.90  mean_dist=26.90
  [sigreg+proto] epoch 2/5  sigreg=0.2386  proto=6.6373  min_dist=2.00  mean_dist=26.86
  [sigreg+proto] epoch 3/5  sigreg=0.2307  proto=6.9508  min_dist=2.11  mean_dist=26.84
  [sigreg+proto] epoch 4/5  sigreg=0.2569  proto=4.2533  min_dist=2.21  mean_dist=26.81
  [sigreg+proto] epoch 5/5  sigreg=0.2351  proto=6.4751  min_dist=2.29  mean_dist=26.79
  round 2: pool=121 purity=0.165 k-hat=3 anchors=4  margin=0.9950  mean-anchor=0.9133  53=0.913
    [np   frozen     ] purity r1=0.175 r2=0.165  probe 0.992->0.992  eucl 0.497->0.497  perevt 0.073->0.073  drift 0.000
  [sigreg+proto] epoch 1/5  sigreg=0.2593  proto=7.8508  min_dist=1.23  mean_dist=27.09
  [sigreg+proto] epoch 2/5  sigreg=0.2355  proto=8.2460  min_dist=1.35  mean_dist=27.07
  [sigreg+proto] epoch 3/5  sigreg=0.2358  proto=7.2880  min_dist=1.46  mean_dist=27.05
  [sigreg+proto] epoch 4/5  sigreg=0.2455  proto=8.1171  min_dist=1.56  mean_dist=27.03
  [sigreg+proto] epoch 5/5  sigreg=0.2454  proto=6.2686  min_dist=1.66  mean_dist=27.01
  round 1: pool=114 purity=0.175 k-hat=3 anchors=3  margin=0.9947  mean-anchor=0.9139  53=0.914
  [sigreg+proto] epoch 1/5  sigreg=0.2501  proto=8.8850  min_dist=1.78  mean_dist=27.08
  [sigreg+proto] epoch 2/5  sigreg=0.2502  proto=11.6741  min_dist=1.90  mean_dist=27.05
  [sigreg+proto] epoch 3/5  sigreg=0.2674  proto=8.1640  min_dist=2.01  mean_dist=27.03
  [sigreg+proto] epoch 4/5  sigreg=0.2535  proto=8.2625  min_dist=2.11  mean_dist=27.01
  [sigreg+proto] epoch 5/5  sigreg=0.2477  proto=9.7255  min_dist=2.21  mean_dist=26.99
  round 2: pool=121 purity=0.165 k-hat=3 anchors=6  margin=0.9942  mean-anchor=0.9363  53=0.936
    [np   corpus-norm] purity r1=0.175 r2=0.165  probe 0.992->0.998  eucl 0.497->0.496  perevt 0.073->0.073  drift 0.036

===== EXP135 SUMMARY_h1_d2 (paired frozen vs corpus-norm; gate 0.15) =====
  cell|arm|scorer                              r1  r2 frz   r2 cn    d r2    probe frz/cn  drift
  flowers:visreg|frozen|dist              0.010   0.010   0.010  +0.000   0.992/0.941    0.035
  flowers:visreg|frozen|np                0.175   0.165   0.165  +0.000   0.992/0.998    0.036

wrote logs/exp135/corpus_norm_flowers-visreg_frozen_h1_d2.json
EXP135 DONE.
