/home/pharris/venv/lib64/python3.9/site-packages/networkx/utils/backends.py:135: RuntimeWarning: networkx backend defined more than once: nx-loopback
  backends.update(_get_backends("networkx.backends"))

######## aircraft:dino_h1_d2: holdouts=[71] ########

  --- frozen: pre probe=0.9950 eucl=0.5862 mahaT=0.6316 perevt=0.029
  [sigreg+proto] epoch 1/5  sigreg=0.1530  proto=31.2351  min_dist=4.06  mean_dist=15.35
  [sigreg+proto] epoch 2/5  sigreg=0.1504  proto=29.3217  min_dist=4.04  mean_dist=15.36
  [sigreg+proto] epoch 3/5  sigreg=0.1529  proto=28.1599  min_dist=4.06  mean_dist=15.36
  [sigreg+proto] epoch 4/5  sigreg=0.1509  proto=27.4698  min_dist=4.10  mean_dist=15.37
  [sigreg+proto] epoch 5/5  sigreg=0.1510  proto=26.4146  min_dist=4.13  mean_dist=15.37
  round 1: pool=337 purity=0.021 k-hat=4 anchors=4  margin=0.6244  mean-anchor=0.6158  71=0.616
  [sigreg+proto] epoch 1/5  sigreg=0.1575  proto=27.5804  min_dist=4.18  mean_dist=16.06
  [sigreg+proto] epoch 2/5  sigreg=0.1576  proto=25.3513  min_dist=4.24  mean_dist=16.07
  [sigreg+proto] epoch 3/5  sigreg=0.1541  proto=25.9188  min_dist=4.28  mean_dist=16.08
  [sigreg+proto] epoch 4/5  sigreg=0.1522  proto=22.2175  min_dist=4.33  mean_dist=16.09
  [sigreg+proto] epoch 5/5  sigreg=0.1639  proto=21.9052  min_dist=4.38  mean_dist=16.09
  round 2: pool=336 purity=0.018 k-hat=4 anchors=8  margin=0.5991  mean-anchor=0.6207  71=0.621
    [dist frozen     ] purity r1=0.021 r2=0.018  probe 0.995->0.995  eucl 0.586->0.586  perevt 0.029->0.029  drift 0.000
  [sigreg+proto] epoch 1/5  sigreg=0.1576  proto=31.4776  min_dist=4.07  mean_dist=15.34
  [sigreg+proto] epoch 2/5  sigreg=0.1540  proto=29.0474  min_dist=4.06  mean_dist=15.34
  [sigreg+proto] epoch 3/5  sigreg=0.1574  proto=27.8960  min_dist=4.09  mean_dist=15.34
  [sigreg+proto] epoch 4/5  sigreg=0.1543  proto=27.2597  min_dist=4.13  mean_dist=15.34
  [sigreg+proto] epoch 5/5  sigreg=0.1544  proto=26.5448  min_dist=4.15  mean_dist=15.34
  round 1: pool=337 purity=0.021 k-hat=4 anchors=4  margin=0.6314  mean-anchor=0.6219  71=0.622
  [sigreg+proto] epoch 1/5  sigreg=0.1609  proto=27.0369  min_dist=4.20  mean_dist=15.99
  [sigreg+proto] epoch 2/5  sigreg=0.1616  proto=24.7419  min_dist=4.26  mean_dist=15.99
  [sigreg+proto] epoch 3/5  sigreg=0.1605  proto=25.5064  min_dist=4.31  mean_dist=15.99
  [sigreg+proto] epoch 4/5  sigreg=0.1589  proto=21.8404  min_dist=4.35  mean_dist=16.00
  [sigreg+proto] epoch 5/5  sigreg=0.1661  proto=20.3201  min_dist=4.39  mean_dist=16.00
  round 2: pool=336 purity=0.018 k-hat=4 anchors=8  margin=0.5628  mean-anchor=0.5983  71=0.598
    [dist corpus-norm] purity r1=0.021 r2=0.018  probe 0.995->0.996  eucl 0.586->0.586  perevt 0.029->0.029  drift 0.050
  [sigreg+proto] epoch 1/5  sigreg=0.1471  proto=37.7501  min_dist=4.17  mean_dist=14.59
  [sigreg+proto] epoch 2/5  sigreg=0.1476  proto=38.7870  min_dist=4.26  mean_dist=14.61
  [sigreg+proto] epoch 3/5  sigreg=0.1454  proto=36.3269  min_dist=4.33  mean_dist=14.63
  [sigreg+proto] epoch 4/5  sigreg=0.1487  proto=35.7065  min_dist=4.40  mean_dist=14.65
  [sigreg+proto] epoch 5/5  sigreg=0.1480  proto=37.3327  min_dist=4.45  mean_dist=14.66
  round 1: pool=336 purity=0.018 k-hat=2 anchors=2  margin=0.2870  mean-anchor=0.5386  71=0.539
  [sigreg+proto] epoch 1/5  sigreg=0.1509  proto=41.9846  min_dist=4.61  mean_dist=15.16
  [sigreg+proto] epoch 2/5  sigreg=0.1541  proto=39.6723  min_dist=4.67  mean_dist=15.20
  [sigreg+proto] epoch 3/5  sigreg=0.1496  proto=41.5738  min_dist=4.71  mean_dist=15.23
  [sigreg+proto] epoch 4/5  sigreg=0.1542  proto=38.7323  min_dist=4.74  mean_dist=15.26
  [sigreg+proto] epoch 5/5  sigreg=0.1489  proto=39.0893  min_dist=4.79  mean_dist=15.29
  round 2: pool=352 purity=0.062 k-hat=4 anchors=6  margin=0.6422  mean-anchor=0.8515  71=0.851
    [np   frozen     ] purity r1=0.018 r2=0.062  probe 0.995->0.995  eucl 0.586->0.586  perevt 0.029->0.029  drift 0.000
  [sigreg+proto] epoch 1/5  sigreg=0.1498  proto=38.9215  min_dist=4.15  mean_dist=14.58
  [sigreg+proto] epoch 2/5  sigreg=0.1511  proto=39.8757  min_dist=4.23  mean_dist=14.59
  [sigreg+proto] epoch 3/5  sigreg=0.1498  proto=37.9080  min_dist=4.29  mean_dist=14.61
  [sigreg+proto] epoch 4/5  sigreg=0.1510  proto=36.8248  min_dist=4.36  mean_dist=14.62
  [sigreg+proto] epoch 5/5  sigreg=0.1557  proto=38.1777  min_dist=4.40  mean_dist=14.63
  round 1: pool=336 purity=0.018 k-hat=2 anchors=2  margin=0.2620  mean-anchor=0.5294  71=0.529
  [sigreg+proto] epoch 1/5  sigreg=0.1539  proto=41.9844  min_dist=4.55  mean_dist=15.17
  [sigreg+proto] epoch 2/5  sigreg=0.1578  proto=39.7244  min_dist=4.62  mean_dist=15.19
  [sigreg+proto] epoch 3/5  sigreg=0.1575  proto=40.7967  min_dist=4.66  mean_dist=15.21
  [sigreg+proto] epoch 4/5  sigreg=0.1607  proto=38.4551  min_dist=4.71  mean_dist=15.23
  [sigreg+proto] epoch 5/5  sigreg=0.1547  proto=38.5788  min_dist=4.76  mean_dist=15.26
  round 2: pool=349 purity=0.054 k-hat=4 anchors=6  margin=0.6734  mean-anchor=0.8623  71=0.862
    [np   corpus-norm] purity r1=0.018 r2=0.054  probe 0.995->0.996  eucl 0.586->0.585  perevt 0.029->0.029  drift 0.038

===== EXP135 SUMMARY_h1_d2 (paired frozen vs corpus-norm; gate 0.15) =====
  cell|arm|scorer                              r1  r2 frz   r2 cn    d r2    probe frz/cn  drift
  aircraft:dino|frozen|dist               0.021   0.018   0.018  +0.000   0.995/0.996    0.050
  aircraft:dino|frozen|np                 0.018   0.062   0.054  -0.008   0.995/0.996    0.038

wrote logs/exp135/corpus_norm_aircraft-dino_frozen_h1_d2.json
EXP135 DONE.
