/home/pharris/venv/lib64/python3.9/site-packages/networkx/utils/backends.py:135: RuntimeWarning: networkx backend defined more than once: nx-loopback
  backends.update(_get_backends("networkx.backends"))

----- cifar100_d0_s0 [archived(last)] holdouts=[99] -----
Using cache found in /home/pharris/.cache/torch/hub/chenyaofo_pytorch-cifar-models_master
  CIFAR two-view embedding-train images (no {99}): 49500
  [supcon] epoch 1/20  loss=4.2993
  [supcon] epoch 2/20  loss=4.0361
  [supcon] epoch 3/20  loss=3.9450
  [supcon] epoch 4/20  loss=3.8779
  [supcon] epoch 5/20  loss=3.8504
  [supcon] epoch 6/20  loss=3.8159
  [supcon] epoch 7/20  loss=3.7805
  [supcon] epoch 8/20  loss=3.7572
  [supcon] epoch 9/20  loss=3.7372
  [supcon] epoch 10/20  loss=3.7176
  [supcon] epoch 11/20  loss=3.7066
  [supcon] epoch 12/20  loss=3.6926
  [supcon] epoch 13/20  loss=3.6709
  [supcon] epoch 14/20  loss=3.6609
  [supcon] epoch 15/20  loss=3.6351
  [supcon] epoch 16/20  loss=3.6267
  [supcon] epoch 17/20  loss=3.6139
  [supcon] epoch 18/20  loss=3.6099
  [supcon] epoch 19/20  loss=3.5894
  [supcon] epoch 20/20  loss=3.5986
  probe=0.9461 mahaT=0.520

----- cifar100_d0_s1 [archived(last)] holdouts=[99] -----
Using cache found in /home/pharris/.cache/torch/hub/chenyaofo_pytorch-cifar-models_master
  CIFAR two-view embedding-train images (no {99}): 49500
  [supcon] epoch 1/20  loss=4.3111
  [supcon] epoch 2/20  loss=4.0348
  [supcon] epoch 3/20  loss=3.9535
  [supcon] epoch 4/20  loss=3.8875
  [supcon] epoch 5/20  loss=3.8455
  [supcon] epoch 6/20  loss=3.8076
  [supcon] epoch 7/20  loss=3.7868
  [supcon] epoch 8/20  loss=3.7546
  [supcon] epoch 9/20  loss=3.7368
  [supcon] epoch 10/20  loss=3.7111
  [supcon] epoch 11/20  loss=3.6908
  [supcon] epoch 12/20  loss=3.6802
  [supcon] epoch 13/20  loss=3.6648
  [supcon] epoch 14/20  loss=3.6499
  [supcon] epoch 15/20  loss=3.6427
  [supcon] epoch 16/20  loss=3.6299
  [supcon] epoch 17/20  loss=3.6170
  [supcon] epoch 18/20  loss=3.6009
  [supcon] epoch 19/20  loss=3.5942
  [supcon] epoch 20/20  loss=3.5807
  probe=0.9572 mahaT=0.459

----- cifar100_d0_s2 [archived(last)] holdouts=[99] -----
Using cache found in /home/pharris/.cache/torch/hub/chenyaofo_pytorch-cifar-models_master
  CIFAR two-view embedding-train images (no {99}): 49500
  [supcon] epoch 1/20  loss=4.2892
  [supcon] epoch 2/20  loss=4.0296
  [supcon] epoch 3/20  loss=3.9460
  [supcon] epoch 4/20  loss=3.8973
  [supcon] epoch 5/20  loss=3.8455
  [supcon] epoch 6/20  loss=3.8118
  [supcon] epoch 7/20  loss=3.7853
  [supcon] epoch 8/20  loss=3.7582
  [supcon] epoch 9/20  loss=3.7337
  [supcon] epoch 10/20  loss=3.7154
  [supcon] epoch 11/20  loss=3.7007
  [supcon] epoch 12/20  loss=3.6829
  [supcon] epoch 13/20  loss=3.6696
  [supcon] epoch 14/20  loss=3.6540
  [supcon] epoch 15/20  loss=3.6413
  [supcon] epoch 16/20  loss=3.6308
  [supcon] epoch 17/20  loss=3.6148
  [supcon] epoch 18/20  loss=3.6112
  [supcon] epoch 19/20  loss=3.5979
  [supcon] epoch 20/20  loss=3.5917
  probe=0.9669 mahaT=0.521

----- cifar100_d1_s0 [random1] holdouts=[97] -----
Using cache found in /home/pharris/.cache/torch/hub/chenyaofo_pytorch-cifar-models_master
  CIFAR two-view embedding-train images (no {97}): 49500
  [supcon] epoch 1/20  loss=4.3099
  [supcon] epoch 2/20  loss=4.0317
  [supcon] epoch 3/20  loss=3.9423
  [supcon] epoch 4/20  loss=3.8897
  [supcon] epoch 5/20  loss=3.8376
  [supcon] epoch 6/20  loss=3.8057
  [supcon] epoch 7/20  loss=3.7811
  [supcon] epoch 8/20  loss=3.7564
  [supcon] epoch 9/20  loss=3.7281
  [supcon] epoch 10/20  loss=3.7268
  [supcon] epoch 11/20  loss=3.6952
  [supcon] epoch 12/20  loss=3.6830
  [supcon] epoch 13/20  loss=3.6655
  [supcon] epoch 14/20  loss=3.6560
  [supcon] epoch 15/20  loss=3.6455
  [supcon] epoch 16/20  loss=3.6208
  [supcon] epoch 17/20  loss=3.6146
  [supcon] epoch 18/20  loss=3.5994
  [supcon] epoch 19/20  loss=3.5977
  [supcon] epoch 20/20  loss=3.5879
  probe=0.9444 mahaT=0.540

----- cifar100_d1_s1 [random1] holdouts=[97] -----
Using cache found in /home/pharris/.cache/torch/hub/chenyaofo_pytorch-cifar-models_master
  CIFAR two-view embedding-train images (no {97}): 49500
  [supcon] epoch 1/20  loss=4.3277
  [supcon] epoch 2/20  loss=4.0399
  [supcon] epoch 3/20  loss=3.9517
  [supcon] epoch 4/20  loss=3.8889
  [supcon] epoch 5/20  loss=3.8477
  [supcon] epoch 6/20  loss=3.8176
  [supcon] epoch 7/20  loss=3.7808
  [supcon] epoch 8/20  loss=3.7664
  [supcon] epoch 9/20  loss=3.7405
  [supcon] epoch 10/20  loss=3.7250
  [supcon] epoch 11/20  loss=3.6988
  [supcon] epoch 12/20  loss=3.6849
  [supcon] epoch 13/20  loss=3.6714
  [supcon] epoch 14/20  loss=3.6557
  [supcon] epoch 15/20  loss=3.6417
  [supcon] epoch 16/20  loss=3.6296
  [supcon] epoch 17/20  loss=3.6190
  [supcon] epoch 18/20  loss=3.6065
  [supcon] epoch 19/20  loss=3.5890
  [supcon] epoch 20/20  loss=3.5877
  probe=0.9330 mahaT=0.475

----- cifar100_d1_s2 [random1] holdouts=[97] -----
Using cache found in /home/pharris/.cache/torch/hub/chenyaofo_pytorch-cifar-models_master
  CIFAR two-view embedding-train images (no {97}): 49500
  [supcon] epoch 1/20  loss=4.2839
  [supcon] epoch 2/20  loss=4.0224
  [supcon] epoch 3/20  loss=3.9355
  [supcon] epoch 4/20  loss=3.8980
  [supcon] epoch 5/20  loss=3.8400
  [supcon] epoch 6/20  loss=3.8065
  [supcon] epoch 7/20  loss=3.7759
  [supcon] epoch 8/20  loss=3.7621
  [supcon] epoch 9/20  loss=3.7445
  [supcon] epoch 10/20  loss=3.7252
  [supcon] epoch 11/20  loss=3.6990
  [supcon] epoch 12/20  loss=3.6868
  [supcon] epoch 13/20  loss=3.6684
  [supcon] epoch 14/20  loss=3.6520
  [supcon] epoch 15/20  loss=3.6471
  [supcon] epoch 16/20  loss=3.6367
  [supcon] epoch 17/20  loss=3.6119
  [supcon] epoch 18/20  loss=3.5999
  [supcon] epoch 19/20  loss=3.6007
  [supcon] epoch 20/20  loss=3.5843
  probe=0.9381 mahaT=0.451

----- cifar100_d2_s0 [random2] holdouts=[98] -----
Using cache found in /home/pharris/.cache/torch/hub/chenyaofo_pytorch-cifar-models_master
  CIFAR two-view embedding-train images (no {98}): 49500
  [supcon] epoch 1/20  loss=4.3029
  [supcon] epoch 2/20  loss=4.0213
  [supcon] epoch 3/20  loss=3.9449
  [supcon] epoch 4/20  loss=3.8860
  [supcon] epoch 5/20  loss=3.8473
  [supcon] epoch 6/20  loss=3.8083
  [supcon] epoch 7/20  loss=3.7842
  [supcon] epoch 8/20  loss=3.7604
  [supcon] epoch 9/20  loss=3.7343
  [supcon] epoch 10/20  loss=3.7111
  [supcon] epoch 11/20  loss=3.6931
  [supcon] epoch 12/20  loss=3.6756
  [supcon] epoch 13/20  loss=3.6708
  [supcon] epoch 14/20  loss=3.6560
  [supcon] epoch 15/20  loss=3.6433
  [supcon] epoch 16/20  loss=3.6174
  [supcon] epoch 17/20  loss=3.6016
  [supcon] epoch 18/20  loss=3.6060
  [supcon] epoch 19/20  loss=3.5893
  [supcon] epoch 20/20  loss=3.5815
  probe=0.9558 mahaT=0.574

----- cifar100_d2_s1 [random2] holdouts=[98] -----
Using cache found in /home/pharris/.cache/torch/hub/chenyaofo_pytorch-cifar-models_master
  CIFAR two-view embedding-train images (no {98}): 49500
  [supcon] epoch 1/20  loss=4.3135
  [supcon] epoch 2/20  loss=4.0260
  [supcon] epoch 3/20  loss=3.9466
  [supcon] epoch 4/20  loss=3.8841
  [supcon] epoch 5/20  loss=3.8346
  [supcon] epoch 6/20  loss=3.8054
  [supcon] epoch 7/20  loss=3.7830
  [supcon] epoch 8/20  loss=3.7536
  [supcon] epoch 9/20  loss=3.7264
  [supcon] epoch 10/20  loss=3.7086
  [supcon] epoch 11/20  loss=3.6840
  [supcon] epoch 12/20  loss=3.6757
  [supcon] epoch 13/20  loss=3.6640
  [supcon] epoch 14/20  loss=3.6544
  [supcon] epoch 15/20  loss=3.6418
  [supcon] epoch 16/20  loss=3.6258
  [supcon] epoch 17/20  loss=3.6096
  [supcon] epoch 18/20  loss=3.5961
  [supcon] epoch 19/20  loss=3.5851
  [supcon] epoch 20/20  loss=3.5765
  probe=0.9529 mahaT=0.565

----- cifar100_d2_s2 [random2] holdouts=[98] -----
Using cache found in /home/pharris/.cache/torch/hub/chenyaofo_pytorch-cifar-models_master
  CIFAR two-view embedding-train images (no {98}): 49500
  [supcon] epoch 1/20  loss=4.2867
  [supcon] epoch 2/20  loss=4.0278
  [supcon] epoch 3/20  loss=3.9417
  [supcon] epoch 4/20  loss=3.8859
  [supcon] epoch 5/20  loss=3.8405
  [supcon] epoch 6/20  loss=3.8108
  [supcon] epoch 7/20  loss=3.7885
  [supcon] epoch 8/20  loss=3.7533
  [supcon] epoch 9/20  loss=3.7300
  [supcon] epoch 10/20  loss=3.7097
  [supcon] epoch 11/20  loss=3.6875
  [supcon] epoch 12/20  loss=3.6781
  [supcon] epoch 13/20  loss=3.6694
  [supcon] epoch 14/20  loss=3.6447
  [supcon] epoch 15/20  loss=3.6422
  [supcon] epoch 16/20  loss=3.6249
  [supcon] epoch 17/20  loss=3.6088
  [supcon] epoch 18/20  loss=3.6050
  [supcon] epoch 19/20  loss=3.5893
  [supcon] epoch 20/20  loss=3.5682
  probe=0.9538 mahaT=0.569

----- cifar100_d3_s0 [random3] holdouts=[38] -----
Using cache found in /home/pharris/.cache/torch/hub/chenyaofo_pytorch-cifar-models_master
  CIFAR two-view embedding-train images (no {38}): 49500
  [supcon] epoch 1/20  loss=4.3041
  [supcon] epoch 2/20  loss=4.0212
  [supcon] epoch 3/20  loss=3.9242
  [supcon] epoch 4/20  loss=3.8805
  [supcon] epoch 5/20  loss=3.8407
  [supcon] epoch 6/20  loss=3.8097
  [supcon] epoch 7/20  loss=3.7766
  [supcon] epoch 8/20  loss=3.7520
  [supcon] epoch 9/20  loss=3.7306
  [supcon] epoch 10/20  loss=3.7114
  [supcon] epoch 11/20  loss=3.6853
  [supcon] epoch 12/20  loss=3.6715
  [supcon] epoch 13/20  loss=3.6598
  [supcon] epoch 14/20  loss=3.6512
  [supcon] epoch 15/20  loss=3.6358
  [supcon] epoch 16/20  loss=3.6203
  [supcon] epoch 17/20  loss=3.6046
  [supcon] epoch 18/20  loss=3.5997
  [supcon] epoch 19/20  loss=3.5802
  [supcon] epoch 20/20  loss=3.5765
  probe=0.9271 mahaT=0.382

----- cifar100_d3_s1 [random3] holdouts=[38] -----
Using cache found in /home/pharris/.cache/torch/hub/chenyaofo_pytorch-cifar-models_master
  CIFAR two-view embedding-train images (no {38}): 49500
  [supcon] epoch 1/20  loss=4.3117
  [supcon] epoch 2/20  loss=4.0236
  [supcon] epoch 3/20  loss=3.9439
  [supcon] epoch 4/20  loss=3.8843
  [supcon] epoch 5/20  loss=3.8452
  [supcon] epoch 6/20  loss=3.8055
  [supcon] epoch 7/20  loss=3.7647
  [supcon] epoch 8/20  loss=3.7599
  [supcon] epoch 9/20  loss=3.7306
  [supcon] epoch 10/20  loss=3.7187
  [supcon] epoch 11/20  loss=3.6976
  [supcon] epoch 12/20  loss=3.6769
  [supcon] epoch 13/20  loss=3.6607
  [supcon] epoch 14/20  loss=3.6367
  [supcon] epoch 15/20  loss=3.6395
  [supcon] epoch 16/20  loss=3.6285
  [supcon] epoch 17/20  loss=3.6148
  [supcon] epoch 18/20  loss=3.6065
  [supcon] epoch 19/20  loss=3.5866
  [supcon] epoch 20/20  loss=3.5704
  probe=0.9328 mahaT=0.360

----- cifar100_d3_s2 [random3] holdouts=[38] -----
Using cache found in /home/pharris/.cache/torch/hub/chenyaofo_pytorch-cifar-models_master
  CIFAR two-view embedding-train images (no {38}): 49500
  [supcon] epoch 1/20  loss=4.2891
  [supcon] epoch 2/20  loss=4.0219
  [supcon] epoch 3/20  loss=3.9494
  [supcon] epoch 4/20  loss=3.8940
  [supcon] epoch 5/20  loss=3.8423
  [supcon] epoch 6/20  loss=3.8010
  [supcon] epoch 7/20  loss=3.7760
  [supcon] epoch 8/20  loss=3.7578
  [supcon] epoch 9/20  loss=3.7309
  [supcon] epoch 10/20  loss=3.7074
  [supcon] epoch 11/20  loss=3.6963
  [supcon] epoch 12/20  loss=3.6770
  [supcon] epoch 13/20  loss=3.6655
  [supcon] epoch 14/20  loss=3.6499
  [supcon] epoch 15/20  loss=3.6302
  [supcon] epoch 16/20  loss=3.6217
  [supcon] epoch 17/20  loss=3.6124
  [supcon] epoch 18/20  loss=3.5996
  [supcon] epoch 19/20  loss=3.5951
  [supcon] epoch 20/20  loss=3.5790
  probe=0.9308 mahaT=0.431

----- cifar100_d4_s0 [random4] holdouts=[17] -----
Using cache found in /home/pharris/.cache/torch/hub/chenyaofo_pytorch-cifar-models_master
  CIFAR two-view embedding-train images (no {17}): 49500
  [supcon] epoch 1/20  loss=4.3123
  [supcon] epoch 2/20  loss=4.0306
  [supcon] epoch 3/20  loss=3.9524
  [supcon] epoch 4/20  loss=3.8900
  [supcon] epoch 5/20  loss=3.8528
  [supcon] epoch 6/20  loss=3.8155
  [supcon] epoch 7/20  loss=3.7916
  [supcon] epoch 8/20  loss=3.7717
  [supcon] epoch 9/20  loss=3.7555
  [supcon] epoch 10/20  loss=3.7280
  [supcon] epoch 11/20  loss=3.7107
  [supcon] epoch 12/20  loss=3.6954
  [supcon] epoch 13/20  loss=3.6763
  [supcon] epoch 14/20  loss=3.6548
  [supcon] epoch 15/20  loss=3.6437
  [supcon] epoch 16/20  loss=3.6384
  [supcon] epoch 17/20  loss=3.6244
  [supcon] epoch 18/20  loss=3.6070
  [supcon] epoch 19/20  loss=3.6098
  [supcon] epoch 20/20  loss=3.5917
  probe=0.9842 mahaT=0.429

----- cifar100_d4_s1 [random4] holdouts=[17] -----
Using cache found in /home/pharris/.cache/torch/hub/chenyaofo_pytorch-cifar-models_master
  CIFAR two-view embedding-train images (no {17}): 49500
  [supcon] epoch 1/20  loss=4.3240
  [supcon] epoch 2/20  loss=4.0405
  [supcon] epoch 3/20  loss=3.9524
  [supcon] epoch 4/20  loss=3.8998
  [supcon] epoch 5/20  loss=3.8451
  [supcon] epoch 6/20  loss=3.8125
  [supcon] epoch 7/20  loss=3.7923
  [supcon] epoch 8/20  loss=3.7708
  [supcon] epoch 9/20  loss=3.7564
  [supcon] epoch 10/20  loss=3.7259
  [supcon] epoch 11/20  loss=3.7105
  [supcon] epoch 12/20  loss=3.6911
  [supcon] epoch 13/20  loss=3.6824
  [supcon] epoch 14/20  loss=3.6671
  [supcon] epoch 15/20  loss=3.6482
  [supcon] epoch 16/20  loss=3.6491
  [supcon] epoch 17/20  loss=3.6293
  [supcon] epoch 18/20  loss=3.6195
  [supcon] epoch 19/20  loss=3.6114
  [supcon] epoch 20/20  loss=3.5975
  probe=0.9827 mahaT=0.464

----- cifar100_d4_s2 [random4] holdouts=[17] -----
Using cache found in /home/pharris/.cache/torch/hub/chenyaofo_pytorch-cifar-models_master
  CIFAR two-view embedding-train images (no {17}): 49500
  [supcon] epoch 1/20  loss=4.2979
  [supcon] epoch 2/20  loss=4.0343
  [supcon] epoch 3/20  loss=3.9435
  [supcon] epoch 4/20  loss=3.9018
  [supcon] epoch 5/20  loss=3.8564
  [supcon] epoch 6/20  loss=3.8194
  [supcon] epoch 7/20  loss=3.7887
  [supcon] epoch 8/20  loss=3.7644
  [supcon] epoch 9/20  loss=3.7489
  [supcon] epoch 10/20  loss=3.7264
  [supcon] epoch 11/20  loss=3.7073
  [supcon] epoch 12/20  loss=3.6899
  [supcon] epoch 13/20  loss=3.6716
  [supcon] epoch 14/20  loss=3.6581
  [supcon] epoch 15/20  loss=3.6426
  [supcon] epoch 16/20  loss=3.6365
  [supcon] epoch 17/20  loss=3.6293
  [supcon] epoch 18/20  loss=3.6156
  [supcon] epoch 19/20  loss=3.6049
  [supcon] epoch 20/20  loss=3.5991
  probe=0.9843 mahaT=0.565

----- cifar100_d5_s0 [random5] holdouts=[92] -----
Using cache found in /home/pharris/.cache/torch/hub/chenyaofo_pytorch-cifar-models_master
  CIFAR two-view embedding-train images (no {92}): 49500
  [supcon] epoch 1/20  loss=4.3027
  [supcon] epoch 2/20  loss=4.0204
  [supcon] epoch 3/20  loss=3.9414
  [supcon] epoch 4/20  loss=3.8817
  [supcon] epoch 5/20  loss=3.8453
  [supcon] epoch 6/20  loss=3.8131
  [supcon] epoch 7/20  loss=3.7813
  [supcon] epoch 8/20  loss=3.7644
  [supcon] epoch 9/20  loss=3.7373
  [supcon] epoch 10/20  loss=3.7104
  [supcon] epoch 11/20  loss=3.7035
  [supcon] epoch 12/20  loss=3.6948
  [supcon] epoch 13/20  loss=3.6726
  [supcon] epoch 14/20  loss=3.6578
  [supcon] epoch 15/20  loss=3.6317
  [supcon] epoch 16/20  loss=3.6316
  [supcon] epoch 17/20  loss=3.6154
  [supcon] epoch 18/20  loss=3.6001
  [supcon] epoch 19/20  loss=3.5969
  [supcon] epoch 20/20  loss=3.5855
  probe=0.9502 mahaT=0.540

----- cifar100_d5_s1 [random5] holdouts=[92] -----
Using cache found in /home/pharris/.cache/torch/hub/chenyaofo_pytorch-cifar-models_master
  CIFAR two-view embedding-train images (no {92}): 49500
  [supcon] epoch 1/20  loss=4.3074
  [supcon] epoch 2/20  loss=4.0320
  [supcon] epoch 3/20  loss=3.9406
  [supcon] epoch 4/20  loss=3.8910
  [supcon] epoch 5/20  loss=3.8447
  [supcon] epoch 6/20  loss=3.8134
  [supcon] epoch 7/20  loss=3.7781
  [supcon] epoch 8/20  loss=3.7572
  [supcon] epoch 9/20  loss=3.7369
  [supcon] epoch 10/20  loss=3.7116
  [supcon] epoch 11/20  loss=3.6970
  [supcon] epoch 12/20  loss=3.6794
  [supcon] epoch 13/20  loss=3.6604
  [supcon] epoch 14/20  loss=3.6505
  [supcon] epoch 15/20  loss=3.6222
  [supcon] epoch 16/20  loss=3.6333
  [supcon] epoch 17/20  loss=3.6141
  [supcon] epoch 18/20  loss=3.6006
  [supcon] epoch 19/20  loss=3.5867
  [supcon] epoch 20/20  loss=3.5792
  probe=0.9476 mahaT=0.583

----- cifar100_d5_s2 [random5] holdouts=[92] -----
Using cache found in /home/pharris/.cache/torch/hub/chenyaofo_pytorch-cifar-models_master
  CIFAR two-view embedding-train images (no {92}): 49500
  [supcon] epoch 1/20  loss=4.2911
  [supcon] epoch 2/20  loss=4.0206
  [supcon] epoch 3/20  loss=3.9342
  [supcon] epoch 4/20  loss=3.8830
  [supcon] epoch 5/20  loss=3.8348
  [supcon] epoch 6/20  loss=3.8046
  [supcon] epoch 7/20  loss=3.7762
  [supcon] epoch 8/20  loss=3.7572
  [supcon] epoch 9/20  loss=3.7303
  [supcon] epoch 10/20  loss=3.7241
  [supcon] epoch 11/20  loss=3.7014
  [supcon] epoch 12/20  loss=3.6840
  [supcon] epoch 13/20  loss=3.6664
  [supcon] epoch 14/20  loss=3.6457
  [supcon] epoch 15/20  loss=3.6413
  [supcon] epoch 16/20  loss=3.6221
  [supcon] epoch 17/20  loss=3.6184
  [supcon] epoch 18/20  loss=3.5942
  [supcon] epoch 19/20  loss=3.5847
  [supcon] epoch 20/20  loss=3.5720
  probe=0.9424 mahaT=0.565

draw                probe mean+-sd    mahaT  scorable
archived(last)       0.9567+-0.0104    0.500        20
random1              0.9385+-0.0057    0.489        20
random2              0.9542+-0.0014    0.569        20
random3              0.9302+-0.0029    0.391        20
random4              0.9837+-0.0009    0.486        20
random5              0.9467+-0.0040    0.563        20

Falsifier check: if the random-draw probe mean differs from the archived draw by more than the exp-117 MDE, the alphabetical holdout is a confound in the HEADLINE results, not just the interpretability ones.
