/home/pharris/venv/lib64/python3.9/site-packages/networkx/utils/backends.py:135: RuntimeWarning: networkx backend defined more than once: nx-loopback
  backends.update(_get_backends("networkx.backends"))

######## galaxy10:visreg_h1_d7: holdouts=[4] ########

  --- supcon-ft: pre probe=0.9195 eucl=0.8466 mahaT=0.7831 perevt=0.292   [archived unfrozen post probe 0.8690]
  [sigreg+proto] epoch 1/5  sigreg=0.2713  proto=3.0326  min_dist=4.72  mean_dist=17.64
  [sigreg+proto] epoch 2/5  sigreg=0.2602  proto=3.6445  min_dist=4.79  mean_dist=17.65
  [sigreg+proto] epoch 3/5  sigreg=0.2647  proto=3.2869  min_dist=4.86  mean_dist=17.66
  [sigreg+proto] epoch 4/5  sigreg=0.2675  proto=3.4117  min_dist=4.94  mean_dist=17.67
  [sigreg+proto] epoch 5/5  sigreg=0.2784  proto=3.5199  min_dist=5.01  mean_dist=17.69
  round 1: pool=111 purity=0.216 k-hat=4 anchors=4  margin=0.9521  mean-anchor=0.9268  4=0.927
    merged 8 -> 6 anchors
  [sigreg+proto] epoch 1/5  sigreg=0.2879  proto=3.9921  min_dist=4.66  mean_dist=16.63
  [sigreg+proto] epoch 2/5  sigreg=0.2827  proto=3.1482  min_dist=4.66  mean_dist=16.65
  [sigreg+proto] epoch 3/5  sigreg=0.2848  proto=3.6960  min_dist=4.65  mean_dist=16.67
  [sigreg+proto] epoch 4/5  sigreg=0.2870  proto=2.8121  min_dist=4.64  mean_dist=16.69
  [sigreg+proto] epoch 5/5  sigreg=0.2891  proto=3.7300  min_dist=4.64  mean_dist=16.72
  round 2: pool=114 purity=0.237 k-hat=4 anchors=6  margin=0.9537  mean-anchor=0.9010  4=0.901
    [np   frozen     ] purity r1=0.216 r2=0.237  probe 0.920->0.920  eucl 0.847->0.847  perevt 0.292->0.292  drift 0.000
  [sigreg+proto] epoch 1/5  sigreg=0.3218  proto=4.1869  min_dist=4.71  mean_dist=17.63
  [sigreg+proto] epoch 2/5  sigreg=0.3132  proto=4.8096  min_dist=4.78  mean_dist=17.64
  [sigreg+proto] epoch 3/5  sigreg=0.3140  proto=4.2901  min_dist=4.86  mean_dist=17.64
  [sigreg+proto] epoch 4/5  sigreg=0.3144  proto=4.6141  min_dist=4.93  mean_dist=17.65
  [sigreg+proto] epoch 5/5  sigreg=0.3315  proto=4.9320  min_dist=5.00  mean_dist=17.65
  round 1: pool=111 purity=0.216 k-hat=4 anchors=4  margin=0.9376  mean-anchor=0.9490  4=0.949
    merged 7 -> 5 anchors
  [sigreg+proto] epoch 1/5  sigreg=0.3190  proto=3.8512  min_dist=4.45  mean_dist=16.99
  [sigreg+proto] epoch 2/5  sigreg=0.3257  proto=4.8120  min_dist=4.49  mean_dist=17.01
  [sigreg+proto] epoch 3/5  sigreg=0.3182  proto=4.4240  min_dist=4.53  mean_dist=17.03
  [sigreg+proto] epoch 4/5  sigreg=0.3182  proto=4.2215  min_dist=4.57  mean_dist=17.04
  [sigreg+proto] epoch 5/5  sigreg=0.3263  proto=4.1022  min_dist=4.61  mean_dist=17.06
  round 2: pool=113 purity=0.230 k-hat=3 anchors=5  margin=0.9383  mean-anchor=0.8687  4=0.869
    [np   corpus-norm] purity r1=0.216 r2=0.230  probe 0.920->0.923  eucl 0.847->0.810  perevt 0.292->0.130  drift 0.169

  --- ss-ft: pre probe=0.8311 eucl=0.8510 mahaT=0.8110 perevt=0.339   [archived unfrozen post probe 0.7977]
  [sigreg+proto] epoch 1/5  sigreg=0.2820  proto=3.2132  min_dist=2.33  mean_dist=16.06
  [sigreg+proto] epoch 2/5  sigreg=0.2776  proto=4.0588  min_dist=2.41  mean_dist=16.08
  [sigreg+proto] epoch 3/5  sigreg=0.2785  proto=3.3417  min_dist=2.49  mean_dist=16.11
  [sigreg+proto] epoch 4/5  sigreg=0.2790  proto=3.3916  min_dist=2.57  mean_dist=16.13
  [sigreg+proto] epoch 5/5  sigreg=0.2827  proto=3.2863  min_dist=2.65  mean_dist=16.16
  round 1: pool=109 purity=0.202 k-hat=4 anchors=4  margin=0.9396  mean-anchor=0.9084  4=0.908
    merged 7 -> 5 anchors
  [sigreg+proto] epoch 1/5  sigreg=0.2795  proto=2.9281  min_dist=2.45  mean_dist=15.75
  [sigreg+proto] epoch 2/5  sigreg=0.2897  proto=3.4555  min_dist=2.53  mean_dist=15.79
  [sigreg+proto] epoch 3/5  sigreg=0.2883  proto=3.3575  min_dist=2.62  mean_dist=15.82
  [sigreg+proto] epoch 4/5  sigreg=0.2836  proto=3.2198  min_dist=2.70  mean_dist=15.85
  [sigreg+proto] epoch 5/5  sigreg=0.2853  proto=3.2553  min_dist=2.78  mean_dist=15.88
  round 2: pool=113 purity=0.230 k-hat=3 anchors=5  margin=0.9521  mean-anchor=0.9215  4=0.921
    [np   frozen     ] purity r1=0.202 r2=0.230  probe 0.831->0.831  eucl 0.851->0.851  perevt 0.339->0.339  drift 0.000
  [sigreg+proto] epoch 1/5  sigreg=0.3458  proto=3.3053  min_dist=2.33  mean_dist=16.06
  [sigreg+proto] epoch 2/5  sigreg=0.3419  proto=3.8789  min_dist=2.41  mean_dist=16.08
  [sigreg+proto] epoch 3/5  sigreg=0.3395  proto=3.3466  min_dist=2.49  mean_dist=16.10
  [sigreg+proto] epoch 4/5  sigreg=0.3378  proto=3.5208  min_dist=2.57  mean_dist=16.12
  [sigreg+proto] epoch 5/5  sigreg=0.3461  proto=3.4709  min_dist=2.65  mean_dist=16.14
  round 1: pool=109 purity=0.202 k-hat=4 anchors=4  margin=0.9220  mean-anchor=0.9017  4=0.902
    merged 7 -> 6 anchors
  [sigreg+proto] epoch 1/5  sigreg=0.3704  proto=4.1987  min_dist=1.92  mean_dist=15.31
  [sigreg+proto] epoch 2/5  sigreg=0.3680  proto=3.4827  min_dist=2.00  mean_dist=15.33
  [sigreg+proto] epoch 3/5  sigreg=0.3752  proto=4.0094  min_dist=2.09  mean_dist=15.35
  [sigreg+proto] epoch 4/5  sigreg=0.3625  proto=3.3879  min_dist=2.17  mean_dist=15.37
  [sigreg+proto] epoch 5/5  sigreg=0.3683  proto=4.1122  min_dist=2.25  mean_dist=15.39
  round 2: pool=112 purity=0.223 k-hat=3 anchors=6  margin=0.9120  mean-anchor=0.8685  4=0.869
    [np   corpus-norm] purity r1=0.202 r2=0.223  probe 0.831->0.880  eucl 0.851->0.808  perevt 0.339->0.203  drift 0.200

  --- nplm-sup-ft: pre probe=0.8494 eucl=0.8603 mahaT=0.8810 perevt=0.326   [archived unfrozen post probe 0.8248]
  [sigreg+proto] epoch 1/5  sigreg=0.6095  proto=1.4267  min_dist=0.61  mean_dist=7.06
  [sigreg+proto] epoch 2/5  sigreg=0.6068  proto=1.4486  min_dist=0.71  mean_dist=7.09
  [sigreg+proto] epoch 3/5  sigreg=0.6031  proto=1.4822  min_dist=0.80  mean_dist=7.12
  [sigreg+proto] epoch 4/5  sigreg=0.6100  proto=1.4683  min_dist=0.88  mean_dist=7.15
  [sigreg+proto] epoch 5/5  sigreg=0.5973  proto=1.6164  min_dist=0.95  mean_dist=7.17
  round 1: pool=107 purity=0.187 k-hat=2 anchors=2  margin=0.8248  mean-anchor=0.8241  4=0.824
    merged 3 -> 2 anchors
  [sigreg+proto] epoch 1/5  sigreg=0.6089  proto=1.3909  min_dist=1.08  mean_dist=7.18
  [sigreg+proto] epoch 2/5  sigreg=0.6059  proto=1.5504  min_dist=1.20  mean_dist=7.22
  [sigreg+proto] epoch 3/5  sigreg=0.6072  proto=1.5222  min_dist=1.31  mean_dist=7.25
  [sigreg+proto] epoch 4/5  sigreg=0.6092  proto=1.4025  min_dist=1.41  mean_dist=7.29
  [sigreg+proto] epoch 5/5  sigreg=0.6104  proto=1.5161  min_dist=1.50  mean_dist=7.33
  round 2: pool=105 purity=0.171 k-hat=1 anchors=2  margin=0.8349  mean-anchor=0.8372  4=0.837
    [np   frozen     ] purity r1=0.187 r2=0.171  probe 0.849->0.849  eucl 0.860->0.860  perevt 0.326->0.326  drift 0.000
  [sigreg+proto] epoch 1/5  sigreg=0.6153  proto=1.4758  min_dist=0.61  mean_dist=7.06
  [sigreg+proto] epoch 2/5  sigreg=0.6126  proto=1.5037  min_dist=0.71  mean_dist=7.09
  [sigreg+proto] epoch 3/5  sigreg=0.6105  proto=1.5285  min_dist=0.80  mean_dist=7.12
  [sigreg+proto] epoch 4/5  sigreg=0.6163  proto=1.5254  min_dist=0.88  mean_dist=7.15
  [sigreg+proto] epoch 5/5  sigreg=0.6058  proto=1.6544  min_dist=0.95  mean_dist=7.17
  round 1: pool=107 purity=0.187 k-hat=2 anchors=2  margin=0.8360  mean-anchor=0.8522  4=0.852
    merged 3 -> 2 anchors
  [sigreg+proto] epoch 1/5  sigreg=0.6184  proto=1.4468  min_dist=1.08  mean_dist=7.20
  [sigreg+proto] epoch 2/5  sigreg=0.6141  proto=1.6383  min_dist=1.20  mean_dist=7.24
  [sigreg+proto] epoch 3/5  sigreg=0.6166  proto=1.6200  min_dist=1.31  mean_dist=7.28
  [sigreg+proto] epoch 4/5  sigreg=0.6190  proto=1.5097  min_dist=1.41  mean_dist=7.32
  [sigreg+proto] epoch 5/5  sigreg=0.6185  proto=1.5970  min_dist=1.50  mean_dist=7.35
  round 2: pool=99 purity=0.121 k-hat=1 anchors=2  margin=0.8290  mean-anchor=0.8611  4=0.861
    [np   corpus-norm] purity r1=0.187 r2=0.121  probe 0.849->0.885  eucl 0.860->0.854  perevt 0.326->0.316  drift 0.110

===== EXP135 SUMMARY_h1_d7 (paired frozen vs corpus-norm; gate 0.15) =====
  cell|arm|scorer                              r1  r2 frz   r2 cn    d r2    probe frz/cn  drift
  galaxy10:visreg|supcon-ft|np              0.216   0.237   0.230  -0.007   0.920/0.923    0.169
  galaxy10:visreg|ss-ft|np                  0.202   0.230   0.223  -0.007   0.831/0.880    0.200
  galaxy10:visreg|nplm-sup-ft|np            0.187   0.171   0.121  -0.050   0.849/0.885    0.110

wrote logs/exp135/corpus_norm_galaxy10-visreg_h1_d7_s1.json
EXP135 DONE.
