/home/pharris/venv/lib64/python3.9/site-packages/networkx/utils/backends.py:135: RuntimeWarning: networkx backend defined more than once: nx-loopback
  backends.update(_get_backends("networkx.backends"))

######## dtd:lejepa: holdouts=[37, 38, 39, 40]... ########
Fetching 37 files:   0%|          | 0/37 [00:00<?, ?it/s]Fetching 37 files: 100%|██████████| 37/37 [00:00<00:00, 461872.76it/s]

  --- supcon-ft: pre probe=0.7894 eucl=0.7533 mahaT=0.7582 perevt=0.200   [archived unfrozen post probe 0.7901]
  [sigreg+proto] epoch 1/5  sigreg=0.3346  proto=1.9123  min_dist=2.24  mean_dist=15.24
  [sigreg+proto] epoch 2/5  sigreg=0.3338  proto=2.4005  min_dist=2.31  mean_dist=15.27
  [sigreg+proto] epoch 3/5  sigreg=0.3242  proto=2.0643  min_dist=2.37  mean_dist=15.30
  [sigreg+proto] epoch 4/5  sigreg=0.3326  proto=1.7028  min_dist=2.43  mean_dist=15.33
  [sigreg+proto] epoch 5/5  sigreg=0.3188  proto=2.5006  min_dist=2.49  mean_dist=15.35
  round 1: pool=552 purity=0.732 k-hat=10 anchors=10  margin=0.8290  mean-anchor=0.8319  
  [sigreg+proto] epoch 1/5  sigreg=0.3318  proto=2.6318  min_dist=2.57  mean_dist=15.34
  [sigreg+proto] epoch 2/5  sigreg=0.3282  proto=2.4965  min_dist=2.65  mean_dist=15.37
  [sigreg+proto] epoch 3/5  sigreg=0.3390  proto=2.5395  min_dist=2.72  mean_dist=15.40
  [sigreg+proto] epoch 4/5  sigreg=0.3344  proto=2.7501  min_dist=2.80  mean_dist=15.43
  [sigreg+proto] epoch 5/5  sigreg=0.3379  proto=2.2091  min_dist=2.87  mean_dist=15.46
  round 2: pool=318 purity=0.535 k-hat=11 anchors=21  margin=0.8096  mean-anchor=0.8682  
    [dist frozen     ] purity r1=0.732 r2=0.535  probe 0.789->0.789  eucl 0.753->0.753  perevt 0.200->0.200  drift 0.000
  [sigreg+proto] epoch 1/5  sigreg=0.3582  proto=2.0121  min_dist=2.24  mean_dist=15.24
  [sigreg+proto] epoch 2/5  sigreg=0.3713  proto=2.5813  min_dist=2.31  mean_dist=15.26
  [sigreg+proto] epoch 3/5  sigreg=0.3539  proto=2.1865  min_dist=2.37  mean_dist=15.28
  [sigreg+proto] epoch 4/5  sigreg=0.3632  proto=1.8817  min_dist=2.43  mean_dist=15.31
  [sigreg+proto] epoch 5/5  sigreg=0.3612  proto=2.8821  min_dist=2.49  mean_dist=15.33
  round 1: pool=552 purity=0.732 k-hat=10 anchors=10  margin=0.8298  mean-anchor=0.8352  
    merged 20 -> 19 anchors
  [sigreg+proto] epoch 1/5  sigreg=0.3660  proto=1.8493  min_dist=2.56  mean_dist=15.27
  [sigreg+proto] epoch 2/5  sigreg=0.3881  proto=1.9162  min_dist=2.64  mean_dist=15.29
  [sigreg+proto] epoch 3/5  sigreg=0.3743  proto=2.0462  min_dist=2.71  mean_dist=15.32
  [sigreg+proto] epoch 4/5  sigreg=0.3898  proto=1.9357  min_dist=2.78  mean_dist=15.34
  [sigreg+proto] epoch 5/5  sigreg=0.3700  proto=2.3804  min_dist=2.85  mean_dist=15.36
  round 2: pool=316 purity=0.532 k-hat=10 anchors=19  margin=0.8131  mean-anchor=0.8660  
    [dist corpus-norm] purity r1=0.732 r2=0.532  probe 0.789->0.789  eucl 0.753->0.752  perevt 0.200->0.195  drift 0.074
  [sigreg+proto] epoch 1/5  sigreg=0.3387  proto=0.5348  min_dist=3.78  mean_dist=13.99
  [sigreg+proto] epoch 2/5  sigreg=0.3400  proto=0.4316  min_dist=3.79  mean_dist=14.03
  [sigreg+proto] epoch 3/5  sigreg=0.3307  proto=0.5702  min_dist=3.81  mean_dist=14.07
  [sigreg+proto] epoch 4/5  sigreg=0.3433  proto=0.6087  min_dist=3.83  mean_dist=14.10
  [sigreg+proto] epoch 5/5  sigreg=0.3445  proto=0.5516  min_dist=3.85  mean_dist=14.14
  round 1: pool=567 purity=0.739 k-hat=8 anchors=8  margin=0.8514  mean-anchor=0.8616  
    merged 16 -> 9 anchors
  [sigreg+proto] epoch 1/5  sigreg=0.3428  proto=0.5865  min_dist=3.83  mean_dist=14.06
  [sigreg+proto] epoch 2/5  sigreg=0.3416  proto=0.5809  min_dist=3.86  mean_dist=14.09
  [sigreg+proto] epoch 3/5  sigreg=0.3356  proto=0.6906  min_dist=3.88  mean_dist=14.13
  [sigreg+proto] epoch 4/5  sigreg=0.3413  proto=0.6054  min_dist=3.90  mean_dist=14.17
  [sigreg+proto] epoch 5/5  sigreg=0.3401  proto=0.4726  min_dist=3.93  mean_dist=14.20
  round 2: pool=564 purity=0.738 k-hat=8 anchors=9  margin=0.8470  mean-anchor=0.8599  
    [np   frozen     ] purity r1=0.739 r2=0.738  probe 0.789->0.789  eucl 0.753->0.753  perevt 0.200->0.200  drift 0.000
  [sigreg+proto] epoch 1/5  sigreg=0.3543  proto=0.6420  min_dist=3.78  mean_dist=13.99
  [sigreg+proto] epoch 2/5  sigreg=0.3493  proto=0.4803  min_dist=3.80  mean_dist=14.02
  [sigreg+proto] epoch 3/5  sigreg=0.3436  proto=0.7082  min_dist=3.82  mean_dist=14.06
  [sigreg+proto] epoch 4/5  sigreg=0.3561  proto=0.6780  min_dist=3.84  mean_dist=14.09
  [sigreg+proto] epoch 5/5  sigreg=0.3602  proto=0.6618  min_dist=3.86  mean_dist=14.12
  round 1: pool=567 purity=0.739 k-hat=8 anchors=8  margin=0.8503  mean-anchor=0.8571  
    merged 18 -> 9 anchors
  [sigreg+proto] epoch 1/5  sigreg=0.3638  proto=0.7237  min_dist=4.11  mean_dist=14.01
  [sigreg+proto] epoch 2/5  sigreg=0.3528  proto=0.6630  min_dist=4.13  mean_dist=14.05
  [sigreg+proto] epoch 3/5  sigreg=0.3494  proto=0.7767  min_dist=4.14  mean_dist=14.08
  [sigreg+proto] epoch 4/5  sigreg=0.3555  proto=0.6636  min_dist=4.16  mean_dist=14.11
  [sigreg+proto] epoch 5/5  sigreg=0.3499  proto=0.5957  min_dist=4.18  mean_dist=14.14
  round 2: pool=546 purity=0.729 k-hat=10 anchors=9  margin=0.8464  mean-anchor=0.8577  
    [np   corpus-norm] purity r1=0.739 r2=0.729  probe 0.789->0.789  eucl 0.753->0.754  perevt 0.200->0.200  drift 0.057
Fetching 37 files:   0%|          | 0/37 [00:00<?, ?it/s]Fetching 37 files: 100%|██████████| 37/37 [00:00<00:00, 56700.49it/s]

  --- ss-ft: pre probe=0.7878 eucl=0.7975 mahaT=0.7790 perevt=0.247   [archived unfrozen post probe 0.7838]
  [sigreg+proto] epoch 1/5  sigreg=0.2302  proto=5.4927  min_dist=5.02  mean_dist=27.35
  [sigreg+proto] epoch 2/5  sigreg=0.2494  proto=6.2245  min_dist=5.03  mean_dist=27.33
  [sigreg+proto] epoch 3/5  sigreg=0.2254  proto=5.3368  min_dist=5.04  mean_dist=27.30
  [sigreg+proto] epoch 4/5  sigreg=0.2438  proto=6.0210  min_dist=5.06  mean_dist=27.28
  [sigreg+proto] epoch 5/5  sigreg=0.2365  proto=5.8265  min_dist=5.08  mean_dist=27.26
  round 1: pool=744 purity=0.801 k-hat=11 anchors=11  margin=0.8719  mean-anchor=0.9154  
  [sigreg+proto] epoch 1/5  sigreg=0.3104  proto=7.6620  min_dist=5.10  mean_dist=26.52
  [sigreg+proto] epoch 2/5  sigreg=0.2811  proto=6.3369  min_dist=5.12  mean_dist=26.51
  [sigreg+proto] epoch 3/5  sigreg=0.2928  proto=6.8467  min_dist=5.14  mean_dist=26.50
  [sigreg+proto] epoch 4/5  sigreg=0.2922  proto=7.1790  min_dist=5.16  mean_dist=26.48
  [sigreg+proto] epoch 5/5  sigreg=0.2991  proto=7.1282  min_dist=5.18  mean_dist=26.47
  round 2: pool=332 purity=0.554 k-hat=12 anchors=23  margin=0.8651  mean-anchor=0.9238  
    [dist frozen     ] purity r1=0.801 r2=0.554  probe 0.788->0.788  eucl 0.797->0.797  perevt 0.247->0.247  drift 0.000
  [sigreg+proto] epoch 1/5  sigreg=0.2893  proto=6.2440  min_dist=5.01  mean_dist=27.35
  [sigreg+proto] epoch 2/5  sigreg=0.3014  proto=6.7330  min_dist=5.03  mean_dist=27.33
  [sigreg+proto] epoch 3/5  sigreg=0.2813  proto=6.1019  min_dist=5.04  mean_dist=27.30
  [sigreg+proto] epoch 4/5  sigreg=0.2907  proto=6.6617  min_dist=5.06  mean_dist=27.28
  [sigreg+proto] epoch 5/5  sigreg=0.2868  proto=6.4596  min_dist=5.08  mean_dist=27.26
  round 1: pool=744 purity=0.801 k-hat=11 anchors=11  margin=0.8743  mean-anchor=0.9156  
  [sigreg+proto] epoch 1/5  sigreg=0.3643  proto=9.0964  min_dist=4.53  mean_dist=26.44
  [sigreg+proto] epoch 2/5  sigreg=0.3308  proto=7.6393  min_dist=4.53  mean_dist=26.42
  [sigreg+proto] epoch 3/5  sigreg=0.3607  proto=8.4380  min_dist=4.52  mean_dist=26.41
  [sigreg+proto] epoch 4/5  sigreg=0.3595  proto=8.9260  min_dist=4.51  mean_dist=26.40
  [sigreg+proto] epoch 5/5  sigreg=0.3563  proto=9.5087  min_dist=4.50  mean_dist=26.38
  round 2: pool=340 purity=0.565 k-hat=12 anchors=23  margin=0.8650  mean-anchor=0.9219  
    [dist corpus-norm] purity r1=0.801 r2=0.565  probe 0.788->0.788  eucl 0.797->0.798  perevt 0.247->0.237  drift 0.042
  [sigreg+proto] epoch 1/5  sigreg=0.2012  proto=3.1772  min_dist=5.01  mean_dist=27.53
  [sigreg+proto] epoch 2/5  sigreg=0.1842  proto=2.2815  min_dist=5.03  mean_dist=27.51
  [sigreg+proto] epoch 3/5  sigreg=0.1906  proto=2.5690  min_dist=5.04  mean_dist=27.49
  [sigreg+proto] epoch 4/5  sigreg=0.1895  proto=2.5445  min_dist=5.06  mean_dist=27.47
  [sigreg+proto] epoch 5/5  sigreg=0.1837  proto=2.1485  min_dist=5.07  mean_dist=27.45
  round 1: pool=573 purity=0.742 k-hat=11 anchors=11  margin=0.8559  mean-anchor=0.8962  
    merged 23 -> 17 anchors
  [sigreg+proto] epoch 1/5  sigreg=0.2106  proto=2.8381  min_dist=3.28  mean_dist=26.55
  [sigreg+proto] epoch 2/5  sigreg=0.2095  proto=2.6393  min_dist=3.30  mean_dist=26.53
  [sigreg+proto] epoch 3/5  sigreg=0.1970  proto=2.6443  min_dist=3.33  mean_dist=26.52
  [sigreg+proto] epoch 4/5  sigreg=0.2083  proto=2.7055  min_dist=3.36  mean_dist=26.50
  [sigreg+proto] epoch 5/5  sigreg=0.2024  proto=2.8190  min_dist=3.38  mean_dist=26.49
  round 2: pool=540 purity=0.726 k-hat=12 anchors=17  margin=0.8583  mean-anchor=0.9049  
    [np   frozen     ] purity r1=0.742 r2=0.726  probe 0.788->0.788  eucl 0.797->0.797  perevt 0.247->0.247  drift 0.000
  [sigreg+proto] epoch 1/5  sigreg=0.2632  proto=3.7710  min_dist=5.01  mean_dist=27.53
  [sigreg+proto] epoch 2/5  sigreg=0.2522  proto=2.9329  min_dist=5.03  mean_dist=27.51
  [sigreg+proto] epoch 3/5  sigreg=0.2655  proto=3.3294  min_dist=5.04  mean_dist=27.49
  [sigreg+proto] epoch 4/5  sigreg=0.2596  proto=3.3287  min_dist=5.06  mean_dist=27.47
  [sigreg+proto] epoch 5/5  sigreg=0.2388  proto=2.6324  min_dist=5.07  mean_dist=27.45
  round 1: pool=573 purity=0.742 k-hat=11 anchors=11  margin=0.8581  mean-anchor=0.8952  
    merged 23 -> 17 anchors
  [sigreg+proto] epoch 1/5  sigreg=0.2875  proto=3.8911  min_dist=3.95  mean_dist=26.44
  [sigreg+proto] epoch 2/5  sigreg=0.2562  proto=3.8450  min_dist=3.96  mean_dist=26.43
  [sigreg+proto] epoch 3/5  sigreg=0.2753  proto=3.5290  min_dist=3.98  mean_dist=26.42
  [sigreg+proto] epoch 4/5  sigreg=0.2705  proto=3.6458  min_dist=4.00  mean_dist=26.40
  [sigreg+proto] epoch 5/5  sigreg=0.2694  proto=3.7344  min_dist=4.01  mean_dist=26.39
  round 2: pool=584 purity=0.747 k-hat=12 anchors=17  margin=0.8574  mean-anchor=0.8922  
    [np   corpus-norm] purity r1=0.742 r2=0.747  probe 0.788->0.789  eucl 0.797->0.797  perevt 0.247->0.240  drift 0.061
Fetching 37 files:   0%|          | 0/37 [00:00<?, ?it/s]Fetching 37 files: 100%|██████████| 37/37 [00:00<00:00, 28527.44it/s]

  --- nplm-sup-ft: pre probe=0.6592 eucl=0.6996 mahaT=0.7350 perevt=0.110   [archived unfrozen post probe 0.7652]
  [sigreg+proto] epoch 1/5  sigreg=0.4971  proto=1.8712  min_dist=1.26  mean_dist=15.18
  [sigreg+proto] epoch 2/5  sigreg=0.5070  proto=1.6054  min_dist=1.34  mean_dist=15.20
  [sigreg+proto] epoch 3/5  sigreg=0.4964  proto=1.8555  min_dist=1.43  mean_dist=15.22
  [sigreg+proto] epoch 4/5  sigreg=0.5021  proto=1.5483  min_dist=1.51  mean_dist=15.25
  [sigreg+proto] epoch 5/5  sigreg=0.4785  proto=2.0843  min_dist=1.58  mean_dist=15.27
  round 1: pool=378 purity=0.608 k-hat=10 anchors=10  margin=0.7289  mean-anchor=0.8188  
    merged 21 -> 19 anchors
  [sigreg+proto] epoch 1/5  sigreg=0.5049  proto=1.5420  min_dist=1.63  mean_dist=15.63
  [sigreg+proto] epoch 2/5  sigreg=0.4942  proto=1.7304  min_dist=1.72  mean_dist=15.66
  [sigreg+proto] epoch 3/5  sigreg=0.5058  proto=1.5810  min_dist=1.80  mean_dist=15.68
  [sigreg+proto] epoch 4/5  sigreg=0.4960  proto=1.6801  min_dist=1.88  mean_dist=15.71
  [sigreg+proto] epoch 5/5  sigreg=0.4917  proto=1.6910  min_dist=1.95  mean_dist=15.73
  round 2: pool=295 purity=0.498 k-hat=11 anchors=19  margin=0.7276  mean-anchor=0.8345  
    [dist frozen     ] purity r1=0.608 r2=0.498  probe 0.659->0.659  eucl 0.700->0.700  perevt 0.110->0.110  drift 0.000
  [sigreg+proto] epoch 1/5  sigreg=0.5236  proto=2.4527  min_dist=1.26  mean_dist=15.18
  [sigreg+proto] epoch 2/5  sigreg=0.5307  proto=1.8299  min_dist=1.34  mean_dist=15.20
  [sigreg+proto] epoch 3/5  sigreg=0.5273  proto=2.5418  min_dist=1.42  mean_dist=15.22
  [sigreg+proto] epoch 4/5  sigreg=0.5329  proto=1.9776  min_dist=1.51  mean_dist=15.24
  [sigreg+proto] epoch 5/5  sigreg=0.5105  proto=2.8534  min_dist=1.58  mean_dist=15.26
  round 1: pool=378 purity=0.608 k-hat=10 anchors=10  margin=0.7302  mean-anchor=0.8233  
    merged 21 -> 18 anchors
  [sigreg+proto] epoch 1/5  sigreg=0.5427  proto=1.9464  min_dist=1.67  mean_dist=14.98
  [sigreg+proto] epoch 2/5  sigreg=0.5397  proto=3.1130  min_dist=1.76  mean_dist=15.00
  [sigreg+proto] epoch 3/5  sigreg=0.5388  proto=2.3646  min_dist=1.85  mean_dist=15.02
  [sigreg+proto] epoch 4/5  sigreg=0.5270  proto=2.8420  min_dist=1.94  mean_dist=15.05
  [sigreg+proto] epoch 5/5  sigreg=0.5319  proto=2.6334  min_dist=2.02  mean_dist=15.07
  round 2: pool=309 purity=0.521 k-hat=11 anchors=18  margin=0.7162  mean-anchor=0.8437  
    [dist corpus-norm] purity r1=0.608 r2=0.521  probe 0.659->0.648  eucl 0.700->0.701  perevt 0.110->0.107  drift 0.071
  [sigreg+proto] epoch 1/5  sigreg=0.5224  proto=1.3419  min_dist=1.26  mean_dist=14.75
  [sigreg+proto] epoch 2/5  sigreg=0.5271  proto=1.1686  min_dist=1.34  mean_dist=14.77
  [sigreg+proto] epoch 3/5  sigreg=0.5337  proto=1.1692  min_dist=1.43  mean_dist=14.79
  [sigreg+proto] epoch 4/5  sigreg=0.5285  proto=1.0968  min_dist=1.51  mean_dist=14.81
  [sigreg+proto] epoch 5/5  sigreg=0.5222  proto=1.2775  min_dist=1.58  mean_dist=14.83
  round 1: pool=371 purity=0.601 k-hat=6 anchors=6  margin=0.7521  mean-anchor=0.7787  
    merged 11 -> 6 anchors
  [sigreg+proto] epoch 1/5  sigreg=0.5338  proto=1.0825  min_dist=1.67  mean_dist=14.88
  [sigreg+proto] epoch 2/5  sigreg=0.5276  proto=1.2020  min_dist=1.76  mean_dist=14.90
  [sigreg+proto] epoch 3/5  sigreg=0.5218  proto=1.3658  min_dist=1.85  mean_dist=14.93
  [sigreg+proto] epoch 4/5  sigreg=0.5203  proto=1.4555  min_dist=1.94  mean_dist=14.95
  [sigreg+proto] epoch 5/5  sigreg=0.5275  proto=1.2809  min_dist=2.02  mean_dist=14.97
  round 2: pool=380 purity=0.611 k-hat=5 anchors=6  margin=0.7467  mean-anchor=0.7573  
    [np   frozen     ] purity r1=0.601 r2=0.611  probe 0.659->0.659  eucl 0.700->0.700  perevt 0.110->0.110  drift 0.000
  [sigreg+proto] epoch 1/5  sigreg=0.5404  proto=1.7912  min_dist=1.26  mean_dist=14.75
  [sigreg+proto] epoch 2/5  sigreg=0.5335  proto=1.3160  min_dist=1.34  mean_dist=14.77
  [sigreg+proto] epoch 3/5  sigreg=0.5556  proto=1.6963  min_dist=1.42  mean_dist=14.79
  [sigreg+proto] epoch 4/5  sigreg=0.5423  proto=1.2313  min_dist=1.50  mean_dist=14.81
  [sigreg+proto] epoch 5/5  sigreg=0.5319  proto=1.4084  min_dist=1.58  mean_dist=14.83
  round 1: pool=371 purity=0.601 k-hat=6 anchors=6  margin=0.7535  mean-anchor=0.7807  
    merged 11 -> 5 anchors
  [sigreg+proto] epoch 1/5  sigreg=0.5375  proto=1.4507  min_dist=1.67  mean_dist=14.97
  [sigreg+proto] epoch 2/5  sigreg=0.5324  proto=1.6355  min_dist=1.76  mean_dist=14.99
  [sigreg+proto] epoch 3/5  sigreg=0.5335  proto=1.4438  min_dist=1.85  mean_dist=15.02
  [sigreg+proto] epoch 4/5  sigreg=0.5406  proto=1.3119  min_dist=1.93  mean_dist=15.04
  [sigreg+proto] epoch 5/5  sigreg=0.5380  proto=1.6806  min_dist=2.01  mean_dist=15.06
  round 2: pool=373 purity=0.603 k-hat=5 anchors=5  margin=0.7452  mean-anchor=0.7487  
    [np   corpus-norm] purity r1=0.601 r2=0.603  probe 0.659->0.655  eucl 0.700->0.699  perevt 0.110->0.110  drift 0.028

===== EXP135 SUMMARY (paired frozen vs corpus-norm; gate 0.15) =====
  cell|arm|scorer                              r1  r2 frz   r2 cn    d r2    probe frz/cn  drift
  dtd:lejepa|supcon-ft|dist                 0.732   0.535   0.532  -0.003   0.789/0.789    0.074
  dtd:lejepa|supcon-ft|np                   0.739   0.738   0.729  -0.009   0.789/0.789    0.057
  dtd:lejepa|ss-ft|dist                     0.801   0.554   0.565  +0.010   0.788/0.788    0.042
  dtd:lejepa|ss-ft|np                       0.742   0.726   0.747  +0.021   0.788/0.789    0.061
  dtd:lejepa|nplm-sup-ft|dist               0.608   0.498   0.521  +0.023   0.659/0.648    0.071
  dtd:lejepa|nplm-sup-ft|np                 0.601   0.611   0.603  -0.007   0.659/0.655    0.028

wrote logs/exp135/corpus_norm_dtd-lejepa.json
EXP135 DONE.
