/home/pharris/venv/lib64/python3.9/site-packages/networkx/utils/backends.py:135: RuntimeWarning: networkx backend defined more than once: nx-loopback
  backends.update(_get_backends("networkx.backends"))

######## galaxy10:dino_h1_d0: holdouts=[2] ########
Using cache found in /home/pharris/.cache/torch/hub/facebookresearch_dino_main

  --- supcon-ft: pre probe=0.9164 eucl=0.3187 mahaT=0.3529 perevt=0.007   [archived unfrozen post probe 0.9177]
  [sigreg+proto] epoch 1/5  sigreg=0.2644  proto=8.9610  min_dist=4.20  mean_dist=14.99
  [sigreg+proto] epoch 2/5  sigreg=0.2652  proto=9.3162  min_dist=4.26  mean_dist=15.02
  [sigreg+proto] epoch 3/5  sigreg=0.2625  proto=8.4342  min_dist=4.32  mean_dist=15.04
  [sigreg+proto] epoch 4/5  sigreg=0.2626  proto=8.9967  min_dist=4.38  mean_dist=15.07
  [sigreg+proto] epoch 5/5  sigreg=0.2414  proto=8.0461  min_dist=4.44  mean_dist=15.09
  round 1: pool=83 purity=0.084 k-hat=4 anchors=4  margin=0.5382  mean-anchor=0.8003  2=0.800
  [sigreg+proto] epoch 1/5  sigreg=0.2901  proto=7.4199  min_dist=3.40  mean_dist=15.47
  [sigreg+proto] epoch 2/5  sigreg=0.2641  proto=6.7488  min_dist=3.39  mean_dist=15.49
  [sigreg+proto] epoch 3/5  sigreg=0.2841  proto=7.9329  min_dist=3.39  mean_dist=15.52
  [sigreg+proto] epoch 4/5  sigreg=0.2761  proto=7.3179  min_dist=3.38  mean_dist=15.54
  [sigreg+proto] epoch 5/5  sigreg=0.2610  proto=7.9529  min_dist=3.38  mean_dist=15.56
  round 2: pool=76 purity=0.000 k-hat=3 anchors=7  margin=0.3119  mean-anchor=0.8008  2=0.801
    [dist frozen     ] purity r1=0.084 r2=0.000  probe 0.916->0.916  eucl 0.319->0.319  perevt 0.007->0.007  drift 0.000
  [sigreg+proto] epoch 1/5  sigreg=0.4701  proto=12.7369  min_dist=4.19  mean_dist=14.97
  [sigreg+proto] epoch 2/5  sigreg=0.4676  proto=12.8926  min_dist=4.24  mean_dist=14.98
  [sigreg+proto] epoch 3/5  sigreg=0.4466  proto=12.3996  min_dist=4.30  mean_dist=14.99
  [sigreg+proto] epoch 4/5  sigreg=0.4519  proto=12.5188  min_dist=4.35  mean_dist=15.00
  [sigreg+proto] epoch 5/5  sigreg=0.4444  proto=12.3585  min_dist=4.39  mean_dist=15.01
  round 1: pool=83 purity=0.084 k-hat=4 anchors=4  margin=0.5647  mean-anchor=0.7978  2=0.798
  [sigreg+proto] epoch 1/5  sigreg=0.5143  proto=9.8456  min_dist=3.80  mean_dist=14.54
  [sigreg+proto] epoch 2/5  sigreg=0.4927  proto=10.2429  min_dist=3.85  mean_dist=14.55
  [sigreg+proto] epoch 3/5  sigreg=0.4877  proto=10.4752  min_dist=3.89  mean_dist=14.56
  [sigreg+proto] epoch 4/5  sigreg=0.4898  proto=10.4769  min_dist=3.93  mean_dist=14.57
  [sigreg+proto] epoch 5/5  sigreg=0.4939  proto=9.6119  min_dist=3.97  mean_dist=14.57
  round 2: pool=84 purity=0.095 k-hat=4 anchors=8  margin=0.2411  mean-anchor=0.6272  2=0.627
    [dist corpus-norm] purity r1=0.084 r2=0.095  probe 0.916->0.905  eucl 0.319->0.318  perevt 0.007->0.003  drift 0.280
  [sigreg+proto] epoch 1/5  sigreg=0.2950  proto=6.4223  min_dist=1.89  mean_dist=10.52
  [sigreg+proto] epoch 2/5  sigreg=0.2964  proto=6.3173  min_dist=1.98  mean_dist=10.56
  [sigreg+proto] epoch 3/5  sigreg=0.2865  proto=6.2671  min_dist=2.08  mean_dist=10.60
  [sigreg+proto] epoch 4/5  sigreg=0.2913  proto=6.0530  min_dist=2.17  mean_dist=10.64
  [sigreg+proto] epoch 5/5  sigreg=0.2913  proto=6.1726  min_dist=2.26  mean_dist=10.68
  round 1: pool=203 purity=0.626 k-hat=2 anchors=2  margin=0.8831  mean-anchor=0.8625  2=0.862
    merged 4 -> 2 anchors
  [sigreg+proto] epoch 1/5  sigreg=0.2961  proto=5.9325  min_dist=2.19  mean_dist=10.69
  [sigreg+proto] epoch 2/5  sigreg=0.2888  proto=6.4188  min_dist=2.29  mean_dist=10.73
  [sigreg+proto] epoch 3/5  sigreg=0.2962  proto=6.3531  min_dist=2.39  mean_dist=10.77
  [sigreg+proto] epoch 4/5  sigreg=0.2868  proto=6.2016  min_dist=2.49  mean_dist=10.81
  [sigreg+proto] epoch 5/5  sigreg=0.3024  proto=6.4928  min_dist=2.58  mean_dist=10.85
  round 2: pool=200 purity=0.620 k-hat=2 anchors=2  margin=0.8839  mean-anchor=0.8627  2=0.863
    [np   frozen     ] purity r1=0.626 r2=0.620  probe 0.916->0.916  eucl 0.319->0.319  perevt 0.007->0.007  drift 0.000
  [sigreg+proto] epoch 1/5  sigreg=0.3243  proto=6.1390  min_dist=1.89  mean_dist=10.53
  [sigreg+proto] epoch 2/5  sigreg=0.3244  proto=6.2746  min_dist=1.98  mean_dist=10.57
  [sigreg+proto] epoch 3/5  sigreg=0.3142  proto=6.1432  min_dist=2.08  mean_dist=10.61
  [sigreg+proto] epoch 4/5  sigreg=0.3263  proto=5.8645  min_dist=2.17  mean_dist=10.65
  [sigreg+proto] epoch 5/5  sigreg=0.3149  proto=6.0438  min_dist=2.26  mean_dist=10.69
  round 1: pool=203 purity=0.626 k-hat=2 anchors=2  margin=0.8829  mean-anchor=0.8487  2=0.849
    merged 4 -> 1 anchors
  [sigreg+proto] epoch 1/5  sigreg=0.2655  proto=6.1289  min_dist=3.02  mean_dist=10.66
  [sigreg+proto] epoch 2/5  sigreg=0.2814  proto=6.5223  min_dist=3.13  mean_dist=10.71
  [sigreg+proto] epoch 3/5  sigreg=0.2786  proto=6.0340  min_dist=3.24  mean_dist=10.76
  [sigreg+proto] epoch 4/5  sigreg=0.2719  proto=6.7116  min_dist=3.34  mean_dist=10.80
  [sigreg+proto] epoch 5/5  sigreg=0.2766  proto=6.2821  min_dist=3.44  mean_dist=10.85
  round 2: pool=196 purity=0.612 k-hat=2 anchors=1  margin=0.8688  mean-anchor=0.8460  2=0.846
    [np   corpus-norm] purity r1=0.626 r2=0.612  probe 0.916->0.919  eucl 0.319->0.323  perevt 0.007->0.007  drift 0.151
Using cache found in /home/pharris/.cache/torch/hub/facebookresearch_dino_main

  --- ss-ft: pre probe=0.8873 eucl=0.4081 mahaT=0.3928 perevt=0.038   [archived unfrozen post probe 0.9140]
  [sigreg+proto] epoch 1/5  sigreg=0.2206  proto=6.8229  min_dist=3.16  mean_dist=14.07
  [sigreg+proto] epoch 2/5  sigreg=0.2254  proto=7.6581  min_dist=3.23  mean_dist=14.10
  [sigreg+proto] epoch 3/5  sigreg=0.2200  proto=6.7675  min_dist=3.30  mean_dist=14.12
  [sigreg+proto] epoch 4/5  sigreg=0.2261  proto=7.2607  min_dist=3.37  mean_dist=14.15
  [sigreg+proto] epoch 5/5  sigreg=0.2164  proto=7.1052  min_dist=3.44  mean_dist=14.18
  round 1: pool=88 purity=0.136 k-hat=4 anchors=4  margin=0.4323  mean-anchor=0.8798  2=0.880
  [sigreg+proto] epoch 1/5  sigreg=0.2715  proto=5.4736  min_dist=3.50  mean_dist=14.94
  [sigreg+proto] epoch 2/5  sigreg=0.2480  proto=6.0028  min_dist=3.55  mean_dist=14.97
  [sigreg+proto] epoch 3/5  sigreg=0.2627  proto=6.4621  min_dist=3.61  mean_dist=14.99
  [sigreg+proto] epoch 4/5  sigreg=0.2653  proto=6.1870  min_dist=3.67  mean_dist=15.02
  [sigreg+proto] epoch 5/5  sigreg=0.2682  proto=6.1141  min_dist=3.73  mean_dist=15.05
  round 2: pool=83 purity=0.084 k-hat=4 anchors=8  margin=0.4654  mean-anchor=0.7887  2=0.789
    [dist frozen     ] purity r1=0.136 r2=0.084  probe 0.887->0.887  eucl 0.408->0.408  perevt 0.038->0.038  drift 0.000
  [sigreg+proto] epoch 1/5  sigreg=0.3203  proto=7.3015  min_dist=3.16  mean_dist=14.05
  [sigreg+proto] epoch 2/5  sigreg=0.3320  proto=8.1138  min_dist=3.23  mean_dist=14.06
  [sigreg+proto] epoch 3/5  sigreg=0.3253  proto=7.4370  min_dist=3.30  mean_dist=14.07
  [sigreg+proto] epoch 4/5  sigreg=0.3281  proto=7.7671  min_dist=3.37  mean_dist=14.08
  [sigreg+proto] epoch 5/5  sigreg=0.3182  proto=7.9212  min_dist=3.44  mean_dist=14.09
  round 1: pool=88 purity=0.136 k-hat=4 anchors=4  margin=0.3772  mean-anchor=0.8786  2=0.879
  [sigreg+proto] epoch 1/5  sigreg=0.3478  proto=5.5146  min_dist=3.49  mean_dist=13.95
  [sigreg+proto] epoch 2/5  sigreg=0.3510  proto=6.2720  min_dist=3.53  mean_dist=13.96
  [sigreg+proto] epoch 3/5  sigreg=0.3482  proto=6.0811  min_dist=3.57  mean_dist=13.98
  [sigreg+proto] epoch 4/5  sigreg=0.3451  proto=5.8000  min_dist=3.61  mean_dist=13.99
  [sigreg+proto] epoch 5/5  sigreg=0.3427  proto=5.6930  min_dist=3.66  mean_dist=14.01
  round 2: pool=82 purity=0.073 k-hat=4 anchors=8  margin=0.3695  mean-anchor=0.6815  2=0.682
    [dist corpus-norm] purity r1=0.136 r2=0.073  probe 0.887->0.880  eucl 0.408->0.396  perevt 0.038->0.031  drift 0.260
  [sigreg+proto] epoch 1/5  sigreg=0.2557  proto=5.0171  min_dist=1.63  mean_dist=11.57
  [sigreg+proto] epoch 2/5  sigreg=0.2678  proto=5.3781  min_dist=1.71  mean_dist=11.60
  [sigreg+proto] epoch 3/5  sigreg=0.2568  proto=4.7600  min_dist=1.79  mean_dist=11.63
