/home/pharris/venv/lib64/python3.9/site-packages/networkx/utils/backends.py:135: RuntimeWarning: networkx backend defined more than once: nx-loopback
  backends.update(_get_backends("networkx.backends"))
exp70 [galaxy10_visreg_ft70_h1_d3] end-to-end ft suite, arms=['gcd-ft', 'gcd-sigreg-ft'], ft_epochs=20, emb=100, holdouts 6-6 EXCLUDED from ft
  ft corpus: 1589/1772 train images (holdout classes removed)

===== [gcd-ft] (supervised) =====
  gcd corpus: all 1772 train images, 183 unlabelled (held-out classes, label -1)
  [gcd-ft] epoch 1/20  main=3.5626  aux=0.0000
  [gcd-ft] epoch 5/20  main=3.0298  aux=0.0000
  [gcd-ft] epoch 10/20  main=2.8440  aux=0.0000
  [gcd-ft] epoch 15/20  main=2.7012  aux=0.0000
  [gcd-ft] epoch 20/20  main=2.6785  aux=0.0000
  extracted ft70_gcd-ft train: (1772, 768)
  extracted ft70_gcd-ft test: (15964, 768)
  [gcd-ft        ] probe=0.9322+-0.0018 acc=0.7945 supAUC=0.9610 eucl=0.8169 mahaT=0.8502 mahaPC=0.8383 lid=0.5992

===== [gcd-sigreg-ft] (supervised) =====
  gcd corpus: all 1772 train images, 183 unlabelled (held-out classes, label -1)
  [gcd-sigreg-ft] epoch 1/20  main=3.9174  aux=1.9095
  [gcd-sigreg-ft] epoch 5/20  main=3.3914  aux=0.8168
  [gcd-sigreg-ft] epoch 10/20  main=3.1056  aux=0.6695
  [gcd-sigreg-ft] epoch 15/20  main=3.0044  aux=0.6259
  [gcd-sigreg-ft] epoch 20/20  main=2.9744  aux=0.5922
  extracted ft70_gcd-sigreg-ft train: (1772, 768)
  extracted ft70_gcd-sigreg-ft test: (15964, 768)
  [gcd-sigreg-ft ] probe=0.8748+-0.0016 acc=0.7730 supAUC=0.9541 eucl=0.8420 mahaT=0.8586 mahaPC=0.8078 lid=0.5282

===== PRE table =====
  arm                        probe     acc  supAUC    eucl   mahaT  mahaPC
  gcd-ft             0.9322+-0.0018  0.7945  0.9610  0.8169  0.8502  0.8383
  gcd-sigreg-ft      0.8748+-0.0016  0.7730  0.9541  0.8420  0.8586  0.8078

===== gaussianity (seen classes, test set) =====
  metric                            gcd-ft gcd-sigreg-ft
  eig min (class cov)                0.000         0.000
  eig max (class cov)               20.622        18.499
  eig cond worst                 1228730.1     1283473.8
  class RMS min                      0.463         0.505
  class RMS mean                     0.523         0.620
  class RMS max                      0.669         0.822
  max |corr| (worst class)           0.979         0.909
  SW ratio mean                      41.64         26.13
  SW ratio worst                    110.17         54.78
  |skew| mean                        0.711         0.520
  |ex-kurt| mean                     1.625         1.091
  centroid dist min                   3.47          3.02
  centroid dist mean                 12.05         10.15
  separation (min d/RMS)              6.64          4.88

===== PRE power batteries =====
  [gcd-ft] per-event pre power=0.406
  [gcd-ft] sparker (annealed)
    pre-spk f=0.003: power=0.100 [0.058,0.162] (5/50)
    pre-spk f=0.01: power=0.200 [0.141,0.273] (10/50)
    pre-spk f=0.02: power=0.660 [0.581,0.732] (33/50)
    pre-spk f=0.05: power=1.000 [0.964,1.000] (50/50)
    pre-spk f=0.1: power=1.000 [0.964,1.000] (50/50)
  [gcd-ft] maha
    pre-maha f=0.003: power=0.080 [0.042,0.138] (4/50)
    pre-maha f=0.01: power=0.320 [0.249,0.399] (16/50)
    pre-maha f=0.02: power=0.660 [0.581,0.732] (33/50)
    pre-maha f=0.05: power=1.000 [0.964,1.000] (50/50)
    pre-maha f=0.1: power=1.000 [0.964,1.000] (50/50)
  [gcd-ft] mmd
    pre-mmd f=0.003: power=0.100 [0.058,0.162] (5/50)
    pre-mmd f=0.01: power=0.220 [0.159,0.294] (11/50)
    pre-mmd f=0.02: power=0.260 [0.194,0.336] (13/50)
    pre-mmd f=0.05: power=0.860 [0.793,0.910] (43/50)
    pre-mmd f=0.1: power=1.000 [0.964,1.000] (50/50)
  [gcd-sigreg-ft] per-event pre power=0.454
  [gcd-sigreg-ft] sparker (annealed)
    pre-spk f=0.003: power=0.080 [0.042,0.138] (4/50)
    pre-spk f=0.01: power=0.100 [0.058,0.162] (5/50)
    pre-spk f=0.02: power=0.300 [0.231,0.378] (15/50)
    pre-spk f=0.05: power=0.980 [0.936,0.997] (49/50)
    pre-spk f=0.1: power=1.000 [0.964,1.000] (50/50)
  [gcd-sigreg-ft] maha
    pre-maha f=0.003: power=0.120 [0.074,0.184] (6/50)
    pre-maha f=0.01: power=0.200 [0.141,0.273] (10/50)
    pre-maha f=0.02: power=0.520 [0.440,0.599] (26/50)
    pre-maha f=0.05: power=1.000 [0.964,1.000] (50/50)
    pre-maha f=0.1: power=1.000 [0.964,1.000] (50/50)
  [gcd-sigreg-ft] mmd
    pre-mmd f=0.003: power=0.080 [0.042,0.138] (4/50)
    pre-mmd f=0.01: power=0.120 [0.074,0.184] (6/50)
    pre-mmd f=0.02: power=0.040 [0.014,0.090] (2/50)
    pre-mmd f=0.05: power=0.780 [0.706,0.841] (39/50)
    pre-mmd f=0.1: power=1.000 [0.964,1.000] (50/50)

===== EXP70 PEREVENT PRE POWER =====
  arm                 0.003     0.01     0.02     0.05      0.1
  gcd-ft              0.406    0.406    0.406    0.406    0.406
  gcd-sigreg-ft       0.454    0.454    0.454    0.454    0.454
  saved /home/pharris/sigreg/SuperSig/plots/exp70_perevent_power_pre_galaxy10_visreg_ft70_h1_d3.png

===== EXP70 SPARKER PRE POWER =====
  arm                 0.003     0.01     0.02     0.05      0.1
  gcd-ft              0.100    0.200    0.660    1.000    1.000
  gcd-sigreg-ft       0.080    0.100    0.300    0.980    1.000
  saved /home/pharris/sigreg/SuperSig/plots/exp70_sparker_power_pre_galaxy10_visreg_ft70_h1_d3.png

===== EXP70 MAHA PRE POWER =====
  arm                 0.003     0.01     0.02     0.05      0.1
  gcd-ft              0.080    0.320    0.660    1.000    1.000
  gcd-sigreg-ft       0.120    0.200    0.520    1.000    1.000
  saved /home/pharris/sigreg/SuperSig/plots/exp70_maha_power_pre_galaxy10_visreg_ft70_h1_d3.png

===== EXP70 MMD PRE POWER =====
  arm                 0.003     0.01     0.02     0.05      0.1
  gcd-ft              0.100    0.220    0.260    0.860    1.000
  gcd-sigreg-ft       0.080    0.120    0.040    0.780    1.000
  saved /home/pharris/sigreg/SuperSig/plots/exp70_mmd_power_pre_galaxy10_visreg_ft70_h1_d3.png

----- natural discovery: gcd-ft -----
  [sigreg+proto] epoch 1/5  sigreg=0.4421  proto=3.6598  min_dist=4.75  mean_dist=11.68
  [sigreg+proto] epoch 2/5  sigreg=0.4897  proto=2.8030  min_dist=4.81  mean_dist=11.73
  [sigreg+proto] epoch 3/5  sigreg=0.4833  proto=2.1587  min_dist=4.86  mean_dist=11.77
  [sigreg+proto] epoch 4/5  sigreg=0.5043  proto=1.8282  min_dist=4.92  mean_dist=11.82
  [sigreg+proto] epoch 5/5  sigreg=0.5064  proto=1.3138  min_dist=4.97  mean_dist=11.87
  round 1: pool=187 purity=0.572 k-hat=4 anchors=4  margin=0.8262  mean-anchor=0.8793  6=0.879
  [sigreg+proto] epoch 1/5  sigreg=0.5006  proto=2.1131  min_dist=5.02  mean_dist=12.29
  [sigreg+proto] epoch 2/5  sigreg=0.4951  proto=1.6035  min_dist=5.08  mean_dist=12.34
  [sigreg+proto] epoch 3/5  sigreg=0.4841  proto=1.1626  min_dist=5.13  mean_dist=12.38
  [sigreg+proto] epoch 4/5  sigreg=0.4638  proto=1.1111  min_dist=5.18  mean_dist=12.43
  [sigreg+proto] epoch 5/5  sigreg=0.4441  proto=0.7408  min_dist=5.24  mean_dist=12.48
  round 2: pool=80 purity=0.000 k-hat=1 anchors=5  margin=0.7687  mean-anchor=0.8918  6=0.892
  [gcd-ft] probe 0.9322 -> 0.9297  eucl 0.8169 -> 0.8170  mahaT 0.8502 -> 0.8473

----- natural discovery: gcd-sigreg-ft -----
  [sigreg+proto] epoch 1/5  sigreg=0.3138  proto=2.7387  min_dist=3.01  mean_dist=10.57
  [sigreg+proto] epoch 2/5  sigreg=0.4001  proto=2.1136  min_dist=3.08  mean_dist=10.62
  [sigreg+proto] epoch 3/5  sigreg=0.4211  proto=1.2724  min_dist=3.15  mean_dist=10.67
  [sigreg+proto] epoch 4/5  sigreg=0.4181  proto=1.4319  min_dist=3.22  mean_dist=10.72
  [sigreg+proto] epoch 5/5  sigreg=0.4215  proto=1.1902  min_dist=3.29  mean_dist=10.76
  round 1: pool=189 purity=0.577 k-hat=4 anchors=4  margin=0.8612  mean-anchor=0.4797  6=0.480
  [sigreg+proto] epoch 1/5  sigreg=0.3929  proto=1.7709  min_dist=3.35  mean_dist=10.82
  [sigreg+proto] epoch 2/5  sigreg=0.4035  proto=1.3744  min_dist=3.40  mean_dist=10.86
  [sigreg+proto] epoch 3/5  sigreg=0.4175  proto=1.1034  min_dist=3.46  mean_dist=10.90
  [sigreg+proto] epoch 4/5  sigreg=0.4310  proto=0.9435  min_dist=3.52  mean_dist=10.94
  [sigreg+proto] epoch 5/5  sigreg=0.4353  proto=0.9093  min_dist=3.57  mean_dist=10.98
  round 2: pool=91 purity=0.121 k-hat=3 anchors=7  margin=0.8468  mean-anchor=0.8290  6=0.829
  [gcd-sigreg-ft] probe 0.8748 -> 0.9162  eucl 0.8420 -> 0.8247  mahaT 0.8586 -> 0.8668

===== POST grid, f=0.003 (5 injected) =====
  [sigreg+proto] epoch 1/5  sigreg=0.4715  proto=3.2567  min_dist=2.93  mean_dist=12.86
  [sigreg+proto] epoch 2/5  sigreg=0.4864  proto=2.4830  min_dist=3.01  mean_dist=12.90
  [sigreg+proto] epoch 3/5  sigreg=0.4835  proto=1.8649  min_dist=3.08  mean_dist=12.94
  [sigreg+proto] epoch 4/5  sigreg=0.4879  proto=1.7439  min_dist=3.16  mean_dist=12.98
  [sigreg+proto] epoch 5/5  sigreg=0.4948  proto=1.5475  min_dist=3.23  mean_dist=13.02
  round 1: pool=83 purity=0.036 k-hat=4 anchors=4  margin=0.7463  mean-anchor=0.5373  6=0.537
  [sigreg+proto] epoch 1/5  sigreg=0.5085  proto=2.0005  min_dist=3.32  mean_dist=13.42
  [sigreg+proto] epoch 2/5  sigreg=0.4837  proto=1.3131  min_dist=3.40  mean_dist=13.46
  [sigreg+proto] epoch 3/5  sigreg=0.4701  proto=1.2461  min_dist=3.48  mean_dist=13.50
  [sigreg+proto] epoch 4/5  sigreg=0.4698  proto=1.0734  min_dist=3.56  mean_dist=13.54
  [sigreg+proto] epoch 5/5  sigreg=0.4451  proto=1.1290  min_dist=3.63  mean_dist=13.58
  round 2: pool=80 purity=0.000 k-hat=1 anchors=5  margin=0.7606  mean-anchor=0.7898  6=0.790
  [gcd-ft] per-event post f=0.003: power=0.318
  [gcd-ft] sparker (post, annealed)
    post-spk f=0.003: power=0.100 [0.058,0.162] (5/50)
  [gcd-ft] maha (post)
    post-maha f=0.003: power=0.100 [0.058,0.162] (5/50)
  [gcd-ft] mmd (post)
    post-mmd f=0.003: power=0.040 [0.014,0.090] (2/50)
  [sigreg+proto] epoch 1/5  sigreg=0.3158  proto=2.9277  min_dist=4.10  mean_dist=10.31
  [sigreg+proto] epoch 2/5  sigreg=0.4201  proto=1.9037  min_dist=4.17  mean_dist=10.36
  [sigreg+proto] epoch 3/5  sigreg=0.4053  proto=1.4196  min_dist=4.25  mean_dist=10.41
  [sigreg+proto] epoch 4/5  sigreg=0.4162  proto=1.1397  min_dist=4.32  mean_dist=10.46
  [sigreg+proto] epoch 5/5  sigreg=0.4150  proto=1.0328  min_dist=4.39  mean_dist=10.51
  round 1: pool=83 purity=0.036 k-hat=4 anchors=4  margin=0.8089  mean-anchor=0.7832  6=0.783
  [sigreg+proto] epoch 1/5  sigreg=0.4028  proto=1.7838  min_dist=4.45  mean_dist=10.55
  [sigreg+proto] epoch 2/5  sigreg=0.4311  proto=1.0828  min_dist=4.51  mean_dist=10.59
  [sigreg+proto] epoch 3/5  sigreg=0.4430  proto=1.0169  min_dist=4.56  mean_dist=10.63
  [sigreg+proto] epoch 4/5  sigreg=0.4471  proto=1.0153  min_dist=4.62  mean_dist=10.67
  [sigreg+proto] epoch 5/5  sigreg=0.4406  proto=0.7836  min_dist=4.67  mean_dist=10.71
  round 2: pool=81 purity=0.012 k-hat=4 anchors=8  margin=0.7954  mean-anchor=0.8421  6=0.842
  [gcd-sigreg-ft] per-event post f=0.003: power=0.351
  [gcd-sigreg-ft] sparker (post, annealed)
    post-spk f=0.003: power=0.000 [0.000,0.036] (0/50)
  [gcd-sigreg-ft] maha (post)
    post-maha f=0.003: power=0.020 [0.003,0.064] (1/50)
  [gcd-sigreg-ft] mmd (post)
    post-mmd f=0.003: power=0.040 [0.014,0.090] (2/50)

===== POST grid, f=0.01 (16 injected) =====
  [sigreg+proto] epoch 1/5  sigreg=0.4316  proto=3.8588  min_dist=2.19  mean_dist=11.92
  [sigreg+proto] epoch 2/5  sigreg=0.4781  proto=2.7049  min_dist=2.27  mean_dist=11.95
  [sigreg+proto] epoch 3/5  sigreg=0.4511  proto=1.9821  min_dist=2.36  mean_dist=11.99
  [sigreg+proto] epoch 4/5  sigreg=0.4558  proto=1.8294  min_dist=2.44  mean_dist=12.02
  [sigreg+proto] epoch 5/5  sigreg=0.4602  proto=1.4886  min_dist=2.52  mean_dist=12.06
  round 1: pool=89 purity=0.101 k-hat=4 anchors=4  margin=0.7417  mean-anchor=0.8495  6=0.850
  [sigreg+proto] epoch 1/5  sigreg=0.4636  proto=1.9491  min_dist=2.59  mean_dist=12.17
  [sigreg+proto] epoch 2/5  sigreg=0.4617  proto=1.6678  min_dist=2.67  mean_dist=12.20
  [sigreg+proto] epoch 3/5  sigreg=0.4760  proto=1.1730  min_dist=2.74  mean_dist=12.22
  [sigreg+proto] epoch 4/5  sigreg=0.4409  proto=1.0645  min_dist=2.81  mean_dist=12.25
  [sigreg+proto] epoch 5/5  sigreg=0.4389  proto=1.1056  min_dist=2.88  mean_dist=12.28
  round 2: pool=82 purity=0.024 k-hat=2 anchors=6  margin=0.7380  mean-anchor=0.8490  6=0.849
  [gcd-ft] per-event post f=0.01: power=0.367
  [gcd-ft] sparker (post, annealed)
    post-spk f=0.01: power=0.200 [0.141,0.273] (10/50)
  [gcd-ft] maha (post)
    post-maha f=0.01: power=0.220 [0.159,0.294] (11/50)
  [gcd-ft] mmd (post)
    post-mmd f=0.01: power=0.100 [0.058,0.162] (5/50)
  [sigreg+proto] epoch 1/5  sigreg=0.3207  proto=2.7036  min_dist=4.10  mean_dist=10.36
  [sigreg+proto] epoch 2/5  sigreg=0.3971  proto=1.8311  min_dist=4.17  mean_dist=10.41
  [sigreg+proto] epoch 3/5  sigreg=0.4040  proto=1.5682  min_dist=4.25  mean_dist=10.46
  [sigreg+proto] epoch 4/5  sigreg=0.4371  proto=1.1775  min_dist=4.32  mean_dist=10.51
  [sigreg+proto] epoch 5/5  sigreg=0.4515  proto=0.8358  min_dist=4.39  mean_dist=10.57
  round 1: pool=87 purity=0.080 k-hat=4 anchors=4  margin=0.8193  mean-anchor=0.8516  6=0.852
  [sigreg+proto] epoch 1/5  sigreg=0.4311  proto=1.7985  min_dist=4.44  mean_dist=10.58
  [sigreg+proto] epoch 2/5  sigreg=0.4445  proto=1.1838  min_dist=4.50  mean_dist=10.62
  [sigreg+proto] epoch 3/5  sigreg=0.4411  proto=1.0579  min_dist=4.55  mean_dist=10.66
  [sigreg+proto] epoch 4/5  sigreg=0.4545  proto=1.0488  min_dist=4.60  mean_dist=10.70
  [sigreg+proto] epoch 5/5  sigreg=0.4703  proto=0.8259  min_dist=4.66  mean_dist=10.75
  round 2: pool=83 purity=0.036 k-hat=3 anchors=7  margin=0.7975  mean-anchor=0.8728  6=0.873
  [gcd-sigreg-ft] per-event post f=0.01: power=0.334
  [gcd-sigreg-ft] sparker (post, annealed)
    post-spk f=0.01: power=0.140 [0.090,0.207] (7/50)
  [gcd-sigreg-ft] maha (post)
    post-maha f=0.01: power=0.160 [0.107,0.229] (8/50)
  [gcd-sigreg-ft] mmd (post)
    post-mmd f=0.01: power=0.080 [0.042,0.138] (4/50)

===== POST grid, f=0.02 (32 injected) =====
  [sigreg+proto] epoch 1/5  sigreg=0.4398  proto=3.4852  min_dist=4.27  mean_dist=12.42
  [sigreg+proto] epoch 2/5  sigreg=0.4554  proto=2.3026  min_dist=4.35  mean_dist=12.46
  [sigreg+proto] epoch 3/5  sigreg=0.4759  proto=2.4244  min_dist=4.43  mean_dist=12.50
  [sigreg+proto] epoch 4/5  sigreg=0.4881  proto=1.6356  min_dist=4.51  mean_dist=12.54
  [sigreg+proto] epoch 5/5  sigreg=0.4819  proto=1.2748  min_dist=4.59  mean_dist=12.58
  round 1: pool=103 purity=0.223 k-hat=4 anchors=4  margin=0.7308  mean-anchor=0.8853  6=0.885
  [sigreg+proto] epoch 1/5  sigreg=0.4571  proto=2.1937  min_dist=4.65  mean_dist=12.13
  [sigreg+proto] epoch 2/5  sigreg=0.4728  proto=1.3496  min_dist=4.71  mean_dist=12.16
  [sigreg+proto] epoch 3/5  sigreg=0.4587  proto=1.1048  min_dist=4.78  mean_dist=12.20
  [sigreg+proto] epoch 4/5  sigreg=0.4448  proto=1.0554  min_dist=4.84  mean_dist=12.23
  [sigreg+proto] epoch 5/5  sigreg=0.4483  proto=0.9242  min_dist=4.90  mean_dist=12.27
  round 2: pool=86 purity=0.070 k-hat=3 anchors=7  margin=0.7842  mean-anchor=0.8795  6=0.879
  [gcd-ft] per-event post f=0.02: power=0.324
  [gcd-ft] sparker (post, annealed)
    post-spk f=0.02: power=0.240 [0.177,0.315] (12/50)
  [gcd-ft] maha (post)
    post-maha f=0.02: power=0.580 [0.500,0.657] (29/50)
  [gcd-ft] mmd (post)
    post-mmd f=0.02: power=0.200 [0.141,0.273] (10/50)
  [sigreg+proto] epoch 1/5  sigreg=0.3169  proto=2.4678  min_dist=3.88  mean_dist=10.50
  [sigreg+proto] epoch 2/5  sigreg=0.3991  proto=1.6548  min_dist=3.94  mean_dist=10.55
  [sigreg+proto] epoch 3/5  sigreg=0.4169  proto=1.2385  min_dist=4.00  mean_dist=10.60
  [sigreg+proto] epoch 4/5  sigreg=0.4148  proto=1.1224  min_dist=4.06  mean_dist=10.65
  [sigreg+proto] epoch 5/5  sigreg=0.4182  proto=1.0542  min_dist=4.12  mean_dist=10.70
  round 1: pool=104 purity=0.231 k-hat=4 anchors=4  margin=0.8465  mean-anchor=0.8348  6=0.835
  [sigreg+proto] epoch 1/5  sigreg=0.4037  proto=1.6969  min_dist=4.16  mean_dist=10.55
  [sigreg+proto] epoch 2/5  sigreg=0.4409  proto=1.3833  min_dist=4.21  mean_dist=10.59
  [sigreg+proto] epoch 3/5  sigreg=0.4468  proto=1.1453  min_dist=4.26  mean_dist=10.63
  [sigreg+proto] epoch 4/5  sigreg=0.4690  proto=1.1293  min_dist=4.30  mean_dist=10.67
  [sigreg+proto] epoch 5/5  sigreg=0.4609  proto=0.8392  min_dist=4.35  mean_dist=10.71
  round 2: pool=84 purity=0.048 k-hat=4 anchors=8  margin=0.7982  mean-anchor=0.8445  6=0.844
  [gcd-sigreg-ft] per-event post f=0.02: power=0.350
  [gcd-sigreg-ft] sparker (post, annealed)
    post-spk f=0.02: power=0.240 [0.177,0.315] (12/50)
  [gcd-sigreg-ft] maha (post)
    post-maha f=0.02: power=0.500 [0.421,0.579] (25/50)
  [gcd-sigreg-ft] mmd (post)
    post-mmd f=0.02: power=0.160 [0.107,0.229] (8/50)

===== POST grid, f=0.05 (84 injected) =====
  [sigreg+proto] epoch 1/5  sigreg=0.4699  proto=3.2631  min_dist=4.96  mean_dist=12.78
  [sigreg+proto] epoch 2/5  sigreg=0.4998  proto=2.2686  min_dist=5.01  mean_dist=12.83
  [sigreg+proto] epoch 3/5  sigreg=0.4774  proto=1.5870  min_dist=5.07  mean_dist=12.87
  [sigreg+proto] epoch 4/5  sigreg=0.4861  proto=1.5584  min_dist=5.12  mean_dist=12.92
  [sigreg+proto] epoch 5/5  sigreg=0.4948  proto=1.5067  min_dist=5.17  mean_dist=12.96
  round 1: pool=126 purity=0.365 k-hat=4 anchors=4  margin=0.8133  mean-anchor=0.9171  6=0.917
  [sigreg+proto] epoch 1/5  sigreg=0.4597  proto=1.9025  min_dist=5.21  mean_dist=12.63
  [sigreg+proto] epoch 2/5  sigreg=0.4749  proto=1.6855  min_dist=5.25  mean_dist=12.67
  [sigreg+proto] epoch 3/5  sigreg=0.4759  proto=1.4048  min_dist=5.29  mean_dist=12.70
  [sigreg+proto] epoch 4/5  sigreg=0.4595  proto=1.1652  min_dist=5.33  mean_dist=12.74
  [sigreg+proto] epoch 5/5  sigreg=0.4371  proto=1.1287  min_dist=5.37  mean_dist=12.77
  round 2: pool=87 purity=0.080 k-hat=2 anchors=6  margin=0.7844  mean-anchor=0.9093  6=0.909
  [gcd-ft] per-event post f=0.05: power=0.320
  [gcd-ft] sparker (post, annealed)
    post-spk f=0.05: power=1.000 [0.964,1.000] (50/50)
  [gcd-ft] maha (post)
    post-maha f=0.05: power=1.000 [0.964,1.000] (50/50)
  [gcd-ft] mmd (post)
    post-mmd f=0.05: power=0.860 [0.793,0.910] (43/50)
  [sigreg+proto] epoch 1/5  sigreg=0.3145  proto=2.6618  min_dist=4.10  mean_dist=10.50
  [sigreg+proto] epoch 2/5  sigreg=0.4003  proto=2.0685  min_dist=4.17  mean_dist=10.55
  [sigreg+proto] epoch 3/5  sigreg=0.4079  proto=1.5674  min_dist=4.24  mean_dist=10.60
  [sigreg+proto] epoch 4/5  sigreg=0.4131  proto=1.2433  min_dist=4.32  mean_dist=10.66
  [sigreg+proto] epoch 5/5  sigreg=0.4221  proto=0.9468  min_dist=4.39  mean_dist=10.71
  round 1: pool=130 purity=0.385 k-hat=4 anchors=4  margin=0.8426  mean-anchor=0.8660  6=0.866
  [sigreg+proto] epoch 1/5  sigreg=0.4357  proto=1.5137  min_dist=4.44  mean_dist=10.63
  [sigreg+proto] epoch 2/5  sigreg=0.4493  proto=1.0913  min_dist=4.50  mean_dist=10.67
  [sigreg+proto] epoch 3/5  sigreg=0.4393  proto=1.0771  min_dist=4.56  mean_dist=10.71
  [sigreg+proto] epoch 4/5  sigreg=0.4535  proto=0.9763  min_dist=4.61  mean_dist=10.75
  [sigreg+proto] epoch 5/5  sigreg=0.4640  proto=0.7820  min_dist=4.67  mean_dist=10.79
  round 2: pool=86 purity=0.070 k-hat=4 anchors=8  margin=0.8222  mean-anchor=0.8873  6=0.887
  [gcd-sigreg-ft] per-event post f=0.05: power=0.426
  [gcd-sigreg-ft] sparker (post, annealed)
    post-spk f=0.05: power=0.960 [0.910,0.986] (48/50)
  [gcd-sigreg-ft] maha (post)
    post-maha f=0.05: power=0.900 [0.838,0.942] (45/50)
  [gcd-sigreg-ft] mmd (post)
    post-mmd f=0.05: power=0.880 [0.816,0.926] (44/50)

===== EXP70 PEREVENT POST POWER =====
  arm                 0.003     0.01     0.02     0.05
  gcd-ft              0.318    0.367    0.324    0.320
  gcd-sigreg-ft       0.351    0.334    0.350    0.426
  saved /home/pharris/sigreg/SuperSig/plots/exp70_perevent_power_post_galaxy10_visreg_ft70_h1_d3.png

===== EXP70 SPARKER POST POWER =====
  arm                 0.003     0.01     0.02     0.05
  gcd-ft              0.100    0.200    0.240    1.000
  gcd-sigreg-ft       0.000    0.140    0.240    0.960
  saved /home/pharris/sigreg/SuperSig/plots/exp70_sparker_power_post_galaxy10_visreg_ft70_h1_d3.png

===== EXP70 MAHA POST POWER =====
  arm                 0.003     0.01     0.02     0.05
  gcd-ft              0.100    0.220    0.580    1.000
  gcd-sigreg-ft       0.020    0.160    0.500    0.900
  saved /home/pharris/sigreg/SuperSig/plots/exp70_maha_power_post_galaxy10_visreg_ft70_h1_d3.png

===== EXP70 MMD POST POWER =====
  arm                 0.003     0.01     0.02     0.05
  gcd-ft              0.040    0.100    0.200    0.860
  gcd-sigreg-ft       0.040    0.080    0.160    0.880
  saved /home/pharris/sigreg/SuperSig/plots/exp70_mmd_power_post_galaxy10_visreg_ft70_h1_d3.png

===== EXP70 SUMMARY [galaxy10_visreg_ft70_h1_d3] =====
  [gcd-ft        ] probe=0.9322+-0.0018 acc=0.7945 eucl=0.8169 mahaT=0.8502  || post: probe=0.9297 eucl=0.8170 mahaT=0.8473
          round 1: purity=0.572 anchors=4  margin=0.8262
          round 2: purity=0.000 anchors=5  margin=0.7687
  [gcd-sigreg-ft ] probe=0.8748+-0.0016 acc=0.7730 eucl=0.8420 mahaT=0.8586  || post: probe=0.9162 eucl=0.8247 mahaT=0.8668
          round 1: purity=0.577 anchors=4  margin=0.8612
          round 2: purity=0.121 anchors=7  margin=0.8468
saved /home/pharris/sigreg/SuperSig/plots/exp70_probe_galaxy10_visreg_ft70_h1_d3.png
Done.
