/home/pharris/venv/lib64/python3.9/site-packages/networkx/utils/backends.py:135: RuntimeWarning: networkx backend defined more than once: nx-loopback
  backends.update(_get_backends("networkx.backends"))

######## flowers:visreg: holdouts=[92, 93, 94, 95]... ########

  --- supcon-ft: pre probe=0.7943 eucl=0.9385 mahaT=0.9325 perevt=0.639   [archived unfrozen post probe 0.8095]
  [sigreg+proto] epoch 1/5  sigreg=0.4734  proto=0.2062  min_dist=4.20  mean_dist=11.47
  [sigreg+proto] epoch 2/5  sigreg=0.4607  proto=0.4647  min_dist=4.23  mean_dist=11.50
  [sigreg+proto] epoch 3/5  sigreg=0.4595  proto=0.4738  min_dist=4.26  mean_dist=11.53
  [sigreg+proto] epoch 4/5  sigreg=0.4566  proto=0.3714  min_dist=4.29  mean_dist=11.56
  [sigreg+proto] epoch 5/5  sigreg=0.4810  proto=0.3686  min_dist=4.32  mean_dist=11.59
  round 1: pool=273 purity=0.663 k-hat=6 anchors=6  margin=0.9712  mean-anchor=0.9574  
    merged 11 -> 9 anchors
  [sigreg+proto] epoch 1/5  sigreg=0.4604  proto=0.2705  min_dist=3.11  mean_dist=11.51
  [sigreg+proto] epoch 2/5  sigreg=0.4761  proto=0.6871  min_dist=3.12  mean_dist=11.54
  [sigreg+proto] epoch 3/5  sigreg=0.4681  proto=0.5338  min_dist=3.13  mean_dist=11.57
  [sigreg+proto] epoch 4/5  sigreg=0.4672  proto=0.2997  min_dist=3.14  mean_dist=11.60
  [sigreg+proto] epoch 5/5  sigreg=0.4623  proto=0.4919  min_dist=3.16  mean_dist=11.63
  round 2: pool=239 purity=0.615 k-hat=5 anchors=9  margin=0.9729  mean-anchor=0.9579  
    [dist frozen     ] purity r1=0.663 r2=0.615  probe 0.794->0.794  eucl 0.938->0.938  perevt 0.639->0.639  drift 0.000
  [sigreg+proto] epoch 1/5  sigreg=0.5014  proto=0.2421  min_dist=4.20  mean_dist=11.46
  [sigreg+proto] epoch 2/5  sigreg=0.4798  proto=0.4902  min_dist=4.23  mean_dist=11.49
  [sigreg+proto] epoch 3/5  sigreg=0.4676  proto=0.5241  min_dist=4.26  mean_dist=11.53
  [sigreg+proto] epoch 4/5  sigreg=0.4621  proto=0.4306  min_dist=4.29  mean_dist=11.56
  [sigreg+proto] epoch 5/5  sigreg=0.4951  proto=0.4001  min_dist=4.32  mean_dist=11.58
  round 1: pool=273 purity=0.663 k-hat=6 anchors=6  margin=0.9694  mean-anchor=0.9557  
    merged 11 -> 7 anchors
  [sigreg+proto] epoch 1/5  sigreg=0.4829  proto=0.5931  min_dist=3.94  mean_dist=11.57
  [sigreg+proto] epoch 2/5  sigreg=0.4682  proto=0.3628  min_dist=3.96  mean_dist=11.60
  [sigreg+proto] epoch 3/5  sigreg=0.4831  proto=0.3739  min_dist=3.98  mean_dist=11.63
  [sigreg+proto] epoch 4/5  sigreg=0.5002  proto=0.4324  min_dist=3.99  mean_dist=11.66
  [sigreg+proto] epoch 5/5  sigreg=0.4990  proto=0.7142  min_dist=4.02  mean_dist=11.69
  round 2: pool=233 purity=0.605 k-hat=5 anchors=7  margin=0.9729  mean-anchor=0.9626  
    [dist corpus-norm] purity r1=0.663 r2=0.605  probe 0.794->0.797  eucl 0.938->0.939  perevt 0.639->0.641  drift 0.044
  [sigreg+proto] epoch 1/5  sigreg=0.4705  proto=0.0523  min_dist=0.84  mean_dist=11.39
  [sigreg+proto] epoch 2/5  sigreg=0.4793  proto=0.2992  min_dist=0.88  mean_dist=11.42
  [sigreg+proto] epoch 3/5  sigreg=0.4744  proto=0.1358  min_dist=0.93  mean_dist=11.45
  [sigreg+proto] epoch 4/5  sigreg=0.4849  proto=0.0762  min_dist=0.98  mean_dist=11.48
  [sigreg+proto] epoch 5/5  sigreg=0.4779  proto=0.1178  min_dist=1.03  mean_dist=11.51
  round 1: pool=214 purity=0.570 k-hat=5 anchors=5  margin=0.9617  mean-anchor=0.9234  
    merged 9 -> 5 anchors
  [sigreg+proto] epoch 1/5  sigreg=0.4799  proto=0.1303  min_dist=1.08  mean_dist=11.54
  [sigreg+proto] epoch 2/5  sigreg=0.4797  proto=0.1658  min_dist=1.14  mean_dist=11.57
  [sigreg+proto] epoch 3/5  sigreg=0.4742  proto=0.2351  min_dist=1.19  mean_dist=11.60
  [sigreg+proto] epoch 4/5  sigreg=0.4739  proto=0.1303  min_dist=1.24  mean_dist=11.63
  [sigreg+proto] epoch 5/5  sigreg=0.4792  proto=0.3597  min_dist=1.29  mean_dist=11.66
  round 2: pool=217 purity=0.576 k-hat=4 anchors=5  margin=0.9636  mean-anchor=0.9237  
    [np   frozen     ] purity r1=0.570 r2=0.576  probe 0.794->0.794  eucl 0.938->0.938  perevt 0.639->0.639  drift 0.000
  [sigreg+proto] epoch 1/5  sigreg=0.5002  proto=0.0828  min_dist=0.84  mean_dist=11.39
  [sigreg+proto] epoch 2/5  sigreg=0.4865  proto=0.3506  min_dist=0.88  mean_dist=11.42
  [sigreg+proto] epoch 3/5  sigreg=0.4779  proto=0.1712  min_dist=0.93  mean_dist=11.45
  [sigreg+proto] epoch 4/5  sigreg=0.4855  proto=0.0972  min_dist=0.98  mean_dist=11.48
  [sigreg+proto] epoch 5/5  sigreg=0.4907  proto=0.1401  min_dist=1.03  mean_dist=11.51
  round 1: pool=214 purity=0.570 k-hat=5 anchors=5  margin=0.9614  mean-anchor=0.9231  
    merged 10 -> 8 anchors
  [sigreg+proto] epoch 1/5  sigreg=0.4839  proto=0.3019  min_dist=1.08  mean_dist=11.43
  [sigreg+proto] epoch 2/5  sigreg=0.4941  proto=0.2951  min_dist=1.14  mean_dist=11.46
  [sigreg+proto] epoch 3/5  sigreg=0.4827  proto=0.2546  min_dist=1.19  mean_dist=11.49
  [sigreg+proto] epoch 4/5  sigreg=0.4636  proto=0.3068  min_dist=1.24  mean_dist=11.52
  [sigreg+proto] epoch 5/5  sigreg=0.5115  proto=0.3068  min_dist=1.29  mean_dist=11.56
  round 2: pool=193 purity=0.523 k-hat=5 anchors=8  margin=0.9610  mean-anchor=0.9262  
    [np   corpus-norm] purity r1=0.570 r2=0.523  probe 0.794->0.797  eucl 0.938->0.938  perevt 0.639->0.634  drift 0.026

  --- ss-ft: pre probe=0.7406 eucl=0.9014 mahaT=0.9166 perevt=0.496   [archived unfrozen post probe 0.7426]
  [sigreg+proto] epoch 1/5  sigreg=0.2852  proto=1.4199  min_dist=2.70  mean_dist=16.84
  [sigreg+proto] epoch 2/5  sigreg=0.2931  proto=0.5981  min_dist=2.72  mean_dist=16.85
  [sigreg+proto] epoch 3/5  sigreg=0.2910  proto=0.5003  min_dist=2.74  mean_dist=16.87
  [sigreg+proto] epoch 4/5  sigreg=0.2778  proto=0.6831  min_dist=2.77  mean_dist=16.88
  [sigreg+proto] epoch 5/5  sigreg=0.2849  proto=1.0225  min_dist=2.79  mean_dist=16.89
  round 1: pool=260 purity=0.646 k-hat=12 anchors=12  margin=0.9597  mean-anchor=0.9811  
  [sigreg+proto] epoch 1/5  sigreg=0.3156  proto=1.5675  min_dist=2.84  mean_dist=16.55
  [sigreg+proto] epoch 2/5  sigreg=0.3106  proto=1.0603  min_dist=2.86  mean_dist=16.58
  [sigreg+proto] epoch 3/5  sigreg=0.3003  proto=1.4059  min_dist=2.88  mean_dist=16.59
  [sigreg+proto] epoch 4/5  sigreg=0.3133  proto=1.4043  min_dist=2.91  mean_dist=16.61
  [sigreg+proto] epoch 5/5  sigreg=0.3188  proto=1.4704  min_dist=2.93  mean_dist=16.63
  round 2: pool=136 purity=0.324 k-hat=10 anchors=22  margin=0.9546  mean-anchor=0.9814  
    [dist frozen     ] purity r1=0.646 r2=0.324  probe 0.741->0.741  eucl 0.901->0.901  perevt 0.496->0.496  drift 0.000
  [sigreg+proto] epoch 1/5  sigreg=0.3078  proto=1.7233  min_dist=2.70  mean_dist=16.84
  [sigreg+proto] epoch 2/5  sigreg=0.3180  proto=0.7071  min_dist=2.72  mean_dist=16.85
  [sigreg+proto] epoch 3/5  sigreg=0.3277  proto=0.6453  min_dist=2.74  mean_dist=16.86
  [sigreg+proto] epoch 4/5  sigreg=0.3033  proto=0.7704  min_dist=2.76  mean_dist=16.87
  [sigreg+proto] epoch 5/5  sigreg=0.3138  proto=1.1582  min_dist=2.79  mean_dist=16.88
  round 1: pool=260 purity=0.646 k-hat=12 anchors=12  margin=0.9591  mean-anchor=0.9810  
  [sigreg+proto] epoch 1/5  sigreg=0.3592  proto=1.2682  min_dist=2.82  mean_dist=16.53
  [sigreg+proto] epoch 2/5  sigreg=0.3372  proto=1.1287  min_dist=2.84  mean_dist=16.55
  [sigreg+proto] epoch 3/5  sigreg=0.3244  proto=1.6107  min_dist=2.86  mean_dist=16.57
  [sigreg+proto] epoch 4/5  sigreg=0.3287  proto=1.3915  min_dist=2.88  mean_dist=16.58
  [sigreg+proto] epoch 5/5  sigreg=0.3415  proto=1.4626  min_dist=2.90  mean_dist=16.60
  round 2: pool=135 purity=0.319 k-hat=10 anchors=22  margin=0.9523  mean-anchor=0.9790  
    [dist corpus-norm] purity r1=0.646 r2=0.319  probe 0.741->0.753  eucl 0.901->0.902  perevt 0.496->0.504  drift 0.042
  [sigreg+proto] epoch 1/5  sigreg=0.3035  proto=0.2264  min_dist=4.20  mean_dist=17.21
  [sigreg+proto] epoch 2/5  sigreg=0.3000  proto=0.6557  min_dist=4.24  mean_dist=17.22
  [sigreg+proto] epoch 3/5  sigreg=0.2957  proto=0.7668  min_dist=4.28  mean_dist=17.22
  [sigreg+proto] epoch 4/5  sigreg=0.3033  proto=0.6900  min_dist=4.31  mean_dist=17.23
  [sigreg+proto] epoch 5/5  sigreg=0.3094  proto=0.3600  min_dist=4.35  mean_dist=17.24
  round 1: pool=205 purity=0.551 k-hat=5 anchors=5  margin=0.9441  mean-anchor=0.9239  
    merged 13 -> 11 anchors
  [sigreg+proto] epoch 1/5  sigreg=0.2942  proto=1.1225  min_dist=2.03  mean_dist=17.09
  [sigreg+proto] epoch 2/5  sigreg=0.2934  proto=1.0915  min_dist=2.06  mean_dist=17.10
  [sigreg+proto] epoch 3/5  sigreg=0.3034  proto=1.2013  min_dist=2.09  mean_dist=17.11
  [sigreg+proto] epoch 4/5  sigreg=0.2965  proto=0.9765  min_dist=2.12  mean_dist=17.12
  [sigreg+proto] epoch 5/5  sigreg=0.3036  proto=0.6885  min_dist=2.15  mean_dist=17.13
  round 2: pool=204 purity=0.549 k-hat=8 anchors=11  margin=0.9512  mean-anchor=0.9390  
    [np   frozen     ] purity r1=0.551 r2=0.549  probe 0.741->0.741  eucl 0.901->0.901  perevt 0.496->0.496  drift 0.000
  [sigreg+proto] epoch 1/5  sigreg=0.3520  proto=0.2723  min_dist=4.20  mean_dist=17.20
  [sigreg+proto] epoch 2/5  sigreg=0.3249  proto=0.8207  min_dist=4.24  mean_dist=17.21
  [sigreg+proto] epoch 3/5  sigreg=0.3171  proto=0.8887  min_dist=4.27  mean_dist=17.22
  [sigreg+proto] epoch 4/5  sigreg=0.3227  proto=0.7733  min_dist=4.31  mean_dist=17.22
  [sigreg+proto] epoch 5/5  sigreg=0.3422  proto=0.4059  min_dist=4.35  mean_dist=17.23
  round 1: pool=205 purity=0.551 k-hat=5 anchors=5  margin=0.9439  mean-anchor=0.9238  
    merged 10 -> 7 anchors
  [sigreg+proto] epoch 1/5  sigreg=0.3157  proto=1.3592  min_dist=4.38  mean_dist=17.14
  [sigreg+proto] epoch 2/5  sigreg=0.3430  proto=1.2494  min_dist=4.41  mean_dist=17.14
  [sigreg+proto] epoch 3/5  sigreg=0.3267  proto=1.2187  min_dist=4.45  mean_dist=17.15
  [sigreg+proto] epoch 4/5  sigreg=0.3361  proto=1.5786  min_dist=4.48  mean_dist=17.16
  [sigreg+proto] epoch 5/5  sigreg=0.3171  proto=0.9598  min_dist=4.51  mean_dist=17.16
  round 2: pool=209 purity=0.560 k-hat=5 anchors=7  margin=0.9558  mean-anchor=0.9405  
    [np   corpus-norm] purity r1=0.551 r2=0.560  probe 0.741->0.747  eucl 0.901->0.901  perevt 0.496->0.497  drift 0.031

  --- nplm-sup-ft: pre probe=0.6660 eucl=0.7121 mahaT=0.7420 perevt=0.106   [archived unfrozen post probe 0.5762]
  [sigreg+proto] epoch 1/5  sigreg=0.6590  proto=1.2684  min_dist=0.82  mean_dist=11.64
  [sigreg+proto] epoch 2/5  sigreg=0.6496  proto=0.9724  min_dist=0.87  mean_dist=11.66
  [sigreg+proto] epoch 3/5  sigreg=0.6568  proto=0.8106  min_dist=0.92  mean_dist=11.68
  [sigreg+proto] epoch 4/5  sigreg=0.6543  proto=0.9866  min_dist=0.96  mean_dist=11.70
  [sigreg+proto] epoch 5/5  sigreg=0.6412  proto=1.0520  min_dist=1.01  mean_dist=11.72
  round 1: pool=133 purity=0.308 k-hat=3 anchors=3  margin=0.6773  mean-anchor=0.7738  
    merged 8 -> 4 anchors
  [sigreg+proto] epoch 1/5  sigreg=0.6468  proto=0.8529  min_dist=1.06  mean_dist=11.76
  [sigreg+proto] epoch 2/5  sigreg=0.6768  proto=0.8440  min_dist=1.11  mean_dist=11.78
  [sigreg+proto] epoch 3/5  sigreg=0.6561  proto=0.9568  min_dist=1.16  mean_dist=11.80
  [sigreg+proto] epoch 4/5  sigreg=0.6520  proto=1.0112  min_dist=1.21  mean_dist=11.83
  [sigreg+proto] epoch 5/5  sigreg=0.6464  proto=1.1032  min_dist=1.25  mean_dist=11.85
  round 2: pool=126 purity=0.270 k-hat=5 anchors=4  margin=0.6836  mean-anchor=0.7928  
    [dist frozen     ] purity r1=0.308 r2=0.270  probe 0.666->0.666  eucl 0.712->0.712  perevt 0.106->0.106  drift 0.000
  [sigreg+proto] epoch 1/5  sigreg=0.6733  proto=2.1172  min_dist=0.82  mean_dist=11.64
  [sigreg+proto] epoch 2/5  sigreg=0.6600  proto=1.4399  min_dist=0.87  mean_dist=11.66
  [sigreg+proto] epoch 3/5  sigreg=0.6660  proto=1.0342  min_dist=0.91  mean_dist=11.68
  [sigreg+proto] epoch 4/5  sigreg=0.6610  proto=1.4878  min_dist=0.96  mean_dist=11.70
  [sigreg+proto] epoch 5/5  sigreg=0.6980  proto=2.2890  min_dist=1.01  mean_dist=11.72
  round 1: pool=133 purity=0.308 k-hat=3 anchors=3  margin=0.6853  mean-anchor=0.7808  
    merged 8 -> 6 anchors
  [sigreg+proto] epoch 1/5  sigreg=0.7072  proto=2.0919  min_dist=1.06  mean_dist=12.25
  [sigreg+proto] epoch 2/5  sigreg=0.6987  proto=2.1499  min_dist=1.10  mean_dist=12.27
  [sigreg+proto] epoch 3/5  sigreg=0.6692  proto=0.9606  min_dist=1.15  mean_dist=12.29
  [sigreg+proto] epoch 4/5  sigreg=0.6644  proto=1.2113  min_dist=1.20  mean_dist=12.31
  [sigreg+proto] epoch 5/5  sigreg=0.7223  proto=2.3238  min_dist=1.24  mean_dist=12.33
  round 2: pool=130 purity=0.292 k-hat=5 anchors=6  margin=0.6825  mean-anchor=0.7919  
    [dist corpus-norm] purity r1=0.308 r2=0.292  probe 0.666->0.675  eucl 0.712->0.715  perevt 0.106->0.106  drift 0.039
  [sigreg+proto] epoch 1/5  sigreg=0.6706  proto=0.8365  min_dist=0.82  mean_dist=11.60
  [sigreg+proto] epoch 2/5  sigreg=0.6591  proto=0.7705  min_dist=0.87  mean_dist=11.62
  [sigreg+proto] epoch 3/5  sigreg=0.6540  proto=0.8354  min_dist=0.92  mean_dist=11.64
  [sigreg+proto] epoch 4/5  sigreg=0.6725  proto=0.7476  min_dist=0.96  mean_dist=11.66
  [sigreg+proto] epoch 5/5  sigreg=0.6685  proto=0.7739  min_dist=1.01  mean_dist=11.69
  round 1: pool=198 purity=0.535 k-hat=3 anchors=3  margin=0.8825  mean-anchor=0.8444  
    merged 6 -> 3 anchors
  [sigreg+proto] epoch 1/5  sigreg=0.6612  proto=0.8525  min_dist=1.06  mean_dist=11.71
  [sigreg+proto] epoch 2/5  sigreg=0.6735  proto=0.7130  min_dist=1.11  mean_dist=11.73
  [sigreg+proto] epoch 3/5  sigreg=0.6670  proto=0.7892  min_dist=1.15  mean_dist=11.75
  [sigreg+proto] epoch 4/5  sigreg=0.6763  proto=0.7012  min_dist=1.20  mean_dist=11.77
  [sigreg+proto] epoch 5/5  sigreg=0.6681  proto=0.7490  min_dist=1.25  mean_dist=11.79
  round 2: pool=188 purity=0.511 k-hat=3 anchors=3  margin=0.8811  mean-anchor=0.8454  
    [np   frozen     ] purity r1=0.535 r2=0.511  probe 0.666->0.666  eucl 0.712->0.712  perevt 0.106->0.106  drift 0.000
  [sigreg+proto] epoch 1/5  sigreg=0.6666  proto=1.0540  min_dist=0.82  mean_dist=11.60
  [sigreg+proto] epoch 2/5  sigreg=0.6840  proto=1.3531  min_dist=0.87  mean_dist=11.62
  [sigreg+proto] epoch 3/5  sigreg=0.6692  proto=1.4565  min_dist=0.92  mean_dist=11.64
  [sigreg+proto] epoch 4/5  sigreg=0.6992  proto=1.3955  min_dist=0.96  mean_dist=11.66
  [sigreg+proto] epoch 5/5  sigreg=0.6923  proto=1.6874  min_dist=1.01  mean_dist=11.68
  round 1: pool=198 purity=0.535 k-hat=3 anchors=3  margin=0.8813  mean-anchor=0.8370  
    merged 6 -> 4 anchors
  [sigreg+proto] epoch 1/5  sigreg=0.6818  proto=1.4956  min_dist=1.05  mean_dist=11.68
  [sigreg+proto] epoch 2/5  sigreg=0.6755  proto=1.8735  min_dist=1.10  mean_dist=11.71
  [sigreg+proto] epoch 3/5  sigreg=0.7390  proto=3.4351  min_dist=1.15  mean_dist=11.72
  [sigreg+proto] epoch 4/5  sigreg=0.7022  proto=2.5751  min_dist=1.20  mean_dist=11.74
  [sigreg+proto] epoch 5/5  sigreg=0.6603  proto=1.2779  min_dist=1.24  mean_dist=11.76
  round 2: pool=184 purity=0.500 k-hat=3 anchors=4  margin=0.8881  mean-anchor=0.8564  
    [np   corpus-norm] purity r1=0.535 r2=0.500  probe 0.666->0.672  eucl 0.712->0.710  perevt 0.106->0.106  drift 0.027

===== EXP135 SUMMARY (paired frozen vs corpus-norm; gate 0.15) =====
  cell|arm|scorer                              r1  r2 frz   r2 cn    d r2    probe frz/cn  drift
  flowers:visreg|supcon-ft|dist             0.663   0.615   0.605  -0.010   0.794/0.797    0.044
  flowers:visreg|supcon-ft|np               0.570   0.576   0.523  -0.053   0.794/0.797    0.026
  flowers:visreg|ss-ft|dist                 0.646   0.324   0.319  -0.005   0.741/0.753    0.042
  flowers:visreg|ss-ft|np                   0.551   0.549   0.560  +0.011   0.741/0.747    0.031
  flowers:visreg|nplm-sup-ft|dist           0.308   0.270   0.292  +0.022   0.666/0.675    0.039
  flowers:visreg|nplm-sup-ft|np             0.535   0.511   0.500  -0.011   0.666/0.672    0.027

wrote logs/exp135/corpus_norm_flowers-visreg.json
EXP135 DONE.
