/home/pharris/venv/lib64/python3.9/site-packages/networkx/utils/backends.py:135: RuntimeWarning: networkx backend defined more than once: nx-loopback
  backends.update(_get_backends("networkx.backends"))

######## galaxy10:visreg_h1_d3: holdouts=[6] ########

  --- frozen: pre probe=0.8708 eucl=0.5980 mahaT=0.5667 perevt=0.105
  [sigreg+proto] epoch 1/5  sigreg=0.1910  proto=60.2705  min_dist=4.85  mean_dist=24.79
  [sigreg+proto] epoch 2/5  sigreg=0.1921  proto=58.8389  min_dist=4.93  mean_dist=24.78
  [sigreg+proto] epoch 3/5  sigreg=0.1831  proto=61.0354  min_dist=5.00  mean_dist=24.77
  [sigreg+proto] epoch 4/5  sigreg=0.1891  proto=59.6990  min_dist=5.07  mean_dist=24.75
  [sigreg+proto] epoch 5/5  sigreg=0.1758  proto=56.9283  min_dist=5.14  mean_dist=24.74
  round 1: pool=102 purity=0.216 k-hat=4 anchors=4  margin=0.6245  mean-anchor=0.6381  6=0.638
  [sigreg+proto] epoch 1/5  sigreg=0.2247  proto=50.5762  min_dist=5.23  mean_dist=26.38
  [sigreg+proto] epoch 2/5  sigreg=0.2080  proto=45.2818  min_dist=5.31  mean_dist=26.36
  [sigreg+proto] epoch 3/5  sigreg=0.2331  proto=46.5435  min_dist=5.39  mean_dist=26.35
  [sigreg+proto] epoch 4/5  sigreg=0.2246  proto=51.1912  min_dist=5.47  mean_dist=26.34
  [sigreg+proto] epoch 5/5  sigreg=0.2223  proto=49.2081  min_dist=5.55  mean_dist=26.33
  round 2: pool=91 purity=0.121 k-hat=4 anchors=8  margin=0.6261  mean-anchor=0.5729  6=0.573
    [dist frozen     ] purity r1=0.216 r2=0.121  probe 0.871->0.871  eucl 0.598->0.598  perevt 0.105->0.105  drift 0.000
  [sigreg+proto] epoch 1/5  sigreg=0.2335  proto=40.2727  min_dist=4.80  mean_dist=24.76
  [sigreg+proto] epoch 2/5  sigreg=0.2375  proto=42.7329  min_dist=4.85  mean_dist=24.73
  [sigreg+proto] epoch 3/5  sigreg=0.2301  proto=42.9490  min_dist=4.90  mean_dist=24.70
  [sigreg+proto] epoch 4/5  sigreg=0.2376  proto=43.5159  min_dist=4.94  mean_dist=24.66
  [sigreg+proto] epoch 5/5  sigreg=0.2272  proto=41.9108  min_dist=4.99  mean_dist=24.63
  round 1: pool=102 purity=0.216 k-hat=4 anchors=4  margin=0.6184  mean-anchor=0.6582  6=0.658
  [sigreg+proto] epoch 1/5  sigreg=0.2811  proto=33.5081  min_dist=5.06  mean_dist=25.65
  [sigreg+proto] epoch 2/5  sigreg=0.2818  proto=29.8072  min_dist=5.12  mean_dist=25.63
  [sigreg+proto] epoch 3/5  sigreg=0.2820  proto=30.1000  min_dist=5.18  mean_dist=25.61
  [sigreg+proto] epoch 4/5  sigreg=0.2778  proto=33.7230  min_dist=5.24  mean_dist=25.60
  [sigreg+proto] epoch 5/5  sigreg=0.2803  proto=33.4272  min_dist=5.30  mean_dist=25.57
  round 2: pool=94 purity=0.149 k-hat=4 anchors=8  margin=0.6320  mean-anchor=0.5729  6=0.573
    [dist corpus-norm] purity r1=0.216 r2=0.149  probe 0.871->0.904  eucl 0.598->0.596  perevt 0.105->0.101  drift 0.263
  [sigreg+proto] epoch 1/5  sigreg=0.1536  proto=53.4690  min_dist=4.88  mean_dist=17.61
  [sigreg+proto] epoch 2/5  sigreg=0.1663  proto=54.4836  min_dist=4.98  mean_dist=17.61
  [sigreg+proto] epoch 3/5  sigreg=0.1602  proto=49.5501  min_dist=5.09  mean_dist=17.61
  [sigreg+proto] epoch 4/5  sigreg=0.1595  proto=51.2633  min_dist=5.19  mean_dist=17.61
  [sigreg+proto] epoch 5/5  sigreg=0.1553  proto=50.3031  min_dist=5.29  mean_dist=17.61
  round 1: pool=168 purity=0.524 k-hat=3 anchors=3  margin=0.7784  mean-anchor=0.6006  6=0.601
    merged 7 -> 6 anchors
  [sigreg+proto] epoch 1/5  sigreg=0.1745  proto=44.6360  min_dist=5.36  mean_dist=18.18
  [sigreg+proto] epoch 2/5  sigreg=0.1754  proto=42.8083  min_dist=5.43  mean_dist=18.18
  [sigreg+proto] epoch 3/5  sigreg=0.1767  proto=42.2598  min_dist=5.51  mean_dist=18.19
  [sigreg+proto] epoch 4/5  sigreg=0.1745  proto=41.5486  min_dist=5.58  mean_dist=18.20
  [sigreg+proto] epoch 5/5  sigreg=0.1820  proto=42.6198  min_dist=5.66  mean_dist=18.21
  round 2: pool=168 purity=0.524 k-hat=4 anchors=6  margin=0.7822  mean-anchor=0.5942  6=0.594
    [np   frozen     ] purity r1=0.524 r2=0.524  probe 0.871->0.871  eucl 0.598->0.598  perevt 0.105->0.105  drift 0.000
  [sigreg+proto] epoch 1/5  sigreg=0.1603  proto=53.4316  min_dist=4.87  mean_dist=17.60
  [sigreg+proto] epoch 2/5  sigreg=0.1725  proto=53.7250  min_dist=4.97  mean_dist=17.59
  [sigreg+proto] epoch 3/5  sigreg=0.1663  proto=50.2487  min_dist=5.07  mean_dist=17.58
  [sigreg+proto] epoch 4/5  sigreg=0.1659  proto=50.7676  min_dist=5.15  mean_dist=17.58
  [sigreg+proto] epoch 5/5  sigreg=0.1607  proto=50.0752  min_dist=5.24  mean_dist=17.57
  round 1: pool=168 purity=0.524 k-hat=3 anchors=3  margin=0.7770  mean-anchor=0.6240  6=0.624
  [sigreg+proto] epoch 1/5  sigreg=0.2064  proto=44.2198  min_dist=4.89  mean_dist=19.16
  [sigreg+proto] epoch 2/5  sigreg=0.2070  proto=43.5773  min_dist=4.86  mean_dist=19.16
  [sigreg+proto] epoch 3/5  sigreg=0.2103  proto=39.7943  min_dist=4.83  mean_dist=19.16
  [sigreg+proto] epoch 4/5  sigreg=0.2061  proto=41.9498  min_dist=4.80  mean_dist=19.16
  [sigreg+proto] epoch 5/5  sigreg=0.2086  proto=38.1353  min_dist=4.78  mean_dist=19.16
  round 2: pool=166 purity=0.518 k-hat=4 anchors=7  margin=0.7661  mean-anchor=0.6095  6=0.610
    [np   corpus-norm] purity r1=0.524 r2=0.518  probe 0.871->0.902  eucl 0.598->0.595  perevt 0.105->0.104  drift 0.134

===== EXP135 SUMMARY_h1_d3 (paired frozen vs corpus-norm; gate 0.15) =====
  cell|arm|scorer                              r1  r2 frz   r2 cn    d r2    probe frz/cn  drift
  galaxy10:visreg|frozen|dist             0.216   0.121   0.149  +0.028   0.871/0.904    0.263
  galaxy10:visreg|frozen|np               0.524   0.524   0.518  -0.006   0.871/0.902    0.134

wrote logs/exp135/corpus_norm_galaxy10-visreg_frozen_h1_d3.json
EXP135 DONE.
