/home/pharris/venv/lib64/python3.9/site-packages/networkx/utils/backends.py:135: RuntimeWarning: networkx backend defined more than once: nx-loopback
  backends.update(_get_backends("networkx.backends"))

######## dtd:dino: holdouts=[37, 38, 39, 40]... ########
Using cache found in /home/pharris/.cache/torch/hub/facebookresearch_dino_main

  --- supcon-ft: pre probe=0.7800 eucl=0.7363 mahaT=0.7091 perevt=0.095   [archived unfrozen post probe 0.8112]
  [sigreg+proto] epoch 1/5  sigreg=0.2553  proto=2.2996  min_dist=4.42  mean_dist=13.60
  [sigreg+proto] epoch 2/5  sigreg=0.2571  proto=2.0077  min_dist=4.46  mean_dist=13.63
  [sigreg+proto] epoch 3/5  sigreg=0.2542  proto=2.2031  min_dist=4.50  mean_dist=13.66
  [sigreg+proto] epoch 4/5  sigreg=0.2563  proto=2.2799  min_dist=4.54  mean_dist=13.69
  [sigreg+proto] epoch 5/5  sigreg=0.2445  proto=2.4863  min_dist=4.58  mean_dist=13.72
  round 1: pool=345 purity=0.571 k-hat=9 anchors=9  margin=0.8152  mean-anchor=0.8508  
  [sigreg+proto] epoch 1/5  sigreg=0.2747  proto=2.9372  min_dist=3.33  mean_dist=13.87
  [sigreg+proto] epoch 2/5  sigreg=0.2815  proto=2.7209  min_dist=3.36  mean_dist=13.90
  [sigreg+proto] epoch 3/5  sigreg=0.2658  proto=2.7601  min_dist=3.38  mean_dist=13.94
  [sigreg+proto] epoch 4/5  sigreg=0.2641  proto=2.9576  min_dist=3.41  mean_dist=13.97
  [sigreg+proto] epoch 5/5  sigreg=0.2648  proto=2.1274  min_dist=3.43  mean_dist=14.00
  round 2: pool=246 purity=0.398 k-hat=12 anchors=21  margin=0.8072  mean-anchor=0.8873  
    [dist frozen     ] purity r1=0.571 r2=0.398  probe 0.780->0.780  eucl 0.736->0.736  perevt 0.095->0.095  drift 0.000
  [sigreg+proto] epoch 1/5  sigreg=0.2806  proto=2.5191  min_dist=4.43  mean_dist=13.60
  [sigreg+proto] epoch 2/5  sigreg=0.2789  proto=2.2192  min_dist=4.46  mean_dist=13.62
  [sigreg+proto] epoch 3/5  sigreg=0.2744  proto=2.3723  min_dist=4.50  mean_dist=13.65
  [sigreg+proto] epoch 4/5  sigreg=0.2820  proto=2.4771  min_dist=4.53  mean_dist=13.68
  [sigreg+proto] epoch 5/5  sigreg=0.2722  proto=2.6628  min_dist=4.57  mean_dist=13.70
  round 1: pool=345 purity=0.571 k-hat=9 anchors=9  margin=0.8157  mean-anchor=0.8530  
  [sigreg+proto] epoch 1/5  sigreg=0.3003  proto=3.6020  min_dist=3.13  mean_dist=13.49
  [sigreg+proto] epoch 2/5  sigreg=0.3051  proto=3.0816  min_dist=3.18  mean_dist=13.52
  [sigreg+proto] epoch 3/5  sigreg=0.2961  proto=2.9634  min_dist=3.22  mean_dist=13.55
  [sigreg+proto] epoch 4/5  sigreg=0.3145  proto=3.5252  min_dist=3.27  mean_dist=13.58
  [sigreg+proto] epoch 5/5  sigreg=0.2828  proto=2.9615  min_dist=3.31  mean_dist=13.60
  round 2: pool=268 purity=0.448 k-hat=12 anchors=21  margin=0.8185  mean-anchor=0.8837  
    [dist corpus-norm] purity r1=0.571 r2=0.448  probe 0.780->0.780  eucl 0.736->0.738  perevt 0.095->0.095  drift 0.070
  [sigreg+proto] epoch 1/5  sigreg=0.2596  proto=0.7225  min_dist=4.40  mean_dist=12.69
  [sigreg+proto] epoch 2/5  sigreg=0.2576  proto=0.6638  min_dist=4.42  mean_dist=12.73
  [sigreg+proto] epoch 3/5  sigreg=0.2690  proto=0.6863  min_dist=4.44  mean_dist=12.77
  [sigreg+proto] epoch 4/5  sigreg=0.2628  proto=0.6447  min_dist=4.46  mean_dist=12.81
  [sigreg+proto] epoch 5/5  sigreg=0.2642  proto=0.6708  min_dist=4.48  mean_dist=12.85
  round 1: pool=507 purity=0.708 k-hat=7 anchors=7  margin=0.8297  mean-anchor=0.8328  
    merged 13 -> 8 anchors
  [sigreg+proto] epoch 1/5  sigreg=0.2597  proto=0.7497  min_dist=3.91  mean_dist=12.77
  [sigreg+proto] epoch 2/5  sigreg=0.2605  proto=0.9240  min_dist=3.93  mean_dist=12.81
  [sigreg+proto] epoch 3/5  sigreg=0.2600  proto=0.8143  min_dist=3.95  mean_dist=12.86
  [sigreg+proto] epoch 4/5  sigreg=0.2651  proto=0.8592  min_dist=3.96  mean_dist=12.90
  [sigreg+proto] epoch 5/5  sigreg=0.2612  proto=0.7988  min_dist=3.98  mean_dist=12.94
  round 2: pool=502 purity=0.705 k-hat=6 anchors=8  margin=0.8307  mean-anchor=0.8308  
    [np   frozen     ] purity r1=0.708 r2=0.705  probe 0.780->0.780  eucl 0.736->0.736  perevt 0.095->0.095  drift 0.000
  [sigreg+proto] epoch 1/5  sigreg=0.2617  proto=0.8064  min_dist=4.40  mean_dist=12.69
  [sigreg+proto] epoch 2/5  sigreg=0.2668  proto=0.7666  min_dist=4.42  mean_dist=12.73
  [sigreg+proto] epoch 3/5  sigreg=0.2725  proto=0.8524  min_dist=4.43  mean_dist=12.76
  [sigreg+proto] epoch 4/5  sigreg=0.2720  proto=0.6942  min_dist=4.45  mean_dist=12.80
  [sigreg+proto] epoch 5/5  sigreg=0.2659  proto=0.7659  min_dist=4.46  mean_dist=12.84
  round 1: pool=507 purity=0.708 k-hat=7 anchors=7  margin=0.8275  mean-anchor=0.8293  
    merged 14 -> 8 anchors
  [sigreg+proto] epoch 1/5  sigreg=0.2667  proto=0.9087  min_dist=3.84  mean_dist=12.79
  [sigreg+proto] epoch 2/5  sigreg=0.2662  proto=1.0394  min_dist=3.88  mean_dist=12.83
  [sigreg+proto] epoch 3/5  sigreg=0.2685  proto=0.9154  min_dist=3.91  mean_dist=12.87
  [sigreg+proto] epoch 4/5  sigreg=0.2707  proto=0.9164  min_dist=3.94  mean_dist=12.91
  [sigreg+proto] epoch 5/5  sigreg=0.2773  proto=0.8909  min_dist=3.98  mean_dist=12.95
  round 2: pool=506 purity=0.708 k-hat=7 anchors=8  margin=0.8321  mean-anchor=0.8351  
    [np   corpus-norm] purity r1=0.708 r2=0.708  probe 0.780->0.780  eucl 0.736->0.734  perevt 0.095->0.092  drift 0.040
Using cache found in /home/pharris/.cache/torch/hub/facebookresearch_dino_main

  --- ss-ft: pre probe=0.7803 eucl=0.7580 mahaT=0.7492 perevt=0.128   [archived unfrozen post probe 0.7850]
  [sigreg+proto] epoch 1/5  sigreg=0.3016  proto=1.1080  min_dist=3.00  mean_dist=9.60
  [sigreg+proto] epoch 2/5  sigreg=0.2982  proto=1.1396  min_dist=3.06  mean_dist=9.65
  [sigreg+proto] epoch 3/5  sigreg=0.2992  proto=0.9353  min_dist=3.11  mean_dist=9.69
  [sigreg+proto] epoch 4/5  sigreg=0.2929  proto=1.1471  min_dist=3.17  mean_dist=9.74
  [sigreg+proto] epoch 5/5  sigreg=0.3113  proto=0.9339  min_dist=3.22  mean_dist=9.79
  round 1: pool=417 purity=0.645 k-hat=7 anchors=7  margin=0.8406  mean-anchor=0.8934  
    merged 13 -> 11 anchors
  [sigreg+proto] epoch 1/5  sigreg=0.3005  proto=1.1809  min_dist=3.27  mean_dist=9.63
  [sigreg+proto] epoch 2/5  sigreg=0.2934  proto=1.2027  min_dist=3.32  mean_dist=9.67
  [sigreg+proto] epoch 3/5  sigreg=0.2987  proto=1.1526  min_dist=3.35  mean_dist=9.72
  [sigreg+proto] epoch 4/5  sigreg=0.2942  proto=1.3286  min_dist=3.37  mean_dist=9.77
  [sigreg+proto] epoch 5/5  sigreg=0.3007  proto=1.1826  min_dist=3.40  mean_dist=9.82
  round 2: pool=257 purity=0.424 k-hat=6 anchors=11  margin=0.8318  mean-anchor=0.8941  
    [dist frozen     ] purity r1=0.645 r2=0.424  probe 0.780->0.780  eucl 0.758->0.758  perevt 0.128->0.128  drift 0.000
  [sigreg+proto] epoch 1/5  sigreg=0.3171  proto=1.1518  min_dist=3.00  mean_dist=9.60
  [sigreg+proto] epoch 2/5  sigreg=0.3177  proto=1.2266  min_dist=3.06  mean_dist=9.65
  [sigreg+proto] epoch 3/5  sigreg=0.3171  proto=1.0351  min_dist=3.11  mean_dist=9.69
  [sigreg+proto] epoch 4/5  sigreg=0.3185  proto=1.2196  min_dist=3.17  mean_dist=9.74
  [sigreg+proto] epoch 5/5  sigreg=0.3253  proto=1.0099  min_dist=3.22  mean_dist=9.79
  round 1: pool=417 purity=0.645 k-hat=7 anchors=7  margin=0.8394  mean-anchor=0.8941  
    merged 14 -> 12 anchors
  [sigreg+proto] epoch 1/5  sigreg=0.3269  proto=1.3526  min_dist=2.52  mean_dist=9.62
  [sigreg+proto] epoch 2/5  sigreg=0.3173  proto=1.5009  min_dist=2.58  mean_dist=9.67
  [sigreg+proto] epoch 3/5  sigreg=0.3186  proto=1.5373  min_dist=2.65  mean_dist=9.72
  [sigreg+proto] epoch 4/5  sigreg=0.3288  proto=1.4795  min_dist=2.71  mean_dist=9.76
  [sigreg+proto] epoch 5/5  sigreg=0.3249  proto=1.2431  min_dist=2.77  mean_dist=9.81
  round 2: pool=280 purity=0.471 k-hat=7 anchors=12  margin=0.8366  mean-anchor=0.8972  
    [dist corpus-norm] purity r1=0.645 r2=0.471  probe 0.780->0.780  eucl 0.758->0.760  perevt 0.128->0.135  drift 0.064
  [sigreg+proto] epoch 1/5  sigreg=0.3165  proto=0.4983  min_dist=3.10  mean_dist=9.45
  [sigreg+proto] epoch 2/5  sigreg=0.3147  proto=0.5068  min_dist=3.15  mean_dist=9.50
  [sigreg+proto] epoch 3/5  sigreg=0.3234  proto=0.5831  min_dist=3.20  mean_dist=9.55
  [sigreg+proto] epoch 4/5  sigreg=0.3183  proto=0.5450  min_dist=3.25  mean_dist=9.60
  [sigreg+proto] epoch 5/5  sigreg=0.3164  proto=0.5462  min_dist=3.30  mean_dist=9.64
  round 1: pool=519 purity=0.715 k-hat=6 anchors=6  margin=0.8511  mean-anchor=0.8795  
    merged 12 -> 7 anchors
  [sigreg+proto] epoch 1/5  sigreg=0.3199  proto=0.6373  min_dist=3.36  mean_dist=9.62
  [sigreg+proto] epoch 2/5  sigreg=0.3206  proto=0.6391  min_dist=3.41  mean_dist=9.67
  [sigreg+proto] epoch 3/5  sigreg=0.3173  proto=0.5890  min_dist=3.46  mean_dist=9.72
  [sigreg+proto] epoch 4/5  sigreg=0.3154  proto=0.7079  min_dist=3.51  mean_dist=9.77
  [sigreg+proto] epoch 5/5  sigreg=0.3194  proto=0.6295  min_dist=3.56  mean_dist=9.82
  round 2: pool=519 purity=0.715 k-hat=6 anchors=7  margin=0.8509  mean-anchor=0.8802  
    [np   frozen     ] purity r1=0.715 r2=0.715  probe 0.780->0.780  eucl 0.758->0.758  perevt 0.128->0.128  drift 0.000
  [sigreg+proto] epoch 1/5  sigreg=0.3228  proto=0.5574  min_dist=3.10  mean_dist=9.45
  [sigreg+proto] epoch 2/5  sigreg=0.3204  proto=0.5308  min_dist=3.15  mean_dist=9.50
  [sigreg+proto] epoch 3/5  sigreg=0.3267  proto=0.6782  min_dist=3.20  mean_dist=9.54
  [sigreg+proto] epoch 4/5  sigreg=0.3237  proto=0.6202  min_dist=3.25  mean_dist=9.59
  [sigreg+proto] epoch 5/5  sigreg=0.3268  proto=0.5993  min_dist=3.30  mean_dist=9.64
  round 1: pool=519 purity=0.715 k-hat=6 anchors=6  margin=0.8503  mean-anchor=0.8805  
    merged 11 -> 6 anchors
  [sigreg+proto] epoch 1/5  sigreg=0.3269  proto=0.5592  min_dist=3.35  mean_dist=9.67
  [sigreg+proto] epoch 2/5  sigreg=0.3294  proto=0.6408  min_dist=3.40  mean_dist=9.72
  [sigreg+proto] epoch 3/5  sigreg=0.3230  proto=0.5667  min_dist=3.45  mean_dist=9.77
  [sigreg+proto] epoch 4/5  sigreg=0.3235  proto=0.7047  min_dist=3.51  mean_dist=9.82
  [sigreg+proto] epoch 5/5  sigreg=0.3292  proto=0.6204  min_dist=3.56  mean_dist=9.87
  round 2: pool=526 purity=0.719 k-hat=5 anchors=6  margin=0.8508  mean-anchor=0.8792  
    [np   corpus-norm] purity r1=0.715 r2=0.719  probe 0.780->0.781  eucl 0.758->0.757  perevt 0.128->0.130  drift 0.038
Using cache found in /home/pharris/.cache/torch/hub/facebookresearch_dino_main

  --- nplm-sup-ft: pre probe=0.7073 eucl=0.5430 mahaT=0.5552 perevt=0.065   [archived unfrozen post probe 0.7805]
  [sigreg+proto] epoch 1/5  sigreg=0.7186  proto=2.7121  min_dist=0.31  mean_dist=2.43
  [sigreg+proto] epoch 2/5  sigreg=0.7205  proto=2.6621  min_dist=0.38  mean_dist=2.47
  [sigreg+proto] epoch 3/5  sigreg=0.7104  proto=2.6432  min_dist=0.44  mean_dist=2.51
  [sigreg+proto] epoch 4/5  sigreg=0.7189  proto=2.6564  min_dist=0.50  mean_dist=2.55
  [sigreg+proto] epoch 5/5  sigreg=0.7148  proto=2.5903  min_dist=0.55  mean_dist=2.59
  round 1: pool=212 purity=0.302 k-hat=1 anchors=1  margin=0.5785  mean-anchor=0.5611  
    merged 2 -> 1 anchors
  [sigreg+proto] epoch 1/5  sigreg=0.7156  proto=2.5840  min_dist=0.62  mean_dist=2.63
  [sigreg+proto] epoch 2/5  sigreg=0.7163  proto=2.6049  min_dist=0.69  mean_dist=2.67
  [sigreg+proto] epoch 3/5  sigreg=0.7174  proto=2.5833  min_dist=0.76  mean_dist=2.72
  [sigreg+proto] epoch 4/5  sigreg=0.7177  proto=2.5224  min_dist=0.82  mean_dist=2.76
  [sigreg+proto] epoch 5/5  sigreg=0.7171  proto=2.5139  min_dist=0.88  mean_dist=2.81
  round 2: pool=207 purity=0.285 k-hat=1 anchors=1  margin=0.5832  mean-anchor=0.5609  
    [dist frozen     ] purity r1=0.302 r2=0.285  probe 0.707->0.707  eucl 0.543->0.543  perevt 0.065->0.065  drift 0.000
  [sigreg+proto] epoch 1/5  sigreg=0.7197  proto=2.7262  min_dist=0.31  mean_dist=2.43
  [sigreg+proto] epoch 2/5  sigreg=0.7204  proto=2.6801  min_dist=0.38  mean_dist=2.47
  [sigreg+proto] epoch 3/5  sigreg=0.7183  proto=2.6796  min_dist=0.44  mean_dist=2.51
  [sigreg+proto] epoch 4/5  sigreg=0.7183  proto=2.6744  min_dist=0.50  mean_dist=2.55
  [sigreg+proto] epoch 5/5  sigreg=0.7206  proto=2.6221  min_dist=0.55  mean_dist=2.59
  round 1: pool=212 purity=0.302 k-hat=1 anchors=1  margin=0.5776  mean-anchor=0.5598  
    merged 2 -> 1 anchors
  [sigreg+proto] epoch 1/5  sigreg=0.7206  proto=2.6192  min_dist=0.62  mean_dist=2.63
  [sigreg+proto] epoch 2/5  sigreg=0.7201  proto=2.6232  min_dist=0.69  mean_dist=2.67
  [sigreg+proto] epoch 3/5  sigreg=0.7196  proto=2.5995  min_dist=0.76  mean_dist=2.72
  [sigreg+proto] epoch 4/5  sigreg=0.7219  proto=2.5463  min_dist=0.82  mean_dist=2.76
  [sigreg+proto] epoch 5/5  sigreg=0.7217  proto=2.5442  min_dist=0.88  mean_dist=2.81
  round 2: pool=206 purity=0.282 k-hat=1 anchors=1  margin=0.5830  mean-anchor=0.5610  
    [dist corpus-norm] purity r1=0.302 r2=0.282  probe 0.707->0.705  eucl 0.543->0.543  perevt 0.065->0.065  drift 0.033
  [sigreg+proto] epoch 1/5  sigreg=0.7226  proto=2.7285  min_dist=0.31  mean_dist=2.41
  [sigreg+proto] epoch 2/5  sigreg=0.7181  proto=2.6970  min_dist=0.38  mean_dist=2.45
  [sigreg+proto] epoch 3/5  sigreg=0.7201  proto=2.6685  min_dist=0.44  mean_dist=2.49
  [sigreg+proto] epoch 4/5  sigreg=0.7184  proto=2.6427  min_dist=0.50  mean_dist=2.52
  [sigreg+proto] epoch 5/5  sigreg=0.7174  proto=2.6395  min_dist=0.54  mean_dist=2.56
  round 1: pool=302 purity=0.510 k-hat=1 anchors=1  margin=0.6826  mean-anchor=0.5672  
    merged 2 -> 1 anchors
  [sigreg+proto] epoch 1/5  sigreg=0.7195  proto=2.6197  min_dist=0.62  mean_dist=2.61
  [sigreg+proto] epoch 2/5  sigreg=0.7227  proto=2.6026  min_dist=0.69  mean_dist=2.65
  [sigreg+proto] epoch 3/5  sigreg=0.7207  proto=2.6054  min_dist=0.75  mean_dist=2.70
  [sigreg+proto] epoch 4/5  sigreg=0.7214  proto=2.5740  min_dist=0.81  mean_dist=2.74
  [sigreg+proto] epoch 5/5  sigreg=0.7189  proto=2.5854  min_dist=0.87  mean_dist=2.79
  round 2: pool=337 purity=0.561 k-hat=1 anchors=1  margin=0.6824  mean-anchor=0.5707  
    [np   frozen     ] purity r1=0.510 r2=0.561  probe 0.707->0.707  eucl 0.543->0.543  perevt 0.065->0.065  drift 0.000
  [sigreg+proto] epoch 1/5  sigreg=0.7190  proto=2.7361  min_dist=0.31  mean_dist=2.41
  [sigreg+proto] epoch 2/5  sigreg=0.7186  proto=2.7115  min_dist=0.38  mean_dist=2.45
  [sigreg+proto] epoch 3/5  sigreg=0.7217  proto=2.6824  min_dist=0.44  mean_dist=2.49
  [sigreg+proto] epoch 4/5  sigreg=0.7211  proto=2.6616  min_dist=0.50  mean_dist=2.52
  [sigreg+proto] epoch 5/5  sigreg=0.7186  proto=2.6584  min_dist=0.54  mean_dist=2.56
  round 1: pool=302 purity=0.510 k-hat=1 anchors=1  margin=0.6826  mean-anchor=0.5682  
    merged 2 -> 1 anchors
  [sigreg+proto] epoch 1/5  sigreg=0.7195  proto=2.6384  min_dist=0.62  mean_dist=2.61
  [sigreg+proto] epoch 2/5  sigreg=0.7214  proto=2.6228  min_dist=0.68  mean_dist=2.65
  [sigreg+proto] epoch 3/5  sigreg=0.7188  proto=2.6217  min_dist=0.75  mean_dist=2.70
  [sigreg+proto] epoch 4/5  sigreg=0.7207  proto=2.5926  min_dist=0.81  mean_dist=2.74
  [sigreg+proto] epoch 5/5  sigreg=0.7193  proto=2.6032  min_dist=0.87  mean_dist=2.79
  round 2: pool=307 purity=0.518 k-hat=1 anchors=1  margin=0.6777  mean-anchor=0.5674  
    [np   corpus-norm] purity r1=0.510 r2=0.518  probe 0.707->0.707  eucl 0.543->0.542  perevt 0.065->0.065  drift 0.019

===== EXP135 SUMMARY (paired frozen vs corpus-norm; gate 0.15) =====
  cell|arm|scorer                              r1  r2 frz   r2 cn    d r2    probe frz/cn  drift
  dtd:dino|supcon-ft|dist                   0.571   0.398   0.448  +0.049   0.780/0.780    0.070
  dtd:dino|supcon-ft|np                     0.708   0.705   0.708  +0.002   0.780/0.780    0.040
  dtd:dino|ss-ft|dist                       0.645   0.424   0.471  +0.047   0.780/0.780    0.064
  dtd:dino|ss-ft|np                         0.715   0.715   0.719  +0.004   0.780/0.781    0.038
  dtd:dino|nplm-sup-ft|dist                 0.302   0.285   0.282  -0.003   0.707/0.705    0.033
  dtd:dino|nplm-sup-ft|np                   0.510   0.561   0.518  -0.043   0.707/0.707    0.019

wrote logs/exp135/corpus_norm_dtd-dino.json
EXP135 DONE.
