/home/pharris/venv/lib64/python3.9/site-packages/networkx/utils/backends.py:135: RuntimeWarning: networkx backend defined more than once: nx-loopback
  backends.update(_get_backends("networkx.backends"))
exp70 [galaxy10_lejepa_ft70_h1_d5] end-to-end ft suite, arms=['gcd-ft', 'gcd-sigreg-ft'], ft_epochs=20, emb=100, holdouts 5-5 EXCLUDED from ft
  ft corpus: 1568/1772 train images (holdout classes removed)

===== [gcd-ft] (supervised) =====
Fetching 37 files:   0%|          | 0/37 [00:00<?, ?it/s]Fetching 37 files: 100%|██████████| 37/37 [00:00<00:00, 132414.03it/s]
  gcd corpus: all 1772 train images, 204 unlabelled (held-out classes, label -1)
  [gcd-ft] epoch 1/20  main=3.4903  aux=0.0000
  [gcd-ft] epoch 5/20  main=3.0524  aux=0.0000
  [gcd-ft] epoch 10/20  main=2.8686  aux=0.0000
  [gcd-ft] epoch 15/20  main=2.6958  aux=0.0000
  [gcd-ft] epoch 20/20  main=2.6579  aux=0.0000
  extracted ft70_gcd-ft train: (1772, 768)
  extracted ft70_gcd-ft test: (15964, 768)
  [gcd-ft        ] probe=0.8840+-0.0010 acc=0.7638 supAUC=0.9621 eucl=0.7276 mahaT=0.8303 mahaPC=0.8358 lid=0.7884

===== [gcd-sigreg-ft] (supervised) =====
Fetching 37 files:   0%|          | 0/37 [00:00<?, ?it/s]Fetching 37 files: 100%|██████████| 37/37 [00:00<00:00, 25238.13it/s]
  gcd corpus: all 1772 train images, 204 unlabelled (held-out classes, label -1)
  [gcd-sigreg-ft] epoch 1/20  main=3.7309  aux=2.1475
  [gcd-sigreg-ft] epoch 5/20  main=3.3666  aux=0.8460
  [gcd-sigreg-ft] epoch 10/20  main=3.0887  aux=0.7115
  [gcd-sigreg-ft] epoch 15/20  main=2.9918  aux=0.6578
  [gcd-sigreg-ft] epoch 20/20  main=2.9792  aux=0.6383
  extracted ft70_gcd-sigreg-ft train: (1772, 768)
  extracted ft70_gcd-sigreg-ft test: (15964, 768)
  [gcd-sigreg-ft ] probe=0.8404+-0.0074 acc=0.7621 supAUC=0.9565 eucl=0.8263 mahaT=0.8164 mahaPC=0.7340 lid=0.6149

===== PRE table =====
  arm                        probe     acc  supAUC    eucl   mahaT  mahaPC
  gcd-ft             0.8840+-0.0010  0.7638  0.9621  0.7276  0.8303  0.8358
  gcd-sigreg-ft      0.8404+-0.0074  0.7621  0.9565  0.8263  0.8164  0.7340

===== gaussianity (seen classes, test set) =====
  metric                            gcd-ft gcd-sigreg-ft
  eig min (class cov)                0.000         0.000
  eig max (class cov)                2.246        16.411
  eig cond worst                  843821.5       68153.4
  class RMS min                      0.141         0.460
  class RMS mean                     0.159         0.598
  class RMS max                      0.190         0.784
  max |corr| (worst class)           0.985         0.959
  SW ratio mean                      26.10         21.68
  SW ratio worst                     48.70         54.23
  |skew| mean                        0.552         0.468
  |ex-kurt| mean                     1.165         0.812
  centroid dist min                   1.05          3.74
  centroid dist mean                  3.48          9.83
  separation (min d/RMS)              6.62          6.26

===== PRE power batteries =====
  [gcd-ft] per-event pre power=0.234
  [gcd-ft] sparker (annealed)
    pre-spk f=0.003: power=0.100 [0.058,0.162] (5/50)
    pre-spk f=0.01: power=0.140 [0.090,0.207] (7/50)
    pre-spk f=0.02: power=0.560 [0.480,0.638] (28/50)
    pre-spk f=0.05: power=1.000 [0.964,1.000] (50/50)
    pre-spk f=0.1: power=1.000 [0.964,1.000] (50/50)
  [gcd-ft] maha
    pre-maha f=0.003: power=0.160 [0.107,0.229] (8/50)
    pre-maha f=0.01: power=0.320 [0.249,0.399] (16/50)
    pre-maha f=0.02: power=0.860 [0.793,0.910] (43/50)
    pre-maha f=0.05: power=1.000 [0.964,1.000] (50/50)
    pre-maha f=0.1: power=1.000 [0.964,1.000] (50/50)
  [gcd-ft] mmd
    pre-mmd f=0.003: power=0.120 [0.074,0.184] (6/50)
    pre-mmd f=0.01: power=0.200 [0.141,0.273] (10/50)
    pre-mmd f=0.02: power=0.200 [0.141,0.273] (10/50)
    pre-mmd f=0.05: power=0.840 [0.771,0.893] (42/50)
    pre-mmd f=0.1: power=1.000 [0.964,1.000] (50/50)
  [gcd-sigreg-ft] per-event pre power=0.401
  [gcd-sigreg-ft] sparker (annealed)
    pre-spk f=0.003: power=0.040 [0.014,0.090] (2/50)
    pre-spk f=0.01: power=0.040 [0.014,0.090] (2/50)
    pre-spk f=0.02: power=0.200 [0.141,0.273] (10/50)
    pre-spk f=0.05: power=0.960 [0.910,0.986] (48/50)
    pre-spk f=0.1: power=1.000 [0.964,1.000] (50/50)
  [gcd-sigreg-ft] maha
    pre-maha f=0.003: power=0.080 [0.042,0.138] (4/50)
    pre-maha f=0.01: power=0.140 [0.090,0.207] (7/50)
    pre-maha f=0.02: power=0.260 [0.194,0.336] (13/50)
    pre-maha f=0.05: power=0.800 [0.727,0.859] (40/50)
    pre-maha f=0.1: power=1.000 [0.964,1.000] (50/50)
  [gcd-sigreg-ft] mmd
    pre-mmd f=0.003: power=0.060 [0.028,0.115] (3/50)
    pre-mmd f=0.01: power=0.040 [0.014,0.090] (2/50)
    pre-mmd f=0.02: power=0.060 [0.028,0.115] (3/50)
    pre-mmd f=0.05: power=0.480 [0.401,0.560] (24/50)
    pre-mmd f=0.1: power=1.000 [0.964,1.000] (50/50)

===== EXP70 PEREVENT PRE POWER =====
  arm                 0.003     0.01     0.02     0.05      0.1
  gcd-ft              0.234    0.234    0.234    0.234    0.234
  gcd-sigreg-ft       0.401    0.401    0.401    0.401    0.401
  saved /home/pharris/sigreg/SuperSig/plots/exp70_perevent_power_pre_galaxy10_lejepa_ft70_h1_d5.png

===== EXP70 SPARKER PRE POWER =====
  arm                 0.003     0.01     0.02     0.05      0.1
  gcd-ft              0.100    0.140    0.560    1.000    1.000
  gcd-sigreg-ft       0.040    0.040    0.200    0.960    1.000
  saved /home/pharris/sigreg/SuperSig/plots/exp70_sparker_power_pre_galaxy10_lejepa_ft70_h1_d5.png

===== EXP70 MAHA PRE POWER =====
  arm                 0.003     0.01     0.02     0.05      0.1
  gcd-ft              0.160    0.320    0.860    1.000    1.000
  gcd-sigreg-ft       0.080    0.140    0.260    0.800    1.000
  saved /home/pharris/sigreg/SuperSig/plots/exp70_maha_power_pre_galaxy10_lejepa_ft70_h1_d5.png

===== EXP70 MMD PRE POWER =====
  arm                 0.003     0.01     0.02     0.05      0.1
  gcd-ft              0.120    0.200    0.200    0.840    1.000
  gcd-sigreg-ft       0.060    0.040    0.060    0.480    1.000
  saved /home/pharris/sigreg/SuperSig/plots/exp70_mmd_power_pre_galaxy10_lejepa_ft70_h1_d5.png

----- natural discovery: gcd-ft -----
  [sigreg+proto] epoch 1/5  sigreg=0.6926  proto=0.6226  min_dist=1.57  mean_dist=3.89
  [sigreg+proto] epoch 2/5  sigreg=0.6372  proto=0.5465  min_dist=1.66  mean_dist=3.96
  [sigreg+proto] epoch 3/5  sigreg=0.5994  proto=0.5033  min_dist=1.75  mean_dist=4.03
  [sigreg+proto] epoch 4/5  sigreg=0.5704  proto=0.4285  min_dist=1.83  mean_dist=4.11
  [sigreg+proto] epoch 5/5  sigreg=0.5401  proto=0.3538  min_dist=1.92  mean_dist=4.18
  round 1: pool=152 purity=0.480 k-hat=1 anchors=1  margin=0.8279  mean-anchor=0.3640  5=0.364
  [sigreg+proto] epoch 1/5  sigreg=0.5317  proto=0.8164  min_dist=1.98  mean_dist=5.76
  [sigreg+proto] epoch 2/5  sigreg=0.5428  proto=0.6790  min_dist=2.05  mean_dist=5.81
  [sigreg+proto] epoch 3/5  sigreg=0.5295  proto=0.5685  min_dist=2.12  mean_dist=5.87
  [sigreg+proto] epoch 4/5  sigreg=0.5239  proto=0.4747  min_dist=2.19  mean_dist=5.92
  [sigreg+proto] epoch 5/5  sigreg=0.5128  proto=0.4496  min_dist=2.26  mean_dist=5.97
  round 2: pool=170 purity=0.535 k-hat=4 anchors=5  margin=0.8176  mean-anchor=0.3708  5=0.371
  [gcd-ft] probe 0.8840 -> 0.8647  eucl 0.7276 -> 0.8397  mahaT 0.8303 -> 0.8215

----- natural discovery: gcd-sigreg-ft -----
  [sigreg+proto] epoch 1/5  sigreg=0.3053  proto=2.7934  min_dist=4.95  mean_dist=10.07
  [sigreg+proto] epoch 2/5  sigreg=0.3862  proto=1.8645  min_dist=5.02  mean_dist=10.12
  [sigreg+proto] epoch 3/5  sigreg=0.4155  proto=1.2226  min_dist=5.09  mean_dist=10.17
  [sigreg+proto] epoch 4/5  sigreg=0.4147  proto=1.3406  min_dist=5.15  mean_dist=10.22
  [sigreg+proto] epoch 5/5  sigreg=0.4140  proto=1.0129  min_dist=5.21  mean_dist=10.27
  round 1: pool=184 purity=0.571 k-hat=4 anchors=4  margin=0.8470  mean-anchor=0.5424  5=0.542
  [sigreg+proto] epoch 1/5  sigreg=0.3790  proto=1.3976  min_dist=5.24  mean_dist=9.81
  [sigreg+proto] epoch 2/5  sigreg=0.3857  proto=1.1393  min_dist=5.27  mean_dist=9.85
  [sigreg+proto] epoch 3/5  sigreg=0.3944  proto=1.0606  min_dist=5.30  mean_dist=9.89
  [sigreg+proto] epoch 4/5  sigreg=0.4022  proto=0.9819  min_dist=5.33  mean_dist=9.94
  [sigreg+proto] epoch 5/5  sigreg=0.4014  proto=0.7375  min_dist=5.37  mean_dist=9.98
  round 2: pool=104 purity=0.240 k-hat=3 anchors=7  margin=0.8187  mean-anchor=0.7726  5=0.773
  [gcd-sigreg-ft] probe 0.8404 -> 0.8595  eucl 0.8263 -> 0.7585  mahaT 0.8164 -> 0.8021

===== POST grid, f=0.003 (5 injected) =====
  [sigreg+proto] epoch 1/5  sigreg=0.7045  proto=0.7605  min_dist=1.56  mean_dist=3.91
  [sigreg+proto] epoch 2/5  sigreg=0.6725  proto=0.6170  min_dist=1.64  mean_dist=3.97
  [sigreg+proto] epoch 3/5  sigreg=0.6326  proto=0.4439  min_dist=1.72  mean_dist=4.04
  [sigreg+proto] epoch 4/5  sigreg=0.5931  proto=0.4781  min_dist=1.79  mean_dist=4.10
  [sigreg+proto] epoch 5/5  sigreg=0.5509  proto=0.4289  min_dist=1.87  mean_dist=4.16
  round 1: pool=81 purity=0.025 k-hat=1 anchors=1  margin=0.6984  mean-anchor=0.2778  5=0.278
  [sigreg+proto] epoch 1/5  sigreg=0.5367  proto=0.8698  min_dist=1.94  mean_dist=4.77
  [sigreg+proto] epoch 2/5  sigreg=0.5454  proto=0.6488  min_dist=2.01  mean_dist=4.83
  [sigreg+proto] epoch 3/5  sigreg=0.5374  proto=0.6049  min_dist=2.07  mean_dist=4.88
  [sigreg+proto] epoch 4/5  sigreg=0.5262  proto=0.5390  min_dist=2.14  mean_dist=4.94
  [sigreg+proto] epoch 5/5  sigreg=0.5074  proto=0.5522  min_dist=2.21  mean_dist=4.99
  round 2: pool=81 purity=0.025 k-hat=2 anchors=3  margin=0.7586  mean-anchor=0.8094  5=0.809
  [gcd-ft] per-event post f=0.003: power=0.430
  [gcd-ft] sparker (post, annealed)
    post-spk f=0.003: power=0.020 [0.003,0.064] (1/50)
  [gcd-ft] maha (post)
    post-maha f=0.003: power=0.140 [0.090,0.207] (7/50)
  [gcd-ft] mmd (post)
    post-mmd f=0.003: power=0.080 [0.042,0.138] (4/50)
  [sigreg+proto] epoch 1/5  sigreg=0.3161  proto=2.4874  min_dist=2.72  mean_dist=9.99
  [sigreg+proto] epoch 2/5  sigreg=0.3941  proto=1.8050  min_dist=2.80  mean_dist=10.04
  [sigreg+proto] epoch 3/5  sigreg=0.4068  proto=1.2763  min_dist=2.88  mean_dist=10.08
  [sigreg+proto] epoch 4/5  sigreg=0.4057  proto=1.0419  min_dist=2.96  mean_dist=10.13
  [sigreg+proto] epoch 5/5  sigreg=0.4008  proto=0.8932  min_dist=3.04  mean_dist=10.18
  round 1: pool=82 purity=0.037 k-hat=4 anchors=4  margin=0.8202  mean-anchor=0.7688  5=0.769
  [sigreg+proto] epoch 1/5  sigreg=0.3711  proto=1.4171  min_dist=3.10  mean_dist=9.77
  [sigreg+proto] epoch 2/5  sigreg=0.3846  proto=1.0458  min_dist=3.17  mean_dist=9.81
  [sigreg+proto] epoch 3/5  sigreg=0.4024  proto=1.0191  min_dist=3.23  mean_dist=9.85
  [sigreg+proto] epoch 4/5  sigreg=0.4094  proto=0.9665  min_dist=3.30  mean_dist=9.89
  [sigreg+proto] epoch 5/5  sigreg=0.4000  proto=0.7978  min_dist=3.36  mean_dist=9.92
  round 2: pool=80 purity=0.013 k-hat=2 anchors=6  margin=0.7669  mean-anchor=0.7540  5=0.754
  [gcd-sigreg-ft] per-event post f=0.003: power=0.291
  [gcd-sigreg-ft] sparker (post, annealed)
    post-spk f=0.003: power=0.060 [0.028,0.115] (3/50)
  [gcd-sigreg-ft] maha (post)
    post-maha f=0.003: power=0.100 [0.058,0.162] (5/50)
  [gcd-sigreg-ft] mmd (post)
    post-mmd f=0.003: power=0.080 [0.042,0.138] (4/50)

===== POST grid, f=0.01 (16 injected) =====
  [sigreg+proto] epoch 1/5  sigreg=0.7007  proto=0.6961  min_dist=1.56  mean_dist=3.90
  [sigreg+proto] epoch 2/5  sigreg=0.6592  proto=0.6441  min_dist=1.64  mean_dist=3.97
  [sigreg+proto] epoch 3/5  sigreg=0.6269  proto=0.5676  min_dist=1.72  mean_dist=4.03
  [sigreg+proto] epoch 4/5  sigreg=0.6002  proto=0.4778  min_dist=1.79  mean_dist=4.09
  [sigreg+proto] epoch 5/5  sigreg=0.5719  proto=0.4481  min_dist=1.87  mean_dist=4.15
  round 1: pool=85 purity=0.071 k-hat=1 anchors=1  margin=0.7599  mean-anchor=0.2819  5=0.282
  [sigreg+proto] epoch 1/5  sigreg=0.5721  proto=0.6680  min_dist=1.94  mean_dist=5.46
  [sigreg+proto] epoch 2/5  sigreg=0.5658  proto=0.5263  min_dist=2.00  mean_dist=5.52
  [sigreg+proto] epoch 3/5  sigreg=0.5584  proto=0.5370  min_dist=2.07  mean_dist=5.57
  [sigreg+proto] epoch 4/5  sigreg=0.5469  proto=0.4932  min_dist=2.14  mean_dist=5.62
  [sigreg+proto] epoch 5/5  sigreg=0.5351  proto=0.4365  min_dist=2.21  mean_dist=5.68
  round 2: pool=87 purity=0.092 k-hat=4 anchors=5  margin=0.7730  mean-anchor=0.8430  5=0.843
  [gcd-ft] per-event post f=0.01: power=0.444
  [gcd-ft] sparker (post, annealed)
    post-spk f=0.01: power=0.180 [0.124,0.251] (9/50)
  [gcd-ft] maha (post)
    post-maha f=0.01: power=0.200 [0.141,0.273] (10/50)
  [gcd-ft] mmd (post)
    post-mmd f=0.01: power=0.060 [0.028,0.115] (3/50)
  [sigreg+proto] epoch 1/5  sigreg=0.3123  proto=3.0298  min_dist=4.51  mean_dist=10.03
  [sigreg+proto] epoch 2/5  sigreg=0.3967  proto=1.8541  min_dist=4.57  mean_dist=10.08
  [sigreg+proto] epoch 3/5  sigreg=0.4149  proto=1.7398  min_dist=4.63  mean_dist=10.13
  [sigreg+proto] epoch 4/5  sigreg=0.4331  proto=1.3065  min_dist=4.69  mean_dist=10.18
  [sigreg+proto] epoch 5/5  sigreg=0.4320  proto=0.9649  min_dist=4.76  mean_dist=10.23
  round 1: pool=88 purity=0.102 k-hat=4 anchors=4  margin=0.8425  mean-anchor=0.8072  5=0.807
  [sigreg+proto] epoch 1/5  sigreg=0.4198  proto=1.5796  min_dist=4.80  mean_dist=9.69
  [sigreg+proto] epoch 2/5  sigreg=0.4203  proto=1.0563  min_dist=4.85  mean_dist=9.73
  [sigreg+proto] epoch 3/5  sigreg=0.4347  proto=1.0265  min_dist=4.90  mean_dist=9.77
  [sigreg+proto] epoch 4/5  sigreg=0.4296  proto=0.8672  min_dist=4.94  mean_dist=9.81
  [sigreg+proto] epoch 5/5  sigreg=0.4396  proto=0.6414  min_dist=4.99  mean_dist=9.86
  round 2: pool=81 purity=0.025 k-hat=4 anchors=8  margin=0.7527  mean-anchor=0.8347  5=0.835
  [gcd-sigreg-ft] per-event post f=0.01: power=0.223
  [gcd-sigreg-ft] sparker (post, annealed)
    post-spk f=0.01: power=0.100 [0.058,0.162] (5/50)
  [gcd-sigreg-ft] maha (post)
    post-maha f=0.01: power=0.240 [0.177,0.315] (12/50)
  [gcd-sigreg-ft] mmd (post)
    post-mmd f=0.01: power=0.120 [0.074,0.184] (6/50)

===== POST grid, f=0.02 (32 injected) =====
  [sigreg+proto] epoch 1/5  sigreg=0.6922  proto=0.7373  min_dist=1.56  mean_dist=3.89
  [sigreg+proto] epoch 2/5  sigreg=0.6652  proto=0.5594  min_dist=1.64  mean_dist=3.96
  [sigreg+proto] epoch 3/5  sigreg=0.6160  proto=0.5191  min_dist=1.72  mean_dist=4.02
  [sigreg+proto] epoch 4/5  sigreg=0.5769  proto=0.5218  min_dist=1.79  mean_dist=4.08
  [sigreg+proto] epoch 5/5  sigreg=0.5604  proto=0.4145  min_dist=1.86  mean_dist=4.14
  round 1: pool=92 purity=0.141 k-hat=1 anchors=1  margin=0.7570  mean-anchor=0.3047  5=0.305
  [sigreg+proto] epoch 1/5  sigreg=0.5369  proto=0.7451  min_dist=1.95  mean_dist=4.80
  [sigreg+proto] epoch 2/5  sigreg=0.5300  proto=0.5805  min_dist=2.03  mean_dist=4.86
  [sigreg+proto] epoch 3/5  sigreg=0.5225  proto=0.5941  min_dist=2.11  mean_dist=4.93
  [sigreg+proto] epoch 4/5  sigreg=0.5130  proto=0.5013  min_dist=2.19  mean_dist=4.99
  [sigreg+proto] epoch 5/5  sigreg=0.5020  proto=0.4930  min_dist=2.27  mean_dist=5.06
  round 2: pool=96 purity=0.177 k-hat=2 anchors=3  margin=0.7438  mean-anchor=0.8708  5=0.871
  [gcd-ft] per-event post f=0.02: power=0.415
  [gcd-ft] sparker (post, annealed)
    post-spk f=0.02: power=0.440 [0.362,0.520] (22/50)
  [gcd-ft] maha (post)
    post-maha f=0.02: power=0.220 [0.159,0.294] (11/50)
  [gcd-ft] mmd (post)
    post-mmd f=0.02: power=0.040 [0.014,0.090] (2/50)
  [sigreg+proto] epoch 1/5  sigreg=0.3089  proto=2.6367  min_dist=2.66  mean_dist=10.08
  [sigreg+proto] epoch 2/5  sigreg=0.3844  proto=1.6361  min_dist=2.73  mean_dist=10.12
  [sigreg+proto] epoch 3/5  sigreg=0.4122  proto=1.2492  min_dist=2.81  mean_dist=10.17
  [sigreg+proto] epoch 4/5  sigreg=0.4076  proto=1.1994  min_dist=2.89  mean_dist=10.22
  [sigreg+proto] epoch 5/5  sigreg=0.4222  proto=0.8136  min_dist=2.97  mean_dist=10.27
  round 1: pool=99 purity=0.202 k-hat=4 anchors=4  margin=0.8264  mean-anchor=0.7761  5=0.776
  [sigreg+proto] epoch 1/5  sigreg=0.3998  proto=1.4467  min_dist=3.04  mean_dist=9.72
  [sigreg+proto] epoch 2/5  sigreg=0.3959  proto=1.1853  min_dist=3.10  mean_dist=9.76
  [sigreg+proto] epoch 3/5  sigreg=0.4047  proto=0.7999  min_dist=3.17  mean_dist=9.80
  [sigreg+proto] epoch 4/5  sigreg=0.4068  proto=0.8992  min_dist=3.23  mean_dist=9.84
  [sigreg+proto] epoch 5/5  sigreg=0.4136  proto=0.7846  min_dist=3.30  mean_dist=9.88
  round 2: pool=85 purity=0.071 k-hat=4 anchors=8  margin=0.7847  mean-anchor=0.7799  5=0.780
  [gcd-sigreg-ft] per-event post f=0.02: power=0.338
  [gcd-sigreg-ft] sparker (post, annealed)
    post-spk f=0.02: power=0.180 [0.124,0.251] (9/50)
  [gcd-sigreg-ft] maha (post)
    post-maha f=0.02: power=0.100 [0.058,0.162] (5/50)
  [gcd-sigreg-ft] mmd (post)
    post-mmd f=0.02: power=0.120 [0.074,0.184] (6/50)

===== POST grid, f=0.05 (83 injected) =====
  [sigreg+proto] epoch 1/5  sigreg=0.7007  proto=0.6980  min_dist=1.56  mean_dist=3.88
  [sigreg+proto] epoch 2/5  sigreg=0.6533  proto=0.5383  min_dist=1.64  mean_dist=3.95
  [sigreg+proto] epoch 3/5  sigreg=0.6125  proto=0.4590  min_dist=1.72  mean_dist=4.01
  [sigreg+proto] epoch 4/5  sigreg=0.5758  proto=0.4333  min_dist=1.79  mean_dist=4.07
  [sigreg+proto] epoch 5/5  sigreg=0.5427  proto=0.4319  min_dist=1.86  mean_dist=4.13
  round 1: pool=107 purity=0.262 k-hat=1 anchors=1  margin=0.7458  mean-anchor=0.3207  5=0.321
  [sigreg+proto] epoch 1/5  sigreg=0.5332  proto=0.8220  min_dist=1.93  mean_dist=5.25
  [sigreg+proto] epoch 2/5  sigreg=0.5276  proto=0.6077  min_dist=2.00  mean_dist=5.30
  [sigreg+proto] epoch 3/5  sigreg=0.5317  proto=0.5558  min_dist=2.07  mean_dist=5.35
  [sigreg+proto] epoch 4/5  sigreg=0.5225  proto=0.4610  min_dist=2.14  mean_dist=5.41
  [sigreg+proto] epoch 5/5  sigreg=0.5134  proto=0.4662  min_dist=2.20  mean_dist=5.46
  round 2: pool=126 purity=0.373 k-hat=3 anchors=4  margin=0.8031  mean-anchor=0.8123  5=0.812
  [gcd-ft] per-event post f=0.05: power=0.502
  [gcd-ft] sparker (post, annealed)
    post-spk f=0.05: power=1.000 [0.964,1.000] (50/50)
  [gcd-ft] maha (post)
    post-maha f=0.05: power=0.840 [0.771,0.893] (42/50)
  [gcd-ft] mmd (post)
    post-mmd f=0.05: power=0.060 [0.028,0.115] (3/50)
  [sigreg+proto] epoch 1/5  sigreg=0.3199  proto=2.9071  min_dist=4.11  mean_dist=10.00
  [sigreg+proto] epoch 2/5  sigreg=0.3863  proto=1.9837  min_dist=4.18  mean_dist=10.05
  [sigreg+proto] epoch 3/5  sigreg=0.4094  proto=1.6668  min_dist=4.25  mean_dist=10.10
  [sigreg+proto] epoch 4/5  sigreg=0.4263  proto=1.2765  min_dist=4.32  mean_dist=10.15
  [sigreg+proto] epoch 5/5  sigreg=0.4320  proto=0.9937  min_dist=4.38  mean_dist=10.20
  round 1: pool=125 purity=0.368 k-hat=3 anchors=3  margin=0.8467  mean-anchor=0.7658  5=0.766
  [sigreg+proto] epoch 1/5  sigreg=0.3997  proto=1.5790  min_dist=4.44  mean_dist=9.69
  [sigreg+proto] epoch 2/5  sigreg=0.3922  proto=1.1248  min_dist=4.50  mean_dist=9.73
  [sigreg+proto] epoch 3/5  sigreg=0.4126  proto=0.8963  min_dist=4.55  mean_dist=9.78
  [sigreg+proto] epoch 4/5  sigreg=0.4172  proto=0.8235  min_dist=4.61  mean_dist=9.82
  [sigreg+proto] epoch 5/5  sigreg=0.4153  proto=0.6783  min_dist=4.66  mean_dist=9.86
  round 2: pool=87 purity=0.092 k-hat=4 anchors=7  margin=0.8142  mean-anchor=0.8019  5=0.802
  [gcd-sigreg-ft] per-event post f=0.05: power=0.358
  [gcd-sigreg-ft] sparker (post, annealed)
    post-spk f=0.05: power=0.720 [0.643,0.787] (36/50)
  [gcd-sigreg-ft] maha (post)
    post-maha f=0.05: power=0.860 [0.793,0.910] (43/50)
  [gcd-sigreg-ft] mmd (post)
    post-mmd f=0.05: power=0.440 [0.362,0.520] (22/50)

===== EXP70 PEREVENT POST POWER =====
  arm                 0.003     0.01     0.02     0.05
  gcd-ft              0.430    0.444    0.415    0.502
  gcd-sigreg-ft       0.291    0.223    0.338    0.358
  saved /home/pharris/sigreg/SuperSig/plots/exp70_perevent_power_post_galaxy10_lejepa_ft70_h1_d5.png

===== EXP70 SPARKER POST POWER =====
  arm                 0.003     0.01     0.02     0.05
  gcd-ft              0.020    0.180    0.440    1.000
  gcd-sigreg-ft       0.060    0.100    0.180    0.720
  saved /home/pharris/sigreg/SuperSig/plots/exp70_sparker_power_post_galaxy10_lejepa_ft70_h1_d5.png

===== EXP70 MAHA POST POWER =====
  arm                 0.003     0.01     0.02     0.05
  gcd-ft              0.140    0.200    0.220    0.840
  gcd-sigreg-ft       0.100    0.240    0.100    0.860
  saved /home/pharris/sigreg/SuperSig/plots/exp70_maha_power_post_galaxy10_lejepa_ft70_h1_d5.png

===== EXP70 MMD POST POWER =====
  arm                 0.003     0.01     0.02     0.05
  gcd-ft              0.080    0.060    0.040    0.060
  gcd-sigreg-ft       0.080    0.120    0.120    0.440
  saved /home/pharris/sigreg/SuperSig/plots/exp70_mmd_power_post_galaxy10_lejepa_ft70_h1_d5.png

===== EXP70 SUMMARY [galaxy10_lejepa_ft70_h1_d5] =====
  [gcd-ft        ] probe=0.8840+-0.0010 acc=0.7638 eucl=0.7276 mahaT=0.8303  || post: probe=0.8647 eucl=0.8397 mahaT=0.8215
          round 1: purity=0.480 anchors=1  margin=0.8279
          round 2: purity=0.535 anchors=5  margin=0.8176
  [gcd-sigreg-ft ] probe=0.8404+-0.0074 acc=0.7621 eucl=0.8263 mahaT=0.8164  || post: probe=0.8595 eucl=0.7585 mahaT=0.8021
          round 1: purity=0.571 anchors=4  margin=0.8470
          round 2: purity=0.240 anchors=7  margin=0.8187
saved /home/pharris/sigreg/SuperSig/plots/exp70_probe_galaxy10_lejepa_ft70_h1_d5.png
Done.
