/home/pharris/venv/lib64/python3.9/site-packages/networkx/utils/backends.py:135: RuntimeWarning: networkx backend defined more than once: nx-loopback
  backends.update(_get_backends("networkx.backends"))
Using cache found in /home/pharris/.cache/torch/hub/facebookresearch_dino_main
Using cache found in /home/pharris/.cache/torch/hub/facebookresearch_dino_main
Using cache found in /home/pharris/.cache/torch/hub/facebookresearch_dino_main
Using cache found in /home/pharris/.cache/torch/hub/facebookresearch_dino_main
Using cache found in /home/pharris/.cache/torch/hub/facebookresearch_dino_main
Using cache found in /home/pharris/.cache/torch/hub/facebookresearch_dino_main
Using cache found in /home/pharris/.cache/torch/hub/facebookresearch_dino_main
Using cache found in /home/pharris/.cache/torch/hub/facebookresearch_dino_main
Using cache found in /home/pharris/.cache/torch/hub/facebookresearch_dino_main
Using cache found in /home/pharris/.cache/torch/hub/facebookresearch_dino_main
Using cache found in /home/pharris/.cache/torch/hub/facebookresearch_dino_main
Using cache found in /home/pharris/.cache/torch/hub/facebookresearch_dino_main
Using cache found in /home/pharris/.cache/torch/hub/facebookresearch_dino_main
Using cache found in /home/pharris/.cache/torch/hub/facebookresearch_dino_main
Using cache found in /home/pharris/.cache/torch/hub/facebookresearch_dino_main
Using cache found in /home/pharris/.cache/torch/hub/facebookresearch_dino_main
Using cache found in /home/pharris/.cache/torch/hub/facebookresearch_dino_main
Using cache found in /home/pharris/.cache/torch/hub/facebookresearch_dino_main
  galaxy10:dino: 3 trained pairs (tag '_h1_d8')

=== galaxy10:dino|supcon-ft->res  holdouts=[3]
child/parent RMS-norm ratio: 1.0490
         mode    probe     eucl   dim
          raw   0.9070   0.3147   200
  standardize   0.9111   0.3061   200
     unitnorm   0.8585   0.3157   200
       whiten   0.9028   0.2441   200
  parent-only   0.8805   0.3534   100
   child-only   0.8950   0.2991   100

=== galaxy10:dino|ss-ft->res  holdouts=[3]
child/parent RMS-norm ratio: 1.2107
         mode    probe     eucl   dim
          raw   0.8751   0.3428   200
  standardize   0.8835   0.3388   200
     unitnorm   0.8149   0.3415   200
       whiten   0.8889   0.2879   200
  parent-only   0.8193   0.3421   100
   child-only   0.8636   0.3499   100

=== galaxy10:dino|supcon-ft->resnplm  holdouts=[3]
child/parent RMS-norm ratio: 0.9273
         mode    probe     eucl   dim
          raw   0.8912   0.3742   200
  standardize   0.8903   0.3767   200
     unitnorm   0.8274   0.3761   200
       whiten   0.8995   0.2730   200
  parent-only   0.8805   0.3534   100
   child-only   0.8497   0.4347   100

wrote logs/exp134/combine_galaxy10-dino_h1_d8.json
