/home/pharris/venv/lib64/python3.9/site-packages/networkx/utils/backends.py:135: RuntimeWarning: networkx backend defined more than once: nx-loopback
  backends.update(_get_backends("networkx.backends"))

######## nplm_cifar100  b_true=0.0100 ########
  estimators: tv=0.0001 (0.01x)  mass=0.0001 (0.01x)  excess=0.0000 (0.00x)
  injection alpha: n/a
  KNEE cut: k=35 q=0.0007 purity=0.0000 n_nov=0
  n_min=30 rule: q=0.2000 purity=0.0143 ok=False
   n_min        q  purity  n_nov   impl a
       5   0.2000   0.014    143    0.035
      10   0.2000   0.014    143    0.070
      20   0.2000   0.014    143    0.140
      30   0.2000   0.014    143    0.210
      50   0.2000   0.014    143    0.350
     100   0.2000   0.014    143    0.699
     200   0.2000   0.014    143    1.399

######## nplmcw_cifar100  b_true=0.0100 ########
  estimators: tv=0.0104 (1.04x)  mass=0.0049 (0.49x)  excess=0.0003 (0.03x)
  injection alpha: n/a
  KNEE cut: k=3349 q=0.0670 purity=0.0406 n_nov=136
  n_min=30 rule: q=0.0277 purity=0.0461 ok=True
   n_min        q  purity  n_nov   impl a
       5   0.0141   0.043     30    0.167
      10   0.0277   0.046     64    0.156
      20   0.2000   0.031    306    0.065
      30   0.2000   0.031    306    0.098
      50   0.2000   0.031    306    0.163
     100   0.2000   0.031    306    0.327
     200   0.2000   0.031    306    0.654

######## nplmsd-res-nplm_(concat)_cifar100  b_true=0.0100 ########
  estimators: tv=0.0015 (0.15x)  mass=0.0008 (0.08x)  excess=0.0001 (0.01x)
  injection alpha: n/a
  KNEE cut: k=749 q=0.0150 purity=0.0160 n_nov=12
  n_min=30 rule: q=0.2000 purity=0.0206 ok=False
   n_min        q  purity  n_nov   impl a
       5   0.2000   0.021    206    0.024
      10   0.2000   0.021    206    0.049
      20   0.2000   0.021    206    0.097
      30   0.2000   0.021    206    0.146
      50   0.2000   0.021    206    0.243
     100   0.2000   0.021    206    0.485
     200   0.2000   0.021    206    0.971

######## nplmsd-res-nplm_(residual)_cifar100  b_true=0.0100 ########
  estimators: tv=0.0007 (0.07x)  mass=0.0004 (0.04x)  excess=0.0000 (0.00x)
  injection alpha: n/a
  KNEE cut: k=50 q=0.0010 purity=0.0200 n_nov=1
  n_min=30 rule: q=0.2000 purity=0.0158 ok=False
   n_min        q  purity  n_nov   impl a
       5   0.2000   0.016    158    0.032
      10   0.2000   0.016    158    0.063
      20   0.2000   0.016    158    0.127
      30   0.2000   0.016    158    0.190
      50   0.2000   0.016    158    0.316
     100   0.2000   0.016    158    0.633
     200   0.2000   0.016    158    1.266

######## nplmsd-res_(concat)_cifar100  b_true=0.0100 ########
  estimators: tv=0.0017 (0.17x)  mass=0.0014 (0.14x)  excess=0.0000 (0.00x)
  injection alpha: n/a
  n_min=30 rule: q=0.2000 purity=0.0164 ok=False
   n_min        q  purity  n_nov   impl a
       5   0.2000   0.016    164    0.030
      10   0.2000   0.016    164    0.061
      20   0.2000   0.016    164    0.122
      30   0.2000   0.016    164    0.183
      50   0.2000   0.016    164    0.305
     100   0.2000   0.016    164    0.610
     200   0.2000   0.016    164    1.220

######## nplmsd-res_(residual)_cifar100  b_true=0.0100 ########
  estimators: tv=0.0037 (0.37x)  mass=0.0028 (0.28x)  excess=0.0000 (0.00x)
  injection alpha: n/a
  KNEE cut: k=33 q=0.0007 purity=0.0000 n_nov=0
  n_min=30 rule: q=0.2000 purity=0.0110 ok=False
   n_min        q  purity  n_nov   impl a
       5   0.2000   0.011    110    0.045
      10   0.2000   0.011    110    0.091
      20   0.2000   0.011    110    0.182
      30   0.2000   0.011    110    0.273
      50   0.2000   0.011    110    0.455
     100   0.2000   0.011    110    0.909
     200   0.2000   0.011    110    1.818

######## nplmsd_cifar100  b_true=0.0100 ########
  estimators: tv=0.0092 (0.92x)  mass=0.0007 (0.07x)  excess=0.0000 (0.00x)
  injection alpha: n/a
  KNEE cut: k=8850 q=0.1770 purity=0.0188 n_nov=166
  n_min=30 rule: q=0.2000 purity=0.0188 ok=False
   n_min        q  purity  n_nov   impl a
       5   0.2000   0.019    188    0.027
      10   0.2000   0.019    188    0.053
      20   0.2000   0.019    188    0.106
      30   0.2000   0.019    188    0.160
      50   0.2000   0.019    188    0.266
     100   0.2000   0.019    188    0.532
     200   0.2000   0.019    188    1.064

######## simclr_cifar100  b_true=0.0100 ########
  estimators: tv=0.0009 (0.09x)  mass=0.0009 (0.09x)  excess=0.0001 (0.01x)
  injection alpha: n/a
  KNEE cut: k=149 q=0.0030 purity=0.0201 n_nov=3
  n_min=30 rule: q=0.2000 purity=0.0172 ok=False
   n_min        q  purity  n_nov   impl a
       5   0.2000   0.017    172    0.029
      10   0.2000   0.017    172    0.058
      20   0.2000   0.017    172    0.116
      30   0.2000   0.017    172    0.174
      50   0.2000   0.017    172    0.291
     100   0.2000   0.017    172    0.581
     200   0.2000   0.017    172    1.163

######## ssig-res-nplm_(concat)_cifar100  b_true=0.0100 ########
  estimators: tv=0.0018 (0.18x)  mass=0.0004 (0.04x)  excess=0.0000 (0.00x)
  injection alpha: n/a
  KNEE cut: k=149 q=0.0030 purity=0.0067 n_nov=1
  n_min=30 rule: q=0.2000 purity=0.0212 ok=False
   n_min        q  purity  n_nov   impl a
       5   0.2000   0.021    212    0.024
      10   0.2000   0.021    212    0.047
      20   0.2000   0.021    212    0.094
      30   0.2000   0.021    212    0.142
      50   0.2000   0.021    212    0.236
     100   0.2000   0.021    212    0.472
     200   0.2000   0.021    212    0.943

######## ssig-res-nplm_(residual)_cifar100  b_true=0.0100 ########
  estimators: tv=0.0043 (0.43x)  mass=0.0036 (0.36x)  excess=0.0001 (0.01x)
  injection alpha: n/a
  KNEE cut: k=749 q=0.0150 purity=0.0214 n_nov=16
  n_min=30 rule: q=0.2000 purity=0.0207 ok=False
   n_min        q  purity  n_nov   impl a
       5   0.2000   0.021    207    0.024
      10   0.2000   0.021    207    0.048
      20   0.2000   0.021    207    0.097
      30   0.2000   0.021    207    0.145
      50   0.2000   0.021    207    0.242
     100   0.2000   0.021    207    0.483
     200   0.2000   0.021    207    0.966

######## ssig-res_(concat)_cifar100  b_true=0.0100 ########
  estimators: tv=0.0004 (0.04x)  mass=0.0003 (0.03x)  excess=0.0000 (0.00x)
  injection alpha: n/a
  KNEE cut: k=21 q=0.0004 purity=0.0000 n_nov=0
  n_min=30 rule: q=0.2000 purity=0.0050 ok=False
   n_min        q  purity  n_nov   impl a
       5   0.2000   0.005     50    0.100
      10   0.2000   0.005     50    0.200
      20   0.2000   0.005     50    0.400
      30   0.2000   0.005     50    0.600
      50   0.2000   0.005     50    1.000
     100   0.2000   0.005     50    2.000
     200   0.2000   0.005     50    4.000

######## ssig-res_(residual)_cifar100  b_true=0.0100 ########
  estimators: tv=0.0001 (0.01x)  mass=0.0001 (0.01x)  excess=0.0000 (0.00x)
  injection alpha: n/a
  n_min=30 rule: q=0.2000 purity=0.0107 ok=False
   n_min        q  purity  n_nov   impl a
       5   0.2000   0.011    107    0.047
      10   0.2000   0.011    107    0.093
      20   0.2000   0.011    107    0.187
      30   0.2000   0.011    107    0.280
      50   0.2000   0.011    107    0.467
     100   0.2000   0.011    107    0.935
     200   0.2000   0.011    107    1.869

######## ssig_cifar100  b_true=0.0100 ########
  estimators: tv=0.0036 (0.36x)  mass=0.0020 (0.20x)  excess=0.0000 (0.00x)
  injection alpha: n/a
  n_min=30 rule: q=0.2000 purity=0.0175 ok=False
   n_min        q  purity  n_nov   impl a
       5   0.2000   0.018    175    0.029
      10   0.2000   0.018    175    0.057
      20   0.2000   0.018    175    0.114
      30   0.2000   0.018    175    0.171
      50   0.2000   0.018    175    0.286
     100   0.2000   0.018    175    0.571
     200   0.2000   0.018    175    1.143

######## supcon-res-nplm_(concat)_cifar100  b_true=0.0100 ########
  estimators: tv=0.0078 (0.78x)  mass=0.0021 (0.21x)  excess=0.0010 (0.10x)
  injection alpha: n/a
  KNEE cut: k=3250 q=0.0650 purity=0.0649 n_nov=211
  n_min=30 rule: q=0.0099 purity=0.1006 ok=True
   n_min        q  purity  n_nov   impl a
       5   0.0043   0.129     28    0.179
      10   0.0099   0.101     50    0.200
      20   0.0267   0.086    115    0.174
      30   0.0567   0.070    197    0.152
      50   0.2000   0.038    381    0.131
     100   0.2000   0.038    381    0.262
     200   0.2000   0.038    381    0.525

######## supcon-res-nplm_(residual)_cifar100  b_true=0.0100 ########
  estimators: tv=0.0069 (0.69x)  mass=0.0055 (0.55x)  excess=0.0004 (0.04x)
  injection alpha: n/a
  KNEE cut: k=1050 q=0.0210 purity=0.0505 n_nov=53
  n_min=30 rule: q=0.0183 purity=0.0503 ok=True
   n_min        q  purity  n_nov   impl a
       5   0.0119   0.047     28    0.179
      10   0.0183   0.050     46    0.217
      20   0.2000   0.025    250    0.080
      30   0.2000   0.025    250    0.120
      50   0.2000   0.025    250    0.200
     100   0.2000   0.025    250    0.400
     200   0.2000   0.025    250    0.800

######## supcon-res_(concat)_cifar100  b_true=0.0100 ########
  estimators: tv=0.0003 (0.03x)  mass=0.0003 (0.03x)  excess=0.0003 (0.03x)
  injection alpha: n/a
  KNEE cut: k=22 q=0.0004 purity=0.0000 n_nov=0
  n_min=30 rule: q=0.2000 purity=0.0231 ok=False
   n_min        q  purity  n_nov   impl a
       5   0.2000   0.023    231    0.022
      10   0.2000   0.023    231    0.043
      20   0.2000   0.023    231    0.087
      30   0.2000   0.023    231    0.130
      50   0.2000   0.023    231    0.216
     100   0.2000   0.023    231    0.433
     200   0.2000   0.023    231    0.866

######## supcon-res_(residual)_cifar100  b_true=0.0100 ########
  estimators: tv=0.0014 (0.14x)  mass=0.0007 (0.07x)  excess=0.0000 (0.00x)
  injection alpha: n/a
  KNEE cut: k=40 q=0.0008 purity=0.0000 n_nov=0
  n_min=30 rule: q=0.2000 purity=0.0052 ok=False
   n_min        q  purity  n_nov   impl a
       5   0.2000   0.005     52    0.096
      10   0.2000   0.005     52    0.192
      20   0.2000   0.005     52    0.385
      30   0.2000   0.005     52    0.577
      50   0.2000   0.005     52    0.962
     100   0.2000   0.005     52    1.923
     200   0.2000   0.005     52    3.846

######## supcon_cifar100  b_true=0.0100 ########
  estimators: tv=0.0000 (0.00x)  mass=0.0001 (0.01x)  excess=0.0003 (0.03x)
  injection alpha: n/a
  n_min=30 rule: q=0.2000 purity=0.0306 ok=False
   n_min        q  purity  n_nov   impl a
       5   0.2000   0.031    306    0.016
      10   0.2000   0.031    306    0.033
      20   0.2000   0.031    306    0.065
      30   0.2000   0.031    306    0.098
      50   0.2000   0.031    306    0.163
     100   0.2000   0.031    306    0.327
     200   0.2000   0.031    306    0.654

######## supsig_cifar100  b_true=0.0100 ########
  estimators: tv=0.0007 (0.07x)  mass=0.0004 (0.04x)  excess=0.0002 (0.02x)
  injection alpha: n/a
  KNEE cut: k=1050 q=0.0210 purity=0.0286 n_nov=30
  n_min=30 rule: q=0.2000 purity=0.0213 ok=False
   n_min        q  purity  n_nov   impl a
       5   0.2000   0.021    213    0.023
      10   0.2000   0.021    213    0.047
      20   0.2000   0.021    213    0.094
      30   0.2000   0.021    213    0.141
      50   0.2000   0.021    213    0.235
     100   0.2000   0.021    213    0.469
     200   0.2000   0.021    213    0.939

######## visreg_cifar100  b_true=0.0100 ########
  estimators: tv=0.0047 (0.47x)  mass=0.0040 (0.40x)  excess=0.0001 (0.01x)
  injection alpha: n/a
  KNEE cut: k=650 q=0.0130 purity=0.0185 n_nov=12
  n_min=30 rule: q=0.2000 purity=0.0195 ok=False
   n_min        q  purity  n_nov   impl a
       5   0.2000   0.019    195    0.026
      10   0.2000   0.019    195    0.051
      20   0.2000   0.019    195    0.103
      30   0.2000   0.019    195    0.154
      50   0.2000   0.019    195    0.256
     100   0.2000   0.019    195    0.513
     200   0.2000   0.019    195    1.026

wrote logs/exp138/brate.json
