/home/pharris/venv/lib64/python3.9/site-packages/networkx/utils/backends.py:135: RuntimeWarning: networkx backend defined more than once: nx-loopback
  backends.update(_get_backends("networkx.backends"))
exp137 [cifar10_h7] scratch residuals; parents=['supcon', 'ssig', 'nplmsd'] objs=['res', 'res-nplm'] epochs=20 holdout=7
Using cache found in /home/pharris/.cache/torch/hub/chenyaofo_pytorch-cifar-models_master
  [supcon (parent)             ] probe=0.9253+-0.0020 top1=0.8906 acc=0.7349 eucl=0.4530 mahaT=0.6005 lid=0.7290 perevt=0.000

===== [cifar10_h7] supcon->res =====
  CIFAR two-view embedding-train images (no {7}): 45000
  [supcon-res] epoch 1/20  loss=5.8171
  [supcon-res] epoch 5/20  loss=5.1011
  [supcon-res] epoch 10/20  loss=5.0297
  [supcon-res] epoch 15/20  loss=4.9875
  [supcon-res] epoch 20/20  loss=4.9625
  [supcon->res (residual)      ] probe=0.9046+-0.0018 top1=0.8694 acc=0.8354 eucl=0.6422 mahaT=0.5923 lid=0.6244 perevt=0.026
  [supcon->res (concat)        ] probe=0.9500+-0.0008 top1=0.8957 acc=0.8050 eucl=0.5032 mahaT=0.5993 lid=0.7190 perevt=0.000

===== [cifar10_h7] supcon->res-nplm =====
  CIFAR two-view embedding-train images (no {7}): 45000
  [supcon-res-nplm] epoch 1/20  loss=911455856324.0228
  [supcon-res-nplm] epoch 5/20  loss=317791737329.3714
  [supcon-res-nplm] epoch 10/20  loss=213665845739.5200
  [supcon-res-nplm] epoch 15/20  loss=138840854879.0857
  [supcon-res-nplm] epoch 20/20  loss=108588192633.4171
  [supcon->res-nplm (residual) ] probe=0.9079+-0.0011 top1=0.8824 acc=0.8736 eucl=0.6540 mahaT=0.7118 lid=0.5514 perevt=0.049
  [supcon->res-nplm (concat)   ] probe=0.9385+-0.0021 top1=0.8972 acc=0.8427 eucl=0.5107 mahaT=0.6667 lid=0.7101 perevt=0.000
Using cache found in /home/pharris/.cache/torch/hub/chenyaofo_pytorch-cifar-models_master
  [ssig (parent)               ] probe=0.9023+-0.0010 top1=0.8904 acc=0.8892 eucl=0.5667 mahaT=0.4510 lid=0.5023 perevt=0.042

===== [cifar10_h7] ssig->res =====
  CIFAR two-view embedding-train images (no {7}): 45000
  [ssig-res] epoch 1/20  loss=5.0581
  [ssig-res] epoch 5/20  loss=4.6555
  [ssig-res] epoch 10/20  loss=4.6126
  [ssig-res] epoch 15/20  loss=4.5945
  [ssig-res] epoch 20/20  loss=4.5788
  [ssig->res (residual)        ] probe=0.8686+-0.0010 top1=0.6370 acc=0.5563 eucl=0.4107 mahaT=0.4786 lid=0.6291 perevt=0.018
  [ssig->res (concat)          ] probe=0.9368+-0.0008 top1=0.8921 acc=0.8862 eucl=0.4867 mahaT=0.4657 lid=0.6270 perevt=0.035

===== [cifar10_h7] ssig->res-nplm =====
  CIFAR two-view embedding-train images (no {7}): 45000
  [ssig-res-nplm] epoch 1/20  loss=6254342331.9771
  [ssig-res-nplm] epoch 5/20  loss=5269972883.7486
  [ssig-res-nplm] epoch 10/20  loss=5054545884.1600
  [ssig-res-nplm] epoch 15/20  loss=4972278818.3771
  [ssig-res-nplm] epoch 20/20  loss=4524500925.0743
  [ssig->res-nplm (residual)   ] probe=0.9235+-0.0008 top1=0.8760 acc=0.8658 eucl=0.7264 mahaT=0.5895 lid=0.5762 perevt=0.136
  [ssig->res-nplm (concat)     ] probe=0.9406+-0.0008 top1=0.8964 acc=0.8961 eucl=0.6446 mahaT=0.5243 lid=0.5261 perevt=0.089
Using cache found in /home/pharris/.cache/torch/hub/chenyaofo_pytorch-cifar-models_master
  [nplmsd (parent)             ] probe=0.8256+-0.0018 top1=0.7991 acc=0.8004 eucl=0.6727 mahaT=0.6586 lid=0.5535 perevt=0.101

===== [cifar10_h7] nplmsd->res =====
  CIFAR two-view embedding-train images (no {7}): 45000
  [nplmsd-res] epoch 1/20  loss=6.5438
  [nplmsd-res] epoch 5/20  loss=5.1431
  [nplmsd-res] epoch 10/20  loss=4.9178
  [nplmsd-res] epoch 15/20  loss=4.8199
  [nplmsd-res] epoch 20/20  loss=4.7679
  [nplmsd->res (residual)      ] probe=0.8867+-0.0011 top1=0.7029 acc=0.6357 eucl=0.5551 mahaT=0.5408 lid=0.6809 perevt=0.064
  [nplmsd->res (concat)        ] probe=0.9084+-0.0018 top1=0.8253 acc=0.6756 eucl=0.5671 mahaT=0.6291 lid=0.6905 perevt=0.075

===== [cifar10_h7] nplmsd->res-nplm =====
  CIFAR two-view embedding-train images (no {7}): 45000
  [nplmsd-res-nplm] epoch 1/20  loss=36955279.6095
  [nplmsd-res-nplm] epoch 5/20  loss=1304830.3335
  [nplmsd-res-nplm] epoch 10/20  loss=172823.6226
  [nplmsd-res-nplm] epoch 15/20  loss=96021.9379
  [nplmsd-res-nplm] epoch 20/20  loss=52571.7479
  [nplmsd->res-nplm (residual) ] probe=0.7867+-0.0005 top1=0.6468 acc=0.4933 eucl=0.4266 mahaT=0.3958 lid=0.5411 perevt=0.001
  [nplmsd->res-nplm (concat)   ] probe=0.8594+-0.0018 top1=0.8122 acc=0.7916 eucl=0.5273 mahaT=0.5430 lid=0.6586 perevt=0.014

===== EXP137 SUMMARY [cifar10_h7] (holdout 7) =====
  space                                    probe    top1     acc    eucl   mahaT     lid  perevt
  supcon (parent)                  0.9253+-0.0020  0.8906  0.7349  0.4530  0.6005  0.7290   0.000
  supcon->res (residual)           0.9046+-0.0018  0.8694  0.8354  0.6422  0.5923  0.6244   0.026
  supcon->res (concat)             0.9500+-0.0008  0.8957  0.8050  0.5032  0.5993  0.7190   0.000
  supcon->res-nplm (residual)      0.9079+-0.0011  0.8824  0.8736  0.6540  0.7118  0.5514   0.049
  supcon->res-nplm (concat)        0.9385+-0.0021  0.8972  0.8427  0.5107  0.6667  0.7101   0.000
  ssig (parent)                    0.9023+-0.0010  0.8904  0.8892  0.5667  0.4510  0.5023   0.042
  ssig->res (residual)             0.8686+-0.0010  0.6370  0.5563  0.4107  0.4786  0.6291   0.018
  ssig->res (concat)               0.9368+-0.0008  0.8921  0.8862  0.4867  0.4657  0.6270   0.035
  ssig->res-nplm (residual)        0.9235+-0.0008  0.8760  0.8658  0.7264  0.5895  0.5762   0.136
  ssig->res-nplm (concat)          0.9406+-0.0008  0.8964  0.8961  0.6446  0.5243  0.5261   0.089
  nplmsd (parent)                  0.8256+-0.0018  0.7991  0.8004  0.6727  0.6586  0.5535   0.101
  nplmsd->res (residual)           0.8867+-0.0011  0.7029  0.6357  0.5551  0.5408  0.6809   0.064
  nplmsd->res (concat)             0.9084+-0.0018  0.8253  0.6756  0.5671  0.6291  0.6905   0.075
  nplmsd->res-nplm (residual)      0.7867+-0.0005  0.6468  0.4933  0.4266  0.3958  0.5411   0.001
  nplmsd->res-nplm (concat)        0.8594+-0.0018  0.8122  0.7916  0.5273  0.5430  0.6586   0.014
  paired supcon->res (concat) - parent: probe +0.0247  top1 +0.0050  eucl +0.0501  mahaT -0.0012
  paired supcon->res-nplm (concat) - parent: probe +0.0133  top1 +0.0066  eucl +0.0577  mahaT +0.0662
  paired ssig->res (concat) - parent: probe +0.0345  top1 +0.0017  eucl -0.0800  mahaT +0.0147
  paired ssig->res-nplm (concat) - parent: probe +0.0383  top1 +0.0060  eucl +0.0779  mahaT +0.0733
  paired nplmsd->res (concat) - parent: probe +0.0828  top1 +0.0262  eucl -0.1055  mahaT -0.0294
  paired nplmsd->res-nplm (concat) - parent: probe +0.0339  top1 +0.0130  eucl -0.1454  mahaT -0.1155
EXP137 DONE.
