/home/pharris/venv/lib64/python3.9/site-packages/networkx/utils/backends.py:135: RuntimeWarning: networkx backend defined more than once: nx-loopback
  backends.update(_get_backends("networkx.backends"))

######## dtd:dino: holdouts=[37, 38, 39, 40]... ########

  --- frozen: pre probe=0.8691 eucl=0.7786 mahaT=0.6942 perevt=0.247
  [sigreg+proto] epoch 1/5  sigreg=0.1373  proto=6.3721  min_dist=5.01  mean_dist=15.68
  [sigreg+proto] epoch 2/5  sigreg=0.1348  proto=7.4391  min_dist=5.01  mean_dist=15.67
  [sigreg+proto] epoch 3/5  sigreg=0.1386  proto=6.2760  min_dist=5.02  mean_dist=15.67
  [sigreg+proto] epoch 4/5  sigreg=0.1370  proto=6.1992  min_dist=5.02  mean_dist=15.67
  [sigreg+proto] epoch 5/5  sigreg=0.1432  proto=7.1166  min_dist=5.03  mean_dist=15.67
  round 1: pool=223 purity=0.668 k-hat=4 anchors=4  margin=0.8282  mean-anchor=0.7111  
    merged 5 -> 4 anchors
  [sigreg+proto] epoch 1/5  sigreg=0.1322  proto=6.2300  min_dist=5.04  mean_dist=15.67
  [sigreg+proto] epoch 2/5  sigreg=0.1347  proto=5.3422  min_dist=5.04  mean_dist=15.67
  [sigreg+proto] epoch 3/5  sigreg=0.1403  proto=5.4504  min_dist=5.05  mean_dist=15.67
  [sigreg+proto] epoch 4/5  sigreg=0.1366  proto=6.8860  min_dist=5.05  mean_dist=15.67
  [sigreg+proto] epoch 5/5  sigreg=0.1375  proto=5.8331  min_dist=5.06  mean_dist=15.67
  round 2: pool=120 purity=0.383 k-hat=1 anchors=4  margin=0.8255  mean-anchor=0.6969  
    [dist frozen     ] purity r1=0.668 r2=0.383  probe 0.869->0.869  eucl 0.779->0.779  perevt 0.247->0.247  drift 0.000
  [sigreg+proto] epoch 1/5  sigreg=0.1392  proto=6.6594  min_dist=5.01  mean_dist=15.67
  [sigreg+proto] epoch 2/5  sigreg=0.1367  proto=7.9354  min_dist=5.01  mean_dist=15.67
  [sigreg+proto] epoch 3/5  sigreg=0.1434  proto=6.7743  min_dist=5.02  mean_dist=15.67
  [sigreg+proto] epoch 4/5  sigreg=0.1392  proto=6.5449  min_dist=5.02  mean_dist=15.67
  [sigreg+proto] epoch 5/5  sigreg=0.1471  proto=7.4787  min_dist=5.03  mean_dist=15.67
  round 1: pool=223 purity=0.668 k-hat=4 anchors=4  margin=0.8277  mean-anchor=0.7142  
    merged 5 -> 4 anchors
  [sigreg+proto] epoch 1/5  sigreg=0.1342  proto=6.5503  min_dist=5.04  mean_dist=15.66
  [sigreg+proto] epoch 2/5  sigreg=0.1372  proto=5.8043  min_dist=5.04  mean_dist=15.66
  [sigreg+proto] epoch 3/5  sigreg=0.1416  proto=5.8629  min_dist=5.05  mean_dist=15.66
  [sigreg+proto] epoch 4/5  sigreg=0.1404  proto=7.4142  min_dist=5.06  mean_dist=15.66
  [sigreg+proto] epoch 5/5  sigreg=0.1404  proto=6.1259  min_dist=5.06  mean_dist=15.66
  round 2: pool=119 purity=0.378 k-hat=1 anchors=4  margin=0.8253  mean-anchor=0.6989  
    [dist corpus-norm] purity r1=0.668 r2=0.378  probe 0.869->0.844  eucl 0.779->0.777  perevt 0.247->0.237  drift 0.037
  [sigreg+proto] epoch 1/5  sigreg=0.1386  proto=9.0609  min_dist=5.01  mean_dist=15.85
  [sigreg+proto] epoch 2/5  sigreg=0.1371  proto=11.0211  min_dist=5.01  mean_dist=15.85
  [sigreg+proto] epoch 3/5  sigreg=0.1333  proto=6.8636  min_dist=5.02  mean_dist=15.85
  [sigreg+proto] epoch 4/5  sigreg=0.1366  proto=8.9135  min_dist=5.02  mean_dist=15.85
  [sigreg+proto] epoch 5/5  sigreg=0.1344  proto=6.4793  min_dist=5.03  mean_dist=15.85
  round 1: pool=190 purity=0.611 k-hat=4 anchors=4  margin=0.8160  mean-anchor=0.6929  
    merged 9 -> 6 anchors
  [sigreg+proto] epoch 1/5  sigreg=0.1474  proto=10.4363  min_dist=4.07  mean_dist=16.14
  [sigreg+proto] epoch 2/5  sigreg=0.1487  proto=9.0448  min_dist=4.08  mean_dist=16.13
  [sigreg+proto] epoch 3/5  sigreg=0.1419  proto=9.6309  min_dist=4.08  mean_dist=16.13
  [sigreg+proto] epoch 4/5  sigreg=0.1355  proto=8.6861  min_dist=4.09  mean_dist=16.13
  [sigreg+proto] epoch 5/5  sigreg=0.1413  proto=7.7373  min_dist=4.09  mean_dist=16.13
  round 2: pool=197 purity=0.624 k-hat=5 anchors=6  margin=0.8108  mean-anchor=0.7198  
    [np   frozen     ] purity r1=0.611 r2=0.624  probe 0.869->0.869  eucl 0.779->0.779  perevt 0.247->0.247  drift 0.000
  [sigreg+proto] epoch 1/5  sigreg=0.1397  proto=9.4558  min_dist=5.01  mean_dist=15.85
  [sigreg+proto] epoch 2/5  sigreg=0.1397  proto=11.4391  min_dist=5.01  mean_dist=15.85
  [sigreg+proto] epoch 3/5  sigreg=0.1360  proto=7.2113  min_dist=5.02  mean_dist=15.85
  [sigreg+proto] epoch 4/5  sigreg=0.1378  proto=9.3802  min_dist=5.02  mean_dist=15.84
  [sigreg+proto] epoch 5/5  sigreg=0.1376  proto=6.7881  min_dist=5.03  mean_dist=15.84
  round 1: pool=190 purity=0.611 k-hat=4 anchors=4  margin=0.8165  mean-anchor=0.6909  
    merged 10 -> 7 anchors
  [sigreg+proto] epoch 1/5  sigreg=0.1528  proto=7.3193  min_dist=5.04  mean_dist=16.30
  [sigreg+proto] epoch 2/5  sigreg=0.1604  proto=8.9912  min_dist=5.04  mean_dist=16.30
  [sigreg+proto] epoch 3/5  sigreg=0.1563  proto=7.8721  min_dist=5.05  mean_dist=16.30
  [sigreg+proto] epoch 4/5  sigreg=0.1507  proto=7.6722  min_dist=5.06  mean_dist=16.30
  [sigreg+proto] epoch 5/5  sigreg=0.1486  proto=7.8911  min_dist=5.06  mean_dist=16.30
  round 2: pool=197 purity=0.624 k-hat=6 anchors=7  margin=0.7999  mean-anchor=0.7043  
    [np   corpus-norm] purity r1=0.611 r2=0.624  probe 0.869->0.856  eucl 0.779->0.776  perevt 0.247->0.242  drift 0.036

===== EXP135 SUMMARY (paired frozen vs corpus-norm; gate 0.15) =====
  cell|arm|scorer                              r1  r2 frz   r2 cn    d r2    probe frz/cn  drift
  dtd:dino|frozen|dist                    0.668   0.383   0.378  -0.005   0.869/0.844    0.037
  dtd:dino|frozen|np                      0.611   0.624   0.624  +0.000   0.869/0.856    0.036

wrote logs/exp135/corpus_norm_dtd-dino_frozen.json
EXP135 DONE.
