/home/pharris/venv/lib64/python3.9/site-packages/networkx/utils/backends.py:135: RuntimeWarning: networkx backend defined more than once: nx-loopback
  backends.update(_get_backends("networkx.backends"))

######## aircraft:visreg_h1_d3: holdouts=[96] ########

  --- frozen: pre probe=0.9099 eucl=0.5385 mahaT=0.6925 perevt=0.061
  [sigreg+proto] epoch 1/5  sigreg=0.2043  proto=97.0709  min_dist=3.39  mean_dist=15.03
  [sigreg+proto] epoch 2/5  sigreg=0.2029  proto=94.8794  min_dist=3.59  mean_dist=15.07
  [sigreg+proto] epoch 3/5  sigreg=0.2042  proto=92.0808  min_dist=3.71  mean_dist=15.10
  [sigreg+proto] epoch 4/5  sigreg=0.1972  proto=87.5668  min_dist=3.77  mean_dist=15.13
  [sigreg+proto] epoch 5/5  sigreg=0.2003  proto=88.1979  min_dist=3.83  mean_dist=15.15
  round 1: pool=332 purity=0.006 k-hat=4 anchors=4  margin=0.4429  mean-anchor=0.5768  96=0.577
  [sigreg+proto] epoch 1/5  sigreg=0.2136  proto=91.1010  min_dist=3.92  mean_dist=16.56
  [sigreg+proto] epoch 2/5  sigreg=0.2172  proto=85.0762  min_dist=4.00  mean_dist=16.57
  [sigreg+proto] epoch 3/5  sigreg=0.2174  proto=88.8910  min_dist=4.08  mean_dist=16.59
  [sigreg+proto] epoch 4/5  sigreg=0.2065  proto=77.9534  min_dist=4.16  mean_dist=16.60
  [sigreg+proto] epoch 5/5  sigreg=0.2208  proto=81.4281  min_dist=4.25  mean_dist=16.61
  round 2: pool=332 purity=0.006 k-hat=4 anchors=8  margin=0.3703  mean-anchor=0.4443  96=0.444
    [dist frozen     ] purity r1=0.006 r2=0.006  probe 0.910->0.910  eucl 0.538->0.538  perevt 0.061->0.061  drift 0.000
  [sigreg+proto] epoch 1/5  sigreg=0.2057  proto=93.0663  min_dist=3.37  mean_dist=15.02
  [sigreg+proto] epoch 2/5  sigreg=0.2054  proto=92.1244  min_dist=3.55  mean_dist=15.05
  [sigreg+proto] epoch 3/5  sigreg=0.2113  proto=85.9552  min_dist=3.69  mean_dist=15.08
  [sigreg+proto] epoch 4/5  sigreg=0.2027  proto=82.6302  min_dist=3.76  mean_dist=15.10
  [sigreg+proto] epoch 5/5  sigreg=0.2025  proto=83.9529  min_dist=3.83  mean_dist=15.11
  round 1: pool=332 purity=0.006 k-hat=4 anchors=4  margin=0.4480  mean-anchor=0.5892  96=0.589
  [sigreg+proto] epoch 1/5  sigreg=0.2146  proto=84.1104  min_dist=3.92  mean_dist=16.16
  [sigreg+proto] epoch 2/5  sigreg=0.2239  proto=75.2015  min_dist=4.00  mean_dist=16.17
  [sigreg+proto] epoch 3/5  sigreg=0.2183  proto=84.7416  min_dist=4.06  mean_dist=16.17
  [sigreg+proto] epoch 4/5  sigreg=0.2252  proto=75.1985  min_dist=4.14  mean_dist=16.17
  [sigreg+proto] epoch 5/5  sigreg=0.2270  proto=71.5412  min_dist=4.21  mean_dist=16.17
  round 2: pool=331 purity=0.003 k-hat=3 anchors=7  margin=0.4253  mean-anchor=0.4818  96=0.482
    [dist corpus-norm] purity r1=0.006 r2=0.003  probe 0.910->0.958  eucl 0.538->0.536  perevt 0.061->0.061  drift 0.077
  [sigreg+proto] epoch 1/5  sigreg=0.2092  proto=103.5144  min_dist=3.38  mean_dist=13.65
  [sigreg+proto] epoch 2/5  sigreg=0.2073  proto=102.5125  min_dist=3.59  mean_dist=13.72
  [sigreg+proto] epoch 3/5  sigreg=0.2091  proto=101.4135  min_dist=3.71  mean_dist=13.77
  [sigreg+proto] epoch 4/5  sigreg=0.2122  proto=100.8596  min_dist=3.82  mean_dist=13.81
  [sigreg+proto] epoch 5/5  sigreg=0.2089  proto=98.7994  min_dist=3.91  mean_dist=13.84
  round 1: pool=335 purity=0.015 k-hat=3 anchors=3  margin=0.4549  mean-anchor=0.8007  96=0.801
    merged 6 -> 5 anchors
  [sigreg+proto] epoch 1/5  sigreg=0.2130  proto=104.5570  min_dist=4.02  mean_dist=14.17
  [sigreg+proto] epoch 2/5  sigreg=0.2200  proto=103.7824  min_dist=4.00  mean_dist=14.22
  [sigreg+proto] epoch 3/5  sigreg=0.2124  proto=103.1122  min_dist=3.97  mean_dist=14.26
  [sigreg+proto] epoch 4/5  sigreg=0.2125  proto=97.2343  min_dist=3.96  mean_dist=14.29
  [sigreg+proto] epoch 5/5  sigreg=0.2065  proto=98.8536  min_dist=3.97  mean_dist=14.31
  round 2: pool=336 purity=0.018 k-hat=3 anchors=5  margin=0.4522  mean-anchor=0.8106  96=0.811
    [np   frozen     ] purity r1=0.015 r2=0.018  probe 0.910->0.910  eucl 0.538->0.538  perevt 0.061->0.061  drift 0.000
  [sigreg+proto] epoch 1/5  sigreg=0.2130  proto=106.2216  min_dist=3.37  mean_dist=13.65
  [sigreg+proto] epoch 2/5  sigreg=0.2100  proto=104.6671  min_dist=3.56  mean_dist=13.70
  [sigreg+proto] epoch 3/5  sigreg=0.2126  proto=104.2854  min_dist=3.71  mean_dist=13.74
  [sigreg+proto] epoch 4/5  sigreg=0.2159  proto=105.5110  min_dist=3.82  mean_dist=13.78
  [sigreg+proto] epoch 5/5  sigreg=0.2119  proto=101.8019  min_dist=3.90  mean_dist=13.81
  round 1: pool=335 purity=0.015 k-hat=3 anchors=3  margin=0.4539  mean-anchor=0.8007  96=0.801
  [sigreg+proto] epoch 1/5  sigreg=0.2206  proto=105.2309  min_dist=4.08  mean_dist=14.34
  [sigreg+proto] epoch 2/5  sigreg=0.2180  proto=104.1138  min_dist=4.14  mean_dist=14.39
  [sigreg+proto] epoch 3/5  sigreg=0.2206  proto=103.4492  min_dist=4.17  mean_dist=14.42
  [sigreg+proto] epoch 4/5  sigreg=0.2224  proto=102.6942  min_dist=4.21  mean_dist=14.45
  [sigreg+proto] epoch 5/5  sigreg=0.2219  proto=103.6995  min_dist=4.26  mean_dist=14.48
  round 2: pool=336 purity=0.018 k-hat=3 anchors=6  margin=0.4310  mean-anchor=0.8074  96=0.807
    [np   corpus-norm] purity r1=0.015 r2=0.018  probe 0.910->0.966  eucl 0.538->0.540  perevt 0.061->0.061  drift 0.036

===== EXP135 SUMMARY_h1_d3 (paired frozen vs corpus-norm; gate 0.15) =====
  cell|arm|scorer                              r1  r2 frz   r2 cn    d r2    probe frz/cn  drift
  aircraft:visreg|frozen|dist             0.006   0.006   0.003  -0.003   0.910/0.958    0.077
  aircraft:visreg|frozen|np               0.015   0.018   0.018  +0.000   0.910/0.966    0.036

wrote logs/exp135/corpus_norm_aircraft-visreg_frozen_h1_d3.json
EXP135 DONE.
