/home/pharris/venv/lib64/python3.9/site-packages/networkx/utils/backends.py:135: RuntimeWarning: networkx backend defined more than once: nx-loopback
  backends.update(_get_backends("networkx.backends"))
Using cache found in /home/pharris/.cache/torch/hub/facebookresearch_dino_main
exp70 [dtd_dino_ft70_h1_d3_gcd] end-to-end ft suite, arms=['gcd-ft', 'gcd-sigreg-ft'], ft_epochs=20, emb=100, holdouts 38-38 EXCLUDED from ft
  ft corpus: 3680/3760 train images (holdout classes removed)

===== [gcd-ft] (supervised) =====
  gcd corpus: all 3760 train images, 80 unlabelled (held-out classes, label -1)
  [gcd-ft] epoch 1/20  main=2.2795  aux=0.0000
  [gcd-ft] epoch 5/20  main=2.0214  aux=0.0000
  [gcd-ft] epoch 10/20  main=1.9013  aux=0.0000
  [gcd-ft] epoch 15/20  main=1.8572  aux=0.0000
  [gcd-ft] epoch 20/20  main=1.8174  aux=0.0000
  extracted ft70_gcd-ft train: (3760, 768)
Using cache found in /home/pharris/.cache/torch/hub/facebookresearch_dino_main
  extracted ft70_gcd-ft test: (1880, 768)
  [gcd-ft        ] probe=0.9895+-0.0001 acc=0.7288 supAUC=0.9759 eucl=0.9155 mahaT=0.9509 mahaPC=0.9257 lid=0.9610

===== [gcd-sigreg-ft] (supervised) =====
  gcd corpus: all 3760 train images, 80 unlabelled (held-out classes, label -1)
  [gcd-sigreg-ft] epoch 1/20  main=2.3077  aux=0.7172
  [gcd-sigreg-ft] epoch 5/20  main=2.0783  aux=0.4980
  [gcd-sigreg-ft] epoch 10/20  main=1.9703  aux=0.4603
  [gcd-sigreg-ft] epoch 15/20  main=1.9093  aux=0.4460
  [gcd-sigreg-ft] epoch 20/20  main=1.9031  aux=0.4431
  extracted ft70_gcd-sigreg-ft train: (3760, 768)
  extracted ft70_gcd-sigreg-ft test: (1880, 768)
  [gcd-sigreg-ft ] probe=0.9403+-0.0035 acc=0.7554 supAUC=0.9818 eucl=0.9718 mahaT=0.9856 mahaPC=0.9711 lid=0.9217

===== PRE table =====
  arm                        probe     acc  supAUC    eucl   mahaT  mahaPC
  gcd-ft             0.9895+-0.0001  0.7288  0.9759  0.9155  0.9509  0.9257
  gcd-sigreg-ft      0.9403+-0.0035  0.7554  0.9818  0.9718  0.9856  0.9711

===== gaussianity (seen classes, test set) =====
  metric                            gcd-ft gcd-sigreg-ft
  eig min (class cov)               -0.000        -0.000
  eig max (class cov)               95.740        18.964
  eig cond worst            95740206514176.018963937361920.0
  class RMS min                      0.517         0.413
  class RMS mean                     0.727         0.532
  class RMS max                      1.127         0.672
  max |corr| (worst class)           0.989         0.950
  SW ratio mean                       1.64          1.69
  SW ratio worst                      3.21          3.54
  |skew| mean                        0.444         0.471
  |ex-kurt| mean                     0.876         0.862
  centroid dist min                   3.40          2.52
  centroid dist mean                 15.08         10.05
  separation (min d/RMS)              4.68          4.75

===== PRE power batteries =====
  [gcd-ft] per-event pre power=0.700
  [gcd-ft] sparker (annealed)
    pre-spk f=0.003: power=0.080 [0.042,0.138] (4/50)
    pre-spk f=0.01: power=0.720 [0.643,0.787] (36/50)
    pre-spk f=0.02: power=1.000 [0.964,1.000] (50/50)
    pre-spk f=0.05: power=1.000 [0.964,1.000] (50/50)
    pre-spk f=0.1: power=1.000 [0.964,1.000] (50/50)
  [gcd-ft] maha
    pre-maha f=0.003: power=0.160 [0.107,0.229] (8/50)
    pre-maha f=0.01: power=0.440 [0.362,0.520] (22/50)
    pre-maha f=0.02: power=0.880 [0.816,0.926] (44/50)
    pre-maha f=0.05: power=1.000 [0.964,1.000] (50/50)
    pre-maha f=0.1: power=1.000 [0.964,1.000] (50/50)
  [gcd-ft] mmd
    pre-mmd f=0.003: power=0.060 [0.028,0.115] (3/50)
    pre-mmd f=0.01: power=0.100 [0.058,0.162] (5/50)
    pre-mmd f=0.02: power=0.100 [0.058,0.162] (5/50)
    pre-mmd f=0.05: power=0.960 [0.910,0.986] (48/50)
    pre-mmd f=0.1: power=1.000 [0.964,1.000] (50/50)
  [gcd-sigreg-ft] per-event pre power=0.900
  [gcd-sigreg-ft] sparker (annealed)
    pre-spk f=0.003: power=0.140 [0.090,0.207] (7/50)
    pre-spk f=0.01: power=0.540 [0.460,0.618] (27/50)
    pre-spk f=0.02: power=0.980 [0.936,0.997] (49/50)
    pre-spk f=0.05: power=1.000 [0.964,1.000] (50/50)
    pre-spk f=0.1: power=1.000 [0.964,1.000] (50/50)
  [gcd-sigreg-ft] maha
    pre-maha f=0.003: power=0.100 [0.058,0.162] (5/50)
    pre-maha f=0.01: power=0.660 [0.581,0.732] (33/50)
    pre-maha f=0.02: power=1.000 [0.964,1.000] (50/50)
    pre-maha f=0.05: power=1.000 [0.964,1.000] (50/50)
    pre-maha f=0.1: power=1.000 [0.964,1.000] (50/50)
  [gcd-sigreg-ft] mmd
    pre-mmd f=0.003: power=0.080 [0.042,0.138] (4/50)
    pre-mmd f=0.01: power=0.200 [0.141,0.273] (10/50)
    pre-mmd f=0.02: power=0.140 [0.090,0.207] (7/50)
    pre-mmd f=0.05: power=1.000 [0.964,1.000] (50/50)
    pre-mmd f=0.1: power=1.000 [0.964,1.000] (50/50)

===== EXP70 PEREVENT PRE POWER =====
  arm                 0.003     0.01     0.02     0.05      0.1
  gcd-ft              0.700    0.700    0.700    0.700    0.700
  gcd-sigreg-ft       0.900    0.900    0.900    0.900    0.900
  saved /home/pharris/sigreg/SuperSig/plots/exp70_perevent_power_pre_dtd_dino_ft70_h1_d3_gcd.png

===== EXP70 SPARKER PRE POWER =====
  arm                 0.003     0.01     0.02     0.05      0.1
  gcd-ft              0.080    0.720    1.000    1.000    1.000
  gcd-sigreg-ft       0.140    0.540    0.980    1.000    1.000
  saved /home/pharris/sigreg/SuperSig/plots/exp70_sparker_power_pre_dtd_dino_ft70_h1_d3_gcd.png

===== EXP70 MAHA PRE POWER =====
  arm                 0.003     0.01     0.02     0.05      0.1
  gcd-ft              0.160    0.440    0.880    1.000    1.000
  gcd-sigreg-ft       0.100    0.660    1.000    1.000    1.000
  saved /home/pharris/sigreg/SuperSig/plots/exp70_maha_power_pre_dtd_dino_ft70_h1_d3_gcd.png

===== EXP70 MMD PRE POWER =====
  arm                 0.003     0.01     0.02     0.05      0.1
  gcd-ft              0.060    0.100    0.100    0.960    1.000
  gcd-sigreg-ft       0.080    0.200    0.140    1.000    1.000
  saved /home/pharris/sigreg/SuperSig/plots/exp70_mmd_power_pre_dtd_dino_ft70_h1_d3_gcd.png

----- natural discovery: gcd-ft -----
  [sigreg+proto] epoch 1/5  sigreg=0.3622  proto=4.8297  min_dist=4.10  mean_dist=18.58
  [sigreg+proto] epoch 2/5  sigreg=0.4131  proto=5.6100  min_dist=4.16  mean_dist=18.58
  [sigreg+proto] epoch 3/5  sigreg=0.4656  proto=2.5154  min_dist=4.21  mean_dist=18.57
  [sigreg+proto] epoch 4/5  sigreg=0.4516  proto=2.1635  min_dist=4.26  mean_dist=18.57
  [sigreg+proto] epoch 5/5  sigreg=0.4369  proto=1.5868  min_dist=4.31  mean_dist=18.57
  round 1: pool=238 purity=0.227 k-hat=4 anchors=4  margin=0.9372  mean-anchor=0.7116  38=0.712
  [sigreg+proto] epoch 1/5  sigreg=0.5276  proto=5.7031  min_dist=3.13  mean_dist=19.09
  [sigreg+proto] epoch 2/5  sigreg=0.5437  proto=3.9694  min_dist=3.13  mean_dist=19.10
  [sigreg+proto] epoch 3/5  sigreg=0.5387  proto=2.5180  min_dist=3.13  mean_dist=19.10
  [sigreg+proto] epoch 4/5  sigreg=0.4892  proto=2.2022  min_dist=3.14  mean_dist=19.10
  [sigreg+proto] epoch 5/5  sigreg=0.4735  proto=1.6676  min_dist=3.14  mean_dist=19.11
  round 2: pool=224 purity=0.179 k-hat=4 anchors=8  margin=0.9374  mean-anchor=0.8496  38=0.850
  [gcd-ft] probe 0.9895 -> 0.9747  eucl 0.9155 -> 0.9310  mahaT 0.9509 -> 0.9642

----- natural discovery: gcd-sigreg-ft -----
  [sigreg+proto] epoch 1/5  sigreg=0.3538  proto=1.6927  min_dist=2.69  mean_dist=11.52
  [sigreg+proto] epoch 2/5  sigreg=0.3893  proto=0.8879  min_dist=2.77  mean_dist=11.57
  [sigreg+proto] epoch 3/5  sigreg=0.3673  proto=0.7955  min_dist=2.85  mean_dist=11.63
  [sigreg+proto] epoch 4/5  sigreg=0.3411  proto=0.7082  min_dist=2.93  mean_dist=11.68
  [sigreg+proto] epoch 5/5  sigreg=0.3262  proto=0.6149  min_dist=3.01  mean_dist=11.74
  round 1: pool=259 purity=0.290 k-hat=4 anchors=4  margin=0.9543  mean-anchor=0.9378  38=0.938
    merged 8 -> 6 anchors
  [sigreg+proto] epoch 1/5  sigreg=0.3221  proto=0.8067  min_dist=3.10  mean_dist=11.67
  [sigreg+proto] epoch 2/5  sigreg=0.3062  proto=1.0213  min_dist=3.18  mean_dist=11.72
  [sigreg+proto] epoch 3/5  sigreg=0.3178  proto=0.6554  min_dist=3.26  mean_dist=11.78
  [sigreg+proto] epoch 4/5  sigreg=0.3060  proto=0.8326  min_dist=3.34  mean_dist=11.84
  [sigreg+proto] epoch 5/5  sigreg=0.2965  proto=0.6629  min_dist=3.41  mean_dist=11.89
  round 2: pool=204 purity=0.098 k-hat=4 anchors=6  margin=0.9666  mean-anchor=0.9428  38=0.943
  [gcd-sigreg-ft] probe 0.9403 -> 0.9385  eucl 0.9718 -> 0.9644  mahaT 0.9856 -> 0.9737

===== POST grid, f=0.003 (11 injected) =====
  [sigreg+proto] epoch 1/5  sigreg=0.3995  proto=8.9247  min_dist=4.09  mean_dist=17.99
  [sigreg+proto] epoch 2/5  sigreg=0.4251  proto=3.6482  min_dist=4.13  mean_dist=17.98
  [sigreg+proto] epoch 3/5  sigreg=0.4069  proto=2.5978  min_dist=4.20  mean_dist=17.97
  [sigreg+proto] epoch 4/5  sigreg=0.4195  proto=3.3225  min_dist=4.26  mean_dist=17.97
  [sigreg+proto] epoch 5/5  sigreg=0.4365  proto=2.4172  min_dist=4.33  mean_dist=17.97
  round 1: pool=191 purity=0.037 k-hat=4 anchors=4  margin=0.8931  mean-anchor=0.5225  38=0.522
  [sigreg+proto] epoch 1/5  sigreg=0.5012  proto=4.7797  min_dist=4.39  mean_dist=18.33
  [sigreg+proto] epoch 2/5  sigreg=0.4848  proto=3.4857  min_dist=4.45  mean_dist=18.33
  [sigreg+proto] epoch 3/5  sigreg=0.4430  proto=2.6629  min_dist=4.52  mean_dist=18.34
  [sigreg+proto] epoch 4/5  sigreg=0.4528  proto=2.5752  min_dist=4.58  mean_dist=18.34
  [sigreg+proto] epoch 5/5  sigreg=0.4524  proto=2.2093  min_dist=4.64  mean_dist=18.35
  round 2: pool=190 purity=0.032 k-hat=4 anchors=8  margin=0.9203  mean-anchor=0.5530  38=0.553
  [gcd-ft] per-event post f=0.003: power=0.550
  [gcd-ft] sparker (post, annealed)
    post-spk f=0.003: power=0.000 [0.000,0.036] (0/50)
  [gcd-ft] maha (post)
    post-maha f=0.003: power=0.160 [0.107,0.229] (8/50)
  [gcd-ft] mmd (post)
    post-mmd f=0.003: power=0.000 [0.000,0.036] (0/50)
  [sigreg+proto] epoch 1/5  sigreg=0.3566  proto=1.4366  min_dist=2.21  mean_dist=11.46
  [sigreg+proto] epoch 2/5  sigreg=0.3830  proto=1.2469  min_dist=2.30  mean_dist=11.52
  [sigreg+proto] epoch 3/5  sigreg=0.3749  proto=0.8860  min_dist=2.38  mean_dist=11.57
  [sigreg+proto] epoch 4/5  sigreg=0.3490  proto=0.6778  min_dist=2.47  mean_dist=11.63
  [sigreg+proto] epoch 5/5  sigreg=0.3261  proto=0.5107  min_dist=2.54  mean_dist=11.68
  round 1: pool=194 purity=0.052 k-hat=4 anchors=4  margin=0.8860  mean-anchor=0.4291  38=0.429
    merged 8 -> 6 anchors
  [sigreg+proto] epoch 1/5  sigreg=0.3159  proto=0.8838  min_dist=2.63  mean_dist=11.61
  [sigreg+proto] epoch 2/5  sigreg=0.3131  proto=0.9744  min_dist=2.71  mean_dist=11.66
  [sigreg+proto] epoch 3/5  sigreg=0.3074  proto=0.9444  min_dist=2.80  mean_dist=11.72
  [sigreg+proto] epoch 4/5  sigreg=0.3058  proto=0.7402  min_dist=2.88  mean_dist=11.77
  [sigreg+proto] epoch 5/5  sigreg=0.2961  proto=0.7965  min_dist=2.95  mean_dist=11.83
  round 2: pool=193 purity=0.047 k-hat=4 anchors=6  margin=0.9118  mean-anchor=0.5383  38=0.538
  [gcd-sigreg-ft] per-event post f=0.003: power=0.450
  [gcd-sigreg-ft] sparker (post, annealed)
    post-spk f=0.003: power=0.040 [0.014,0.090] (2/50)
  [gcd-sigreg-ft] maha (post)
    post-maha f=0.003: power=0.220 [0.159,0.294] (11/50)
  [gcd-sigreg-ft] mmd (post)
    post-mmd f=0.003: power=0.000 [0.000,0.036] (0/50)

===== POST grid, f=0.01 (37 injected) =====
  [sigreg+proto] epoch 1/5  sigreg=0.3603  proto=5.0181  min_dist=4.10  mean_dist=18.78
  [sigreg+proto] epoch 2/5  sigreg=0.3783  proto=4.7061  min_dist=4.15  mean_dist=18.77
  [sigreg+proto] epoch 3/5  sigreg=0.4234  proto=2.2660  min_dist=4.20  mean_dist=18.77
  [sigreg+proto] epoch 4/5  sigreg=0.4220  proto=2.8347  min_dist=4.25  mean_dist=18.77
  [sigreg+proto] epoch 5/5  sigreg=0.4361  proto=1.8559  min_dist=4.30  mean_dist=18.77
  round 1: pool=209 purity=0.120 k-hat=4 anchors=4  margin=0.9298  mean-anchor=0.6878  38=0.688
  [sigreg+proto] epoch 1/5  sigreg=0.4716  proto=5.0155  min_dist=4.38  mean_dist=18.47
  [sigreg+proto] epoch 2/5  sigreg=0.4956  proto=4.0736  min_dist=4.44  mean_dist=18.47
  [sigreg+proto] epoch 3/5  sigreg=0.5276  proto=2.7046  min_dist=4.48  mean_dist=18.47
  [sigreg+proto] epoch 4/5  sigreg=0.4792  proto=2.4485  min_dist=4.53  mean_dist=18.47
  [sigreg+proto] epoch 5/5  sigreg=0.4562  proto=2.7414  min_dist=4.58  mean_dist=18.47
  round 2: pool=206 purity=0.107 k-hat=4 anchors=8  margin=0.9407  mean-anchor=0.9221  38=0.922
  [gcd-ft] per-event post f=0.01: power=0.750
  [gcd-ft] sparker (post, annealed)
    post-spk f=0.01: power=0.420 [0.343,0.500] (21/50)
  [gcd-ft] maha (post)
    post-maha f=0.01: power=0.300 [0.231,0.378] (15/50)
  [gcd-ft] mmd (post)
    post-mmd f=0.01: power=0.000 [0.000,0.036] (0/50)
  [sigreg+proto] epoch 1/5  sigreg=0.3459  proto=1.5465  min_dist=2.69  mean_dist=11.50
  [sigreg+proto] epoch 2/5  sigreg=0.3759  proto=1.0495  min_dist=2.78  mean_dist=11.56
  [sigreg+proto] epoch 3/5  sigreg=0.3573  proto=0.9779  min_dist=2.86  mean_dist=11.61
  [sigreg+proto] epoch 4/5  sigreg=0.3466  proto=0.7912  min_dist=2.94  mean_dist=11.67
  [sigreg+proto] epoch 5/5  sigreg=0.3402  proto=0.4199  min_dist=3.02  mean_dist=11.73
  round 1: pool=219 purity=0.160 k-hat=4 anchors=4  margin=0.9647  mean-anchor=0.9605  38=0.961
  [sigreg+proto] epoch 1/5  sigreg=0.3043  proto=1.0322  min_dist=3.10  mean_dist=11.47
  [sigreg+proto] epoch 2/5  sigreg=0.3194  proto=0.8567  min_dist=3.18  mean_dist=11.53
  [sigreg+proto] epoch 3/5  sigreg=0.3125  proto=1.0946  min_dist=3.26  mean_dist=11.59
  [sigreg+proto] epoch 4/5  sigreg=0.3120  proto=0.8383  min_dist=3.33  mean_dist=11.64
  [sigreg+proto] epoch 5/5  sigreg=0.3009  proto=0.7888  min_dist=3.40  mean_dist=11.70
  round 2: pool=194 purity=0.052 k-hat=4 anchors=8  margin=0.9525  mean-anchor=0.9483  38=0.948
  [gcd-sigreg-ft] per-event post f=0.01: power=0.800
  [gcd-sigreg-ft] sparker (post, annealed)
    post-spk f=0.01: power=0.300 [0.231,0.378] (15/50)
  [gcd-sigreg-ft] maha (post)
    post-maha f=0.01: power=0.460 [0.382,0.540] (23/50)
  [gcd-sigreg-ft] mmd (post)
    post-mmd f=0.01: power=0.040 [0.014,0.090] (2/50)

===== POST grid, f=0.02 (75 injected) =====
  [sigreg+proto] epoch 1/5  sigreg=0.3770  proto=7.8742  min_dist=4.11  mean_dist=17.96
  [sigreg+proto] epoch 2/5  sigreg=0.4496  proto=5.9676  min_dist=4.15  mean_dist=17.95
  [sigreg+proto] epoch 3/5  sigreg=0.4229  proto=3.6154  min_dist=4.19  mean_dist=17.94
  [sigreg+proto] epoch 4/5  sigreg=0.4647  proto=2.4532  min_dist=4.23  mean_dist=17.94
  [sigreg+proto] epoch 5/5  sigreg=0.4628  proto=2.0590  min_dist=4.28  mean_dist=17.94
  round 1: pool=233 purity=0.210 k-hat=4 anchors=4  margin=0.9379  mean-anchor=0.7696  38=0.770
  [sigreg+proto] epoch 1/5  sigreg=0.4468  proto=4.7471  min_dist=4.36  mean_dist=17.82
  [sigreg+proto] epoch 2/5  sigreg=0.5074  proto=3.6084  min_dist=4.43  mean_dist=17.83
  [sigreg+proto] epoch 3/5  sigreg=0.5027  proto=3.3079  min_dist=4.50  mean_dist=17.83
  [sigreg+proto] epoch 4/5  sigreg=0.4809  proto=2.6216  min_dist=4.56  mean_dist=17.84
  [sigreg+proto] epoch 5/5  sigreg=0.4564  proto=2.3090  min_dist=4.62  mean_dist=17.84
  round 2: pool=219 purity=0.160 k-hat=4 anchors=8  margin=0.9348  mean-anchor=0.9179  38=0.918
  [gcd-ft] per-event post f=0.02: power=0.775
  [gcd-ft] sparker (post, annealed)
    post-spk f=0.02: power=0.820 [0.749,0.876] (41/50)
  [gcd-ft] maha (post)
    post-maha f=0.02: power=0.900 [0.838,0.942] (45/50)
  [gcd-ft] mmd (post)
    post-mmd f=0.02: power=0.080 [0.042,0.138] (4/50)
  [sigreg+proto] epoch 1/5  sigreg=0.3464  proto=1.3925  min_dist=2.70  mean_dist=11.53
  [sigreg+proto] epoch 2/5  sigreg=0.3836  proto=0.9715  min_dist=2.78  mean_dist=11.58
  [sigreg+proto] epoch 3/5  sigreg=0.3794  proto=1.0500  min_dist=2.87  mean_dist=11.64
  [sigreg+proto] epoch 4/5  sigreg=0.3537  proto=0.5228  min_dist=2.95  mean_dist=11.69
  [sigreg+proto] epoch 5/5  sigreg=0.3163  proto=0.8021  min_dist=3.03  mean_dist=11.75
  round 1: pool=254 purity=0.276 k-hat=4 anchors=4  margin=0.9574  mean-anchor=0.9560  38=0.956
    merged 8 -> 7 anchors
  [sigreg+proto] epoch 1/5  sigreg=0.3088  proto=1.1784  min_dist=3.11  mean_dist=11.54
  [sigreg+proto] epoch 2/5  sigreg=0.3436  proto=0.9224  min_dist=3.19  mean_dist=11.59
  [sigreg+proto] epoch 3/5  sigreg=0.3388  proto=0.8073  min_dist=3.26  mean_dist=11.65
  [sigreg+proto] epoch 4/5  sigreg=0.3225  proto=0.5895  min_dist=3.34  mean_dist=11.70
  [sigreg+proto] epoch 5/5  sigreg=0.2903  proto=0.6378  min_dist=3.41  mean_dist=11.76
  round 2: pool=206 purity=0.107 k-hat=4 anchors=7  margin=0.9614  mean-anchor=0.9593  38=0.959
  [gcd-sigreg-ft] per-event post f=0.02: power=0.825
  [gcd-sigreg-ft] sparker (post, annealed)
    post-spk f=0.02: power=0.980 [0.936,0.997] (49/50)
  [gcd-sigreg-ft] maha (post)
    post-maha f=0.02: power=0.960 [0.910,0.986] (48/50)
  [gcd-sigreg-ft] mmd (post)
    post-mmd f=0.02: power=0.320 [0.249,0.399] (16/50)

===== POST grid, f=0.05 (80 injected) =====
  [sigreg+proto] epoch 1/5  sigreg=0.3991  proto=7.1332  min_dist=4.11  mean_dist=18.31
  [sigreg+proto] epoch 2/5  sigreg=0.4470  proto=2.8454  min_dist=4.15  mean_dist=18.30
  [sigreg+proto] epoch 3/5  sigreg=0.3957  proto=1.7695  min_dist=4.21  mean_dist=18.30
  [sigreg+proto] epoch 4/5  sigreg=0.3786  proto=1.0240  min_dist=4.26  mean_dist=18.30
  [sigreg+proto] epoch 5/5  sigreg=0.3604  proto=1.5645  min_dist=4.32  mean_dist=18.31
  round 1: pool=238 purity=0.227 k-hat=4 anchors=4  margin=0.9331  mean-anchor=0.6516  38=0.652
  [sigreg+proto] epoch 1/5  sigreg=0.4526  proto=5.9779  min_dist=4.39  mean_dist=18.30
  [sigreg+proto] epoch 2/5  sigreg=0.5009  proto=4.0544  min_dist=4.44  mean_dist=18.30
  [sigreg+proto] epoch 3/5  sigreg=0.5014  proto=2.3621  min_dist=4.48  mean_dist=18.30
  [sigreg+proto] epoch 4/5  sigreg=0.4364  proto=2.7241  min_dist=4.53  mean_dist=18.30
  [sigreg+proto] epoch 5/5  sigreg=0.4417  proto=1.8744  min_dist=4.58  mean_dist=18.31
  round 2: pool=231 purity=0.203 k-hat=4 anchors=8  margin=0.9535  mean-anchor=0.9337  38=0.934
  [gcd-ft] per-event post f=0.05: power=0.775
  [gcd-ft] sparker (post, annealed)
    post-spk f=0.05: power=1.000 [0.964,1.000] (50/50)
  [gcd-ft] maha (post)
    post-maha f=0.05: power=1.000 [0.964,1.000] (50/50)
  [gcd-ft] mmd (post)
    post-mmd f=0.05: power=0.700 [0.622,0.769] (35/50)
  [sigreg+proto] epoch 1/5  sigreg=0.3631  proto=1.2929  min_dist=2.69  mean_dist=11.50
  [sigreg+proto] epoch 2/5  sigreg=0.3869  proto=0.9237  min_dist=2.78  mean_dist=11.56
  [sigreg+proto] epoch 3/5  sigreg=0.3582  proto=0.9521  min_dist=2.86  mean_dist=11.62
  [sigreg+proto] epoch 4/5  sigreg=0.3553  proto=0.6482  min_dist=2.95  mean_dist=11.67
  [sigreg+proto] epoch 5/5  sigreg=0.3292  proto=0.6072  min_dist=3.02  mean_dist=11.73
  round 1: pool=259 purity=0.290 k-hat=4 anchors=4  margin=0.9572  mean-anchor=0.9446  38=0.945
    merged 8 -> 7 anchors
  [sigreg+proto] epoch 1/5  sigreg=0.3261  proto=1.2924  min_dist=3.09  mean_dist=11.58
  [sigreg+proto] epoch 2/5  sigreg=0.3418  proto=0.9428  min_dist=3.12  mean_dist=11.63
  [sigreg+proto] epoch 3/5  sigreg=0.3236  proto=0.6789  min_dist=3.14  mean_dist=11.69
  [sigreg+proto] epoch 4/5  sigreg=0.2890  proto=0.7094  min_dist=3.17  mean_dist=11.74
  [sigreg+proto] epoch 5/5  sigreg=0.2872  proto=0.6135  min_dist=3.19  mean_dist=11.80
  round 2: pool=203 purity=0.094 k-hat=4 anchors=7  margin=0.9609  mean-anchor=0.9633  38=0.963
  [gcd-sigreg-ft] per-event post f=0.05: power=0.850
  [gcd-sigreg-ft] sparker (post, annealed)
    post-spk f=0.05: power=1.000 [0.964,1.000] (50/50)
  [gcd-sigreg-ft] maha (post)
    post-maha f=0.05: power=1.000 [0.964,1.000] (50/50)
  [gcd-sigreg-ft] mmd (post)
    post-mmd f=0.05: power=1.000 [0.964,1.000] (50/50)

===== EXP70 PEREVENT POST POWER =====
  arm                 0.003     0.01     0.02     0.05
  gcd-ft              0.550    0.750    0.775    0.775
  gcd-sigreg-ft       0.450    0.800    0.825    0.850
  saved /home/pharris/sigreg/SuperSig/plots/exp70_perevent_power_post_dtd_dino_ft70_h1_d3_gcd.png

===== EXP70 SPARKER POST POWER =====
  arm                 0.003     0.01     0.02     0.05
  gcd-ft              0.000    0.420    0.820    1.000
  gcd-sigreg-ft       0.040    0.300    0.980    1.000
  saved /home/pharris/sigreg/SuperSig/plots/exp70_sparker_power_post_dtd_dino_ft70_h1_d3_gcd.png

===== EXP70 MAHA POST POWER =====
  arm                 0.003     0.01     0.02     0.05
  gcd-ft              0.160    0.300    0.900    1.000
  gcd-sigreg-ft       0.220    0.460    0.960    1.000
  saved /home/pharris/sigreg/SuperSig/plots/exp70_maha_power_post_dtd_dino_ft70_h1_d3_gcd.png

===== EXP70 MMD POST POWER =====
  arm                 0.003     0.01     0.02     0.05
  gcd-ft              0.000    0.000    0.080    0.700
  gcd-sigreg-ft       0.000    0.040    0.320    1.000
  saved /home/pharris/sigreg/SuperSig/plots/exp70_mmd_power_post_dtd_dino_ft70_h1_d3_gcd.png

===== EXP70 SUMMARY [dtd_dino_ft70_h1_d3_gcd] =====
  [gcd-ft        ] probe=0.9895+-0.0001 acc=0.7288 eucl=0.9155 mahaT=0.9509  || post: probe=0.9747 eucl=0.9310 mahaT=0.9642
          round 1: purity=0.227 anchors=4  margin=0.9372
          round 2: purity=0.179 anchors=8  margin=0.9374
  [gcd-sigreg-ft ] probe=0.9403+-0.0035 acc=0.7554 eucl=0.9718 mahaT=0.9856  || post: probe=0.9385 eucl=0.9644 mahaT=0.9737
          round 1: purity=0.290 anchors=4  margin=0.9543
          round 2: purity=0.098 anchors=6  margin=0.9666
saved /home/pharris/sigreg/SuperSig/plots/exp70_probe_dtd_dino_ft70_h1_d3_gcd.png
Done.
