/home/pharris/venv/lib64/python3.9/site-packages/networkx/utils/backends.py:135: RuntimeWarning: networkx backend defined more than once: nx-loopback
  backends.update(_get_backends("networkx.backends"))

######## cars:lejepa: holdouts=[186, 187, 188, 189]... ########

  --- frozen: pre probe=0.7966 eucl=0.5252 mahaT=0.5246 perevt=0.045
  [sigreg+proto] epoch 1/5  sigreg=0.1517  proto=61.7432  min_dist=5.04  mean_dist=16.99
  [sigreg+proto] epoch 2/5  sigreg=0.1511  proto=60.4243  min_dist=5.08  mean_dist=16.99
  [sigreg+proto] epoch 3/5  sigreg=0.1533  proto=59.8937  min_dist=5.11  mean_dist=16.98
  [sigreg+proto] epoch 4/5  sigreg=0.1530  proto=60.3405  min_dist=5.16  mean_dist=16.98
  [sigreg+proto] epoch 5/5  sigreg=0.1550  proto=57.0685  min_dist=5.20  mean_dist=16.97
  round 1: pool=408 purity=0.054 k-hat=9 anchors=9  margin=0.5154  mean-anchor=0.6197  
  [sigreg+proto] epoch 1/5  sigreg=0.1598  proto=61.0907  min_dist=5.24  mean_dist=17.83
  [sigreg+proto] epoch 2/5  sigreg=0.1577  proto=60.9939  min_dist=5.28  mean_dist=17.82
  [sigreg+proto] epoch 3/5  sigreg=0.1609  proto=57.5446  min_dist=5.33  mean_dist=17.82
  [sigreg+proto] epoch 4/5  sigreg=0.1613  proto=57.3837  min_dist=5.37  mean_dist=17.82
  [sigreg+proto] epoch 5/5  sigreg=0.1602  proto=58.6584  min_dist=5.42  mean_dist=17.82
  round 2: pool=404 purity=0.045 k-hat=10 anchors=19  margin=0.5438  mean-anchor=0.6402  
    [dist frozen     ] purity r1=0.054 r2=0.045  probe 0.797->0.797  eucl 0.525->0.525  perevt 0.045->0.045  drift 0.000
  [sigreg+proto] epoch 1/5  sigreg=0.1579  proto=61.4525  min_dist=5.04  mean_dist=16.99
  [sigreg+proto] epoch 2/5  sigreg=0.1576  proto=60.8983  min_dist=5.08  mean_dist=16.97
  [sigreg+proto] epoch 3/5  sigreg=0.1599  proto=60.2098  min_dist=5.11  mean_dist=16.96
  [sigreg+proto] epoch 4/5  sigreg=0.1604  proto=61.6817  min_dist=5.16  mean_dist=16.95
  [sigreg+proto] epoch 5/5  sigreg=0.1633  proto=56.8155  min_dist=5.20  mean_dist=16.93
  round 1: pool=408 purity=0.054 k-hat=9 anchors=9  margin=0.5143  mean-anchor=0.6197  
  [sigreg+proto] epoch 1/5  sigreg=0.1687  proto=58.4107  min_dist=5.24  mean_dist=17.85
  [sigreg+proto] epoch 2/5  sigreg=0.1730  proto=55.4599  min_dist=5.28  mean_dist=17.84
  [sigreg+proto] epoch 3/5  sigreg=0.1635  proto=56.9411  min_dist=5.33  mean_dist=17.82
  [sigreg+proto] epoch 4/5  sigreg=0.1711  proto=56.1700  min_dist=5.37  mean_dist=17.81
  [sigreg+proto] epoch 5/5  sigreg=0.1682  proto=56.8634  min_dist=5.38  mean_dist=17.79
  round 2: pool=405 purity=0.047 k-hat=11 anchors=20  margin=0.5274  mean-anchor=0.6233  
    [dist corpus-norm] purity r1=0.054 r2=0.047  probe 0.797->0.797  eucl 0.525->0.525  perevt 0.045->0.042  drift 0.051
  [sigreg+proto] epoch 1/5  sigreg=0.1551  proto=53.4613  min_dist=5.04  mean_dist=16.16
  [sigreg+proto] epoch 2/5  sigreg=0.1537  proto=53.9178  min_dist=5.07  mean_dist=16.15
  [sigreg+proto] epoch 3/5  sigreg=0.1558  proto=51.2626  min_dist=5.11  mean_dist=16.14
  [sigreg+proto] epoch 4/5  sigreg=0.1557  proto=52.3496  min_dist=5.15  mean_dist=16.14
  [sigreg+proto] epoch 5/5  sigreg=0.1561  proto=50.0378  min_dist=5.19  mean_dist=16.13
  round 1: pool=417 purity=0.074 k-hat=5 anchors=5  margin=0.5506  mean-anchor=0.6185  
  [sigreg+proto] epoch 1/5  sigreg=0.1548  proto=53.3010  min_dist=5.23  mean_dist=16.49
  [sigreg+proto] epoch 2/5  sigreg=0.1574  proto=50.2724  min_dist=5.28  mean_dist=16.50
  [sigreg+proto] epoch 3/5  sigreg=0.1551  proto=50.5587  min_dist=5.32  mean_dist=16.50
  [sigreg+proto] epoch 4/5  sigreg=0.1534  proto=50.7845  min_dist=5.36  mean_dist=16.50
  [sigreg+proto] epoch 5/5  sigreg=0.1564  proto=45.7393  min_dist=5.42  mean_dist=16.51
  round 2: pool=431 purity=0.104 k-hat=7 anchors=12  margin=0.5377  mean-anchor=0.6279  
    [np   frozen     ] purity r1=0.074 r2=0.104  probe 0.797->0.797  eucl 0.525->0.525  perevt 0.045->0.045  drift 0.000
  [sigreg+proto] epoch 1/5  sigreg=0.1601  proto=56.7337  min_dist=5.04  mean_dist=16.15
  [sigreg+proto] epoch 2/5  sigreg=0.1594  proto=56.0545  min_dist=5.07  mean_dist=16.14
  [sigreg+proto] epoch 3/5  sigreg=0.1610  proto=52.9183  min_dist=5.11  mean_dist=16.12
  [sigreg+proto] epoch 4/5  sigreg=0.1600  proto=55.0300  min_dist=5.15  mean_dist=16.11
  [sigreg+proto] epoch 5/5  sigreg=0.1620  proto=52.6674  min_dist=5.19  mean_dist=16.10
  round 1: pool=417 purity=0.074 k-hat=5 anchors=5  margin=0.5501  mean-anchor=0.6168  
  [sigreg+proto] epoch 1/5  sigreg=0.1622  proto=55.8413  min_dist=5.23  mean_dist=16.43
  [sigreg+proto] epoch 2/5  sigreg=0.1597  proto=53.0506  min_dist=5.28  mean_dist=16.42
  [sigreg+proto] epoch 3/5  sigreg=0.1619  proto=49.0885  min_dist=5.33  mean_dist=16.42
  [sigreg+proto] epoch 4/5  sigreg=0.1621  proto=53.3627  min_dist=5.39  mean_dist=16.41
  [sigreg+proto] epoch 5/5  sigreg=0.1637  proto=48.5476  min_dist=5.44  mean_dist=16.41
  round 2: pool=436 purity=0.115 k-hat=6 anchors=11  margin=0.5497  mean-anchor=0.6292  
    [np   corpus-norm] purity r1=0.074 r2=0.115  probe 0.797->0.793  eucl 0.525->0.525  perevt 0.045->0.045  drift 0.022

===== EXP135 SUMMARY (paired frozen vs corpus-norm; gate 0.15) =====
  cell|arm|scorer                              r1  r2 frz   r2 cn    d r2    probe frz/cn  drift
  cars:lejepa|frozen|dist                 0.054   0.045   0.047  +0.002   0.797/0.797    0.051
  cars:lejepa|frozen|np                   0.074   0.104   0.115  +0.010   0.797/0.793    0.022

wrote logs/exp135/corpus_norm_cars-lejepa_frozen.json
EXP135 DONE.
