/home/pharris/venv/lib64/python3.9/site-packages/networkx/utils/backends.py:135: RuntimeWarning: networkx backend defined more than once: nx-loopback
  backends.update(_get_backends("networkx.backends"))

######## galaxy10:lejepa_h1_d5: holdouts=[5] ########
Fetching 37 files:   0%|          | 0/37 [00:00<?, ?it/s]Fetching 37 files: 100%|██████████| 37/37 [00:00<00:00, 288993.01it/s]

  --- supcon-ft: pre probe=0.8778 eucl=0.4986 mahaT=0.5886 perevt=0.017   [archived unfrozen post probe 0.8483]
  [sigreg+proto] epoch 1/5  sigreg=0.3393  proto=2.3275  min_dist=3.14  mean_dist=13.86
  [sigreg+proto] epoch 2/5  sigreg=0.3423  proto=1.7804  min_dist=3.21  mean_dist=13.90
  [sigreg+proto] epoch 3/5  sigreg=0.3336  proto=1.9168  min_dist=3.28  mean_dist=13.94
  [sigreg+proto] epoch 4/5  sigreg=0.3386  proto=2.5003  min_dist=3.35  mean_dist=13.98
  [sigreg+proto] epoch 5/5  sigreg=0.3502  proto=2.4627  min_dist=3.42  mean_dist=14.02
  round 1: pool=202 purity=0.609 k-hat=4 anchors=4  margin=0.8506  mean-anchor=0.8180  5=0.818
    merged 8 -> 4 anchors
  [sigreg+proto] epoch 1/5  sigreg=0.3319  proto=1.9908  min_dist=3.36  mean_dist=13.97
  [sigreg+proto] epoch 2/5  sigreg=0.3390  proto=2.2891  min_dist=3.43  mean_dist=14.01
  [sigreg+proto] epoch 3/5  sigreg=0.3382  proto=3.0031  min_dist=3.51  mean_dist=14.05
  [sigreg+proto] epoch 4/5  sigreg=0.3388  proto=2.2595  min_dist=3.58  mean_dist=14.09
  [sigreg+proto] epoch 5/5  sigreg=0.3361  proto=1.9778  min_dist=3.65  mean_dist=14.13
  round 2: pool=204 purity=0.613 k-hat=4 anchors=4  margin=0.8509  mean-anchor=0.8162  5=0.816
    [np   frozen     ] purity r1=0.609 r2=0.613  probe 0.878->0.878  eucl 0.499->0.499  perevt 0.017->0.017  drift 0.000
  [sigreg+proto] epoch 1/5  sigreg=0.3668  proto=3.3285  min_dist=3.14  mean_dist=13.86
  [sigreg+proto] epoch 2/5  sigreg=0.3595  proto=2.8247  min_dist=3.22  mean_dist=13.91
  [sigreg+proto] epoch 3/5  sigreg=0.3585  proto=2.8320  min_dist=3.29  mean_dist=13.95
  [sigreg+proto] epoch 4/5  sigreg=0.3643  proto=3.7380  min_dist=3.36  mean_dist=13.99
  [sigreg+proto] epoch 5/5  sigreg=0.3830  proto=3.8840  min_dist=3.43  mean_dist=14.03
  round 1: pool=202 purity=0.609 k-hat=4 anchors=4  margin=0.8483  mean-anchor=0.8280  5=0.828
    merged 7 -> 4 anchors
  [sigreg+proto] epoch 1/5  sigreg=0.3394  proto=2.8116  min_dist=2.96  mean_dist=13.79
  [sigreg+proto] epoch 2/5  sigreg=0.3520  proto=3.3515  min_dist=3.04  mean_dist=13.83
  [sigreg+proto] epoch 3/5  sigreg=0.3567  proto=3.9038  min_dist=3.12  mean_dist=13.87
  [sigreg+proto] epoch 4/5  sigreg=0.3536  proto=3.3282  min_dist=3.19  mean_dist=13.91
  [sigreg+proto] epoch 5/5  sigreg=0.3444  proto=2.8882  min_dist=3.27  mean_dist=13.96
  round 2: pool=194 purity=0.593 k-hat=3 anchors=4  margin=0.8485  mean-anchor=0.8263  5=0.826
    [np   corpus-norm] purity r1=0.609 r2=0.593  probe 0.878->0.880  eucl 0.499->0.493  perevt 0.017->0.013  drift 0.178
Fetching 37 files:   0%|          | 0/37 [00:00<?, ?it/s]Fetching 37 files: 100%|██████████| 37/37 [00:00<00:00, 38101.95it/s]

  --- ss-ft: pre probe=0.8648 eucl=0.4876 mahaT=0.5130 perevt=0.060   [archived unfrozen post probe 0.8098]
  [sigreg+proto] epoch 1/5  sigreg=0.4946  proto=18.3778  min_dist=4.02  mean_dist=32.20
  [sigreg+proto] epoch 2/5  sigreg=0.5073  proto=21.1401  min_dist=4.09  mean_dist=32.18
  [sigreg+proto] epoch 3/5  sigreg=0.5086  proto=20.2330  min_dist=4.17  mean_dist=32.15
  [sigreg+proto] epoch 4/5  sigreg=0.5307  proto=16.4825  min_dist=4.24  mean_dist=32.13
  [sigreg+proto] epoch 5/5  sigreg=0.4941  proto=19.6583  min_dist=4.31  mean_dist=32.10
  round 1: pool=143 purity=0.448 k-hat=3 anchors=3  margin=0.8507  mean-anchor=0.7667  5=0.767
    merged 7 -> 5 anchors
  [sigreg+proto] epoch 1/5  sigreg=0.4448  proto=15.9705  min_dist=4.40  mean_dist=31.00
  [sigreg+proto] epoch 2/5  sigreg=0.5309  proto=20.2579  min_dist=4.48  mean_dist=30.98
  [sigreg+proto] epoch 3/5  sigreg=0.5084  proto=18.8135  min_dist=4.55  mean_dist=30.96
  [sigreg+proto] epoch 4/5  sigreg=0.4716  proto=16.9593  min_dist=4.62  mean_dist=30.94
  [sigreg+proto] epoch 5/5  sigreg=0.4726  proto=18.5043  min_dist=4.69  mean_dist=30.91
  round 2: pool=170 purity=0.535 k-hat=4 anchors=5  margin=0.8629  mean-anchor=0.7689  5=0.769
    [np   frozen     ] purity r1=0.448 r2=0.535  probe 0.865->0.865  eucl 0.488->0.488  perevt 0.060->0.060  drift 0.000
  [sigreg+proto] epoch 1/5  sigreg=0.6503  proto=21.1897  min_dist=4.01  mean_dist=32.20
  [sigreg+proto] epoch 2/5  sigreg=0.6770  proto=23.8710  min_dist=4.08  mean_dist=32.17
  [sigreg+proto] epoch 3/5  sigreg=0.6747  proto=23.3936  min_dist=4.15  mean_dist=32.15
  [sigreg+proto] epoch 4/5  sigreg=0.7056  proto=19.7507  min_dist=4.22  mean_dist=32.12
  [sigreg+proto] epoch 5/5  sigreg=0.6796  proto=22.6250  min_dist=4.29  mean_dist=32.09
  round 1: pool=143 purity=0.448 k-hat=3 anchors=3  margin=0.8434  mean-anchor=0.7939  5=0.794
    merged 7 -> 6 anchors
  [sigreg+proto] epoch 1/5  sigreg=0.8295  proto=21.1900  min_dist=4.48  mean_dist=30.61
  [sigreg+proto] epoch 2/5  sigreg=0.8072  proto=17.9785  min_dist=4.49  mean_dist=30.59
  [sigreg+proto] epoch 3/5  sigreg=0.7544  proto=22.0935  min_dist=4.49  mean_dist=30.58
  [sigreg+proto] epoch 4/5  sigreg=0.7887  proto=20.7983  min_dist=4.49  mean_dist=30.56
  [sigreg+proto] epoch 5/5  sigreg=0.8005  proto=18.5163  min_dist=4.50  mean_dist=30.55
  round 2: pool=169 purity=0.533 k-hat=4 anchors=6  margin=0.8508  mean-anchor=0.7930  5=0.793
    [np   corpus-norm] purity r1=0.448 r2=0.533  probe 0.865->0.870  eucl 0.488->0.458  perevt 0.060->0.041  drift 0.196
Fetching 37 files:   0%|          | 0/37 [00:00<?, ?it/s]Fetching 37 files: 100%|██████████| 37/37 [00:00<00:00, 24668.45it/s]

  --- nplm-sup-ft: pre probe=0.8187 eucl=0.5068 mahaT=0.5753 perevt=0.039   [archived unfrozen post probe 0.7874]
  [sigreg+proto] epoch 1/5  sigreg=0.4712  proto=3.8941  min_dist=2.17  mean_dist=13.46
  [sigreg+proto] epoch 2/5  sigreg=0.4574  proto=5.2183  min_dist=2.28  mean_dist=13.50
  [sigreg+proto] epoch 3/5  sigreg=0.4744  proto=4.6286  min_dist=2.37  mean_dist=13.55
  [sigreg+proto] epoch 4/5  sigreg=0.4573  proto=4.5659  min_dist=2.47  mean_dist=13.59
  [sigreg+proto] epoch 5/5  sigreg=0.4709  proto=3.9678  min_dist=2.56  mean_dist=13.64
  round 1: pool=206 purity=0.617 k-hat=1 anchors=1  margin=0.8438  mean-anchor=0.8376  5=0.838
    merged 3 -> 2 anchors
  [sigreg+proto] epoch 1/5  sigreg=0.4915  proto=4.0704  min_dist=1.18  mean_dist=13.15
  [sigreg+proto] epoch 2/5  sigreg=0.4850  proto=4.3470  min_dist=1.27  mean_dist=13.19
  [sigreg+proto] epoch 3/5  sigreg=0.4853  proto=3.8082  min_dist=1.37  mean_dist=13.23
  [sigreg+proto] epoch 4/5  sigreg=0.4888  proto=3.7282  min_dist=1.46  mean_dist=13.27
  [sigreg+proto] epoch 5/5  sigreg=0.4822  proto=4.9997  min_dist=1.55  mean_dist=13.30
  round 2: pool=223 purity=0.646 k-hat=2 anchors=2  margin=0.8549  mean-anchor=0.8342  5=0.834
    [np   frozen     ] purity r1=0.617 r2=0.646  probe 0.819->0.819  eucl 0.507->0.507  perevt 0.039->0.039  drift 0.000
  [sigreg+proto] epoch 1/5  sigreg=0.4789  proto=4.5963  min_dist=2.17  mean_dist=13.45
  [sigreg+proto] epoch 2/5  sigreg=0.4688  proto=5.6719  min_dist=2.27  mean_dist=13.50
  [sigreg+proto] epoch 3/5  sigreg=0.4850  proto=5.1073  min_dist=2.37  mean_dist=13.54
  [sigreg+proto] epoch 4/5  sigreg=0.4621  proto=5.1965  min_dist=2.47  mean_dist=13.58
  [sigreg+proto] epoch 5/5  sigreg=0.4764  proto=4.4105  min_dist=2.55  mean_dist=13.63
  round 1: pool=206 purity=0.617 k-hat=1 anchors=1  margin=0.8400  mean-anchor=0.8377  5=0.838
    merged 3 -> 2 anchors
  [sigreg+proto] epoch 1/5  sigreg=0.4916  proto=4.8757  min_dist=1.48  mean_dist=13.17
  [sigreg+proto] epoch 2/5  sigreg=0.4847  proto=5.0752  min_dist=1.57  mean_dist=13.20
  [sigreg+proto] epoch 3/5  sigreg=0.4901  proto=4.5262  min_dist=1.67  mean_dist=13.24
  [sigreg+proto] epoch 4/5  sigreg=0.4866  proto=4.3531  min_dist=1.76  mean_dist=13.28
  [sigreg+proto] epoch 5/5  sigreg=0.4842  proto=5.7073  min_dist=1.85  mean_dist=13.31
  round 2: pool=220 purity=0.641 k-hat=2 anchors=2  margin=0.8515  mean-anchor=0.8366  5=0.837
    [np   corpus-norm] purity r1=0.617 r2=0.641  probe 0.819->0.821  eucl 0.507->0.507  perevt 0.039->0.041  drift 0.103

===== EXP135 SUMMARY_h1_d5 (paired frozen vs corpus-norm; gate 0.15) =====
  cell|arm|scorer                              r1  r2 frz   r2 cn    d r2    probe frz/cn  drift
  galaxy10:lejepa|supcon-ft|np              0.609   0.613   0.593  -0.020   0.878/0.880    0.178
  galaxy10:lejepa|ss-ft|np                  0.448   0.535   0.533  -0.003   0.865/0.870    0.196
  galaxy10:lejepa|nplm-sup-ft|np            0.617   0.646   0.641  -0.005   0.819/0.821    0.103

wrote logs/exp135/corpus_norm_galaxy10-lejepa_h1_d5_s1.json
EXP135 DONE.
