/home/pharris/venv/lib64/python3.9/site-packages/networkx/utils/backends.py:135: RuntimeWarning: networkx backend defined more than once: nx-loopback
  backends.update(_get_backends("networkx.backends"))

######## flowers:dino_h1_d0: holdouts=[44] ########

  --- frozen: pre probe=0.9979 eucl=0.8585 mahaT=0.7499 perevt=0.200
  [sigreg+proto] epoch 1/5  sigreg=0.1997  proto=1.6241  min_dist=9.02  mean_dist=25.46
  [sigreg+proto] epoch 2/5  sigreg=0.2028  proto=0.4022  min_dist=9.01  mean_dist=25.40
  [sigreg+proto] epoch 3/5  sigreg=0.1982  proto=0.5096  min_dist=9.01  mean_dist=25.34
  [sigreg+proto] epoch 4/5  sigreg=0.1931  proto=0.3917  min_dist=9.02  mean_dist=25.27
  [sigreg+proto] epoch 5/5  sigreg=0.1961  proto=0.7343  min_dist=9.02  mean_dist=25.21
  round 1: pool=109 purity=0.073 k-hat=1 anchors=1  margin=0.9263  mean-anchor=0.6781  44=0.678
  [sigreg+proto] epoch 1/5  sigreg=0.2052  proto=1.9222  min_dist=3.23  mean_dist=24.99
  [sigreg+proto] epoch 2/5  sigreg=0.1940  proto=3.8346  min_dist=3.24  mean_dist=24.93
  [sigreg+proto] epoch 3/5  sigreg=0.1972  proto=3.0904  min_dist=3.25  mean_dist=24.89
  [sigreg+proto] epoch 4/5  sigreg=0.2019  proto=1.6192  min_dist=3.26  mean_dist=24.84
  [sigreg+proto] epoch 5/5  sigreg=0.2074  proto=3.3109  min_dist=3.27  mean_dist=24.79
  round 2: pool=109 purity=0.073 k-hat=2 anchors=3  margin=0.9196  mean-anchor=0.6804  44=0.680
    [dist frozen     ] purity r1=0.073 r2=0.073  probe 0.998->0.998  eucl 0.858->0.858  perevt 0.200->0.200  drift 0.000
  [sigreg+proto] epoch 1/5  sigreg=0.2101  proto=1.9511  min_dist=9.01  mean_dist=25.46
  [sigreg+proto] epoch 2/5  sigreg=0.2122  proto=0.5355  min_dist=9.01  mean_dist=25.41
  [sigreg+proto] epoch 3/5  sigreg=0.2082  proto=0.6725  min_dist=9.01  mean_dist=25.35
  [sigreg+proto] epoch 4/5  sigreg=0.2048  proto=0.5893  min_dist=9.01  mean_dist=25.30
  [sigreg+proto] epoch 5/5  sigreg=0.2050  proto=0.9201  min_dist=9.02  mean_dist=25.24
  round 1: pool=109 purity=0.073 k-hat=1 anchors=1  margin=0.9260  mean-anchor=0.6861  44=0.686
  [sigreg+proto] epoch 1/5  sigreg=0.2205  proto=2.3177  min_dist=3.11  mean_dist=25.03
  [sigreg+proto] epoch 2/5  sigreg=0.2049  proto=4.7863  min_dist=3.11  mean_dist=24.98
  [sigreg+proto] epoch 3/5  sigreg=0.2038  proto=3.3104  min_dist=3.11  mean_dist=24.94
  [sigreg+proto] epoch 4/5  sigreg=0.2107  proto=2.0687  min_dist=3.12  mean_dist=24.90
  [sigreg+proto] epoch 5/5  sigreg=0.2162  proto=3.6417  min_dist=3.12  mean_dist=24.86
  round 2: pool=109 purity=0.073 k-hat=2 anchors=3  margin=0.9198  mean-anchor=0.6880  44=0.688
    [dist corpus-norm] purity r1=0.073 r2=0.073  probe 0.998->0.988  eucl 0.858->0.858  perevt 0.200->0.200  drift 0.024
  [sigreg+proto] epoch 1/5  sigreg=0.1938  proto=3.1787  min_dist=7.93  mean_dist=25.60
  [sigreg+proto] epoch 2/5  sigreg=0.1896  proto=2.6191  min_dist=7.93  mean_dist=25.54
  [sigreg+proto] epoch 3/5  sigreg=0.1886  proto=2.3106  min_dist=7.93  mean_dist=25.48
  [sigreg+proto] epoch 4/5  sigreg=0.1964  proto=1.9406  min_dist=7.92  mean_dist=25.43
  [sigreg+proto] epoch 5/5  sigreg=0.1987  proto=1.6801  min_dist=7.92  mean_dist=25.37
  round 1: pool=121 purity=0.165 k-hat=3 anchors=3  margin=0.9989  mean-anchor=0.9369  44=0.937
  [sigreg+proto] epoch 1/5  sigreg=0.1909  proto=4.7510  min_dist=7.87  mean_dist=25.21
  [sigreg+proto] epoch 2/5  sigreg=0.1955  proto=2.6407  min_dist=7.84  mean_dist=25.15
  [sigreg+proto] epoch 3/5  sigreg=0.2010  proto=3.2179  min_dist=7.82  mean_dist=25.09
  [sigreg+proto] epoch 4/5  sigreg=0.2112  proto=1.5082  min_dist=7.80  mean_dist=25.04
  [sigreg+proto] epoch 5/5  sigreg=0.1996  proto=6.3123  min_dist=7.78  mean_dist=24.99
  round 2: pool=117 purity=0.137 k-hat=1 anchors=4  margin=0.9986  mean-anchor=0.9360  44=0.936
    [np   frozen     ] purity r1=0.165 r2=0.137  probe 0.998->0.998  eucl 0.858->0.858  perevt 0.200->0.200  drift 0.000
  [sigreg+proto] epoch 1/5  sigreg=0.2126  proto=3.5801  min_dist=7.93  mean_dist=25.60
  [sigreg+proto] epoch 2/5  sigreg=0.1999  proto=2.9117  min_dist=7.93  mean_dist=25.55
  [sigreg+proto] epoch 3/5  sigreg=0.1986  proto=2.5470  min_dist=7.93  mean_dist=25.50
  [sigreg+proto] epoch 4/5  sigreg=0.2071  proto=2.2483  min_dist=7.92  mean_dist=25.45
  [sigreg+proto] epoch 5/5  sigreg=0.2120  proto=1.8723  min_dist=7.92  mean_dist=25.41
  round 1: pool=121 purity=0.165 k-hat=3 anchors=3  margin=0.9990  mean-anchor=0.9450  44=0.945
  [sigreg+proto] epoch 1/5  sigreg=0.2064  proto=4.9396  min_dist=5.60  mean_dist=25.49
  [sigreg+proto] epoch 2/5  sigreg=0.2061  proto=6.9702  min_dist=5.61  mean_dist=25.44
  [sigreg+proto] epoch 3/5  sigreg=0.2123  proto=7.8364  min_dist=5.62  mean_dist=25.40
  [sigreg+proto] epoch 4/5  sigreg=0.2137  proto=8.3825  min_dist=5.64  mean_dist=25.36
  [sigreg+proto] epoch 5/5  sigreg=0.2187  proto=3.9434  min_dist=5.65  mean_dist=25.31
  round 2: pool=121 purity=0.165 k-hat=4 anchors=7  margin=0.9986  mean-anchor=0.9451  44=0.945
    [np   corpus-norm] purity r1=0.165 r2=0.165  probe 0.998->0.966  eucl 0.858->0.859  perevt 0.200->0.200  drift 0.033

===== EXP135 SUMMARY_h1_d0 (paired frozen vs corpus-norm; gate 0.15) =====
  cell|arm|scorer                              r1  r2 frz   r2 cn    d r2    probe frz/cn  drift
  flowers:dino|frozen|dist                0.073   0.073   0.073  +0.000   0.998/0.988    0.024
  flowers:dino|frozen|np                  0.165   0.137   0.165  +0.029   0.998/0.966    0.033

wrote logs/exp135/corpus_norm_flowers-dino_frozen_h1_d0.json
EXP135 DONE.
