/home/pharris/venv/lib64/python3.9/site-packages/networkx/utils/backends.py:135: RuntimeWarning: networkx backend defined more than once: nx-loopback
  backends.update(_get_backends("networkx.backends"))
Using cache found in /home/pharris/.cache/torch/hub/facebookresearch_dino_main
exp70 [dtd_dino_ft70_h1_d0_u0.2_gcd] end-to-end ft suite, arms=['gcd-ft', 'gcd-sigreg-ft'], ft_epochs=20, emb=100, holdouts 8-8 EXCLUDED from ft
  ft corpus: 3680/3760 train images (holdout classes removed)

===== [gcd-ft] (supervised) =====
  gcd corpus: 3696 train images, 16 unlabelled (held-out classes, label -1; frac 0.2 of the held-out train images)
  [gcd-ft] epoch 1/20  main=2.2743  aux=0.0000
  [gcd-ft] epoch 5/20  main=2.0123  aux=0.0000
  [gcd-ft] epoch 10/20  main=1.9041  aux=0.0000
  [gcd-ft] epoch 15/20  main=1.8440  aux=0.0000
  [gcd-ft] epoch 20/20  main=1.8333  aux=0.0000
  extracted ft70_gcd-ft train: (3760, 768)
Using cache found in /home/pharris/.cache/torch/hub/facebookresearch_dino_main
  extracted ft70_gcd-ft test: (1880, 768)
  [gcd-ft        ] probe=0.7618+-0.0024 acc=0.7326 supAUC=0.9760 eucl=0.6425 mahaT=0.5968 mahaPC=0.6516 lid=0.7035

===== [gcd-sigreg-ft] (supervised) =====
  gcd corpus: 3696 train images, 16 unlabelled (held-out classes, label -1; frac 0.2 of the held-out train images)
  [gcd-sigreg-ft] epoch 1/20  main=2.2989  aux=0.7051
  [gcd-sigreg-ft] epoch 5/20  main=2.0717  aux=0.5020
  [gcd-sigreg-ft] epoch 10/20  main=1.9672  aux=0.4571
  [gcd-sigreg-ft] epoch 15/20  main=1.9075  aux=0.4406
  [gcd-sigreg-ft] epoch 20/20  main=1.9000  aux=0.4208
  extracted ft70_gcd-sigreg-ft train: (3760, 768)
  extracted ft70_gcd-sigreg-ft test: (1880, 768)
  [gcd-sigreg-ft ] probe=0.8387+-0.0038 acc=0.7658 supAUC=0.9844 eucl=0.7726 mahaT=0.7495 mahaPC=0.7555 lid=0.7383

===== PRE table =====
  arm                        probe     acc  supAUC    eucl   mahaT  mahaPC
  gcd-ft             0.7618+-0.0024  0.7326  0.9760  0.6425  0.5968  0.6516
  gcd-sigreg-ft      0.8387+-0.0038  0.7658  0.9844  0.7726  0.7495  0.7555

===== gaussianity (seen classes, test set) =====
  metric                            gcd-ft gcd-sigreg-ft
  eig min (class cov)               -0.000        -0.000
  eig max (class cov)               96.730        19.115
  eig cond worst            96730473299968.019114846322688.0
  class RMS min                      0.506         0.411
  class RMS mean                     0.707         0.531
  class RMS max                      1.079         0.687
  max |corr| (worst class)           0.992         0.959
  SW ratio mean                       1.69          1.64
  SW ratio worst                      3.13          3.04
  |skew| mean                        0.452         0.464
  |ex-kurt| mean                     0.935         0.811
  centroid dist min                   3.42          2.18
  centroid dist mean                 14.72         10.13
  separation (min d/RMS)              4.83          4.10

===== PRE power batteries =====
  [gcd-ft] per-event pre power=0.000
  [gcd-ft] sparker (annealed)
    pre-spk f=0.003: power=0.080 [0.042,0.138] (4/50)
    pre-spk f=0.01: power=0.160 [0.107,0.229] (8/50)
    pre-spk f=0.02: power=0.080 [0.042,0.138] (4/50)
    pre-spk f=0.05: power=0.520 [0.440,0.599] (26/50)
    pre-spk f=0.1: power=1.000 [0.964,1.000] (50/50)
  [gcd-ft] maha
    pre-maha f=0.003: power=0.140 [0.090,0.207] (7/50)
    pre-maha f=0.01: power=0.140 [0.090,0.207] (7/50)
    pre-maha f=0.02: power=0.160 [0.107,0.229] (8/50)
    pre-maha f=0.05: power=0.380 [0.305,0.460] (19/50)
    pre-maha f=0.1: power=0.880 [0.816,0.926] (44/50)
  [gcd-ft] mmd
    pre-mmd f=0.003: power=0.120 [0.074,0.184] (6/50)
    pre-mmd f=0.01: power=0.060 [0.028,0.115] (3/50)
    pre-mmd f=0.02: power=0.320 [0.249,0.399] (16/50)
    pre-mmd f=0.05: power=0.720 [0.643,0.787] (36/50)
    pre-mmd f=0.1: power=1.000 [0.964,1.000] (50/50)
  [gcd-sigreg-ft] per-event pre power=0.175
  [gcd-sigreg-ft] sparker (annealed)
    pre-spk f=0.003: power=0.100 [0.058,0.162] (5/50)
    pre-spk f=0.01: power=0.120 [0.074,0.184] (6/50)
    pre-spk f=0.02: power=0.100 [0.058,0.162] (5/50)
    pre-spk f=0.05: power=0.840 [0.771,0.893] (42/50)
    pre-spk f=0.1: power=1.000 [0.964,1.000] (50/50)
  [gcd-sigreg-ft] maha
    pre-maha f=0.003: power=0.160 [0.107,0.229] (8/50)
    pre-maha f=0.01: power=0.180 [0.124,0.251] (9/50)
    pre-maha f=0.02: power=0.280 [0.213,0.357] (14/50)
    pre-maha f=0.05: power=0.740 [0.664,0.806] (37/50)
    pre-maha f=0.1: power=1.000 [0.964,1.000] (50/50)
  [gcd-sigreg-ft] mmd
    pre-mmd f=0.003: power=0.060 [0.028,0.115] (3/50)
    pre-mmd f=0.01: power=0.040 [0.014,0.090] (2/50)
    pre-mmd f=0.02: power=0.200 [0.141,0.273] (10/50)
    pre-mmd f=0.05: power=0.440 [0.362,0.520] (22/50)
    pre-mmd f=0.1: power=1.000 [0.964,1.000] (50/50)

===== EXP70 PEREVENT PRE POWER =====
  arm                 0.003     0.01     0.02     0.05      0.1
  gcd-ft              0.000    0.000    0.000    0.000    0.000
  gcd-sigreg-ft       0.175    0.175    0.175    0.175    0.175
  saved /home/pharris/sigreg/SuperSig/plots/exp70_perevent_power_pre_dtd_dino_ft70_h1_d0_u0.2_gcd.png

===== EXP70 SPARKER PRE POWER =====
  arm                 0.003     0.01     0.02     0.05      0.1
  gcd-ft              0.080    0.160    0.080    0.520    1.000
  gcd-sigreg-ft       0.100    0.120    0.100    0.840    1.000
  saved /home/pharris/sigreg/SuperSig/plots/exp70_sparker_power_pre_dtd_dino_ft70_h1_d0_u0.2_gcd.png

===== EXP70 MAHA PRE POWER =====
  arm                 0.003     0.01     0.02     0.05      0.1
  gcd-ft              0.140    0.140    0.160    0.380    0.880
  gcd-sigreg-ft       0.160    0.180    0.280    0.740    1.000
  saved /home/pharris/sigreg/SuperSig/plots/exp70_maha_power_pre_dtd_dino_ft70_h1_d0_u0.2_gcd.png

===== EXP70 MMD PRE POWER =====
  arm                 0.003     0.01     0.02     0.05      0.1
  gcd-ft              0.120    0.060    0.320    0.720    1.000
  gcd-sigreg-ft       0.060    0.040    0.200    0.440    1.000
  saved /home/pharris/sigreg/SuperSig/plots/exp70_mmd_power_pre_dtd_dino_ft70_h1_d0_u0.2_gcd.png

----- natural discovery: gcd-ft -----
  [sigreg+proto] epoch 1/5  sigreg=0.3645  proto=4.1363  min_dist=4.76  mean_dist=19.07
  [sigreg+proto] epoch 2/5  sigreg=0.3707  proto=3.4782  min_dist=4.79  mean_dist=19.07
  [sigreg+proto] epoch 3/5  sigreg=0.3656  proto=0.8328  min_dist=4.82  mean_dist=19.08
  [sigreg+proto] epoch 4/5  sigreg=0.3807  proto=3.1190  min_dist=4.86  mean_dist=19.09
  [sigreg+proto] epoch 5/5  sigreg=0.3826  proto=1.1188  min_dist=4.90  mean_dist=19.09
  round 1: pool=188 purity=0.021 k-hat=4 anchors=4  margin=0.7925  mean-anchor=0.8158  8=0.816
  [sigreg+proto] epoch 1/5  sigreg=0.4282  proto=5.8093  min_dist=4.94  mean_dist=18.86
  [sigreg+proto] epoch 2/5  sigreg=0.4629  proto=5.1772  min_dist=4.98  mean_dist=18.87
  [sigreg+proto] epoch 3/5  sigreg=0.4509  proto=2.9425  min_dist=5.02  mean_dist=18.87
  [sigreg+proto] epoch 4/5  sigreg=0.4164  proto=2.3579  min_dist=5.06  mean_dist=18.87
  [sigreg+proto] epoch 5/5  sigreg=0.4139  proto=1.8150  min_dist=5.10  mean_dist=18.88
  round 2: pool=191 purity=0.037 k-hat=4 anchors=8  margin=0.7580  mean-anchor=0.7709  8=0.771
  [gcd-ft] probe 0.7618 -> 0.7370  eucl 0.6425 -> 0.7254  mahaT 0.5968 -> 0.6844

----- natural discovery: gcd-sigreg-ft -----
  [sigreg+proto] epoch 1/5  sigreg=0.3454  proto=1.4407  min_dist=2.42  mean_dist=11.46
  [sigreg+proto] epoch 2/5  sigreg=0.3835  proto=1.0306  min_dist=2.51  mean_dist=11.51
  [sigreg+proto] epoch 3/5  sigreg=0.3610  proto=0.7451  min_dist=2.60  mean_dist=11.57
  [sigreg+proto] epoch 4/5  sigreg=0.3312  proto=0.6605  min_dist=2.69  mean_dist=11.62
  [sigreg+proto] epoch 5/5  sigreg=0.3131  proto=0.5811  min_dist=2.78  mean_dist=11.68
  round 1: pool=225 purity=0.182 k-hat=4 anchors=4  margin=0.8474  mean-anchor=0.7914  8=0.791
    merged 8 -> 7 anchors
  [sigreg+proto] epoch 1/5  sigreg=0.3088  proto=0.7079  min_dist=2.87  mean_dist=11.55
  [sigreg+proto] epoch 2/5  sigreg=0.3042  proto=1.1103  min_dist=2.95  mean_dist=11.61
  [sigreg+proto] epoch 3/5  sigreg=0.3134  proto=0.7111  min_dist=3.04  mean_dist=11.67
  [sigreg+proto] epoch 4/5  sigreg=0.3127  proto=0.8578  min_dist=3.12  mean_dist=11.72
  [sigreg+proto] epoch 5/5  sigreg=0.2904  proto=0.7135  min_dist=3.20  mean_dist=11.78
  round 2: pool=204 purity=0.098 k-hat=4 anchors=7  margin=0.8154  mean-anchor=0.7887  8=0.789
  [gcd-sigreg-ft] probe 0.8387 -> 0.6604  eucl 0.7726 -> 0.7642  mahaT 0.7495 -> 0.7188

===== POST grid, f=0.003 (11 injected) =====
  [sigreg+proto] epoch 1/5  sigreg=0.4477  proto=9.1415  min_dist=4.89  mean_dist=18.17
  [sigreg+proto] epoch 2/5  sigreg=0.4398  proto=3.3077  min_dist=4.92  mean_dist=18.16
  [sigreg+proto] epoch 3/5  sigreg=0.4099  proto=2.8537  min_dist=4.96  mean_dist=18.16
  [sigreg+proto] epoch 4/5  sigreg=0.4451  proto=2.5611  min_dist=5.00  mean_dist=18.16
  [sigreg+proto] epoch 5/5  sigreg=0.4369  proto=2.5930  min_dist=5.04  mean_dist=18.17
  round 1: pool=184 purity=0.000 k-hat=4 anchors=4  margin=0.7385  mean-anchor=0.7385  8=0.739
  [sigreg+proto] epoch 1/5  sigreg=0.4369  proto=4.5177  min_dist=5.08  mean_dist=18.12
  [sigreg+proto] epoch 2/5  sigreg=0.4765  proto=2.5966  min_dist=5.12  mean_dist=18.13
  [sigreg+proto] epoch 3/5  sigreg=0.4508  proto=2.1380  min_dist=5.16  mean_dist=18.13
  [sigreg+proto] epoch 4/5  sigreg=0.4405  proto=2.7133  min_dist=5.21  mean_dist=18.14
  [sigreg+proto] epoch 5/5  sigreg=0.4247  proto=1.8237  min_dist=5.24  mean_dist=18.15
  round 2: pool=185 purity=0.005 k-hat=4 anchors=8  margin=0.7738  mean-anchor=0.8385  8=0.838
  [gcd-ft] post f=0.003: probe=0.7419 eucl=0.7293 mahaT=0.6684
  [gcd-ft] per-event post f=0.003: power=0.050
  [gcd-ft] sparker (post, annealed)
    post-spk f=0.003: power=0.020 [0.003,0.064] (1/50)
  [gcd-ft] maha (post)
    post-maha f=0.003: power=0.020 [0.003,0.064] (1/50)
  [gcd-ft] mmd (post)
    post-mmd f=0.003: power=0.040 [0.014,0.090] (2/50)
  [sigreg+proto] epoch 1/5  sigreg=0.3539  proto=1.5507  min_dist=2.42  mean_dist=11.43
  [sigreg+proto] epoch 2/5  sigreg=0.3802  proto=1.1684  min_dist=2.51  mean_dist=11.49
  [sigreg+proto] epoch 3/5  sigreg=0.3850  proto=0.6854  min_dist=2.60  mean_dist=11.54
  [sigreg+proto] epoch 4/5  sigreg=0.3671  proto=0.6774  min_dist=2.69  mean_dist=11.60
  [sigreg+proto] epoch 5/5  sigreg=0.3385  proto=0.5373  min_dist=2.78  mean_dist=11.65
  round 1: pool=191 purity=0.037 k-hat=4 anchors=4  margin=0.8263  mean-anchor=0.7728  8=0.773
  [sigreg+proto] epoch 1/5  sigreg=0.3277  proto=1.2225  min_dist=2.87  mean_dist=11.40
  [sigreg+proto] epoch 2/5  sigreg=0.3390  proto=1.2765  min_dist=2.96  mean_dist=11.45
  [sigreg+proto] epoch 3/5  sigreg=0.3505  proto=0.9745  min_dist=3.04  mean_dist=11.50
  [sigreg+proto] epoch 4/5  sigreg=0.3321  proto=0.7839  min_dist=3.12  mean_dist=11.55
  [sigreg+proto] epoch 5/5  sigreg=0.3035  proto=0.6162  min_dist=3.19  mean_dist=11.61
  round 2: pool=187 purity=0.016 k-hat=4 anchors=8  margin=0.8068  mean-anchor=0.7684  8=0.768
  [gcd-sigreg-ft] post f=0.003: probe=0.4371 eucl=0.7626 mahaT=0.7297
  [gcd-sigreg-ft] per-event post f=0.003: power=0.100
  [gcd-sigreg-ft] sparker (post, annealed)
    post-spk f=0.003: power=0.080 [0.042,0.138] (4/50)
  [gcd-sigreg-ft] maha (post)
    post-maha f=0.003: power=0.040 [0.014,0.090] (2/50)
  [gcd-sigreg-ft] mmd (post)
    post-mmd f=0.003: power=0.060 [0.028,0.115] (3/50)

===== POST grid, f=0.01 (37 injected) =====
  [sigreg+proto] epoch 1/5  sigreg=0.3646  proto=4.8367  min_dist=4.91  mean_dist=17.46
  [sigreg+proto] epoch 2/5  sigreg=0.4164  proto=6.2914  min_dist=4.95  mean_dist=17.46
  [sigreg+proto] epoch 3/5  sigreg=0.4570  proto=3.5455  min_dist=4.99  mean_dist=17.46
  [sigreg+proto] epoch 4/5  sigreg=0.4664  proto=3.1310  min_dist=5.03  mean_dist=17.46
  [sigreg+proto] epoch 5/5  sigreg=0.4672  proto=2.1575  min_dist=5.07  mean_dist=17.47
  round 1: pool=185 purity=0.005 k-hat=3 anchors=3  margin=0.7208  mean-anchor=0.7180  8=0.718
  [sigreg+proto] epoch 1/5  sigreg=0.4423  proto=3.0194  min_dist=5.14  mean_dist=17.63
  [sigreg+proto] epoch 2/5  sigreg=0.4444  proto=3.6647  min_dist=5.19  mean_dist=17.64
  [sigreg+proto] epoch 3/5  sigreg=0.4682  proto=2.9379  min_dist=5.24  mean_dist=17.64
  [sigreg+proto] epoch 4/5  sigreg=0.4747  proto=3.3100  min_dist=5.28  mean_dist=17.65
  [sigreg+proto] epoch 5/5  sigreg=0.4487  proto=1.8437  min_dist=5.31  mean_dist=17.66
  round 2: pool=186 purity=0.011 k-hat=4 anchors=7  margin=0.7545  mean-anchor=0.7408  8=0.741
  [gcd-ft] post f=0.01: probe=0.7275 eucl=0.7488 mahaT=0.7093
  [gcd-ft] per-event post f=0.01: power=0.100
  [gcd-ft] sparker (post, annealed)
    post-spk f=0.01: power=0.140 [0.090,0.207] (7/50)
  [gcd-ft] maha (post)
    post-maha f=0.01: power=0.060 [0.028,0.115] (3/50)
  [gcd-ft] mmd (post)
    post-mmd f=0.01: power=0.060 [0.028,0.115] (3/50)
  [sigreg+proto] epoch 1/5  sigreg=0.3523  proto=1.5141  min_dist=2.42  mean_dist=11.50
  [sigreg+proto] epoch 2/5  sigreg=0.3928  proto=0.8244  min_dist=2.52  mean_dist=11.55
  [sigreg+proto] epoch 3/5  sigreg=0.3678  proto=0.9033  min_dist=2.61  mean_dist=11.61
  [sigreg+proto] epoch 4/5  sigreg=0.3376  proto=0.5773  min_dist=2.70  mean_dist=11.66
  [sigreg+proto] epoch 5/5  sigreg=0.3201  proto=0.5924  min_dist=2.78  mean_dist=11.72
  round 1: pool=204 purity=0.098 k-hat=3 anchors=3  margin=0.8312  mean-anchor=0.8018  8=0.802
    merged 7 -> 5 anchors
  [sigreg+proto] epoch 1/5  sigreg=0.2990  proto=0.7238  min_dist=2.87  mean_dist=11.64
  [sigreg+proto] epoch 2/5  sigreg=0.3138  proto=0.9885  min_dist=2.95  mean_dist=11.70
  [sigreg+proto] epoch 3/5  sigreg=0.3100  proto=0.8714  min_dist=3.04  mean_dist=11.75
  [sigreg+proto] epoch 4/5  sigreg=0.3026  proto=0.5844  min_dist=3.13  mean_dist=11.81
  [sigreg+proto] epoch 5/5  sigreg=0.2818  proto=0.5205  min_dist=3.21  mean_dist=11.86
  round 2: pool=190 purity=0.032 k-hat=4 anchors=5  margin=0.7958  mean-anchor=0.6873  8=0.687
  [gcd-sigreg-ft] post f=0.01: probe=0.7093 eucl=0.7674 mahaT=0.7262
  [gcd-sigreg-ft] per-event post f=0.01: power=0.200
  [gcd-sigreg-ft] sparker (post, annealed)
    post-spk f=0.01: power=0.020 [0.003,0.064] (1/50)
  [gcd-sigreg-ft] maha (post)
    post-maha f=0.01: power=0.160 [0.107,0.229] (8/50)
  [gcd-sigreg-ft] mmd (post)
    post-mmd f=0.01: power=0.060 [0.028,0.115] (3/50)

===== POST grid, f=0.02 (75 injected) =====
  [sigreg+proto] epoch 1/5  sigreg=0.3961  proto=7.5399  min_dist=4.89  mean_dist=17.61
  [sigreg+proto] epoch 2/5  sigreg=0.4589  proto=4.4423  min_dist=4.94  mean_dist=17.60
  [sigreg+proto] epoch 3/5  sigreg=0.4741  proto=3.1324  min_dist=4.98  mean_dist=17.60
  [sigreg+proto] epoch 4/5  sigreg=0.4746  proto=2.1913  min_dist=5.03  mean_dist=17.60
  [sigreg+proto] epoch 5/5  sigreg=0.4335  proto=2.1038  min_dist=5.07  mean_dist=17.61
  round 1: pool=188 purity=0.021 k-hat=3 anchors=3  margin=0.7445  mean-anchor=0.7547  8=0.755
  [sigreg+proto] epoch 1/5  sigreg=0.5002  proto=4.0310  min_dist=5.12  mean_dist=17.90
  [sigreg+proto] epoch 2/5  sigreg=0.5209  proto=2.7389  min_dist=5.16  mean_dist=17.90
  [sigreg+proto] epoch 3/5  sigreg=0.4837  proto=2.3064  min_dist=5.19  mean_dist=17.91
  [sigreg+proto] epoch 4/5  sigreg=0.4609  proto=1.8672  min_dist=5.22  mean_dist=17.92
  [sigreg+proto] epoch 5/5  sigreg=0.4403  proto=1.8156  min_dist=5.25  mean_dist=17.93
  round 2: pool=187 purity=0.016 k-hat=4 anchors=7  margin=0.7784  mean-anchor=0.7733  8=0.773
  [gcd-ft] post f=0.02: probe=0.7407 eucl=0.7742 mahaT=0.7106
  [gcd-ft] per-event post f=0.02: power=0.125
  [gcd-ft] sparker (post, annealed)
    post-spk f=0.02: power=0.200 [0.141,0.273] (10/50)
  [gcd-ft] maha (post)
    post-maha f=0.02: power=0.260 [0.194,0.336] (13/50)
  [gcd-ft] mmd (post)
    post-mmd f=0.02: power=0.220 [0.159,0.294] (11/50)
  [sigreg+proto] epoch 1/5  sigreg=0.3557  proto=1.5307  min_dist=2.42  mean_dist=11.49
  [sigreg+proto] epoch 2/5  sigreg=0.4047  proto=0.8894  min_dist=2.52  mean_dist=11.55
  [sigreg+proto] epoch 3/5  sigreg=0.3742  proto=0.9800  min_dist=2.60  mean_dist=11.60
  [sigreg+proto] epoch 4/5  sigreg=0.3615  proto=0.5259  min_dist=2.69  mean_dist=11.66
  [sigreg+proto] epoch 5/5  sigreg=0.3302  proto=0.5592  min_dist=2.78  mean_dist=11.71
  round 1: pool=223 purity=0.175 k-hat=3 anchors=3  margin=0.8176  mean-anchor=0.7840  8=0.784
    merged 7 -> 6 anchors
  [sigreg+proto] epoch 1/5  sigreg=0.3184  proto=0.9949  min_dist=2.86  mean_dist=11.51
  [sigreg+proto] epoch 2/5  sigreg=0.3272  proto=0.9281  min_dist=2.95  mean_dist=11.56
  [sigreg+proto] epoch 3/5  sigreg=0.3218  proto=0.7434  min_dist=3.03  mean_dist=11.62
  [sigreg+proto] epoch 4/5  sigreg=0.3032  proto=0.8182  min_dist=3.12  mean_dist=11.68
  [sigreg+proto] epoch 5/5  sigreg=0.3039  proto=0.7251  min_dist=3.20  mean_dist=11.73
  round 2: pool=200 purity=0.080 k-hat=4 anchors=6  margin=0.8368  mean-anchor=0.7899  8=0.790
  [gcd-sigreg-ft] post f=0.02: probe=0.6544 eucl=0.7150 mahaT=0.6797
  [gcd-sigreg-ft] per-event post f=0.02: power=0.225
  [gcd-sigreg-ft] sparker (post, annealed)
    post-spk f=0.02: power=0.060 [0.028,0.115] (3/50)
  [gcd-sigreg-ft] maha (post)
    post-maha f=0.02: power=0.280 [0.213,0.357] (14/50)
  [gcd-sigreg-ft] mmd (post)
    post-mmd f=0.02: power=0.200 [0.141,0.273] (10/50)

===== POST grid, f=0.05 (80 injected) =====
  [sigreg+proto] epoch 1/5  sigreg=0.4062  proto=7.5293  min_dist=4.90  mean_dist=17.62
  [sigreg+proto] epoch 2/5  sigreg=0.4475  proto=4.0519  min_dist=4.94  mean_dist=17.62
  [sigreg+proto] epoch 3/5  sigreg=0.4961  proto=4.7926  min_dist=4.97  mean_dist=17.62
  [sigreg+proto] epoch 4/5  sigreg=0.4556  proto=1.3919  min_dist=5.01  mean_dist=17.62
  [sigreg+proto] epoch 5/5  sigreg=0.4251  proto=1.8520  min_dist=5.05  mean_dist=17.63
  round 1: pool=188 purity=0.021 k-hat=3 anchors=3  margin=0.7703  mean-anchor=0.7663  8=0.766
  [sigreg+proto] epoch 1/5  sigreg=0.4412  proto=4.4229  min_dist=5.11  mean_dist=17.92
  [sigreg+proto] epoch 2/5  sigreg=0.4675  proto=3.0550  min_dist=5.17  mean_dist=17.94
  [sigreg+proto] epoch 3/5  sigreg=0.4984  proto=2.5550  min_dist=5.23  mean_dist=17.94
  [sigreg+proto] epoch 4/5  sigreg=0.4773  proto=2.4769  min_dist=5.29  mean_dist=17.95
  [sigreg+proto] epoch 5/5  sigreg=0.4404  proto=2.3420  min_dist=5.35  mean_dist=17.96
  round 2: pool=188 purity=0.021 k-hat=4 anchors=7  margin=0.7909  mean-anchor=0.7914  8=0.791
  [gcd-ft] post f=0.05: probe=0.7314 eucl=0.7343 mahaT=0.6823
  [gcd-ft] per-event post f=0.05: power=0.150
  [gcd-ft] sparker (post, annealed)
    post-spk f=0.05: power=0.580 [0.500,0.657] (29/50)
  [gcd-ft] maha (post)
    post-maha f=0.05: power=0.680 [0.601,0.751] (34/50)
  [gcd-ft] mmd (post)
    post-mmd f=0.05: power=0.540 [0.460,0.618] (27/50)
  [sigreg+proto] epoch 1/5  sigreg=0.3644  proto=1.4708  min_dist=2.42  mean_dist=11.43
  [sigreg+proto] epoch 2/5  sigreg=0.3889  proto=1.0012  min_dist=2.52  mean_dist=11.49
  [sigreg+proto] epoch 3/5  sigreg=0.3539  proto=0.8431  min_dist=2.61  mean_dist=11.54
  [sigreg+proto] epoch 4/5  sigreg=0.3553  proto=0.5059  min_dist=2.70  mean_dist=11.59
  [sigreg+proto] epoch 5/5  sigreg=0.3236  proto=0.4725  min_dist=2.78  mean_dist=11.65
  round 1: pool=225 purity=0.182 k-hat=4 anchors=4  margin=0.8496  mean-anchor=0.7859  8=0.786
    merged 8 -> 6 anchors
  [sigreg+proto] epoch 1/5  sigreg=0.3222  proto=1.0477  min_dist=2.88  mean_dist=11.64
  [sigreg+proto] epoch 2/5  sigreg=0.3395  proto=0.9066  min_dist=2.97  mean_dist=11.70
  [sigreg+proto] epoch 3/5  sigreg=0.3316  proto=0.7961  min_dist=3.05  mean_dist=11.75
  [sigreg+proto] epoch 4/5  sigreg=0.3031  proto=0.6285  min_dist=3.13  mean_dist=11.81
  [sigreg+proto] epoch 5/5  sigreg=0.2868  proto=0.8653  min_dist=3.20  mean_dist=11.86
  round 2: pool=198 purity=0.071 k-hat=4 anchors=6  margin=0.8225  mean-anchor=0.7409  8=0.741
  [gcd-sigreg-ft] post f=0.05: probe=0.6508 eucl=0.7941 mahaT=0.7544
  [gcd-sigreg-ft] per-event post f=0.05: power=0.175
  [gcd-sigreg-ft] sparker (post, annealed)
    post-spk f=0.05: power=0.960 [0.910,0.986] (48/50)
  [gcd-sigreg-ft] maha (post)
    post-maha f=0.05: power=0.860 [0.793,0.910] (43/50)
  [gcd-sigreg-ft] mmd (post)
    post-mmd f=0.05: power=0.860 [0.793,0.910] (43/50)

===== EXP70 PEREVENT POST POWER =====
  arm                 0.003     0.01     0.02     0.05
  gcd-ft              0.050    0.100    0.125    0.150
  gcd-sigreg-ft       0.100    0.200    0.225    0.175
  saved /home/pharris/sigreg/SuperSig/plots/exp70_perevent_power_post_dtd_dino_ft70_h1_d0_u0.2_gcd.png

===== EXP70 SPARKER POST POWER =====
  arm                 0.003     0.01     0.02     0.05
  gcd-ft              0.020    0.140    0.200    0.580
  gcd-sigreg-ft       0.080    0.020    0.060    0.960
  saved /home/pharris/sigreg/SuperSig/plots/exp70_sparker_power_post_dtd_dino_ft70_h1_d0_u0.2_gcd.png

===== EXP70 MAHA POST POWER =====
  arm                 0.003     0.01     0.02     0.05
  gcd-ft              0.020    0.060    0.260    0.680
  gcd-sigreg-ft       0.040    0.160    0.280    0.860
  saved /home/pharris/sigreg/SuperSig/plots/exp70_maha_power_post_dtd_dino_ft70_h1_d0_u0.2_gcd.png

===== EXP70 MMD POST POWER =====
  arm                 0.003     0.01     0.02     0.05
  gcd-ft              0.040    0.060    0.220    0.540
  gcd-sigreg-ft       0.060    0.060    0.200    0.860
  saved /home/pharris/sigreg/SuperSig/plots/exp70_mmd_power_post_dtd_dino_ft70_h1_d0_u0.2_gcd.png

===== EXP70 SUMMARY [dtd_dino_ft70_h1_d0_u0.2_gcd] =====
  [gcd-ft        ] probe=0.7618+-0.0024 acc=0.7326 eucl=0.6425 mahaT=0.5968  || post: probe=0.7370 eucl=0.7254 mahaT=0.6844
          round 1: purity=0.021 anchors=4  margin=0.7925
          round 2: purity=0.037 anchors=8  margin=0.7580
  [gcd-sigreg-ft ] probe=0.8387+-0.0038 acc=0.7658 eucl=0.7726 mahaT=0.7495  || post: probe=0.6604 eucl=0.7642 mahaT=0.7188
          round 1: purity=0.182 anchors=4  margin=0.8474
          round 2: purity=0.098 anchors=7  margin=0.8154
saved /home/pharris/sigreg/SuperSig/plots/exp70_probe_dtd_dino_ft70_h1_d0_u0.2_gcd.png
Done.
