/home/pharris/venv/lib64/python3.9/site-packages/networkx/utils/backends.py:135: RuntimeWarning: networkx backend defined more than once: nx-loopback
  backends.update(_get_backends("networkx.backends"))

######## cars:visreg_h1_d4: holdouts=[53] ########

  --- frozen: pre probe=0.9195 eucl=0.4585 mahaT=0.4343 perevt=0.025
  [sigreg+proto] epoch 1/5  sigreg=0.1565  proto=67.4118  min_dist=5.03  mean_dist=17.37
  [sigreg+proto] epoch 2/5  sigreg=0.1582  proto=68.7747  min_dist=5.06  mean_dist=17.35
  [sigreg+proto] epoch 3/5  sigreg=0.1584  proto=65.7962  min_dist=5.08  mean_dist=17.32
  [sigreg+proto] epoch 4/5  sigreg=0.1582  proto=64.2391  min_dist=5.10  mean_dist=17.29
  [sigreg+proto] epoch 5/5  sigreg=0.1592  proto=62.5437  min_dist=5.11  mean_dist=17.26
  round 1: pool=407 purity=0.002 k-hat=4 anchors=4  margin=0.4994  mean-anchor=0.6472  53=0.647
  [sigreg+proto] epoch 1/5  sigreg=0.1611  proto=66.9453  min_dist=5.08  mean_dist=17.56
  [sigreg+proto] epoch 2/5  sigreg=0.1607  proto=61.3739  min_dist=5.07  mean_dist=17.54
  [sigreg+proto] epoch 3/5  sigreg=0.1623  proto=62.1525  min_dist=5.05  mean_dist=17.51
  [sigreg+proto] epoch 4/5  sigreg=0.1622  proto=61.5996  min_dist=5.05  mean_dist=17.48
  [sigreg+proto] epoch 5/5  sigreg=0.1599  proto=60.9873  min_dist=5.08  mean_dist=17.46
  round 2: pool=407 purity=0.002 k-hat=4 anchors=8  margin=0.4170  mean-anchor=0.7468  53=0.747
    [dist frozen     ] purity r1=0.002 r2=0.002  probe 0.920->0.920  eucl 0.458->0.458  perevt 0.025->0.025  drift 0.000
  [sigreg+proto] epoch 1/5  sigreg=0.1636  proto=66.9195  min_dist=5.00  mean_dist=17.36
  [sigreg+proto] epoch 2/5  sigreg=0.1657  proto=70.0775  min_dist=5.02  mean_dist=17.33
  [sigreg+proto] epoch 3/5  sigreg=0.1640  proto=67.9575  min_dist=5.02  mean_dist=17.29
  [sigreg+proto] epoch 4/5  sigreg=0.1647  proto=65.8648  min_dist=5.02  mean_dist=17.25
  [sigreg+proto] epoch 5/5  sigreg=0.1664  proto=62.8501  min_dist=5.02  mean_dist=17.22
  round 1: pool=407 purity=0.002 k-hat=4 anchors=4  margin=0.5018  mean-anchor=0.6460  53=0.646
  [sigreg+proto] epoch 1/5  sigreg=0.1678  proto=67.7583  min_dist=5.00  mean_dist=17.55
  [sigreg+proto] epoch 2/5  sigreg=0.1706  proto=61.2188  min_dist=4.99  mean_dist=17.51
  [sigreg+proto] epoch 3/5  sigreg=0.1711  proto=62.0265  min_dist=4.98  mean_dist=17.47
  [sigreg+proto] epoch 4/5  sigreg=0.1674  proto=62.1326  min_dist=4.97  mean_dist=17.44
  [sigreg+proto] epoch 5/5  sigreg=0.1668  proto=62.9668  min_dist=4.99  mean_dist=17.40
  round 2: pool=407 purity=0.002 k-hat=4 anchors=8  margin=0.4251  mean-anchor=0.5373  53=0.537
    [dist corpus-norm] purity r1=0.002 r2=0.002  probe 0.920->0.902  eucl 0.458->0.459  perevt 0.025->0.025  drift 0.034
  [sigreg+proto] epoch 1/5  sigreg=0.1600  proto=63.3710  min_dist=5.12  mean_dist=17.16
  [sigreg+proto] epoch 2/5  sigreg=0.1608  proto=63.2702  min_dist=5.16  mean_dist=17.14
  [sigreg+proto] epoch 3/5  sigreg=0.1588  proto=63.8505  min_dist=5.19  mean_dist=17.12
  [sigreg+proto] epoch 4/5  sigreg=0.1620  proto=61.5964  min_dist=5.25  mean_dist=17.10
  [sigreg+proto] epoch 5/5  sigreg=0.1625  proto=59.0031  min_dist=5.26  mean_dist=17.07
  round 1: pool=407 purity=0.002 k-hat=4 anchors=4  margin=0.3429  mean-anchor=0.5504  53=0.550
  [sigreg+proto] epoch 1/5  sigreg=0.1651  proto=59.7508  min_dist=5.44  mean_dist=17.23
  [sigreg+proto] epoch 2/5  sigreg=0.1632  proto=59.9872  min_dist=5.47  mean_dist=17.21
  [sigreg+proto] epoch 3/5  sigreg=0.1634  proto=57.1728  min_dist=5.50  mean_dist=17.20
  [sigreg+proto] epoch 4/5  sigreg=0.1645  proto=56.3764  min_dist=5.49  mean_dist=17.18
  [sigreg+proto] epoch 5/5  sigreg=0.1637  proto=55.4998  min_dist=5.38  mean_dist=17.16
  round 2: pool=406 purity=0.000 k-hat=4 anchors=8  margin=0.3105  mean-anchor=0.3053  53=0.305
    [np   frozen     ] purity r1=0.002 r2=0.000  probe 0.920->0.920  eucl 0.458->0.458  perevt 0.025->0.025  drift 0.000
  [sigreg+proto] epoch 1/5  sigreg=0.1663  proto=65.2749  min_dist=5.06  mean_dist=17.15
  [sigreg+proto] epoch 2/5  sigreg=0.1703  proto=67.5569  min_dist=5.08  mean_dist=17.13
  [sigreg+proto] epoch 3/5  sigreg=0.1647  proto=66.0595  min_dist=5.10  mean_dist=17.09
  [sigreg+proto] epoch 4/5  sigreg=0.1686  proto=65.0233  min_dist=5.15  mean_dist=17.06
  [sigreg+proto] epoch 5/5  sigreg=0.1687  proto=61.7664  min_dist=5.19  mean_dist=17.03
  round 1: pool=407 purity=0.002 k-hat=4 anchors=4  margin=0.3421  mean-anchor=0.5484  53=0.548
  [sigreg+proto] epoch 1/5  sigreg=0.1726  proto=62.8734  min_dist=5.19  mean_dist=17.12
  [sigreg+proto] epoch 2/5  sigreg=0.1666  proto=63.2784  min_dist=5.19  mean_dist=17.10
  [sigreg+proto] epoch 3/5  sigreg=0.1641  proto=59.9728  min_dist=5.06  mean_dist=17.08
  [sigreg+proto] epoch 4/5  sigreg=0.1715  proto=57.3731  min_dist=4.96  mean_dist=17.06
  [sigreg+proto] epoch 5/5  sigreg=0.1719  proto=55.3561  min_dist=4.89  mean_dist=17.03
  round 2: pool=406 purity=0.000 k-hat=3 anchors=7  margin=0.2935  mean-anchor=0.4836  53=0.484
    [np   corpus-norm] purity r1=0.002 r2=0.000  probe 0.920->0.889  eucl 0.458->0.459  perevt 0.025->0.025  drift 0.013

===== EXP135 SUMMARY_h1_d4 (paired frozen vs corpus-norm; gate 0.15) =====
  cell|arm|scorer                              r1  r2 frz   r2 cn    d r2    probe frz/cn  drift
  cars:visreg|frozen|dist                 0.002   0.002   0.002  +0.000   0.920/0.902    0.034
  cars:visreg|frozen|np                   0.002   0.000   0.000  +0.000   0.920/0.889    0.013

wrote logs/exp135/corpus_norm_cars-visreg_frozen_h1_d4.json
EXP135 DONE.
