/home/pharris/venv/lib64/python3.9/site-packages/networkx/utils/backends.py:135: RuntimeWarning: networkx backend defined more than once: nx-loopback
  backends.update(_get_backends("networkx.backends"))

######## galaxy10:lejepa_h1_d0: holdouts=[2] ########

  --- frozen: pre probe=0.9299 eucl=0.4843 mahaT=0.3850 perevt=0.056
  [sigreg+proto] epoch 1/5  sigreg=0.1755  proto=30.6643  min_dist=5.91  mean_dist=23.10
  [sigreg+proto] epoch 2/5  sigreg=0.1735  proto=34.0960  min_dist=5.97  mean_dist=23.08
  [sigreg+proto] epoch 3/5  sigreg=0.1738  proto=32.3711  min_dist=6.03  mean_dist=23.06
  [sigreg+proto] epoch 4/5  sigreg=0.1776  proto=28.1809  min_dist=6.08  mean_dist=23.04
  [sigreg+proto] epoch 5/5  sigreg=0.1677  proto=28.3194  min_dist=6.15  mean_dist=23.02
  round 1: pool=94 purity=0.191 k-hat=4 anchors=4  margin=0.4478  mean-anchor=0.7970  2=0.797
  [sigreg+proto] epoch 1/5  sigreg=0.1972  proto=23.8028  min_dist=6.16  mean_dist=26.42
  [sigreg+proto] epoch 2/5  sigreg=0.2119  proto=25.5882  min_dist=6.19  mean_dist=26.39
  [sigreg+proto] epoch 3/5  sigreg=0.2013  proto=27.1167  min_dist=6.22  mean_dist=26.37
  [sigreg+proto] epoch 4/5  sigreg=0.2062  proto=29.8384  min_dist=6.26  mean_dist=26.35
  [sigreg+proto] epoch 5/5  sigreg=0.2187  proto=28.5171  min_dist=6.30  mean_dist=26.33
  round 2: pool=84 purity=0.095 k-hat=4 anchors=8  margin=0.3922  mean-anchor=0.6073  2=0.607
    [dist frozen     ] purity r1=0.191 r2=0.095  probe 0.930->0.930  eucl 0.484->0.484  perevt 0.056->0.056  drift 0.000
  [sigreg+proto] epoch 1/5  sigreg=0.2339  proto=27.1810  min_dist=5.87  mean_dist=23.09
  [sigreg+proto] epoch 2/5  sigreg=0.2322  proto=27.8470  min_dist=5.89  mean_dist=23.05
  [sigreg+proto] epoch 3/5  sigreg=0.2328  proto=26.5023  min_dist=5.91  mean_dist=23.02
  [sigreg+proto] epoch 4/5  sigreg=0.2369  proto=24.4566  min_dist=5.94  mean_dist=22.99
  [sigreg+proto] epoch 5/5  sigreg=0.2230  proto=23.4668  min_dist=5.97  mean_dist=22.97
  round 1: pool=94 purity=0.191 k-hat=4 anchors=4  margin=0.3519  mean-anchor=0.7801  2=0.780
  [sigreg+proto] epoch 1/5  sigreg=0.2714  proto=17.9420  min_dist=5.99  mean_dist=23.62
  [sigreg+proto] epoch 2/5  sigreg=0.2657  proto=17.5320  min_dist=6.00  mean_dist=23.60
  [sigreg+proto] epoch 3/5  sigreg=0.2600  proto=17.4200  min_dist=6.03  mean_dist=23.58
  [sigreg+proto] epoch 4/5  sigreg=0.2649  proto=20.7751  min_dist=6.06  mean_dist=23.57
  [sigreg+proto] epoch 5/5  sigreg=0.2746  proto=17.7833  min_dist=6.10  mean_dist=23.55
  round 2: pool=85 purity=0.106 k-hat=4 anchors=8  margin=0.3831  mean-anchor=0.7097  2=0.710
    [dist corpus-norm] purity r1=0.191 r2=0.106  probe 0.930->0.913  eucl 0.484->0.483  perevt 0.056->0.055  drift 0.289
  [sigreg+proto] epoch 1/5  sigreg=0.1466  proto=25.4656  min_dist=5.89  mean_dist=15.54
  [sigreg+proto] epoch 2/5  sigreg=0.1589  proto=25.0552  min_dist=5.92  mean_dist=15.54
  [sigreg+proto] epoch 3/5  sigreg=0.1508  proto=24.0240  min_dist=5.96  mean_dist=15.55
  [sigreg+proto] epoch 4/5  sigreg=0.1557  proto=22.2733  min_dist=5.99  mean_dist=15.55
  [sigreg+proto] epoch 5/5  sigreg=0.1467  proto=22.5175  min_dist=6.03  mean_dist=15.55
  round 1: pool=202 purity=0.624 k-hat=3 anchors=3  margin=0.8935  mean-anchor=0.7203  2=0.720
  [sigreg+proto] epoch 1/5  sigreg=0.1815  proto=21.8684  min_dist=4.25  mean_dist=18.25
  [sigreg+proto] epoch 2/5  sigreg=0.1809  proto=25.5517  min_dist=4.21  mean_dist=18.26
  [sigreg+proto] epoch 3/5  sigreg=0.1853  proto=21.4042  min_dist=4.17  mean_dist=18.27
  [sigreg+proto] epoch 4/5  sigreg=0.1880  proto=22.0026  min_dist=4.14  mean_dist=18.28
  [sigreg+proto] epoch 5/5  sigreg=0.1834  proto=21.3418  min_dist=4.11  mean_dist=18.29
  round 2: pool=201 purity=0.622 k-hat=4 anchors=7  margin=0.8736  mean-anchor=0.7781  2=0.778
    [np   frozen     ] purity r1=0.624 r2=0.622  probe 0.930->0.930  eucl 0.484->0.484  perevt 0.056->0.056  drift 0.000
  [sigreg+proto] epoch 1/5  sigreg=0.1672  proto=23.3741  min_dist=5.86  mean_dist=15.53
  [sigreg+proto] epoch 2/5  sigreg=0.1779  proto=23.4171  min_dist=5.85  mean_dist=15.53
  [sigreg+proto] epoch 3/5  sigreg=0.1725  proto=21.8292  min_dist=5.86  mean_dist=15.53
  [sigreg+proto] epoch 4/5  sigreg=0.1731  proto=21.0518  min_dist=5.86  mean_dist=15.53
  [sigreg+proto] epoch 5/5  sigreg=0.1666  proto=20.7442  min_dist=5.88  mean_dist=15.52
  round 1: pool=202 purity=0.624 k-hat=3 anchors=3  margin=0.8990  mean-anchor=0.7533  2=0.753
  [sigreg+proto] epoch 1/5  sigreg=0.2525  proto=21.9294  min_dist=5.90  mean_dist=18.55
  [sigreg+proto] epoch 2/5  sigreg=0.2525  proto=24.0031  min_dist=5.91  mean_dist=18.55
  [sigreg+proto] epoch 3/5  sigreg=0.2523  proto=20.5452  min_dist=5.92  mean_dist=18.54
  [sigreg+proto] epoch 4/5  sigreg=0.2459  proto=20.5579  min_dist=5.93  mean_dist=18.54
  [sigreg+proto] epoch 5/5  sigreg=0.2542  proto=19.4240  min_dist=5.95  mean_dist=18.54
  round 2: pool=206 purity=0.631 k-hat=4 anchors=7  margin=0.8985  mean-anchor=0.7665  2=0.766
    [np   corpus-norm] purity r1=0.624 r2=0.631  probe 0.930->0.936  eucl 0.484->0.475  perevt 0.056->0.053  drift 0.216

===== EXP135 SUMMARY_h1_d0 (paired frozen vs corpus-norm; gate 0.15) =====
  cell|arm|scorer                              r1  r2 frz   r2 cn    d r2    probe frz/cn  drift
  galaxy10:lejepa|frozen|dist             0.191   0.095   0.106  +0.011   0.930/0.913    0.289
  galaxy10:lejepa|frozen|np               0.624   0.622   0.631  +0.009   0.930/0.936    0.216

wrote logs/exp135/corpus_norm_galaxy10-lejepa_frozen_h1_d0.json
EXP135 DONE.
