/home/pharris/venv/lib64/python3.9/site-packages/networkx/utils/backends.py:135: RuntimeWarning: networkx backend defined more than once: nx-loopback
  backends.update(_get_backends("networkx.backends"))

######## galaxy10:visreg_h1_d5: holdouts=[5] ########

  --- supcon-ft: pre probe=0.8815 eucl=0.5732 mahaT=0.5593 perevt=0.039   [archived unfrozen post probe 0.8674]
  [sigreg+proto] epoch 1/5  sigreg=0.3159  proto=2.9126  min_dist=3.45  mean_dist=16.92
  [sigreg+proto] epoch 2/5  sigreg=0.3093  proto=3.3947  min_dist=3.53  mean_dist=16.94
  [sigreg+proto] epoch 3/5  sigreg=0.3109  proto=2.8649  min_dist=3.61  mean_dist=16.96
  [sigreg+proto] epoch 4/5  sigreg=0.3037  proto=3.0656  min_dist=3.69  mean_dist=16.97
  [sigreg+proto] epoch 5/5  sigreg=0.3189  proto=2.6471  min_dist=3.77  mean_dist=16.99
  round 1: pool=193 purity=0.591 k-hat=4 anchors=4  margin=0.8585  mean-anchor=0.8301  5=0.830
    merged 8 -> 4 anchors
  [sigreg+proto] epoch 1/5  sigreg=0.3124  proto=2.8785  min_dist=3.80  mean_dist=17.03
  [sigreg+proto] epoch 2/5  sigreg=0.3110  proto=2.8524  min_dist=3.88  mean_dist=17.04
  [sigreg+proto] epoch 3/5  sigreg=0.3105  proto=3.3505  min_dist=3.97  mean_dist=17.06
  [sigreg+proto] epoch 4/5  sigreg=0.3125  proto=2.8431  min_dist=4.05  mean_dist=17.08
  [sigreg+proto] epoch 5/5  sigreg=0.3242  proto=2.2277  min_dist=4.13  mean_dist=17.10
  round 2: pool=192 purity=0.589 k-hat=4 anchors=4  margin=0.8596  mean-anchor=0.8308  5=0.831
    [np   frozen     ] purity r1=0.591 r2=0.589  probe 0.882->0.882  eucl 0.573->0.573  perevt 0.039->0.039  drift 0.000
  [sigreg+proto] epoch 1/5  sigreg=0.3395  proto=3.6117  min_dist=3.45  mean_dist=16.93
  [sigreg+proto] epoch 2/5  sigreg=0.3296  proto=4.1440  min_dist=3.53  mean_dist=16.95
  [sigreg+proto] epoch 3/5  sigreg=0.3307  proto=3.5209  min_dist=3.61  mean_dist=16.97
  [sigreg+proto] epoch 4/5  sigreg=0.3249  proto=3.8285  min_dist=3.69  mean_dist=17.00
  [sigreg+proto] epoch 5/5  sigreg=0.3418  proto=3.4618  min_dist=3.77  mean_dist=17.02
  round 1: pool=193 purity=0.591 k-hat=4 anchors=4  margin=0.8631  mean-anchor=0.8538  5=0.854
    merged 7 -> 5 anchors
  [sigreg+proto] epoch 1/5  sigreg=0.3323  proto=3.7511  min_dist=3.28  mean_dist=16.32
  [sigreg+proto] epoch 2/5  sigreg=0.3521  proto=4.3335  min_dist=3.30  mean_dist=16.35
  [sigreg+proto] epoch 3/5  sigreg=0.3401  proto=3.9522  min_dist=3.32  mean_dist=16.37
  [sigreg+proto] epoch 4/5  sigreg=0.3382  proto=3.6110  min_dist=3.34  mean_dist=16.40
  [sigreg+proto] epoch 5/5  sigreg=0.3434  proto=3.4131  min_dist=3.36  mean_dist=16.42
  round 2: pool=183 purity=0.568 k-hat=3 anchors=5  margin=0.8635  mean-anchor=0.8324  5=0.832
    [np   corpus-norm] purity r1=0.591 r2=0.568  probe 0.882->0.881  eucl 0.573->0.572  perevt 0.039->0.032  drift 0.153

  --- ss-ft: pre probe=0.8645 eucl=0.5073 mahaT=0.5738 perevt=0.046   [archived unfrozen post probe 0.8451]
  [sigreg+proto] epoch 1/5  sigreg=0.2436  proto=2.9606  min_dist=3.30  mean_dist=14.64
  [sigreg+proto] epoch 2/5  sigreg=0.2365  proto=3.3385  min_dist=3.40  mean_dist=14.67
  [sigreg+proto] epoch 3/5  sigreg=0.2344  proto=3.2008  min_dist=3.49  mean_dist=14.70
  [sigreg+proto] epoch 4/5  sigreg=0.2369  proto=3.0592  min_dist=3.59  mean_dist=14.73
  [sigreg+proto] epoch 5/5  sigreg=0.2370  proto=3.8897  min_dist=3.68  mean_dist=14.76
  round 1: pool=182 purity=0.566 k-hat=2 anchors=2  margin=0.8490  mean-anchor=0.7856  5=0.786
    merged 4 -> 2 anchors
  [sigreg+proto] epoch 1/5  sigreg=0.2386  proto=3.2694  min_dist=4.07  mean_dist=14.73
  [sigreg+proto] epoch 2/5  sigreg=0.2367  proto=3.6330  min_dist=4.16  mean_dist=14.77
  [sigreg+proto] epoch 3/5  sigreg=0.2380  proto=3.5368  min_dist=4.25  mean_dist=14.80
  [sigreg+proto] epoch 4/5  sigreg=0.2394  proto=3.0299  min_dist=4.34  mean_dist=14.83
  [sigreg+proto] epoch 5/5  sigreg=0.2376  proto=3.5731  min_dist=4.43  mean_dist=14.86
  round 2: pool=180 purity=0.561 k-hat=2 anchors=2  margin=0.8491  mean-anchor=0.7859  5=0.786
    [np   frozen     ] purity r1=0.566 r2=0.561  probe 0.864->0.864  eucl 0.507->0.507  perevt 0.046->0.046  drift 0.000
  [sigreg+proto] epoch 1/5  sigreg=0.2464  proto=3.0538  min_dist=3.30  mean_dist=14.64
  [sigreg+proto] epoch 2/5  sigreg=0.2398  proto=3.5416  min_dist=3.40  mean_dist=14.68
  [sigreg+proto] epoch 3/5  sigreg=0.2361  proto=3.3583  min_dist=3.49  mean_dist=14.72
  [sigreg+proto] epoch 4/5  sigreg=0.2416  proto=3.2164  min_dist=3.59  mean_dist=14.75
  [sigreg+proto] epoch 5/5  sigreg=0.2423  proto=4.1482  min_dist=3.68  mean_dist=14.78
  round 1: pool=182 purity=0.566 k-hat=2 anchors=2  margin=0.8541  mean-anchor=0.8015  5=0.801
    merged 4 -> 2 anchors
  [sigreg+proto] epoch 1/5  sigreg=0.2430  proto=3.4342  min_dist=3.73  mean_dist=14.75
  [sigreg+proto] epoch 2/5  sigreg=0.2347  proto=3.8192  min_dist=3.82  mean_dist=14.78
  [sigreg+proto] epoch 3/5  sigreg=0.2439  proto=3.7442  min_dist=3.92  mean_dist=14.82
  [sigreg+proto] epoch 4/5  sigreg=0.2465  proto=3.1831  min_dist=4.01  mean_dist=14.85
  [sigreg+proto] epoch 5/5  sigreg=0.2369  proto=3.7760  min_dist=4.10  mean_dist=14.88
  round 2: pool=172 purity=0.541 k-hat=2 anchors=2  margin=0.8499  mean-anchor=0.7976  5=0.798
    [np   corpus-norm] purity r1=0.566 r2=0.541  probe 0.864->0.872  eucl 0.507->0.502  perevt 0.046->0.044  drift 0.101

  --- nplm-sup-ft: pre probe=0.8518 eucl=0.4219 mahaT=0.4712 perevt=0.028   [archived unfrozen post probe 0.7822]
  [sigreg+proto] epoch 1/5  sigreg=0.6020  proto=1.5799  min_dist=0.59  mean_dist=7.16
  [sigreg+proto] epoch 2/5  sigreg=0.5947  proto=1.8509  min_dist=0.71  mean_dist=7.19
  [sigreg+proto] epoch 3/5  sigreg=0.5961  proto=1.7607  min_dist=0.81  mean_dist=7.23
  [sigreg+proto] epoch 4/5  sigreg=0.5964  proto=1.7033  min_dist=0.90  mean_dist=7.27
  [sigreg+proto] epoch 5/5  sigreg=0.6014  proto=1.5451  min_dist=0.97  mean_dist=7.30
  round 1: pool=187 purity=0.578 k-hat=1 anchors=1  margin=0.8595  mean-anchor=0.8264  5=0.826
    merged 2 -> 1 anchors
  [sigreg+proto] epoch 1/5  sigreg=0.5893  proto=1.8198  min_dist=0.97  mean_dist=7.34
  [sigreg+proto] epoch 2/5  sigreg=0.5980  proto=1.6574  min_dist=1.10  mean_dist=7.38
  [sigreg+proto] epoch 3/5  sigreg=0.6008  proto=1.7364  min_dist=1.21  mean_dist=7.43
  [sigreg+proto] epoch 4/5  sigreg=0.5951  proto=1.7393  min_dist=1.31  mean_dist=7.47
  [sigreg+proto] epoch 5/5  sigreg=0.5956  proto=1.7675  min_dist=1.41  mean_dist=7.52
  round 2: pool=200 purity=0.605 k-hat=1 anchors=1  margin=0.8584  mean-anchor=0.8293  5=0.829
    [np   frozen     ] purity r1=0.578 r2=0.605  probe 0.852->0.852  eucl 0.422->0.422  perevt 0.028->0.028  drift 0.000
  [sigreg+proto] epoch 1/5  sigreg=0.6030  proto=1.7187  min_dist=0.59  mean_dist=7.16
  [sigreg+proto] epoch 2/5  sigreg=0.5979  proto=1.9349  min_dist=0.71  mean_dist=7.19
  [sigreg+proto] epoch 3/5  sigreg=0.5980  proto=1.8711  min_dist=0.81  mean_dist=7.23
  [sigreg+proto] epoch 4/5  sigreg=0.5948  proto=1.8285  min_dist=0.90  mean_dist=7.27
  [sigreg+proto] epoch 5/5  sigreg=0.6030  proto=1.6472  min_dist=0.97  mean_dist=7.30
  round 1: pool=187 purity=0.578 k-hat=1 anchors=1  margin=0.8571  mean-anchor=0.8292  5=0.829
    merged 2 -> 1 anchors
  [sigreg+proto] epoch 1/5  sigreg=0.5889  proto=1.9581  min_dist=0.99  mean_dist=7.34
  [sigreg+proto] epoch 2/5  sigreg=0.5985  proto=1.7909  min_dist=1.11  mean_dist=7.38
  [sigreg+proto] epoch 3/5  sigreg=0.6016  proto=1.8514  min_dist=1.22  mean_dist=7.43
  [sigreg+proto] epoch 4/5  sigreg=0.5954  proto=1.8343  min_dist=1.33  mean_dist=7.47
  [sigreg+proto] epoch 5/5  sigreg=0.5972  proto=1.9252  min_dist=1.42  mean_dist=7.52
  round 2: pool=197 purity=0.599 k-hat=1 anchors=1  margin=0.8540  mean-anchor=0.8306  5=0.831
    [np   corpus-norm] purity r1=0.578 r2=0.599  probe 0.852->0.862  eucl 0.422->0.421  perevt 0.028->0.028  drift 0.095

===== EXP135 SUMMARY_h1_d5 (paired frozen vs corpus-norm; gate 0.15) =====
  cell|arm|scorer                              r1  r2 frz   r2 cn    d r2    probe frz/cn  drift
  galaxy10:visreg|supcon-ft|np              0.591   0.589   0.568  -0.020   0.882/0.881    0.153
  galaxy10:visreg|ss-ft|np                  0.566   0.561   0.541  -0.020   0.864/0.872    0.101
  galaxy10:visreg|nplm-sup-ft|np            0.578   0.605   0.599  -0.006   0.852/0.862    0.095

wrote logs/exp135/corpus_norm_galaxy10-visreg_h1_d5_s1.json
EXP135 DONE.
