/home/pharris/venv/lib64/python3.9/site-packages/networkx/utils/backends.py:135: RuntimeWarning: networkx backend defined more than once: nx-loopback
  backends.update(_get_backends("networkx.backends"))

######## galaxy10:visreg_h1_d5: holdouts=[5] ########

  --- supcon-ft: pre probe=0.8815 eucl=0.5732 mahaT=0.5593 perevt=0.039   [archived unfrozen post probe 0.8674]
  [sigreg+proto] epoch 1/5  sigreg=0.3160  proto=2.8588  min_dist=3.56  mean_dist=17.00
  [sigreg+proto] epoch 2/5  sigreg=0.3090  proto=2.8058  min_dist=3.64  mean_dist=17.02
  [sigreg+proto] epoch 3/5  sigreg=0.3115  proto=3.3419  min_dist=3.72  mean_dist=17.03
  [sigreg+proto] epoch 4/5  sigreg=0.3205  proto=2.7902  min_dist=3.80  mean_dist=17.05
  [sigreg+proto] epoch 5/5  sigreg=0.3248  proto=2.1678  min_dist=3.88  mean_dist=17.07
  round 1: pool=192 purity=0.589 k-hat=4 anchors=4  margin=0.8587  mean-anchor=0.8309  5=0.831
    merged 7 -> 4 anchors
  [sigreg+proto] epoch 1/5  sigreg=0.3151  proto=2.7453  min_dist=3.91  mean_dist=17.03
  [sigreg+proto] epoch 2/5  sigreg=0.3077  proto=2.6740  min_dist=3.99  mean_dist=17.05
  [sigreg+proto] epoch 3/5  sigreg=0.3075  proto=2.9524  min_dist=4.07  mean_dist=17.07
  [sigreg+proto] epoch 4/5  sigreg=0.3004  proto=2.8480  min_dist=4.16  mean_dist=17.08
  [sigreg+proto] epoch 5/5  sigreg=0.3047  proto=2.8689  min_dist=4.24  mean_dist=17.10
  round 2: pool=180 purity=0.561 k-hat=3 anchors=4  margin=0.8594  mean-anchor=0.8314  5=0.831
    [np   frozen     ] purity r1=0.589 r2=0.561  probe 0.882->0.882  eucl 0.573->0.573  perevt 0.039->0.039  drift 0.000
  [sigreg+proto] epoch 1/5  sigreg=0.3364  proto=3.6497  min_dist=3.56  mean_dist=17.00
  [sigreg+proto] epoch 2/5  sigreg=0.3328  proto=3.4696  min_dist=3.64  mean_dist=17.02
  [sigreg+proto] epoch 3/5  sigreg=0.3366  proto=4.0491  min_dist=3.72  mean_dist=17.04
  [sigreg+proto] epoch 4/5  sigreg=0.3469  proto=3.5282  min_dist=3.80  mean_dist=17.06
  [sigreg+proto] epoch 5/5  sigreg=0.3487  proto=2.8744  min_dist=3.88  mean_dist=17.08
  round 1: pool=192 purity=0.589 k-hat=4 anchors=4  margin=0.8622  mean-anchor=0.8549  5=0.855
    merged 7 -> 5 anchors
  [sigreg+proto] epoch 1/5  sigreg=0.3508  proto=3.2558  min_dist=3.45  mean_dist=16.29
  [sigreg+proto] epoch 2/5  sigreg=0.3518  proto=3.4268  min_dist=3.47  mean_dist=16.31
  [sigreg+proto] epoch 3/5  sigreg=0.3527  proto=4.3798  min_dist=3.49  mean_dist=16.34
  [sigreg+proto] epoch 4/5  sigreg=0.3465  proto=3.6001  min_dist=3.52  mean_dist=16.37
  [sigreg+proto] epoch 5/5  sigreg=0.3538  proto=3.9987  min_dist=3.54  mean_dist=16.39
  round 2: pool=193 purity=0.591 k-hat=3 anchors=5  margin=0.8659  mean-anchor=0.8062  5=0.806
    [np   corpus-norm] purity r1=0.589 r2=0.591  probe 0.882->0.881  eucl 0.573->0.569  perevt 0.039->0.028  drift 0.160

  --- ss-ft: pre probe=0.8645 eucl=0.5073 mahaT=0.5738 perevt=0.046   [archived unfrozen post probe 0.8451]
  [sigreg+proto] epoch 1/5  sigreg=0.2435  proto=3.0679  min_dist=4.17  mean_dist=14.52
  [sigreg+proto] epoch 2/5  sigreg=0.2403  proto=3.4093  min_dist=4.26  mean_dist=14.56
  [sigreg+proto] epoch 3/5  sigreg=0.2405  proto=3.3742  min_dist=4.34  mean_dist=14.59
  [sigreg+proto] epoch 4/5  sigreg=0.2429  proto=2.8751  min_dist=4.43  mean_dist=14.62
  [sigreg+proto] epoch 5/5  sigreg=0.2405  proto=3.3793  min_dist=4.51  mean_dist=14.65
  round 1: pool=180 purity=0.561 k-hat=2 anchors=2  margin=0.8466  mean-anchor=0.7850  5=0.785
    merged 5 -> 3 anchors
  [sigreg+proto] epoch 1/5  sigreg=0.2574  proto=3.0157  min_dist=4.68  mean_dist=14.19
  [sigreg+proto] epoch 2/5  sigreg=0.2553  proto=3.6805  min_dist=4.76  mean_dist=14.23
  [sigreg+proto] epoch 3/5  sigreg=0.2498  proto=3.6816  min_dist=4.84  mean_dist=14.27
  [sigreg+proto] epoch 4/5  sigreg=0.2490  proto=3.7413  min_dist=4.92  mean_dist=14.31
  [sigreg+proto] epoch 5/5  sigreg=0.2582  proto=2.8598  min_dist=5.00  mean_dist=14.35
  round 2: pool=179 purity=0.559 k-hat=3 anchors=3  margin=0.8414  mean-anchor=0.7869  5=0.787
    [np   frozen     ] purity r1=0.561 r2=0.559  probe 0.864->0.864  eucl 0.507->0.507  perevt 0.046->0.046  drift 0.000
  [sigreg+proto] epoch 1/5  sigreg=0.2488  proto=3.2035  min_dist=4.17  mean_dist=14.52
  [sigreg+proto] epoch 2/5  sigreg=0.2422  proto=3.5681  min_dist=4.26  mean_dist=14.56
  [sigreg+proto] epoch 3/5  sigreg=0.2465  proto=3.5316  min_dist=4.34  mean_dist=14.60
  [sigreg+proto] epoch 4/5  sigreg=0.2475  proto=2.9883  min_dist=4.43  mean_dist=14.63
  [sigreg+proto] epoch 5/5  sigreg=0.2430  proto=3.5695  min_dist=4.51  mean_dist=14.67
  round 1: pool=180 purity=0.561 k-hat=2 anchors=2  margin=0.8523  mean-anchor=0.7997  5=0.800
    merged 4 -> 2 anchors
  [sigreg+proto] epoch 1/5  sigreg=0.2400  proto=3.2265  min_dist=4.00  mean_dist=14.69
  [sigreg+proto] epoch 2/5  sigreg=0.2318  proto=3.3001  min_dist=4.09  mean_dist=14.73
  [sigreg+proto] epoch 3/5  sigreg=0.2398  proto=4.0132  min_dist=4.18  mean_dist=14.76
  [sigreg+proto] epoch 4/5  sigreg=0.2424  proto=3.6088  min_dist=4.27  mean_dist=14.80
  [sigreg+proto] epoch 5/5  sigreg=0.2435  proto=3.1038  min_dist=4.36  mean_dist=14.83
  round 2: pool=173 purity=0.543 k-hat=2 anchors=2  margin=0.8446  mean-anchor=0.7936  5=0.794
    [np   corpus-norm] purity r1=0.561 r2=0.543  probe 0.864->0.872  eucl 0.507->0.502  perevt 0.046->0.044  drift 0.102

  --- nplm-sup-ft: pre probe=0.8518 eucl=0.4219 mahaT=0.4712 perevt=0.028   [archived unfrozen post probe 0.7822]
  [sigreg+proto] epoch 1/5  sigreg=0.5873  proto=1.8193  min_dist=0.67  mean_dist=7.15
  [sigreg+proto] epoch 2/5  sigreg=0.5968  proto=1.6530  min_dist=0.79  mean_dist=7.19
  [sigreg+proto] epoch 3/5  sigreg=0.5983  proto=1.7356  min_dist=0.89  mean_dist=7.22
  [sigreg+proto] epoch 4/5  sigreg=0.5916  proto=1.7297  min_dist=0.98  mean_dist=7.26
  [sigreg+proto] epoch 5/5  sigreg=0.5918  proto=1.7586  min_dist=1.06  mean_dist=7.30
  round 1: pool=200 purity=0.605 k-hat=1 anchors=1  margin=0.8566  mean-anchor=0.8274  5=0.827
    merged 2 -> 1 anchors
  [sigreg+proto] epoch 1/5  sigreg=0.5890  proto=1.7042  min_dist=1.00  mean_dist=7.35
  [sigreg+proto] epoch 2/5  sigreg=0.5900  proto=1.8112  min_dist=1.13  mean_dist=7.39
  [sigreg+proto] epoch 3/5  sigreg=0.5939  proto=1.6437  min_dist=1.24  mean_dist=7.43
  [sigreg+proto] epoch 4/5  sigreg=0.5939  proto=1.7437  min_dist=1.34  mean_dist=7.48
  [sigreg+proto] epoch 5/5  sigreg=0.6008  proto=1.5815  min_dist=1.44  mean_dist=7.53
  round 2: pool=199 purity=0.603 k-hat=1 anchors=1  margin=0.8583  mean-anchor=0.8293  5=0.829
    [np   frozen     ] purity r1=0.605 r2=0.603  probe 0.852->0.852  eucl 0.422->0.422  perevt 0.028->0.028  drift 0.000
  [sigreg+proto] epoch 1/5  sigreg=0.5865  proto=1.9315  min_dist=0.67  mean_dist=7.15
  [sigreg+proto] epoch 2/5  sigreg=0.5967  proto=1.7706  min_dist=0.79  mean_dist=7.19
  [sigreg+proto] epoch 3/5  sigreg=0.6010  proto=1.8332  min_dist=0.89  mean_dist=7.22
  [sigreg+proto] epoch 4/5  sigreg=0.5922  proto=1.8035  min_dist=0.98  mean_dist=7.26
  [sigreg+proto] epoch 5/5  sigreg=0.5920  proto=1.8957  min_dist=1.06  mean_dist=7.30
  round 1: pool=200 purity=0.605 k-hat=1 anchors=1  margin=0.8539  mean-anchor=0.8300  5=0.830
    merged 2 -> 1 anchors
  [sigreg+proto] epoch 1/5  sigreg=0.5918  proto=1.8230  min_dist=0.98  mean_dist=7.35
  [sigreg+proto] epoch 2/5  sigreg=0.5908  proto=1.9269  min_dist=1.11  mean_dist=7.39
  [sigreg+proto] epoch 3/5  sigreg=0.5947  proto=1.7752  min_dist=1.22  mean_dist=7.44
  [sigreg+proto] epoch 4/5  sigreg=0.5931  proto=1.8819  min_dist=1.32  mean_dist=7.48
  [sigreg+proto] epoch 5/5  sigreg=0.6022  proto=1.7140  min_dist=1.41  mean_dist=7.53
  round 2: pool=192 purity=0.589 k-hat=1 anchors=1  margin=0.8563  mean-anchor=0.8322  5=0.832
    [np   corpus-norm] purity r1=0.605 r2=0.589  probe 0.852->0.862  eucl 0.422->0.421  perevt 0.028->0.028  drift 0.094

===== EXP135 SUMMARY_h1_d5 (paired frozen vs corpus-norm; gate 0.15) =====
  cell|arm|scorer                              r1  r2 frz   r2 cn    d r2    probe frz/cn  drift
  galaxy10:visreg|supcon-ft|np              0.589   0.561   0.591  +0.030   0.882/0.881    0.160
  galaxy10:visreg|ss-ft|np                  0.561   0.559   0.543  -0.015   0.864/0.872    0.102
  galaxy10:visreg|nplm-sup-ft|np            0.605   0.603   0.589  -0.014   0.852/0.862    0.094

wrote logs/exp135/corpus_norm_galaxy10-visreg_h1_d5_s2.json
EXP135 DONE.
