/home/pharris/venv/lib64/python3.9/site-packages/networkx/utils/backends.py:135: RuntimeWarning: networkx backend defined more than once: nx-loopback
  backends.update(_get_backends("networkx.backends"))

######## dtd:dino_h1_d3: holdouts=[38] ########

  --- frozen: pre probe=0.9362 eucl=0.8232 mahaT=0.7883 perevt=0.175
  [sigreg+proto] epoch 1/5  sigreg=0.1372  proto=7.6705  min_dist=6.48  mean_dist=17.18
  [sigreg+proto] epoch 2/5  sigreg=0.1358  proto=7.3926  min_dist=6.49  mean_dist=17.17
  [sigreg+proto] epoch 3/5  sigreg=0.1343  proto=9.0917  min_dist=6.49  mean_dist=17.17
  [sigreg+proto] epoch 4/5  sigreg=0.1365  proto=7.3885  min_dist=6.50  mean_dist=17.16
  [sigreg+proto] epoch 5/5  sigreg=0.1379  proto=6.6592  min_dist=6.51  mean_dist=17.15
  round 1: pool=104 purity=0.115 k-hat=1 anchors=1  margin=0.9154  mean-anchor=0.8450  38=0.845
    merged 2 -> 1 anchors
  [sigreg+proto] epoch 1/5  sigreg=0.1381  proto=8.4385  min_dist=6.34  mean_dist=17.14
  [sigreg+proto] epoch 2/5  sigreg=0.1318  proto=8.0592  min_dist=6.35  mean_dist=17.13
  [sigreg+proto] epoch 3/5  sigreg=0.1298  proto=7.0449  min_dist=6.36  mean_dist=17.12
  [sigreg+proto] epoch 4/5  sigreg=0.1360  proto=7.4654  min_dist=6.37  mean_dist=17.11
  [sigreg+proto] epoch 5/5  sigreg=0.1371  proto=6.5473  min_dist=6.39  mean_dist=17.10
  round 2: pool=95 purity=0.032 k-hat=1 anchors=1  margin=0.8933  mean-anchor=0.7413  38=0.741
    [dist frozen     ] purity r1=0.115 r2=0.032  probe 0.936->0.936  eucl 0.823->0.823  perevt 0.175->0.175  drift 0.000
  [sigreg+proto] epoch 1/5  sigreg=0.1395  proto=8.2965  min_dist=6.48  mean_dist=17.18
  [sigreg+proto] epoch 2/5  sigreg=0.1386  proto=8.1105  min_dist=6.49  mean_dist=17.17
  [sigreg+proto] epoch 3/5  sigreg=0.1367  proto=9.7124  min_dist=6.50  mean_dist=17.16
  [sigreg+proto] epoch 4/5  sigreg=0.1384  proto=8.0857  min_dist=6.50  mean_dist=17.15
  [sigreg+proto] epoch 5/5  sigreg=0.1395  proto=7.2941  min_dist=6.51  mean_dist=17.15
  round 1: pool=104 purity=0.115 k-hat=1 anchors=1  margin=0.9167  mean-anchor=0.8507  38=0.851
    merged 2 -> 1 anchors
  [sigreg+proto] epoch 1/5  sigreg=0.1407  proto=9.0229  min_dist=6.32  mean_dist=17.13
  [sigreg+proto] epoch 2/5  sigreg=0.1346  proto=8.7230  min_dist=6.33  mean_dist=17.12
  [sigreg+proto] epoch 3/5  sigreg=0.1317  proto=7.6063  min_dist=6.34  mean_dist=17.11
  [sigreg+proto] epoch 4/5  sigreg=0.1393  proto=8.0137  min_dist=6.35  mean_dist=17.11
  [sigreg+proto] epoch 5/5  sigreg=0.1381  proto=7.1272  min_dist=6.36  mean_dist=17.10
  round 2: pool=94 purity=0.021 k-hat=1 anchors=1  margin=0.8938  mean-anchor=0.7534  38=0.753
    [dist corpus-norm] purity r1=0.115 r2=0.021  probe 0.936->0.928  eucl 0.823->0.822  perevt 0.175->0.150  drift 0.016
  [sigreg+proto] epoch 1/5  sigreg=0.1376  proto=9.1750  min_dist=7.50  mean_dist=17.24
  [sigreg+proto] epoch 2/5  sigreg=0.1325  proto=10.5003  min_dist=7.51  mean_dist=17.23
  [sigreg+proto] epoch 3/5  sigreg=0.1354  proto=8.7967  min_dist=7.53  mean_dist=17.22
  [sigreg+proto] epoch 4/5  sigreg=0.1347  proto=9.4534  min_dist=7.54  mean_dist=17.21
  [sigreg+proto] epoch 5/5  sigreg=0.1394  proto=9.3055  min_dist=7.55  mean_dist=17.21
  round 1: pool=129 purity=0.287 k-hat=2 anchors=2  margin=0.9420  mean-anchor=0.9728  38=0.973
    merged 5 -> 4 anchors
  [sigreg+proto] epoch 1/5  sigreg=0.1355  proto=9.7370  min_dist=3.41  mean_dist=17.28
  [sigreg+proto] epoch 2/5  sigreg=0.1441  proto=8.4946  min_dist=3.42  mean_dist=17.28
  [sigreg+proto] epoch 3/5  sigreg=0.1440  proto=11.4431  min_dist=3.44  mean_dist=17.27
  [sigreg+proto] epoch 4/5  sigreg=0.1386  proto=12.1118  min_dist=3.47  mean_dist=17.26
  [sigreg+proto] epoch 5/5  sigreg=0.1407  proto=8.2565  min_dist=3.49  mean_dist=17.26
  round 2: pool=131 purity=0.298 k-hat=3 anchors=4  margin=0.9385  mean-anchor=0.9734  38=0.973
    [np   frozen     ] purity r1=0.287 r2=0.298  probe 0.936->0.936  eucl 0.823->0.823  perevt 0.175->0.175  drift 0.000
  [sigreg+proto] epoch 1/5  sigreg=0.1403  proto=9.8980  min_dist=7.50  mean_dist=17.23
  [sigreg+proto] epoch 2/5  sigreg=0.1360  proto=11.0432  min_dist=7.51  mean_dist=17.23
  [sigreg+proto] epoch 3/5  sigreg=0.1389  proto=9.3823  min_dist=7.53  mean_dist=17.22
  [sigreg+proto] epoch 4/5  sigreg=0.1368  proto=10.0839  min_dist=7.54  mean_dist=17.21
  [sigreg+proto] epoch 5/5  sigreg=0.1429  proto=9.9279  min_dist=7.55  mean_dist=17.20
  round 1: pool=129 purity=0.287 k-hat=2 anchors=2  margin=0.9423  mean-anchor=0.9728  38=0.973
    merged 4 -> 3 anchors
  [sigreg+proto] epoch 1/5  sigreg=0.1413  proto=11.3960  min_dist=3.48  mean_dist=17.03
  [sigreg+proto] epoch 2/5  sigreg=0.1413  proto=11.1485  min_dist=3.51  mean_dist=17.02
  [sigreg+proto] epoch 3/5  sigreg=0.1361  proto=11.6700  min_dist=3.55  mean_dist=17.01
  [sigreg+proto] epoch 4/5  sigreg=0.1375  proto=11.6741  min_dist=3.59  mean_dist=17.01
  [sigreg+proto] epoch 5/5  sigreg=0.1400  proto=9.9816  min_dist=3.62  mean_dist=17.00
  round 2: pool=131 purity=0.298 k-hat=2 anchors=3  margin=0.9432  mean-anchor=0.9755  38=0.975
    [np   corpus-norm] purity r1=0.287 r2=0.298  probe 0.936->0.943  eucl 0.823->0.820  perevt 0.175->0.150  drift 0.023

===== EXP135 SUMMARY_h1_d3 (paired frozen vs corpus-norm; gate 0.15) =====
  cell|arm|scorer                              r1  r2 frz   r2 cn    d r2    probe frz/cn  drift
  dtd:dino|frozen|dist                    0.115   0.032   0.021  -0.010   0.936/0.928    0.016
  dtd:dino|frozen|np                      0.287   0.298   0.298  +0.000   0.936/0.943    0.023

wrote logs/exp135/corpus_norm_dtd-dino_frozen_h1_d3.json
EXP135 DONE.
