/home/pharris/venv/lib64/python3.9/site-packages/networkx/utils/backends.py:135: RuntimeWarning: networkx backend defined more than once: nx-loopback
  backends.update(_get_backends("networkx.backends"))

######## galaxy10:visreg: holdouts=[9] ########

  --- frozen: pre probe=0.9615 eucl=0.5887 mahaT=0.7163 perevt=0.036
  [sigreg+proto] epoch 1/5  sigreg=0.1888  proto=59.0882  min_dist=4.83  mean_dist=25.16
  [sigreg+proto] epoch 2/5  sigreg=0.1946  proto=59.2971  min_dist=4.91  mean_dist=25.15
  [sigreg+proto] epoch 3/5  sigreg=0.1972  proto=61.5177  min_dist=5.01  mean_dist=25.14
  [sigreg+proto] epoch 4/5  sigreg=0.1995  proto=58.6515  min_dist=5.10  mean_dist=25.13
  [sigreg+proto] epoch 5/5  sigreg=0.1901  proto=54.8662  min_dist=5.19  mean_dist=25.13
  round 1: pool=83 purity=0.036 k-hat=4 anchors=4  margin=0.6168  mean-anchor=0.6376  9=0.638
  [sigreg+proto] epoch 1/5  sigreg=0.2427  proto=50.9282  min_dist=5.29  mean_dist=28.34
  [sigreg+proto] epoch 2/5  sigreg=0.2409  proto=48.2153  min_dist=5.37  mean_dist=28.33
  [sigreg+proto] epoch 3/5  sigreg=0.2437  proto=48.7749  min_dist=5.45  mean_dist=28.32
  [sigreg+proto] epoch 4/5  sigreg=0.2455  proto=53.6850  min_dist=5.53  mean_dist=28.31
  [sigreg+proto] epoch 5/5  sigreg=0.2404  proto=50.0826  min_dist=5.61  mean_dist=28.30
  round 2: pool=85 purity=0.059 k-hat=4 anchors=8  margin=0.5748  mean-anchor=0.6413  9=0.641
    [dist frozen     ] purity r1=0.036 r2=0.059  probe 0.961->0.961  eucl 0.589->0.589  perevt 0.036->0.036  drift 0.000
  [sigreg+proto] epoch 1/5  sigreg=0.2547  proto=44.0463  min_dist=4.77  mean_dist=25.14
  [sigreg+proto] epoch 2/5  sigreg=0.2567  proto=44.8626  min_dist=4.82  mean_dist=25.11
  [sigreg+proto] epoch 3/5  sigreg=0.2567  proto=43.7060  min_dist=4.88  mean_dist=25.09
  [sigreg+proto] epoch 4/5  sigreg=0.2566  proto=43.6401  min_dist=4.93  mean_dist=25.06
  [sigreg+proto] epoch 5/5  sigreg=0.2548  proto=39.6061  min_dist=4.99  mean_dist=25.04
  round 1: pool=83 purity=0.036 k-hat=4 anchors=4  margin=0.6507  mean-anchor=0.6914  9=0.691
  [sigreg+proto] epoch 1/5  sigreg=0.3189  proto=34.2069  min_dist=5.05  mean_dist=25.35
  [sigreg+proto] epoch 2/5  sigreg=0.3263  proto=33.1959  min_dist=5.09  mean_dist=25.33
  [sigreg+proto] epoch 3/5  sigreg=0.3200  proto=31.6667  min_dist=5.13  mean_dist=25.31
  [sigreg+proto] epoch 4/5  sigreg=0.3134  proto=35.7727  min_dist=5.18  mean_dist=25.30
  [sigreg+proto] epoch 5/5  sigreg=0.3214  proto=32.7669  min_dist=5.22  mean_dist=25.28
  round 2: pool=87 purity=0.080 k-hat=4 anchors=8  margin=0.6081  mean-anchor=0.7107  9=0.711
    [dist corpus-norm] purity r1=0.036 r2=0.080  probe 0.961->0.938  eucl 0.589->0.588  perevt 0.036->0.036  drift 0.275
  [sigreg+proto] epoch 1/5  sigreg=0.1580  proto=53.5706  min_dist=4.84  mean_dist=18.08
  [sigreg+proto] epoch 2/5  sigreg=0.1670  proto=55.3293  min_dist=4.94  mean_dist=18.06
  [sigreg+proto] epoch 3/5  sigreg=0.1635  proto=51.0000  min_dist=5.04  mean_dist=18.04
  [sigreg+proto] epoch 4/5  sigreg=0.1646  proto=51.2073  min_dist=5.14  mean_dist=18.03
  [sigreg+proto] epoch 5/5  sigreg=0.1615  proto=48.3240  min_dist=5.23  mean_dist=18.01
  round 1: pool=191 purity=0.581 k-hat=4 anchors=4  margin=0.8084  mean-anchor=0.6895  9=0.689
    merged 8 -> 7 anchors
  [sigreg+proto] epoch 1/5  sigreg=0.1796  proto=42.8079  min_dist=3.63  mean_dist=18.33
  [sigreg+proto] epoch 2/5  sigreg=0.1797  proto=41.5575  min_dist=3.62  mean_dist=18.32
  [sigreg+proto] epoch 3/5  sigreg=0.1827  proto=40.7782  min_dist=3.61  mean_dist=18.31
  [sigreg+proto] epoch 4/5  sigreg=0.1823  proto=41.1816  min_dist=3.60  mean_dist=18.31
  [sigreg+proto] epoch 5/5  sigreg=0.1869  proto=37.7886  min_dist=3.58  mean_dist=18.30
  round 2: pool=189 purity=0.577 k-hat=4 anchors=7  margin=0.8306  mean-anchor=0.5777  9=0.578
    [np   frozen     ] purity r1=0.581 r2=0.577  probe 0.961->0.961  eucl 0.589->0.589  perevt 0.036->0.036  drift 0.000
  [sigreg+proto] epoch 1/5  sigreg=0.1922  proto=54.4500  min_dist=4.81  mean_dist=18.08
  [sigreg+proto] epoch 2/5  sigreg=0.2036  proto=56.2429  min_dist=4.90  mean_dist=18.05
  [sigreg+proto] epoch 3/5  sigreg=0.1998  proto=53.9478  min_dist=4.98  mean_dist=18.03
  [sigreg+proto] epoch 4/5  sigreg=0.2020  proto=53.7224  min_dist=5.06  mean_dist=18.00
  [sigreg+proto] epoch 5/5  sigreg=0.1977  proto=49.8864  min_dist=5.14  mean_dist=17.98
  round 1: pool=191 purity=0.581 k-hat=4 anchors=4  margin=0.8257  mean-anchor=0.7574  9=0.757
  [sigreg+proto] epoch 1/5  sigreg=0.2534  proto=43.9759  min_dist=5.21  mean_dist=18.62
  [sigreg+proto] epoch 2/5  sigreg=0.2479  proto=46.2823  min_dist=5.29  mean_dist=18.61
  [sigreg+proto] epoch 3/5  sigreg=0.2416  proto=42.9819  min_dist=5.36  mean_dist=18.61
  [sigreg+proto] epoch 4/5  sigreg=0.2546  proto=43.8635  min_dist=5.32  mean_dist=18.60
  [sigreg+proto] epoch 5/5  sigreg=0.2505  proto=43.5603  min_dist=5.24  mean_dist=18.60
  round 2: pool=188 purity=0.574 k-hat=4 anchors=8  margin=0.8100  mean-anchor=0.6333  9=0.633
    [np   corpus-norm] purity r1=0.581 r2=0.574  probe 0.961->0.966  eucl 0.589->0.582  perevt 0.036->0.033  drift 0.245

===== EXP135 SUMMARY (paired frozen vs corpus-norm; gate 0.15) =====
  cell|arm|scorer                              r1  r2 frz   r2 cn    d r2    probe frz/cn  drift
  galaxy10:visreg|frozen|dist             0.036   0.059   0.080  +0.022   0.961/0.938    0.275
  galaxy10:visreg|frozen|np               0.581   0.577   0.574  -0.002   0.961/0.966    0.245

wrote logs/exp135/corpus_norm_galaxy10-visreg_frozen.json
EXP135 DONE.
