/home/pharris/venv/lib64/python3.9/site-packages/networkx/utils/backends.py:135: RuntimeWarning: networkx backend defined more than once: nx-loopback
  backends.update(_get_backends("networkx.backends"))

######## aircraft:visreg: holdouts=[90, 91, 92, 93]... ########

  --- frozen: pre probe=0.8043 eucl=0.5784 mahaT=0.6404 perevt=0.072
  [sigreg+proto] epoch 1/5  sigreg=0.2105  proto=92.1031  min_dist=3.43  mean_dist=19.42
  [sigreg+proto] epoch 2/5  sigreg=0.2174  proto=97.4231  min_dist=3.59  mean_dist=19.46
  [sigreg+proto] epoch 3/5  sigreg=0.2135  proto=95.5035  min_dist=3.73  mean_dist=19.49
  [sigreg+proto] epoch 4/5  sigreg=0.2110  proto=92.8388  min_dist=3.77  mean_dist=19.51
  [sigreg+proto] epoch 5/5  sigreg=0.2149  proto=92.3714  min_dist=3.82  mean_dist=19.53
  round 1: pool=348 purity=0.138 k-hat=12 anchors=12  margin=0.5557  mean-anchor=0.5302  
  [sigreg+proto] epoch 1/5  sigreg=0.2558  proto=80.5568  min_dist=3.88  mean_dist=23.83
  [sigreg+proto] epoch 2/5  sigreg=0.2441  proto=88.8929  min_dist=3.94  mean_dist=23.84
  [sigreg+proto] epoch 3/5  sigreg=0.2580  proto=78.4319  min_dist=4.00  mean_dist=23.84
  [sigreg+proto] epoch 4/5  sigreg=0.2615  proto=84.7311  min_dist=4.08  mean_dist=23.85
  [sigreg+proto] epoch 5/5  sigreg=0.2452  proto=78.0155  min_dist=4.16  mean_dist=23.85
  round 2: pool=328 purity=0.085 k-hat=12 anchors=24  margin=0.5491  mean-anchor=0.5724  
    [dist frozen     ] purity r1=0.138 r2=0.085  probe 0.804->0.804  eucl 0.578->0.578  perevt 0.072->0.072  drift 0.000
  [sigreg+proto] epoch 1/5  sigreg=0.2671  proto=80.1332  min_dist=3.41  mean_dist=19.41
  [sigreg+proto] epoch 2/5  sigreg=0.2595  proto=81.8249  min_dist=3.55  mean_dist=19.43
  [sigreg+proto] epoch 3/5  sigreg=0.2537  proto=81.8412  min_dist=3.69  mean_dist=19.45
  [sigreg+proto] epoch 4/5  sigreg=0.2274  proto=79.7786  min_dist=3.75  mean_dist=19.47
  [sigreg+proto] epoch 5/5  sigreg=0.2538  proto=76.9344  min_dist=3.79  mean_dist=19.49
  round 1: pool=348 purity=0.138 k-hat=12 anchors=12  margin=0.5696  mean-anchor=0.5465  
  [sigreg+proto] epoch 1/5  sigreg=0.2832  proto=67.1635  min_dist=3.85  mean_dist=21.91
  [sigreg+proto] epoch 2/5  sigreg=0.3054  proto=65.0361  min_dist=3.91  mean_dist=21.91
  [sigreg+proto] epoch 3/5  sigreg=0.2882  proto=61.0950  min_dist=3.96  mean_dist=21.91
  [sigreg+proto] epoch 4/5  sigreg=0.3177  proto=70.2493  min_dist=4.02  mean_dist=21.90
  [sigreg+proto] epoch 5/5  sigreg=0.3244  proto=62.7812  min_dist=4.08  mean_dist=21.90
  round 2: pool=328 purity=0.085 k-hat=9 anchors=21  margin=0.5546  mean-anchor=0.5891  
    [dist corpus-norm] purity r1=0.138 r2=0.085  probe 0.804->0.825  eucl 0.578->0.574  perevt 0.072->0.066  drift 0.208
  [sigreg+proto] epoch 1/5  sigreg=0.2071  proto=105.8905  min_dist=3.40  mean_dist=12.66
  [sigreg+proto] epoch 2/5  sigreg=0.2057  proto=107.8772  min_dist=3.55  mean_dist=12.71
  [sigreg+proto] epoch 3/5  sigreg=0.2109  proto=104.5231  min_dist=3.70  mean_dist=12.76
  [sigreg+proto] epoch 4/5  sigreg=0.2060  proto=101.2180  min_dist=3.79  mean_dist=12.81
  [sigreg+proto] epoch 5/5  sigreg=0.2104  proto=100.1665  min_dist=3.86  mean_dist=12.86
  round 1: pool=343 purity=0.125 k-hat=2 anchors=2  margin=0.3694  mean-anchor=0.4482  
  [sigreg+proto] epoch 1/5  sigreg=0.2090  proto=107.3048  min_dist=3.98  mean_dist=14.08
  [sigreg+proto] epoch 2/5  sigreg=0.2214  proto=105.8506  min_dist=4.07  mean_dist=14.13
  [sigreg+proto] epoch 3/5  sigreg=0.2168  proto=98.8655  min_dist=4.15  mean_dist=14.17
  [sigreg+proto] epoch 4/5  sigreg=0.2170  proto=101.9674  min_dist=4.22  mean_dist=14.21
  [sigreg+proto] epoch 5/5  sigreg=0.2174  proto=96.5733  min_dist=4.30  mean_dist=14.25
  round 2: pool=379 purity=0.208 k-hat=4 anchors=6  margin=0.4516  mean-anchor=0.5514  
    [np   frozen     ] purity r1=0.125 r2=0.208  probe 0.804->0.804  eucl 0.578->0.578  perevt 0.072->0.072  drift 0.000
  [sigreg+proto] epoch 1/5  sigreg=0.2084  proto=106.8167  min_dist=3.40  mean_dist=12.65
  [sigreg+proto] epoch 2/5  sigreg=0.2095  proto=109.6709  min_dist=3.55  mean_dist=12.70
  [sigreg+proto] epoch 3/5  sigreg=0.2138  proto=107.7747  min_dist=3.70  mean_dist=12.74
  [sigreg+proto] epoch 4/5  sigreg=0.2095  proto=103.5709  min_dist=3.77  mean_dist=12.78
  [sigreg+proto] epoch 5/5  sigreg=0.2118  proto=100.7670  min_dist=3.83  mean_dist=12.83
  round 1: pool=343 purity=0.125 k-hat=2 anchors=2  margin=0.3700  mean-anchor=0.4478  
  [sigreg+proto] epoch 1/5  sigreg=0.2138  proto=109.8176  min_dist=3.94  mean_dist=14.15
  [sigreg+proto] epoch 2/5  sigreg=0.2256  proto=105.0556  min_dist=4.02  mean_dist=14.19
  [sigreg+proto] epoch 3/5  sigreg=0.2221  proto=100.3853  min_dist=4.10  mean_dist=14.23
  [sigreg+proto] epoch 4/5  sigreg=0.2218  proto=104.2096  min_dist=4.17  mean_dist=14.27
  [sigreg+proto] epoch 5/5  sigreg=0.2204  proto=98.1828  min_dist=4.26  mean_dist=14.30
  round 2: pool=379 purity=0.208 k-hat=4 anchors=6  margin=0.4762  mean-anchor=0.5753  
    [np   corpus-norm] purity r1=0.125 r2=0.208  probe 0.804->0.831  eucl 0.578->0.578  perevt 0.072->0.072  drift 0.017

===== EXP135 SUMMARY (paired frozen vs corpus-norm; gate 0.15) =====
  cell|arm|scorer                              r1  r2 frz   r2 cn    d r2    probe frz/cn  drift
  aircraft:visreg|frozen|dist             0.138   0.085   0.085  +0.000   0.804/0.825    0.208
  aircraft:visreg|frozen|np               0.125   0.208   0.208  +0.000   0.804/0.831    0.017

wrote logs/exp135/corpus_norm_aircraft-visreg_frozen.json
EXP135 DONE.
