/home/pharris/venv/lib64/python3.9/site-packages/networkx/utils/backends.py:135: RuntimeWarning: networkx backend defined more than once: nx-loopback
  backends.update(_get_backends("networkx.backends"))

######## galaxy10:dino_h1_d3: holdouts=[6] ########

  --- frozen: pre probe=0.8843 eucl=0.5682 mahaT=0.5505 perevt=0.102
  [sigreg+proto] epoch 1/5  sigreg=0.1819  proto=29.9161  min_dist=6.20  mean_dist=23.30
  [sigreg+proto] epoch 2/5  sigreg=0.1775  proto=31.6260  min_dist=6.30  mean_dist=23.27
  [sigreg+proto] epoch 3/5  sigreg=0.1649  proto=31.0674  min_dist=6.40  mean_dist=23.25
  [sigreg+proto] epoch 4/5  sigreg=0.1666  proto=29.8801  min_dist=6.51  mean_dist=23.22
  [sigreg+proto] epoch 5/5  sigreg=0.1688  proto=28.7048  min_dist=6.61  mean_dist=23.20
  round 1: pool=99 purity=0.192 k-hat=4 anchors=4  margin=0.6113  mean-anchor=0.5394  6=0.539
  [sigreg+proto] epoch 1/5  sigreg=0.2036  proto=27.1324  min_dist=6.69  mean_dist=24.94
  [sigreg+proto] epoch 2/5  sigreg=0.2163  proto=27.9051  min_dist=6.78  mean_dist=24.92
  [sigreg+proto] epoch 3/5  sigreg=0.2053  proto=27.9880  min_dist=6.87  mean_dist=24.89
  [sigreg+proto] epoch 4/5  sigreg=0.1970  proto=27.5497  min_dist=6.96  mean_dist=24.86
  [sigreg+proto] epoch 5/5  sigreg=0.2007  proto=28.0463  min_dist=6.99  mean_dist=24.84
  round 2: pool=92 purity=0.130 k-hat=3 anchors=7  margin=0.5493  mean-anchor=0.4466  6=0.447
    [dist frozen     ] purity r1=0.192 r2=0.130  probe 0.884->0.884  eucl 0.568->0.568  perevt 0.102->0.102  drift 0.000
  [sigreg+proto] epoch 1/5  sigreg=0.2410  proto=26.6022  min_dist=6.19  mean_dist=23.29
  [sigreg+proto] epoch 2/5  sigreg=0.2317  proto=28.3668  min_dist=6.29  mean_dist=23.26
  [sigreg+proto] epoch 3/5  sigreg=0.2239  proto=27.5179  min_dist=6.39  mean_dist=23.22
  [sigreg+proto] epoch 4/5  sigreg=0.2192  proto=27.3139  min_dist=6.49  mean_dist=23.19
  [sigreg+proto] epoch 5/5  sigreg=0.2222  proto=27.1391  min_dist=6.59  mean_dist=23.16
  round 1: pool=99 purity=0.192 k-hat=4 anchors=4  margin=0.6014  mean-anchor=0.5637  6=0.564
  [sigreg+proto] epoch 1/5  sigreg=0.2728  proto=23.0093  min_dist=6.68  mean_dist=23.40
  [sigreg+proto] epoch 2/5  sigreg=0.2673  proto=21.6263  min_dist=6.77  mean_dist=23.38
  [sigreg+proto] epoch 3/5  sigreg=0.2689  proto=22.3420  min_dist=6.87  mean_dist=23.36
  [sigreg+proto] epoch 4/5  sigreg=0.2688  proto=22.9700  min_dist=6.96  mean_dist=23.34
  [sigreg+proto] epoch 5/5  sigreg=0.2616  proto=22.3377  min_dist=7.06  mean_dist=23.32
  round 2: pool=90 purity=0.111 k-hat=4 anchors=8  margin=0.5005  mean-anchor=0.4452  6=0.445
    [dist corpus-norm] purity r1=0.192 r2=0.111  probe 0.884->0.881  eucl 0.568->0.566  perevt 0.102->0.098  drift 0.277
  [sigreg+proto] epoch 1/5  sigreg=0.1458  proto=26.5657  min_dist=6.19  mean_dist=20.52
  [sigreg+proto] epoch 2/5  sigreg=0.1456  proto=28.5252  min_dist=6.29  mean_dist=20.53
  [sigreg+proto] epoch 3/5  sigreg=0.1473  proto=26.1873  min_dist=6.39  mean_dist=20.53
  [sigreg+proto] epoch 4/5  sigreg=0.1497  proto=23.6405  min_dist=6.49  mean_dist=20.53
  [sigreg+proto] epoch 5/5  sigreg=0.1512  proto=25.8335  min_dist=6.59  mean_dist=20.53
  round 1: pool=168 purity=0.524 k-hat=4 anchors=4  margin=0.8076  mean-anchor=0.6404  6=0.640
  [sigreg+proto] epoch 1/5  sigreg=0.1880  proto=17.8688  min_dist=4.61  mean_dist=22.51
  [sigreg+proto] epoch 2/5  sigreg=0.1905  proto=19.9308  min_dist=4.60  mean_dist=22.51
  [sigreg+proto] epoch 3/5  sigreg=0.1866  proto=18.2516  min_dist=4.59  mean_dist=22.51
  [sigreg+proto] epoch 4/5  sigreg=0.1909  proto=19.0506  min_dist=4.58  mean_dist=22.51
  [sigreg+proto] epoch 5/5  sigreg=0.2019  proto=19.8856  min_dist=4.57  mean_dist=22.51
  round 2: pool=166 purity=0.518 k-hat=4 anchors=8  margin=0.8290  mean-anchor=0.5881  6=0.588
    [np   frozen     ] purity r1=0.524 r2=0.518  probe 0.884->0.884  eucl 0.568->0.568  perevt 0.102->0.102  drift 0.000
  [sigreg+proto] epoch 1/5  sigreg=0.1797  proto=25.3406  min_dist=6.20  mean_dist=20.49
  [sigreg+proto] epoch 2/5  sigreg=0.1815  proto=26.2294  min_dist=6.31  mean_dist=20.47
  [sigreg+proto] epoch 3/5  sigreg=0.1775  proto=24.8438  min_dist=6.41  mean_dist=20.44
  [sigreg+proto] epoch 4/5  sigreg=0.1791  proto=23.2025  min_dist=6.52  mean_dist=20.42
  [sigreg+proto] epoch 5/5  sigreg=0.1829  proto=23.7072  min_dist=6.62  mean_dist=20.39
  round 1: pool=168 purity=0.524 k-hat=4 anchors=4  margin=0.8036  mean-anchor=0.6464  6=0.646
  [sigreg+proto] epoch 1/5  sigreg=0.1978  proto=22.0223  min_dist=6.71  mean_dist=19.64
  [sigreg+proto] epoch 2/5  sigreg=0.1950  proto=21.7407  min_dist=6.79  mean_dist=19.64
  [sigreg+proto] epoch 3/5  sigreg=0.1925  proto=19.7842  min_dist=6.88  mean_dist=19.63
  [sigreg+proto] epoch 4/5  sigreg=0.1923  proto=21.7096  min_dist=6.97  mean_dist=19.64
  [sigreg+proto] epoch 5/5  sigreg=0.1965  proto=19.0459  min_dist=7.05  mean_dist=19.64
  round 2: pool=155 purity=0.484 k-hat=3 anchors=7  margin=0.8201  mean-anchor=0.6143  6=0.614
    [np   corpus-norm] purity r1=0.524 r2=0.484  probe 0.884->0.904  eucl 0.568->0.563  perevt 0.102->0.097  drift 0.192

===== EXP135 SUMMARY_h1_d3 (paired frozen vs corpus-norm; gate 0.15) =====
  cell|arm|scorer                              r1  r2 frz   r2 cn    d r2    probe frz/cn  drift
  galaxy10:dino|frozen|dist               0.192   0.130   0.111  -0.019   0.884/0.881    0.277
  galaxy10:dino|frozen|np                 0.524   0.518   0.484  -0.034   0.884/0.904    0.192

wrote logs/exp135/corpus_norm_galaxy10-dino_frozen_h1_d3.json
EXP135 DONE.
