/home/pharris/venv/lib64/python3.9/site-packages/networkx/utils/backends.py:135: RuntimeWarning: networkx backend defined more than once: nx-loopback
  backends.update(_get_backends("networkx.backends"))

######## flowers:dino_h1_d4: holdouts=[92] ########

  --- frozen: pre probe=0.9812 eucl=0.9808 mahaT=0.9520 perevt=0.885
  [sigreg+proto] epoch 1/5  sigreg=0.1966  proto=2.3349  min_dist=10.54  mean_dist=25.41
  [sigreg+proto] epoch 2/5  sigreg=0.2008  proto=1.5120  min_dist=10.56  mean_dist=25.35
  [sigreg+proto] epoch 3/5  sigreg=0.1970  proto=1.6263  min_dist=10.59  mean_dist=25.30
  [sigreg+proto] epoch 4/5  sigreg=0.1912  proto=2.2014  min_dist=10.61  mean_dist=25.25
  [sigreg+proto] epoch 5/5  sigreg=0.1970  proto=1.2801  min_dist=10.64  mean_dist=25.20
  round 1: pool=120 purity=0.158 k-hat=4 anchors=4  margin=0.9934  mean-anchor=0.9562  92=0.956
  [sigreg+proto] epoch 1/5  sigreg=0.1970  proto=3.2450  min_dist=4.12  mean_dist=25.03
  [sigreg+proto] epoch 2/5  sigreg=0.1981  proto=2.0521  min_dist=4.12  mean_dist=24.97
  [sigreg+proto] epoch 3/5  sigreg=0.1930  proto=1.7610  min_dist=4.11  mean_dist=24.92
  [sigreg+proto] epoch 4/5  sigreg=0.1987  proto=3.4693  min_dist=4.12  mean_dist=24.88
  [sigreg+proto] epoch 5/5  sigreg=0.1947  proto=2.0964  min_dist=4.12  mean_dist=24.83
  round 2: pool=103 purity=0.019 k-hat=1 anchors=5  margin=0.9933  mean-anchor=0.9559  92=0.956
    [dist frozen     ] purity r1=0.158 r2=0.019  probe 0.981->0.981  eucl 0.981->0.981  perevt 0.885->0.885  drift 0.000
  [sigreg+proto] epoch 1/5  sigreg=0.2107  proto=3.1415  min_dist=10.50  mean_dist=25.42
  [sigreg+proto] epoch 2/5  sigreg=0.2144  proto=1.8831  min_dist=10.49  mean_dist=25.37
  [sigreg+proto] epoch 3/5  sigreg=0.2137  proto=2.0165  min_dist=10.49  mean_dist=25.32
  [sigreg+proto] epoch 4/5  sigreg=0.2078  proto=2.7485  min_dist=10.49  mean_dist=25.28
  [sigreg+proto] epoch 5/5  sigreg=0.2056  proto=1.6543  min_dist=10.49  mean_dist=25.23
  round 1: pool=120 purity=0.158 k-hat=4 anchors=4  margin=0.9938  mean-anchor=0.9580  92=0.958
  [sigreg+proto] epoch 1/5  sigreg=0.2055  proto=3.8161  min_dist=4.02  mean_dist=25.06
  [sigreg+proto] epoch 2/5  sigreg=0.2078  proto=2.2537  min_dist=4.01  mean_dist=25.01
  [sigreg+proto] epoch 3/5  sigreg=0.2029  proto=2.1650  min_dist=4.01  mean_dist=24.97
  [sigreg+proto] epoch 4/5  sigreg=0.2063  proto=4.1395  min_dist=4.02  mean_dist=24.92
  [sigreg+proto] epoch 5/5  sigreg=0.2028  proto=2.1411  min_dist=4.02  mean_dist=24.88
  round 2: pool=102 purity=0.010 k-hat=1 anchors=5  margin=0.9932  mean-anchor=0.9571  92=0.957
    [dist corpus-norm] purity r1=0.158 r2=0.010  probe 0.981->0.994  eucl 0.981->0.981  perevt 0.885->0.885  drift 0.026
  [sigreg+proto] epoch 1/5  sigreg=0.2046  proto=5.2954  min_dist=4.26  mean_dist=25.78
  [sigreg+proto] epoch 2/5  sigreg=0.1964  proto=1.5836  min_dist=4.25  mean_dist=25.72
  [sigreg+proto] epoch 3/5  sigreg=0.1803  proto=5.1517  min_dist=4.24  mean_dist=25.66
  [sigreg+proto] epoch 4/5  sigreg=0.2054  proto=0.7676  min_dist=4.23  mean_dist=25.60
  [sigreg+proto] epoch 5/5  sigreg=0.2026  proto=4.9156  min_dist=4.21  mean_dist=25.55
  round 1: pool=120 purity=0.158 k-hat=4 anchors=4  margin=0.9908  mean-anchor=0.9348  92=0.935
  [sigreg+proto] epoch 1/5  sigreg=0.2108  proto=3.9248  min_dist=4.18  mean_dist=25.55
  [sigreg+proto] epoch 2/5  sigreg=0.2000  proto=5.2126  min_dist=4.17  mean_dist=25.49
  [sigreg+proto] epoch 3/5  sigreg=0.2140  proto=9.1012  min_dist=4.16  mean_dist=25.44
  [sigreg+proto] epoch 4/5  sigreg=0.1966  proto=7.6029  min_dist=4.14  mean_dist=25.39
  [sigreg+proto] epoch 5/5  sigreg=0.1987  proto=6.0792  min_dist=4.12  mean_dist=25.34
  round 2: pool=120 purity=0.158 k-hat=3 anchors=7  margin=0.9926  mean-anchor=0.9338  92=0.934
    [np   frozen     ] purity r1=0.158 r2=0.158  probe 0.981->0.981  eucl 0.981->0.981  perevt 0.885->0.885  drift 0.000
  [sigreg+proto] epoch 1/5  sigreg=0.2119  proto=5.4782  min_dist=4.26  mean_dist=25.79
  [sigreg+proto] epoch 2/5  sigreg=0.2090  proto=1.7237  min_dist=4.25  mean_dist=25.73
  [sigreg+proto] epoch 3/5  sigreg=0.1954  proto=5.4553  min_dist=4.24  mean_dist=25.69
  [sigreg+proto] epoch 4/5  sigreg=0.2185  proto=1.0347  min_dist=4.23  mean_dist=25.64
  [sigreg+proto] epoch 5/5  sigreg=0.2190  proto=4.9931  min_dist=4.21  mean_dist=25.60
  round 1: pool=120 purity=0.158 k-hat=4 anchors=4  margin=0.9911  mean-anchor=0.9409  92=0.941
  [sigreg+proto] epoch 1/5  sigreg=0.2058  proto=1.8440  min_dist=4.19  mean_dist=25.65
  [sigreg+proto] epoch 2/5  sigreg=0.2123  proto=6.5076  min_dist=4.17  mean_dist=25.59
  [sigreg+proto] epoch 3/5  sigreg=0.2133  proto=2.0126  min_dist=4.16  mean_dist=25.54
  [sigreg+proto] epoch 4/5  sigreg=0.2200  proto=7.5931  min_dist=4.15  mean_dist=25.50
  [sigreg+proto] epoch 5/5  sigreg=0.2238  proto=4.9775  min_dist=4.13  mean_dist=25.45
  round 2: pool=120 purity=0.158 k-hat=4 anchors=8  margin=0.9917  mean-anchor=0.9379  92=0.938
    [np   corpus-norm] purity r1=0.158 r2=0.158  probe 0.981->0.986  eucl 0.981->0.981  perevt 0.885->0.885  drift 0.036

===== EXP135 SUMMARY_h1_d4 (paired frozen vs corpus-norm; gate 0.15) =====
  cell|arm|scorer                              r1  r2 frz   r2 cn    d r2    probe frz/cn  drift
  flowers:dino|frozen|dist                0.158   0.019   0.010  -0.010   0.981/0.994    0.026
  flowers:dino|frozen|np                  0.158   0.158   0.158  +0.000   0.981/0.986    0.036

wrote logs/exp135/corpus_norm_flowers-dino_frozen_h1_d4.json
EXP135 DONE.
