/home/pharris/venv/lib64/python3.9/site-packages/networkx/utils/backends.py:135: RuntimeWarning: networkx backend defined more than once: nx-loopback
  backends.update(_get_backends("networkx.backends"))

######## aircraft:dino_h1_d0: holdouts=[14] ########

  --- frozen: pre probe=0.5851 eucl=0.4264 mahaT=0.4726 perevt=0.059
  [sigreg+proto] epoch 1/5  sigreg=0.1556  proto=30.7050  min_dist=4.01  mean_dist=15.25
  [sigreg+proto] epoch 2/5  sigreg=0.1509  proto=30.2516  min_dist=3.98  mean_dist=15.26
  [sigreg+proto] epoch 3/5  sigreg=0.1529  proto=26.9507  min_dist=3.98  mean_dist=15.26
  [sigreg+proto] epoch 4/5  sigreg=0.1491  proto=27.8219  min_dist=3.99  mean_dist=15.26
  [sigreg+proto] epoch 5/5  sigreg=0.1499  proto=26.0074  min_dist=4.03  mean_dist=15.26
  round 1: pool=331 purity=0.003 k-hat=3 anchors=3  margin=0.4284  mean-anchor=0.4838  14=0.484
    merged 7 -> 6 anchors
  [sigreg+proto] epoch 1/5  sigreg=0.1564  proto=24.4108  min_dist=4.09  mean_dist=15.76
  [sigreg+proto] epoch 2/5  sigreg=0.1602  proto=25.8884  min_dist=4.15  mean_dist=15.76
  [sigreg+proto] epoch 3/5  sigreg=0.1592  proto=22.2061  min_dist=4.21  mean_dist=15.77
  [sigreg+proto] epoch 4/5  sigreg=0.1566  proto=22.9813  min_dist=4.27  mean_dist=15.78
  [sigreg+proto] epoch 5/5  sigreg=0.1581  proto=22.3709  min_dist=4.32  mean_dist=15.78
  round 2: pool=331 purity=0.003 k-hat=4 anchors=6  margin=0.4434  mean-anchor=0.5137  14=0.514
    [dist frozen     ] purity r1=0.003 r2=0.003  probe 0.585->0.585  eucl 0.426->0.426  perevt 0.059->0.059  drift 0.000
  [sigreg+proto] epoch 1/5  sigreg=0.1604  proto=30.2716  min_dist=4.02  mean_dist=15.24
  [sigreg+proto] epoch 2/5  sigreg=0.1556  proto=31.1095  min_dist=3.99  mean_dist=15.24
  [sigreg+proto] epoch 3/5  sigreg=0.1575  proto=27.7248  min_dist=3.98  mean_dist=15.24
  [sigreg+proto] epoch 4/5  sigreg=0.1507  proto=28.8958  min_dist=4.00  mean_dist=15.23
  [sigreg+proto] epoch 5/5  sigreg=0.1538  proto=27.3536  min_dist=4.03  mean_dist=15.23
  round 1: pool=331 purity=0.003 k-hat=3 anchors=3  margin=0.4295  mean-anchor=0.4867  14=0.487
  [sigreg+proto] epoch 1/5  sigreg=0.1633  proto=25.8992  min_dist=4.11  mean_dist=15.87
  [sigreg+proto] epoch 2/5  sigreg=0.1613  proto=24.2216  min_dist=4.16  mean_dist=15.87
  [sigreg+proto] epoch 3/5  sigreg=0.1634  proto=23.6502  min_dist=4.20  mean_dist=15.87
  [sigreg+proto] epoch 4/5  sigreg=0.1642  proto=21.0675  min_dist=4.25  mean_dist=15.87
  [sigreg+proto] epoch 5/5  sigreg=0.1638  proto=21.2632  min_dist=4.31  mean_dist=15.87
  round 2: pool=331 purity=0.003 k-hat=4 anchors=7  margin=0.4545  mean-anchor=0.5371  14=0.537
    [dist corpus-norm] purity r1=0.003 r2=0.003  probe 0.585->0.696  eucl 0.426->0.426  perevt 0.059->0.059  drift 0.049
  [sigreg+proto] epoch 1/5  sigreg=0.1514  proto=34.6975  min_dist=4.07  mean_dist=14.76
  [sigreg+proto] epoch 2/5  sigreg=0.1500  proto=34.7864  min_dist=4.11  mean_dist=14.79
  [sigreg+proto] epoch 3/5  sigreg=0.1514  proto=32.4623  min_dist=4.14  mean_dist=14.81
  [sigreg+proto] epoch 4/5  sigreg=0.1470  proto=33.0078  min_dist=4.17  mean_dist=14.83
  [sigreg+proto] epoch 5/5  sigreg=0.1494  proto=31.4766  min_dist=4.20  mean_dist=14.84
  round 1: pool=338 purity=0.024 k-hat=3 anchors=3  margin=0.6696  mean-anchor=0.5972  14=0.597
  [sigreg+proto] epoch 1/5  sigreg=0.1524  proto=38.3203  min_dist=4.31  mean_dist=15.01
  [sigreg+proto] epoch 2/5  sigreg=0.1503  proto=37.6407  min_dist=4.36  mean_dist=15.05
  [sigreg+proto] epoch 3/5  sigreg=0.1486  proto=35.3759  min_dist=4.39  mean_dist=15.07
  [sigreg+proto] epoch 4/5  sigreg=0.1536  proto=36.3725  min_dist=4.43  mean_dist=15.10
  [sigreg+proto] epoch 5/5  sigreg=0.1477  proto=35.9582  min_dist=4.46  mean_dist=15.12
  round 2: pool=337 purity=0.021 k-hat=2 anchors=5  margin=0.6363  mean-anchor=0.5951  14=0.595
    [np   frozen     ] purity r1=0.024 r2=0.021  probe 0.585->0.585  eucl 0.426->0.426  perevt 0.059->0.059  drift 0.000
  [sigreg+proto] epoch 1/5  sigreg=0.1552  proto=36.1668  min_dist=4.09  mean_dist=14.76
  [sigreg+proto] epoch 2/5  sigreg=0.1543  proto=36.0680  min_dist=4.12  mean_dist=14.77
  [sigreg+proto] epoch 3/5  sigreg=0.1569  proto=34.1649  min_dist=4.14  mean_dist=14.79
  [sigreg+proto] epoch 4/5  sigreg=0.1532  proto=34.9774  min_dist=4.16  mean_dist=14.80
  [sigreg+proto] epoch 5/5  sigreg=0.1540  proto=32.9443  min_dist=4.18  mean_dist=14.81
  round 1: pool=338 purity=0.024 k-hat=3 anchors=3  margin=0.6740  mean-anchor=0.6002  14=0.600
  [sigreg+proto] epoch 1/5  sigreg=0.1572  proto=39.4527  min_dist=4.29  mean_dist=14.97
  [sigreg+proto] epoch 2/5  sigreg=0.1565  proto=39.5734  min_dist=4.35  mean_dist=14.99
  [sigreg+proto] epoch 3/5  sigreg=0.1534  proto=37.2196  min_dist=4.38  mean_dist=15.01
  [sigreg+proto] epoch 4/5  sigreg=0.1591  proto=37.5564  min_dist=4.41  mean_dist=15.03
  [sigreg+proto] epoch 5/5  sigreg=0.1518  proto=37.6013  min_dist=4.44  mean_dist=15.04
  round 2: pool=339 purity=0.027 k-hat=2 anchors=5  margin=0.6388  mean-anchor=0.5968  14=0.597
    [np   corpus-norm] purity r1=0.024 r2=0.027  probe 0.585->0.658  eucl 0.426->0.426  perevt 0.059->0.059  drift 0.040

===== EXP135 SUMMARY_h1_d0 (paired frozen vs corpus-norm; gate 0.15) =====
  cell|arm|scorer                              r1  r2 frz   r2 cn    d r2    probe frz/cn  drift
  aircraft:dino|frozen|dist               0.003   0.003   0.003  +0.000   0.585/0.696    0.049
  aircraft:dino|frozen|np                 0.024   0.021   0.027  +0.006   0.585/0.658    0.040

wrote logs/exp135/corpus_norm_aircraft-dino_frozen_h1_d0.json
EXP135 DONE.
