/home/pharris/venv/lib64/python3.9/site-packages/networkx/utils/backends.py:135: RuntimeWarning: networkx backend defined more than once: nx-loopback
  backends.update(_get_backends("networkx.backends"))
exp136 [cifar100] scratch master battery; holdout 4; arms=['simclr', 'visreg', 'nplm', 'supcon', 'supsig', 'nplmcw', 'ssig', 'nplmsd']; exp68 merged

===== [cifar100] simclr =====
Using cache found in /home/pharris/.cache/torch/hub/chenyaofo_pytorch-cifar-models_master
  pre: probe=0.7994 top1=0.2923 acc=0.2418 eucl=0.4435 mahaT=0.3853 lid=0.5704 perevt=0.010
    simclr-spk f=0.001: power=0.040 [0.014,0.090] (2/50)
    simclr-spk f=0.003: power=0.000 [0.000,0.036] (0/50)
    simclr-spk f=0.01: power=0.020 [0.003,0.064] (1/50)
    simclr-spk f=0.02: power=0.060 [0.028,0.115] (3/50)
    simclr-spk f=0.05: power=1.000 [0.964,1.000] (50/50)
    simclr-maha f=0.001: power=0.060 [0.028,0.115] (3/50)
    simclr-maha f=0.003: power=0.120 [0.074,0.184] (6/50)
    simclr-maha f=0.01: power=0.040 [0.014,0.090] (2/50)
    simclr-maha f=0.02: power=0.020 [0.003,0.064] (1/50)
    simclr-maha f=0.05: power=0.020 [0.003,0.064] (1/50)
    simclr-mmd f=0.001: power=0.040 [0.014,0.090] (2/50)
    simclr-mmd f=0.003: power=0.040 [0.014,0.090] (2/50)
    simclr-mmd f=0.01: power=0.080 [0.042,0.138] (4/50)
    simclr-mmd f=0.02: power=0.180 [0.124,0.251] (9/50)
    simclr-mmd f=0.05: power=0.820 [0.749,0.876] (41/50)
  pre power @[0.001, 0.003, 0.01, 0.02, 0.05]: spk [0.04, 0.0, 0.02, 0.06, 1.0] maha [0.06, 0.12, 0.04, 0.02, 0.02] mmd [0.04, 0.04, 0.08, 0.18, 0.82]
  [sigreg+proto] epoch 1/2  sigreg=0.5768  proto=29.4537  min_dist=2.69  mean_dist=10.88
  [sigreg+proto] epoch 2/2  sigreg=0.5790  proto=28.7645  min_dist=2.96  mean_dist=11.00
  round 1: pool=2485 purity=0.004 k-hat=4 anchors=4  margin=0.5002  mean-anchor=0.5725  4=0.572
  [sigreg+proto] epoch 1/2  sigreg=0.6167  proto=28.3517  min_dist=3.10  mean_dist=11.27
  [sigreg+proto] epoch 2/2  sigreg=0.6216  proto=27.5590  min_dist=3.17  mean_dist=11.36
  round 2: pool=2479 purity=0.002 k-hat=4 anchors=8  margin=0.5065  mean-anchor=0.5879  4=0.588
  frozen pool [dist frozen  ] purity r1=0.004 r2=0.002
  [sigreg+proto] epoch 1/2  sigreg=0.5558  proto=29.4806  min_dist=2.66  mean_dist=10.83
  [sigreg+proto] epoch 2/2  sigreg=0.5490  proto=28.4345  min_dist=2.95  mean_dist=10.91
  round 1: pool=2485 purity=0.004 k-hat=4 anchors=4  margin=0.5039  mean-anchor=0.5802  4=0.580
  [sigreg+proto] epoch 1/2  sigreg=0.5625  proto=27.7206  min_dist=3.18  mean_dist=11.11
  [sigreg+proto] epoch 2/2  sigreg=0.5642  proto=26.7764  min_dist=3.29  mean_dist=11.18
  round 2: pool=2482 purity=0.003 k-hat=4 anchors=8  margin=0.4929  mean-anchor=0.5925  4=0.592
  frozen pool [dist bn-adapt] purity r1=0.004 r2=0.003
  [sigreg+proto] epoch 1/2  sigreg=0.5243  proto=24.7020  min_dist=2.74  mean_dist=10.49
  [sigreg+proto] epoch 2/2  sigreg=0.5313  proto=23.6203  min_dist=3.06  mean_dist=10.60
  round 1: pool=2536 purity=0.024 k-hat=4 anchors=4  margin=0.6706  mean-anchor=0.6815  4=0.681
  [sigreg+proto] epoch 1/2  sigreg=0.5208  proto=22.8243  min_dist=3.18  mean_dist=11.05
  [sigreg+proto] epoch 2/2  sigreg=0.5383  proto=21.8917  min_dist=3.24  mean_dist=11.16
  round 2: pool=2510 purity=0.014 k-hat=4 anchors=8  margin=0.6217  mean-anchor=0.6099  4=0.610
  frozen pool [np   frozen  ] purity r1=0.024 r2=0.014
  [sigreg+proto] epoch 1/2  sigreg=0.5262  proto=25.7644  min_dist=2.73  mean_dist=10.45
  [sigreg+proto] epoch 2/2  sigreg=0.5344  proto=24.7124  min_dist=3.00  mean_dist=10.53
  round 1: pool=2536 purity=0.024 k-hat=4 anchors=4  margin=0.6644  mean-anchor=0.6774  4=0.677
  [sigreg+proto] epoch 1/2  sigreg=0.5344  proto=25.1775  min_dist=3.21  mean_dist=10.87
  [sigreg+proto] epoch 2/2  sigreg=0.5403  proto=23.9826  min_dist=3.27  mean_dist=10.93
  round 2: pool=2488 purity=0.005 k-hat=4 anchors=8  margin=0.5978  mean-anchor=0.6787  4=0.679
  frozen pool [np   bn-adapt] purity r1=0.024 r2=0.005
  legal cut: ok=False q=0.2000 purity=0.017 n_novel=169 calib_out=1.42

===== [cifar100] visreg =====
Using cache found in /home/pharris/.cache/torch/hub/chenyaofo_pytorch-cifar-models_master
  pre: probe=0.7973 top1=0.2387 acc=0.1896 eucl=0.4993 mahaT=0.3823 lid=0.5345 perevt=0.030
    visreg-spk f=0.001: power=0.040 [0.014,0.090] (2/50)
    visreg-spk f=0.003: power=0.040 [0.014,0.090] (2/50)
    visreg-spk f=0.01: power=0.020 [0.003,0.064] (1/50)
    visreg-spk f=0.02: power=0.040 [0.014,0.090] (2/50)
    visreg-spk f=0.05: power=0.860 [0.793,0.910] (43/50)
    visreg-maha f=0.001: power=0.120 [0.074,0.184] (6/50)
    visreg-maha f=0.003: power=0.100 [0.058,0.162] (5/50)
    visreg-maha f=0.01: power=0.040 [0.014,0.090] (2/50)
    visreg-maha f=0.02: power=0.060 [0.028,0.115] (3/50)
    visreg-maha f=0.05: power=0.000 [0.000,0.036] (0/50)
    visreg-mmd f=0.001: power=0.040 [0.014,0.090] (2/50)
    visreg-mmd f=0.003: power=0.000 [0.000,0.036] (0/50)
    visreg-mmd f=0.01: power=0.060 [0.028,0.115] (3/50)
    visreg-mmd f=0.02: power=0.080 [0.042,0.138] (4/50)
    visreg-mmd f=0.05: power=0.680 [0.601,0.751] (34/50)
  pre power @[0.001, 0.003, 0.01, 0.02, 0.05]: spk [0.04, 0.04, 0.02, 0.04, 0.86] maha [0.12, 0.1, 0.04, 0.06, 0.0] mmd [0.04, 0.0, 0.06, 0.08, 0.68]
  [sigreg+proto] epoch 1/2  sigreg=0.1840  proto=13.1868  min_dist=1.71  mean_dist=7.45
  [sigreg+proto] epoch 2/2  sigreg=0.1896  proto=13.7166  min_dist=2.31  mean_dist=8.02
  round 1: pool=2487 purity=0.005 k-hat=4 anchors=4  margin=0.6064  mean-anchor=0.5817  4=0.582
  [sigreg+proto] epoch 1/2  sigreg=0.2083  proto=14.2695  min_dist=3.15  mean_dist=8.77
  [sigreg+proto] epoch 2/2  sigreg=0.2249  proto=14.6760  min_dist=3.47  mean_dist=9.26
  round 2: pool=2491 purity=0.006 k-hat=4 anchors=8  margin=0.6052  mean-anchor=0.6866  4=0.687
  frozen pool [dist frozen  ] purity r1=0.005 r2=0.006
  [sigreg+proto] epoch 1/2  sigreg=0.2002  proto=14.2357  min_dist=1.71  mean_dist=7.42
  [sigreg+proto] epoch 2/2  sigreg=0.2056  proto=14.7193  min_dist=2.32  mean_dist=7.97
  round 1: pool=2487 purity=0.005 k-hat=4 anchors=4  margin=0.6226  mean-anchor=0.6042  4=0.604
  [sigreg+proto] epoch 1/2  sigreg=0.2250  proto=15.3294  min_dist=3.12  mean_dist=8.70
  [sigreg+proto] epoch 2/2  sigreg=0.2433  proto=15.6789  min_dist=3.41  mean_dist=9.16
  round 2: pool=2489 purity=0.006 k-hat=4 anchors=8  margin=0.6120  mean-anchor=0.5738  4=0.574
  frozen pool [dist bn-adapt] purity r1=0.005 r2=0.006
  [sigreg+proto] epoch 1/2  sigreg=0.1855  proto=12.4184  min_dist=1.72  mean_dist=7.47
  [sigreg+proto] epoch 2/2  sigreg=0.1954  proto=12.6434  min_dist=2.33  mean_dist=8.05
  round 1: pool=2531 purity=0.022 k-hat=4 anchors=4  margin=0.6669  mean-anchor=0.7268  4=0.727
  [sigreg+proto] epoch 1/2  sigreg=0.2158  proto=12.9318  min_dist=3.01  mean_dist=8.80
  [sigreg+proto] epoch 2/2  sigreg=0.2349  proto=13.1349  min_dist=3.43  mean_dist=9.30
  round 2: pool=2513 purity=0.015 k-hat=4 anchors=8  margin=0.6726  mean-anchor=0.6479  4=0.648
  frozen pool [np   frozen  ] purity r1=0.022 r2=0.015
  [sigreg+proto] epoch 1/2  sigreg=0.2009  proto=13.2944  min_dist=1.71  mean_dist=7.44
  [sigreg+proto] epoch 2/2  sigreg=0.2133  proto=13.5789  min_dist=2.30  mean_dist=7.98
  round 1: pool=2531 purity=0.022 k-hat=4 anchors=4  margin=0.6669  mean-anchor=0.7263  4=0.726
  [sigreg+proto] epoch 1/2  sigreg=0.2338  proto=14.0687  min_dist=3.10  mean_dist=8.73
  [sigreg+proto] epoch 2/2  sigreg=0.2512  proto=14.2808  min_dist=3.35  mean_dist=9.20
  round 2: pool=2521 purity=0.018 k-hat=4 anchors=8  margin=0.6501  mean-anchor=0.7212  4=0.721
  frozen pool [np   bn-adapt] purity r1=0.022 r2=0.018
  legal cut: ok=False q=0.2000 purity=0.020 n_novel=204 calib_out=1.35

===== [cifar100] nplm =====
Using cache found in /home/pharris/.cache/torch/hub/chenyaofo_pytorch-cifar-models_master
  pre: probe=0.7574 top1=0.2235 acc=0.1814 eucl=0.4134 mahaT=0.3610 lid=0.6351 perevt=0.010
    nplm-spk f=0.001: power=0.040 [0.014,0.090] (2/50)
    nplm-spk f=0.003: power=0.040 [0.014,0.090] (2/50)
    nplm-spk f=0.01: power=0.040 [0.014,0.090] (2/50)
    nplm-spk f=0.02: power=0.000 [0.000,0.036] (0/50)
    nplm-spk f=0.05: power=1.000 [0.964,1.000] (50/50)
    nplm-maha f=0.001: power=0.040 [0.014,0.090] (2/50)
    nplm-maha f=0.003: power=0.100 [0.058,0.162] (5/50)
    nplm-maha f=0.01: power=0.020 [0.003,0.064] (1/50)
    nplm-maha f=0.02: power=0.020 [0.003,0.064] (1/50)
    nplm-maha f=0.05: power=0.000 [0.000,0.036] (0/50)
    nplm-mmd f=0.001: power=0.040 [0.014,0.090] (2/50)
    nplm-mmd f=0.003: power=0.160 [0.107,0.229] (8/50)
    nplm-mmd f=0.01: power=0.080 [0.042,0.138] (4/50)
    nplm-mmd f=0.02: power=0.120 [0.074,0.184] (6/50)
    nplm-mmd f=0.05: power=0.940 [0.885,0.972] (47/50)
  pre power @[0.001, 0.003, 0.01, 0.02, 0.05]: spk [0.04, 0.04, 0.04, 0.0, 1.0] maha [0.04, 0.1, 0.02, 0.02, 0.0] mmd [0.04, 0.16, 0.08, 0.12, 0.94]
    merged 2 -> 1 anchors
  [sigreg+proto] epoch 1/2  sigreg=0.5292  proto=3.9364  min_dist=0.94  mean_dist=1.92
  [sigreg+proto] epoch 2/2  sigreg=0.5349  proto=3.8319  min_dist=1.34  mean_dist=2.41
  round 1: pool=2497 purity=0.009 k-hat=2 anchors=1  margin=0.4863  mean-anchor=0.5916  4=0.592
    merged 4 -> 1 anchors
  [sigreg+proto] epoch 1/2  sigreg=0.5487  proto=3.7697  min_dist=2.08  mean_dist=3.37
  [sigreg+proto] epoch 2/2  sigreg=0.5673  proto=3.7659  min_dist=2.54  mean_dist=4.02
  round 2: pool=2497 purity=0.009 k-hat=3 anchors=1  margin=0.5045  mean-anchor=0.6052  4=0.605
  frozen pool [dist frozen  ] purity r1=0.009 r2=0.009
    merged 2 -> 1 anchors
  [sigreg+proto] epoch 1/2  sigreg=0.5394  proto=4.0261  min_dist=0.94  mean_dist=1.92
  [sigreg+proto] epoch 2/2  sigreg=0.5463  proto=3.9471  min_dist=1.34  mean_dist=2.41
  round 1: pool=2497 purity=0.009 k-hat=2 anchors=1  margin=0.4948  mean-anchor=0.5996  4=0.600
    merged 3 -> 1 anchors
  [sigreg+proto] epoch 1/2  sigreg=0.5606  proto=3.9076  min_dist=2.09  mean_dist=3.38
  [sigreg+proto] epoch 2/2  sigreg=0.5800  proto=3.9220  min_dist=2.54  mean_dist=4.03
  round 2: pool=2499 purity=0.010 k-hat=2 anchors=1  margin=0.4877  mean-anchor=0.5812  4=0.581
  frozen pool [dist bn-adapt] purity r1=0.009 r2=0.010
    merged 4 -> 1 anchors
  [sigreg+proto] epoch 1/2  sigreg=0.5306  proto=3.9368  min_dist=0.96  mean_dist=1.92
  [sigreg+proto] epoch 2/2  sigreg=0.5376  proto=3.8135  min_dist=1.34  mean_dist=2.41
  round 1: pool=2530 purity=0.022 k-hat=4 anchors=1  margin=0.6121  mean-anchor=0.6430  4=0.643
    merged 4 -> 1 anchors
  [sigreg+proto] epoch 1/2  sigreg=0.5496  proto=3.7725  min_dist=2.05  mean_dist=3.39
  [sigreg+proto] epoch 2/2  sigreg=0.5700  proto=3.7443  min_dist=2.50  mean_dist=4.05
  round 2: pool=2511 purity=0.014 k-hat=3 anchors=1  margin=0.6257  mean-anchor=0.6639  4=0.664
  frozen pool [np   frozen  ] purity r1=0.022 r2=0.014
    merged 4 -> 1 anchors
  [sigreg+proto] epoch 1/2  sigreg=0.5407  proto=4.0325  min_dist=0.96  mean_dist=1.92
  [sigreg+proto] epoch 2/2  sigreg=0.5477  proto=3.9332  min_dist=1.34  mean_dist=2.41
  round 1: pool=2530 purity=0.022 k-hat=4 anchors=1  margin=0.5954  mean-anchor=0.6232  4=0.623
    merged 4 -> 1 anchors
  [sigreg+proto] epoch 1/2  sigreg=0.5613  proto=3.9095  min_dist=1.86  mean_dist=3.40
  [sigreg+proto] epoch 2/2  sigreg=0.5829  proto=3.9120  min_dist=2.35  mean_dist=4.05
  round 2: pool=2514 purity=0.016 k-hat=3 anchors=1  margin=0.5481  mean-anchor=0.5903  4=0.590
  frozen pool [np   bn-adapt] purity r1=0.022 r2=0.016
  legal cut: ok=False q=0.2000 purity=0.014 n_novel=143 calib_out=1.00

===== [cifar100] supcon =====
Using cache found in /home/pharris/.cache/torch/hub/chenyaofo_pytorch-cifar-models_master
  pre: probe=0.9401 top1=0.6077 acc=0.5451 eucl=0.2334 mahaT=0.2792 lid=0.7402 perevt=0.000
    supcon-spk f=0.001: power=0.080 [0.042,0.138] (4/50)
    supcon-spk f=0.003: power=0.080 [0.042,0.138] (4/50)
    supcon-spk f=0.01: power=0.080 [0.042,0.138] (4/50)
    supcon-spk f=0.02: power=0.140 [0.090,0.207] (7/50)
    supcon-spk f=0.05: power=1.000 [0.964,1.000] (50/50)
    supcon-maha f=0.001: power=0.060 [0.028,0.115] (3/50)
    supcon-maha f=0.003: power=0.020 [0.003,0.064] (1/50)
    supcon-maha f=0.01: power=0.080 [0.042,0.138] (4/50)
    supcon-maha f=0.02: power=0.040 [0.014,0.090] (2/50)
    supcon-maha f=0.05: power=0.000 [0.000,0.036] (0/50)
    supcon-mmd f=0.001: power=0.020 [0.003,0.064] (1/50)
    supcon-mmd f=0.003: power=0.160 [0.107,0.229] (8/50)
    supcon-mmd f=0.01: power=0.280 [0.213,0.357] (14/50)
    supcon-mmd f=0.02: power=0.500 [0.421,0.579] (25/50)
    supcon-mmd f=0.05: power=1.000 [0.964,1.000] (50/50)
  pre power @[0.001, 0.003, 0.01, 0.02, 0.05]: spk [0.08, 0.08, 0.08, 0.14, 1.0] maha [0.06, 0.02, 0.08, 0.04, 0.0] mmd [0.02, 0.16, 0.28, 0.5, 1.0]
  [sigreg+proto] epoch 1/2  sigreg=0.4912  proto=2.7448  min_dist=1.41  mean_dist=7.95
  [sigreg+proto] epoch 2/2  sigreg=0.5072  proto=2.9663  min_dist=1.96  mean_dist=8.59
  round 1: pool=2475 purity=0.000 k-hat=3 anchors=3  margin=0.5051  mean-anchor=0.6389  4=0.639
    merged 6 -> 4 anchors
  [sigreg+proto] epoch 1/2  sigreg=0.5166  proto=3.4436  min_dist=3.00  mean_dist=9.36
  [sigreg+proto] epoch 2/2  sigreg=0.5440  proto=3.2976  min_dist=3.47  mean_dist=9.91
  round 2: pool=2475 purity=0.000 k-hat=3 anchors=4  margin=0.5361  mean-anchor=0.6177  4=0.618
  frozen pool [dist frozen  ] purity r1=0.000 r2=0.000
  [sigreg+proto] epoch 1/2  sigreg=0.5028  proto=3.2190  min_dist=1.41  mean_dist=7.93
  [sigreg+proto] epoch 2/2  sigreg=0.5194  proto=3.3029  min_dist=1.96  mean_dist=8.54
  round 1: pool=2475 purity=0.000 k-hat=3 anchors=3  margin=0.5097  mean-anchor=0.6412  4=0.641
    merged 7 -> 5 anchors
  [sigreg+proto] epoch 1/2  sigreg=0.5340  proto=3.7911  min_dist=3.01  mean_dist=9.45
  [sigreg+proto] epoch 2/2  sigreg=0.5521  proto=3.9616  min_dist=3.51  mean_dist=9.96
  round 2: pool=2475 purity=0.000 k-hat=4 anchors=5  margin=0.5375  mean-anchor=0.6198  4=0.620
  frozen pool [dist bn-adapt] purity r1=0.000 r2=0.000
    merged 4 -> 3 anchors
  [sigreg+proto] epoch 1/2  sigreg=0.5052  proto=1.9841  min_dist=1.39  mean_dist=7.40
  [sigreg+proto] epoch 2/2  sigreg=0.5174  proto=2.2323  min_dist=1.91  mean_dist=8.06
  round 1: pool=2611 purity=0.052 k-hat=4 anchors=3  margin=0.7411  mean-anchor=0.8386  4=0.839
    merged 7 -> 6 anchors
  [sigreg+proto] epoch 1/2  sigreg=0.5398  proto=2.5313  min_dist=2.09  mean_dist=8.94
  [sigreg+proto] epoch 2/2  sigreg=0.5637  proto=2.7909  min_dist=2.63  mean_dist=9.52
  round 2: pool=2529 purity=0.021 k-hat=4 anchors=6  margin=0.6923  mean-anchor=0.7983  4=0.798
  frozen pool [np   frozen  ] purity r1=0.052 r2=0.021
    merged 4 -> 3 anchors
  [sigreg+proto] epoch 1/2  sigreg=0.5124  proto=2.2959  min_dist=1.39  mean_dist=7.38
  [sigreg+proto] epoch 2/2  sigreg=0.5255  proto=2.5007  min_dist=1.92  mean_dist=8.02
  round 1: pool=2611 purity=0.052 k-hat=4 anchors=3  margin=0.7403  mean-anchor=0.8323  4=0.832
    merged 7 -> 6 anchors
  [sigreg+proto] epoch 1/2  sigreg=0.5458  proto=2.8263  min_dist=2.47  mean_dist=8.83
  [sigreg+proto] epoch 2/2  sigreg=0.5686  proto=3.0600  min_dist=3.04  mean_dist=9.39
  round 2: pool=2543 purity=0.027 k-hat=4 anchors=6  margin=0.7030  mean-anchor=0.8058  4=0.806
  frozen pool [np   bn-adapt] purity r1=0.052 r2=0.027
  legal cut: ok=False q=0.2000 purity=0.031 n_novel=306 calib_out=121.26

===== [cifar100] supsig =====
Using cache found in /home/pharris/.cache/torch/hub/chenyaofo_pytorch-cifar-models_master
  pre: probe=0.8226 top1=0.3597 acc=0.3459 eucl=0.3402 mahaT=0.3201 lid=0.5374 perevt=0.000
    supsig-spk f=0.001: power=0.080 [0.042,0.138] (4/50)
    supsig-spk f=0.003: power=0.040 [0.014,0.090] (2/50)
    supsig-spk f=0.01: power=0.080 [0.042,0.138] (4/50)
    supsig-spk f=0.02: power=0.140 [0.090,0.207] (7/50)
    supsig-spk f=0.05: power=1.000 [0.964,1.000] (50/50)
    supsig-maha f=0.001: power=0.060 [0.028,0.115] (3/50)
    supsig-maha f=0.003: power=0.040 [0.014,0.090] (2/50)
    supsig-maha f=0.01: power=0.020 [0.003,0.064] (1/50)
    supsig-maha f=0.02: power=0.020 [0.003,0.064] (1/50)
    supsig-maha f=0.05: power=0.000 [0.000,0.036] (0/50)
    supsig-mmd f=0.001: power=0.040 [0.014,0.090] (2/50)
    supsig-mmd f=0.003: power=0.040 [0.014,0.090] (2/50)
    supsig-mmd f=0.01: power=0.200 [0.141,0.273] (10/50)
    supsig-mmd f=0.02: power=0.380 [0.305,0.460] (19/50)
    supsig-mmd f=0.05: power=1.000 [0.964,1.000] (50/50)
  pre power @[0.001, 0.003, 0.01, 0.02, 0.05]: spk [0.08, 0.04, 0.08, 0.14, 1.0] maha [0.06, 0.04, 0.02, 0.02, 0.0] mmd [0.04, 0.04, 0.2, 0.38, 1.0]
  [sigreg+proto] epoch 1/2  sigreg=0.5940  proto=7.4631  min_dist=8.22  mean_dist=16.00
  [sigreg+proto] epoch 2/2  sigreg=0.5625  proto=5.9822  min_dist=8.08  mean_dist=15.78
  round 1: pool=2498 purity=0.009 k-hat=4 anchors=4  margin=0.7036  mean-anchor=0.7544  4=0.754
  [sigreg+proto] epoch 1/2  sigreg=0.5351  proto=7.5200  min_dist=3.31  mean_dist=15.40
  [sigreg+proto] epoch 2/2  sigreg=0.5180  proto=5.9384  min_dist=3.11  mean_dist=15.22
  round 2: pool=2487 purity=0.005 k-hat=4 anchors=8  margin=0.7258  mean-anchor=0.8113  4=0.811
  frozen pool [dist frozen  ] purity r1=0.009 r2=0.005
  [sigreg+proto] epoch 1/2  sigreg=0.5794  proto=5.9956  min_dist=8.22  mean_dist=15.99
  [sigreg+proto] epoch 2/2  sigreg=0.5523  proto=4.7045  min_dist=8.10  mean_dist=15.77
  round 1: pool=2498 purity=0.009 k-hat=4 anchors=4  margin=0.6732  mean-anchor=0.7426  4=0.743
  [sigreg+proto] epoch 1/2  sigreg=0.5244  proto=6.8946  min_dist=4.87  mean_dist=15.37
  [sigreg+proto] epoch 2/2  sigreg=0.5088  proto=5.3697  min_dist=4.94  mean_dist=15.20
  round 2: pool=2493 purity=0.007 k-hat=4 anchors=8  margin=0.7377  mean-anchor=0.8416  4=0.842
  frozen pool [dist bn-adapt] purity r1=0.009 r2=0.007
  [sigreg+proto] epoch 1/2  sigreg=0.5820  proto=8.4952  min_dist=3.79  mean_dist=15.88
  [sigreg+proto] epoch 2/2  sigreg=0.5491  proto=7.0774  min_dist=3.79  mean_dist=15.61
  round 1: pool=2535 purity=0.024 k-hat=4 anchors=4  margin=0.7459  mean-anchor=0.7832  4=0.783
    merged 8 -> 6 anchors
  [sigreg+proto] epoch 1/2  sigreg=0.5105  proto=7.1621  min_dist=3.00  mean_dist=15.35
  [sigreg+proto] epoch 2/2  sigreg=0.4862  proto=5.9029  min_dist=2.86  mean_dist=15.14
  round 2: pool=2570 purity=0.037 k-hat=4 anchors=6  margin=0.7280  mean-anchor=0.7565  4=0.756
  frozen pool [np   frozen  ] purity r1=0.024 r2=0.037
  [sigreg+proto] epoch 1/2  sigreg=0.5647  proto=7.8599  min_dist=3.83  mean_dist=15.88
  [sigreg+proto] epoch 2/2  sigreg=0.5336  proto=6.4121  min_dist=3.88  mean_dist=15.61
  round 1: pool=2535 purity=0.024 k-hat=4 anchors=4  margin=0.7526  mean-anchor=0.7904  4=0.790
  [sigreg+proto] epoch 1/2  sigreg=0.4984  proto=7.3896  min_dist=2.66  mean_dist=15.18
  [sigreg+proto] epoch 2/2  sigreg=0.4718  proto=5.8275  min_dist=2.32  mean_dist=14.96
  round 2: pool=2579 purity=0.040 k-hat=4 anchors=8  margin=0.7818  mean-anchor=0.8078  4=0.808
  frozen pool [np   bn-adapt] purity r1=0.024 r2=0.040
  legal cut: ok=False q=0.2000 purity=0.021 n_novel=213 calib_out=1.00

===== [cifar100] nplmcw =====
Using cache found in /home/pharris/.cache/torch/hub/chenyaofo_pytorch-cifar-models_master
  pre: probe=0.8984 top1=0.5075 acc=0.4631 eucl=0.5252 mahaT=0.4109 lid=0.6778 perevt=0.030
    nplmcw-spk f=0.001: power=0.060 [0.028,0.115] (3/50)
    nplmcw-spk f=0.003: power=0.060 [0.028,0.115] (3/50)
    nplmcw-spk f=0.01: power=0.060 [0.028,0.115] (3/50)
    nplmcw-spk f=0.02: power=0.200 [0.141,0.273] (10/50)
    nplmcw-spk f=0.05: power=1.000 [0.964,1.000] (50/50)
    nplmcw-maha f=0.001: power=0.060 [0.028,0.115] (3/50)
    nplmcw-maha f=0.003: power=0.060 [0.028,0.115] (3/50)
    nplmcw-maha f=0.01: power=0.080 [0.042,0.138] (4/50)
    nplmcw-maha f=0.02: power=0.060 [0.028,0.115] (3/50)
    nplmcw-maha f=0.05: power=0.080 [0.042,0.138] (4/50)
    nplmcw-mmd f=0.001: power=0.040 [0.014,0.090] (2/50)
    nplmcw-mmd f=0.003: power=0.120 [0.074,0.184] (6/50)
    nplmcw-mmd f=0.01: power=0.240 [0.177,0.315] (12/50)
    nplmcw-mmd f=0.02: power=0.580 [0.500,0.657] (29/50)
    nplmcw-mmd f=0.05: power=1.000 [0.964,1.000] (50/50)
  pre power @[0.001, 0.003, 0.01, 0.02, 0.05]: spk [0.06, 0.06, 0.06, 0.2, 1.0] maha [0.06, 0.06, 0.08, 0.06, 0.08] mmd [0.04, 0.12, 0.24, 0.58, 1.0]
  [sigreg+proto] epoch 1/2  sigreg=0.8281  proto=3.1380  min_dist=0.42  mean_dist=2.37
  [sigreg+proto] epoch 2/2  sigreg=0.8356  proto=3.0935  min_dist=0.54  mean_dist=2.89
  round 1: pool=2489 purity=0.006 k-hat=1 anchors=1  margin=0.2635  mean-anchor=0.3619  4=0.362
    merged 5 -> 1 anchors
  [sigreg+proto] epoch 1/2  sigreg=0.8521  proto=3.1494  min_dist=1.39  mean_dist=3.77
  [sigreg+proto] epoch 2/2  sigreg=0.8756  proto=3.2894  min_dist=1.87  mean_dist=4.43
  round 2: pool=2475 purity=0.000 k-hat=4 anchors=1  margin=0.2328  mean-anchor=0.2760  4=0.276
  frozen pool [dist frozen  ] purity r1=0.006 r2=0.000
  [sigreg+proto] epoch 1/2  sigreg=0.8215  proto=3.0875  min_dist=0.42  mean_dist=2.37
  [sigreg+proto] epoch 2/2  sigreg=0.8292  proto=3.0288  min_dist=0.54  mean_dist=2.89
  round 1: pool=2489 purity=0.006 k-hat=1 anchors=1  margin=0.2634  mean-anchor=0.3975  4=0.397
    merged 5 -> 1 anchors
  [sigreg+proto] epoch 1/2  sigreg=0.8454  proto=3.0782  min_dist=1.39  mean_dist=3.77
  [sigreg+proto] epoch 2/2  sigreg=0.8688  proto=3.1996  min_dist=1.87  mean_dist=4.43
  round 2: pool=2475 purity=0.000 k-hat=4 anchors=1  margin=0.2177  mean-anchor=0.2759  4=0.276
  frozen pool [dist bn-adapt] purity r1=0.006 r2=0.000
    merged 3 -> 1 anchors
  [sigreg+proto] epoch 1/2  sigreg=0.8278  proto=3.1469  min_dist=0.42  mean_dist=2.37
  [sigreg+proto] epoch 2/2  sigreg=0.8365  proto=3.0744  min_dist=0.54  mean_dist=2.88
  round 1: pool=2554 purity=0.031 k-hat=3 anchors=1  margin=0.4286  mean-anchor=0.7146  4=0.715
    merged 3 -> 1 anchors
  [sigreg+proto] epoch 1/2  sigreg=0.8528  proto=3.1534  min_dist=1.39  mean_dist=3.77
  [sigreg+proto] epoch 2/2  sigreg=0.8763  proto=3.3246  min_dist=1.87  mean_dist=4.42
  round 2: pool=2525 purity=0.020 k-hat=2 anchors=1  margin=0.3266  mean-anchor=0.5772  4=0.577
  frozen pool [np   frozen  ] purity r1=0.031 r2=0.020
    merged 3 -> 1 anchors
  [sigreg+proto] epoch 1/2  sigreg=0.8217  proto=3.0898  min_dist=0.42  mean_dist=2.37
  [sigreg+proto] epoch 2/2  sigreg=0.8296  proto=3.0132  min_dist=0.54  mean_dist=2.88
  round 1: pool=2554 purity=0.031 k-hat=3 anchors=1  margin=0.4150  mean-anchor=0.7225  4=0.723
    merged 4 -> 1 anchors
  [sigreg+proto] epoch 1/2  sigreg=0.8465  proto=3.0787  min_dist=1.39  mean_dist=3.77
  [sigreg+proto] epoch 2/2  sigreg=0.8693  proto=3.2424  min_dist=1.87  mean_dist=4.42
  round 2: pool=2514 purity=0.016 k-hat=3 anchors=1  margin=0.3058  mean-anchor=0.5836  4=0.584
  frozen pool [np   bn-adapt] purity r1=0.031 r2=0.016
  legal cut: ok=False q=0.2000 purity=0.033 n_novel=333 calib_out=1.04

===== [cifar100] ssig =====
Using cache found in /home/pharris/.cache/torch/hub/chenyaofo_pytorch-cifar-models_master
  pre: probe=0.9371 top1=0.5969 acc=0.5885 eucl=0.6201 mahaT=0.6024 lid=0.7338 perevt=0.070
    ssig-spk f=0.001: power=0.040 [0.014,0.090] (2/50)
    ssig-spk f=0.003: power=0.160 [0.107,0.229] (8/50)
    ssig-spk f=0.01: power=0.200 [0.141,0.273] (10/50)
    ssig-spk f=0.02: power=0.220 [0.159,0.294] (11/50)
    ssig-spk f=0.05: power=1.000 [0.964,1.000] (50/50)
    ssig-maha f=0.001: power=0.040 [0.014,0.090] (2/50)
    ssig-maha f=0.003: power=0.080 [0.042,0.138] (4/50)
    ssig-maha f=0.01: power=0.100 [0.058,0.162] (5/50)
    ssig-maha f=0.02: power=0.060 [0.028,0.115] (3/50)
    ssig-maha f=0.05: power=0.480 [0.401,0.560] (24/50)
    ssig-mmd f=0.001: power=0.040 [0.014,0.090] (2/50)
    ssig-mmd f=0.003: power=0.120 [0.074,0.184] (6/50)
    ssig-mmd f=0.01: power=0.300 [0.231,0.378] (15/50)
    ssig-mmd f=0.02: power=0.700 [0.622,0.769] (35/50)
    ssig-mmd f=0.05: power=1.000 [0.964,1.000] (50/50)
  pre power @[0.001, 0.003, 0.01, 0.02, 0.05]: spk [0.04, 0.16, 0.2, 0.22, 1.0] maha [0.04, 0.08, 0.1, 0.06, 0.48] mmd [0.04, 0.12, 0.3, 0.7, 1.0]
  [sigreg+proto] epoch 1/2  sigreg=0.2238  proto=4.2632  min_dist=2.29  mean_dist=11.11
  [sigreg+proto] epoch 2/2  sigreg=0.2260  proto=4.5165  min_dist=2.87  mean_dist=11.51
  round 1: pool=2494 purity=0.008 k-hat=4 anchors=4  margin=0.7252  mean-anchor=0.8171  4=0.817
    merged 8 -> 6 anchors
  [sigreg+proto] epoch 1/2  sigreg=0.2303  proto=4.6309  min_dist=3.29  mean_dist=11.84
  [sigreg+proto] epoch 2/2  sigreg=0.2331  proto=4.9000  min_dist=3.62  mean_dist=12.13
  round 2: pool=2500 purity=0.010 k-hat=4 anchors=6  margin=0.7229  mean-anchor=0.8166  4=0.817
  frozen pool [dist frozen  ] purity r1=0.008 r2=0.010
  [sigreg+proto] epoch 1/2  sigreg=0.2283  proto=4.8386  min_dist=2.26  mean_dist=11.06
  [sigreg+proto] epoch 2/2  sigreg=0.2288  proto=5.1113  min_dist=2.82  mean_dist=11.41
  round 1: pool=2494 purity=0.008 k-hat=4 anchors=4  margin=0.7761  mean-anchor=0.8405  4=0.841
    merged 8 -> 6 anchors
  [sigreg+proto] epoch 1/2  sigreg=0.2318  proto=5.4762  min_dist=3.43  mean_dist=11.65
  [sigreg+proto] epoch 2/2  sigreg=0.2350  proto=5.8020  min_dist=3.77  mean_dist=11.92
  round 2: pool=2501 purity=0.010 k-hat=4 anchors=6  margin=0.7548  mean-anchor=0.8497  4=0.850
  frozen pool [dist bn-adapt] purity r1=0.008 r2=0.010
  [sigreg+proto] epoch 1/2  sigreg=0.2262  proto=3.1644  min_dist=2.03  mean_dist=11.23
  [sigreg+proto] epoch 2/2  sigreg=0.2287  proto=3.2494  min_dist=2.50  mean_dist=11.65
  round 1: pool=2493 purity=0.007 k-hat=4 anchors=4  margin=0.6584  mean-anchor=0.6462  4=0.646
  [sigreg+proto] epoch 1/2  sigreg=0.2382  proto=3.5449  min_dist=2.08  mean_dist=12.01
  [sigreg+proto] epoch 2/2  sigreg=0.2453  proto=3.5820  min_dist=2.59  mean_dist=12.33
  round 2: pool=2521 purity=0.018 k-hat=4 anchors=8  margin=0.6938  mean-anchor=0.7445  4=0.744
  frozen pool [np   frozen  ] purity r1=0.007 r2=0.018
  [sigreg+proto] epoch 1/2  sigreg=0.2247  proto=3.7932  min_dist=2.00  mean_dist=11.17
  [sigreg+proto] epoch 2/2  sigreg=0.2286  proto=3.8413  min_dist=2.43  mean_dist=11.54
  round 1: pool=2493 purity=0.007 k-hat=4 anchors=4  margin=0.6950  mean-anchor=0.6694  4=0.669
  [sigreg+proto] epoch 1/2  sigreg=0.2367  proto=4.1760  min_dist=2.44  mean_dist=11.90
  [sigreg+proto] epoch 2/2  sigreg=0.2382  proto=4.1262  min_dist=2.86  mean_dist=12.20
  round 2: pool=2520 purity=0.018 k-hat=4 anchors=8  margin=0.7523  mean-anchor=0.8149  4=0.815
  frozen pool [np   bn-adapt] purity r1=0.007 r2=0.018
  legal cut: ok=False q=0.2000 purity=0.018 n_novel=175 calib_out=1.02

===== [cifar100] nplmsd =====
Using cache found in /home/pharris/.cache/torch/hub/chenyaofo_pytorch-cifar-models_master
  pre: probe=0.8202 top1=0.2536 acc=0.2317 eucl=0.4075 mahaT=0.3445 lid=0.5419 perevt=0.050
    nplmsd-spk f=0.001: power=0.020 [0.003,0.064] (1/50)
    nplmsd-spk f=0.003: power=0.120 [0.074,0.184] (6/50)
    nplmsd-spk f=0.01: power=0.080 [0.042,0.138] (4/50)
    nplmsd-spk f=0.02: power=0.180 [0.124,0.251] (9/50)
    nplmsd-spk f=0.05: power=0.900 [0.838,0.942] (45/50)
    nplmsd-maha f=0.001: power=0.020 [0.003,0.064] (1/50)
    nplmsd-maha f=0.003: power=0.060 [0.028,0.115] (3/50)
    nplmsd-maha f=0.01: power=0.020 [0.003,0.064] (1/50)
    nplmsd-maha f=0.02: power=0.040 [0.014,0.090] (2/50)
    nplmsd-maha f=0.05: power=0.000 [0.000,0.036] (0/50)
    nplmsd-mmd f=0.001: power=0.080 [0.042,0.138] (4/50)
    nplmsd-mmd f=0.003: power=0.100 [0.058,0.162] (5/50)
    nplmsd-mmd f=0.01: power=0.200 [0.141,0.273] (10/50)
    nplmsd-mmd f=0.02: power=0.520 [0.440,0.599] (26/50)
    nplmsd-mmd f=0.05: power=1.000 [0.964,1.000] (50/50)
  pre power @[0.001, 0.003, 0.01, 0.02, 0.05]: spk [0.02, 0.12, 0.08, 0.18, 0.9] maha [0.02, 0.06, 0.02, 0.04, 0.0] mmd [0.08, 0.1, 0.2, 0.52, 1.0]
    merged 2 -> 1 anchors
  [sigreg+proto] epoch 1/2  sigreg=0.8762  proto=3.2970  min_dist=0.25  mean_dist=2.19
  [sigreg+proto] epoch 2/2  sigreg=0.8783  proto=3.2752  min_dist=0.30  mean_dist=2.40
  round 1: pool=2494 purity=0.008 k-hat=2 anchors=1  margin=0.3776  mean-anchor=0.3960  4=0.396
    merged 4 -> 1 anchors
  [sigreg+proto] epoch 1/2  sigreg=0.8854  proto=3.2712  min_dist=0.94  mean_dist=3.14
  [sigreg+proto] epoch 2/2  sigreg=0.8980  proto=3.3265  min_dist=1.27  mean_dist=3.69
  round 2: pool=2484 purity=0.004 k-hat=3 anchors=1  margin=0.3359  mean-anchor=0.3329  4=0.333
  frozen pool [dist frozen  ] purity r1=0.008 r2=0.004
    merged 2 -> 1 anchors
  [sigreg+proto] epoch 1/2  sigreg=0.8721  proto=3.3093  min_dist=0.25  mean_dist=2.19
  [sigreg+proto] epoch 2/2  sigreg=0.8760  proto=3.2810  min_dist=0.30  mean_dist=2.40
  round 1: pool=2494 purity=0.008 k-hat=2 anchors=1  margin=0.3696  mean-anchor=0.3845  4=0.385
    merged 4 -> 1 anchors
  [sigreg+proto] epoch 1/2  sigreg=0.8828  proto=3.2781  min_dist=0.95  mean_dist=3.14
  [sigreg+proto] epoch 2/2  sigreg=0.8956  proto=3.3247  min_dist=1.28  mean_dist=3.70
  round 2: pool=2485 purity=0.004 k-hat=3 anchors=1  margin=0.3278  mean-anchor=0.3122  4=0.312
  frozen pool [dist bn-adapt] purity r1=0.008 r2=0.004
    merged 3 -> 1 anchors
  [sigreg+proto] epoch 1/2  sigreg=0.8762  proto=3.2998  min_dist=0.25  mean_dist=2.19
  [sigreg+proto] epoch 2/2  sigreg=0.8781  proto=3.2763  min_dist=0.30  mean_dist=2.40
  round 1: pool=2486 purity=0.004 k-hat=3 anchors=1  margin=0.4902  mean-anchor=0.5151  4=0.515
    merged 2 -> 1 anchors
  [sigreg+proto] epoch 1/2  sigreg=0.8847  proto=3.2696  min_dist=0.95  mean_dist=3.15
  [sigreg+proto] epoch 2/2  sigreg=0.8984  proto=3.3255  min_dist=1.29  mean_dist=3.71
  round 2: pool=2477 purity=0.001 k-hat=1 anchors=1  margin=0.3520  mean-anchor=0.3600  4=0.360
  frozen pool [np   frozen  ] purity r1=0.004 r2=0.001
    merged 3 -> 1 anchors
  [sigreg+proto] epoch 1/2  sigreg=0.8732  proto=3.3060  min_dist=0.25  mean_dist=2.19
  [sigreg+proto] epoch 2/2  sigreg=0.8758  proto=3.2818  min_dist=0.30  mean_dist=2.40
  round 1: pool=2486 purity=0.004 k-hat=3 anchors=1  margin=0.4683  mean-anchor=0.4988  4=0.499
    merged 3 -> 1 anchors
  [sigreg+proto] epoch 1/2  sigreg=0.8834  proto=3.2733  min_dist=0.96  mean_dist=3.14
  [sigreg+proto] epoch 2/2  sigreg=0.8953  proto=3.3364  min_dist=1.30  mean_dist=3.70
  round 2: pool=2526 purity=0.020 k-hat=2 anchors=1  margin=0.7647  mean-anchor=0.8040  4=0.804
  frozen pool [np   bn-adapt] purity r1=0.004 r2=0.020
  legal cut: ok=False q=0.2000 purity=0.004 n_novel=43 calib_out=1.00

===== EXP136 MASTER [cifar100] (holdout 4) =====
  arm       probe   top1    acc   eucl  mahaT    lid  perevt spk@.02 mmd@.02 frz-np r1  legal  68 post 68 pur1
  simclr    0.799  0.292  0.242  0.443  0.385  0.570   0.010    0.06    0.18     0.024    nan    0.889   0.004
  visreg    0.797  0.239  0.190  0.499  0.382  0.534   0.030    0.04    0.08     0.022    nan    0.893   0.005
  nplm      0.757  0.223  0.181  0.413  0.361  0.635   0.010    0.00    0.12     0.022    nan    0.885   0.009
  supcon    0.940  0.608  0.545  0.233  0.279  0.740   0.000    0.14    0.50     0.052    nan    0.930   0.000
  supsig    0.823  0.360  0.346  0.340  0.320  0.537   0.000    0.14    0.38     0.024    nan    0.796   0.009
  nplmcw    0.898  0.507  0.463  0.525  0.411  0.678   0.030    0.20    0.58     0.031    nan    0.937   0.006
  ssig      0.937  0.597  0.588  0.620  0.602  0.734   0.070    0.22    0.70     0.007    nan    0.871   0.008
  nplmsd    0.820  0.254  0.232  0.408  0.345  0.542   0.050    0.18    0.52     0.004    nan    0.857   0.008
wrote logs/exp136/master_cifar100.json
EXP136 DONE.
