/home/pharris/venv/lib64/python3.9/site-packages/networkx/utils/backends.py:135: RuntimeWarning: networkx backend defined more than once: nx-loopback
  backends.update(_get_backends("networkx.backends"))
exp144 [cifar100/dino] GCD protocol: known 80/100, train 50000

  seed 0: |D^l|=20000 |D^u|=30000
    [raw-dino     kmeans     ] All  49.9  Old  50.8  New  48.1
    [raw-dino     ss-kmeans  ] All  62.4  Old  62.0  New  63.3
    [raw-dino     np-anchors ] All  55.9  Old  71.2  New  25.3   (pool purity 1.000, k_hat 2, ok=True)
    [raw-dino     np-seeded  ] All  63.0  Old  64.0  New  60.9
    [head-supcon  kmeans     ] All  43.6  Old  50.9  New  29.0
    [head-supcon  ss-kmeans  ] All  47.1  Old  57.8  New  25.7
    [head-supcon  np-anchors ] All  48.7  Old  63.3  New  19.5   (pool purity 0.893, k_hat 1, ok=True)
    [head-supcon  np-seeded  ] All  47.2  Old  58.7  New  24.1
    [head-ssig    kmeans     ] All  58.5  Old  67.3  New  41.0
    [head-ssig    ss-kmeans  ] All  56.3  Old  67.6  New  33.6
    [head-ssig    np-anchors ] All  54.0  Old  70.6  New  20.9   (pool purity 0.884, k_hat 1, ok=True)
    [head-ssig    np-seeded  ] All  56.9  Old  66.9  New  37.0

  seed 1: |D^l|=20000 |D^u|=30000
    [raw-dino     kmeans     ] All  52.1  Old  53.5  New  49.4
    [raw-dino     ss-kmeans  ] All  61.2  Old  62.0  New  59.5
    [raw-dino     np-anchors ] All  55.2  Old  70.5  New  24.5   (pool purity 0.624, k_hat 2, ok=False)
    [raw-dino     np-seeded  ] All  61.6  Old  62.7  New  59.3
    [head-supcon  kmeans     ] All  42.4  Old  48.6  New  29.9
    [head-supcon  ss-kmeans  ] All  46.6  Old  58.2  New  23.3
    [head-supcon  np-anchors ] All  48.1  Old  63.0  New  18.2   (pool purity 0.898, k_hat 1, ok=True)
    [head-supcon  np-seeded  ] All  46.5  Old  57.2  New  25.1
    [head-ssig    kmeans     ] All  56.2  Old  64.9  New  38.7
    [head-ssig    ss-kmeans  ] All  56.5  Old  66.2  New  37.2
    [head-ssig    np-anchors ] All  53.2  Old  69.4  New  21.0   (pool purity 0.786, k_hat 1, ok=True)
    [head-ssig    np-seeded  ] All  56.8  Old  67.1  New  36.2

  seed 2: |D^l|=20000 |D^u|=30000
    [raw-dino     kmeans     ] All  53.5  Old  52.9  New  54.8
    [raw-dino     ss-kmeans  ] All  57.8  Old  61.0  New  51.6
    [raw-dino     np-anchors ] All  56.0  Old  70.9  New  26.3   (pool purity 0.615, k_hat 2, ok=False)
    [raw-dino     np-seeded  ] All  57.9  Old  61.1  New  51.3
    [head-supcon  kmeans     ] All  42.2  Old  50.2  New  26.3
    [head-supcon  ss-kmeans  ] All  45.4  Old  57.7  New  20.8
    [head-supcon  np-anchors ] All  47.8  Old  63.5  New  16.5   (pool purity 0.845, k_hat 1, ok=True)
    [head-supcon  np-seeded  ] All  45.7  Old  58.1  New  21.1
    [head-ssig    kmeans     ] All  56.4  Old  67.1  New  35.0
    [head-ssig    ss-kmeans  ] All  55.4  Old  66.4  New  33.4
    [head-ssig    np-anchors ] All  53.5  Old  70.7  New  19.1   (pool purity 0.814, k_hat 1, ok=True)
    [head-ssig    np-seeded  ] All  55.0  Old  65.6  New  33.9

===== EXP144 [cifar100] clustering ACC on D^u, All / Old / New (mean+-sd over 3 seeds) =====
  raw-dino     kmeans       51.9+- 1.5   52.4+- 1.1   50.8+- 2.9
  raw-dino     ss-kmeans    60.5+- 1.9   61.7+- 0.5   58.1+- 4.9
  raw-dino     np-anchors   55.7+- 0.4   70.9+- 0.3   25.4+- 0.7
  raw-dino     np-seeded    60.8+- 2.2   62.6+- 1.2   57.2+- 4.2
  head-supcon  kmeans       42.7+- 0.6   49.9+- 1.0   28.4+- 1.5
  head-supcon  ss-kmeans    46.4+- 0.7   57.9+- 0.2   23.3+- 2.0
  head-supcon  np-anchors   48.2+- 0.4   63.3+- 0.2   18.1+- 1.2
  head-supcon  np-seeded    46.5+- 0.6   58.0+- 0.6   23.4+- 1.7
  head-ssig    kmeans       57.0+- 1.1   66.5+- 1.1   38.2+- 2.4
  head-ssig    ss-kmeans    56.1+- 0.5   66.7+- 0.6   34.7+- 1.8
  head-ssig    np-anchors   53.6+- 0.3   70.2+- 0.6   20.3+- 0.9
  head-ssig    np-seeded    56.3+- 0.9   66.5+- 0.7   35.7+- 1.3
  reference    k-means (paper)   52.0       52.2       50.8
  reference    GCD               73.0       76.2       66.5
  reference    UNO+              69.5       80.6       47.2
  reference    SimGCD            80.1       81.2       77.8
  reference    RLCD              83.4       84.2       81.9
EXP144 DONE.
