/home/pharris/venv/lib64/python3.9/site-packages/networkx/utils/backends.py:135: RuntimeWarning: networkx backend defined more than once: nx-loopback
  backends.update(_get_backends("networkx.backends"))
=== stage 1: per-arm tuning (seen classes only) ===
Using cache found in /home/pharris/.cache/torch/hub/chenyaofo_pytorch-cifar-models_master
  CIFAR two-view embedding-train images (no {4}): 49500
  [supcon] epoch 1/20  loss=4.2885
  [supcon] epoch 2/20  loss=4.0200
  [supcon] epoch 3/20  loss=3.9314
  [supcon] epoch 4/20  loss=3.8881
  [supcon] epoch 5/20  loss=3.8403
  [supcon] epoch 6/20  loss=3.8032
  [supcon] epoch 7/20  loss=3.7625
  [supcon] epoch 8/20  loss=3.7451
  [supcon] epoch 9/20  loss=3.7272
  [supcon] epoch 10/20  loss=3.7002
  [supcon] epoch 11/20  loss=3.6932
  [supcon] epoch 12/20  loss=3.6682
  [supcon] epoch 13/20  loss=3.6548
  [supcon] epoch 14/20  loss=3.6497
  [supcon] epoch 15/20  loss=3.6258
  [supcon] epoch 16/20  loss=3.6262
  [supcon] epoch 17/20  loss=3.6124
  [supcon] epoch 18/20  loss=3.5943
  [supcon] epoch 19/20  loss=3.5986
  [supcon] epoch 20/20  loss=3.5753
  [supcon_tau0.05_s0] select=0.5419 probe=0.9323 perevt=0.000
Using cache found in /home/pharris/.cache/torch/hub/chenyaofo_pytorch-cifar-models_master
  CIFAR two-view embedding-train images (no {4}): 49500
  [supcon] epoch 1/20  loss=4.2900
  [supcon] epoch 2/20  loss=4.0203
  [supcon] epoch 3/20  loss=3.9349
  [supcon] epoch 4/20  loss=3.8882
  [supcon] epoch 5/20  loss=3.8410
  [supcon] epoch 6/20  loss=3.8058
  [supcon] epoch 7/20  loss=3.7685
  [supcon] epoch 8/20  loss=3.7465
  [supcon] epoch 9/20  loss=3.7297
  [supcon] epoch 10/20  loss=3.6977
  [supcon] epoch 11/20  loss=3.6987
  [supcon] epoch 12/20  loss=3.6722
  [supcon] epoch 13/20  loss=3.6589
  [supcon] epoch 14/20  loss=3.6504
  [supcon] epoch 15/20  loss=3.6326
  [supcon] epoch 16/20  loss=3.6262
  [supcon] epoch 17/20  loss=3.6122
  [supcon] epoch 18/20  loss=3.5966
  [supcon] epoch 19/20  loss=3.5949
  [supcon] epoch 20/20  loss=3.5773
  [supcon_tau0.1_s0] select=0.5761 probe=0.9303 perevt=0.000
Using cache found in /home/pharris/.cache/torch/hub/chenyaofo_pytorch-cifar-models_master
  CIFAR two-view embedding-train images (no {4}): 49500
  [supcon] epoch 1/20  loss=4.8141
  [supcon] epoch 2/20  loss=4.6314
  [supcon] epoch 3/20  loss=4.5737
  [supcon] epoch 4/20  loss=4.5429
  [supcon] epoch 5/20  loss=4.5093
  [supcon] epoch 6/20  loss=4.4901
  [supcon] epoch 7/20  loss=4.4639
  [supcon] epoch 8/20  loss=4.4508
  [supcon] epoch 9/20  loss=4.4392
  [supcon] epoch 10/20  loss=4.4242
  [supcon] epoch 11/20  loss=4.4151
  [supcon] epoch 12/20  loss=4.4003
  [supcon] epoch 13/20  loss=4.3921
  [supcon] epoch 14/20  loss=4.3912
  [supcon] epoch 15/20  loss=4.3751
  [supcon] epoch 16/20  loss=4.3747
  [supcon] epoch 17/20  loss=4.3634
  [supcon] epoch 18/20  loss=4.3544
  [supcon] epoch 19/20  loss=4.3575
  [supcon] epoch 20/20  loss=4.3439
  [supcon_tau0.3_s0] select=0.4481 probe=0.9076 perevt=0.000
Using cache found in /home/pharris/.cache/torch/hub/chenyaofo_pytorch-cifar-models_master
  CIFAR two-view embedding-train images (no {4}): 49500
  [supcon] epoch 1/20  loss=5.6812
  [supcon] epoch 2/20  loss=5.6230
  [supcon] epoch 3/20  loss=5.6078
  [supcon] epoch 4/20  loss=5.5970
  [supcon] epoch 5/20  loss=5.5877
  [supcon] epoch 6/20  loss=5.5805
  [supcon] epoch 7/20  loss=5.5734
  [supcon] epoch 8/20  loss=5.5705
  [supcon] epoch 9/20  loss=5.5655
  [supcon] epoch 10/20  loss=5.5619
  [supcon] epoch 11/20  loss=5.5587
  [supcon] epoch 12/20  loss=5.5568
  [supcon] epoch 13/20  loss=5.5521
  [supcon] epoch 14/20  loss=5.5524
  [supcon] epoch 15/20  loss=5.5467
  [supcon] epoch 16/20  loss=5.5463
  [supcon] epoch 17/20  loss=5.5441
  [supcon] epoch 18/20  loss=5.5414
  [supcon] epoch 19/20  loss=5.5407
  [supcon] epoch 20/20  loss=5.5372
  [supcon_tau1.0_s0] select=0.2699 probe=0.8686 perevt=0.010
Using cache found in /home/pharris/.cache/torch/hub/chenyaofo_pytorch-cifar-models_master
  CIFAR two-view embedding-train images (no {4}): 49500
  [supcon] epoch 1/20  loss=6.0314
  [supcon] epoch 2/20  loss=6.0121
  [supcon] epoch 3/20  loss=6.0075
  [supcon] epoch 4/20  loss=6.0041
  [supcon] epoch 5/20  loss=6.0006
  [supcon] epoch 6/20  loss=5.9985
  [supcon] epoch 7/20  loss=5.9958
  [supcon] epoch 8/20  loss=5.9948
  [supcon] epoch 9/20  loss=5.9947
  [supcon] epoch 10/20  loss=5.9927
  [supcon] epoch 11/20  loss=5.9911
  [supcon] epoch 12/20  loss=5.9910
  [supcon] epoch 13/20  loss=5.9893
  [supcon] epoch 14/20  loss=5.9891
  [supcon] epoch 15/20  loss=5.9882
  [supcon] epoch 16/20  loss=5.9878
  [supcon] epoch 17/20  loss=5.9862
  [supcon] epoch 18/20  loss=5.9864
  [supcon] epoch 19/20  loss=5.9852
  [supcon] epoch 20/20  loss=5.9843
  [supcon_tau3.0_s0] select=0.1961 probe=0.8179 perevt=0.000
  supcon: tuned tau=0.1  0.05:0.542 0.1:0.576 0.3:0.448 1.0:0.270 3.0:0.196
Using cache found in /home/pharris/.cache/torch/hub/chenyaofo_pytorch-cifar-models_master
  CIFAR two-view embedding-train images (no {4}): 49500
  [softmax/cosine] epoch 1/20  interaction=4.3332  marginal=0.5479
  [softmax/cosine] epoch 2/20  interaction=4.0805  marginal=0.5014
  [softmax/cosine] epoch 3/20  interaction=3.9933  marginal=0.4863
  [softmax/cosine] epoch 4/20  interaction=3.9546  marginal=0.4856
  [softmax/cosine] epoch 5/20  interaction=3.9010  marginal=0.4791
  [softmax/cosine] epoch 6/20  interaction=3.8657  marginal=0.4673
  [softmax/cosine] epoch 7/20  interaction=3.8327  marginal=0.4561
  [softmax/cosine] epoch 8/20  interaction=3.8123  marginal=0.4567
  [softmax/cosine] epoch 9/20  interaction=3.7941  marginal=0.4524
  [softmax/cosine] epoch 10/20  interaction=3.7674  marginal=0.4474
  [softmax/cosine] epoch 11/20  interaction=3.7642  marginal=0.4480
  [softmax/cosine] epoch 12/20  interaction=3.7413  marginal=0.4467
  [softmax/cosine] epoch 13/20  interaction=3.7280  marginal=0.4437
  [softmax/cosine] epoch 14/20  interaction=3.7179  marginal=0.4350
  [softmax/cosine] epoch 15/20  interaction=3.7012  marginal=0.4357
  [softmax/cosine] epoch 16/20  interaction=3.7008  marginal=0.4354
  [softmax/cosine] epoch 17/20  interaction=3.6790  marginal=0.4307
  [softmax/cosine] epoch 18/20  interaction=3.6655  marginal=0.4316
  [softmax/cosine] epoch 19/20  interaction=3.6702  marginal=0.4272
  [softmax/cosine] epoch 20/20  interaction=3.6425  marginal=0.4254
  [supcon_sigreg_tau0.05_s0] select=0.4873 probe=0.9413 perevt=0.000
Using cache found in /home/pharris/.cache/torch/hub/chenyaofo_pytorch-cifar-models_master
  CIFAR two-view embedding-train images (no {4}): 49500
  [softmax/cosine] epoch 1/20  interaction=4.3548  marginal=0.2174
  [softmax/cosine] epoch 2/20  interaction=4.1131  marginal=0.1090
  [softmax/cosine] epoch 3/20  interaction=4.0296  marginal=0.0962
  [softmax/cosine] epoch 4/20  interaction=3.9807  marginal=0.0898
  [softmax/cosine] epoch 5/20  interaction=3.9314  marginal=0.0847
  [softmax/cosine] epoch 6/20  interaction=3.8945  marginal=0.0826
  [softmax/cosine] epoch 7/20  interaction=3.8497  marginal=0.0796
  [softmax/cosine] epoch 8/20  interaction=3.8326  marginal=0.0783
  [softmax/cosine] epoch 9/20  interaction=3.8080  marginal=0.0768
  [softmax/cosine] epoch 10/20  interaction=3.7825  marginal=0.0752
  [softmax/cosine] epoch 11/20  interaction=3.7829  marginal=0.0746
  [softmax/cosine] epoch 12/20  interaction=3.7593  marginal=0.0714
  [softmax/cosine] epoch 13/20  interaction=3.7388  marginal=0.0731
  [softmax/cosine] epoch 14/20  interaction=3.7282  marginal=0.0706
  [softmax/cosine] epoch 15/20  interaction=3.7089  marginal=0.0709
  [softmax/cosine] epoch 16/20  interaction=3.7078  marginal=0.0715
  [softmax/cosine] epoch 17/20  interaction=3.6929  marginal=0.0683
  [softmax/cosine] epoch 18/20  interaction=3.6740  marginal=0.0700
  [softmax/cosine] epoch 19/20  interaction=3.6755  marginal=0.0672
  [softmax/cosine] epoch 20/20  interaction=3.6525  marginal=0.0680
  [supcon_sigreg_tau0.1_s0] select=0.5766 probe=0.8549 perevt=0.000
Using cache found in /home/pharris/.cache/torch/hub/chenyaofo_pytorch-cifar-models_master
  CIFAR two-view embedding-train images (no {4}): 49500
  [softmax/cosine] epoch 1/20  interaction=4.8525  marginal=0.0783
  [softmax/cosine] epoch 2/20  interaction=4.6508  marginal=0.0375
  [softmax/cosine] epoch 3/20  interaction=4.5880  marginal=0.0368
  [softmax/cosine] epoch 4/20  interaction=4.5565  marginal=0.0365
  [softmax/cosine] epoch 5/20  interaction=4.5205  marginal=0.0364
  [softmax/cosine] epoch 6/20  interaction=4.4976  marginal=0.0370
  [softmax/cosine] epoch 7/20  interaction=4.4728  marginal=0.0370
  [softmax/cosine] epoch 8/20  interaction=4.4573  marginal=0.0365
  [softmax/cosine] epoch 9/20  interaction=4.4426  marginal=0.0363
  [softmax/cosine] epoch 10/20  interaction=4.4293  marginal=0.0357
  [softmax/cosine] epoch 11/20  interaction=4.4194  marginal=0.0360
  [softmax/cosine] epoch 12/20  interaction=4.4077  marginal=0.0355
  [softmax/cosine] epoch 13/20  interaction=4.3954  marginal=0.0352
  [softmax/cosine] epoch 14/20  interaction=4.3922  marginal=0.0348
  [softmax/cosine] epoch 15/20  interaction=4.3766  marginal=0.0347
  [softmax/cosine] epoch 16/20  interaction=4.3772  marginal=0.0348
  [softmax/cosine] epoch 17/20  interaction=4.3651  marginal=0.0343
  [softmax/cosine] epoch 18/20  interaction=4.3539  marginal=0.0340
  [softmax/cosine] epoch 19/20  interaction=4.3587  marginal=0.0339
  [softmax/cosine] epoch 20/20  interaction=4.3429  marginal=0.0339
  [supcon_sigreg_tau0.3_s0] select=0.4924 probe=0.9267 perevt=0.030
Using cache found in /home/pharris/.cache/torch/hub/chenyaofo_pytorch-cifar-models_master
  CIFAR two-view embedding-train images (no {4}): 49500
  [softmax/cosine] epoch 1/20  interaction=5.7047  marginal=0.0893
  [softmax/cosine] epoch 2/20  interaction=5.6341  marginal=0.0573
  [softmax/cosine] epoch 3/20  interaction=5.6159  marginal=0.0556
  [softmax/cosine] epoch 4/20  interaction=5.6030  marginal=0.0534
  [softmax/cosine] epoch 5/20  interaction=5.5914  marginal=0.0541
  [softmax/cosine] epoch 6/20  interaction=5.5848  marginal=0.0534
  [softmax/cosine] epoch 7/20  interaction=5.5753  marginal=0.0524
  [softmax/cosine] epoch 8/20  interaction=5.5717  marginal=0.0514
  [softmax/cosine] epoch 9/20  interaction=5.5672  marginal=0.0516
  [softmax/cosine] epoch 10/20  interaction=5.5618  marginal=0.0516
  [softmax/cosine] epoch 11/20  interaction=5.5591  marginal=0.0523
  [softmax/cosine] epoch 12/20  interaction=5.5561  marginal=0.0506
  [softmax/cosine] epoch 13/20  interaction=5.5512  marginal=0.0518
  [softmax/cosine] epoch 14/20  interaction=5.5514  marginal=0.0507
  [softmax/cosine] epoch 15/20  interaction=5.5465  marginal=0.0505
  [softmax/cosine] epoch 16/20  interaction=5.5471  marginal=0.0500
  [softmax/cosine] epoch 17/20  interaction=5.5433  marginal=0.0502
  [softmax/cosine] epoch 18/20  interaction=5.5395  marginal=0.0503
  [softmax/cosine] epoch 19/20  interaction=5.5404  marginal=0.0500
  [softmax/cosine] epoch 20/20  interaction=5.5366  marginal=0.0495
  [supcon_sigreg_tau1.0_s0] select=0.3799 probe=0.9302 perevt=0.080
Using cache found in /home/pharris/.cache/torch/hub/chenyaofo_pytorch-cifar-models_master
  CIFAR two-view embedding-train images (no {4}): 49500
  [softmax/cosine] epoch 1/20  interaction=6.0606  marginal=0.0826
  [softmax/cosine] epoch 2/20  interaction=6.0350  marginal=0.0480
  [softmax/cosine] epoch 3/20  interaction=6.0286  marginal=0.0433
  [softmax/cosine] epoch 4/20  interaction=6.0249  marginal=0.0412
  [softmax/cosine] epoch 5/20  interaction=6.0215  marginal=0.0397
  [softmax/cosine] epoch 6/20  interaction=6.0190  marginal=0.0391
  [softmax/cosine] epoch 7/20  interaction=6.0162  marginal=0.0388
  [softmax/cosine] epoch 8/20  interaction=6.0150  marginal=0.0375
  [softmax/cosine] epoch 9/20  interaction=6.0136  marginal=0.0376
  [softmax/cosine] epoch 10/20  interaction=6.0118  marginal=0.0366
  [softmax/cosine] epoch 11/20  interaction=6.0103  marginal=0.0372
  [softmax/cosine] epoch 12/20  interaction=6.0092  marginal=0.0363
  [softmax/cosine] epoch 13/20  interaction=6.0077  marginal=0.0364
  [softmax/cosine] epoch 14/20  interaction=6.0071  marginal=0.0362
  [softmax/cosine] epoch 15/20  interaction=6.0062  marginal=0.0361
  [softmax/cosine] epoch 16/20  interaction=6.0057  marginal=0.0359
  [softmax/cosine] epoch 17/20  interaction=6.0046  marginal=0.0356
  [softmax/cosine] epoch 18/20  interaction=6.0033  marginal=0.0359
  [softmax/cosine] epoch 19/20  interaction=6.0034  marginal=0.0358
  [softmax/cosine] epoch 20/20  interaction=6.0024  marginal=0.0348
  [supcon_sigreg_tau3.0_s0] select=0.4322 probe=0.9190 perevt=0.050
  supcon_sigreg: tuned tau=0.1  0.05:0.487 0.1:0.577 0.3:0.492 1.0:0.380 3.0:0.432
Using cache found in /home/pharris/.cache/torch/hub/chenyaofo_pytorch-cifar-models_master
  CIFAR two-view embedding-train images (no {4}): 49500
  [nplm/distance] epoch 1/20  interaction=0.3896  marginal=0.9359
  [nplm/distance] epoch 2/20  interaction=-0.2336  marginal=0.9264
  [nplm/distance] epoch 3/20  interaction=-0.2748  marginal=0.9223
  [nplm/distance] epoch 4/20  interaction=-0.2986  marginal=0.9186
  [nplm/distance] epoch 5/20  interaction=-0.3223  marginal=0.9153
  [nplm/distance] epoch 6/20  interaction=-0.3344  marginal=0.9143
  [nplm/distance] epoch 7/20  interaction=-0.3453  marginal=0.9131
  [nplm/distance] epoch 8/20  interaction=-0.3481  marginal=0.9127
  [nplm/distance] epoch 9/20  interaction=-0.3533  marginal=0.9122
  [nplm/distance] epoch 10/20  interaction=-0.3610  marginal=0.9112
  [nplm/distance] epoch 11/20  interaction=-0.3660  marginal=0.9114
  [nplm/distance] epoch 12/20  interaction=-0.3665  marginal=0.9106
  [nplm/distance] epoch 13/20  interaction=-0.3709  marginal=0.9102
  [nplm/distance] epoch 14/20  interaction=-0.3763  marginal=0.9098
  [nplm/distance] epoch 15/20  interaction=-0.3801  marginal=0.9091
  [nplm/distance] epoch 16/20  interaction=-0.3809  marginal=0.9093
  [nplm/distance] epoch 17/20  interaction=-0.3864  marginal=0.9084
  [nplm/distance] epoch 18/20  interaction=-0.3880  marginal=0.9080
  [nplm/distance] epoch 19/20  interaction=-0.3901  marginal=0.9075
  [nplm/distance] epoch 20/20  interaction=-0.3931  marginal=0.9077
  [nplm_sup_dist_tau0.05_s0] select=0.2321 probe=0.8338 perevt=0.040
Using cache found in /home/pharris/.cache/torch/hub/chenyaofo_pytorch-cifar-models_master
  CIFAR two-view embedding-train images (no {4}): 49500
  [nplm/distance] epoch 1/20  interaction=0.0782  marginal=0.9057
  [nplm/distance] epoch 2/20  interaction=-0.2627  marginal=0.8903
  [nplm/distance] epoch 3/20  interaction=-0.2945  marginal=0.8863
  [nplm/distance] epoch 4/20  interaction=-0.3120  marginal=0.8814
  [nplm/distance] epoch 5/20  interaction=-0.3321  marginal=0.8780
  [nplm/distance] epoch 6/20  interaction=-0.3403  marginal=0.8772
  [nplm/distance] epoch 7/20  interaction=-0.3505  marginal=0.8756
  [nplm/distance] epoch 8/20  interaction=-0.3525  marginal=0.8756
  [nplm/distance] epoch 9/20  interaction=-0.3577  marginal=0.8747
  [nplm/distance] epoch 10/20  interaction=-0.3652  marginal=0.8734
  [nplm/distance] epoch 11/20  interaction=-0.3700  marginal=0.8729
  [nplm/distance] epoch 12/20  interaction=-0.3728  marginal=0.8719
  [nplm/distance] epoch 13/20  interaction=-0.3755  marginal=0.8712
  [nplm/distance] epoch 14/20  interaction=-0.3815  marginal=0.8701
  [nplm/distance] epoch 15/20  interaction=-0.3843  marginal=0.8694
  [nplm/distance] epoch 16/20  interaction=-0.3842  marginal=0.8708
  [nplm/distance] epoch 17/20  interaction=-0.3903  marginal=0.8690
  [nplm/distance] epoch 18/20  interaction=-0.3947  marginal=0.8685
  [nplm/distance] epoch 19/20  interaction=-0.3965  marginal=0.8674
  [nplm/distance] epoch 20/20  interaction=-0.3993  marginal=0.8679
  [nplm_sup_dist_tau0.1_s0] select=0.2335 probe=0.8317 perevt=0.040
Using cache found in /home/pharris/.cache/torch/hub/chenyaofo_pytorch-cifar-models_master
  CIFAR two-view embedding-train images (no {4}): 49500
  [nplm/distance] epoch 1/20  interaction=-0.1369  marginal=0.8224
  [nplm/distance] epoch 2/20  interaction=-0.2801  marginal=0.7983
  [nplm/distance] epoch 3/20  interaction=-0.3032  marginal=0.7928
  [nplm/distance] epoch 4/20  interaction=-0.3159  marginal=0.7895
  [nplm/distance] epoch 5/20  interaction=-0.3357  marginal=0.7840
  [nplm/distance] epoch 6/20  interaction=-0.3439  marginal=0.7803
  [nplm/distance] epoch 7/20  interaction=-0.3549  marginal=0.7789
  [nplm/distance] epoch 8/20  interaction=-0.3557  marginal=0.7775
  [nplm/distance] epoch 9/20  interaction=-0.3623  marginal=0.7761
  [nplm/distance] epoch 10/20  interaction=-0.3700  marginal=0.7734
  [nplm/distance] epoch 11/20  interaction=-0.3741  marginal=0.7718
  [nplm/distance] epoch 12/20  interaction=-0.3762  marginal=0.7708
  [nplm/distance] epoch 13/20  interaction=-0.3813  marginal=0.7698
  [nplm/distance] epoch 14/20  interaction=-0.3851  marginal=0.7669
  [nplm/distance] epoch 15/20  interaction=-0.3891  marginal=0.7672
  [nplm/distance] epoch 16/20  interaction=-0.3900  marginal=0.7684
  [nplm/distance] epoch 17/20  interaction=-0.3955  marginal=0.7661
  [nplm/distance] epoch 18/20  interaction=-0.3976  marginal=0.7663
  [nplm/distance] epoch 19/20  interaction=-0.4001  marginal=0.7638
  [nplm/distance] epoch 20/20  interaction=-0.4036  marginal=0.7644
  [nplm_sup_dist_tau0.3_s0] select=0.2459 probe=0.8200 perevt=0.070
Using cache found in /home/pharris/.cache/torch/hub/chenyaofo_pytorch-cifar-models_master
  CIFAR two-view embedding-train images (no {4}): 49500
  [nplm/distance] epoch 1/20  interaction=-0.2033  marginal=0.6509
  [nplm/distance] epoch 2/20  interaction=-0.2803  marginal=0.6219
  [nplm/distance] epoch 3/20  interaction=-0.2992  marginal=0.6137
  [nplm/distance] epoch 4/20  interaction=-0.3081  marginal=0.6121
  [nplm/distance] epoch 5/20  interaction=-0.3267  marginal=0.6010
  [nplm/distance] epoch 6/20  interaction=-0.3337  marginal=0.5995
  [nplm/distance] epoch 7/20  interaction=-0.3472  marginal=0.5916
  [nplm/distance] epoch 8/20  interaction=-0.3437  marginal=0.5914
  [nplm/distance] epoch 9/20  interaction=-0.3517  marginal=0.5908
  [nplm/distance] epoch 10/20  interaction=-0.3600  marginal=0.5861
  [nplm/distance] epoch 11/20  interaction=-0.3638  marginal=0.5852
  [nplm/distance] epoch 12/20  interaction=-0.3662  marginal=0.5808
  [nplm/distance] epoch 13/20  interaction=-0.3690  marginal=0.5816
  [nplm/distance] epoch 14/20  interaction=-0.3738  marginal=0.5759
  [nplm/distance] epoch 15/20  interaction=-0.3769  marginal=0.5749
  [nplm/distance] epoch 16/20  interaction=-0.3779  marginal=0.5769
  [nplm/distance] epoch 17/20  interaction=-0.3812  marginal=0.5731
  [nplm/distance] epoch 18/20  interaction=-0.3865  marginal=0.5728
  [nplm/distance] epoch 19/20  interaction=-0.3848  marginal=0.5718
  [nplm/distance] epoch 20/20  interaction=-0.3891  marginal=0.5687
  [nplm_sup_dist_tau1.0_s0] select=0.2665 probe=0.8427 perevt=0.060
Using cache found in /home/pharris/.cache/torch/hub/chenyaofo_pytorch-cifar-models_master
  CIFAR two-view embedding-train images (no {4}): 49500
  [nplm/distance] epoch 1/20  interaction=-0.2005  marginal=0.4239
  [nplm/distance] epoch 2/20  interaction=-0.2656  marginal=0.3902
  [nplm/distance] epoch 3/20  interaction=-0.2856  marginal=0.3796
  [nplm/distance] epoch 4/20  interaction=-0.2953  marginal=0.3766
  [nplm/distance] epoch 5/20  interaction=-0.3136  marginal=0.3676
  [nplm/distance] epoch 6/20  interaction=-0.3212  marginal=0.3660
  [nplm/distance] epoch 7/20  interaction=-0.3327  marginal=0.3555
  [nplm/distance] epoch 8/20  interaction=-0.3338  marginal=0.3560
  [nplm/distance] epoch 9/20  interaction=-0.3405  marginal=0.3529
  [nplm/distance] epoch 10/20  interaction=-0.3468  marginal=0.3511
  [nplm/distance] epoch 11/20  interaction=-0.3517  marginal=0.3457
  [nplm/distance] epoch 12/20  interaction=-0.3537  marginal=0.3458
  [nplm/distance] epoch 13/20  interaction=-0.3572  marginal=0.3420
  [nplm/distance] epoch 14/20  interaction=-0.3624  marginal=0.3389
  [nplm/distance] epoch 15/20  interaction=-0.3678  marginal=0.3360
  [nplm/distance] epoch 16/20  interaction=-0.3677  marginal=0.3401
  [nplm/distance] epoch 17/20  interaction=-0.3725  marginal=0.3345
  [nplm/distance] epoch 18/20  interaction=-0.3763  marginal=0.3347
  [nplm/distance] epoch 19/20  interaction=-0.3765  marginal=0.3339
  [nplm/distance] epoch 20/20  interaction=-0.3815  marginal=0.3314
  [nplm_sup_dist_tau3.0_s0] select=0.2933 probe=0.8728 perevt=0.020
  nplm_sup_dist: tuned tau=3.0  0.05:0.232 0.1:0.234 0.3:0.246 1.0:0.266 3.0:0.293
Using cache found in /home/pharris/.cache/torch/hub/chenyaofo_pytorch-cifar-models_master
  CIFAR two-view embedding-train images (no {4}): 49500
  [nplm/bilinear] epoch 1/20  interaction=119417877630.1973  marginal=0.8893
  [nplm/bilinear] epoch 2/20  interaction=986219.9101  marginal=0.9081
  [nplm/bilinear] epoch 3/20  interaction=7663347.3801  marginal=0.9085
  [nplm/bilinear] epoch 4/20  interaction=9068740.2423  marginal=0.9077
  [nplm/bilinear] epoch 5/20  interaction=15622.5690  marginal=0.9080
  [nplm/bilinear] epoch 6/20  interaction=14448.8452  marginal=0.9091
  [nplm/bilinear] epoch 7/20  interaction=15060.9268  marginal=0.9089
  [nplm/bilinear] epoch 8/20  interaction=15090.0792  marginal=0.9085
  [nplm/bilinear] epoch 9/20  interaction=15528.5718  marginal=0.9079
  [nplm/bilinear] epoch 10/20  interaction=14547.4769  marginal=0.9081
  [nplm/bilinear] epoch 11/20  interaction=14777.2930  marginal=0.9082
  [nplm/bilinear] epoch 12/20  interaction=14616.7964  marginal=0.9087
  [nplm/bilinear] epoch 13/20  interaction=14700.3540  marginal=0.9085
  [nplm/bilinear] epoch 14/20  interaction=14052.8758  marginal=0.9083
  [nplm/bilinear] epoch 15/20  interaction=14365.9906  marginal=0.9089
  [nplm/bilinear] epoch 16/20  interaction=13423.6840  marginal=0.9084
  [nplm/bilinear] epoch 17/20  interaction=12949.8071  marginal=0.9086
  [nplm/bilinear] epoch 18/20  interaction=12831.4753  marginal=0.9087
  [nplm/bilinear] epoch 19/20  interaction=12731.5339  marginal=0.9088
  [nplm/bilinear] epoch 20/20  interaction=12841.2618  marginal=0.9083
  [nplm_bilinear_tau0.05_s0] select=0.1145 probe=0.7062 perevt=0.030
Using cache found in /home/pharris/.cache/torch/hub/chenyaofo_pytorch-cifar-models_master
  CIFAR two-view embedding-train images (no {4}): 49500
  [nplm/bilinear] epoch 1/20  interaction=60503919655.3148  marginal=0.7892
  [nplm/bilinear] epoch 2/20  interaction=2031335.8776  marginal=0.8024
  [nplm/bilinear] epoch 3/20  interaction=1120875.3773  marginal=0.8046
  [nplm/bilinear] epoch 4/20  interaction=1214691.5379  marginal=0.8057
  [nplm/bilinear] epoch 5/20  interaction=573867.1818  marginal=0.8063
  [nplm/bilinear] epoch 6/20  interaction=280805.0368  marginal=0.8078
  [nplm/bilinear] epoch 7/20  interaction=256039.5919  marginal=0.8076
  [nplm/bilinear] epoch 8/20  interaction=169528.9166  marginal=0.8077
  [nplm/bilinear] epoch 9/20  interaction=188771.5801  marginal=0.8081
  [nplm/bilinear] epoch 10/20  interaction=126891.4962  marginal=0.8083
  [nplm/bilinear] epoch 11/20  interaction=119921.8519  marginal=0.8097
  [nplm/bilinear] epoch 12/20  interaction=114152.7164  marginal=0.8098
  [nplm/bilinear] epoch 13/20  interaction=150266.7012  marginal=0.8094
  [nplm/bilinear] epoch 14/20  interaction=112697.9459  marginal=0.8108
  [nplm/bilinear] epoch 15/20  interaction=69393.7274  marginal=0.8106
  [nplm/bilinear] epoch 16/20  interaction=59348.0164  marginal=0.8106
  [nplm/bilinear] epoch 17/20  interaction=51351.9618  marginal=0.8113
  [nplm/bilinear] epoch 18/20  interaction=75288.3990  marginal=0.8115
  [nplm/bilinear] epoch 19/20  interaction=38826.1831  marginal=0.8120
  [nplm/bilinear] epoch 20/20  interaction=43717.4964  marginal=0.8121
  [nplm_bilinear_tau0.1_s0] select=0.1756 probe=0.7967 perevt=0.010
Using cache found in /home/pharris/.cache/torch/hub/chenyaofo_pytorch-cifar-models_master
  CIFAR two-view embedding-train images (no {4}): 49500
  [nplm/bilinear] epoch 1/20  interaction=309487991.4603  marginal=0.6938
  [nplm/bilinear] epoch 2/20  interaction=56141.3340  marginal=0.6999
  [nplm/bilinear] epoch 3/20  interaction=9753.9889  marginal=0.7011
  [nplm/bilinear] epoch 4/20  interaction=2396.4903  marginal=0.6994
  [nplm/bilinear] epoch 5/20  interaction=1127.9724  marginal=0.7003
  [nplm/bilinear] epoch 6/20  interaction=1122.5449  marginal=0.6998
  [nplm/bilinear] epoch 7/20  interaction=2044.9507  marginal=0.6989
  [nplm/bilinear] epoch 8/20  interaction=705.4623  marginal=0.6972
  [nplm/bilinear] epoch 9/20  interaction=1512.5699  marginal=0.6958
  [nplm/bilinear] epoch 10/20  interaction=572.0193  marginal=0.6956
  [nplm/bilinear] epoch 11/20  interaction=487.3551  marginal=0.6955
  [nplm/bilinear] epoch 12/20  interaction=476.8993  marginal=0.6941
  [nplm/bilinear] epoch 13/20  interaction=303.3300  marginal=0.6931
  [nplm/bilinear] epoch 14/20  interaction=346.8556  marginal=0.6932
  [nplm/bilinear] epoch 15/20  interaction=586.7070  marginal=0.6912
  [nplm/bilinear] epoch 16/20  interaction=219.1905  marginal=0.6905
  [nplm/bilinear] epoch 17/20  interaction=318.2952  marginal=0.6876
  [nplm/bilinear] epoch 18/20  interaction=190.7773  marginal=0.6878
  [nplm/bilinear] epoch 19/20  interaction=96263.3917  marginal=0.6887
  [nplm/bilinear] epoch 20/20  interaction=184.2792  marginal=0.6876
  [nplm_bilinear_tau0.3_s0] select=0.1690 probe=0.8174 perevt=0.040
Using cache found in /home/pharris/.cache/torch/hub/chenyaofo_pytorch-cifar-models_master
  CIFAR two-view embedding-train images (no {4}): 49500
  [nplm/bilinear] epoch 1/20  interaction=0.7240  marginal=0.5845
  [nplm/bilinear] epoch 2/20  interaction=-1.6836  marginal=0.4641
  [nplm/bilinear] epoch 3/20  interaction=-2.1273  marginal=0.4227
  [nplm/bilinear] epoch 4/20  interaction=-2.4853  marginal=0.3913
  [nplm/bilinear] epoch 5/20  interaction=-2.7947  marginal=0.3671
  [nplm/bilinear] epoch 6/20  interaction=-3.0280  marginal=0.3520
  [nplm/bilinear] epoch 7/20  interaction=-3.2346  marginal=0.3385
  [nplm/bilinear] epoch 8/20  interaction=-3.4132  marginal=0.3265
  [nplm/bilinear] epoch 9/20  interaction=-3.5802  marginal=0.3149
  [nplm/bilinear] epoch 10/20  interaction=-3.5693  marginal=0.3164
  [nplm/bilinear] epoch 11/20  interaction=-3.7079  marginal=0.3071
  [nplm/bilinear] epoch 12/20  interaction=-3.8570  marginal=0.2998
  [nplm/bilinear] epoch 13/20  interaction=-3.9159  marginal=0.2967
  [nplm/bilinear] epoch 14/20  interaction=-4.0066  marginal=0.2916
  [nplm/bilinear] epoch 15/20  interaction=-4.1323  marginal=0.2840
  [nplm/bilinear] epoch 16/20  interaction=-4.1859  marginal=0.2823
  [nplm/bilinear] epoch 17/20  interaction=-4.2937  marginal=0.2760
  [nplm/bilinear] epoch 18/20  interaction=-4.3336  marginal=0.2747
  [nplm/bilinear] epoch 19/20  interaction=-4.3807  marginal=0.2724
  [nplm/bilinear] epoch 20/20  interaction=-4.4381  marginal=0.2701
  [nplm_bilinear_tau1.0_s0] select=0.3705 probe=0.9193 perevt=0.080
Using cache found in /home/pharris/.cache/torch/hub/chenyaofo_pytorch-cifar-models_master
  CIFAR two-view embedding-train images (no {4}): 49500
  [nplm/bilinear] epoch 1/20  interaction=-2.2053  marginal=0.1953
  [nplm/bilinear] epoch 2/20  interaction=-3.2521  marginal=0.0917
  [nplm/bilinear] epoch 3/20  interaction=-3.6889  marginal=0.0688
  [nplm/bilinear] epoch 4/20  interaction=-3.8422  marginal=0.0611
  [nplm/bilinear] epoch 5/20  interaction=-4.0007  marginal=0.0545
  [nplm/bilinear] epoch 6/20  interaction=-4.2066  marginal=0.0458
  [nplm/bilinear] epoch 7/20  interaction=-4.3665  marginal=0.0408
  [nplm/bilinear] epoch 8/20  interaction=-4.4144  marginal=0.0393
  [nplm/bilinear] epoch 9/20  interaction=-4.4952  marginal=0.0371
  [nplm/bilinear] epoch 10/20  interaction=-4.5503  marginal=0.0355
  [nplm/bilinear] epoch 11/20  interaction=-4.6312  marginal=0.0330
  [nplm/bilinear] epoch 12/20  interaction=-4.6368  marginal=0.0335
  [nplm/bilinear] epoch 13/20  interaction=-4.6439  marginal=0.0332
  [nplm/bilinear] epoch 14/20  interaction=-4.7358  marginal=0.0308
  [nplm/bilinear] epoch 15/20  interaction=-4.7308  marginal=0.0309
  [nplm/bilinear] epoch 16/20  interaction=-4.7573  marginal=0.0304
  [nplm/bilinear] epoch 17/20  interaction=-4.8069  marginal=0.0288
  [nplm/bilinear] epoch 18/20  interaction=-4.8708  marginal=0.0274
  [nplm/bilinear] epoch 19/20  interaction=-4.8439  marginal=0.0284
  [nplm/bilinear] epoch 20/20  interaction=-4.9072  marginal=0.0267
  [nplm_bilinear_tau3.0_s0] select=0.3030 probe=0.8227 perevt=0.020
  nplm_bilinear: tuned tau=1.0  0.05:0.115 0.1:0.176 0.3:0.169 1.0:0.371 3.0:0.303

=== stage 2: dissociation at tuned vs default tau ===
Using cache found in /home/pharris/.cache/torch/hub/chenyaofo_pytorch-cifar-models_master
  CIFAR two-view embedding-train images (no {4}): 49500
  [supcon] epoch 1/20  loss=4.3040
  [supcon] epoch 2/20  loss=4.0259
  [supcon] epoch 3/20  loss=3.9323
  [supcon] epoch 4/20  loss=3.8804
  [supcon] epoch 5/20  loss=3.8280
  [supcon] epoch 6/20  loss=3.8048
  [supcon] epoch 7/20  loss=3.7703
  [supcon] epoch 8/20  loss=3.7507
  [supcon] epoch 9/20  loss=3.7350
  [supcon] epoch 10/20  loss=3.7037
  [supcon] epoch 11/20  loss=3.6853
  [supcon] epoch 12/20  loss=3.6645
  [supcon] epoch 13/20  loss=3.6523
  [supcon] epoch 14/20  loss=3.6508
  [supcon] epoch 15/20  loss=3.6297
  [supcon] epoch 16/20  loss=3.6199
  [supcon] epoch 17/20  loss=3.6006
  [supcon] epoch 18/20  loss=3.5912
  [supcon] epoch 19/20  loss=3.5861
  [supcon] epoch 20/20  loss=3.5705
  [supcon_tau0.1_s1] select=0.5666 probe=0.9309 perevt=0.000
Using cache found in /home/pharris/.cache/torch/hub/chenyaofo_pytorch-cifar-models_master
  CIFAR two-view embedding-train images (no {4}): 49500
  [supcon] epoch 1/20  loss=4.2877
  [supcon] epoch 2/20  loss=4.0106
  [supcon] epoch 3/20  loss=3.9401
  [supcon] epoch 4/20  loss=3.8797
  [supcon] epoch 5/20  loss=3.8343
  [supcon] epoch 6/20  loss=3.7978
  [supcon] epoch 7/20  loss=3.7709
  [supcon] epoch 8/20  loss=3.7435
  [supcon] epoch 9/20  loss=3.7313
  [supcon] epoch 10/20  loss=3.7140
  [supcon] epoch 11/20  loss=3.6909
  [supcon] epoch 12/20  loss=3.6808
  [supcon] epoch 13/20  loss=3.6537
  [supcon] epoch 14/20  loss=3.6402
  [supcon] epoch 15/20  loss=3.6344
  [supcon] epoch 16/20  loss=3.6219
  [supcon] epoch 17/20  loss=3.6058
  [supcon] epoch 18/20  loss=3.5893
  [supcon] epoch 19/20  loss=3.5824
  [supcon] epoch 20/20  loss=3.5695
  [supcon_tau0.1_s2] select=0.5671 probe=0.9382 perevt=0.000
Using cache found in /home/pharris/.cache/torch/hub/chenyaofo_pytorch-cifar-models_master
  CIFAR two-view embedding-train images (no {4}): 49500
  [softmax/cosine] epoch 1/20  interaction=4.3697  marginal=0.2309
  [softmax/cosine] epoch 2/20  interaction=4.1178  marginal=0.1122
  [softmax/cosine] epoch 3/20  interaction=4.0241  marginal=0.0973
  [softmax/cosine] epoch 4/20  interaction=3.9785  marginal=0.0906
  [softmax/cosine] epoch 5/20  interaction=3.9161  marginal=0.0852
  [softmax/cosine] epoch 6/20  interaction=3.8924  marginal=0.0831
  [softmax/cosine] epoch 7/20  interaction=3.8591  marginal=0.0812
  [softmax/cosine] epoch 8/20  interaction=3.8344  marginal=0.0786
  [softmax/cosine] epoch 9/20  interaction=3.8165  marginal=0.0795
  [softmax/cosine] epoch 10/20  interaction=3.7847  marginal=0.0769
  [softmax/cosine] epoch 11/20  interaction=3.7697  marginal=0.0738
  [softmax/cosine] epoch 12/20  interaction=3.7447  marginal=0.0747
  [softmax/cosine] epoch 13/20  interaction=3.7306  marginal=0.0716
  [softmax/cosine] epoch 14/20  interaction=3.7224  marginal=0.0720
  [softmax/cosine] epoch 15/20  interaction=3.7108  marginal=0.0722
  [softmax/cosine] epoch 16/20  interaction=3.6952  marginal=0.0705
  [softmax/cosine] epoch 17/20  interaction=3.6749  marginal=0.0687
  [softmax/cosine] epoch 18/20  interaction=3.6676  marginal=0.0694
  [softmax/cosine] epoch 19/20  interaction=3.6630  marginal=0.0693
  [softmax/cosine] epoch 20/20  interaction=3.6428  marginal=0.0667
  [supcon_sigreg_tau0.1_s1] select=0.5851 probe=0.8970 perevt=0.000
Using cache found in /home/pharris/.cache/torch/hub/chenyaofo_pytorch-cifar-models_master
  CIFAR two-view embedding-train images (no {4}): 49500
  [softmax/cosine] epoch 1/20  interaction=4.3434  marginal=0.2261
  [softmax/cosine] epoch 2/20  interaction=4.1010  marginal=0.1104
  [softmax/cosine] epoch 3/20  interaction=4.0324  marginal=0.0965
  [softmax/cosine] epoch 4/20  interaction=3.9686  marginal=0.0911
  [softmax/cosine] epoch 5/20  interaction=3.9162  marginal=0.0854
  [softmax/cosine] epoch 6/20  interaction=3.8843  marginal=0.0816
  [softmax/cosine] epoch 7/20  interaction=3.8561  marginal=0.0808
  [softmax/cosine] epoch 8/20  interaction=3.8246  marginal=0.0782
  [softmax/cosine] epoch 9/20  interaction=3.8089  marginal=0.0777
  [softmax/cosine] epoch 10/20  interaction=3.7980  marginal=0.0758
  [softmax/cosine] epoch 11/20  interaction=3.7723  marginal=0.0754
  [softmax/cosine] epoch 12/20  interaction=3.7622  marginal=0.0744
  [softmax/cosine] epoch 13/20  interaction=3.7344  marginal=0.0718
  [softmax/cosine] epoch 14/20  interaction=3.7166  marginal=0.0706
  [softmax/cosine] epoch 15/20  interaction=3.7074  marginal=0.0706
  [softmax/cosine] epoch 16/20  interaction=3.6963  marginal=0.0694
  [softmax/cosine] epoch 17/20  interaction=3.6822  marginal=0.0685
  [softmax/cosine] epoch 18/20  interaction=3.6645  marginal=0.0690
  [softmax/cosine] epoch 19/20  interaction=3.6597  marginal=0.0671
  [softmax/cosine] epoch 20/20  interaction=3.6413  marginal=0.0666
  [supcon_sigreg_tau0.1_s2] select=0.5831 probe=0.8802 perevt=0.000
Using cache found in /home/pharris/.cache/torch/hub/chenyaofo_pytorch-cifar-models_master
  CIFAR two-view embedding-train images (no {4}): 49500
  [nplm/distance] epoch 1/20  interaction=-0.2038  marginal=0.6514
  [nplm/distance] epoch 2/20  interaction=-0.2775  marginal=0.6262
  [nplm/distance] epoch 3/20  interaction=-0.2998  marginal=0.6129
  [nplm/distance] epoch 4/20  interaction=-0.3119  marginal=0.6074
  [nplm/distance] epoch 5/20  interaction=-0.3262  marginal=0.6031
  [nplm/distance] epoch 6/20  interaction=-0.3344  marginal=0.5985
  [nplm/distance] epoch 7/20  interaction=-0.3409  marginal=0.5951
  [nplm/distance] epoch 8/20  interaction=-0.3474  marginal=0.5912
  [nplm/distance] epoch 9/20  interaction=-0.3497  marginal=0.5905
  [nplm/distance] epoch 10/20  interaction=-0.3571  marginal=0.5853
  [nplm/distance] epoch 11/20  interaction=-0.3637  marginal=0.5850
  [nplm/distance] epoch 12/20  interaction=-0.3673  marginal=0.5812
  [nplm/distance] epoch 13/20  interaction=-0.3689  marginal=0.5819
  [nplm/distance] epoch 14/20  interaction=-0.3729  marginal=0.5797
  [nplm/distance] epoch 15/20  interaction=-0.3770  marginal=0.5766
  [nplm/distance] epoch 16/20  interaction=-0.3803  marginal=0.5767
  [nplm/distance] epoch 17/20  interaction=-0.3856  marginal=0.5735
  [nplm/distance] epoch 18/20  interaction=-0.3870  marginal=0.5736
  [nplm/distance] epoch 19/20  interaction=-0.3891  marginal=0.5689
  [nplm/distance] epoch 20/20  interaction=-0.3910  marginal=0.5669
  [nplm_sup_dist_tau1.0_s1] select=0.2718 probe=0.8062 perevt=0.030
Using cache found in /home/pharris/.cache/torch/hub/chenyaofo_pytorch-cifar-models_master
  CIFAR two-view embedding-train images (no {4}): 49500
  [nplm/distance] epoch 1/20  interaction=-0.2056  marginal=0.6492
  [nplm/distance] epoch 2/20  interaction=-0.2788  marginal=0.6251
  [nplm/distance] epoch 3/20  interaction=-0.3006  marginal=0.6145
  [nplm/distance] epoch 4/20  interaction=-0.3131  marginal=0.6080
  [nplm/distance] epoch 5/20  interaction=-0.3242  marginal=0.6028
  [nplm/distance] epoch 6/20  interaction=-0.3358  marginal=0.5988
  [nplm/distance] epoch 7/20  interaction=-0.3430  marginal=0.5963
  [nplm/distance] epoch 8/20  interaction=-0.3491  marginal=0.5923
  [nplm/distance] epoch 9/20  interaction=-0.3516  marginal=0.5909
  [nplm/distance] epoch 10/20  interaction=-0.3549  marginal=0.5866
  [nplm/distance] epoch 11/20  interaction=-0.3596  marginal=0.5849
  [nplm/distance] epoch 12/20  interaction=-0.3673  marginal=0.5825
  [nplm/distance] epoch 13/20  interaction=-0.3691  marginal=0.5795
  [nplm/distance] epoch 14/20  interaction=-0.3734  marginal=0.5799
  [nplm/distance] epoch 15/20  interaction=-0.3774  marginal=0.5753
  [nplm/distance] epoch 16/20  interaction=-0.3799  marginal=0.5767
  [nplm/distance] epoch 17/20  interaction=-0.3845  marginal=0.5749
  [nplm/distance] epoch 18/20  interaction=-0.3862  marginal=0.5705
  [nplm/distance] epoch 19/20  interaction=-0.3882  marginal=0.5723
  [nplm/distance] epoch 20/20  interaction=-0.3917  marginal=0.5721
  [nplm_sup_dist_tau1.0_s2] select=0.2794 probe=0.8299 perevt=0.010
Using cache found in /home/pharris/.cache/torch/hub/chenyaofo_pytorch-cifar-models_master
  CIFAR two-view embedding-train images (no {4}): 49500
  [nplm/distance] epoch 1/20  interaction=-0.2027  marginal=0.4217
  [nplm/distance] epoch 2/20  interaction=-0.2642  marginal=0.3936
  [nplm/distance] epoch 3/20  interaction=-0.2871  marginal=0.3814
  [nplm/distance] epoch 4/20  interaction=-0.2974  marginal=0.3739
  [nplm/distance] epoch 5/20  interaction=-0.3136  marginal=0.3693
  [nplm/distance] epoch 6/20  interaction=-0.3206  marginal=0.3655
  [nplm/distance] epoch 7/20  interaction=-0.3300  marginal=0.3606
  [nplm/distance] epoch 8/20  interaction=-0.3348  marginal=0.3566
  [nplm/distance] epoch 9/20  interaction=-0.3379  marginal=0.3521
  [nplm/distance] epoch 10/20  interaction=-0.3461  marginal=0.3486
  [nplm/distance] epoch 11/20  interaction=-0.3513  marginal=0.3505
  [nplm/distance] epoch 12/20  interaction=-0.3556  marginal=0.3483
  [nplm/distance] epoch 13/20  interaction=-0.3601  marginal=0.3415
  [nplm/distance] epoch 14/20  interaction=-0.3602  marginal=0.3429
  [nplm/distance] epoch 15/20  interaction=-0.3667  marginal=0.3397
  [nplm/distance] epoch 16/20  interaction=-0.3717  marginal=0.3376
  [nplm/distance] epoch 17/20  interaction=-0.3742  marginal=0.3380
  [nplm/distance] epoch 18/20  interaction=-0.3752  marginal=0.3361
  [nplm/distance] epoch 19/20  interaction=-0.3775  marginal=0.3337
  [nplm/distance] epoch 20/20  interaction=-0.3786  marginal=0.3323
  [nplm_sup_dist_tau3.0_s1] select=0.2975 probe=0.8082 perevt=0.010
Using cache found in /home/pharris/.cache/torch/hub/chenyaofo_pytorch-cifar-models_master
  CIFAR two-view embedding-train images (no {4}): 49500
  [nplm/distance] epoch 1/20  interaction=-0.2015  marginal=0.4213
  [nplm/distance] epoch 2/20  interaction=-0.2635  marginal=0.3940
  [nplm/distance] epoch 3/20  interaction=-0.2873  marginal=0.3819
  [nplm/distance] epoch 4/20  interaction=-0.3000  marginal=0.3719
  [nplm/distance] epoch 5/20  interaction=-0.3137  marginal=0.3678
  [nplm/distance] epoch 6/20  interaction=-0.3233  marginal=0.3614
  [nplm/distance] epoch 7/20  interaction=-0.3311  marginal=0.3604
  [nplm/distance] epoch 8/20  interaction=-0.3376  marginal=0.3576
  [nplm/distance] epoch 9/20  interaction=-0.3382  marginal=0.3539
  [nplm/distance] epoch 10/20  interaction=-0.3443  marginal=0.3497
  [nplm/distance] epoch 11/20  interaction=-0.3478  marginal=0.3467
  [nplm/distance] epoch 12/20  interaction=-0.3582  marginal=0.3441
  [nplm/distance] epoch 13/20  interaction=-0.3585  marginal=0.3433
  [nplm/distance] epoch 14/20  interaction=-0.3637  marginal=0.3405
  [nplm/distance] epoch 15/20  interaction=-0.3667  marginal=0.3362
  [nplm/distance] epoch 16/20  interaction=-0.3707  marginal=0.3396
  [nplm/distance] epoch 17/20  interaction=-0.3761  marginal=0.3352
  [nplm/distance] epoch 18/20  interaction=-0.3772  marginal=0.3323
  [nplm/distance] epoch 19/20  interaction=-0.3823  marginal=0.3334
  [nplm/distance] epoch 20/20  interaction=-0.3819  marginal=0.3328
  [nplm_sup_dist_tau3.0_s2] select=0.3021 probe=0.8621 perevt=0.010
Using cache found in /home/pharris/.cache/torch/hub/chenyaofo_pytorch-cifar-models_master
  CIFAR two-view embedding-train images (no {4}): 49500
  [nplm/bilinear] epoch 1/20  interaction=-0.3806  marginal=0.5744
  [nplm/bilinear] epoch 2/20  interaction=-2.1915  marginal=0.4218
  [nplm/bilinear] epoch 3/20  interaction=-2.7911  marginal=0.3701
  [nplm/bilinear] epoch 4/20  interaction=-2.8281  marginal=0.3663
  [nplm/bilinear] epoch 5/20  interaction=-3.2357  marginal=0.3390
  [nplm/bilinear] epoch 6/20  interaction=-3.5327  marginal=0.3208
  [nplm/bilinear] epoch 7/20  interaction=-3.7196  marginal=0.3096
  [nplm/bilinear] epoch 8/20  interaction=-3.8586  marginal=0.3017
  [nplm/bilinear] epoch 9/20  interaction=-3.9630  marginal=0.2955
  [nplm/bilinear] epoch 10/20  interaction=-4.0389  marginal=0.2921
  [nplm/bilinear] epoch 11/20  interaction=-4.1619  marginal=0.2849
  [nplm/bilinear] epoch 12/20  interaction=-4.1387  marginal=0.2863
  [nplm/bilinear] epoch 13/20  interaction=-4.2137  marginal=0.2829
  [nplm/bilinear] epoch 14/20  interaction=-4.2742  marginal=0.2792
  [nplm/bilinear] epoch 15/20  interaction=-4.3765  marginal=0.2746
  [nplm/bilinear] epoch 16/20  interaction=-4.4127  marginal=0.2733
  [nplm/bilinear] epoch 17/20  interaction=-4.4838  marginal=0.2694
  [nplm/bilinear] epoch 18/20  interaction=-4.2757  marginal=0.2789
  [nplm/bilinear] epoch 19/20  interaction=-3.8706  marginal=0.3013
  [nplm/bilinear] epoch 20/20  interaction=-4.3102  marginal=0.2781
  [nplm_bilinear_tau1.0_s1] select=0.3178 probe=0.8789 perevt=0.060
Using cache found in /home/pharris/.cache/torch/hub/chenyaofo_pytorch-cifar-models_master
  CIFAR two-view embedding-train images (no {4}): 49500
  [nplm/bilinear] epoch 1/20  interaction=-1.0857  marginal=0.5182
  [nplm/bilinear] epoch 2/20  interaction=-2.3554  marginal=0.4136
  [nplm/bilinear] epoch 3/20  interaction=-2.9420  marginal=0.3656
  [nplm/bilinear] epoch 4/20  interaction=-3.3324  marginal=0.3380
  [nplm/bilinear] epoch 5/20  interaction=-3.5711  marginal=0.3218
  [nplm/bilinear] epoch 6/20  interaction=-3.7930  marginal=0.3078
  [nplm/bilinear] epoch 7/20  interaction=-3.8605  marginal=0.3047
  [nplm/bilinear] epoch 8/20  interaction=-4.0464  marginal=0.2943
  [nplm/bilinear] epoch 9/20  interaction=-4.1951  marginal=0.2851
  [nplm/bilinear] epoch 10/20  interaction=-4.2681  marginal=0.2815
  [nplm/bilinear] epoch 11/20  interaction=-4.3430  marginal=0.2780
  [nplm/bilinear] epoch 12/20  interaction=-4.4377  marginal=0.2732
  [nplm/bilinear] epoch 13/20  interaction=-4.4888  marginal=0.2705
  [nplm/bilinear] epoch 14/20  interaction=-4.4733  marginal=0.2720
  [nplm/bilinear] epoch 15/20  interaction=-4.4258  marginal=0.2733
  [nplm/bilinear] epoch 16/20  interaction=-4.5345  marginal=0.2693
  [nplm/bilinear] epoch 17/20  interaction=-4.5528  marginal=0.2683
  [nplm/bilinear] epoch 18/20  interaction=-4.5998  marginal=0.2657
  [nplm/bilinear] epoch 19/20  interaction=-4.6578  marginal=0.2634
  [nplm/bilinear] epoch 20/20  interaction=-4.6888  marginal=0.2621
  [nplm_bilinear_tau1.0_s2] select=0.3193 probe=0.8891 perevt=0.040

arm                tau    probe   mahaT  perevt
supcon (default)   0.1   0.9331   0.344   0.000
supcon (tuned)     0.1   0.9331   0.344   0.000
supcon_sigreg (default)   0.1   0.8774   0.412   0.000
supcon_sigreg (tuned)   0.1   0.8774   0.412   0.000
nplm_sup_dist (default)   1.0   0.8262   0.334   0.033
nplm_sup_dist (tuned)   3.0   0.8477   0.344   0.013
nplm_bilinear (default)   1.0   0.8958   0.520   0.060
nplm_bilinear (tuned)   1.0   0.8958   0.520   0.060

Falsifier check: if the softmax arms' perevt is now comparable to the NPLM arms', the dissociation was a statement about defaults.
