/home/pharris/venv/lib64/python3.9/site-packages/networkx/utils/backends.py:135: RuntimeWarning: networkx backend defined more than once: nx-loopback
  backends.update(_get_backends("networkx.backends"))

######## flowers:dino_h1_d1: holdouts=[56] ########

  --- frozen: pre probe=0.9962 eucl=0.8938 mahaT=0.8283 perevt=0.426
  [sigreg+proto] epoch 1/5  sigreg=0.1985  proto=2.6323  min_dist=10.64  mean_dist=25.33
  [sigreg+proto] epoch 2/5  sigreg=0.1963  proto=1.2158  min_dist=10.66  mean_dist=25.27
  [sigreg+proto] epoch 3/5  sigreg=0.1964  proto=1.9793  min_dist=10.69  mean_dist=25.22
  [sigreg+proto] epoch 4/5  sigreg=0.1935  proto=1.4081  min_dist=10.72  mean_dist=25.17
  [sigreg+proto] epoch 5/5  sigreg=0.2022  proto=2.9649  min_dist=10.72  mean_dist=25.12
  round 1: pool=115 purity=0.122 k-hat=3 anchors=3  margin=0.9907  mean-anchor=0.9912  56=0.991
  [sigreg+proto] epoch 1/5  sigreg=0.2033  proto=2.3041  min_dist=7.13  mean_dist=24.89
  [sigreg+proto] epoch 2/5  sigreg=0.2037  proto=3.3151  min_dist=7.12  mean_dist=24.83
  [sigreg+proto] epoch 3/5  sigreg=0.1915  proto=2.4344  min_dist=7.11  mean_dist=24.77
  [sigreg+proto] epoch 4/5  sigreg=0.2041  proto=3.0620  min_dist=7.10  mean_dist=24.73
  [sigreg+proto] epoch 5/5  sigreg=0.2057  proto=3.6175  min_dist=7.10  mean_dist=24.68
  round 2: pool=104 purity=0.029 k-hat=3 anchors=6  margin=0.9863  mean-anchor=0.9910  56=0.991
    [dist frozen     ] purity r1=0.122 r2=0.029  probe 0.996->0.996  eucl 0.894->0.894  perevt 0.426->0.426  drift 0.000
  [sigreg+proto] epoch 1/5  sigreg=0.2055  proto=3.0841  min_dist=10.64  mean_dist=25.33
  [sigreg+proto] epoch 2/5  sigreg=0.2085  proto=1.7256  min_dist=10.66  mean_dist=25.28
  [sigreg+proto] epoch 3/5  sigreg=0.2091  proto=2.2254  min_dist=10.67  mean_dist=25.23
  [sigreg+proto] epoch 4/5  sigreg=0.2046  proto=1.7157  min_dist=10.67  mean_dist=25.19
  [sigreg+proto] epoch 5/5  sigreg=0.2124  proto=3.2594  min_dist=10.68  mean_dist=25.15
  round 1: pool=115 purity=0.122 k-hat=3 anchors=3  margin=0.9906  mean-anchor=0.9909  56=0.991
  [sigreg+proto] epoch 1/5  sigreg=0.2074  proto=2.7313  min_dist=6.64  mean_dist=24.91
  [sigreg+proto] epoch 2/5  sigreg=0.2161  proto=3.5551  min_dist=6.63  mean_dist=24.86
  [sigreg+proto] epoch 3/5  sigreg=0.2014  proto=2.6522  min_dist=6.63  mean_dist=24.82
  [sigreg+proto] epoch 4/5  sigreg=0.2184  proto=3.7514  min_dist=6.62  mean_dist=24.77
  [sigreg+proto] epoch 5/5  sigreg=0.2131  proto=4.0624  min_dist=6.63  mean_dist=24.73
  round 2: pool=104 purity=0.029 k-hat=3 anchors=6  margin=0.9865  mean-anchor=0.9918  56=0.992
    [dist corpus-norm] purity r1=0.122 r2=0.029  probe 0.996->0.990  eucl 0.894->0.893  perevt 0.426->0.426  drift 0.024
  [sigreg+proto] epoch 1/5  sigreg=0.1992  proto=3.6984  min_dist=11.11  mean_dist=25.46
  [sigreg+proto] epoch 2/5  sigreg=0.1953  proto=3.5866  min_dist=11.12  mean_dist=25.40
  [sigreg+proto] epoch 3/5  sigreg=0.1958  proto=1.9803  min_dist=11.13  mean_dist=25.34
  [sigreg+proto] epoch 4/5  sigreg=0.2072  proto=6.1106  min_dist=11.14  mean_dist=25.29
  [sigreg+proto] epoch 5/5  sigreg=0.2027  proto=3.2970  min_dist=11.15  mean_dist=25.24
  round 1: pool=121 purity=0.165 k-hat=2 anchors=2  margin=0.9990  mean-anchor=0.9600  56=0.960
  [sigreg+proto] epoch 1/5  sigreg=0.2029  proto=8.0250  min_dist=5.06  mean_dist=25.21
  [sigreg+proto] epoch 2/5  sigreg=0.2075  proto=4.6379  min_dist=5.07  mean_dist=25.16
  [sigreg+proto] epoch 3/5  sigreg=0.1998  proto=4.0963  min_dist=5.09  mean_dist=25.12
  [sigreg+proto] epoch 4/5  sigreg=0.2052  proto=8.6450  min_dist=5.11  mean_dist=25.07
  [sigreg+proto] epoch 5/5  sigreg=0.2039  proto=5.6313  min_dist=5.12  mean_dist=25.03
  round 2: pool=121 purity=0.165 k-hat=3 anchors=5  margin=0.9986  mean-anchor=0.9830  56=0.983
    [np   frozen     ] purity r1=0.165 r2=0.165  probe 0.996->0.996  eucl 0.894->0.894  perevt 0.426->0.426  drift 0.000
  [sigreg+proto] epoch 1/5  sigreg=0.2151  proto=3.9006  min_dist=11.10  mean_dist=25.46
  [sigreg+proto] epoch 2/5  sigreg=0.2075  proto=3.9884  min_dist=11.10  mean_dist=25.41
  [sigreg+proto] epoch 3/5  sigreg=0.2057  proto=2.1813  min_dist=11.10  mean_dist=25.36
  [sigreg+proto] epoch 4/5  sigreg=0.2173  proto=6.5246  min_dist=11.09  mean_dist=25.32
  [sigreg+proto] epoch 5/5  sigreg=0.2080  proto=3.4483  min_dist=11.09  mean_dist=25.28
  round 1: pool=121 purity=0.165 k-hat=2 anchors=2  margin=0.9989  mean-anchor=0.9629  56=0.963
  [sigreg+proto] epoch 1/5  sigreg=0.2104  proto=4.6241  min_dist=7.63  mean_dist=25.24
  [sigreg+proto] epoch 2/5  sigreg=0.2059  proto=10.5939  min_dist=7.64  mean_dist=25.19
  [sigreg+proto] epoch 3/5  sigreg=0.2139  proto=7.1167  min_dist=7.65  mean_dist=25.15
  [sigreg+proto] epoch 4/5  sigreg=0.2143  proto=7.1205  min_dist=7.66  mean_dist=25.11
  [sigreg+proto] epoch 5/5  sigreg=0.2096  proto=6.9059  min_dist=7.67  mean_dist=25.07
  round 2: pool=121 purity=0.165 k-hat=4 anchors=6  margin=0.9983  mean-anchor=0.9948  56=0.995
    [np   corpus-norm] purity r1=0.165 r2=0.165  probe 0.996->0.980  eucl 0.894->0.893  perevt 0.426->0.426  drift 0.030

===== EXP135 SUMMARY_h1_d1 (paired frozen vs corpus-norm; gate 0.15) =====
  cell|arm|scorer                              r1  r2 frz   r2 cn    d r2    probe frz/cn  drift
  flowers:dino|frozen|dist                0.122   0.029   0.029  +0.000   0.996/0.990    0.024
  flowers:dino|frozen|np                  0.165   0.165   0.165  +0.000   0.996/0.980    0.030

wrote logs/exp135/corpus_norm_flowers-dino_frozen_h1_d1.json
EXP135 DONE.
