/home/pharris/venv/lib64/python3.9/site-packages/networkx/utils/backends.py:135: RuntimeWarning: networkx backend defined more than once: nx-loopback
  backends.update(_get_backends("networkx.backends"))

######## flowers:lejepa_h1_d1: holdouts=[56] ########

  --- frozen: pre probe=0.9652 eucl=0.7978 mahaT=0.7151 perevt=0.213
  [sigreg+proto] epoch 1/5  sigreg=0.2248  proto=7.3921  min_dist=10.23  mean_dist=26.55
  [sigreg+proto] epoch 2/5  sigreg=0.2232  proto=7.7440  min_dist=10.23  mean_dist=26.52
  [sigreg+proto] epoch 3/5  sigreg=0.2394  proto=7.2865  min_dist=10.22  mean_dist=26.49
  [sigreg+proto] epoch 4/5  sigreg=0.2200  proto=6.7452  min_dist=10.22  mean_dist=26.47
  [sigreg+proto] epoch 5/5  sigreg=0.2176  proto=7.1272  min_dist=10.22  mean_dist=26.44
  round 1: pool=105 purity=0.038 k-hat=2 anchors=2  margin=0.8239  mean-anchor=0.7793  56=0.779
    merged 5 -> 4 anchors
  [sigreg+proto] epoch 1/5  sigreg=0.2306  proto=7.9306  min_dist=6.07  mean_dist=26.36
  [sigreg+proto] epoch 2/5  sigreg=0.2278  proto=6.7799  min_dist=6.07  mean_dist=26.33
  [sigreg+proto] epoch 3/5  sigreg=0.2232  proto=6.8068  min_dist=6.08  mean_dist=26.31
  [sigreg+proto] epoch 4/5  sigreg=0.2333  proto=5.2414  min_dist=6.09  mean_dist=26.28
  [sigreg+proto] epoch 5/5  sigreg=0.2337  proto=8.9204  min_dist=6.09  mean_dist=26.26
  round 2: pool=104 purity=0.029 k-hat=3 anchors=4  margin=0.8013  mean-anchor=0.7574  56=0.757
    [dist frozen     ] purity r1=0.038 r2=0.029  probe 0.965->0.965  eucl 0.798->0.798  perevt 0.213->0.213  drift 0.000
  [sigreg+proto] epoch 1/5  sigreg=0.2279  proto=9.7427  min_dist=10.24  mean_dist=26.55
  [sigreg+proto] epoch 2/5  sigreg=0.2386  proto=8.9134  min_dist=10.23  mean_dist=26.52
  [sigreg+proto] epoch 3/5  sigreg=0.2598  proto=8.6134  min_dist=10.23  mean_dist=26.50
  [sigreg+proto] epoch 4/5  sigreg=0.2317  proto=8.1309  min_dist=10.23  mean_dist=26.48
  [sigreg+proto] epoch 5/5  sigreg=0.2438  proto=8.9971  min_dist=10.23  mean_dist=26.46
  round 1: pool=105 purity=0.038 k-hat=2 anchors=2  margin=0.8277  mean-anchor=0.7932  56=0.793
  [sigreg+proto] epoch 1/5  sigreg=0.2434  proto=11.2833  min_dist=3.43  mean_dist=26.34
  [sigreg+proto] epoch 2/5  sigreg=0.2478  proto=8.9491  min_dist=3.44  mean_dist=26.31
  [sigreg+proto] epoch 3/5  sigreg=0.2414  proto=8.2965  min_dist=3.44  mean_dist=26.29
  [sigreg+proto] epoch 4/5  sigreg=0.2386  proto=6.7079  min_dist=3.44  mean_dist=26.27
  [sigreg+proto] epoch 5/5  sigreg=0.2397  proto=10.9551  min_dist=3.45  mean_dist=26.25
  round 2: pool=104 purity=0.029 k-hat=2 anchors=4  margin=0.8215  mean-anchor=0.7894  56=0.789
    [dist corpus-norm] purity r1=0.038 r2=0.029  probe 0.965->0.952  eucl 0.798->0.798  perevt 0.213->0.213  drift 0.025
  [sigreg+proto] epoch 1/5  sigreg=0.2298  proto=6.2697  min_dist=10.23  mean_dist=26.54
  [sigreg+proto] epoch 2/5  sigreg=0.2240  proto=6.5560  min_dist=10.22  mean_dist=26.51
  [sigreg+proto] epoch 3/5  sigreg=0.2203  proto=9.0539  min_dist=10.21  mean_dist=26.48
  [sigreg+proto] epoch 4/5  sigreg=0.2131  proto=8.2276  min_dist=10.21  mean_dist=26.45
  [sigreg+proto] epoch 5/5  sigreg=0.2239  proto=4.8493  min_dist=10.21  mean_dist=26.43
  round 1: pool=120 purity=0.158 k-hat=1 anchors=1  margin=0.9780  mean-anchor=0.9050  56=0.905
  [sigreg+proto] epoch 1/5  sigreg=0.2192  proto=6.0519  min_dist=6.50  mean_dist=26.22
  [sigreg+proto] epoch 2/5  sigreg=0.2291  proto=7.9179  min_dist=6.50  mean_dist=26.19
  [sigreg+proto] epoch 3/5  sigreg=0.2254  proto=6.0763  min_dist=6.50  mean_dist=26.16
  [sigreg+proto] epoch 4/5  sigreg=0.2226  proto=6.1223  min_dist=6.50  mean_dist=26.14
  [sigreg+proto] epoch 5/5  sigreg=0.2382  proto=6.2211  min_dist=6.51  mean_dist=26.12
  round 2: pool=121 purity=0.165 k-hat=2 anchors=3  margin=0.9842  mean-anchor=0.8294  56=0.829
    [np   frozen     ] purity r1=0.158 r2=0.165  probe 0.965->0.965  eucl 0.798->0.798  perevt 0.213->0.213  drift 0.000
  [sigreg+proto] epoch 1/5  sigreg=0.2497  proto=7.9421  min_dist=10.23  mean_dist=26.54
  [sigreg+proto] epoch 2/5  sigreg=0.2390  proto=7.8265  min_dist=10.21  mean_dist=26.51
  [sigreg+proto] epoch 3/5  sigreg=0.2281  proto=11.1037  min_dist=10.20  mean_dist=26.48
  [sigreg+proto] epoch 4/5  sigreg=0.2215  proto=10.0884  min_dist=10.19  mean_dist=26.46
  [sigreg+proto] epoch 5/5  sigreg=0.2339  proto=6.8340  min_dist=10.18  mean_dist=26.44
  round 1: pool=120 purity=0.158 k-hat=1 anchors=1  margin=0.9767  mean-anchor=0.9012  56=0.901
  [sigreg+proto] epoch 1/5  sigreg=0.2242  proto=7.0942  min_dist=6.55  mean_dist=26.23
  [sigreg+proto] epoch 2/5  sigreg=0.2404  proto=9.6817  min_dist=6.55  mean_dist=26.20
  [sigreg+proto] epoch 3/5  sigreg=0.2375  proto=8.3620  min_dist=6.55  mean_dist=26.18
  [sigreg+proto] epoch 4/5  sigreg=0.2309  proto=7.1699  min_dist=6.56  mean_dist=26.16
  [sigreg+proto] epoch 5/5  sigreg=0.2682  proto=9.4983  min_dist=6.56  mean_dist=26.14
  round 2: pool=121 purity=0.165 k-hat=2 anchors=3  margin=0.9766  mean-anchor=0.9040  56=0.904
    [np   corpus-norm] purity r1=0.158 r2=0.165  probe 0.965->0.975  eucl 0.798->0.798  perevt 0.213->0.213  drift 0.025

===== EXP135 SUMMARY_h1_d1 (paired frozen vs corpus-norm; gate 0.15) =====
  cell|arm|scorer                              r1  r2 frz   r2 cn    d r2    probe frz/cn  drift
  flowers:lejepa|frozen|dist              0.038   0.029   0.029  +0.000   0.965/0.952    0.025
  flowers:lejepa|frozen|np                0.158   0.165   0.165  +0.000   0.965/0.975    0.025

wrote logs/exp135/corpus_norm_flowers-lejepa_frozen_h1_d1.json
EXP135 DONE.
