/home/pharris/venv/lib64/python3.9/site-packages/networkx/utils/backends.py:135: RuntimeWarning: networkx backend defined more than once: nx-loopback
  backends.update(_get_backends("networkx.backends"))

######## galaxy10:lejepa_h1_d8: holdouts=[3] ########
Fetching 37 files:   0%|          | 0/37 [00:00<?, ?it/s]Fetching 37 files: 100%|██████████| 37/37 [00:00<00:00, 363440.86it/s]

  --- supcon-ft: pre probe=0.9616 eucl=0.6236 mahaT=0.6050 perevt=0.083   [archived unfrozen post probe 0.9690]
  [sigreg+proto] epoch 1/5  sigreg=0.3029  proto=2.4525  min_dist=4.10  mean_dist=14.43
  [sigreg+proto] epoch 2/5  sigreg=0.2906  proto=2.5533  min_dist=4.17  mean_dist=14.47
  [sigreg+proto] epoch 3/5  sigreg=0.2953  proto=2.4538  min_dist=4.24  mean_dist=14.51
  [sigreg+proto] epoch 4/5  sigreg=0.3014  proto=2.7582  min_dist=4.32  mean_dist=14.54
  [sigreg+proto] epoch 5/5  sigreg=0.3052  proto=2.6799  min_dist=4.39  mean_dist=14.58
  round 1: pool=252 purity=0.687 k-hat=4 anchors=4  margin=0.9169  mean-anchor=0.8723  3=0.872
    merged 8 -> 4 anchors
  [sigreg+proto] epoch 1/5  sigreg=0.2881  proto=2.2054  min_dist=4.06  mean_dist=14.63
  [sigreg+proto] epoch 2/5  sigreg=0.3047  proto=2.6179  min_dist=4.14  mean_dist=14.67
  [sigreg+proto] epoch 3/5  sigreg=0.2915  proto=3.4153  min_dist=4.22  mean_dist=14.70
  [sigreg+proto] epoch 4/5  sigreg=0.2940  proto=3.1007  min_dist=4.30  mean_dist=14.74
  [sigreg+proto] epoch 5/5  sigreg=0.2936  proto=2.2554  min_dist=4.37  mean_dist=14.78
  round 2: pool=248 purity=0.681 k-hat=4 anchors=4  margin=0.9163  mean-anchor=0.8731  3=0.873
    [np   frozen     ] purity r1=0.687 r2=0.681  probe 0.962->0.962  eucl 0.624->0.624  perevt 0.083->0.083  drift 0.000
  [sigreg+proto] epoch 1/5  sigreg=0.3249  proto=2.9292  min_dist=4.10  mean_dist=14.43
  [sigreg+proto] epoch 2/5  sigreg=0.3164  proto=3.0474  min_dist=4.17  mean_dist=14.47
  [sigreg+proto] epoch 3/5  sigreg=0.3164  proto=2.8973  min_dist=4.24  mean_dist=14.52
  [sigreg+proto] epoch 4/5  sigreg=0.3245  proto=3.2465  min_dist=4.32  mean_dist=14.56
  [sigreg+proto] epoch 5/5  sigreg=0.3281  proto=3.2006  min_dist=4.39  mean_dist=14.60
  round 1: pool=252 purity=0.687 k-hat=4 anchors=4  margin=0.9175  mean-anchor=0.8757  3=0.876
    merged 7 -> 4 anchors
  [sigreg+proto] epoch 1/5  sigreg=0.3036  proto=2.4262  min_dist=3.91  mean_dist=14.51
  [sigreg+proto] epoch 2/5  sigreg=0.3135  proto=2.8456  min_dist=3.99  mean_dist=14.55
  [sigreg+proto] epoch 3/5  sigreg=0.3029  proto=3.8149  min_dist=4.07  mean_dist=14.59
  [sigreg+proto] epoch 4/5  sigreg=0.3049  proto=3.4277  min_dist=4.15  mean_dist=14.63
  [sigreg+proto] epoch 5/5  sigreg=0.3040  proto=2.4119  min_dist=4.22  mean_dist=14.67
  round 2: pool=252 purity=0.687 k-hat=3 anchors=4  margin=0.9104  mean-anchor=0.8700  3=0.870
    [np   corpus-norm] purity r1=0.687 r2=0.687  probe 0.962->0.958  eucl 0.624->0.618  perevt 0.083->0.084  drift 0.124
Fetching 37 files:   0%|          | 0/37 [00:00<?, ?it/s]Fetching 37 files: 100%|██████████| 37/37 [00:00<00:00, 34976.17it/s]

  --- ss-ft: pre probe=0.9360 eucl=0.6468 mahaT=0.6661 perevt=0.074   [archived unfrozen post probe 0.9052]
  [sigreg+proto] epoch 1/5  sigreg=0.6064  proto=17.6401  min_dist=4.06  mean_dist=28.32
  [sigreg+proto] epoch 2/5  sigreg=0.6256  proto=22.9741  min_dist=4.12  mean_dist=28.29
  [sigreg+proto] epoch 3/5  sigreg=0.6032  proto=17.3840  min_dist=4.17  mean_dist=28.27
  [sigreg+proto] epoch 4/5  sigreg=0.6410  proto=20.5763  min_dist=4.22  mean_dist=28.25
  [sigreg+proto] epoch 5/5  sigreg=0.5766  proto=17.5120  min_dist=4.28  mean_dist=28.22
  round 1: pool=167 purity=0.527 k-hat=4 anchors=4  margin=0.8230  mean-anchor=0.8439  3=0.844
    merged 8 -> 5 anchors
  [sigreg+proto] epoch 1/5  sigreg=0.5641  proto=17.0577  min_dist=4.60  mean_dist=28.02
  [sigreg+proto] epoch 2/5  sigreg=0.6388  proto=20.4520  min_dist=4.66  mean_dist=27.99
  [sigreg+proto] epoch 3/5  sigreg=0.6374  proto=22.5861  min_dist=4.72  mean_dist=27.97
  [sigreg+proto] epoch 4/5  sigreg=0.5827  proto=17.4808  min_dist=4.78  mean_dist=27.95
  [sigreg+proto] epoch 5/5  sigreg=0.6091  proto=20.9878  min_dist=4.84  mean_dist=27.92
  round 2: pool=202 purity=0.609 k-hat=4 anchors=5  margin=0.8516  mean-anchor=0.8393  3=0.839
    [np   frozen     ] purity r1=0.527 r2=0.609  probe 0.936->0.936  eucl 0.647->0.647  perevt 0.074->0.074  drift 0.000
  [sigreg+proto] epoch 1/5  sigreg=0.8560  proto=22.5470  min_dist=4.06  mean_dist=28.32
  [sigreg+proto] epoch 2/5  sigreg=0.8853  proto=27.6326  min_dist=4.12  mean_dist=28.29
  [sigreg+proto] epoch 3/5  sigreg=0.8547  proto=22.4626  min_dist=4.17  mean_dist=28.28
  [sigreg+proto] epoch 4/5  sigreg=0.9002  proto=25.5323  min_dist=4.22  mean_dist=28.26
  [sigreg+proto] epoch 5/5  sigreg=0.8447  proto=23.1986  min_dist=4.28  mean_dist=28.24
  round 1: pool=167 purity=0.527 k-hat=4 anchors=4  margin=0.8149  mean-anchor=0.7569  3=0.757
    merged 8 -> 6 anchors
  [sigreg+proto] epoch 1/5  sigreg=0.8259  proto=20.3050  min_dist=3.99  mean_dist=27.04
  [sigreg+proto] epoch 2/5  sigreg=0.8312  proto=18.7563  min_dist=4.03  mean_dist=27.02
  [sigreg+proto] epoch 3/5  sigreg=0.8253  proto=20.7811  min_dist=4.06  mean_dist=27.01
  [sigreg+proto] epoch 4/5  sigreg=0.8905  proto=20.5338  min_dist=4.10  mean_dist=27.00
  [sigreg+proto] epoch 5/5  sigreg=0.8090  proto=18.1305  min_dist=4.14  mean_dist=26.98
  round 2: pool=173 purity=0.543 k-hat=4 anchors=6  margin=0.8250  mean-anchor=0.6671  3=0.667
    [np   corpus-norm] purity r1=0.527 r2=0.543  probe 0.936->0.937  eucl 0.647->0.635  perevt 0.074->0.056  drift 0.200
Fetching 37 files:   0%|          | 0/37 [00:00<?, ?it/s]Fetching 37 files: 100%|██████████| 37/37 [00:00<00:00, 6461.91it/s]

  --- nplm-sup-ft: pre probe=0.8892 eucl=0.6269 mahaT=0.4656 perevt=0.178   [archived unfrozen post probe 0.9118]
  [sigreg+proto] epoch 1/5  sigreg=0.5199  proto=2.4775  min_dist=1.31  mean_dist=11.49
  [sigreg+proto] epoch 2/5  sigreg=0.5186  proto=2.8383  min_dist=1.41  mean_dist=11.52
  [sigreg+proto] epoch 3/5  sigreg=0.5186  proto=3.2034  min_dist=1.50  mean_dist=11.55
  [sigreg+proto] epoch 4/5  sigreg=0.5161  proto=2.8362  min_dist=1.60  mean_dist=11.59
  [sigreg+proto] epoch 5/5  sigreg=0.5201  proto=2.8755  min_dist=1.69  mean_dist=11.63
  round 1: pool=219 purity=0.639 k-hat=3 anchors=3  margin=0.8422  mean-anchor=0.7502  3=0.750
    merged 5 -> 3 anchors
  [sigreg+proto] epoch 1/5  sigreg=0.5127  proto=2.9593  min_dist=1.76  mean_dist=11.58
  [sigreg+proto] epoch 2/5  sigreg=0.5188  proto=2.8280  min_dist=1.86  mean_dist=11.62
  [sigreg+proto] epoch 3/5  sigreg=0.5216  proto=2.9313  min_dist=1.96  mean_dist=11.66
  [sigreg+proto] epoch 4/5  sigreg=0.5148  proto=2.9280  min_dist=2.06  mean_dist=11.70
  [sigreg+proto] epoch 5/5  sigreg=0.5240  proto=2.7009  min_dist=2.15  mean_dist=11.73
  round 2: pool=208 purity=0.620 k-hat=2 anchors=3  margin=0.8493  mean-anchor=0.7649  3=0.765
    [np   frozen     ] purity r1=0.639 r2=0.620  probe 0.889->0.889  eucl 0.627->0.627  perevt 0.178->0.178  drift 0.000
  [sigreg+proto] epoch 1/5  sigreg=0.5170  proto=3.0824  min_dist=1.31  mean_dist=11.48
  [sigreg+proto] epoch 2/5  sigreg=0.5130  proto=3.4094  min_dist=1.41  mean_dist=11.52
  [sigreg+proto] epoch 3/5  sigreg=0.5116  proto=3.8842  min_dist=1.50  mean_dist=11.55
  [sigreg+proto] epoch 4/5  sigreg=0.5131  proto=3.4659  min_dist=1.60  mean_dist=11.59
  [sigreg+proto] epoch 5/5  sigreg=0.5131  proto=3.4396  min_dist=1.69  mean_dist=11.62
  round 1: pool=219 purity=0.639 k-hat=3 anchors=3  margin=0.8482  mean-anchor=0.8081  3=0.808
    merged 5 -> 3 anchors
  [sigreg+proto] epoch 1/5  sigreg=0.5043  proto=3.4550  min_dist=1.60  mean_dist=11.61
  [sigreg+proto] epoch 2/5  sigreg=0.5067  proto=3.3765  min_dist=1.70  mean_dist=11.64
  [sigreg+proto] epoch 3/5  sigreg=0.5087  proto=3.3855  min_dist=1.80  mean_dist=11.68
  [sigreg+proto] epoch 4/5  sigreg=0.5029  proto=3.5467  min_dist=1.89  mean_dist=11.72
  [sigreg+proto] epoch 5/5  sigreg=0.5142  proto=3.2157  min_dist=1.98  mean_dist=11.75
  round 2: pool=211 purity=0.626 k-hat=2 anchors=3  margin=0.8585  mean-anchor=0.7966  3=0.797
    [np   corpus-norm] purity r1=0.639 r2=0.626  probe 0.889->0.902  eucl 0.627->0.638  perevt 0.178->0.171  drift 0.135

===== EXP135 SUMMARY_h1_d8 (paired frozen vs corpus-norm; gate 0.15) =====
  cell|arm|scorer                              r1  r2 frz   r2 cn    d r2    probe frz/cn  drift
  galaxy10:lejepa|supcon-ft|np              0.687   0.681   0.687  +0.005   0.962/0.958    0.124
  galaxy10:lejepa|ss-ft|np                  0.527   0.609   0.543  -0.066   0.936/0.937    0.200
  galaxy10:lejepa|nplm-sup-ft|np            0.639   0.620   0.626  +0.005   0.889/0.902    0.135

wrote logs/exp135/corpus_norm_galaxy10-lejepa_h1_d8_s1.json
EXP135 DONE.
