/home/pharris/venv/lib64/python3.9/site-packages/networkx/utils/backends.py:135: RuntimeWarning: networkx backend defined more than once: nx-loopback
  backends.update(_get_backends("networkx.backends"))

######## cars:visreg_h1_d0: holdouts=[172] ########

  --- frozen: pre probe=0.8385 eucl=0.5578 mahaT=0.5362 perevt=0.047
  [sigreg+proto] epoch 1/5  sigreg=0.1574  proto=68.2095  min_dist=5.02  mean_dist=17.40
  [sigreg+proto] epoch 2/5  sigreg=0.1599  proto=66.0078  min_dist=5.03  mean_dist=17.37
  [sigreg+proto] epoch 3/5  sigreg=0.1582  proto=68.2416  min_dist=5.04  mean_dist=17.34
  [sigreg+proto] epoch 4/5  sigreg=0.1560  proto=62.6739  min_dist=5.03  mean_dist=17.31
  [sigreg+proto] epoch 5/5  sigreg=0.1589  proto=62.5268  min_dist=5.01  mean_dist=17.28
  round 1: pool=406 purity=0.002 k-hat=4 anchors=4  margin=0.5638  mean-anchor=0.3834  172=0.383
  [sigreg+proto] epoch 1/5  sigreg=0.1577  proto=65.5054  min_dist=4.96  mean_dist=17.65
  [sigreg+proto] epoch 2/5  sigreg=0.1637  proto=62.3336  min_dist=4.95  mean_dist=17.63
  [sigreg+proto] epoch 3/5  sigreg=0.1612  proto=59.1300  min_dist=4.96  mean_dist=17.60
  [sigreg+proto] epoch 4/5  sigreg=0.1604  proto=62.9215  min_dist=4.97  mean_dist=17.57
  [sigreg+proto] epoch 5/5  sigreg=0.1596  proto=60.8526  min_dist=4.98  mean_dist=17.55
  round 2: pool=406 purity=0.002 k-hat=4 anchors=8  margin=0.5755  mean-anchor=0.4587  172=0.459
    [dist frozen     ] purity r1=0.002 r2=0.002  probe 0.838->0.838  eucl 0.558->0.558  perevt 0.047->0.047  drift 0.000
  [sigreg+proto] epoch 1/5  sigreg=0.1679  proto=70.1146  min_dist=5.01  mean_dist=17.39
  [sigreg+proto] epoch 2/5  sigreg=0.1649  proto=67.1851  min_dist=5.01  mean_dist=17.36
  [sigreg+proto] epoch 3/5  sigreg=0.1653  proto=70.2293  min_dist=5.02  mean_dist=17.32
  [sigreg+proto] epoch 4/5  sigreg=0.1621  proto=64.0739  min_dist=5.01  mean_dist=17.28
  [sigreg+proto] epoch 5/5  sigreg=0.1642  proto=63.3762  min_dist=5.00  mean_dist=17.24
  round 1: pool=406 purity=0.002 k-hat=4 anchors=4  margin=0.5607  mean-anchor=0.3883  172=0.388
  [sigreg+proto] epoch 1/5  sigreg=0.1686  proto=70.9035  min_dist=4.97  mean_dist=17.53
  [sigreg+proto] epoch 2/5  sigreg=0.1742  proto=62.3962  min_dist=4.95  mean_dist=17.49
  [sigreg+proto] epoch 3/5  sigreg=0.1682  proto=61.8533  min_dist=4.95  mean_dist=17.46
  [sigreg+proto] epoch 4/5  sigreg=0.1656  proto=63.2966  min_dist=4.96  mean_dist=17.42
  [sigreg+proto] epoch 5/5  sigreg=0.1663  proto=64.9164  min_dist=4.97  mean_dist=17.39
  round 2: pool=406 purity=0.002 k-hat=4 anchors=8  margin=0.5744  mean-anchor=0.4642  172=0.464
    [dist corpus-norm] purity r1=0.002 r2=0.002  probe 0.838->0.808  eucl 0.558->0.557  perevt 0.047->0.047  drift 0.030
  [sigreg+proto] epoch 1/5  sigreg=0.1607  proto=58.8910  min_dist=5.11  mean_dist=17.00
  [sigreg+proto] epoch 2/5  sigreg=0.1604  proto=57.5068  min_dist=5.16  mean_dist=16.97
  [sigreg+proto] epoch 3/5  sigreg=0.1579  proto=55.9093  min_dist=5.18  mean_dist=16.94
  [sigreg+proto] epoch 4/5  sigreg=0.1621  proto=53.6584  min_dist=5.16  mean_dist=16.92
  [sigreg+proto] epoch 5/5  sigreg=0.1590  proto=51.3542  min_dist=5.14  mean_dist=16.89
  round 1: pool=408 purity=0.007 k-hat=4 anchors=4  margin=0.6491  mean-anchor=0.6358  172=0.636
  [sigreg+proto] epoch 1/5  sigreg=0.1601  proto=53.8286  min_dist=4.80  mean_dist=17.05
  [sigreg+proto] epoch 2/5  sigreg=0.1634  proto=52.9114  min_dist=4.68  mean_dist=17.04
  [sigreg+proto] epoch 3/5  sigreg=0.1600  proto=53.3199  min_dist=4.57  mean_dist=17.01
  [sigreg+proto] epoch 4/5  sigreg=0.1631  proto=51.3288  min_dist=4.48  mean_dist=16.99
  [sigreg+proto] epoch 5/5  sigreg=0.1668  proto=48.6432  min_dist=4.41  mean_dist=16.97
  round 2: pool=407 purity=0.005 k-hat=3 anchors=7  margin=0.6543  mean-anchor=0.6286  172=0.629
    [np   frozen     ] purity r1=0.007 r2=0.005  probe 0.838->0.838  eucl 0.558->0.558  perevt 0.047->0.047  drift 0.000
  [sigreg+proto] epoch 1/5  sigreg=0.1655  proto=61.3232  min_dist=5.10  mean_dist=16.99
  [sigreg+proto] epoch 2/5  sigreg=0.1668  proto=61.0975  min_dist=5.14  mean_dist=16.96
  [sigreg+proto] epoch 3/5  sigreg=0.1637  proto=59.8197  min_dist=5.16  mean_dist=16.92
  [sigreg+proto] epoch 4/5  sigreg=0.1677  proto=56.6653  min_dist=5.15  mean_dist=16.89
  [sigreg+proto] epoch 5/5  sigreg=0.1650  proto=54.3555  min_dist=5.13  mean_dist=16.85
  round 1: pool=408 purity=0.007 k-hat=4 anchors=4  margin=0.6492  mean-anchor=0.6353  172=0.635
  [sigreg+proto] epoch 1/5  sigreg=0.1680  proto=59.8636  min_dist=4.29  mean_dist=17.18
  [sigreg+proto] epoch 2/5  sigreg=0.1716  proto=59.7880  min_dist=4.21  mean_dist=17.16
  [sigreg+proto] epoch 3/5  sigreg=0.1669  proto=53.1909  min_dist=4.13  mean_dist=17.13
  [sigreg+proto] epoch 4/5  sigreg=0.1709  proto=57.0356  min_dist=4.07  mean_dist=17.10
  [sigreg+proto] epoch 5/5  sigreg=0.1720  proto=54.2905  min_dist=4.02  mean_dist=17.08
  round 2: pool=407 purity=0.005 k-hat=4 anchors=8  margin=0.6569  mean-anchor=0.6297  172=0.630
    [np   corpus-norm] purity r1=0.007 r2=0.005  probe 0.838->0.794  eucl 0.558->0.558  perevt 0.047->0.047  drift 0.017

===== EXP135 SUMMARY_h1_d0 (paired frozen vs corpus-norm; gate 0.15) =====
  cell|arm|scorer                              r1  r2 frz   r2 cn    d r2    probe frz/cn  drift
  cars:visreg|frozen|dist                 0.002   0.002   0.002  +0.000   0.838/0.808    0.030
  cars:visreg|frozen|np                   0.007   0.005   0.005  +0.000   0.838/0.794    0.017

wrote logs/exp135/corpus_norm_cars-visreg_frozen_h1_d0.json
EXP135 DONE.
