/home/pharris/venv/lib64/python3.9/site-packages/networkx/utils/backends.py:135: RuntimeWarning: networkx backend defined more than once: nx-loopback
  backends.update(_get_backends("networkx.backends"))

######## galaxy10:lejepa_h1_d7: holdouts=[4] ########
Fetching 37 files:   0%|          | 0/37 [00:00<?, ?it/s]Fetching 37 files: 100%|██████████| 37/37 [00:00<00:00, 96691.12it/s]

  --- supcon-ft: pre probe=0.9206 eucl=0.7812 mahaT=0.7964 perevt=0.156   [archived unfrozen post probe 0.9026]
  [sigreg+proto] epoch 1/5  sigreg=0.2733  proto=2.6459  min_dist=3.48  mean_dist=15.67
  [sigreg+proto] epoch 2/5  sigreg=0.2691  proto=2.6947  min_dist=3.57  mean_dist=15.70
  [sigreg+proto] epoch 3/5  sigreg=0.2781  proto=2.9135  min_dist=3.67  mean_dist=15.72
  [sigreg+proto] epoch 4/5  sigreg=0.2779  proto=2.8936  min_dist=3.76  mean_dist=15.75
  [sigreg+proto] epoch 5/5  sigreg=0.2789  proto=2.2049  min_dist=3.86  mean_dist=15.78
  round 1: pool=113 purity=0.230 k-hat=3 anchors=3  margin=0.9359  mean-anchor=0.8853  4=0.885
    merged 7 -> 6 anchors
  [sigreg+proto] epoch 1/5  sigreg=0.2953  proto=2.0708  min_dist=3.43  mean_dist=14.42
  [sigreg+proto] epoch 2/5  sigreg=0.2982  proto=2.1390  min_dist=3.45  mean_dist=14.45
  [sigreg+proto] epoch 3/5  sigreg=0.3015  proto=2.6223  min_dist=3.47  mean_dist=14.48
  [sigreg+proto] epoch 4/5  sigreg=0.2993  proto=2.0329  min_dist=3.48  mean_dist=14.52
  [sigreg+proto] epoch 5/5  sigreg=0.2975  proto=3.1058  min_dist=3.50  mean_dist=14.55
  round 2: pool=111 purity=0.216 k-hat=4 anchors=6  margin=0.9291  mean-anchor=0.8981  4=0.898
    [np   frozen     ] purity r1=0.230 r2=0.216  probe 0.921->0.921  eucl 0.781->0.781  perevt 0.156->0.156  drift 0.000
  [sigreg+proto] epoch 1/5  sigreg=0.3149  proto=4.0632  min_dist=3.48  mean_dist=15.67
  [sigreg+proto] epoch 2/5  sigreg=0.3097  proto=3.9519  min_dist=3.57  mean_dist=15.70
  [sigreg+proto] epoch 3/5  sigreg=0.3183  proto=4.1914  min_dist=3.67  mean_dist=15.73
  [sigreg+proto] epoch 4/5  sigreg=0.3183  proto=4.3698  min_dist=3.76  mean_dist=15.76
  [sigreg+proto] epoch 5/5  sigreg=0.3150  proto=3.2971  min_dist=3.86  mean_dist=15.79
  round 1: pool=113 purity=0.230 k-hat=3 anchors=3  margin=0.9319  mean-anchor=0.9189  4=0.919
    merged 7 -> 6 anchors
  [sigreg+proto] epoch 1/5  sigreg=0.3507  proto=3.9470  min_dist=3.13  mean_dist=14.25
  [sigreg+proto] epoch 2/5  sigreg=0.3475  proto=3.5107  min_dist=3.21  mean_dist=14.28
  [sigreg+proto] epoch 3/5  sigreg=0.3564  proto=4.4160  min_dist=3.29  mean_dist=14.31
  [sigreg+proto] epoch 4/5  sigreg=0.3541  proto=3.7816  min_dist=3.37  mean_dist=14.35
  [sigreg+proto] epoch 5/5  sigreg=0.3617  proto=4.7773  min_dist=3.45  mean_dist=14.38
  round 2: pool=114 purity=0.237 k-hat=4 anchors=6  margin=0.9167  mean-anchor=0.8369  4=0.837
    [np   corpus-norm] purity r1=0.230 r2=0.237  probe 0.921->0.928  eucl 0.781->0.737  perevt 0.156->0.066  drift 0.183
Fetching 37 files:   0%|          | 0/37 [00:00<?, ?it/s]Fetching 37 files: 100%|██████████| 37/37 [00:00<00:00, 39670.05it/s]

  --- ss-ft: pre probe=0.7254 eucl=0.8207 mahaT=0.7969 perevt=0.199   [archived unfrozen post probe 0.8204]
  [sigreg+proto] epoch 1/5  sigreg=0.4827  proto=17.2595  min_dist=7.68  mean_dist=33.57
  [sigreg+proto] epoch 2/5  sigreg=0.4958  proto=18.9664  min_dist=7.68  mean_dist=33.54
  [sigreg+proto] epoch 3/5  sigreg=0.5403  proto=20.7344  min_dist=7.67  mean_dist=33.50
  [sigreg+proto] epoch 4/5  sigreg=0.4952  proto=16.1825  min_dist=7.66  mean_dist=33.47
  [sigreg+proto] epoch 5/5  sigreg=0.4870  proto=17.2351  min_dist=7.66  mean_dist=33.44
  round 1: pool=111 purity=0.216 k-hat=4 anchors=4  margin=0.9361  mean-anchor=0.9208  4=0.921
    merged 8 -> 6 anchors
  [sigreg+proto] epoch 1/5  sigreg=0.4541  proto=14.2333  min_dist=5.30  mean_dist=33.07
  [sigreg+proto] epoch 2/5  sigreg=0.4772  proto=15.9335  min_dist=5.29  mean_dist=33.04
  [sigreg+proto] epoch 3/5  sigreg=0.4991  proto=16.7595  min_dist=5.29  mean_dist=33.01
  [sigreg+proto] epoch 4/5  sigreg=0.4487  proto=14.6015  min_dist=5.28  mean_dist=32.98
  [sigreg+proto] epoch 5/5  sigreg=0.5143  proto=19.6231  min_dist=5.28  mean_dist=32.95
  round 2: pool=110 purity=0.209 k-hat=4 anchors=6  margin=0.9351  mean-anchor=0.9073  4=0.907
    [np   frozen     ] purity r1=0.216 r2=0.209  probe 0.725->0.725  eucl 0.821->0.821  perevt 0.199->0.199  drift 0.000
  [sigreg+proto] epoch 1/5  sigreg=0.8898  proto=25.5579  min_dist=7.67  mean_dist=33.58
  [sigreg+proto] epoch 2/5  sigreg=0.9027  proto=26.9636  min_dist=7.67  mean_dist=33.55
  [sigreg+proto] epoch 3/5  sigreg=0.9454  proto=29.4501  min_dist=7.66  mean_dist=33.52
  [sigreg+proto] epoch 4/5  sigreg=0.9031  proto=25.7926  min_dist=7.66  mean_dist=33.49
  [sigreg+proto] epoch 5/5  sigreg=0.8634  proto=26.3707  min_dist=7.66  mean_dist=33.46
  round 1: pool=111 purity=0.216 k-hat=4 anchors=4  margin=0.9284  mean-anchor=0.9226  4=0.923
  [sigreg+proto] epoch 1/5  sigreg=0.7854  proto=21.4138  min_dist=6.79  mean_dist=31.18
  [sigreg+proto] epoch 2/5  sigreg=0.8148  proto=24.4579  min_dist=6.83  mean_dist=31.16
  [sigreg+proto] epoch 3/5  sigreg=0.8560  proto=25.3080  min_dist=6.86  mean_dist=31.14
  [sigreg+proto] epoch 4/5  sigreg=0.7875  proto=23.0598  min_dist=6.89  mean_dist=31.12
  [sigreg+proto] epoch 5/5  sigreg=0.8079  proto=24.5040  min_dist=6.92  mean_dist=31.10
  round 2: pool=112 purity=0.223 k-hat=4 anchors=8  margin=0.8840  mean-anchor=0.9237  4=0.924
    [np   corpus-norm] purity r1=0.216 r2=0.223  probe 0.725->0.848  eucl 0.821->0.762  perevt 0.199->0.086  drift 0.232
Fetching 37 files:   0%|          | 0/37 [00:00<?, ?it/s]Fetching 37 files: 100%|██████████| 37/37 [00:00<00:00, 29358.54it/s]

  --- nplm-sup-ft: pre probe=0.8592 eucl=0.8503 mahaT=0.8377 perevt=0.342   [archived unfrozen post probe 0.6505]
  [sigreg+proto] epoch 1/5  sigreg=0.4946  proto=2.9882  min_dist=0.75  mean_dist=12.07
  [sigreg+proto] epoch 2/5  sigreg=0.4893  proto=3.3014  min_dist=0.85  mean_dist=12.10
  [sigreg+proto] epoch 3/5  sigreg=0.4927  proto=3.2039  min_dist=0.94  mean_dist=12.12
  [sigreg+proto] epoch 4/5  sigreg=0.5016  proto=3.3487  min_dist=1.03  mean_dist=12.15
  [sigreg+proto] epoch 5/5  sigreg=0.4983  proto=3.1994  min_dist=1.11  mean_dist=12.17
  round 1: pool=113 purity=0.230 k-hat=3 anchors=3  margin=0.9194  mean-anchor=0.8255  4=0.826
    merged 5 -> 3 anchors
  [sigreg+proto] epoch 1/5  sigreg=0.4950  proto=3.3055  min_dist=1.22  mean_dist=12.10
  [sigreg+proto] epoch 2/5  sigreg=0.4864  proto=3.6730  min_dist=1.33  mean_dist=12.14
  [sigreg+proto] epoch 3/5  sigreg=0.4834  proto=3.7780  min_dist=1.44  mean_dist=12.17
  [sigreg+proto] epoch 4/5  sigreg=0.4914  proto=3.9938  min_dist=1.53  mean_dist=12.20
  [sigreg+proto] epoch 5/5  sigreg=0.4976  proto=2.9998  min_dist=1.62  mean_dist=12.23
  round 2: pool=112 purity=0.223 k-hat=2 anchors=3  margin=0.9169  mean-anchor=0.8292  4=0.829
    [np   frozen     ] purity r1=0.230 r2=0.223  probe 0.859->0.859  eucl 0.850->0.850  perevt 0.342->0.342  drift 0.000
  [sigreg+proto] epoch 1/5  sigreg=0.5399  proto=4.2375  min_dist=0.75  mean_dist=12.07
  [sigreg+proto] epoch 2/5  sigreg=0.5325  proto=4.3772  min_dist=0.85  mean_dist=12.09
  [sigreg+proto] epoch 3/5  sigreg=0.5361  proto=4.3484  min_dist=0.94  mean_dist=12.11
  [sigreg+proto] epoch 4/5  sigreg=0.5444  proto=4.6341  min_dist=1.03  mean_dist=12.13
  [sigreg+proto] epoch 5/5  sigreg=0.5436  proto=4.3828  min_dist=1.11  mean_dist=12.16
  round 1: pool=113 purity=0.230 k-hat=3 anchors=3  margin=0.8979  mean-anchor=0.8359  4=0.836
    merged 5 -> 4 anchors
  [sigreg+proto] epoch 1/5  sigreg=0.5445  proto=4.1759  min_dist=1.22  mean_dist=11.71
  [sigreg+proto] epoch 2/5  sigreg=0.5422  proto=3.9919  min_dist=1.33  mean_dist=11.74
  [sigreg+proto] epoch 3/5  sigreg=0.5416  proto=4.1328  min_dist=1.44  mean_dist=11.77
  [sigreg+proto] epoch 4/5  sigreg=0.5365  proto=4.0810  min_dist=1.53  mean_dist=11.80
  [sigreg+proto] epoch 5/5  sigreg=0.5440  proto=4.1241  min_dist=1.62  mean_dist=11.83
  round 2: pool=111 purity=0.216 k-hat=2 anchors=4  margin=0.8857  mean-anchor=0.7496  4=0.750
    [np   corpus-norm] purity r1=0.230 r2=0.216  probe 0.859->0.892  eucl 0.850->0.838  perevt 0.342->0.276  drift 0.204

===== EXP135 SUMMARY_h1_d7 (paired frozen vs corpus-norm; gate 0.15) =====
  cell|arm|scorer                              r1  r2 frz   r2 cn    d r2    probe frz/cn  drift
  galaxy10:lejepa|supcon-ft|np              0.230   0.216   0.237  +0.021   0.921/0.928    0.183
  galaxy10:lejepa|ss-ft|np                  0.216   0.209   0.223  +0.014   0.725/0.848    0.232
  galaxy10:lejepa|nplm-sup-ft|np            0.230   0.223   0.216  -0.007   0.859/0.892    0.204

wrote logs/exp135/corpus_norm_galaxy10-lejepa_h1_d7_s2.json
EXP135 DONE.
