/home/pharris/venv/lib64/python3.9/site-packages/networkx/utils/backends.py:135: RuntimeWarning: networkx backend defined more than once: nx-loopback
  backends.update(_get_backends("networkx.backends"))
Using cache found in /home/pharris/.cache/torch/hub/facebookresearch_dino_main
exp70 [cars_dino_ft70_gcd] end-to-end ft suite, arms=['gcd-ft', 'gcd-sigreg-ft'], ft_epochs=20, emb=100, holdouts 186-195 EXCLUDED from ft
  ft corpus: 7712/8144 train images (holdout classes removed)

===== [gcd-ft] (supervised) =====
  gcd corpus: all 8144 train images, 432 unlabelled (held-out classes, label -1)
  [gcd-ft] epoch 1/20  main=2.0031  aux=0.0000
  [gcd-ft] epoch 5/20  main=1.8763  aux=0.0000
  [gcd-ft] epoch 10/20  main=1.8590  aux=0.0000
  [gcd-ft] epoch 15/20  main=1.8254  aux=0.0000
  [gcd-ft] epoch 20/20  main=1.8172  aux=0.0000
  extracted ft70_gcd-ft train: (8144, 768)
Using cache found in /home/pharris/.cache/torch/hub/facebookresearch_dino_main
  extracted ft70_gcd-ft test: (8041, 768)
  [gcd-ft        ] probe=0.7298+-0.0046 acc=0.2935 supAUC=0.9412 eucl=0.5460 mahaT=0.5376 mahaPC=0.6469 lid=0.5692

===== [gcd-sigreg-ft] (supervised) =====
  gcd corpus: all 8144 train images, 432 unlabelled (held-out classes, label -1)
  [gcd-sigreg-ft] epoch 1/20  main=2.1162  aux=0.8109
  [gcd-sigreg-ft] epoch 5/20  main=1.9442  aux=0.5160
  [gcd-sigreg-ft] epoch 10/20  main=1.8913  aux=0.4623
  [gcd-sigreg-ft] epoch 15/20  main=1.8725  aux=0.4152
  [gcd-sigreg-ft] epoch 20/20  main=1.8742  aux=0.3904
  extracted ft70_gcd-sigreg-ft train: (8144, 768)
  extracted ft70_gcd-sigreg-ft test: (8041, 768)
  [gcd-sigreg-ft ] probe=0.7145+-0.0068 acc=0.1827 supAUC=0.9139 eucl=0.5284 mahaT=0.5330 mahaPC=0.5820 lid=0.5411

===== PRE table =====
  arm                        probe     acc  supAUC    eucl   mahaT  mahaPC
  gcd-ft             0.7298+-0.0046  0.2935  0.9412  0.5460  0.5376  0.6469
  gcd-sigreg-ft      0.7145+-0.0068  0.1827  0.9139  0.5284  0.5330  0.5820

===== gaussianity (seen classes, test set) =====
  metric                            gcd-ft gcd-sigreg-ft
  eig min (class cov)               -0.000        -0.000
  eig max (class cov)              285.727        18.596
  eig cond worst            285726893670400.018596317102080.0
  class RMS min                      1.446         0.567
  class RMS mean                     1.754         0.827
  class RMS max                      2.895         0.957
  max |corr| (worst class)           0.951         0.914
  SW ratio mean                       1.21          1.17
  SW ratio worst                      1.90          1.54
  |skew| mean                        0.339         0.324
  |ex-kurt| mean                     0.612         0.597
  centroid dist min                   3.67          1.77
  centroid dist mean                 20.94          6.32
  separation (min d/RMS)              2.10          2.14

===== PRE power batteries =====
  [gcd-ft] per-event pre power=0.075
  [gcd-ft] sparker (annealed)
    pre-spk f=0.003: power=0.020 [0.003,0.064] (1/50)
    pre-spk f=0.01: power=0.000 [0.000,0.036] (0/50)
    pre-spk f=0.02: power=0.040 [0.014,0.090] (2/50)
    pre-spk f=0.05: power=0.420 [0.343,0.500] (21/50)
    pre-spk f=0.1: power=1.000 [0.964,1.000] (50/50)
  [gcd-ft] maha
    pre-maha f=0.003: power=0.080 [0.042,0.138] (4/50)
    pre-maha f=0.01: power=0.060 [0.028,0.115] (3/50)
    pre-maha f=0.02: power=0.180 [0.124,0.251] (9/50)
    pre-maha f=0.05: power=0.480 [0.401,0.560] (24/50)
    pre-maha f=0.1: power=0.920 [0.862,0.958] (46/50)
  [gcd-ft] mmd
    pre-mmd f=0.003: power=0.000 [0.000,0.036] (0/50)
    pre-mmd f=0.01: power=0.060 [0.028,0.115] (3/50)
    pre-mmd f=0.02: power=0.040 [0.014,0.090] (2/50)
    pre-mmd f=0.05: power=0.120 [0.074,0.184] (6/50)
    pre-mmd f=0.1: power=0.600 [0.520,0.676] (30/50)
  [gcd-sigreg-ft] per-event pre power=0.045
  [gcd-sigreg-ft] sparker (annealed)
    pre-spk f=0.003: power=0.100 [0.058,0.162] (5/50)
    pre-spk f=0.01: power=0.040 [0.014,0.090] (2/50)
    pre-spk f=0.02: power=0.060 [0.028,0.115] (3/50)
    pre-spk f=0.05: power=0.300 [0.231,0.378] (15/50)
    pre-spk f=0.1: power=0.980 [0.936,0.997] (49/50)
  [gcd-sigreg-ft] maha
    pre-maha f=0.003: power=0.020 [0.003,0.064] (1/50)
    pre-maha f=0.01: power=0.040 [0.014,0.090] (2/50)
    pre-maha f=0.02: power=0.040 [0.014,0.090] (2/50)
    pre-maha f=0.05: power=0.160 [0.107,0.229] (8/50)
    pre-maha f=0.1: power=0.260 [0.194,0.336] (13/50)
  [gcd-sigreg-ft] mmd
    pre-mmd f=0.003: power=0.040 [0.014,0.090] (2/50)
    pre-mmd f=0.01: power=0.100 [0.058,0.162] (5/50)
    pre-mmd f=0.02: power=0.020 [0.003,0.064] (1/50)
    pre-mmd f=0.05: power=0.120 [0.074,0.184] (6/50)
    pre-mmd f=0.1: power=0.540 [0.460,0.618] (27/50)

===== EXP70 PEREVENT PRE POWER =====
  arm                 0.003     0.01     0.02     0.05      0.1
  gcd-ft              0.075    0.075    0.075    0.075    0.075
  gcd-sigreg-ft       0.045    0.045    0.045    0.045    0.045
  saved /home/pharris/sigreg/SuperSig/plots/exp70_perevent_power_pre_cars_dino_ft70_gcd.png

===== EXP70 SPARKER PRE POWER =====
  arm                 0.003     0.01     0.02     0.05      0.1
  gcd-ft              0.020    0.000    0.040    0.420    1.000
  gcd-sigreg-ft       0.100    0.040    0.060    0.300    0.980
  saved /home/pharris/sigreg/SuperSig/plots/exp70_sparker_power_pre_cars_dino_ft70_gcd.png

===== EXP70 MAHA PRE POWER =====
  arm                 0.003     0.01     0.02     0.05      0.1
  gcd-ft              0.080    0.060    0.180    0.480    0.920
  gcd-sigreg-ft       0.020    0.040    0.040    0.160    0.260
  saved /home/pharris/sigreg/SuperSig/plots/exp70_maha_power_pre_cars_dino_ft70_gcd.png

===== EXP70 MMD PRE POWER =====
  arm                 0.003     0.01     0.02     0.05      0.1
  gcd-ft              0.000    0.060    0.040    0.120    0.600
  gcd-sigreg-ft       0.040    0.100    0.020    0.120    0.540
  saved /home/pharris/sigreg/SuperSig/plots/exp70_mmd_power_pre_cars_dino_ft70_gcd.png

----- natural discovery: gcd-ft -----
  [sigreg+proto] epoch 1/5  sigreg=0.8150  proto=19.4584  min_dist=4.10  mean_dist=22.75
  [sigreg+proto] epoch 2/5  sigreg=0.7533  proto=15.8102  min_dist=4.10  mean_dist=22.74
  [sigreg+proto] epoch 3/5  sigreg=0.6328  proto=12.6023  min_dist=4.09  mean_dist=22.73
  [sigreg+proto] epoch 4/5  sigreg=0.7052  proto=11.5655  min_dist=4.09  mean_dist=22.71
  [sigreg+proto] epoch 5/5  sigreg=0.6333  proto=10.6380  min_dist=4.08  mean_dist=22.70
  round 1: pool=434 purity=0.111 k-hat=12 anchors=12  margin=0.5158  mean-anchor=0.8169  
  [sigreg+proto] epoch 1/5  sigreg=0.7008  proto=12.4428  min_dist=4.08  mean_dist=23.94
  [sigreg+proto] epoch 2/5  sigreg=0.6642  proto=10.9492  min_dist=4.07  mean_dist=23.93
  [sigreg+proto] epoch 3/5  sigreg=0.7103  proto=10.7606  min_dist=4.06  mean_dist=23.92
  [sigreg+proto] epoch 4/5  sigreg=0.6161  proto=8.6859  min_dist=4.07  mean_dist=23.91
  [sigreg+proto] epoch 5/5  sigreg=0.6486  proto=8.6730  min_dist=4.08  mean_dist=23.90
  round 2: pool=424 purity=0.090 k-hat=12 anchors=24  margin=0.5719  mean-anchor=0.7133  
  [gcd-ft] probe 0.7298 -> 0.7611  eucl 0.5460 -> 0.5319  mahaT 0.5376 -> 0.5225

----- natural discovery: gcd-sigreg-ft -----
  [sigreg+proto] epoch 1/5  sigreg=0.3308  proto=4.5742  min_dist=1.93  mean_dist=6.80
  [sigreg+proto] epoch 2/5  sigreg=0.3877  proto=3.8961  min_dist=2.00  mean_dist=6.91
  [sigreg+proto] epoch 3/5  sigreg=0.3485  proto=3.4751  min_dist=2.07  mean_dist=7.02
  [sigreg+proto] epoch 4/5  sigreg=0.3461  proto=3.1407  min_dist=2.13  mean_dist=7.13
  [sigreg+proto] epoch 5/5  sigreg=0.3341  proto=3.1512  min_dist=2.20  mean_dist=7.23
  round 1: pool=409 purity=0.056 k-hat=11 anchors=11  margin=0.6240  mean-anchor=0.7113  
  [sigreg+proto] epoch 1/5  sigreg=0.3614  proto=3.3678  min_dist=2.28  mean_dist=7.53
  [sigreg+proto] epoch 2/5  sigreg=0.3728  proto=3.2149  min_dist=2.36  mean_dist=7.65
  [sigreg+proto] epoch 3/5  sigreg=0.3727  proto=2.8667  min_dist=2.43  mean_dist=7.76
  [sigreg+proto] epoch 4/5  sigreg=0.3681  proto=2.5709  min_dist=2.49  mean_dist=7.88
  [sigreg+proto] epoch 5/5  sigreg=0.3640  proto=2.4276  min_dist=2.57  mean_dist=7.99
  round 2: pool=417 purity=0.074 k-hat=12 anchors=23  margin=0.6369  mean-anchor=0.7592  
  [gcd-sigreg-ft] probe 0.7145 -> 0.7453  eucl 0.5284 -> 0.5407  mahaT 0.5330 -> 0.5348

===== POST grid, f=0.003 (23 injected) =====
  [sigreg+proto] epoch 1/5  sigreg=0.8010  proto=18.8334  min_dist=4.11  mean_dist=23.16
  [sigreg+proto] epoch 2/5  sigreg=0.7285  proto=16.5802  min_dist=4.11  mean_dist=23.15
  [sigreg+proto] epoch 3/5  sigreg=0.6835  proto=14.1141  min_dist=4.12  mean_dist=23.13
  [sigreg+proto] epoch 4/5  sigreg=0.7020  proto=13.0968  min_dist=4.11  mean_dist=23.12
  [sigreg+proto] epoch 5/5  sigreg=0.7048  proto=12.2100  min_dist=4.10  mean_dist=23.11
  round 1: pool=390 purity=0.010 k-hat=12 anchors=12  margin=0.5026  mean-anchor=0.7000  
  [sigreg+proto] epoch 1/5  sigreg=0.6552  proto=11.3987  min_dist=4.13  mean_dist=24.63
  [sigreg+proto] epoch 2/5  sigreg=0.6745  proto=10.6709  min_dist=4.15  mean_dist=24.62
  [sigreg+proto] epoch 3/5  sigreg=0.6782  proto=11.4197  min_dist=4.15  mean_dist=24.61
  [sigreg+proto] epoch 4/5  sigreg=0.6639  proto=9.5532  min_dist=4.14  mean_dist=24.60
  [sigreg+proto] epoch 5/5  sigreg=0.6520  proto=9.0144  min_dist=4.14  mean_dist=24.59
  round 2: pool=391 purity=0.013 k-hat=12 anchors=24  margin=0.5801  mean-anchor=0.8131  
  [gcd-ft] per-event post f=0.003: power=0.099
  [gcd-ft] sparker (post, annealed)
    post-spk f=0.003: power=0.100 [0.058,0.162] (5/50)
  [gcd-ft] maha (post)
    post-maha f=0.003: power=0.040 [0.014,0.090] (2/50)
  [gcd-ft] mmd (post)
    post-mmd f=0.003: power=0.100 [0.058,0.162] (5/50)
  [sigreg+proto] epoch 1/5  sigreg=0.3365  proto=4.8047  min_dist=1.93  mean_dist=6.83
  [sigreg+proto] epoch 2/5  sigreg=0.3834  proto=4.1268  min_dist=2.01  mean_dist=6.94
  [sigreg+proto] epoch 3/5  sigreg=0.3289  proto=3.5617  min_dist=2.09  mean_dist=7.05
  [sigreg+proto] epoch 4/5  sigreg=0.3426  proto=3.3025  min_dist=2.16  mean_dist=7.16
  [sigreg+proto] epoch 5/5  sigreg=0.3417  proto=3.0625  min_dist=2.22  mean_dist=7.26
  round 1: pool=386 purity=0.000 k-hat=12 anchors=12  margin=0.5550  mean-anchor=0.5582  
  [sigreg+proto] epoch 1/5  sigreg=0.3558  proto=3.1969  min_dist=2.27  mean_dist=7.50
  [sigreg+proto] epoch 2/5  sigreg=0.3700  proto=3.0483  min_dist=2.33  mean_dist=7.61
  [sigreg+proto] epoch 3/5  sigreg=0.3664  proto=2.7365  min_dist=2.40  mean_dist=7.72
  [sigreg+proto] epoch 4/5  sigreg=0.3672  proto=2.7163  min_dist=2.47  mean_dist=7.83
  [sigreg+proto] epoch 5/5  sigreg=0.3663  proto=2.6860  min_dist=2.53  mean_dist=7.93
  round 2: pool=388 purity=0.005 k-hat=10 anchors=22  margin=0.6059  mean-anchor=0.6744  
  [gcd-sigreg-ft] per-event post f=0.003: power=0.113
  [gcd-sigreg-ft] sparker (post, annealed)
    post-spk f=0.003: power=0.060 [0.028,0.115] (3/50)
  [gcd-sigreg-ft] maha (post)
    post-maha f=0.003: power=0.140 [0.090,0.207] (7/50)
  [gcd-sigreg-ft] mmd (post)
    post-mmd f=0.003: power=0.060 [0.028,0.115] (3/50)

===== POST grid, f=0.01 (78 injected) =====
  [sigreg+proto] epoch 1/5  sigreg=0.8260  proto=19.8513  min_dist=4.12  mean_dist=22.83
  [sigreg+proto] epoch 2/5  sigreg=0.7511  proto=15.8620  min_dist=4.13  mean_dist=22.82
  [sigreg+proto] epoch 3/5  sigreg=0.6381  proto=13.0771  min_dist=4.12  mean_dist=22.80
  [sigreg+proto] epoch 4/5  sigreg=0.7026  proto=12.4124  min_dist=4.11  mean_dist=22.79
  [sigreg+proto] epoch 5/5  sigreg=0.6360  proto=10.6959  min_dist=4.10  mean_dist=22.78
  round 1: pool=396 purity=0.025 k-hat=12 anchors=12  margin=0.5900  mean-anchor=0.7227  
  [sigreg+proto] epoch 1/5  sigreg=0.6927  proto=12.1290  min_dist=4.12  mean_dist=23.78
  [sigreg+proto] epoch 2/5  sigreg=0.6350  proto=10.0260  min_dist=4.12  mean_dist=23.77
  [sigreg+proto] epoch 3/5  sigreg=0.6445  proto=9.7904  min_dist=4.12  mean_dist=23.77
  [sigreg+proto] epoch 4/5  sigreg=0.6021  proto=8.7488  min_dist=4.13  mean_dist=23.76
  [sigreg+proto] epoch 5/5  sigreg=0.6655  proto=7.6450  min_dist=4.14  mean_dist=23.75
  round 2: pool=405 purity=0.047 k-hat=11 anchors=23  margin=0.5745  mean-anchor=0.7908  
  [gcd-ft] per-event post f=0.01: power=0.178
  [gcd-ft] sparker (post, annealed)
    post-spk f=0.01: power=0.100 [0.058,0.162] (5/50)
  [gcd-ft] maha (post)
    post-maha f=0.01: power=0.120 [0.074,0.184] (6/50)
  [gcd-ft] mmd (post)
    post-mmd f=0.01: power=0.120 [0.074,0.184] (6/50)
  [sigreg+proto] epoch 1/5  sigreg=0.3299  proto=4.6104  min_dist=1.92  mean_dist=6.79
  [sigreg+proto] epoch 2/5  sigreg=0.3682  proto=3.9897  min_dist=1.98  mean_dist=6.90
  [sigreg+proto] epoch 3/5  sigreg=0.3260  proto=3.4578  min_dist=2.04  mean_dist=7.01
  [sigreg+proto] epoch 4/5  sigreg=0.3405  proto=3.2424  min_dist=2.10  mean_dist=7.11
  [sigreg+proto] epoch 5/5  sigreg=0.3387  proto=3.0663  min_dist=2.16  mean_dist=7.22
  round 1: pool=390 purity=0.010 k-hat=10 anchors=10  margin=0.5900  mean-anchor=0.5633  
  [sigreg+proto] epoch 1/5  sigreg=0.3594  proto=3.3137  min_dist=2.23  mean_dist=7.46
  [sigreg+proto] epoch 2/5  sigreg=0.3531  proto=2.9930  min_dist=2.30  mean_dist=7.57
  [sigreg+proto] epoch 3/5  sigreg=0.3542  proto=2.6320  min_dist=2.37  mean_dist=7.68
  [sigreg+proto] epoch 4/5  sigreg=0.3555  proto=2.6888  min_dist=2.44  mean_dist=7.78
  [sigreg+proto] epoch 5/5  sigreg=0.3688  proto=2.5693  min_dist=2.51  mean_dist=7.89
  round 2: pool=392 purity=0.015 k-hat=9 anchors=19  margin=0.6401  mean-anchor=0.7616  
  [gcd-sigreg-ft] per-event post f=0.01: power=0.120
  [gcd-sigreg-ft] sparker (post, annealed)
    post-spk f=0.01: power=0.080 [0.042,0.138] (4/50)
  [gcd-sigreg-ft] maha (post)
    post-maha f=0.01: power=0.140 [0.090,0.207] (7/50)
  [gcd-sigreg-ft] mmd (post)
    post-mmd f=0.01: power=0.180 [0.124,0.251] (9/50)

===== POST grid, f=0.02 (157 injected) =====
  [sigreg+proto] epoch 1/5  sigreg=0.7621  proto=19.0785  min_dist=4.11  mean_dist=22.55
  [sigreg+proto] epoch 2/5  sigreg=0.7556  proto=16.5886  min_dist=4.12  mean_dist=22.54
  [sigreg+proto] epoch 3/5  sigreg=0.6774  proto=13.1467  min_dist=4.13  mean_dist=22.53
  [sigreg+proto] epoch 4/5  sigreg=0.6701  proto=11.4504  min_dist=4.13  mean_dist=22.52
  [sigreg+proto] epoch 5/5  sigreg=0.6716  proto=10.9460  min_dist=4.13  mean_dist=22.51
  round 1: pool=408 purity=0.054 k-hat=12 anchors=12  margin=0.5593  mean-anchor=0.6930  
  [sigreg+proto] epoch 1/5  sigreg=0.6789  proto=11.9769  min_dist=4.14  mean_dist=23.98
  [sigreg+proto] epoch 2/5  sigreg=0.6496  proto=10.1313  min_dist=4.14  mean_dist=23.98
  [sigreg+proto] epoch 3/5  sigreg=0.6268  proto=9.0859  min_dist=4.16  mean_dist=23.97
  [sigreg+proto] epoch 4/5  sigreg=0.6028  proto=8.7592  min_dist=4.17  mean_dist=23.96
  [sigreg+proto] epoch 5/5  sigreg=0.6370  proto=7.9775  min_dist=4.17  mean_dist=23.95
  round 2: pool=402 purity=0.040 k-hat=12 anchors=24  margin=0.6073  mean-anchor=0.8448  
  [gcd-ft] per-event post f=0.02: power=0.160
  [gcd-ft] sparker (post, annealed)
    post-spk f=0.02: power=0.060 [0.028,0.115] (3/50)
  [gcd-ft] maha (post)
    post-maha f=0.02: power=0.180 [0.124,0.251] (9/50)
  [gcd-ft] mmd (post)
    post-mmd f=0.02: power=0.100 [0.058,0.162] (5/50)
  [sigreg+proto] epoch 1/5  sigreg=0.3539  proto=4.7860  min_dist=1.93  mean_dist=6.83
  [sigreg+proto] epoch 2/5  sigreg=0.3893  proto=4.0061  min_dist=2.00  mean_dist=6.94
  [sigreg+proto] epoch 3/5  sigreg=0.3284  proto=3.5139  min_dist=2.06  mean_dist=7.05
  [sigreg+proto] epoch 4/5  sigreg=0.3500  proto=3.1665  min_dist=2.12  mean_dist=7.16
  [sigreg+proto] epoch 5/5  sigreg=0.3506  proto=3.0935  min_dist=2.19  mean_dist=7.26
  round 1: pool=394 purity=0.020 k-hat=12 anchors=12  margin=0.6396  mean-anchor=0.6667  
  [sigreg+proto] epoch 1/5  sigreg=0.3585  proto=3.2673  min_dist=2.27  mean_dist=7.46
  [sigreg+proto] epoch 2/5  sigreg=0.3629  proto=2.9241  min_dist=2.35  mean_dist=7.58
  [sigreg+proto] epoch 3/5  sigreg=0.3507  proto=2.7766  min_dist=2.42  mean_dist=7.69
  [sigreg+proto] epoch 4/5  sigreg=0.3595  proto=2.5946  min_dist=2.50  mean_dist=7.79
  [sigreg+proto] epoch 5/5  sigreg=0.3647  proto=2.3319  min_dist=2.57  mean_dist=7.90
  round 2: pool=404 purity=0.045 k-hat=10 anchors=22  margin=0.6466  mean-anchor=0.7449  
  [gcd-sigreg-ft] per-event post f=0.02: power=0.169
  [gcd-sigreg-ft] sparker (post, annealed)
    post-spk f=0.02: power=0.120 [0.074,0.184] (6/50)
  [gcd-sigreg-ft] maha (post)
    post-maha f=0.02: power=0.140 [0.090,0.207] (7/50)
  [gcd-sigreg-ft] mmd (post)
    post-mmd f=0.02: power=0.100 [0.058,0.162] (5/50)

===== POST grid, f=0.05 (406 injected) =====
  [sigreg+proto] epoch 1/5  sigreg=0.7999  proto=19.8963  min_dist=4.10  mean_dist=23.06
  [sigreg+proto] epoch 2/5  sigreg=0.7211  proto=15.4875  min_dist=4.10  mean_dist=23.05
  [sigreg+proto] epoch 3/5  sigreg=0.6843  proto=13.1503  min_dist=4.11  mean_dist=23.04
  [sigreg+proto] epoch 4/5  sigreg=0.6449  proto=11.9276  min_dist=4.10  mean_dist=23.02
  [sigreg+proto] epoch 5/5  sigreg=0.6956  proto=11.0969  min_dist=4.10  mean_dist=23.01
  round 1: pool=430 purity=0.102 k-hat=12 anchors=12  margin=0.5728  mean-anchor=0.7855  
  [sigreg+proto] epoch 1/5  sigreg=0.6434  proto=11.8699  min_dist=4.13  mean_dist=24.54
  [sigreg+proto] epoch 2/5  sigreg=0.6403  proto=10.6104  min_dist=4.14  mean_dist=24.53
  [sigreg+proto] epoch 3/5  sigreg=0.6882  proto=10.0679  min_dist=4.15  mean_dist=24.52
  [sigreg+proto] epoch 4/5  sigreg=0.6359  proto=8.8171  min_dist=4.14  mean_dist=24.51
  [sigreg+proto] epoch 5/5  sigreg=0.6062  proto=7.7184  min_dist=4.14  mean_dist=24.50
  round 2: pool=418 purity=0.077 k-hat=12 anchors=24  margin=0.5546  mean-anchor=0.8060  
  [gcd-ft] per-event post f=0.05: power=0.157
  [gcd-ft] sparker (post, annealed)
    post-spk f=0.05: power=0.280 [0.213,0.357] (14/50)
  [gcd-ft] maha (post)
    post-maha f=0.05: power=0.540 [0.460,0.618] (27/50)
  [gcd-ft] mmd (post)
    post-mmd f=0.05: power=0.100 [0.058,0.162] (5/50)
  [sigreg+proto] epoch 1/5  sigreg=0.3194  proto=4.5257  min_dist=1.92  mean_dist=6.82
  [sigreg+proto] epoch 2/5  sigreg=0.3921  proto=4.0324  min_dist=1.99  mean_dist=6.93
  [sigreg+proto] epoch 3/5  sigreg=0.3319  proto=3.4383  min_dist=2.07  mean_dist=7.04
  [sigreg+proto] epoch 4/5  sigreg=0.3531  proto=3.2162  min_dist=2.13  mean_dist=7.15
  [sigreg+proto] epoch 5/5  sigreg=0.3276  proto=2.9730  min_dist=2.20  mean_dist=7.26
  round 1: pool=407 purity=0.052 k-hat=12 anchors=12  margin=0.6408  mean-anchor=0.6865  
  [sigreg+proto] epoch 1/5  sigreg=0.3520  proto=3.4711  min_dist=2.27  mean_dist=7.46
  [sigreg+proto] epoch 2/5  sigreg=0.3634  proto=2.8239  min_dist=2.35  mean_dist=7.58
  [sigreg+proto] epoch 3/5  sigreg=0.3476  proto=2.7389  min_dist=2.42  mean_dist=7.69
  [sigreg+proto] epoch 4/5  sigreg=0.3586  proto=2.6149  min_dist=2.49  mean_dist=7.81
  [sigreg+proto] epoch 5/5  sigreg=0.3542  proto=2.4885  min_dist=2.56  mean_dist=7.92
  round 2: pool=411 purity=0.061 k-hat=8 anchors=20  margin=0.6492  mean-anchor=0.7399  
  [gcd-sigreg-ft] per-event post f=0.05: power=0.138
  [gcd-sigreg-ft] sparker (post, annealed)
    post-spk f=0.05: power=0.440 [0.362,0.520] (22/50)
  [gcd-sigreg-ft] maha (post)
    post-maha f=0.05: power=0.180 [0.124,0.251] (9/50)
  [gcd-sigreg-ft] mmd (post)
    post-mmd f=0.05: power=0.160 [0.107,0.229] (8/50)

===== EXP70 PEREVENT POST POWER =====
  arm                 0.003     0.01     0.02     0.05
  gcd-ft              0.099    0.178    0.160    0.157
  gcd-sigreg-ft       0.113    0.120    0.169    0.138
  saved /home/pharris/sigreg/SuperSig/plots/exp70_perevent_power_post_cars_dino_ft70_gcd.png

===== EXP70 SPARKER POST POWER =====
  arm                 0.003     0.01     0.02     0.05
  gcd-ft              0.100    0.100    0.060    0.280
  gcd-sigreg-ft       0.060    0.080    0.120    0.440
  saved /home/pharris/sigreg/SuperSig/plots/exp70_sparker_power_post_cars_dino_ft70_gcd.png

===== EXP70 MAHA POST POWER =====
  arm                 0.003     0.01     0.02     0.05
  gcd-ft              0.040    0.120    0.180    0.540
  gcd-sigreg-ft       0.140    0.140    0.140    0.180
  saved /home/pharris/sigreg/SuperSig/plots/exp70_maha_power_post_cars_dino_ft70_gcd.png

===== EXP70 MMD POST POWER =====
  arm                 0.003     0.01     0.02     0.05
  gcd-ft              0.100    0.120    0.100    0.100
  gcd-sigreg-ft       0.060    0.180    0.100    0.160
  saved /home/pharris/sigreg/SuperSig/plots/exp70_mmd_power_post_cars_dino_ft70_gcd.png

===== EXP70 SUMMARY [cars_dino_ft70_gcd] =====
  [gcd-ft        ] probe=0.7298+-0.0046 acc=0.2935 eucl=0.5460 mahaT=0.5376  || post: probe=0.7611 eucl=0.5319 mahaT=0.5225
          round 1: purity=0.111 anchors=12  margin=0.5158
          round 2: purity=0.090 anchors=24  margin=0.5719
  [gcd-sigreg-ft ] probe=0.7145+-0.0068 acc=0.1827 eucl=0.5284 mahaT=0.5330  || post: probe=0.7453 eucl=0.5407 mahaT=0.5348
          round 1: purity=0.056 anchors=11  margin=0.6240
          round 2: purity=0.074 anchors=23  margin=0.6369
saved /home/pharris/sigreg/SuperSig/plots/exp70_probe_cars_dino_ft70_gcd.png
Done.
