/home/pharris/venv/lib64/python3.9/site-packages/networkx/utils/backends.py:135: RuntimeWarning: networkx backend defined more than once: nx-loopback
  backends.update(_get_backends("networkx.backends"))
  galaxy10:visreg: 3 trained pairs (tag '_h1_d7')

=== galaxy10:visreg|supcon-ft->res  holdouts=[4]
child/parent RMS-norm ratio: 0.9840
         mode    probe     eucl   dim
          raw   0.9586   0.7122   200
  standardize   0.9462   0.7051   200
     unitnorm   0.8868   0.7097   200
       whiten   0.9711   0.5966   200
  parent-only   0.8871   0.8039   100
   child-only   0.9496   0.5259   100

=== galaxy10:visreg|ss-ft->res  holdouts=[4]
child/parent RMS-norm ratio: 1.1073
         mode    probe     eucl   dim
          raw   0.8538   0.7488   200
  standardize   0.9618   0.7675   200
     unitnorm   0.7477   0.7646   200
       whiten   0.9669   0.7242   200
  parent-only   0.6093   0.8190   100
   child-only   0.7789   0.5376   100

=== galaxy10:visreg|supcon-ft->resnplm  holdouts=[4]
child/parent RMS-norm ratio: 0.9548
         mode    probe     eucl   dim
          raw   0.9103   0.8355   200
  standardize   0.9261   0.8378   200
     unitnorm   0.8795   0.8366   200
       whiten   0.9696   0.7689   200
  parent-only   0.8871   0.8039   100
   child-only   0.8543   0.8447   100

wrote logs/exp134/combine_galaxy10-visreg_h1_d7.json
