/home/pharris/venv/lib64/python3.9/site-packages/networkx/utils/backends.py:135: RuntimeWarning: networkx backend defined more than once: nx-loopback
  backends.update(_get_backends("networkx.backends"))

######## cars:visreg: holdouts=[186, 187, 188, 189]... ########

  --- frozen: pre probe=0.8195 eucl=0.5219 mahaT=0.5354 perevt=0.038
  [sigreg+proto] epoch 1/5  sigreg=0.1587  proto=72.9204  min_dist=5.04  mean_dist=18.14
  [sigreg+proto] epoch 2/5  sigreg=0.1602  proto=70.8849  min_dist=5.03  mean_dist=18.13
  [sigreg+proto] epoch 3/5  sigreg=0.1570  proto=72.7791  min_dist=5.02  mean_dist=18.11
  [sigreg+proto] epoch 4/5  sigreg=0.1605  proto=70.0884  min_dist=5.01  mean_dist=18.09
  [sigreg+proto] epoch 5/5  sigreg=0.1635  proto=68.4244  min_dist=5.01  mean_dist=18.08
  round 1: pool=414 purity=0.068 k-hat=11 anchors=11  margin=0.5107  mean-anchor=0.6184  
  [sigreg+proto] epoch 1/5  sigreg=0.1675  proto=72.8367  min_dist=5.02  mean_dist=19.17
  [sigreg+proto] epoch 2/5  sigreg=0.1643  proto=66.6577  min_dist=5.01  mean_dist=19.17
  [sigreg+proto] epoch 3/5  sigreg=0.1662  proto=68.8674  min_dist=5.03  mean_dist=19.15
  [sigreg+proto] epoch 4/5  sigreg=0.1656  proto=65.9280  min_dist=5.04  mean_dist=19.14
  [sigreg+proto] epoch 5/5  sigreg=0.1654  proto=65.9194  min_dist=5.05  mean_dist=19.13
  round 2: pool=411 purity=0.061 k-hat=12 anchors=23  margin=0.5268  mean-anchor=0.6144  
    [dist frozen     ] purity r1=0.068 r2=0.061  probe 0.819->0.819  eucl 0.522->0.522  perevt 0.038->0.038  drift 0.000
  [sigreg+proto] epoch 1/5  sigreg=0.1681  proto=72.5196  min_dist=5.01  mean_dist=18.13
  [sigreg+proto] epoch 2/5  sigreg=0.1722  proto=69.3169  min_dist=5.00  mean_dist=18.11
  [sigreg+proto] epoch 3/5  sigreg=0.1649  proto=71.4941  min_dist=4.97  mean_dist=18.08
  [sigreg+proto] epoch 4/5  sigreg=0.1709  proto=67.4914  min_dist=4.94  mean_dist=18.06
  [sigreg+proto] epoch 5/5  sigreg=0.1752  proto=67.0927  min_dist=4.93  mean_dist=18.03
  round 1: pool=414 purity=0.068 k-hat=11 anchors=11  margin=0.5081  mean-anchor=0.6155  
  [sigreg+proto] epoch 1/5  sigreg=0.1711  proto=71.9039  min_dist=4.94  mean_dist=18.75
  [sigreg+proto] epoch 2/5  sigreg=0.1798  proto=68.0052  min_dist=4.96  mean_dist=18.73
  [sigreg+proto] epoch 3/5  sigreg=0.1788  proto=65.1042  min_dist=4.99  mean_dist=18.71
  [sigreg+proto] epoch 4/5  sigreg=0.1791  proto=63.6842  min_dist=5.04  mean_dist=18.68
  [sigreg+proto] epoch 5/5  sigreg=0.1755  proto=62.5379  min_dist=5.08  mean_dist=18.66
  round 2: pool=413 purity=0.065 k-hat=10 anchors=21  margin=0.5252  mean-anchor=0.6369  
    [dist corpus-norm] purity r1=0.068 r2=0.065  probe 0.819->0.814  eucl 0.522->0.522  perevt 0.038->0.038  drift 0.063
  [sigreg+proto] epoch 1/5  sigreg=0.1610  proto=56.4954  min_dist=5.04  mean_dist=16.71
  [sigreg+proto] epoch 2/5  sigreg=0.1608  proto=57.0573  min_dist=5.08  mean_dist=16.69
  [sigreg+proto] epoch 3/5  sigreg=0.1575  proto=56.8639  min_dist=5.08  mean_dist=16.67
  [sigreg+proto] epoch 4/5  sigreg=0.1602  proto=56.5280  min_dist=5.11  mean_dist=16.65
  [sigreg+proto] epoch 5/5  sigreg=0.1625  proto=54.1235  min_dist=5.11  mean_dist=16.63
  round 1: pool=419 purity=0.079 k-hat=3 anchors=3  margin=0.5791  mean-anchor=0.6101  
  [sigreg+proto] epoch 1/5  sigreg=0.1617  proto=56.9296  min_dist=5.16  mean_dist=17.13
  [sigreg+proto] epoch 2/5  sigreg=0.1630  proto=55.0984  min_dist=5.20  mean_dist=17.12
  [sigreg+proto] epoch 3/5  sigreg=0.1653  proto=53.4812  min_dist=5.22  mean_dist=17.11
  [sigreg+proto] epoch 4/5  sigreg=0.1640  proto=50.5466  min_dist=5.22  mean_dist=17.10
  [sigreg+proto] epoch 5/5  sigreg=0.1653  proto=50.7112  min_dist=5.22  mean_dist=17.10
  round 2: pool=438 purity=0.119 k-hat=6 anchors=9  margin=0.5805  mean-anchor=0.6441  
    [np   frozen     ] purity r1=0.079 r2=0.119  probe 0.819->0.819  eucl 0.522->0.522  perevt 0.038->0.038  drift 0.000
  [sigreg+proto] epoch 1/5  sigreg=0.1664  proto=58.8073  min_dist=5.04  mean_dist=16.70
  [sigreg+proto] epoch 2/5  sigreg=0.1655  proto=60.3338  min_dist=5.05  mean_dist=16.67
  [sigreg+proto] epoch 3/5  sigreg=0.1650  proto=61.2539  min_dist=5.06  mean_dist=16.65
  [sigreg+proto] epoch 4/5  sigreg=0.1660  proto=59.0478  min_dist=5.09  mean_dist=16.62
  [sigreg+proto] epoch 5/5  sigreg=0.1731  proto=58.6132  min_dist=5.09  mean_dist=16.59
  round 1: pool=419 purity=0.079 k-hat=3 anchors=3  margin=0.5788  mean-anchor=0.6090  
  [sigreg+proto] epoch 1/5  sigreg=0.1719  proto=62.2318  min_dist=5.16  mean_dist=17.26
  [sigreg+proto] epoch 2/5  sigreg=0.1723  proto=59.7042  min_dist=5.17  mean_dist=17.25
  [sigreg+proto] epoch 3/5  sigreg=0.1730  proto=56.0093  min_dist=5.16  mean_dist=17.23
  [sigreg+proto] epoch 4/5  sigreg=0.1738  proto=58.4443  min_dist=5.17  mean_dist=17.22
  [sigreg+proto] epoch 5/5  sigreg=0.1735  proto=56.2067  min_dist=5.17  mean_dist=17.20
  round 2: pool=439 purity=0.121 k-hat=8 anchors=11  margin=0.5768  mean-anchor=0.6481  
    [np   corpus-norm] purity r1=0.079 r2=0.121  probe 0.819->0.823  eucl 0.522->0.522  perevt 0.038->0.038  drift 0.014

===== EXP135 SUMMARY (paired frozen vs corpus-norm; gate 0.15) =====
  cell|arm|scorer                              r1  r2 frz   r2 cn    d r2    probe frz/cn  drift
  cars:visreg|frozen|dist                 0.068   0.061   0.065  +0.005   0.819/0.814    0.063
  cars:visreg|frozen|np                   0.079   0.119   0.121  +0.002   0.819/0.823    0.014

wrote logs/exp135/corpus_norm_cars-visreg_frozen.json
EXP135 DONE.
