/home/pharris/venv/lib64/python3.9/site-packages/networkx/utils/backends.py:135: RuntimeWarning: networkx backend defined more than once: nx-loopback
  backends.update(_get_backends("networkx.backends"))

----- cifar100_tau0.05_on_s0 (20 ep, 32d) -----
Using cache found in /home/pharris/.cache/torch/hub/chenyaofo_pytorch-cifar-models_master
  CIFAR two-view embedding-train images (no {4}): 49500
  [softmax/cosine] epoch 1/20  interaction=4.3311  marginal=0.5478
  [softmax/cosine] epoch 2/20  interaction=4.0804  marginal=0.5010
  [softmax/cosine] epoch 3/20  interaction=3.9947  marginal=0.4856
  [softmax/cosine] epoch 4/20  interaction=3.9503  marginal=0.4859
  [softmax/cosine] epoch 5/20  interaction=3.9022  marginal=0.4773
  [softmax/cosine] epoch 6/20  interaction=3.8651  marginal=0.4666
  [softmax/cosine] epoch 7/20  interaction=3.8297  marginal=0.4560
  [softmax/cosine] epoch 8/20  interaction=3.8106  marginal=0.4567
  [softmax/cosine] epoch 9/20  interaction=3.7960  marginal=0.4529
  [softmax/cosine] epoch 10/20  interaction=3.7683  marginal=0.4479
  [softmax/cosine] epoch 11/20  interaction=3.7633  marginal=0.4497
  [softmax/cosine] epoch 12/20  interaction=3.7398  marginal=0.4477
  [softmax/cosine] epoch 13/20  interaction=3.7264  marginal=0.4432
  [softmax/cosine] epoch 14/20  interaction=3.7184  marginal=0.4360
  [softmax/cosine] epoch 15/20  interaction=3.6981  marginal=0.4368
  [softmax/cosine] epoch 16/20  interaction=3.6972  marginal=0.4349
  [softmax/cosine] epoch 17/20  interaction=3.6785  marginal=0.4304
  [softmax/cosine] epoch 18/20  interaction=3.6684  marginal=0.4311
  [softmax/cosine] epoch 19/20  interaction=3.6679  marginal=0.4274
  [softmax/cosine] epoch 20/20  interaction=3.6439  marginal=0.4256
  [cifar100_tau0.05_on_s0] probe=0.9427 mahaT=0.2415 perevt=0.000

----- cifar100_tau0.05_on_s1 (20 ep, 32d) -----
Using cache found in /home/pharris/.cache/torch/hub/chenyaofo_pytorch-cifar-models_master
  CIFAR two-view embedding-train images (no {4}): 49500
  [softmax/cosine] epoch 1/20  interaction=4.3455  marginal=0.5537
  [softmax/cosine] epoch 2/20  interaction=4.0879  marginal=0.4966
  [softmax/cosine] epoch 3/20  interaction=3.9964  marginal=0.4804
  [softmax/cosine] epoch 4/20  interaction=3.9503  marginal=0.4728
  [softmax/cosine] epoch 5/20  interaction=3.8928  marginal=0.4600
  [softmax/cosine] epoch 6/20  interaction=3.8740  marginal=0.4578
  [softmax/cosine] epoch 7/20  interaction=3.8453  marginal=0.4501
  [softmax/cosine] epoch 8/20  interaction=3.8236  marginal=0.4512
  [softmax/cosine] epoch 9/20  interaction=3.8018  marginal=0.4434
  [softmax/cosine] epoch 10/20  interaction=3.7809  marginal=0.4431
  [softmax/cosine] epoch 11/20  interaction=3.7567  marginal=0.4366
  [softmax/cosine] epoch 12/20  interaction=3.7340  marginal=0.4334
  [softmax/cosine] epoch 13/20  interaction=3.7280  marginal=0.4314
  [softmax/cosine] epoch 14/20  interaction=3.7226  marginal=0.4324
  [softmax/cosine] epoch 15/20  interaction=3.7057  marginal=0.4264
  [softmax/cosine] epoch 16/20  interaction=3.6865  marginal=0.4291
  [softmax/cosine] epoch 17/20  interaction=3.6769  marginal=0.4243
  [softmax/cosine] epoch 18/20  interaction=3.6669  marginal=0.4220
  [softmax/cosine] epoch 19/20  interaction=3.6571  marginal=0.4193
  [softmax/cosine] epoch 20/20  interaction=3.6525  marginal=0.4205
  [cifar100_tau0.05_on_s1] probe=0.9318 mahaT=0.2216 perevt=0.000

----- cifar100_tau0.05_on_s2 (20 ep, 32d) -----
Using cache found in /home/pharris/.cache/torch/hub/chenyaofo_pytorch-cifar-models_master
  CIFAR two-view embedding-train images (no {4}): 49500
  [softmax/cosine] epoch 1/20  interaction=4.3342  marginal=0.5477
  [softmax/cosine] epoch 2/20  interaction=4.0815  marginal=0.5031
  [softmax/cosine] epoch 3/20  interaction=4.0045  marginal=0.4846
  [softmax/cosine] epoch 4/20  interaction=3.9522  marginal=0.4737
  [softmax/cosine] epoch 5/20  interaction=3.9059  marginal=0.4692
  [softmax/cosine] epoch 6/20  interaction=3.8673  marginal=0.4624
  [softmax/cosine] epoch 7/20  interaction=3.8407  marginal=0.4543
  [softmax/cosine] epoch 8/20  interaction=3.8180  marginal=0.4525
  [softmax/cosine] epoch 9/20  interaction=3.8049  marginal=0.4437
  [softmax/cosine] epoch 10/20  interaction=3.7867  marginal=0.4420
  [softmax/cosine] epoch 11/20  interaction=3.7673  marginal=0.4445
  [softmax/cosine] epoch 12/20  interaction=3.7519  marginal=0.4377
  [softmax/cosine] epoch 13/20  interaction=3.7311  marginal=0.4377
  [softmax/cosine] epoch 14/20  interaction=3.7186  marginal=0.4345
  [softmax/cosine] epoch 15/20  interaction=3.7097  marginal=0.4304
  [softmax/cosine] epoch 16/20  interaction=3.6953  marginal=0.4303
  [softmax/cosine] epoch 17/20  interaction=3.6807  marginal=0.4268
  [softmax/cosine] epoch 18/20  interaction=3.6588  marginal=0.4208
  [softmax/cosine] epoch 19/20  interaction=3.6641  marginal=0.4223
  [softmax/cosine] epoch 20/20  interaction=3.6516  marginal=0.4228
  [cifar100_tau0.05_on_s2] probe=0.9316 mahaT=0.1916 perevt=0.000

----- cifar100_tau0.1_on_s0 (20 ep, 32d) -----
Using cache found in /home/pharris/.cache/torch/hub/chenyaofo_pytorch-cifar-models_master
  CIFAR two-view embedding-train images (no {4}): 49500
  [softmax/cosine] epoch 1/20  interaction=4.3557  marginal=0.2183
  [softmax/cosine] epoch 2/20  interaction=4.1125  marginal=0.1088
  [softmax/cosine] epoch 3/20  interaction=4.0265  marginal=0.0962
  [softmax/cosine] epoch 4/20  interaction=3.9807  marginal=0.0898
  [softmax/cosine] epoch 5/20  interaction=3.9311  marginal=0.0857
  [softmax/cosine] epoch 6/20  interaction=3.8921  marginal=0.0824
  [softmax/cosine] epoch 7/20  interaction=3.8513  marginal=0.0811
  [softmax/cosine] epoch 8/20  interaction=3.8295  marginal=0.0785
  [softmax/cosine] epoch 9/20  interaction=3.8063  marginal=0.0763
  [softmax/cosine] epoch 10/20  interaction=3.7831  marginal=0.0756
  [softmax/cosine] epoch 11/20  interaction=3.7806  marginal=0.0747
  [softmax/cosine] epoch 12/20  interaction=3.7569  marginal=0.0717
  [softmax/cosine] epoch 13/20  interaction=3.7320  marginal=0.0724
  [softmax/cosine] epoch 14/20  interaction=3.7291  marginal=0.0708
  [softmax/cosine] epoch 15/20  interaction=3.7076  marginal=0.0709
  [softmax/cosine] epoch 16/20  interaction=3.7055  marginal=0.0713
  [softmax/cosine] epoch 17/20  interaction=3.6923  marginal=0.0684
  [softmax/cosine] epoch 18/20  interaction=3.6675  marginal=0.0699
  [softmax/cosine] epoch 19/20  interaction=3.6742  marginal=0.0672
  [softmax/cosine] epoch 20/20  interaction=3.6465  marginal=0.0688
  [cifar100_tau0.1_on_s0] probe=0.8585 mahaT=0.4134 perevt=0.000

----- cifar100_tau0.1_on_s1 (20 ep, 32d) -----
Using cache found in /home/pharris/.cache/torch/hub/chenyaofo_pytorch-cifar-models_master
  CIFAR two-view embedding-train images (no {4}): 49500
  [softmax/cosine] epoch 1/20  interaction=4.3683  marginal=0.2302
  [softmax/cosine] epoch 2/20  interaction=4.1172  marginal=0.1120
  [softmax/cosine] epoch 3/20  interaction=4.0263  marginal=0.0965
  [softmax/cosine] epoch 4/20  interaction=3.9791  marginal=0.0900
  [softmax/cosine] epoch 5/20  interaction=3.9197  marginal=0.0850
  [softmax/cosine] epoch 6/20  interaction=3.8928  marginal=0.0831
  [softmax/cosine] epoch 7/20  interaction=3.8590  marginal=0.0810
  [softmax/cosine] epoch 8/20  interaction=3.8367  marginal=0.0782
  [softmax/cosine] epoch 9/20  interaction=3.8167  marginal=0.0795
  [softmax/cosine] epoch 10/20  interaction=3.7833  marginal=0.0765
  [softmax/cosine] epoch 11/20  interaction=3.7646  marginal=0.0736
  [softmax/cosine] epoch 12/20  interaction=3.7443  marginal=0.0739
  [softmax/cosine] epoch 13/20  interaction=3.7333  marginal=0.0714
  [softmax/cosine] epoch 14/20  interaction=3.7248  marginal=0.0716
  [softmax/cosine] epoch 15/20  interaction=3.7091  marginal=0.0717
  [softmax/cosine] epoch 16/20  interaction=3.6944  marginal=0.0705
  [softmax/cosine] epoch 17/20  interaction=3.6752  marginal=0.0682
  [softmax/cosine] epoch 18/20  interaction=3.6686  marginal=0.0691
  [softmax/cosine] epoch 19/20  interaction=3.6622  marginal=0.0694
  [softmax/cosine] epoch 20/20  interaction=3.6490  marginal=0.0673
  [cifar100_tau0.1_on_s1] probe=0.8813 mahaT=0.4372 perevt=0.000

----- cifar100_tau0.1_on_s2 (20 ep, 32d) -----
Using cache found in /home/pharris/.cache/torch/hub/chenyaofo_pytorch-cifar-models_master
  CIFAR two-view embedding-train images (no {4}): 49500
  [softmax/cosine] epoch 1/20  interaction=4.3415  marginal=0.2253
  [softmax/cosine] epoch 2/20  interaction=4.0992  marginal=0.1102
  [softmax/cosine] epoch 3/20  interaction=4.0323  marginal=0.0965
  [softmax/cosine] epoch 4/20  interaction=3.9688  marginal=0.0910
  [softmax/cosine] epoch 5/20  interaction=3.9181  marginal=0.0856
  [softmax/cosine] epoch 6/20  interaction=3.8862  marginal=0.0821
  [softmax/cosine] epoch 7/20  interaction=3.8566  marginal=0.0809
  [softmax/cosine] epoch 8/20  interaction=3.8264  marginal=0.0776
  [softmax/cosine] epoch 9/20  interaction=3.8075  marginal=0.0777
  [softmax/cosine] epoch 10/20  interaction=3.7945  marginal=0.0747
  [softmax/cosine] epoch 11/20  interaction=3.7726  marginal=0.0744
  [softmax/cosine] epoch 12/20  interaction=3.7595  marginal=0.0740
  [softmax/cosine] epoch 13/20  interaction=3.7333  marginal=0.0707
  [softmax/cosine] epoch 14/20  interaction=3.7163  marginal=0.0707
  [softmax/cosine] epoch 15/20  interaction=3.7094  marginal=0.0702
  [softmax/cosine] epoch 16/20  interaction=3.7000  marginal=0.0700
  [softmax/cosine] epoch 17/20  interaction=3.6858  marginal=0.0683
  [softmax/cosine] epoch 18/20  interaction=3.6650  marginal=0.0683
  [softmax/cosine] epoch 19/20  interaction=3.6595  marginal=0.0666
  [softmax/cosine] epoch 20/20  interaction=3.6419  marginal=0.0659
  [cifar100_tau0.1_on_s2] probe=0.8929 mahaT=0.4047 perevt=0.000

----- cifar100_tau0.3_on_s0 (20 ep, 32d) -----
Using cache found in /home/pharris/.cache/torch/hub/chenyaofo_pytorch-cifar-models_master
  CIFAR two-view embedding-train images (no {4}): 49500
  [softmax/cosine] epoch 1/20  interaction=4.8535  marginal=0.0783
  [softmax/cosine] epoch 2/20  interaction=4.6488  marginal=0.0376
  [softmax/cosine] epoch 3/20  interaction=4.5876  marginal=0.0368
  [softmax/cosine] epoch 4/20  interaction=4.5565  marginal=0.0365
  [softmax/cosine] epoch 5/20  interaction=4.5202  marginal=0.0366
  [softmax/cosine] epoch 6/20  interaction=4.4987  marginal=0.0371
  [softmax/cosine] epoch 7/20  interaction=4.4727  marginal=0.0369
  [softmax/cosine] epoch 8/20  interaction=4.4566  marginal=0.0367
  [softmax/cosine] epoch 9/20  interaction=4.4443  marginal=0.0366
  [softmax/cosine] epoch 10/20  interaction=4.4272  marginal=0.0357
  [softmax/cosine] epoch 11/20  interaction=4.4214  marginal=0.0359
  [softmax/cosine] epoch 12/20  interaction=4.4087  marginal=0.0354
  [softmax/cosine] epoch 13/20  interaction=4.3946  marginal=0.0353
  [softmax/cosine] epoch 14/20  interaction=4.3932  marginal=0.0348
  [softmax/cosine] epoch 15/20  interaction=4.3784  marginal=0.0348
  [softmax/cosine] epoch 16/20  interaction=4.3774  marginal=0.0347
  [softmax/cosine] epoch 17/20  interaction=4.3675  marginal=0.0344
  [softmax/cosine] epoch 18/20  interaction=4.3555  marginal=0.0340
  [softmax/cosine] epoch 19/20  interaction=4.3585  marginal=0.0344
  [softmax/cosine] epoch 20/20  interaction=4.3436  marginal=0.0341
  [cifar100_tau0.3_on_s0] probe=0.9135 mahaT=0.5109 perevt=0.020

----- cifar100_tau0.3_on_s1 (20 ep, 32d) -----
Using cache found in /home/pharris/.cache/torch/hub/chenyaofo_pytorch-cifar-models_master
  CIFAR two-view embedding-train images (no {4}): 49500
  [softmax/cosine] epoch 1/20  interaction=4.8544  marginal=0.0818
  [softmax/cosine] epoch 2/20  interaction=4.6564  marginal=0.0388
  [softmax/cosine] epoch 3/20  interaction=4.5920  marginal=0.0374
  [softmax/cosine] epoch 4/20  interaction=4.5560  marginal=0.0373
  [softmax/cosine] epoch 5/20  interaction=4.5178  marginal=0.0370
  [softmax/cosine] epoch 6/20  interaction=4.4983  marginal=0.0364
  [softmax/cosine] epoch 7/20  interaction=4.4778  marginal=0.0365
  [softmax/cosine] epoch 8/20  interaction=4.4608  marginal=0.0358
  [softmax/cosine] epoch 9/20  interaction=4.4469  marginal=0.0359
  [softmax/cosine] epoch 10/20  interaction=4.4282  marginal=0.0357
  [softmax/cosine] epoch 11/20  interaction=4.4211  marginal=0.0355
  [softmax/cosine] epoch 12/20  interaction=4.4061  marginal=0.0346
  [softmax/cosine] epoch 13/20  interaction=4.4018  marginal=0.0347
  [softmax/cosine] epoch 14/20  interaction=4.3925  marginal=0.0344
  [softmax/cosine] epoch 15/20  interaction=4.3803  marginal=0.0341
  [softmax/cosine] epoch 16/20  interaction=4.3720  marginal=0.0338
  [softmax/cosine] epoch 17/20  interaction=4.3628  marginal=0.0338
  [softmax/cosine] epoch 18/20  interaction=4.3550  marginal=0.0333
  [softmax/cosine] epoch 19/20  interaction=4.3505  marginal=0.0331
  [softmax/cosine] epoch 20/20  interaction=4.3478  marginal=0.0330
  [cifar100_tau0.3_on_s1] probe=0.9112 mahaT=0.5418 perevt=0.050

----- cifar100_tau0.3_on_s2 (20 ep, 32d) -----
Using cache found in /home/pharris/.cache/torch/hub/chenyaofo_pytorch-cifar-models_master
  CIFAR two-view embedding-train images (no {4}): 49500
  [softmax/cosine] epoch 1/20  interaction=4.8478  marginal=0.0812
  [softmax/cosine] epoch 2/20  interaction=4.6459  marginal=0.0382
  [softmax/cosine] epoch 3/20  interaction=4.5865  marginal=0.0373
  [softmax/cosine] epoch 4/20  interaction=4.5471  marginal=0.0361
  [softmax/cosine] epoch 5/20  interaction=4.5162  marginal=0.0357
  [softmax/cosine] epoch 6/20  interaction=4.4891  marginal=0.0360
  [softmax/cosine] epoch 7/20  interaction=4.4742  marginal=0.0358
  [softmax/cosine] epoch 8/20  interaction=4.4569  marginal=0.0355
  [softmax/cosine] epoch 9/20  interaction=4.4401  marginal=0.0353
  [softmax/cosine] epoch 10/20  interaction=4.4318  marginal=0.0350
  [softmax/cosine] epoch 11/20  interaction=4.4199  marginal=0.0347
  [softmax/cosine] epoch 12/20  interaction=4.4080  marginal=0.0344
  [softmax/cosine] epoch 13/20  interaction=4.3961  marginal=0.0343
  [softmax/cosine] epoch 14/20  interaction=4.3853  marginal=0.0339
  [softmax/cosine] epoch 15/20  interaction=4.3796  marginal=0.0340
  [softmax/cosine] epoch 16/20  interaction=4.3715  marginal=0.0339
  [softmax/cosine] epoch 17/20  interaction=4.3637  marginal=0.0335
  [softmax/cosine] epoch 18/20  interaction=4.3529  marginal=0.0336
  [softmax/cosine] epoch 19/20  interaction=4.3501  marginal=0.0331
  [softmax/cosine] epoch 20/20  interaction=4.3415  marginal=0.0328
  [cifar100_tau0.3_on_s2] probe=0.9198 mahaT=0.4819 perevt=0.070

----- cifar100_tau1.0_on_s0 (20 ep, 32d) -----
Using cache found in /home/pharris/.cache/torch/hub/chenyaofo_pytorch-cifar-models_master
  CIFAR two-view embedding-train images (no {4}): 49500
  [softmax/cosine] epoch 1/20  interaction=5.7046  marginal=0.0893
  [softmax/cosine] epoch 2/20  interaction=5.6339  marginal=0.0572
  [softmax/cosine] epoch 3/20  interaction=5.6157  marginal=0.0555
  [softmax/cosine] epoch 4/20  interaction=5.6032  marginal=0.0532
  [softmax/cosine] epoch 5/20  interaction=5.5916  marginal=0.0541
  [softmax/cosine] epoch 6/20  interaction=5.5848  marginal=0.0535
  [softmax/cosine] epoch 7/20  interaction=5.5758  marginal=0.0524
  [softmax/cosine] epoch 8/20  interaction=5.5710  marginal=0.0513
  [softmax/cosine] epoch 9/20  interaction=5.5686  marginal=0.0517
  [softmax/cosine] epoch 10/20  interaction=5.5630  marginal=0.0512
  [softmax/cosine] epoch 11/20  interaction=5.5592  marginal=0.0522
  [softmax/cosine] epoch 12/20  interaction=5.5564  marginal=0.0501
  [softmax/cosine] epoch 13/20  interaction=5.5521  marginal=0.0514
  [softmax/cosine] epoch 14/20  interaction=5.5523  marginal=0.0503
  [softmax/cosine] epoch 15/20  interaction=5.5468  marginal=0.0502
  [softmax/cosine] epoch 16/20  interaction=5.5470  marginal=0.0499
  [softmax/cosine] epoch 17/20  interaction=5.5440  marginal=0.0495
  [softmax/cosine] epoch 18/20  interaction=5.5409  marginal=0.0495
  [softmax/cosine] epoch 19/20  interaction=5.5401  marginal=0.0503
  [softmax/cosine] epoch 20/20  interaction=5.5367  marginal=0.0492
  [cifar100_tau1.0_on_s0] probe=0.9316 mahaT=0.5532 perevt=0.110

----- cifar100_tau1.0_on_s1 (20 ep, 32d) -----
Using cache found in /home/pharris/.cache/torch/hub/chenyaofo_pytorch-cifar-models_master
  CIFAR two-view embedding-train images (no {4}): 49500
  [softmax/cosine] epoch 1/20  interaction=5.7006  marginal=0.0913
  [softmax/cosine] epoch 2/20  interaction=5.6337  marginal=0.0580
  [softmax/cosine] epoch 3/20  interaction=5.6124  marginal=0.0550
  [softmax/cosine] epoch 4/20  interaction=5.6002  marginal=0.0544
  [softmax/cosine] epoch 5/20  interaction=5.5877  marginal=0.0533
  [softmax/cosine] epoch 6/20  interaction=5.5841  marginal=0.0529
  [softmax/cosine] epoch 7/20  interaction=5.5763  marginal=0.0518
  [softmax/cosine] epoch 8/20  interaction=5.5714  marginal=0.0522
  [softmax/cosine] epoch 9/20  interaction=5.5670  marginal=0.0518
  [softmax/cosine] epoch 10/20  interaction=5.5615  marginal=0.0509
  [softmax/cosine] epoch 11/20  interaction=5.5592  marginal=0.0517
  [softmax/cosine] epoch 12/20  interaction=5.5542  marginal=0.0513
  [softmax/cosine] epoch 13/20  interaction=5.5517  marginal=0.0516
  [softmax/cosine] epoch 14/20  interaction=5.5488  marginal=0.0505
  [softmax/cosine] epoch 15/20  interaction=5.5462  marginal=0.0505
  [softmax/cosine] epoch 16/20  interaction=5.5449  marginal=0.0505
  [softmax/cosine] epoch 17/20  interaction=5.5413  marginal=0.0502
  [softmax/cosine] epoch 18/20  interaction=5.5383  marginal=0.0497
  [softmax/cosine] epoch 19/20  interaction=5.5377  marginal=0.0502
  [softmax/cosine] epoch 20/20  interaction=5.5366  marginal=0.0503
  [cifar100_tau1.0_on_s1] probe=0.9186 mahaT=0.5513 perevt=0.020

----- cifar100_tau1.0_on_s2 (20 ep, 32d) -----
Using cache found in /home/pharris/.cache/torch/hub/chenyaofo_pytorch-cifar-models_master
  CIFAR two-view embedding-train images (no {4}): 49500
  [softmax/cosine] epoch 1/20  interaction=5.7027  marginal=0.0901
  [softmax/cosine] epoch 2/20  interaction=5.6333  marginal=0.0578
  [softmax/cosine] epoch 3/20  interaction=5.6135  marginal=0.0558
  [softmax/cosine] epoch 4/20  interaction=5.6004  marginal=0.0535
  [softmax/cosine] epoch 5/20  interaction=5.5894  marginal=0.0528
  [softmax/cosine] epoch 6/20  interaction=5.5808  marginal=0.0540
  [softmax/cosine] epoch 7/20  interaction=5.5755  marginal=0.0526
  [softmax/cosine] epoch 8/20  interaction=5.5696  marginal=0.0526
  [softmax/cosine] epoch 9/20  interaction=5.5653  marginal=0.0519
  [softmax/cosine] epoch 10/20  interaction=5.5627  marginal=0.0523
  [softmax/cosine] epoch 11/20  interaction=5.5612  marginal=0.0506
  [softmax/cosine] epoch 12/20  interaction=5.5556  marginal=0.0503
  [softmax/cosine] epoch 13/20  interaction=5.5517  marginal=0.0512
  [softmax/cosine] epoch 14/20  interaction=5.5481  marginal=0.0505
  [softmax/cosine] epoch 15/20  interaction=5.5472  marginal=0.0497
  [softmax/cosine] epoch 16/20  interaction=5.5452  marginal=0.0513
  [softmax/cosine] epoch 17/20  interaction=5.5411  marginal=0.0503
  [softmax/cosine] epoch 18/20  interaction=5.5388  marginal=0.0498
  [softmax/cosine] epoch 19/20  interaction=5.5378  marginal=0.0499
  [softmax/cosine] epoch 20/20  interaction=5.5356  marginal=0.0497
  [cifar100_tau1.0_on_s2] probe=0.9067 mahaT=0.4803 perevt=0.070

----- cifar100_tau3.0_on_s0 (20 ep, 32d) -----
Using cache found in /home/pharris/.cache/torch/hub/chenyaofo_pytorch-cifar-models_master
  CIFAR two-view embedding-train images (no {4}): 49500
  [softmax/cosine] epoch 1/20  interaction=6.0606  marginal=0.0827
  [softmax/cosine] epoch 2/20  interaction=6.0354  marginal=0.0479
  [softmax/cosine] epoch 3/20  interaction=6.0287  marginal=0.0433
  [softmax/cosine] epoch 4/20  interaction=6.0249  marginal=0.0411
  [softmax/cosine] epoch 5/20  interaction=6.0214  marginal=0.0396
  [softmax/cosine] epoch 6/20  interaction=6.0192  marginal=0.0390
  [softmax/cosine] epoch 7/20  interaction=6.0160  marginal=0.0389
  [softmax/cosine] epoch 8/20  interaction=6.0150  marginal=0.0375
  [softmax/cosine] epoch 9/20  interaction=6.0135  marginal=0.0375
  [softmax/cosine] epoch 10/20  interaction=6.0119  marginal=0.0367
  [softmax/cosine] epoch 11/20  interaction=6.0105  marginal=0.0372
  [softmax/cosine] epoch 12/20  interaction=6.0094  marginal=0.0364
  [softmax/cosine] epoch 13/20  interaction=6.0075  marginal=0.0362
  [softmax/cosine] epoch 14/20  interaction=6.0072  marginal=0.0361
  [softmax/cosine] epoch 15/20  interaction=6.0059  marginal=0.0359
  [softmax/cosine] epoch 16/20  interaction=6.0056  marginal=0.0361
  [softmax/cosine] epoch 17/20  interaction=6.0046  marginal=0.0358
  [softmax/cosine] epoch 18/20  interaction=6.0035  marginal=0.0358
  [softmax/cosine] epoch 19/20  interaction=6.0037  marginal=0.0361
  [softmax/cosine] epoch 20/20  interaction=6.0026  marginal=0.0349
  [cifar100_tau3.0_on_s0] probe=0.9227 mahaT=0.4899 perevt=0.050

----- cifar100_tau3.0_on_s1 (20 ep, 32d) -----
Using cache found in /home/pharris/.cache/torch/hub/chenyaofo_pytorch-cifar-models_master
  CIFAR two-view embedding-train images (no {4}): 49500
  [softmax/cosine] epoch 1/20  interaction=6.0574  marginal=0.0877
  [softmax/cosine] epoch 2/20  interaction=6.0354  marginal=0.0474
  [softmax/cosine] epoch 3/20  interaction=6.0283  marginal=0.0428
  [softmax/cosine] epoch 4/20  interaction=6.0234  marginal=0.0410
  [softmax/cosine] epoch 5/20  interaction=6.0200  marginal=0.0395
  [softmax/cosine] epoch 6/20  interaction=6.0189  marginal=0.0386
  [softmax/cosine] epoch 7/20  interaction=6.0162  marginal=0.0371
  [softmax/cosine] epoch 8/20  interaction=6.0146  marginal=0.0379
  [softmax/cosine] epoch 9/20  interaction=6.0133  marginal=0.0372
  [softmax/cosine] epoch 10/20  interaction=6.0111  marginal=0.0362
  [softmax/cosine] epoch 11/20  interaction=6.0103  marginal=0.0368
  [softmax/cosine] epoch 12/20  interaction=6.0091  marginal=0.0367
  [softmax/cosine] epoch 13/20  interaction=6.0080  marginal=0.0361
  [softmax/cosine] epoch 14/20  interaction=6.0066  marginal=0.0357
  [softmax/cosine] epoch 15/20  interaction=6.0059  marginal=0.0360
  [softmax/cosine] epoch 16/20  interaction=6.0051  marginal=0.0360
  [softmax/cosine] epoch 17/20  interaction=6.0040  marginal=0.0357
  [softmax/cosine] epoch 18/20  interaction=6.0032  marginal=0.0347
  [softmax/cosine] epoch 19/20  interaction=6.0024  marginal=0.0351
  [softmax/cosine] epoch 20/20  interaction=6.0021  marginal=0.0349
  [cifar100_tau3.0_on_s1] probe=0.9313 mahaT=0.4832 perevt=0.050

----- cifar100_tau3.0_on_s2 (20 ep, 32d) -----
Using cache found in /home/pharris/.cache/torch/hub/chenyaofo_pytorch-cifar-models_master
  CIFAR two-view embedding-train images (no {4}): 49500
  [softmax/cosine] epoch 1/20  interaction=6.0590  marginal=0.0869
  [softmax/cosine] epoch 2/20  interaction=6.0350  marginal=0.0484
  [softmax/cosine] epoch 3/20  interaction=6.0284  marginal=0.0442
  [softmax/cosine] epoch 4/20  interaction=6.0240  marginal=0.0412
  [softmax/cosine] epoch 5/20  interaction=6.0203  marginal=0.0399
  [softmax/cosine] epoch 6/20  interaction=6.0176  marginal=0.0391
  [softmax/cosine] epoch 7/20  interaction=6.0158  marginal=0.0378
  [softmax/cosine] epoch 8/20  interaction=6.0138  marginal=0.0378
  [softmax/cosine] epoch 9/20  interaction=6.0122  marginal=0.0373
  [softmax/cosine] epoch 10/20  interaction=6.0114  marginal=0.0375
  [softmax/cosine] epoch 11/20  interaction=6.0106  marginal=0.0369
  [softmax/cosine] epoch 12/20  interaction=6.0086  marginal=0.0368
  [softmax/cosine] epoch 13/20  interaction=6.0075  marginal=0.0364
  [softmax/cosine] epoch 14/20  interaction=6.0063  marginal=0.0361
  [softmax/cosine] epoch 15/20  interaction=6.0053  marginal=0.0358
  [softmax/cosine] epoch 16/20  interaction=6.0051  marginal=0.0358
  [softmax/cosine] epoch 17/20  interaction=6.0036  marginal=0.0355
  [softmax/cosine] epoch 18/20  interaction=6.0032  marginal=0.0351
  [softmax/cosine] epoch 19/20  interaction=6.0031  marginal=0.0348
  [softmax/cosine] epoch 20/20  interaction=6.0020  marginal=0.0345
  [cifar100_tau3.0_on_s2] probe=0.9009 mahaT=0.4391 perevt=0.030

=== basin check (mean mahaT over seeds) ===
  cifar100:
    tau=0.05  on=0.218
    tau=0.1   on=0.418
    tau=0.3   on=0.512
    tau=1.0   on=0.528
    tau=3.0   on=0.471
