/home/pharris/venv/lib64/python3.9/site-packages/networkx/utils/backends.py:135: RuntimeWarning: networkx backend defined more than once: nx-loopback
  backends.update(_get_backends("networkx.backends"))
Using cache found in /home/pharris/.cache/torch/hub/facebookresearch_dino_main
exp70 [dtd_dino_ft70_h1_d5_gcd] end-to-end ft suite, arms=['gcd-ft', 'gcd-sigreg-ft'], ft_epochs=20, emb=100, holdouts 16-16 EXCLUDED from ft
  ft corpus: 3680/3760 train images (holdout classes removed)

===== [gcd-ft] (supervised) =====
  gcd corpus: all 3760 train images, 80 unlabelled (held-out classes, label -1)
  [gcd-ft] epoch 1/20  main=2.2792  aux=0.0000
  [gcd-ft] epoch 5/20  main=2.0153  aux=0.0000
  [gcd-ft] epoch 10/20  main=1.8985  aux=0.0000
  [gcd-ft] epoch 15/20  main=1.8550  aux=0.0000
  [gcd-ft] epoch 20/20  main=1.8113  aux=0.0000
  extracted ft70_gcd-ft train: (3760, 768)
Using cache found in /home/pharris/.cache/torch/hub/facebookresearch_dino_main
  extracted ft70_gcd-ft test: (1880, 768)
  [gcd-ft        ] probe=0.8822+-0.0083 acc=0.7413 supAUC=0.9767 eucl=0.7547 mahaT=0.6902 mahaPC=0.6088 lid=0.5533

===== [gcd-sigreg-ft] (supervised) =====
  gcd corpus: all 3760 train images, 80 unlabelled (held-out classes, label -1)
  [gcd-sigreg-ft] epoch 1/20  main=2.3035  aux=0.7195
  [gcd-sigreg-ft] epoch 5/20  main=2.0752  aux=0.5031
  [gcd-sigreg-ft] epoch 10/20  main=1.9713  aux=0.4626
  [gcd-sigreg-ft] epoch 15/20  main=1.9015  aux=0.4436
  [gcd-sigreg-ft] epoch 20/20  main=1.8965  aux=0.4415
  extracted ft70_gcd-sigreg-ft train: (3760, 768)
  extracted ft70_gcd-sigreg-ft test: (1880, 768)
  [gcd-sigreg-ft ] probe=0.8461+-0.0097 acc=0.7707 supAUC=0.9819 eucl=0.7629 mahaT=0.7418 mahaPC=0.7289 lid=0.6513

===== PRE table =====
  arm                        probe     acc  supAUC    eucl   mahaT  mahaPC
  gcd-ft             0.8822+-0.0083  0.7413  0.9767  0.7547  0.6902  0.6088
  gcd-sigreg-ft      0.8461+-0.0097  0.7707  0.9819  0.7629  0.7418  0.7289

===== gaussianity (seen classes, test set) =====
  metric                            gcd-ft gcd-sigreg-ft
  eig min (class cov)               -0.000        -0.000
  eig max (class cov)               82.895        19.079
  eig cond worst            82895318286336.019079435911168.0
  class RMS min                      0.554         0.404
  class RMS mean                     0.727         0.533
  class RMS max                      1.053         0.687
  max |corr| (worst class)           0.989         0.959
  SW ratio mean                       1.60          1.66
  SW ratio worst                      2.78          3.62
  |skew| mean                        0.426         0.463
  |ex-kurt| mean                     0.879         0.846
  centroid dist min                   3.49          2.24
  centroid dist mean                 15.22         10.09
  separation (min d/RMS)              4.80          4.20

===== PRE power batteries =====
  [gcd-ft] per-event pre power=0.225
  [gcd-ft] sparker (annealed)
    pre-spk f=0.003: power=0.060 [0.028,0.115] (3/50)
    pre-spk f=0.01: power=0.120 [0.074,0.184] (6/50)
    pre-spk f=0.02: power=0.140 [0.090,0.207] (7/50)
    pre-spk f=0.05: power=0.920 [0.862,0.958] (46/50)
    pre-spk f=0.1: power=1.000 [0.964,1.000] (50/50)
  [gcd-ft] maha
    pre-maha f=0.003: power=0.100 [0.058,0.162] (5/50)
    pre-maha f=0.01: power=0.140 [0.090,0.207] (7/50)
    pre-maha f=0.02: power=0.200 [0.141,0.273] (10/50)
    pre-maha f=0.05: power=0.440 [0.362,0.520] (22/50)
    pre-maha f=0.1: power=0.880 [0.816,0.926] (44/50)
  [gcd-ft] mmd
    pre-mmd f=0.003: power=0.080 [0.042,0.138] (4/50)
    pre-mmd f=0.01: power=0.100 [0.058,0.162] (5/50)
    pre-mmd f=0.02: power=0.240 [0.177,0.315] (12/50)
    pre-mmd f=0.05: power=0.760 [0.685,0.823] (38/50)
    pre-mmd f=0.1: power=1.000 [0.964,1.000] (50/50)
  [gcd-sigreg-ft] per-event pre power=0.325
  [gcd-sigreg-ft] sparker (annealed)
    pre-spk f=0.003: power=0.080 [0.042,0.138] (4/50)
    pre-spk f=0.01: power=0.160 [0.107,0.229] (8/50)
    pre-spk f=0.02: power=0.040 [0.014,0.090] (2/50)
    pre-spk f=0.05: power=0.980 [0.936,0.997] (49/50)
    pre-spk f=0.1: power=1.000 [0.964,1.000] (50/50)
  [gcd-sigreg-ft] maha
    pre-maha f=0.003: power=0.060 [0.028,0.115] (3/50)
    pre-maha f=0.01: power=0.120 [0.074,0.184] (6/50)
    pre-maha f=0.02: power=0.400 [0.324,0.480] (20/50)
    pre-maha f=0.05: power=0.800 [0.727,0.859] (40/50)
    pre-maha f=0.1: power=1.000 [0.964,1.000] (50/50)
  [gcd-sigreg-ft] mmd
    pre-mmd f=0.003: power=0.100 [0.058,0.162] (5/50)
    pre-mmd f=0.01: power=0.120 [0.074,0.184] (6/50)
    pre-mmd f=0.02: power=0.160 [0.107,0.229] (8/50)
    pre-mmd f=0.05: power=0.840 [0.771,0.893] (42/50)
    pre-mmd f=0.1: power=1.000 [0.964,1.000] (50/50)

===== EXP70 PEREVENT PRE POWER =====
  arm                 0.003     0.01     0.02     0.05      0.1
  gcd-ft              0.225    0.225    0.225    0.225    0.225
  gcd-sigreg-ft       0.325    0.325    0.325    0.325    0.325
  saved /home/pharris/sigreg/SuperSig/plots/exp70_perevent_power_pre_dtd_dino_ft70_h1_d5_gcd.png

===== EXP70 SPARKER PRE POWER =====
  arm                 0.003     0.01     0.02     0.05      0.1
  gcd-ft              0.060    0.120    0.140    0.920    1.000
  gcd-sigreg-ft       0.080    0.160    0.040    0.980    1.000
  saved /home/pharris/sigreg/SuperSig/plots/exp70_sparker_power_pre_dtd_dino_ft70_h1_d5_gcd.png

===== EXP70 MAHA PRE POWER =====
  arm                 0.003     0.01     0.02     0.05      0.1
  gcd-ft              0.100    0.140    0.200    0.440    0.880
  gcd-sigreg-ft       0.060    0.120    0.400    0.800    1.000
  saved /home/pharris/sigreg/SuperSig/plots/exp70_maha_power_pre_dtd_dino_ft70_h1_d5_gcd.png

===== EXP70 MMD PRE POWER =====
  arm                 0.003     0.01     0.02     0.05      0.1
  gcd-ft              0.080    0.100    0.240    0.760    1.000
  gcd-sigreg-ft       0.100    0.120    0.160    0.840    1.000
  saved /home/pharris/sigreg/SuperSig/plots/exp70_mmd_power_pre_dtd_dino_ft70_h1_d5_gcd.png

----- natural discovery: gcd-ft -----
  [sigreg+proto] epoch 1/5  sigreg=0.3721  proto=5.1861  min_dist=4.21  mean_dist=19.02
  [sigreg+proto] epoch 2/5  sigreg=0.3812  proto=3.7201  min_dist=4.24  mean_dist=19.01
  [sigreg+proto] epoch 3/5  sigreg=0.3822  proto=4.3801  min_dist=4.28  mean_dist=19.01
  [sigreg+proto] epoch 4/5  sigreg=0.3934  proto=2.3666  min_dist=4.33  mean_dist=19.01
  [sigreg+proto] epoch 5/5  sigreg=0.3754  proto=1.6585  min_dist=4.38  mean_dist=19.01
  round 1: pool=204 purity=0.098 k-hat=4 anchors=4  margin=0.7908  mean-anchor=0.7546  16=0.755
  [sigreg+proto] epoch 1/5  sigreg=0.4202  proto=3.5323  min_dist=3.15  mean_dist=19.29
  [sigreg+proto] epoch 2/5  sigreg=0.4478  proto=3.3957  min_dist=3.17  mean_dist=19.29
  [sigreg+proto] epoch 3/5  sigreg=0.4353  proto=2.6783  min_dist=3.18  mean_dist=19.30
  [sigreg+proto] epoch 4/5  sigreg=0.4271  proto=2.1221  min_dist=3.20  mean_dist=19.30
  [sigreg+proto] epoch 5/5  sigreg=0.4091  proto=2.1997  min_dist=3.22  mean_dist=19.31
  round 2: pool=197 purity=0.066 k-hat=4 anchors=8  margin=0.8456  mean-anchor=0.8049  16=0.805
  [gcd-ft] probe 0.8822 -> 0.8241  eucl 0.7547 -> 0.7640  mahaT 0.6902 -> 0.7207

----- natural discovery: gcd-sigreg-ft -----
  [sigreg+proto] epoch 1/5  sigreg=0.3538  proto=1.4568  min_dist=2.71  mean_dist=11.53
  [sigreg+proto] epoch 2/5  sigreg=0.3925  proto=0.9067  min_dist=2.80  mean_dist=11.58
  [sigreg+proto] epoch 3/5  sigreg=0.3669  proto=0.8195  min_dist=2.89  mean_dist=11.64
  [sigreg+proto] epoch 4/5  sigreg=0.3314  proto=0.7272  min_dist=2.98  mean_dist=11.69
  [sigreg+proto] epoch 5/5  sigreg=0.3176  proto=0.5555  min_dist=3.06  mean_dist=11.75
  round 1: pool=227 purity=0.189 k-hat=4 anchors=4  margin=0.8612  mean-anchor=0.9396  16=0.940
    merged 7 -> 6 anchors
  [sigreg+proto] epoch 1/5  sigreg=0.3272  proto=0.8140  min_dist=3.15  mean_dist=11.78
  [sigreg+proto] epoch 2/5  sigreg=0.3081  proto=0.8573  min_dist=3.23  mean_dist=11.84
  [sigreg+proto] epoch 3/5  sigreg=0.3247  proto=0.7175  min_dist=3.31  mean_dist=11.89
  [sigreg+proto] epoch 4/5  sigreg=0.3136  proto=0.6887  min_dist=3.39  mean_dist=11.95
  [sigreg+proto] epoch 5/5  sigreg=0.2932  proto=0.5911  min_dist=3.47  mean_dist=12.00
  round 2: pool=195 purity=0.056 k-hat=3 anchors=6  margin=0.8323  mean-anchor=0.9193  16=0.919
  [gcd-sigreg-ft] probe 0.8461 -> 0.7246  eucl 0.7629 -> 0.7381  mahaT 0.7418 -> 0.7334

===== POST grid, f=0.003 (11 injected) =====
  [sigreg+proto] epoch 1/5  sigreg=0.3830  proto=6.1383  min_dist=4.22  mean_dist=18.73
  [sigreg+proto] epoch 2/5  sigreg=0.3967  proto=3.3843  min_dist=4.27  mean_dist=18.72
  [sigreg+proto] epoch 3/5  sigreg=0.3549  proto=2.7003  min_dist=4.33  mean_dist=18.72
  [sigreg+proto] epoch 4/5  sigreg=0.3525  proto=2.8725  min_dist=4.39  mean_dist=18.72
  [sigreg+proto] epoch 5/5  sigreg=0.3729  proto=2.4890  min_dist=4.45  mean_dist=18.73
  round 1: pool=186 purity=0.011 k-hat=4 anchors=4  margin=0.7621  mean-anchor=0.6884  16=0.688
  [sigreg+proto] epoch 1/5  sigreg=0.4503  proto=5.7644  min_dist=4.51  mean_dist=18.44
  [sigreg+proto] epoch 2/5  sigreg=0.4759  proto=3.8547  min_dist=4.57  mean_dist=18.44
  [sigreg+proto] epoch 3/5  sigreg=0.4537  proto=3.4554  min_dist=4.64  mean_dist=18.45
  [sigreg+proto] epoch 4/5  sigreg=0.4235  proto=3.1605  min_dist=4.70  mean_dist=18.45
  [sigreg+proto] epoch 5/5  sigreg=0.4520  proto=2.0092  min_dist=4.77  mean_dist=18.46
  round 2: pool=186 purity=0.011 k-hat=4 anchors=8  margin=0.7205  mean-anchor=0.6362  16=0.636
  [gcd-ft] per-event post f=0.003: power=0.050
  [gcd-ft] sparker (post, annealed)
    post-spk f=0.003: power=0.060 [0.028,0.115] (3/50)
  [gcd-ft] maha (post)
    post-maha f=0.003: power=0.120 [0.074,0.184] (6/50)
  [gcd-ft] mmd (post)
    post-mmd f=0.003: power=0.080 [0.042,0.138] (4/50)
  [sigreg+proto] epoch 1/5  sigreg=0.3554  proto=1.5421  min_dist=2.71  mean_dist=11.48
  [sigreg+proto] epoch 2/5  sigreg=0.3876  proto=1.0394  min_dist=2.80  mean_dist=11.54
  [sigreg+proto] epoch 3/5  sigreg=0.3885  proto=0.8364  min_dist=2.89  mean_dist=11.59
  [sigreg+proto] epoch 4/5  sigreg=0.3676  proto=0.6775  min_dist=2.97  mean_dist=11.64
  [sigreg+proto] epoch 5/5  sigreg=0.3303  proto=0.4492  min_dist=3.06  mean_dist=11.70
  round 1: pool=189 purity=0.026 k-hat=4 anchors=4  margin=0.8309  mean-anchor=0.8061  16=0.806
    merged 7 -> 5 anchors
  [sigreg+proto] epoch 1/5  sigreg=0.3099  proto=1.0163  min_dist=3.14  mean_dist=11.66
  [sigreg+proto] epoch 2/5  sigreg=0.3384  proto=1.0410  min_dist=3.22  mean_dist=11.71
  [sigreg+proto] epoch 3/5  sigreg=0.3398  proto=0.6526  min_dist=3.31  mean_dist=11.77
  [sigreg+proto] epoch 4/5  sigreg=0.2980  proto=0.6961  min_dist=3.39  mean_dist=11.82
  [sigreg+proto] epoch 5/5  sigreg=0.2886  proto=0.6243  min_dist=3.46  mean_dist=11.88
  round 2: pool=186 purity=0.011 k-hat=3 anchors=5  margin=0.8099  mean-anchor=0.7428  16=0.743
  [gcd-sigreg-ft] per-event post f=0.003: power=0.125
  [gcd-sigreg-ft] sparker (post, annealed)
    post-spk f=0.003: power=0.120 [0.074,0.184] (6/50)
  [gcd-sigreg-ft] maha (post)
    post-maha f=0.003: power=0.140 [0.090,0.207] (7/50)
  [gcd-sigreg-ft] mmd (post)
    post-mmd f=0.003: power=0.120 [0.074,0.184] (6/50)

===== POST grid, f=0.01 (37 injected) =====
  [sigreg+proto] epoch 1/5  sigreg=0.3369  proto=2.8555  min_dist=4.26  mean_dist=18.32
  [sigreg+proto] epoch 2/5  sigreg=0.3978  proto=5.7091  min_dist=4.31  mean_dist=18.32
  [sigreg+proto] epoch 3/5  sigreg=0.3903  proto=4.4383  min_dist=4.36  mean_dist=18.32
  [sigreg+proto] epoch 4/5  sigreg=0.4269  proto=2.2826  min_dist=4.40  mean_dist=18.31
  [sigreg+proto] epoch 5/5  sigreg=0.4228  proto=2.0544  min_dist=4.45  mean_dist=18.31
  round 1: pool=193 purity=0.047 k-hat=3 anchors=3  margin=0.7784  mean-anchor=0.7066  16=0.707
    merged 7 -> 6 anchors
  [sigreg+proto] epoch 1/5  sigreg=0.4181  proto=1.9174  min_dist=4.54  mean_dist=19.16
  [sigreg+proto] epoch 2/5  sigreg=0.4072  proto=3.4332  min_dist=4.60  mean_dist=19.16
  [sigreg+proto] epoch 3/5  sigreg=0.4181  proto=1.6680  min_dist=4.66  mean_dist=19.17
  [sigreg+proto] epoch 4/5  sigreg=0.4103  proto=2.4778  min_dist=4.73  mean_dist=19.17
  [sigreg+proto] epoch 5/5  sigreg=0.4058  proto=1.3252  min_dist=4.80  mean_dist=19.18
  round 2: pool=196 purity=0.061 k-hat=4 anchors=6  margin=0.8047  mean-anchor=0.7763  16=0.776
  [gcd-ft] per-event post f=0.01: power=0.150
  [gcd-ft] sparker (post, annealed)
    post-spk f=0.01: power=0.180 [0.124,0.251] (9/50)
  [gcd-ft] maha (post)
    post-maha f=0.01: power=0.100 [0.058,0.162] (5/50)
  [gcd-ft] mmd (post)
    post-mmd f=0.01: power=0.120 [0.074,0.184] (6/50)
  [sigreg+proto] epoch 1/5  sigreg=0.3495  proto=1.4813  min_dist=2.71  mean_dist=11.51
  [sigreg+proto] epoch 2/5  sigreg=0.3941  proto=0.8554  min_dist=2.80  mean_dist=11.56
  [sigreg+proto] epoch 3/5  sigreg=0.3626  proto=0.7520  min_dist=2.89  mean_dist=11.61
  [sigreg+proto] epoch 4/5  sigreg=0.3401  proto=0.7602  min_dist=2.98  mean_dist=11.67
  [sigreg+proto] epoch 5/5  sigreg=0.3253  proto=0.5149  min_dist=3.06  mean_dist=11.73
  round 1: pool=204 purity=0.098 k-hat=4 anchors=4  margin=0.8471  mean-anchor=0.9076  16=0.908
  [sigreg+proto] epoch 1/5  sigreg=0.3122  proto=1.0347  min_dist=3.15  mean_dist=11.49
  [sigreg+proto] epoch 2/5  sigreg=0.3225  proto=0.7862  min_dist=3.23  mean_dist=11.55
  [sigreg+proto] epoch 3/5  sigreg=0.3116  proto=0.9942  min_dist=3.31  mean_dist=11.60
  [sigreg+proto] epoch 4/5  sigreg=0.3167  proto=0.8576  min_dist=3.38  mean_dist=11.66
  [sigreg+proto] epoch 5/5  sigreg=0.3079  proto=0.7632  min_dist=3.41  mean_dist=11.72
  round 2: pool=194 purity=0.052 k-hat=4 anchors=8  margin=0.7868  mean-anchor=0.8815  16=0.882
  [gcd-sigreg-ft] per-event post f=0.01: power=0.300
  [gcd-sigreg-ft] sparker (post, annealed)
    post-spk f=0.01: power=0.080 [0.042,0.138] (4/50)
  [gcd-sigreg-ft] maha (post)
    post-maha f=0.01: power=0.140 [0.090,0.207] (7/50)
  [gcd-sigreg-ft] mmd (post)
    post-mmd f=0.01: power=0.100 [0.058,0.162] (5/50)

===== POST grid, f=0.02 (75 injected) =====
  [sigreg+proto] epoch 1/5  sigreg=0.3667  proto=5.4857  min_dist=4.25  mean_dist=18.77
  [sigreg+proto] epoch 2/5  sigreg=0.4029  proto=5.4876  min_dist=4.30  mean_dist=18.75
  [sigreg+proto] epoch 3/5  sigreg=0.3776  proto=2.2043  min_dist=4.35  mean_dist=18.75
  [sigreg+proto] epoch 4/5  sigreg=0.3766  proto=2.3210  min_dist=4.41  mean_dist=18.75
  [sigreg+proto] epoch 5/5  sigreg=0.3561  proto=2.0882  min_dist=4.47  mean_dist=18.75
  round 1: pool=202 purity=0.089 k-hat=4 anchors=4  margin=0.8011  mean-anchor=0.7492  16=0.749
  [sigreg+proto] epoch 1/5  sigreg=0.4075  proto=3.9257  min_dist=3.33  mean_dist=19.14
  [sigreg+proto] epoch 2/5  sigreg=0.4452  proto=3.1267  min_dist=3.36  mean_dist=19.14
  [sigreg+proto] epoch 3/5  sigreg=0.4504  proto=3.2602  min_dist=3.39  mean_dist=19.14
  [sigreg+proto] epoch 4/5  sigreg=0.4383  proto=2.5359  min_dist=3.41  mean_dist=19.15
  [sigreg+proto] epoch 5/5  sigreg=0.4052  proto=2.0259  min_dist=3.43  mean_dist=19.15
  round 2: pool=203 purity=0.094 k-hat=4 anchors=8  margin=0.8458  mean-anchor=0.8228  16=0.823
  [gcd-ft] per-event post f=0.02: power=0.250
  [gcd-ft] sparker (post, annealed)
    post-spk f=0.02: power=0.260 [0.194,0.336] (13/50)
  [gcd-ft] maha (post)
    post-maha f=0.02: power=0.220 [0.159,0.294] (11/50)
  [gcd-ft] mmd (post)
    post-mmd f=0.02: power=0.260 [0.194,0.336] (13/50)
  [sigreg+proto] epoch 1/5  sigreg=0.3557  proto=1.4520  min_dist=2.71  mean_dist=11.56
  [sigreg+proto] epoch 2/5  sigreg=0.3972  proto=0.9198  min_dist=2.80  mean_dist=11.61
  [sigreg+proto] epoch 3/5  sigreg=0.3549  proto=0.7275  min_dist=2.89  mean_dist=11.67
  [sigreg+proto] epoch 4/5  sigreg=0.3510  proto=0.5559  min_dist=2.98  mean_dist=11.72
  [sigreg+proto] epoch 5/5  sigreg=0.3322  proto=0.5065  min_dist=3.07  mean_dist=11.78
  round 1: pool=225 purity=0.182 k-hat=3 anchors=3  margin=0.8665  mean-anchor=0.9172  16=0.917
    merged 7 -> 6 anchors
  [sigreg+proto] epoch 1/5  sigreg=0.3179  proto=1.0014  min_dist=3.15  mean_dist=11.58
  [sigreg+proto] epoch 2/5  sigreg=0.3284  proto=1.0591  min_dist=3.23  mean_dist=11.63
  [sigreg+proto] epoch 3/5  sigreg=0.3393  proto=0.8165  min_dist=3.31  mean_dist=11.69
  [sigreg+proto] epoch 4/5  sigreg=0.3145  proto=0.7376  min_dist=3.38  mean_dist=11.74
  [sigreg+proto] epoch 5/5  sigreg=0.2934  proto=0.8018  min_dist=3.46  mean_dist=11.80
  round 2: pool=192 purity=0.042 k-hat=4 anchors=6  margin=0.8011  mean-anchor=0.8856  16=0.886
  [gcd-sigreg-ft] per-event post f=0.02: power=0.300
  [gcd-sigreg-ft] sparker (post, annealed)
    post-spk f=0.02: power=0.080 [0.042,0.138] (4/50)
  [gcd-sigreg-ft] maha (post)
    post-maha f=0.02: power=0.160 [0.107,0.229] (8/50)
  [gcd-sigreg-ft] mmd (post)
    post-mmd f=0.02: power=0.120 [0.074,0.184] (6/50)

===== POST grid, f=0.05 (80 injected) =====
  [sigreg+proto] epoch 1/5  sigreg=0.3975  proto=7.3111  min_dist=4.24  mean_dist=18.51
  [sigreg+proto] epoch 2/5  sigreg=0.4062  proto=3.4244  min_dist=4.29  mean_dist=18.50
  [sigreg+proto] epoch 3/5  sigreg=0.4286  proto=5.2109  min_dist=4.35  mean_dist=18.49
  [sigreg+proto] epoch 4/5  sigreg=0.3695  proto=2.8084  min_dist=4.40  mean_dist=18.49
  [sigreg+proto] epoch 5/5  sigreg=0.4031  proto=1.4681  min_dist=4.45  mean_dist=18.49
  round 1: pool=204 purity=0.098 k-hat=4 anchors=4  margin=0.7892  mean-anchor=0.7770  16=0.777
  [sigreg+proto] epoch 1/5  sigreg=0.4459  proto=4.3631  min_dist=4.52  mean_dist=18.62
  [sigreg+proto] epoch 2/5  sigreg=0.4407  proto=2.5479  min_dist=4.58  mean_dist=18.62
  [sigreg+proto] epoch 3/5  sigreg=0.4151  proto=3.1652  min_dist=4.63  mean_dist=18.63
  [sigreg+proto] epoch 4/5  sigreg=0.4481  proto=3.4553  min_dist=4.69  mean_dist=18.64
  [sigreg+proto] epoch 5/5  sigreg=0.4492  proto=1.8413  min_dist=4.74  mean_dist=18.64
  round 2: pool=192 purity=0.042 k-hat=4 anchors=8  margin=0.6996  mean-anchor=0.7543  16=0.754
  [gcd-ft] per-event post f=0.05: power=0.175
  [gcd-ft] sparker (post, annealed)
    post-spk f=0.05: power=0.800 [0.727,0.859] (40/50)
  [gcd-ft] maha (post)
    post-maha f=0.05: power=0.280 [0.213,0.357] (14/50)
  [gcd-ft] mmd (post)
    post-mmd f=0.05: power=0.940 [0.885,0.972] (47/50)
  [sigreg+proto] epoch 1/5  sigreg=0.3600  proto=1.2382  min_dist=2.71  mean_dist=11.52
  [sigreg+proto] epoch 2/5  sigreg=0.3773  proto=0.9344  min_dist=2.80  mean_dist=11.58
  [sigreg+proto] epoch 3/5  sigreg=0.3522  proto=0.8476  min_dist=2.89  mean_dist=11.63
  [sigreg+proto] epoch 4/5  sigreg=0.3496  proto=0.7073  min_dist=2.98  mean_dist=11.69
  [sigreg+proto] epoch 5/5  sigreg=0.3327  proto=0.6403  min_dist=3.06  mean_dist=11.75
  round 1: pool=227 purity=0.189 k-hat=4 anchors=4  margin=0.8536  mean-anchor=0.9237  16=0.924
    merged 8 -> 7 anchors
  [sigreg+proto] epoch 1/5  sigreg=0.3255  proto=1.1820  min_dist=3.10  mean_dist=11.55
  [sigreg+proto] epoch 2/5  sigreg=0.3359  proto=0.9713  min_dist=3.13  mean_dist=11.61
  [sigreg+proto] epoch 3/5  sigreg=0.3229  proto=0.6876  min_dist=3.16  mean_dist=11.66
  [sigreg+proto] epoch 4/5  sigreg=0.2906  proto=0.7941  min_dist=3.19  mean_dist=11.72
  [sigreg+proto] epoch 5/5  sigreg=0.2855  proto=0.6945  min_dist=3.22  mean_dist=11.77
  round 2: pool=194 purity=0.052 k-hat=4 anchors=7  margin=0.8642  mean-anchor=0.9198  16=0.920
  [gcd-sigreg-ft] per-event post f=0.05: power=0.350
  [gcd-sigreg-ft] sparker (post, annealed)
    post-spk f=0.05: power=0.940 [0.885,0.972] (47/50)
  [gcd-sigreg-ft] maha (post)
    post-maha f=0.05: power=0.900 [0.838,0.942] (45/50)
  [gcd-sigreg-ft] mmd (post)
    post-mmd f=0.05: power=0.860 [0.793,0.910] (43/50)

===== EXP70 PEREVENT POST POWER =====
  arm                 0.003     0.01     0.02     0.05
  gcd-ft              0.050    0.150    0.250    0.175
  gcd-sigreg-ft       0.125    0.300    0.300    0.350
  saved /home/pharris/sigreg/SuperSig/plots/exp70_perevent_power_post_dtd_dino_ft70_h1_d5_gcd.png

===== EXP70 SPARKER POST POWER =====
  arm                 0.003     0.01     0.02     0.05
  gcd-ft              0.060    0.180    0.260    0.800
  gcd-sigreg-ft       0.120    0.080    0.080    0.940
  saved /home/pharris/sigreg/SuperSig/plots/exp70_sparker_power_post_dtd_dino_ft70_h1_d5_gcd.png

===== EXP70 MAHA POST POWER =====
  arm                 0.003     0.01     0.02     0.05
  gcd-ft              0.120    0.100    0.220    0.280
  gcd-sigreg-ft       0.140    0.140    0.160    0.900
  saved /home/pharris/sigreg/SuperSig/plots/exp70_maha_power_post_dtd_dino_ft70_h1_d5_gcd.png

===== EXP70 MMD POST POWER =====
  arm                 0.003     0.01     0.02     0.05
  gcd-ft              0.080    0.120    0.260    0.940
  gcd-sigreg-ft       0.120    0.100    0.120    0.860
  saved /home/pharris/sigreg/SuperSig/plots/exp70_mmd_power_post_dtd_dino_ft70_h1_d5_gcd.png

===== EXP70 SUMMARY [dtd_dino_ft70_h1_d5_gcd] =====
  [gcd-ft        ] probe=0.8822+-0.0083 acc=0.7413 eucl=0.7547 mahaT=0.6902  || post: probe=0.8241 eucl=0.7640 mahaT=0.7207
          round 1: purity=0.098 anchors=4  margin=0.7908
          round 2: purity=0.066 anchors=8  margin=0.8456
  [gcd-sigreg-ft ] probe=0.8461+-0.0097 acc=0.7707 eucl=0.7629 mahaT=0.7418  || post: probe=0.7246 eucl=0.7381 mahaT=0.7334
          round 1: purity=0.189 anchors=4  margin=0.8612
          round 2: purity=0.056 anchors=6  margin=0.8323
saved /home/pharris/sigreg/SuperSig/plots/exp70_probe_dtd_dino_ft70_h1_d5_gcd.png
Done.
