/home/pharris/venv/lib64/python3.9/site-packages/networkx/utils/backends.py:135: RuntimeWarning: networkx backend defined more than once: nx-loopback
  backends.update(_get_backends("networkx.backends"))

######## cars:lejepa_h1_d3: holdouts=[112] ########

  --- frozen: pre probe=0.9734 eucl=0.4644 mahaT=0.4154 perevt=0.000
  [sigreg+proto] epoch 1/5  sigreg=0.1514  proto=58.7812  min_dist=5.51  mean_dist=16.65
  [sigreg+proto] epoch 2/5  sigreg=0.1554  proto=58.7192  min_dist=5.55  mean_dist=16.64
  [sigreg+proto] epoch 3/5  sigreg=0.1513  proto=57.1753  min_dist=5.59  mean_dist=16.62
  [sigreg+proto] epoch 4/5  sigreg=0.1498  proto=54.5972  min_dist=5.61  mean_dist=16.60
  [sigreg+proto] epoch 5/5  sigreg=0.1514  proto=53.2485  min_dist=5.62  mean_dist=16.58
  round 1: pool=407 purity=0.005 k-hat=4 anchors=4  margin=0.4275  mean-anchor=0.5379  112=0.538
  [sigreg+proto] epoch 1/5  sigreg=0.1533  proto=57.2563  min_dist=5.62  mean_dist=16.88
  [sigreg+proto] epoch 2/5  sigreg=0.1570  proto=56.0852  min_dist=5.62  mean_dist=16.87
  [sigreg+proto] epoch 3/5  sigreg=0.1564  proto=53.1310  min_dist=5.63  mean_dist=16.85
  [sigreg+proto] epoch 4/5  sigreg=0.1533  proto=52.6586  min_dist=5.66  mean_dist=16.83
  [sigreg+proto] epoch 5/5  sigreg=0.1532  proto=53.1299  min_dist=5.70  mean_dist=16.82
  round 2: pool=408 purity=0.007 k-hat=4 anchors=8  margin=0.3217  mean-anchor=0.6667  112=0.667
    [dist frozen     ] purity r1=0.005 r2=0.007  probe 0.973->0.973  eucl 0.464->0.464  perevt 0.000->0.000  drift 0.000
  [sigreg+proto] epoch 1/5  sigreg=0.1591  proto=60.1978  min_dist=5.48  mean_dist=16.64
  [sigreg+proto] epoch 2/5  sigreg=0.1604  proto=60.2048  min_dist=5.52  mean_dist=16.62
  [sigreg+proto] epoch 3/5  sigreg=0.1565  proto=59.3983  min_dist=5.55  mean_dist=16.59
  [sigreg+proto] epoch 4/5  sigreg=0.1562  proto=56.3609  min_dist=5.56  mean_dist=16.56
  [sigreg+proto] epoch 5/5  sigreg=0.1588  proto=54.0316  min_dist=5.57  mean_dist=16.53
  round 1: pool=407 purity=0.005 k-hat=4 anchors=4  margin=0.4323  mean-anchor=0.5393  112=0.539
  [sigreg+proto] epoch 1/5  sigreg=0.1601  proto=62.0166  min_dist=5.57  mean_dist=16.82
  [sigreg+proto] epoch 2/5  sigreg=0.1643  proto=58.1162  min_dist=5.55  mean_dist=16.80
  [sigreg+proto] epoch 3/5  sigreg=0.1634  proto=56.0010  min_dist=5.57  mean_dist=16.77
  [sigreg+proto] epoch 4/5  sigreg=0.1584  proto=54.7381  min_dist=5.59  mean_dist=16.75
  [sigreg+proto] epoch 5/5  sigreg=0.1619  proto=57.3942  min_dist=5.63  mean_dist=16.73
  round 2: pool=409 purity=0.010 k-hat=4 anchors=8  margin=0.3268  mean-anchor=0.7027  112=0.703
    [dist corpus-norm] purity r1=0.005 r2=0.010  probe 0.973->0.955  eucl 0.464->0.465  perevt 0.000->0.000  drift 0.027
  [sigreg+proto] epoch 1/5  sigreg=0.1518  proto=49.6644  min_dist=5.50  mean_dist=16.28
  [sigreg+proto] epoch 2/5  sigreg=0.1524  proto=49.9646  min_dist=5.53  mean_dist=16.26
  [sigreg+proto] epoch 3/5  sigreg=0.1519  proto=48.5274  min_dist=5.54  mean_dist=16.24
  [sigreg+proto] epoch 4/5  sigreg=0.1526  proto=46.9161  min_dist=5.56  mean_dist=16.22
  [sigreg+proto] epoch 5/5  sigreg=0.1535  proto=45.5286  min_dist=5.59  mean_dist=16.20
  round 1: pool=414 purity=0.022 k-hat=3 anchors=3  margin=0.5393  mean-anchor=0.6563  112=0.656
  [sigreg+proto] epoch 1/5  sigreg=0.1551  proto=51.2937  min_dist=5.49  mean_dist=16.52
  [sigreg+proto] epoch 2/5  sigreg=0.1562  proto=52.5623  min_dist=5.30  mean_dist=16.52
  [sigreg+proto] epoch 3/5  sigreg=0.1541  proto=51.7808  min_dist=5.11  mean_dist=16.51
  [sigreg+proto] epoch 4/5  sigreg=0.1564  proto=47.4969  min_dist=4.92  mean_dist=16.50
  [sigreg+proto] epoch 5/5  sigreg=0.1591  proto=48.5041  min_dist=4.74  mean_dist=16.49
  round 2: pool=407 purity=0.005 k-hat=4 anchors=7  margin=0.5225  mean-anchor=0.6475  112=0.648
    [np   frozen     ] purity r1=0.022 r2=0.005  probe 0.973->0.973  eucl 0.464->0.464  perevt 0.000->0.000  drift 0.000
  [sigreg+proto] epoch 1/5  sigreg=0.1589  proto=53.1178  min_dist=5.50  mean_dist=16.27
  [sigreg+proto] epoch 2/5  sigreg=0.1589  proto=53.6163  min_dist=5.53  mean_dist=16.25
  [sigreg+proto] epoch 3/5  sigreg=0.1563  proto=51.4847  min_dist=5.55  mean_dist=16.22
  [sigreg+proto] epoch 4/5  sigreg=0.1573  proto=49.5754  min_dist=5.56  mean_dist=16.19
  [sigreg+proto] epoch 5/5  sigreg=0.1593  proto=47.8248  min_dist=5.58  mean_dist=16.16
  round 1: pool=414 purity=0.022 k-hat=3 anchors=3  margin=0.5351  mean-anchor=0.6524  112=0.652
  [sigreg+proto] epoch 1/5  sigreg=0.1617  proto=52.5209  min_dist=5.45  mean_dist=16.39
  [sigreg+proto] epoch 2/5  sigreg=0.1612  proto=53.7345  min_dist=5.25  mean_dist=16.38
  [sigreg+proto] epoch 3/5  sigreg=0.1579  proto=51.7773  min_dist=5.07  mean_dist=16.36
  [sigreg+proto] epoch 4/5  sigreg=0.1621  proto=49.2595  min_dist=4.88  mean_dist=16.35
  [sigreg+proto] epoch 5/5  sigreg=0.1644  proto=49.3610  min_dist=4.70  mean_dist=16.34
  round 2: pool=407 purity=0.005 k-hat=4 anchors=7  margin=0.4766  mean-anchor=0.6432  112=0.643
    [np   corpus-norm] purity r1=0.022 r2=0.005  probe 0.973->0.939  eucl 0.464->0.464  perevt 0.000->0.000  drift 0.011

===== EXP135 SUMMARY_h1_d3 (paired frozen vs corpus-norm; gate 0.15) =====
  cell|arm|scorer                              r1  r2 frz   r2 cn    d r2    probe frz/cn  drift
  cars:lejepa|frozen|dist                 0.005   0.007   0.010  +0.002   0.973/0.955    0.027
  cars:lejepa|frozen|np                   0.022   0.005   0.005  +0.000   0.973/0.939    0.011

wrote logs/exp135/corpus_norm_cars-lejepa_frozen_h1_d3.json
EXP135 DONE.
