/home/pharris/venv/lib64/python3.9/site-packages/networkx/utils/backends.py:135: RuntimeWarning: networkx backend defined more than once: nx-loopback
  backends.update(_get_backends("networkx.backends"))
exp137 [cifar10_h9] scratch residuals; parents=['supcon', 'ssig', 'nplmsd'] objs=['res', 'res-nplm'] epochs=20 holdout=9
Using cache found in /home/pharris/.cache/torch/hub/chenyaofo_pytorch-cifar-models_master
  [supcon (parent)             ] probe=0.9444+-0.0042 top1=0.8893 acc=0.7768 eucl=0.7579 mahaT=0.7047 lid=0.5015 perevt=0.046

===== [cifar10_h9] supcon->res =====
  CIFAR two-view embedding-train images (no {9}): 45000
  [supcon-res] epoch 1/20  loss=5.7466
  [supcon-res] epoch 5/20  loss=5.0817
  [supcon-res] epoch 10/20  loss=4.9780
  [supcon-res] epoch 15/20  loss=4.9158
  [supcon-res] epoch 20/20  loss=4.8940
  [supcon->res (residual)      ] probe=0.9601+-0.0010 top1=0.8223 acc=0.7977 eucl=0.7752 mahaT=0.7548 lid=0.3932 perevt=0.512
  [supcon->res (concat)        ] probe=0.9744+-0.0010 top1=0.8925 acc=0.8296 eucl=0.8683 mahaT=0.7338 lid=0.4480 perevt=0.452

===== [cifar10_h9] supcon->res-nplm =====
  CIFAR two-view embedding-train images (no {9}): 45000
  [supcon-res-nplm] epoch 1/20  loss=640674432473.9657
  [supcon-res-nplm] epoch 5/20  loss=194719782151.3143
  [supcon-res-nplm] epoch 10/20  loss=140589632482.7429
  [supcon-res-nplm] epoch 15/20  loss=94380839286.4914
  [supcon-res-nplm] epoch 20/20  loss=74642841763.8400
  [supcon->res-nplm (residual) ] probe=0.9543+-0.0003 top1=0.8894 acc=0.8840 eucl=0.8163 mahaT=0.7663 lid=0.3714 perevt=0.507
  [supcon->res-nplm (concat)   ] probe=0.9660+-0.0031 top1=0.8983 acc=0.8753 eucl=0.8351 mahaT=0.7509 lid=0.4164 perevt=0.388
Using cache found in /home/pharris/.cache/torch/hub/chenyaofo_pytorch-cifar-models_master
  [ssig (parent)               ] probe=0.9303+-0.0003 top1=0.8886 acc=0.8811 eucl=0.3777 mahaT=0.3589 lid=0.5148 perevt=0.015

===== [cifar10_h9] ssig->res =====
  CIFAR two-view embedding-train images (no {9}): 45000
  [ssig-res] epoch 1/20  loss=5.0920
  [ssig-res] epoch 5/20  loss=4.6624
  [ssig-res] epoch 10/20  loss=4.6165
  [ssig-res] epoch 15/20  loss=4.5935
  [ssig-res] epoch 20/20  loss=4.5772
  [ssig->res (residual)        ] probe=0.9359+-0.0009 top1=0.6457 acc=0.5838 eucl=0.3999 mahaT=0.4195 lid=0.5838 perevt=0.006
  [ssig->res (concat)          ] probe=0.9636+-0.0005 top1=0.8900 acc=0.8823 eucl=0.3913 mahaT=0.3507 lid=0.5059 perevt=0.004

===== [cifar10_h9] ssig->res-nplm =====
  CIFAR two-view embedding-train images (no {9}): 45000
  [ssig-res-nplm] epoch 1/20  loss=5736984317.8057
  [ssig-res-nplm] epoch 5/20  loss=4933360913.1886
  [ssig-res-nplm] epoch 10/20  loss=4752771204.7543
  [ssig-res-nplm] epoch 15/20  loss=4632431144.5943
  [ssig-res-nplm] epoch 20/20  loss=4304242540.9829
  [ssig->res-nplm (residual)   ] probe=0.9313+-0.0005 top1=0.8800 acc=0.8727 eucl=0.6673 mahaT=0.6372 lid=0.5003 perevt=0.193
  [ssig->res-nplm (concat)     ] probe=0.9574+-0.0001 top1=0.8917 acc=0.8854 eucl=0.4877 mahaT=0.5092 lid=0.5085 perevt=0.066
Using cache found in /home/pharris/.cache/torch/hub/chenyaofo_pytorch-cifar-models_master
  [nplmsd (parent)             ] probe=0.8994+-0.0006 top1=0.8047 acc=0.8033 eucl=0.6228 mahaT=0.7666 lid=0.6235 perevt=0.194

===== [cifar10_h9] nplmsd->res =====
  CIFAR two-view embedding-train images (no {9}): 45000
  [nplmsd-res] epoch 1/20  loss=6.5193
  [nplmsd-res] epoch 5/20  loss=5.2803
  [nplmsd-res] epoch 10/20  loss=4.9642
  [nplmsd-res] epoch 15/20  loss=4.8624
  [nplmsd-res] epoch 20/20  loss=4.8044
  [nplmsd->res (residual)      ] probe=0.9023+-0.0013 top1=0.6375 acc=0.5717 eucl=0.4579 mahaT=0.5064 lid=0.6059 perevt=0.011
  [nplmsd->res (concat)        ] probe=0.9418+-0.0008 top1=0.8254 acc=0.6376 eucl=0.5087 mahaT=0.6803 lid=0.6389 perevt=0.018

===== [cifar10_h9] nplmsd->res-nplm =====
  CIFAR two-view embedding-train images (no {9}): 45000
  [nplmsd-res-nplm] epoch 1/20  loss=68703231.2286
  [nplmsd-res-nplm] epoch 5/20  loss=9763354.5872
  [nplmsd-res-nplm] epoch 10/20  loss=2193645.3740
  [nplmsd-res-nplm] epoch 15/20  loss=622984.2042
  [nplmsd-res-nplm] epoch 20/20  loss=295145.5593
  [nplmsd->res-nplm (residual) ] probe=0.8778+-0.0020 top1=0.6618 acc=0.5523 eucl=0.4993 mahaT=0.5504 lid=0.5311 perevt=0.000
  [nplmsd->res-nplm (concat)   ] probe=0.9246+-0.0004 top1=0.8107 acc=0.8018 eucl=0.6281 mahaT=0.6997 lid=0.5564 perevt=0.193

===== EXP137 SUMMARY [cifar10_h9] (holdout 9) =====
  space                                    probe    top1     acc    eucl   mahaT     lid  perevt
  supcon (parent)                  0.9444+-0.0042  0.8893  0.7768  0.7579  0.7047  0.5015   0.046
  supcon->res (residual)           0.9601+-0.0010  0.8223  0.7977  0.7752  0.7548  0.3932   0.512
  supcon->res (concat)             0.9744+-0.0010  0.8925  0.8296  0.8683  0.7338  0.4480   0.452
  supcon->res-nplm (residual)      0.9543+-0.0003  0.8894  0.8840  0.8163  0.7663  0.3714   0.507
  supcon->res-nplm (concat)        0.9660+-0.0031  0.8983  0.8753  0.8351  0.7509  0.4164   0.388
  ssig (parent)                    0.9303+-0.0003  0.8886  0.8811  0.3777  0.3589  0.5148   0.015
  ssig->res (residual)             0.9359+-0.0009  0.6457  0.5838  0.3999  0.4195  0.5838   0.006
  ssig->res (concat)               0.9636+-0.0005  0.8900  0.8823  0.3913  0.3507  0.5059   0.004
  ssig->res-nplm (residual)        0.9313+-0.0005  0.8800  0.8727  0.6673  0.6372  0.5003   0.193
  ssig->res-nplm (concat)          0.9574+-0.0001  0.8917  0.8854  0.4877  0.5092  0.5085   0.066
  nplmsd (parent)                  0.8994+-0.0006  0.8047  0.8033  0.6228  0.7666  0.6235   0.194
  nplmsd->res (residual)           0.9023+-0.0013  0.6375  0.5717  0.4579  0.5064  0.6059   0.011
  nplmsd->res (concat)             0.9418+-0.0008  0.8254  0.6376  0.5087  0.6803  0.6389   0.018
  nplmsd->res-nplm (residual)      0.8778+-0.0020  0.6618  0.5523  0.4993  0.5504  0.5311   0.000
  nplmsd->res-nplm (concat)        0.9246+-0.0004  0.8107  0.8018  0.6281  0.6997  0.5564   0.193
  paired supcon->res (concat) - parent: probe +0.0300  top1 +0.0031  eucl +0.1104  mahaT +0.0291
  paired supcon->res-nplm (concat) - parent: probe +0.0216  top1 +0.0089  eucl +0.0773  mahaT +0.0462
  paired ssig->res (concat) - parent: probe +0.0333  top1 +0.0014  eucl +0.0136  mahaT -0.0082
  paired ssig->res-nplm (concat) - parent: probe +0.0271  top1 +0.0031  eucl +0.1100  mahaT +0.1503
  paired nplmsd->res (concat) - parent: probe +0.0424  top1 +0.0207  eucl -0.1141  mahaT -0.0864
  paired nplmsd->res-nplm (concat) - parent: probe +0.0252  top1 +0.0060  eucl +0.0053  mahaT -0.0670
EXP137 DONE.
