/home/pharris/venv/lib64/python3.9/site-packages/networkx/utils/backends.py:135: RuntimeWarning: networkx backend defined more than once: nx-loopback
  backends.update(_get_backends("networkx.backends"))

######## galaxy10:dino_h1_d8: holdouts=[3] ########
Using cache found in /home/pharris/.cache/torch/hub/facebookresearch_dino_main

  --- supcon-ft: pre probe=0.8899 eucl=0.3331 mahaT=0.2535 perevt=0.001   [archived unfrozen post probe 0.8582]
  [sigreg+proto] epoch 1/5  sigreg=0.3035  proto=7.6250  min_dist=3.95  mean_dist=10.90
  [sigreg+proto] epoch 2/5  sigreg=0.2956  proto=7.3493  min_dist=4.01  mean_dist=10.95
  [sigreg+proto] epoch 3/5  sigreg=0.2838  proto=7.9979  min_dist=4.07  mean_dist=10.99
  [sigreg+proto] epoch 4/5  sigreg=0.2974  proto=7.8113  min_dist=4.13  mean_dist=11.03
  [sigreg+proto] epoch 5/5  sigreg=0.2958  proto=8.4370  min_dist=4.19  mean_dist=11.07
  round 1: pool=201 purity=0.607 k-hat=2 anchors=2  margin=0.8691  mean-anchor=0.8729  3=0.873
    merged 4 -> 2 anchors
  [sigreg+proto] epoch 1/5  sigreg=0.2918  proto=7.6581  min_dist=4.25  mean_dist=11.11
  [sigreg+proto] epoch 2/5  sigreg=0.2941  proto=8.0359  min_dist=4.21  mean_dist=11.16
  [sigreg+proto] epoch 3/5  sigreg=0.2935  proto=8.4890  min_dist=4.16  mean_dist=11.20
  [sigreg+proto] epoch 4/5  sigreg=0.2932  proto=7.1535  min_dist=4.10  mean_dist=11.24
  [sigreg+proto] epoch 5/5  sigreg=0.2918  proto=7.4263  min_dist=4.04  mean_dist=11.28
  round 2: pool=213 purity=0.629 k-hat=2 anchors=2  margin=0.8667  mean-anchor=0.8743  3=0.874
    [np   frozen     ] purity r1=0.607 r2=0.629  probe 0.890->0.890  eucl 0.333->0.333  perevt 0.001->0.001  drift 0.000
  [sigreg+proto] epoch 1/5  sigreg=0.3130  proto=6.9990  min_dist=3.95  mean_dist=10.90
  [sigreg+proto] epoch 2/5  sigreg=0.3012  proto=6.8732  min_dist=4.01  mean_dist=10.95
  [sigreg+proto] epoch 3/5  sigreg=0.2916  proto=7.5438  min_dist=4.07  mean_dist=10.99
  [sigreg+proto] epoch 4/5  sigreg=0.3086  proto=7.2617  min_dist=4.13  mean_dist=11.03
  [sigreg+proto] epoch 5/5  sigreg=0.3065  proto=7.7756  min_dist=4.18  mean_dist=11.07
  round 1: pool=201 purity=0.607 k-hat=2 anchors=2  margin=0.8811  mean-anchor=0.8715  3=0.871
    merged 4 -> 2 anchors
  [sigreg+proto] epoch 1/5  sigreg=0.2933  proto=7.2688  min_dist=4.23  mean_dist=11.01
  [sigreg+proto] epoch 2/5  sigreg=0.3028  proto=7.2206  min_dist=4.28  mean_dist=11.05
  [sigreg+proto] epoch 3/5  sigreg=0.2951  proto=7.9228  min_dist=4.33  mean_dist=11.10
  [sigreg+proto] epoch 4/5  sigreg=0.2914  proto=6.5225  min_dist=4.39  mean_dist=11.14
  [sigreg+proto] epoch 5/5  sigreg=0.2917  proto=6.9117  min_dist=4.38  mean_dist=11.19
  round 2: pool=215 purity=0.633 k-hat=2 anchors=2  margin=0.8765  mean-anchor=0.8751  3=0.875
    [np   corpus-norm] purity r1=0.607 r2=0.633  probe 0.890->0.893  eucl 0.333->0.335  perevt 0.001->0.001  drift 0.108
Using cache found in /home/pharris/.cache/torch/hub/facebookresearch_dino_main

  --- ss-ft: pre probe=0.8646 eucl=0.3445 mahaT=0.3055 perevt=0.006   [archived unfrozen post probe 0.8591]
  [sigreg+proto] epoch 1/5  sigreg=0.2145  proto=5.9970  min_dist=2.76  mean_dist=10.79
  [sigreg+proto] epoch 2/5  sigreg=0.2131  proto=6.2988  min_dist=2.85  mean_dist=10.82
  [sigreg+proto] epoch 3/5  sigreg=0.2169  proto=6.6233  min_dist=2.94  mean_dist=10.85
  [sigreg+proto] epoch 4/5  sigreg=0.2103  proto=5.9381  min_dist=3.02  mean_dist=10.89
  [sigreg+proto] epoch 5/5  sigreg=0.2165  proto=7.1423  min_dist=3.10  mean_dist=10.92
  round 1: pool=188 purity=0.580 k-hat=2 anchors=2  margin=0.8656  mean-anchor=0.8627  3=0.863
    merged 4 -> 2 anchors
  [sigreg+proto] epoch 1/5  sigreg=0.2053  proto=6.4394  min_dist=3.19  mean_dist=10.93
  [sigreg+proto] epoch 2/5  sigreg=0.2157  proto=6.4982  min_dist=3.28  mean_dist=10.97
  [sigreg+proto] epoch 3/5  sigreg=0.2132  proto=6.8661  min_dist=3.37  mean_dist=11.01
  [sigreg+proto] epoch 4/5  sigreg=0.2113  proto=5.7638  min_dist=3.45  mean_dist=11.05
  [sigreg+proto] epoch 5/5  sigreg=0.2143  proto=6.5408  min_dist=3.53  mean_dist=11.09
  round 2: pool=190 purity=0.584 k-hat=2 anchors=2  margin=0.8657  mean-anchor=0.8634  3=0.863
    [np   frozen     ] purity r1=0.580 r2=0.584  probe 0.865->0.865  eucl 0.344->0.344  perevt 0.006->0.006  drift 0.000
  [sigreg+proto] epoch 1/5  sigreg=0.2160  proto=5.8956  min_dist=2.76  mean_dist=10.79
  [sigreg+proto] epoch 2/5  sigreg=0.2132  proto=6.1859  min_dist=2.85  mean_dist=10.82
  [sigreg+proto] epoch 3/5  sigreg=0.2171  proto=6.6694  min_dist=2.93  mean_dist=10.85
  [sigreg+proto] epoch 4/5  sigreg=0.2106  proto=5.9571  min_dist=3.02  mean_dist=10.88
  [sigreg+proto] epoch 5/5  sigreg=0.2202  proto=7.0145  min_dist=3.10  mean_dist=10.91
  round 1: pool=188 purity=0.580 k-hat=2 anchors=2  margin=0.8755  mean-anchor=0.8498  3=0.850
    merged 4 -> 2 anchors
  [sigreg+proto] epoch 1/5  sigreg=0.2059  proto=6.4471  min_dist=3.18  mean_dist=10.86
  [sigreg+proto] epoch 2/5  sigreg=0.2159  proto=6.3894  min_dist=3.27  mean_dist=10.90
  [sigreg+proto] epoch 3/5  sigreg=0.2151  proto=6.8071  min_dist=3.35  mean_dist=10.93
  [sigreg+proto] epoch 4/5  sigreg=0.2071  proto=5.6536  min_dist=3.43  mean_dist=10.97
  [sigreg+proto] epoch 5/5  sigreg=0.2113  proto=6.4633  min_dist=3.51  mean_dist=11.01
  round 2: pool=185 purity=0.573 k-hat=2 anchors=2  margin=0.8672  mean-anchor=0.8605  3=0.860
    [np   corpus-norm] purity r1=0.580 r2=0.573  probe 0.865->0.871  eucl 0.344->0.336  perevt 0.006->0.006  drift 0.113
Using cache found in /home/pharris/.cache/torch/hub/facebookresearch_dino_main

  --- nplm-sup-ft: pre probe=0.8068 eucl=0.3980 mahaT=0.3176 perevt=0.013   [archived unfrozen post probe 0.8176]
  [sigreg+proto] epoch 1/5  sigreg=0.6065  proto=1.4279  min_dist=0.70  mean_dist=2.41
  [sigreg+proto] epoch 2/5  sigreg=0.6057  proto=1.4144  min_dist=0.77  mean_dist=2.48
  [sigreg+proto] epoch 3/5  sigreg=0.6026  proto=1.4381  min_dist=0.85  mean_dist=2.55
  [sigreg+proto] epoch 4/5  sigreg=0.6019  proto=1.4034  min_dist=0.92  mean_dist=2.61
  [sigreg+proto] epoch 5/5  sigreg=0.6045  proto=1.3975  min_dist=0.99  mean_dist=2.68
  round 1: pool=164 purity=0.518 k-hat=1 anchors=1  margin=0.8618  mean-anchor=0.7971  3=0.797
    merged 2 -> 1 anchors
  [sigreg+proto] epoch 1/5  sigreg=0.6031  proto=1.3990  min_dist=1.08  mean_dist=2.73
  [sigreg+proto] epoch 2/5  sigreg=0.6052  proto=1.4446  min_dist=1.16  mean_dist=2.80
  [sigreg+proto] epoch 3/5  sigreg=0.6005  proto=1.3744  min_dist=1.25  mean_dist=2.88
  [sigreg+proto] epoch 4/5  sigreg=0.6053  proto=1.4138  min_dist=1.32  mean_dist=2.95
  [sigreg+proto] epoch 5/5  sigreg=0.6048  proto=1.3807  min_dist=1.40  mean_dist=3.02
  round 2: pool=170 purity=0.535 k-hat=1 anchors=1  margin=0.8594  mean-anchor=0.8006  3=0.801
    [np   frozen     ] purity r1=0.518 r2=0.535  probe 0.807->0.807  eucl 0.398->0.398  perevt 0.013->0.013  drift 0.000
  [sigreg+proto] epoch 1/5  sigreg=0.5907  proto=1.4227  min_dist=0.70  mean_dist=2.41
  [sigreg+proto] epoch 2/5  sigreg=0.5925  proto=1.4111  min_dist=0.77  mean_dist=2.48
  [sigreg+proto] epoch 3/5  sigreg=0.5873  proto=1.4367  min_dist=0.85  mean_dist=2.55
  [sigreg+proto] epoch 4/5  sigreg=0.5898  proto=1.4046  min_dist=0.92  mean_dist=2.61
  [sigreg+proto] epoch 5/5  sigreg=0.5894  proto=1.3967  min_dist=0.99  mean_dist=2.68
  round 1: pool=164 purity=0.518 k-hat=1 anchors=1  margin=0.8676  mean-anchor=0.7994  3=0.799
    merged 2 -> 1 anchors
  [sigreg+proto] epoch 1/5  sigreg=0.5909  proto=1.4048  min_dist=1.08  mean_dist=2.72
  [sigreg+proto] epoch 2/5  sigreg=0.5923  proto=1.4424  min_dist=1.16  mean_dist=2.80
  [sigreg+proto] epoch 3/5  sigreg=0.5891  proto=1.3849  min_dist=1.25  mean_dist=2.87
  [sigreg+proto] epoch 4/5  sigreg=0.5909  proto=1.4137  min_dist=1.32  mean_dist=2.95
  [sigreg+proto] epoch 5/5  sigreg=0.5909  proto=1.3870  min_dist=1.40  mean_dist=3.02
  round 2: pool=165 purity=0.521 k-hat=1 anchors=1  margin=0.8611  mean-anchor=0.7989  3=0.799
    [np   corpus-norm] purity r1=0.518 r2=0.521  probe 0.807->0.814  eucl 0.398->0.400  perevt 0.013->0.014  drift 0.095

===== EXP135 SUMMARY_h1_d8 (paired frozen vs corpus-norm; gate 0.15) =====
  cell|arm|scorer                              r1  r2 frz   r2 cn    d r2    probe frz/cn  drift
  galaxy10:dino|supcon-ft|np                0.607   0.629   0.633  +0.003   0.890/0.893    0.108
  galaxy10:dino|ss-ft|np                    0.580   0.584   0.573  -0.011   0.865/0.871    0.113
  galaxy10:dino|nplm-sup-ft|np              0.518   0.535   0.521  -0.014   0.807/0.814    0.095

wrote logs/exp135/corpus_norm_galaxy10-dino_h1_d8_s2.json
EXP135 DONE.
