/home/pharris/venv/lib64/python3.9/site-packages/networkx/utils/backends.py:135: RuntimeWarning: networkx backend defined more than once: nx-loopback
  backends.update(_get_backends("networkx.backends"))

######## galaxy10:lejepa_h1_d0: holdouts=[2] ########
Fetching 37 files:   0%|          | 0/37 [00:00<?, ?it/s]Fetching 37 files: 100%|██████████| 37/37 [00:00<00:00, 61002.06it/s]

  --- supcon-ft: pre probe=0.9817 eucl=0.7393 mahaT=0.8439 perevt=0.072   [archived unfrozen post probe 0.9859]
  [sigreg+proto] epoch 1/5  sigreg=0.2994  proto=4.4963  min_dist=3.85  mean_dist=13.30
  [sigreg+proto] epoch 2/5  sigreg=0.2831  proto=4.3635  min_dist=3.92  mean_dist=13.34
  [sigreg+proto] epoch 3/5  sigreg=0.2944  proto=4.4742  min_dist=3.99  mean_dist=13.39
  [sigreg+proto] epoch 4/5  sigreg=0.2963  proto=4.7355  min_dist=4.06  mean_dist=13.43
  [sigreg+proto] epoch 5/5  sigreg=0.2870  proto=4.6255  min_dist=4.13  mean_dist=13.47
  round 1: pool=121 purity=0.372 k-hat=4 anchors=4  margin=0.6944  mean-anchor=0.8227  2=0.823
  [sigreg+proto] epoch 1/5  sigreg=0.3282  proto=4.7948  min_dist=4.19  mean_dist=12.81
  [sigreg+proto] epoch 2/5  sigreg=0.3213  proto=4.7243  min_dist=4.25  mean_dist=12.85
  [sigreg+proto] epoch 3/5  sigreg=0.3319  proto=5.2738  min_dist=4.31  mean_dist=12.89
  [sigreg+proto] epoch 4/5  sigreg=0.3139  proto=4.6630  min_dist=4.37  mean_dist=12.92
  [sigreg+proto] epoch 5/5  sigreg=0.3307  proto=5.0432  min_dist=4.42  mean_dist=12.96
  round 2: pool=104 purity=0.269 k-hat=3 anchors=7  margin=0.8656  mean-anchor=0.9465  2=0.946
    [dist frozen     ] purity r1=0.372 r2=0.269  probe 0.982->0.982  eucl 0.739->0.739  perevt 0.072->0.072  drift 0.000
  [sigreg+proto] epoch 1/5  sigreg=0.3600  proto=4.8644  min_dist=3.85  mean_dist=13.29
  [sigreg+proto] epoch 2/5  sigreg=0.3460  proto=4.7041  min_dist=3.92  mean_dist=13.32
  [sigreg+proto] epoch 3/5  sigreg=0.3508  proto=4.5316  min_dist=4.00  mean_dist=13.35
  [sigreg+proto] epoch 4/5  sigreg=0.3548  proto=4.9808  min_dist=4.07  mean_dist=13.38
  [sigreg+proto] epoch 5/5  sigreg=0.3439  proto=4.8807  min_dist=4.15  mean_dist=13.41
  round 1: pool=121 purity=0.372 k-hat=4 anchors=4  margin=0.6922  mean-anchor=0.8156  2=0.816
  [sigreg+proto] epoch 1/5  sigreg=0.3446  proto=3.8001  min_dist=3.93  mean_dist=13.07
  [sigreg+proto] epoch 2/5  sigreg=0.3413  proto=3.3873  min_dist=3.99  mean_dist=13.11
  [sigreg+proto] epoch 3/5  sigreg=0.3526  proto=3.6534  min_dist=4.05  mean_dist=13.14
  [sigreg+proto] epoch 4/5  sigreg=0.3495  proto=3.5963  min_dist=4.10  mean_dist=13.17
  [sigreg+proto] epoch 5/5  sigreg=0.3528  proto=3.4764  min_dist=4.16  mean_dist=13.20
  round 2: pool=88 purity=0.136 k-hat=4 anchors=8  margin=0.6128  mean-anchor=0.8197  2=0.820
    [dist corpus-norm] purity r1=0.372 r2=0.136  probe 0.982->0.982  eucl 0.739->0.711  perevt 0.072->0.054  drift 0.145
  [sigreg+proto] epoch 1/5  sigreg=0.3290  proto=1.7286  min_dist=3.95  mean_dist=11.85
  [sigreg+proto] epoch 2/5  sigreg=0.3236  proto=1.9079  min_dist=3.97  mean_dist=11.90
  [sigreg+proto] epoch 3/5  sigreg=0.3219  proto=1.8782  min_dist=3.98  mean_dist=11.94
  [sigreg+proto] epoch 4/5  sigreg=0.3192  proto=2.1735  min_dist=4.00  mean_dist=11.98
  [sigreg+proto] epoch 5/5  sigreg=0.3266  proto=1.9447  min_dist=4.02  mean_dist=12.03
  round 1: pool=326 purity=0.767 k-hat=4 anchors=4  margin=0.9624  mean-anchor=0.9231  2=0.923
    merged 8 -> 4 anchors
  [sigreg+proto] epoch 1/5  sigreg=0.3237  proto=1.8805  min_dist=3.76  mean_dist=12.08
  [sigreg+proto] epoch 2/5  sigreg=0.3223  proto=2.2780  min_dist=3.78  mean_dist=12.13
  [sigreg+proto] epoch 3/5  sigreg=0.3209  proto=1.9594  min_dist=3.79  mean_dist=12.17
  [sigreg+proto] epoch 4/5  sigreg=0.3208  proto=1.9729  min_dist=3.81  mean_dist=12.22
  [sigreg+proto] epoch 5/5  sigreg=0.3310  proto=2.0271  min_dist=3.83  mean_dist=12.26
  round 2: pool=324 purity=0.765 k-hat=4 anchors=4  margin=0.9633  mean-anchor=0.9211  2=0.921
    [np   frozen     ] purity r1=0.767 r2=0.765  probe 0.982->0.982  eucl 0.739->0.739  perevt 0.072->0.072  drift 0.000
  [sigreg+proto] epoch 1/5  sigreg=0.3809  proto=2.3619  min_dist=3.94  mean_dist=11.85
  [sigreg+proto] epoch 2/5  sigreg=0.3758  proto=2.5439  min_dist=3.95  mean_dist=11.89
  [sigreg+proto] epoch 3/5  sigreg=0.3722  proto=2.5847  min_dist=3.97  mean_dist=11.94
  [sigreg+proto] epoch 4/5  sigreg=0.3660  proto=2.7162  min_dist=3.98  mean_dist=11.98
  [sigreg+proto] epoch 5/5  sigreg=0.3764  proto=2.5890  min_dist=3.99  mean_dist=12.02
  round 1: pool=326 purity=0.767 k-hat=4 anchors=4  margin=0.9498  mean-anchor=0.9394  2=0.939
    merged 7 -> 5 anchors
  [sigreg+proto] epoch 1/5  sigreg=0.3943  proto=2.5535  min_dist=3.29  mean_dist=11.58
  [sigreg+proto] epoch 2/5  sigreg=0.3980  proto=2.7723  min_dist=3.27  mean_dist=11.63
  [sigreg+proto] epoch 3/5  sigreg=0.3993  proto=2.8286  min_dist=3.25  mean_dist=11.67
  [sigreg+proto] epoch 4/5  sigreg=0.3913  proto=3.1189  min_dist=3.23  mean_dist=11.71
  [sigreg+proto] epoch 5/5  sigreg=0.4000  proto=3.2016  min_dist=3.21  mean_dist=11.76
  round 2: pool=316 purity=0.759 k-hat=3 anchors=5  margin=0.9467  mean-anchor=0.9208  2=0.921
    [np   corpus-norm] purity r1=0.767 r2=0.759  probe 0.982->0.979  eucl 0.739->0.659  perevt 0.072->0.024  drift 0.203
Fetching 37 files:   0%|          | 0/37 [00:00<?, ?it/s]Fetching 37 files: 100%|██████████| 37/37 [00:00<00:00, 26555.31it/s]

  --- ss-ft: pre probe=0.9809 eucl=0.8554 mahaT=0.8771 perevt=0.446   [archived unfrozen post probe 0.9839]
  [sigreg+proto] epoch 1/5  sigreg=0.7540  proto=24.9706  min_dist=7.07  mean_dist=30.79
  [sigreg+proto] epoch 2/5  sigreg=0.7421  proto=28.1566  min_dist=7.07  mean_dist=30.78
  [sigreg+proto] epoch 3/5  sigreg=0.7469  proto=26.5381  min_dist=7.08  mean_dist=30.76
  [sigreg+proto] epoch 4/5  sigreg=0.8011  proto=30.3076  min_dist=7.09  mean_dist=30.75
  [sigreg+proto] epoch 5/5  sigreg=0.8281  proto=32.7894  min_dist=7.10  mean_dist=30.74
  round 1: pool=203 purity=0.626 k-hat=4 anchors=4  margin=0.9084  mean-anchor=0.9671  2=0.967
  [sigreg+proto] epoch 1/5  sigreg=0.6705  proto=19.8175  min_dist=7.14  mean_dist=30.22
  [sigreg+proto] epoch 2/5  sigreg=0.7043  proto=18.4377  min_dist=7.17  mean_dist=30.22
  [sigreg+proto] epoch 3/5  sigreg=0.6977  proto=21.7824  min_dist=7.21  mean_dist=30.21
  [sigreg+proto] epoch 4/5  sigreg=0.7338  proto=21.6335  min_dist=7.25  mean_dist=30.21
  [sigreg+proto] epoch 5/5  sigreg=0.7096  proto=22.7714  min_dist=7.29  mean_dist=30.20
  round 2: pool=81 purity=0.062 k-hat=4 anchors=8  margin=0.8823  mean-anchor=0.9672  2=0.967
    [dist frozen     ] purity r1=0.626 r2=0.062  probe 0.981->0.981  eucl 0.855->0.855  perevt 0.446->0.446  drift 0.000
  [sigreg+proto] epoch 1/5  sigreg=0.6313  proto=24.8202  min_dist=7.06  mean_dist=30.78
  [sigreg+proto] epoch 2/5  sigreg=0.6089  proto=27.0313  min_dist=7.06  mean_dist=30.76
  [sigreg+proto] epoch 3/5  sigreg=0.6116  proto=25.8840  min_dist=7.05  mean_dist=30.73
  [sigreg+proto] epoch 4/5  sigreg=0.6813  proto=29.5644  min_dist=7.05  mean_dist=30.70
  [sigreg+proto] epoch 5/5  sigreg=0.7050  proto=31.5817  min_dist=7.05  mean_dist=30.68
  round 1: pool=203 purity=0.626 k-hat=4 anchors=4  margin=0.8890  mean-anchor=0.9680  2=0.968
  [sigreg+proto] epoch 1/5  sigreg=0.5422  proto=15.1548  min_dist=5.65  mean_dist=29.18
  [sigreg+proto] epoch 2/5  sigreg=0.5593  proto=15.6547  min_dist=5.67  mean_dist=29.17
  [sigreg+proto] epoch 3/5  sigreg=0.5382  proto=16.1638  min_dist=5.69  mean_dist=29.16
  [sigreg+proto] epoch 4/5  sigreg=0.5700  proto=18.0701  min_dist=5.71  mean_dist=29.15
  [sigreg+proto] epoch 5/5  sigreg=0.5638  proto=17.4754  min_dist=5.73  mean_dist=29.13
  round 2: pool=86 purity=0.116 k-hat=4 anchors=8  margin=0.8546  mean-anchor=0.9685  2=0.968
    [dist corpus-norm] purity r1=0.626 r2=0.116  probe 0.981->0.983  eucl 0.855->0.837  perevt 0.446->0.400  drift 0.150
  [sigreg+proto] epoch 1/5  sigreg=0.4436  proto=17.4460  min_dist=7.09  mean_dist=29.86
  [sigreg+proto] epoch 2/5  sigreg=0.4404  proto=19.3929  min_dist=7.12  mean_dist=29.84
  [sigreg+proto] epoch 3/5  sigreg=0.4298  proto=17.0018  min_dist=7.14  mean_dist=29.83
  [sigreg+proto] epoch 4/5  sigreg=0.4233  proto=17.6319  min_dist=7.16  mean_dist=29.81
  [sigreg+proto] epoch 5/5  sigreg=0.4365  proto=18.5741  min_dist=7.18  mean_dist=29.79
  round 1: pool=310 purity=0.755 k-hat=4 anchors=4  margin=0.9523  mean-anchor=0.9625  2=0.962
  [sigreg+proto] epoch 1/5  sigreg=0.6934  proto=19.8322  min_dist=3.07  mean_dist=31.91
  [sigreg+proto] epoch 2/5  sigreg=0.6765  proto=18.3261  min_dist=3.08  mean_dist=31.90
  [sigreg+proto] epoch 3/5  sigreg=0.6578  proto=17.6676  min_dist=3.09  mean_dist=31.88
  [sigreg+proto] epoch 4/5  sigreg=0.6389  proto=18.4347  min_dist=3.10  mean_dist=31.87
  [sigreg+proto] epoch 5/5  sigreg=0.6453  proto=16.6703  min_dist=3.11  mean_dist=31.86
  round 2: pool=309 purity=0.754 k-hat=4 anchors=8  margin=0.9316  mean-anchor=0.9626  2=0.963
    [np   frozen     ] purity r1=0.755 r2=0.754  probe 0.981->0.981  eucl 0.855->0.855  perevt 0.446->0.446  drift 0.000
  [sigreg+proto] epoch 1/5  sigreg=0.5818  proto=19.6683  min_dist=7.08  mean_dist=29.86
  [sigreg+proto] epoch 2/5  sigreg=0.6059  proto=20.7238  min_dist=7.09  mean_dist=29.83
  [sigreg+proto] epoch 3/5  sigreg=0.5774  proto=19.6714  min_dist=7.10  mean_dist=29.81
  [sigreg+proto] epoch 4/5  sigreg=0.5603  proto=19.2089  min_dist=7.12  mean_dist=29.79
  [sigreg+proto] epoch 5/5  sigreg=0.5828  proto=21.2134  min_dist=7.13  mean_dist=29.76
  round 1: pool=310 purity=0.755 k-hat=4 anchors=4  margin=0.9393  mean-anchor=0.9520  2=0.952
  [sigreg+proto] epoch 1/5  sigreg=0.6694  proto=22.8722  min_dist=5.73  mean_dist=30.10
  [sigreg+proto] epoch 2/5  sigreg=0.6336  proto=19.4688  min_dist=5.73  mean_dist=30.09
  [sigreg+proto] epoch 3/5  sigreg=0.6053  proto=17.9832  min_dist=5.73  mean_dist=30.08
  [sigreg+proto] epoch 4/5  sigreg=0.5943  proto=18.7618  min_dist=5.72  mean_dist=30.06
  [sigreg+proto] epoch 5/5  sigreg=0.6207  proto=17.1624  min_dist=5.72  mean_dist=30.05
  round 2: pool=301 purity=0.748 k-hat=4 anchors=8  margin=0.9214  mean-anchor=0.9027  2=0.903
    [np   corpus-norm] purity r1=0.755 r2=0.748  probe 0.981->0.983  eucl 0.855->0.808  perevt 0.446->0.331  drift 0.220
Fetching 37 files:   0%|          | 0/37 [00:00<?, ?it/s]Fetching 37 files: 100%|██████████| 37/37 [00:00<00:00, 23761.94it/s]

  --- nplm-sup-ft: pre probe=0.9306 eucl=0.5477 mahaT=0.5766 perevt=0.038   [archived unfrozen post probe 0.9505]
  [sigreg+proto] epoch 1/5  sigreg=0.4318  proto=4.2703  min_dist=0.66  mean_dist=11.25
  [sigreg+proto] epoch 2/5  sigreg=0.4251  proto=4.8258  min_dist=0.74  mean_dist=11.29
  [sigreg+proto] epoch 3/5  sigreg=0.4281  proto=4.4612  min_dist=0.82  mean_dist=11.33
  [sigreg+proto] epoch 4/5  sigreg=0.4265  proto=4.7057  min_dist=0.90  mean_dist=11.37
  [sigreg+proto] epoch 5/5  sigreg=0.4250  proto=5.2049  min_dist=0.97  mean_dist=11.42
  round 1: pool=89 purity=0.146 k-hat=4 anchors=4  margin=0.5120  mean-anchor=0.8063  2=0.806
  [sigreg+proto] epoch 1/5  sigreg=0.4593  proto=3.7981  min_dist=1.04  mean_dist=11.51
  [sigreg+proto] epoch 2/5  sigreg=0.4520  proto=3.7268  min_dist=1.11  mean_dist=11.53
  [sigreg+proto] epoch 3/5  sigreg=0.4567  proto=3.6932  min_dist=1.19  mean_dist=11.55
  [sigreg+proto] epoch 4/5  sigreg=0.4494  proto=3.9156  min_dist=1.26  mean_dist=11.57
  [sigreg+proto] epoch 5/5  sigreg=0.4495  proto=3.7523  min_dist=1.32  mean_dist=11.60
  round 2: pool=81 purity=0.062 k-hat=4 anchors=8  margin=0.4759  mean-anchor=0.8855  2=0.886
    [dist frozen     ] purity r1=0.146 r2=0.062  probe 0.931->0.931  eucl 0.548->0.548  perevt 0.038->0.038  drift 0.000
  [sigreg+proto] epoch 1/5  sigreg=0.4730  proto=3.9547  min_dist=0.66  mean_dist=11.24
  [sigreg+proto] epoch 2/5  sigreg=0.4681  proto=4.4542  min_dist=0.74  mean_dist=11.29
  [sigreg+proto] epoch 3/5  sigreg=0.4697  proto=4.0875  min_dist=0.82  mean_dist=11.33
  [sigreg+proto] epoch 4/5  sigreg=0.4690  proto=4.4261  min_dist=0.90  mean_dist=11.37
  [sigreg+proto] epoch 5/5  sigreg=0.4669  proto=4.8481  min_dist=0.97  mean_dist=11.41
  round 1: pool=89 purity=0.146 k-hat=4 anchors=4  margin=0.6362  mean-anchor=0.8756  2=0.876
  [sigreg+proto] epoch 1/5  sigreg=0.5130  proto=3.7851  min_dist=1.04  mean_dist=11.18
  [sigreg+proto] epoch 2/5  sigreg=0.5070  proto=3.7497  min_dist=1.11  mean_dist=11.21
  [sigreg+proto] epoch 3/5  sigreg=0.5153  proto=3.6008  min_dist=1.19  mean_dist=11.24
  [sigreg+proto] epoch 4/5  sigreg=0.5145  proto=3.8233  min_dist=1.26  mean_dist=11.27
  [sigreg+proto] epoch 5/5  sigreg=0.5061  proto=3.6235  min_dist=1.32  mean_dist=11.30
  round 2: pool=83 purity=0.084 k-hat=4 anchors=8  margin=0.5166  mean-anchor=0.8553  2=0.855
    [dist corpus-norm] purity r1=0.146 r2=0.084  probe 0.931->0.937  eucl 0.548->0.548  perevt 0.038->0.040  drift 0.122
  [sigreg+proto] epoch 1/5  sigreg=0.4519  proto=4.8484  min_dist=0.68  mean_dist=11.70
  [sigreg+proto] epoch 2/5  sigreg=0.4696  proto=4.4645  min_dist=0.77  mean_dist=11.73
  [sigreg+proto] epoch 3/5  sigreg=0.4587  proto=4.7937  min_dist=0.87  mean_dist=11.76
  [sigreg+proto] epoch 4/5  sigreg=0.4572  proto=4.3995  min_dist=0.95  mean_dist=11.80
  [sigreg+proto] epoch 5/5  sigreg=0.4638  proto=4.6845  min_dist=1.03  mean_dist=11.83
  round 1: pool=312 purity=0.756 k-hat=2 anchors=2  margin=0.9383  mean-anchor=0.9306  2=0.931
    merged 4 -> 2 anchors
  [sigreg+proto] epoch 1/5  sigreg=0.4558  proto=4.5884  min_dist=1.14  mean_dist=11.82
  [sigreg+proto] epoch 2/5  sigreg=0.4591  proto=5.0618  min_dist=1.25  mean_dist=11.86
  [sigreg+proto] epoch 3/5  sigreg=0.4658  proto=4.4824  min_dist=1.36  mean_dist=11.89
  [sigreg+proto] epoch 4/5  sigreg=0.4563  proto=4.6117  min_dist=1.45  mean_dist=11.93
  [sigreg+proto] epoch 5/5  sigreg=0.4603  proto=4.9301  min_dist=1.54  mean_dist=11.96
  round 2: pool=320 purity=0.762 k-hat=2 anchors=2  margin=0.9404  mean-anchor=0.9326  2=0.933
    [np   frozen     ] purity r1=0.756 r2=0.762  probe 0.931->0.931  eucl 0.548->0.548  perevt 0.038->0.038  drift 0.000
  [sigreg+proto] epoch 1/5  sigreg=0.5134  proto=5.5632  min_dist=0.68  mean_dist=11.70
  [sigreg+proto] epoch 2/5  sigreg=0.5259  proto=5.3021  min_dist=0.77  mean_dist=11.73
  [sigreg+proto] epoch 3/5  sigreg=0.5172  proto=5.3857  min_dist=0.87  mean_dist=11.77
  [sigreg+proto] epoch 4/5  sigreg=0.5183  proto=5.1259  min_dist=0.95  mean_dist=11.80
  [sigreg+proto] epoch 5/5  sigreg=0.5220  proto=5.4613  min_dist=1.03  mean_dist=11.83
  round 1: pool=312 purity=0.756 k-hat=2 anchors=2  margin=0.9377  mean-anchor=0.9262  2=0.926
    merged 4 -> 3 anchors
  [sigreg+proto] epoch 1/5  sigreg=0.5476  proto=5.0752  min_dist=1.14  mean_dist=11.49
  [sigreg+proto] epoch 2/5  sigreg=0.5538  proto=5.0393  min_dist=1.25  mean_dist=11.53
  [sigreg+proto] epoch 3/5  sigreg=0.5494  proto=5.6221  min_dist=1.36  mean_dist=11.56
  [sigreg+proto] epoch 4/5  sigreg=0.5497  proto=4.9775  min_dist=1.45  mean_dist=11.60
  [sigreg+proto] epoch 5/5  sigreg=0.5497  proto=5.0241  min_dist=1.54  mean_dist=11.64
  round 2: pool=312 purity=0.756 k-hat=2 anchors=3  margin=0.9382  mean-anchor=0.9256  2=0.926
    [np   corpus-norm] purity r1=0.756 r2=0.756  probe 0.931->0.942  eucl 0.548->0.540  perevt 0.038->0.028  drift 0.256

===== EXP135 SUMMARY_h1_d0 (paired frozen vs corpus-norm; gate 0.15) =====
  cell|arm|scorer                              r1  r2 frz   r2 cn    d r2    probe frz/cn  drift
  galaxy10:lejepa|supcon-ft|dist            0.372   0.269   0.136  -0.133   0.982/0.982    0.145
  galaxy10:lejepa|supcon-ft|np              0.767   0.765   0.759  -0.006   0.982/0.979    0.203
  galaxy10:lejepa|ss-ft|dist                0.626   0.062   0.116  +0.055   0.981/0.983    0.150
  galaxy10:lejepa|ss-ft|np                  0.755   0.754   0.748  -0.007   0.981/0.983    0.220
  galaxy10:lejepa|nplm-sup-ft|dist          0.146   0.062   0.084  +0.023   0.931/0.937    0.122
  galaxy10:lejepa|nplm-sup-ft|np            0.756   0.762   0.756  -0.006   0.931/0.942    0.256

wrote logs/exp135/corpus_norm_galaxy10-lejepa_h1_d0.json
EXP135 DONE.
