/home/pharris/venv/lib64/python3.9/site-packages/networkx/utils/backends.py:135: RuntimeWarning: networkx backend defined more than once: nx-loopback
  backends.update(_get_backends("networkx.backends"))

######## cars:dino_h1_d1: holdouts=[13] ########

  --- frozen: pre probe=0.9082 eucl=0.4645 mahaT=0.4277 perevt=0.024
  [sigreg+proto] epoch 1/5  sigreg=0.1436  proto=30.7377  min_dist=5.82  mean_dist=16.02
  [sigreg+proto] epoch 2/5  sigreg=0.1453  proto=30.0369  min_dist=5.88  mean_dist=16.01
  [sigreg+proto] epoch 3/5  sigreg=0.1441  proto=30.1115  min_dist=5.93  mean_dist=16.00
  [sigreg+proto] epoch 4/5  sigreg=0.1460  proto=27.8893  min_dist=5.99  mean_dist=15.99
  [sigreg+proto] epoch 5/5  sigreg=0.1452  proto=27.6788  min_dist=6.06  mean_dist=15.98
  round 1: pool=405 purity=0.000 k-hat=4 anchors=4  margin=0.4996  mean-anchor=0.5729  13=0.573
  [sigreg+proto] epoch 1/5  sigreg=0.1458  proto=31.1607  min_dist=6.15  mean_dist=16.16
  [sigreg+proto] epoch 2/5  sigreg=0.1478  proto=27.8579  min_dist=6.22  mean_dist=16.16
  [sigreg+proto] epoch 3/5  sigreg=0.1459  proto=27.2799  min_dist=6.31  mean_dist=16.15
  [sigreg+proto] epoch 4/5  sigreg=0.1471  proto=27.0343  min_dist=6.40  mean_dist=16.15
  [sigreg+proto] epoch 5/5  sigreg=0.1453  proto=25.5523  min_dist=6.49  mean_dist=16.14
  round 2: pool=405 purity=0.000 k-hat=4 anchors=8  margin=0.5108  mean-anchor=0.6159  13=0.616
    [dist frozen     ] purity r1=0.000 r2=0.000  probe 0.908->0.908  eucl 0.465->0.465  perevt 0.024->0.024  drift 0.000
  [sigreg+proto] epoch 1/5  sigreg=0.1485  proto=30.7826  min_dist=5.82  mean_dist=16.01
  [sigreg+proto] epoch 2/5  sigreg=0.1505  proto=31.0016  min_dist=5.88  mean_dist=16.00
  [sigreg+proto] epoch 3/5  sigreg=0.1484  proto=31.5315  min_dist=5.94  mean_dist=15.98
  [sigreg+proto] epoch 4/5  sigreg=0.1496  proto=28.8641  min_dist=6.00  mean_dist=15.96
  [sigreg+proto] epoch 5/5  sigreg=0.1492  proto=27.8889  min_dist=6.07  mean_dist=15.95
  round 1: pool=405 purity=0.000 k-hat=4 anchors=4  margin=0.4976  mean-anchor=0.5724  13=0.572
  [sigreg+proto] epoch 1/5  sigreg=0.1506  proto=31.9648  min_dist=6.15  mean_dist=16.13
  [sigreg+proto] epoch 2/5  sigreg=0.1532  proto=28.1507  min_dist=6.22  mean_dist=16.12
  [sigreg+proto] epoch 3/5  sigreg=0.1522  proto=28.4461  min_dist=6.31  mean_dist=16.10
  [sigreg+proto] epoch 4/5  sigreg=0.1504  proto=27.6898  min_dist=6.40  mean_dist=16.09
  [sigreg+proto] epoch 5/5  sigreg=0.1487  proto=26.7201  min_dist=6.49  mean_dist=16.08
  round 2: pool=405 purity=0.000 k-hat=4 anchors=8  margin=0.5141  mean-anchor=0.6002  13=0.600
    [dist corpus-norm] purity r1=0.000 r2=0.000  probe 0.908->0.899  eucl 0.465->0.464  perevt 0.024->0.024  drift 0.026
  [sigreg+proto] epoch 1/5  sigreg=0.1445  proto=27.9213  min_dist=5.81  mean_dist=15.96
  [sigreg+proto] epoch 2/5  sigreg=0.1424  proto=27.5787  min_dist=5.86  mean_dist=15.96
  [sigreg+proto] epoch 3/5  sigreg=0.1437  proto=28.2406  min_dist=5.94  mean_dist=15.95
  [sigreg+proto] epoch 4/5  sigreg=0.1444  proto=24.8460  min_dist=6.01  mean_dist=15.94
  [sigreg+proto] epoch 5/5  sigreg=0.1458  proto=24.8565  min_dist=6.07  mean_dist=15.93
  round 1: pool=408 purity=0.007 k-hat=4 anchors=4  margin=0.5228  mean-anchor=0.5169  13=0.517
  [sigreg+proto] epoch 1/5  sigreg=0.1490  proto=27.4607  min_dist=6.15  mean_dist=16.07
  [sigreg+proto] epoch 2/5  sigreg=0.1422  proto=27.5199  min_dist=6.23  mean_dist=16.07
  [sigreg+proto] epoch 3/5  sigreg=0.1455  proto=26.8327  min_dist=6.30  mean_dist=16.07
  [sigreg+proto] epoch 4/5  sigreg=0.1465  proto=24.0307  min_dist=6.38  mean_dist=16.07
  [sigreg+proto] epoch 5/5  sigreg=0.1442  proto=25.0422  min_dist=6.46  mean_dist=16.07
  round 2: pool=407 purity=0.005 k-hat=4 anchors=8  margin=0.6169  mean-anchor=0.6285  13=0.628
    [np   frozen     ] purity r1=0.007 r2=0.005  probe 0.908->0.908  eucl 0.465->0.465  perevt 0.024->0.024  drift 0.000
  [sigreg+proto] epoch 1/5  sigreg=0.1479  proto=29.2006  min_dist=5.80  mean_dist=15.95
  [sigreg+proto] epoch 2/5  sigreg=0.1487  proto=29.9131  min_dist=5.86  mean_dist=15.94
  [sigreg+proto] epoch 3/5  sigreg=0.1486  proto=30.0839  min_dist=5.94  mean_dist=15.93
  [sigreg+proto] epoch 4/5  sigreg=0.1496  proto=26.9918  min_dist=6.01  mean_dist=15.92
  [sigreg+proto] epoch 5/5  sigreg=0.1508  proto=26.7179  min_dist=6.09  mean_dist=15.90
  round 1: pool=408 purity=0.007 k-hat=4 anchors=4  margin=0.5250  mean-anchor=0.5188  13=0.519
  [sigreg+proto] epoch 1/5  sigreg=0.1533  proto=27.2354  min_dist=6.17  mean_dist=15.97
  [sigreg+proto] epoch 2/5  sigreg=0.1473  proto=27.3337  min_dist=6.24  mean_dist=15.96
  [sigreg+proto] epoch 3/5  sigreg=0.1497  proto=26.3445  min_dist=6.30  mean_dist=15.96
  [sigreg+proto] epoch 4/5  sigreg=0.1508  proto=23.5662  min_dist=6.36  mean_dist=15.95
  [sigreg+proto] epoch 5/5  sigreg=0.1509  proto=24.8897  min_dist=6.42  mean_dist=15.94
  round 2: pool=405 purity=0.000 k-hat=4 anchors=8  margin=0.6002  mean-anchor=0.5901  13=0.590
    [np   corpus-norm] purity r1=0.007 r2=0.000  probe 0.908->0.906  eucl 0.465->0.464  perevt 0.024->0.024  drift 0.011

===== EXP135 SUMMARY_h1_d1 (paired frozen vs corpus-norm; gate 0.15) =====
  cell|arm|scorer                              r1  r2 frz   r2 cn    d r2    probe frz/cn  drift
  cars:dino|frozen|dist                   0.000   0.000   0.000  +0.000   0.908/0.899    0.026
  cars:dino|frozen|np                     0.007   0.005   0.000  -0.005   0.908/0.906    0.011

wrote logs/exp135/corpus_norm_cars-dino_frozen_h1_d1.json
EXP135 DONE.
