/home/pharris/venv/lib64/python3.9/site-packages/networkx/utils/backends.py:135: RuntimeWarning: networkx backend defined more than once: nx-loopback
  backends.update(_get_backends("networkx.backends"))

######## aircraft:lejepa: holdouts=[90, 91, 92, 93]... ########

  --- frozen: pre probe=0.7684 eucl=0.5862 mahaT=0.6367 perevt=0.084
  [sigreg+proto] epoch 1/5  sigreg=0.1999  proto=85.4512  min_dist=3.65  mean_dist=18.70
  [sigreg+proto] epoch 2/5  sigreg=0.1952  proto=87.6433  min_dist=3.78  mean_dist=18.74
  [sigreg+proto] epoch 3/5  sigreg=0.1956  proto=90.2607  min_dist=3.90  mean_dist=18.77
  [sigreg+proto] epoch 4/5  sigreg=0.1884  proto=86.8941  min_dist=4.01  mean_dist=18.79
  [sigreg+proto] epoch 5/5  sigreg=0.1949  proto=87.3540  min_dist=4.10  mean_dist=18.82
  round 1: pool=342 purity=0.123 k-hat=12 anchors=12  margin=0.5483  mean-anchor=0.5811  
  [sigreg+proto] epoch 1/5  sigreg=0.2131  proto=77.2782  min_dist=4.18  mean_dist=22.17
  [sigreg+proto] epoch 2/5  sigreg=0.2038  proto=82.4509  min_dist=4.25  mean_dist=22.18
  [sigreg+proto] epoch 3/5  sigreg=0.2192  proto=74.0245  min_dist=4.28  mean_dist=22.19
  [sigreg+proto] epoch 4/5  sigreg=0.2062  proto=78.2933  min_dist=4.32  mean_dist=22.19
  [sigreg+proto] epoch 5/5  sigreg=0.2175  proto=75.0738  min_dist=4.37  mean_dist=22.20
  round 2: pool=327 purity=0.083 k-hat=12 anchors=24  margin=0.5378  mean-anchor=0.5875  
    [dist frozen     ] purity r1=0.123 r2=0.083  probe 0.768->0.768  eucl 0.586->0.586  perevt 0.084->0.084  drift 0.000
  [sigreg+proto] epoch 1/5  sigreg=0.2563  proto=73.1267  min_dist=3.63  mean_dist=18.69
  [sigreg+proto] epoch 2/5  sigreg=0.2350  proto=76.4037  min_dist=3.73  mean_dist=18.72
  [sigreg+proto] epoch 3/5  sigreg=0.2314  proto=78.1224  min_dist=3.83  mean_dist=18.75
  [sigreg+proto] epoch 4/5  sigreg=0.2053  proto=80.1864  min_dist=3.92  mean_dist=18.77
  [sigreg+proto] epoch 5/5  sigreg=0.2337  proto=75.3790  min_dist=3.98  mean_dist=18.79
  round 1: pool=342 purity=0.123 k-hat=12 anchors=12  margin=0.5549  mean-anchor=0.5275  
  [sigreg+proto] epoch 1/5  sigreg=0.2660  proto=64.5149  min_dist=4.02  mean_dist=21.74
  [sigreg+proto] epoch 2/5  sigreg=0.2687  proto=64.6526  min_dist=4.03  mean_dist=21.75
  [sigreg+proto] epoch 3/5  sigreg=0.2730  proto=58.9999  min_dist=4.06  mean_dist=21.76
  [sigreg+proto] epoch 4/5  sigreg=0.2749  proto=59.2205  min_dist=4.12  mean_dist=21.77
  [sigreg+proto] epoch 5/5  sigreg=0.2843  proto=57.0001  min_dist=4.18  mean_dist=21.77
  round 2: pool=336 purity=0.107 k-hat=12 anchors=24  margin=0.5690  mean-anchor=0.6041  
    [dist corpus-norm] purity r1=0.123 r2=0.107  probe 0.768->0.810  eucl 0.586->0.582  perevt 0.084->0.087  drift 0.188
  [sigreg+proto] epoch 1/5  sigreg=0.1940  proto=84.0492  min_dist=3.58  mean_dist=12.41
  [sigreg+proto] epoch 2/5  sigreg=0.1922  proto=82.3624  min_dist=3.70  mean_dist=12.46
  [sigreg+proto] epoch 3/5  sigreg=0.1864  proto=80.5818  min_dist=3.79  mean_dist=12.51
  [sigreg+proto] epoch 4/5  sigreg=0.1912  proto=74.8675  min_dist=3.88  mean_dist=12.55
  [sigreg+proto] epoch 5/5  sigreg=0.1894  proto=77.1652  min_dist=3.93  mean_dist=12.60
  round 1: pool=329 purity=0.088 k-hat=1 anchors=1  margin=0.4484  mean-anchor=0.4411  
  [sigreg+proto] epoch 1/5  sigreg=0.1962  proto=99.5957  min_dist=4.12  mean_dist=13.47
  [sigreg+proto] epoch 2/5  sigreg=0.1966  proto=95.4894  min_dist=4.20  mean_dist=13.52
  [sigreg+proto] epoch 3/5  sigreg=0.2005  proto=96.1427  min_dist=4.28  mean_dist=13.57
  [sigreg+proto] epoch 4/5  sigreg=0.2013  proto=95.1263  min_dist=4.33  mean_dist=13.62
  [sigreg+proto] epoch 5/5  sigreg=0.1980  proto=95.8688  min_dist=4.32  mean_dist=13.66
  round 2: pool=366 purity=0.180 k-hat=4 anchors=5  margin=0.4063  mean-anchor=0.5302  
    [np   frozen     ] purity r1=0.088 r2=0.180  probe 0.768->0.768  eucl 0.586->0.586  perevt 0.084->0.084  drift 0.000
  [sigreg+proto] epoch 1/5  sigreg=0.1993  proto=89.2002  min_dist=3.56  mean_dist=12.40
  [sigreg+proto] epoch 2/5  sigreg=0.1941  proto=84.3271  min_dist=3.66  mean_dist=12.44
  [sigreg+proto] epoch 3/5  sigreg=0.1893  proto=82.9620  min_dist=3.75  mean_dist=12.48
  [sigreg+proto] epoch 4/5  sigreg=0.1952  proto=77.9979  min_dist=3.83  mean_dist=12.52
  [sigreg+proto] epoch 5/5  sigreg=0.1922  proto=80.3172  min_dist=3.89  mean_dist=12.56
  round 1: pool=329 purity=0.088 k-hat=1 anchors=1  margin=0.4464  mean-anchor=0.4388  
  [sigreg+proto] epoch 1/5  sigreg=0.1984  proto=104.9033  min_dist=4.03  mean_dist=13.71
  [sigreg+proto] epoch 2/5  sigreg=0.2102  proto=101.3328  min_dist=4.14  mean_dist=13.75
  [sigreg+proto] epoch 3/5  sigreg=0.2017  proto=95.9561  min_dist=4.23  mean_dist=13.80
  [sigreg+proto] epoch 4/5  sigreg=0.2041  proto=100.9778  min_dist=4.32  mean_dist=13.83
  [sigreg+proto] epoch 5/5  sigreg=0.2024  proto=95.3193  min_dist=4.34  mean_dist=13.87
  round 2: pool=368 purity=0.185 k-hat=5 anchors=6  margin=0.4398  mean-anchor=0.6166  
    [np   corpus-norm] purity r1=0.088 r2=0.185  probe 0.768->0.777  eucl 0.586->0.587  perevt 0.084->0.084  drift 0.017

===== EXP135 SUMMARY (paired frozen vs corpus-norm; gate 0.15) =====
  cell|arm|scorer                              r1  r2 frz   r2 cn    d r2    probe frz/cn  drift
  aircraft:lejepa|frozen|dist             0.123   0.083   0.107  +0.025   0.768/0.810    0.188
  aircraft:lejepa|frozen|np               0.088   0.180   0.185  +0.004   0.768/0.777    0.017

wrote logs/exp135/corpus_norm_aircraft-lejepa_frozen.json
EXP135 DONE.
