/home/pharris/venv/lib64/python3.9/site-packages/networkx/utils/backends.py:135: RuntimeWarning: networkx backend defined more than once: nx-loopback
  backends.update(_get_backends("networkx.backends"))
Using cache found in /home/pharris/.cache/torch/hub/facebookresearch_dino_main
exp70 [dtd_dino_ft70_h1_d4_u0.05_gcd] end-to-end ft suite, arms=['gcd-ft', 'gcd-sigreg-ft'], ft_epochs=20, emb=100, holdouts 15-15 EXCLUDED from ft
  ft corpus: 3680/3760 train images (holdout classes removed)

===== [gcd-ft] (supervised) =====
  gcd corpus: 3684 train images, 4 unlabelled (held-out classes, label -1; frac 0.05 of the held-out train images)
  [gcd-ft] epoch 1/20  main=2.2841  aux=0.0000
  [gcd-ft] epoch 5/20  main=2.0115  aux=0.0000
  [gcd-ft] epoch 10/20  main=1.8982  aux=0.0000
  [gcd-ft] epoch 15/20  main=1.8533  aux=0.0000
  [gcd-ft] epoch 20/20  main=1.8231  aux=0.0000
  extracted ft70_gcd-ft train: (3760, 768)
Using cache found in /home/pharris/.cache/torch/hub/facebookresearch_dino_main
  extracted ft70_gcd-ft test: (1880, 768)
  [gcd-ft        ] probe=0.7454+-0.0354 acc=0.7375 supAUC=0.9761 eucl=0.6929 mahaT=0.6347 mahaPC=0.5973 lid=0.6286

===== [gcd-sigreg-ft] (supervised) =====
  gcd corpus: 3684 train images, 4 unlabelled (held-out classes, label -1; frac 0.05 of the held-out train images)
  [gcd-sigreg-ft] epoch 1/20  main=2.3143  aux=0.7014
  [gcd-sigreg-ft] epoch 5/20  main=2.0912  aux=0.5051
  [gcd-sigreg-ft] epoch 10/20  main=1.9761  aux=0.4677
  [gcd-sigreg-ft] epoch 15/20  main=1.9074  aux=0.4437
  [gcd-sigreg-ft] epoch 20/20  main=1.9051  aux=0.4353
  extracted ft70_gcd-sigreg-ft train: (3760, 768)
  extracted ft70_gcd-sigreg-ft test: (1880, 768)
  [gcd-sigreg-ft ] probe=0.8351+-0.0132 acc=0.7701 supAUC=0.9825 eucl=0.7407 mahaT=0.6975 mahaPC=0.7426 lid=0.7073

===== PRE table =====
  arm                        probe     acc  supAUC    eucl   mahaT  mahaPC
  gcd-ft             0.7454+-0.0354  0.7375  0.9761  0.6929  0.6347  0.5973
  gcd-sigreg-ft      0.8351+-0.0132  0.7701  0.9825  0.7407  0.6975  0.7426

===== gaussianity (seen classes, test set) =====
  metric                            gcd-ft gcd-sigreg-ft
  eig min (class cov)               -0.000        -0.000
  eig max (class cov)              100.503        17.959
  eig cond worst            100503073587200.017958906626048.0
  class RMS min                      0.551         0.375
  class RMS mean                     0.709         0.529
  class RMS max                      1.067         0.687
  max |corr| (worst class)           0.992         0.951
  SW ratio mean                       1.68          1.66
  SW ratio worst                      3.99          3.30
  |skew| mean                        0.450         0.470
  |ex-kurt| mean                     0.927         0.824
  centroid dist min                   2.93          2.25
  centroid dist mean                 14.80         10.07
  separation (min d/RMS)              4.14          4.25

===== PRE power batteries =====
  [gcd-ft] per-event pre power=0.000
  [gcd-ft] sparker (annealed)
    pre-spk f=0.003: power=0.160 [0.107,0.229] (8/50)
    pre-spk f=0.01: power=0.140 [0.090,0.207] (7/50)
    pre-spk f=0.02: power=0.160 [0.107,0.229] (8/50)
    pre-spk f=0.05: power=0.860 [0.793,0.910] (43/50)
    pre-spk f=0.1: power=1.000 [0.964,1.000] (50/50)
  [gcd-ft] maha
    pre-maha f=0.003: power=0.060 [0.028,0.115] (3/50)
    pre-maha f=0.01: power=0.040 [0.014,0.090] (2/50)
    pre-maha f=0.02: power=0.080 [0.042,0.138] (4/50)
    pre-maha f=0.05: power=0.200 [0.141,0.273] (10/50)
    pre-maha f=0.1: power=0.340 [0.268,0.419] (17/50)
  [gcd-ft] mmd
    pre-mmd f=0.003: power=0.220 [0.159,0.294] (11/50)
    pre-mmd f=0.01: power=0.220 [0.159,0.294] (11/50)
    pre-mmd f=0.02: power=0.420 [0.343,0.500] (21/50)
    pre-mmd f=0.05: power=0.860 [0.793,0.910] (43/50)
    pre-mmd f=0.1: power=1.000 [0.964,1.000] (50/50)
  [gcd-sigreg-ft] per-event pre power=0.100
  [gcd-sigreg-ft] sparker (annealed)
    pre-spk f=0.003: power=0.040 [0.014,0.090] (2/50)
    pre-spk f=0.01: power=0.140 [0.090,0.207] (7/50)
    pre-spk f=0.02: power=0.200 [0.141,0.273] (10/50)
    pre-spk f=0.05: power=0.940 [0.885,0.972] (47/50)
    pre-spk f=0.1: power=1.000 [0.964,1.000] (50/50)
  [gcd-sigreg-ft] maha
    pre-maha f=0.003: power=0.000 [0.000,0.036] (0/50)
    pre-maha f=0.01: power=0.120 [0.074,0.184] (6/50)
    pre-maha f=0.02: power=0.220 [0.159,0.294] (11/50)
    pre-maha f=0.05: power=0.500 [0.421,0.579] (25/50)
    pre-maha f=0.1: power=0.980 [0.936,0.997] (49/50)
  [gcd-sigreg-ft] mmd
    pre-mmd f=0.003: power=0.160 [0.107,0.229] (8/50)
    pre-mmd f=0.01: power=0.160 [0.107,0.229] (8/50)
    pre-mmd f=0.02: power=0.440 [0.362,0.520] (22/50)
    pre-mmd f=0.05: power=0.960 [0.910,0.986] (48/50)
    pre-mmd f=0.1: power=1.000 [0.964,1.000] (50/50)

===== EXP70 PEREVENT PRE POWER =====
  arm                 0.003     0.01     0.02     0.05      0.1
  gcd-ft              0.000    0.000    0.000    0.000    0.000
  gcd-sigreg-ft       0.100    0.100    0.100    0.100    0.100
  saved /home/pharris/sigreg/SuperSig/plots/exp70_perevent_power_pre_dtd_dino_ft70_h1_d4_u0.05_gcd.png

===== EXP70 SPARKER PRE POWER =====
  arm                 0.003     0.01     0.02     0.05      0.1
  gcd-ft              0.160    0.140    0.160    0.860    1.000
  gcd-sigreg-ft       0.040    0.140    0.200    0.940    1.000
  saved /home/pharris/sigreg/SuperSig/plots/exp70_sparker_power_pre_dtd_dino_ft70_h1_d4_u0.05_gcd.png

===== EXP70 MAHA PRE POWER =====
  arm                 0.003     0.01     0.02     0.05      0.1
  gcd-ft              0.060    0.040    0.080    0.200    0.340
  gcd-sigreg-ft       0.000    0.120    0.220    0.500    0.980
  saved /home/pharris/sigreg/SuperSig/plots/exp70_maha_power_pre_dtd_dino_ft70_h1_d4_u0.05_gcd.png

===== EXP70 MMD PRE POWER =====
  arm                 0.003     0.01     0.02     0.05      0.1
  gcd-ft              0.220    0.220    0.420    0.860    1.000
  gcd-sigreg-ft       0.160    0.160    0.440    0.960    1.000
  saved /home/pharris/sigreg/SuperSig/plots/exp70_mmd_power_pre_dtd_dino_ft70_h1_d4_u0.05_gcd.png

----- natural discovery: gcd-ft -----
  [sigreg+proto] epoch 1/5  sigreg=0.3282  proto=2.7426  min_dist=4.66  mean_dist=18.46
  [sigreg+proto] epoch 2/5  sigreg=0.3825  proto=4.6026  min_dist=4.69  mean_dist=18.46
  [sigreg+proto] epoch 3/5  sigreg=0.3591  proto=3.8781  min_dist=4.72  mean_dist=18.46
  [sigreg+proto] epoch 4/5  sigreg=0.4154  proto=2.2675  min_dist=4.76  mean_dist=18.46
  [sigreg+proto] epoch 5/5  sigreg=0.3874  proto=2.0272  min_dist=4.79  mean_dist=18.46
  round 1: pool=187 purity=0.016 k-hat=3 anchors=3  margin=0.8547  mean-anchor=0.8695  15=0.870
  [sigreg+proto] epoch 1/5  sigreg=0.4271  proto=3.7354  min_dist=3.76  mean_dist=18.16
  [sigreg+proto] epoch 2/5  sigreg=0.4226  proto=3.9528  min_dist=3.78  mean_dist=18.16
  [sigreg+proto] epoch 3/5  sigreg=0.4519  proto=2.4200  min_dist=3.80  mean_dist=18.16
  [sigreg+proto] epoch 4/5  sigreg=0.4357  proto=3.0203  min_dist=3.82  mean_dist=18.16
  [sigreg+proto] epoch 5/5  sigreg=0.4306  proto=1.9118  min_dist=3.84  mean_dist=18.16
  round 2: pool=186 purity=0.011 k-hat=3 anchors=6  margin=0.8446  mean-anchor=0.8651  15=0.865
  [gcd-ft] probe 0.7454 -> 0.7908  eucl 0.6929 -> 0.6882  mahaT 0.6347 -> 0.6603

----- natural discovery: gcd-sigreg-ft -----
  [sigreg+proto] epoch 1/5  sigreg=0.3471  proto=1.2602  min_dist=2.82  mean_dist=11.52
  [sigreg+proto] epoch 2/5  sigreg=0.3737  proto=0.9500  min_dist=2.91  mean_dist=11.57
  [sigreg+proto] epoch 3/5  sigreg=0.3550  proto=0.8295  min_dist=3.00  mean_dist=11.63
  [sigreg+proto] epoch 4/5  sigreg=0.3250  proto=0.7049  min_dist=3.08  mean_dist=11.68
  [sigreg+proto] epoch 5/5  sigreg=0.3126  proto=0.5337  min_dist=3.16  mean_dist=11.74
  round 1: pool=210 purity=0.124 k-hat=4 anchors=4  margin=0.8651  mean-anchor=0.8640  15=0.864
  [sigreg+proto] epoch 1/5  sigreg=0.3246  proto=1.2282  min_dist=3.24  mean_dist=11.50
  [sigreg+proto] epoch 2/5  sigreg=0.3305  proto=0.9268  min_dist=3.31  mean_dist=11.55
  [sigreg+proto] epoch 3/5  sigreg=0.3167  proto=0.7224  min_dist=3.34  mean_dist=11.61
  [sigreg+proto] epoch 4/5  sigreg=0.2955  proto=0.7625  min_dist=3.37  mean_dist=11.66
  [sigreg+proto] epoch 5/5  sigreg=0.2837  proto=0.7414  min_dist=3.40  mean_dist=11.72
  round 2: pool=188 purity=0.021 k-hat=4 anchors=8  margin=0.8274  mean-anchor=0.8389  15=0.839
  [gcd-sigreg-ft] probe 0.8351 -> 0.6131  eucl 0.7407 -> 0.7744  mahaT 0.6975 -> 0.6882

===== POST grid, f=0.003 (11 injected) =====
  [sigreg+proto] epoch 1/5  sigreg=0.3880  proto=8.0387  min_dist=4.72  mean_dist=17.87
  [sigreg+proto] epoch 2/5  sigreg=0.4185  proto=3.3556  min_dist=4.75  mean_dist=17.86
  [sigreg+proto] epoch 3/5  sigreg=0.4155  proto=3.5605  min_dist=4.80  mean_dist=17.85
  [sigreg+proto] epoch 4/5  sigreg=0.4189  proto=3.2381  min_dist=4.85  mean_dist=17.85
  [sigreg+proto] epoch 5/5  sigreg=0.4361  proto=2.4671  min_dist=4.90  mean_dist=17.86
  round 1: pool=185 purity=0.005 k-hat=4 anchors=4  margin=0.7711  mean-anchor=0.7404  15=0.740
  [sigreg+proto] epoch 1/5  sigreg=0.4858  proto=4.2227  min_dist=4.94  mean_dist=17.74
  [sigreg+proto] epoch 2/5  sigreg=0.4809  proto=2.5496  min_dist=4.99  mean_dist=17.74
  [sigreg+proto] epoch 3/5  sigreg=0.4572  proto=3.2428  min_dist=5.04  mean_dist=17.75
  [sigreg+proto] epoch 4/5  sigreg=0.4890  proto=2.3332  min_dist=5.09  mean_dist=17.76
  [sigreg+proto] epoch 5/5  sigreg=0.4744  proto=2.2161  min_dist=5.15  mean_dist=17.77
  round 2: pool=184 purity=0.000 k-hat=4 anchors=8  margin=0.7485  mean-anchor=0.7397  15=0.740
  [gcd-ft] post f=0.003: probe=0.8645 eucl=0.7109 mahaT=0.6732
  [gcd-ft] per-event post f=0.003: power=0.125
  [gcd-ft] sparker (post, annealed)
    post-spk f=0.003: power=0.080 [0.042,0.138] (4/50)
  [gcd-ft] maha (post)
    post-maha f=0.003: power=0.080 [0.042,0.138] (4/50)
  [gcd-ft] mmd (post)
    post-mmd f=0.003: power=0.100 [0.058,0.162] (5/50)
  [sigreg+proto] epoch 1/5  sigreg=0.3507  proto=1.3894  min_dist=2.83  mean_dist=11.50
  [sigreg+proto] epoch 2/5  sigreg=0.3710  proto=1.0504  min_dist=2.91  mean_dist=11.56
  [sigreg+proto] epoch 3/5  sigreg=0.3816  proto=0.7474  min_dist=2.99  mean_dist=11.61
  [sigreg+proto] epoch 4/5  sigreg=0.3541  proto=0.5913  min_dist=3.07  mean_dist=11.67
  [sigreg+proto] epoch 5/5  sigreg=0.3181  proto=0.5005  min_dist=3.15  mean_dist=11.72
  round 1: pool=188 purity=0.021 k-hat=4 anchors=4  margin=0.8085  mean-anchor=0.8091  15=0.809
  [sigreg+proto] epoch 1/5  sigreg=0.3157  proto=1.2703  min_dist=3.23  mean_dist=11.51
  [sigreg+proto] epoch 2/5  sigreg=0.3333  proto=1.0317  min_dist=3.31  mean_dist=11.56
  [sigreg+proto] epoch 3/5  sigreg=0.3425  proto=0.9416  min_dist=3.38  mean_dist=11.61
  [sigreg+proto] epoch 4/5  sigreg=0.3164  proto=0.6783  min_dist=3.45  mean_dist=11.67
  [sigreg+proto] epoch 5/5  sigreg=0.2927  proto=0.7152  min_dist=3.52  mean_dist=11.72
  round 2: pool=184 purity=0.000 k-hat=4 anchors=8  margin=0.7823  mean-anchor=0.7945  15=0.795
  [gcd-sigreg-ft] post f=0.003: probe=0.6961 eucl=0.7342 mahaT=0.6850
  [gcd-sigreg-ft] per-event post f=0.003: power=0.250
  [gcd-sigreg-ft] sparker (post, annealed)
    post-spk f=0.003: power=0.040 [0.014,0.090] (2/50)
  [gcd-sigreg-ft] maha (post)
    post-maha f=0.003: power=0.080 [0.042,0.138] (4/50)
  [gcd-sigreg-ft] mmd (post)
    post-mmd f=0.003: power=0.040 [0.014,0.090] (2/50)

===== POST grid, f=0.01 (37 injected) =====
  [sigreg+proto] epoch 1/5  sigreg=0.3540  proto=4.0865  min_dist=4.71  mean_dist=18.69
  [sigreg+proto] epoch 2/5  sigreg=0.3904  proto=5.0264  min_dist=4.74  mean_dist=18.69
  [sigreg+proto] epoch 3/5  sigreg=0.4035  proto=3.8439  min_dist=4.76  mean_dist=18.69
  [sigreg+proto] epoch 4/5  sigreg=0.4288  proto=1.4246  min_dist=4.79  mean_dist=18.68
  [sigreg+proto] epoch 5/5  sigreg=0.3991  proto=1.7433  min_dist=4.83  mean_dist=18.68
  round 1: pool=186 purity=0.011 k-hat=4 anchors=4  margin=0.7810  mean-anchor=0.7722  15=0.772
  [sigreg+proto] epoch 1/5  sigreg=0.4559  proto=4.3871  min_dist=3.65  mean_dist=18.56
  [sigreg+proto] epoch 2/5  sigreg=0.4566  proto=3.7231  min_dist=3.67  mean_dist=18.56
  [sigreg+proto] epoch 3/5  sigreg=0.4588  proto=2.6762  min_dist=3.68  mean_dist=18.56
  [sigreg+proto] epoch 4/5  sigreg=0.4310  proto=1.7720  min_dist=3.69  mean_dist=18.57
  [sigreg+proto] epoch 5/5  sigreg=0.3851  proto=1.9672  min_dist=3.70  mean_dist=18.57
  round 2: pool=185 purity=0.005 k-hat=4 anchors=8  margin=0.7829  mean-anchor=0.7654  15=0.765
  [gcd-ft] post f=0.01: probe=0.6318 eucl=0.7012 mahaT=0.6848
  [gcd-ft] per-event post f=0.01: power=0.200
  [gcd-ft] sparker (post, annealed)
    post-spk f=0.01: power=0.020 [0.003,0.064] (1/50)
  [gcd-ft] maha (post)
    post-maha f=0.01: power=0.160 [0.107,0.229] (8/50)
  [gcd-ft] mmd (post)
    post-mmd f=0.01: power=0.080 [0.042,0.138] (4/50)
  [sigreg+proto] epoch 1/5  sigreg=0.3422  proto=1.3250  min_dist=2.83  mean_dist=11.48
  [sigreg+proto] epoch 2/5  sigreg=0.3695  proto=1.0394  min_dist=2.91  mean_dist=11.54
  [sigreg+proto] epoch 3/5  sigreg=0.3553  proto=0.8997  min_dist=2.99  mean_dist=11.59
  [sigreg+proto] epoch 4/5  sigreg=0.3464  proto=0.7152  min_dist=3.07  mean_dist=11.65
  [sigreg+proto] epoch 5/5  sigreg=0.3329  proto=0.4801  min_dist=3.15  mean_dist=11.70
  round 1: pool=197 purity=0.066 k-hat=4 anchors=4  margin=0.8469  mean-anchor=0.8408  15=0.841
    merged 8 -> 5 anchors
  [sigreg+proto] epoch 1/5  sigreg=0.3211  proto=1.0110  min_dist=3.23  mean_dist=11.66
  [sigreg+proto] epoch 2/5  sigreg=0.3368  proto=0.9620  min_dist=3.31  mean_dist=11.72
  [sigreg+proto] epoch 3/5  sigreg=0.3227  proto=0.7752  min_dist=3.40  mean_dist=11.77
  [sigreg+proto] epoch 4/5  sigreg=0.3041  proto=0.7659  min_dist=3.47  mean_dist=11.83
  [sigreg+proto] epoch 5/5  sigreg=0.2938  proto=0.5833  min_dist=3.55  mean_dist=11.88
  round 2: pool=186 purity=0.011 k-hat=4 anchors=5  margin=0.8406  mean-anchor=0.8557  15=0.856
  [gcd-sigreg-ft] post f=0.01: probe=0.7979 eucl=0.7153 mahaT=0.6450
  [gcd-sigreg-ft] per-event post f=0.01: power=0.300
  [gcd-sigreg-ft] sparker (post, annealed)
    post-spk f=0.01: power=0.140 [0.090,0.207] (7/50)
  [gcd-sigreg-ft] maha (post)
    post-maha f=0.01: power=0.100 [0.058,0.162] (5/50)
  [gcd-sigreg-ft] mmd (post)
    post-mmd f=0.01: power=0.080 [0.042,0.138] (4/50)

===== POST grid, f=0.02 (75 injected) =====
  [sigreg+proto] epoch 1/5  sigreg=0.3775  proto=4.8696  min_dist=4.75  mean_dist=18.61
  [sigreg+proto] epoch 2/5  sigreg=0.3872  proto=3.7423  min_dist=4.78  mean_dist=18.60
  [sigreg+proto] epoch 3/5  sigreg=0.3900  proto=2.8126  min_dist=4.81  mean_dist=18.60
  [sigreg+proto] epoch 4/5  sigreg=0.4132  proto=3.5119  min_dist=4.85  mean_dist=18.60
  [sigreg+proto] epoch 5/5  sigreg=0.4244  proto=2.1340  min_dist=4.89  mean_dist=18.60
  round 1: pool=187 purity=0.016 k-hat=4 anchors=4  margin=0.8293  mean-anchor=0.8477  15=0.848
  [sigreg+proto] epoch 1/5  sigreg=0.4471  proto=4.6826  min_dist=4.98  mean_dist=18.42
  [sigreg+proto] epoch 2/5  sigreg=0.4498  proto=2.5975  min_dist=5.05  mean_dist=18.43
  [sigreg+proto] epoch 3/5  sigreg=0.4438  proto=2.9206  min_dist=5.11  mean_dist=18.43
  [sigreg+proto] epoch 4/5  sigreg=0.4557  proto=1.6317  min_dist=5.18  mean_dist=18.44
  [sigreg+proto] epoch 5/5  sigreg=0.4155  proto=1.7844  min_dist=5.24  mean_dist=18.45
  round 2: pool=186 purity=0.011 k-hat=4 anchors=8  margin=0.8154  mean-anchor=0.8392  15=0.839
  [gcd-ft] post f=0.02: probe=0.8008 eucl=0.7100 mahaT=0.6506
  [gcd-ft] per-event post f=0.02: power=0.200
  [gcd-ft] sparker (post, annealed)
    post-spk f=0.02: power=0.100 [0.058,0.162] (5/50)
  [gcd-ft] maha (post)
    post-maha f=0.02: power=0.080 [0.042,0.138] (4/50)
  [gcd-ft] mmd (post)
    post-mmd f=0.02: power=0.240 [0.177,0.315] (12/50)
  [sigreg+proto] epoch 1/5  sigreg=0.3543  proto=1.5034  min_dist=2.82  mean_dist=11.48
  [sigreg+proto] epoch 2/5  sigreg=0.3937  proto=0.7357  min_dist=2.91  mean_dist=11.54
  [sigreg+proto] epoch 3/5  sigreg=0.3642  proto=0.8073  min_dist=2.99  mean_dist=11.59
  [sigreg+proto] epoch 4/5  sigreg=0.3491  proto=0.6069  min_dist=3.08  mean_dist=11.65
  [sigreg+proto] epoch 5/5  sigreg=0.3209  proto=0.5381  min_dist=3.16  mean_dist=11.71
  round 1: pool=209 purity=0.120 k-hat=3 anchors=3  margin=0.8680  mean-anchor=0.8197  15=0.820
    merged 7 -> 6 anchors
  [sigreg+proto] epoch 1/5  sigreg=0.3174  proto=1.0582  min_dist=3.05  mean_dist=11.53
  [sigreg+proto] epoch 2/5  sigreg=0.3179  proto=0.8671  min_dist=3.09  mean_dist=11.59
  [sigreg+proto] epoch 3/5  sigreg=0.3227  proto=0.7277  min_dist=3.13  mean_dist=11.64
  [sigreg+proto] epoch 4/5  sigreg=0.3008  proto=0.7305  min_dist=3.16  mean_dist=11.70
  [sigreg+proto] epoch 5/5  sigreg=0.2891  proto=0.7061  min_dist=3.19  mean_dist=11.75
  round 2: pool=188 purity=0.021 k-hat=4 anchors=6  margin=0.8423  mean-anchor=0.8142  15=0.814
  [gcd-sigreg-ft] post f=0.02: probe=0.7100 eucl=0.7420 mahaT=0.6822
  [gcd-sigreg-ft] per-event post f=0.02: power=0.425
  [gcd-sigreg-ft] sparker (post, annealed)
    post-spk f=0.02: power=0.140 [0.090,0.207] (7/50)
  [gcd-sigreg-ft] maha (post)
    post-maha f=0.02: power=0.200 [0.141,0.273] (10/50)
  [gcd-sigreg-ft] mmd (post)
    post-mmd f=0.02: power=0.180 [0.124,0.251] (9/50)

===== POST grid, f=0.05 (80 injected) =====
  [sigreg+proto] epoch 1/5  sigreg=0.3980  proto=6.5095  min_dist=4.73  mean_dist=18.60
  [sigreg+proto] epoch 2/5  sigreg=0.4092  proto=3.1404  min_dist=4.76  mean_dist=18.60
  [sigreg+proto] epoch 3/5  sigreg=0.3895  proto=2.0860  min_dist=4.80  mean_dist=18.59
  [sigreg+proto] epoch 4/5  sigreg=0.3887  proto=1.1117  min_dist=4.84  mean_dist=18.59
  [sigreg+proto] epoch 5/5  sigreg=0.3778  proto=1.5299  min_dist=4.88  mean_dist=18.60
  round 1: pool=187 purity=0.016 k-hat=4 anchors=4  margin=0.8602  mean-anchor=0.8705  15=0.870
  [sigreg+proto] epoch 1/5  sigreg=0.4380  proto=4.9548  min_dist=4.94  mean_dist=18.44
  [sigreg+proto] epoch 2/5  sigreg=0.5084  proto=4.2685  min_dist=4.97  mean_dist=18.43
  [sigreg+proto] epoch 3/5  sigreg=0.4709  proto=2.1543  min_dist=5.01  mean_dist=18.43
  [sigreg+proto] epoch 4/5  sigreg=0.4433  proto=2.7988  min_dist=5.06  mean_dist=18.43
  [sigreg+proto] epoch 5/5  sigreg=0.4316  proto=1.9028  min_dist=5.11  mean_dist=18.44
  round 2: pool=188 purity=0.021 k-hat=4 anchors=8  margin=0.8072  mean-anchor=0.8465  15=0.846
  [gcd-ft] post f=0.05: probe=0.8527 eucl=0.6573 mahaT=0.6144
  [gcd-ft] per-event post f=0.05: power=0.250
  [gcd-ft] sparker (post, annealed)
    post-spk f=0.05: power=0.920 [0.862,0.958] (46/50)
  [gcd-ft] maha (post)
    post-maha f=0.05: power=0.220 [0.159,0.294] (11/50)
  [gcd-ft] mmd (post)
    post-mmd f=0.05: power=0.740 [0.664,0.806] (37/50)
  [sigreg+proto] epoch 1/5  sigreg=0.3476  proto=1.2203  min_dist=2.82  mean_dist=11.52
  [sigreg+proto] epoch 2/5  sigreg=0.3668  proto=0.8812  min_dist=2.90  mean_dist=11.58
  [sigreg+proto] epoch 3/5  sigreg=0.3666  proto=0.7622  min_dist=2.98  mean_dist=11.63
  [sigreg+proto] epoch 4/5  sigreg=0.3449  proto=0.7675  min_dist=3.06  mean_dist=11.69
  [sigreg+proto] epoch 5/5  sigreg=0.3177  proto=0.5826  min_dist=3.13  mean_dist=11.74
  round 1: pool=210 purity=0.124 k-hat=3 anchors=3  margin=0.8744  mean-anchor=0.8809  15=0.881
    merged 6 -> 5 anchors
  [sigreg+proto] epoch 1/5  sigreg=0.3082  proto=0.9727  min_dist=3.22  mean_dist=11.62
  [sigreg+proto] epoch 2/5  sigreg=0.3310  proto=0.8655  min_dist=3.31  mean_dist=11.67
  [sigreg+proto] epoch 3/5  sigreg=0.3045  proto=0.9213  min_dist=3.39  mean_dist=11.73
  [sigreg+proto] epoch 4/5  sigreg=0.2918  proto=0.7847  min_dist=3.46  mean_dist=11.78
  [sigreg+proto] epoch 5/5  sigreg=0.2864  proto=0.7635  min_dist=3.53  mean_dist=11.84
  round 2: pool=185 purity=0.005 k-hat=3 anchors=5  margin=0.8746  mean-anchor=0.8858  15=0.886
  [gcd-sigreg-ft] post f=0.05: probe=0.7048 eucl=0.7471 mahaT=0.6766
  [gcd-sigreg-ft] per-event post f=0.05: power=0.525
  [gcd-sigreg-ft] sparker (post, annealed)
    post-spk f=0.05: power=0.900 [0.838,0.942] (45/50)
  [gcd-sigreg-ft] maha (post)
    post-maha f=0.05: power=0.720 [0.643,0.787] (36/50)
  [gcd-sigreg-ft] mmd (post)
    post-mmd f=0.05: power=0.960 [0.910,0.986] (48/50)

===== EXP70 PEREVENT POST POWER =====
  arm                 0.003     0.01     0.02     0.05
  gcd-ft              0.125    0.200    0.200    0.250
  gcd-sigreg-ft       0.250    0.300    0.425    0.525
  saved /home/pharris/sigreg/SuperSig/plots/exp70_perevent_power_post_dtd_dino_ft70_h1_d4_u0.05_gcd.png

===== EXP70 SPARKER POST POWER =====
  arm                 0.003     0.01     0.02     0.05
  gcd-ft              0.080    0.020    0.100    0.920
  gcd-sigreg-ft       0.040    0.140    0.140    0.900
  saved /home/pharris/sigreg/SuperSig/plots/exp70_sparker_power_post_dtd_dino_ft70_h1_d4_u0.05_gcd.png

===== EXP70 MAHA POST POWER =====
  arm                 0.003     0.01     0.02     0.05
  gcd-ft              0.080    0.160    0.080    0.220
  gcd-sigreg-ft       0.080    0.100    0.200    0.720
  saved /home/pharris/sigreg/SuperSig/plots/exp70_maha_power_post_dtd_dino_ft70_h1_d4_u0.05_gcd.png

===== EXP70 MMD POST POWER =====
  arm                 0.003     0.01     0.02     0.05
  gcd-ft              0.100    0.080    0.240    0.740
  gcd-sigreg-ft       0.040    0.080    0.180    0.960
  saved /home/pharris/sigreg/SuperSig/plots/exp70_mmd_power_post_dtd_dino_ft70_h1_d4_u0.05_gcd.png

===== EXP70 SUMMARY [dtd_dino_ft70_h1_d4_u0.05_gcd] =====
  [gcd-ft        ] probe=0.7454+-0.0354 acc=0.7375 eucl=0.6929 mahaT=0.6347  || post: probe=0.7908 eucl=0.6882 mahaT=0.6603
          round 1: purity=0.016 anchors=3  margin=0.8547
          round 2: purity=0.011 anchors=6  margin=0.8446
  [gcd-sigreg-ft ] probe=0.8351+-0.0132 acc=0.7701 eucl=0.7407 mahaT=0.6975  || post: probe=0.6131 eucl=0.7744 mahaT=0.6882
          round 1: purity=0.124 anchors=4  margin=0.8651
          round 2: purity=0.021 anchors=8  margin=0.8274
saved /home/pharris/sigreg/SuperSig/plots/exp70_probe_dtd_dino_ft70_h1_d4_u0.05_gcd.png
Done.
