/home/pharris/venv/lib64/python3.9/site-packages/networkx/utils/backends.py:135: RuntimeWarning: networkx backend defined more than once: nx-loopback
  backends.update(_get_backends("networkx.backends"))
exp70 [cars_visreg_ft70_s1_e200] end-to-end ft suite, arms=['supcon-ft'], ft_epochs=20, emb=200, holdouts 186-195 EXCLUDED from ft
  ft corpus: 7712/8144 train images (holdout classes removed)

===== [supcon-ft] (supervised) =====
  [supcon-ft] epoch 1/20  main=0.9371  aux=0.0000
  [supcon-ft] epoch 5/20  main=0.7691  aux=0.0000
  [supcon-ft] epoch 10/20  main=0.6630  aux=0.0000
  [supcon-ft] epoch 15/20  main=0.5639  aux=0.0000
  [supcon-ft] epoch 20/20  main=0.5463  aux=0.0000
  extracted ft70_supcon-ft train: (8144, 768)
  extracted ft70_supcon-ft test: (8041, 768)
  [supcon-ft     ] probe=0.7346+-0.0206 acc=0.5342 supAUC=0.9872 eucl=0.6719 mahaT=0.5875 mahaPC=0.7125 lid=0.6529

===== PRE table =====
  arm                        probe     acc  supAUC    eucl   mahaT  mahaPC
  supcon-ft          0.7346+-0.0206  0.5342  0.9872  0.6719  0.5875  0.7125

===== gaussianity (seen classes, test set) =====
  metric                         supcon-ft
  eig min (class cov)               -0.000
  eig max (class cov)               50.481
  eig cond worst            50481460150272.0
  class RMS min                      0.632
  class RMS mean                     0.938
  class RMS max                      1.095
  max |corr| (worst class)           0.900
  SW ratio mean                       1.10
  SW ratio worst                      1.54
  |skew| mean                        0.302
  |ex-kurt| mean                     0.577
  centroid dist min                   2.61
  centroid dist mean                 20.87
  separation (min d/RMS)              2.78

===== PRE power batteries =====
  [supcon-ft] per-event pre power=0.188
  [supcon-ft] sparker (annealed)
    pre-spk f=0.003: power=0.000 [0.000,0.036] (0/50)
    pre-spk f=0.01: power=0.040 [0.014,0.090] (2/50)
    pre-spk f=0.02: power=0.080 [0.042,0.138] (4/50)
    pre-spk f=0.05: power=0.440 [0.362,0.520] (22/50)
    pre-spk f=0.1: power=1.000 [0.964,1.000] (50/50)
  [supcon-ft] maha
    pre-maha f=0.003: power=0.040 [0.014,0.090] (2/50)
    pre-maha f=0.01: power=0.060 [0.028,0.115] (3/50)
    pre-maha f=0.02: power=0.180 [0.124,0.251] (9/50)
    pre-maha f=0.05: power=0.720 [0.643,0.787] (36/50)
    pre-maha f=0.1: power=1.000 [0.964,1.000] (50/50)
  [supcon-ft] mmd
    pre-mmd f=0.003: power=0.040 [0.014,0.090] (2/50)
    pre-mmd f=0.01: power=0.060 [0.028,0.115] (3/50)
    pre-mmd f=0.02: power=0.100 [0.058,0.162] (5/50)
    pre-mmd f=0.05: power=0.300 [0.231,0.378] (15/50)
    pre-mmd f=0.1: power=0.960 [0.910,0.986] (48/50)

===== EXP70 PEREVENT PRE POWER =====
  arm                 0.003     0.01     0.02     0.05      0.1
  supcon-ft           0.188    0.188    0.188    0.188    0.188
  saved /home/pharris/sigreg/SuperSig/plots/exp70_perevent_power_pre_cars_visreg_ft70_s1_e200.png

===== EXP70 SPARKER PRE POWER =====
  arm                 0.003     0.01     0.02     0.05      0.1
  supcon-ft           0.000    0.040    0.080    0.440    1.000
  saved /home/pharris/sigreg/SuperSig/plots/exp70_sparker_power_pre_cars_visreg_ft70_s1_e200.png

===== EXP70 MAHA PRE POWER =====
  arm                 0.003     0.01     0.02     0.05      0.1
  supcon-ft           0.040    0.060    0.180    0.720    1.000
  saved /home/pharris/sigreg/SuperSig/plots/exp70_maha_power_pre_cars_visreg_ft70_s1_e200.png

===== EXP70 MMD PRE POWER =====
  arm                 0.003     0.01     0.02     0.05      0.1
  supcon-ft           0.040    0.060    0.100    0.300    0.960
  saved /home/pharris/sigreg/SuperSig/plots/exp70_mmd_power_pre_cars_visreg_ft70_s1_e200.png

===== EXP70 SUMMARY [cars_visreg_ft70_s1_e200] =====
  [supcon-ft     ] probe=0.7346+-0.0206 acc=0.5342 eucl=0.6719 mahaT=0.5875
saved /home/pharris/sigreg/SuperSig/plots/exp70_probe_cars_visreg_ft70_s1_e200.png
Done.
