/home/pharris/venv/lib64/python3.9/site-packages/networkx/utils/backends.py:135: RuntimeWarning: networkx backend defined more than once: nx-loopback
  backends.update(_get_backends("networkx.backends"))

######## galaxy10:dino_h1_d0: holdouts=[2] ########
Using cache found in /home/pharris/.cache/torch/hub/facebookresearch_dino_main

  --- supcon-ft: pre probe=0.9164 eucl=0.3187 mahaT=0.3529 perevt=0.007   [archived unfrozen post probe 0.9177]
  [sigreg+proto] epoch 1/5  sigreg=0.3025  proto=5.8387  min_dist=1.85  mean_dist=10.51
  [sigreg+proto] epoch 2/5  sigreg=0.2942  proto=5.9342  min_dist=1.95  mean_dist=10.55
  [sigreg+proto] epoch 3/5  sigreg=0.2894  proto=6.4583  min_dist=2.05  mean_dist=10.59
  [sigreg+proto] epoch 4/5  sigreg=0.2939  proto=6.5638  min_dist=2.14  mean_dist=10.63
  [sigreg+proto] epoch 5/5  sigreg=0.2905  proto=6.7897  min_dist=2.23  mean_dist=10.67
  round 1: pool=202 purity=0.624 k-hat=2 anchors=2  margin=0.8829  mean-anchor=0.8622  2=0.862
    merged 4 -> 2 anchors
  [sigreg+proto] epoch 1/5  sigreg=0.2887  proto=6.1879  min_dist=2.19  mean_dist=10.68
  [sigreg+proto] epoch 2/5  sigreg=0.2928  proto=6.3207  min_dist=2.29  mean_dist=10.72
  [sigreg+proto] epoch 3/5  sigreg=0.2899  proto=6.5351  min_dist=2.39  mean_dist=10.76
  [sigreg+proto] epoch 4/5  sigreg=0.2880  proto=5.7705  min_dist=2.49  mean_dist=10.80
  [sigreg+proto] epoch 5/5  sigreg=0.2892  proto=6.3239  min_dist=2.58  mean_dist=10.84
  round 2: pool=202 purity=0.624 k-hat=2 anchors=2  margin=0.8844  mean-anchor=0.8632  2=0.863
    [np   frozen     ] purity r1=0.624 r2=0.624  probe 0.916->0.916  eucl 0.319->0.319  perevt 0.007->0.007  drift 0.000
  [sigreg+proto] epoch 1/5  sigreg=0.3332  proto=5.5988  min_dist=1.85  mean_dist=10.52
  [sigreg+proto] epoch 2/5  sigreg=0.3234  proto=5.7991  min_dist=1.95  mean_dist=10.56
  [sigreg+proto] epoch 3/5  sigreg=0.3161  proto=6.4085  min_dist=2.05  mean_dist=10.60
  [sigreg+proto] epoch 4/5  sigreg=0.3234  proto=6.3224  min_dist=2.14  mean_dist=10.64
  [sigreg+proto] epoch 5/5  sigreg=0.3236  proto=6.4588  min_dist=2.23  mean_dist=10.68
  round 1: pool=202 purity=0.624 k-hat=2 anchors=2  margin=0.8830  mean-anchor=0.8490  2=0.849
    merged 4 -> 1 anchors
  [sigreg+proto] epoch 1/5  sigreg=0.2832  proto=6.4253  min_dist=2.95  mean_dist=10.66
  [sigreg+proto] epoch 2/5  sigreg=0.2734  proto=6.5152  min_dist=3.06  mean_dist=10.70
  [sigreg+proto] epoch 3/5  sigreg=0.2721  proto=6.2331  min_dist=3.17  mean_dist=10.75
  [sigreg+proto] epoch 4/5  sigreg=0.2787  proto=6.6181  min_dist=3.28  mean_dist=10.80
  [sigreg+proto] epoch 5/5  sigreg=0.2788  proto=6.2721  min_dist=3.38  mean_dist=10.84
  round 2: pool=201 purity=0.622 k-hat=2 anchors=1  margin=0.8704  mean-anchor=0.8476  2=0.848
    [np   corpus-norm] purity r1=0.624 r2=0.622  probe 0.916->0.919  eucl 0.319->0.323  perevt 0.007->0.007  drift 0.149
Using cache found in /home/pharris/.cache/torch/hub/facebookresearch_dino_main

  --- ss-ft: pre probe=0.8873 eucl=0.4081 mahaT=0.3928 perevt=0.038   [archived unfrozen post probe 0.9140]
  [sigreg+proto] epoch 1/5  sigreg=0.2457  proto=4.9453  min_dist=1.88  mean_dist=11.66
  [sigreg+proto] epoch 2/5  sigreg=0.2427  proto=5.3817  min_dist=1.96  mean_dist=11.69
  [sigreg+proto] epoch 3/5  sigreg=0.2414  proto=4.5007  min_dist=2.04  mean_dist=11.72
  [sigreg+proto] epoch 4/5  sigreg=0.2440  proto=5.1225  min_dist=2.12  mean_dist=11.75
  [sigreg+proto] epoch 5/5  sigreg=0.2503  proto=4.7142  min_dist=2.19  mean_dist=11.78
  round 1: pool=193 purity=0.606 k-hat=3 anchors=3  margin=0.8927  mean-anchor=0.7890  2=0.789
    merged 5 -> 4 anchors
  [sigreg+proto] epoch 1/5  sigreg=0.2857  proto=4.7565  min_dist=2.20  mean_dist=12.04
  [sigreg+proto] epoch 2/5  sigreg=0.2868  proto=4.4430  min_dist=2.28  mean_dist=12.07
  [sigreg+proto] epoch 3/5  sigreg=0.2789  proto=4.7601  min_dist=2.37  mean_dist=12.11
  [sigreg+proto] epoch 4/5  sigreg=0.2873  proto=4.7636  min_dist=2.45  mean_dist=12.14
  [sigreg+proto] epoch 5/5  sigreg=0.2862  proto=5.3063  min_dist=2.53  mean_dist=12.17
  round 2: pool=189 purity=0.598 k-hat=2 anchors=4  margin=0.8926  mean-anchor=0.7917  2=0.792
    [np   frozen     ] purity r1=0.606 r2=0.598  probe 0.887->0.887  eucl 0.408->0.408  perevt 0.038->0.038  drift 0.000
  [sigreg+proto] epoch 1/5  sigreg=0.2964  proto=4.7018  min_dist=1.88  mean_dist=11.65
  [sigreg+proto] epoch 2/5  sigreg=0.2964  proto=5.0234  min_dist=1.96  mean_dist=11.67
  [sigreg+proto] epoch 3/5  sigreg=0.2927  proto=4.2910  min_dist=2.04  mean_dist=11.69
  [sigreg+proto] epoch 4/5  sigreg=0.2968  proto=4.7792  min_dist=2.12  mean_dist=11.72
  [sigreg+proto] epoch 5/5  sigreg=0.2978  proto=4.3566  min_dist=2.19  mean_dist=11.74
  round 1: pool=193 purity=0.606 k-hat=3 anchors=3  margin=0.8877  mean-anchor=0.8291  2=0.829
    merged 5 -> 4 anchors
  [sigreg+proto] epoch 1/5  sigreg=0.4101  proto=5.0538  min_dist=2.61  mean_dist=12.19
  [sigreg+proto] epoch 2/5  sigreg=0.4075  proto=4.6467  min_dist=2.68  mean_dist=12.22
  [sigreg+proto] epoch 3/5  sigreg=0.4028  proto=4.8288  min_dist=2.76  mean_dist=12.24
  [sigreg+proto] epoch 4/5  sigreg=0.3996  proto=4.7726  min_dist=2.82  mean_dist=12.27
  [sigreg+proto] epoch 5/5  sigreg=0.4124  proto=5.4156  min_dist=2.89  mean_dist=12.29
  round 2: pool=192 purity=0.604 k-hat=2 anchors=4  margin=0.8611  mean-anchor=0.8071  2=0.807
    [np   corpus-norm] purity r1=0.606 r2=0.604  probe 0.887->0.899  eucl 0.408->0.367  perevt 0.038->0.024  drift 0.222
Using cache found in /home/pharris/.cache/torch/hub/facebookresearch_dino_main

  --- nplm-sup-ft: pre probe=0.8423 eucl=0.5412 mahaT=0.4887 perevt=0.046   [archived unfrozen post probe 0.8741]
  [sigreg+proto] epoch 1/5  sigreg=0.5990  proto=1.5711  min_dist=0.47  mean_dist=2.36
  [sigreg+proto] epoch 2/5  sigreg=0.5940  proto=1.5612  min_dist=0.56  mean_dist=2.41
  [sigreg+proto] epoch 3/5  sigreg=0.5961  proto=1.5927  min_dist=0.64  mean_dist=2.46
  [sigreg+proto] epoch 4/5  sigreg=0.5943  proto=1.5443  min_dist=0.71  mean_dist=2.52
  [sigreg+proto] epoch 5/5  sigreg=0.5937  proto=1.5671  min_dist=0.77  mean_dist=2.57
  round 1: pool=128 purity=0.406 k-hat=1 anchors=1  margin=0.7764  mean-anchor=0.5940  2=0.594
    merged 2 -> 1 anchors
  [sigreg+proto] epoch 1/5  sigreg=0.5963  proto=1.5647  min_dist=0.79  mean_dist=2.63
  [sigreg+proto] epoch 2/5  sigreg=0.5929  proto=1.6070  min_dist=0.90  mean_dist=2.70
  [sigreg+proto] epoch 3/5  sigreg=0.5880  proto=1.5394  min_dist=1.00  mean_dist=2.77
  [sigreg+proto] epoch 4/5  sigreg=0.5966  proto=1.5910  min_dist=1.09  mean_dist=2.83
  [sigreg+proto] epoch 5/5  sigreg=0.5898  proto=1.5653  min_dist=1.17  mean_dist=2.90
  round 2: pool=166 purity=0.542 k-hat=1 anchors=1  margin=0.8001  mean-anchor=0.6218  2=0.622
    [np   frozen     ] purity r1=0.406 r2=0.542  probe 0.842->0.842  eucl 0.541->0.541  perevt 0.046->0.046  drift 0.000
  [sigreg+proto] epoch 1/5  sigreg=0.5861  proto=1.5838  min_dist=0.47  mean_dist=2.36
  [sigreg+proto] epoch 2/5  sigreg=0.5874  proto=1.5726  min_dist=0.56  mean_dist=2.41
  [sigreg+proto] epoch 3/5  sigreg=0.5825  proto=1.6056  min_dist=0.64  mean_dist=2.46
  [sigreg+proto] epoch 4/5  sigreg=0.5833  proto=1.5547  min_dist=0.71  mean_dist=2.52
  [sigreg+proto] epoch 5/5  sigreg=0.5843  proto=1.5821  min_dist=0.77  mean_dist=2.57
  round 1: pool=128 purity=0.406 k-hat=1 anchors=1  margin=0.7694  mean-anchor=0.5910  2=0.591
    merged 2 -> 1 anchors
  [sigreg+proto] epoch 1/5  sigreg=0.5896  proto=1.5792  min_dist=0.80  mean_dist=2.62
  [sigreg+proto] epoch 2/5  sigreg=0.5847  proto=1.6184  min_dist=0.91  mean_dist=2.69
  [sigreg+proto] epoch 3/5  sigreg=0.5834  proto=1.5608  min_dist=1.01  mean_dist=2.76
  [sigreg+proto] epoch 4/5  sigreg=0.5873  proto=1.6016  min_dist=1.10  mean_dist=2.83
  [sigreg+proto] epoch 5/5  sigreg=0.5826  proto=1.5893  min_dist=1.18  mean_dist=2.89
  round 2: pool=166 purity=0.542 k-hat=1 anchors=1  margin=0.7899  mean-anchor=0.6157  2=0.616
    [np   corpus-norm] purity r1=0.406 r2=0.542  probe 0.842->0.845  eucl 0.541->0.536  perevt 0.046->0.044  drift 0.098

===== EXP135 SUMMARY_h1_d0 (paired frozen vs corpus-norm; gate 0.15) =====
  cell|arm|scorer                              r1  r2 frz   r2 cn    d r2    probe frz/cn  drift
  galaxy10:dino|supcon-ft|np                0.624   0.624   0.622  -0.002   0.916/0.919    0.149
  galaxy10:dino|ss-ft|np                    0.606   0.598   0.604  +0.006   0.887/0.899    0.222
  galaxy10:dino|nplm-sup-ft|np              0.406   0.542   0.542  +0.000   0.842/0.845    0.098

wrote logs/exp135/corpus_norm_galaxy10-dino_h1_d0_s2.json
EXP135 DONE.
