/home/pharris/venv/lib64/python3.9/site-packages/networkx/utils/backends.py:135: RuntimeWarning: networkx backend defined more than once: nx-loopback
  backends.update(_get_backends("networkx.backends"))

######## cars:dino_h1_d3: holdouts=[112] ########

  --- frozen: pre probe=0.9919 eucl=0.4743 mahaT=0.5272 perevt=0.000
  [sigreg+proto] epoch 1/5  sigreg=0.1427  proto=30.3851  min_dist=5.81  mean_dist=16.00
  [sigreg+proto] epoch 2/5  sigreg=0.1457  proto=30.8463  min_dist=5.87  mean_dist=15.99
  [sigreg+proto] epoch 3/5  sigreg=0.1437  proto=29.6660  min_dist=5.94  mean_dist=15.98
  [sigreg+proto] epoch 4/5  sigreg=0.1435  proto=28.6469  min_dist=6.01  mean_dist=15.97
  [sigreg+proto] epoch 5/5  sigreg=0.1454  proto=28.6527  min_dist=6.08  mean_dist=15.96
  round 1: pool=409 purity=0.010 k-hat=4 anchors=4  margin=0.4012  mean-anchor=0.4698  112=0.470
  [sigreg+proto] epoch 1/5  sigreg=0.1458  proto=30.8134  min_dist=3.89  mean_dist=16.14
  [sigreg+proto] epoch 2/5  sigreg=0.1505  proto=28.5664  min_dist=3.82  mean_dist=16.13
  [sigreg+proto] epoch 3/5  sigreg=0.1485  proto=27.9597  min_dist=3.76  mean_dist=16.13
  [sigreg+proto] epoch 4/5  sigreg=0.1464  proto=28.5655  min_dist=3.71  mean_dist=16.12
  [sigreg+proto] epoch 5/5  sigreg=0.1454  proto=26.3055  min_dist=3.66  mean_dist=16.12
  round 2: pool=407 purity=0.005 k-hat=4 anchors=8  margin=0.3600  mean-anchor=0.4801  112=0.480
    [dist frozen     ] purity r1=0.010 r2=0.005  probe 0.992->0.992  eucl 0.474->0.474  perevt 0.000->0.000  drift 0.000
  [sigreg+proto] epoch 1/5  sigreg=0.1486  proto=31.4249  min_dist=5.82  mean_dist=15.99
  [sigreg+proto] epoch 2/5  sigreg=0.1501  proto=32.2355  min_dist=5.88  mean_dist=15.98
  [sigreg+proto] epoch 3/5  sigreg=0.1488  proto=30.9649  min_dist=5.94  mean_dist=15.96
  [sigreg+proto] epoch 4/5  sigreg=0.1479  proto=29.7786  min_dist=6.02  mean_dist=15.95
  [sigreg+proto] epoch 5/5  sigreg=0.1505  proto=29.2610  min_dist=6.09  mean_dist=15.93
  round 1: pool=409 purity=0.010 k-hat=4 anchors=4  margin=0.4028  mean-anchor=0.4587  112=0.459
  [sigreg+proto] epoch 1/5  sigreg=0.1510  proto=32.2456  min_dist=6.18  mean_dist=16.09
  [sigreg+proto] epoch 2/5  sigreg=0.1548  proto=28.3548  min_dist=6.25  mean_dist=16.08
  [sigreg+proto] epoch 3/5  sigreg=0.1541  proto=28.7224  min_dist=6.34  mean_dist=16.07
  [sigreg+proto] epoch 4/5  sigreg=0.1501  proto=28.8048  min_dist=6.43  mean_dist=16.06
  [sigreg+proto] epoch 5/5  sigreg=0.1503  proto=27.8364  min_dist=6.53  mean_dist=16.05
  round 2: pool=407 purity=0.005 k-hat=4 anchors=8  margin=0.3629  mean-anchor=0.4461  112=0.446
    [dist corpus-norm] purity r1=0.010 r2=0.005  probe 0.992->0.988  eucl 0.474->0.475  perevt 0.000->0.000  drift 0.024
  [sigreg+proto] epoch 1/5  sigreg=0.1429  proto=24.6624  min_dist=5.81  mean_dist=15.81
  [sigreg+proto] epoch 2/5  sigreg=0.1424  proto=24.9324  min_dist=5.87  mean_dist=15.80
  [sigreg+proto] epoch 3/5  sigreg=0.1424  proto=24.5936  min_dist=5.93  mean_dist=15.79
  [sigreg+proto] epoch 4/5  sigreg=0.1440  proto=23.1382  min_dist=6.00  mean_dist=15.77
  [sigreg+proto] epoch 5/5  sigreg=0.1443  proto=21.7072  min_dist=6.08  mean_dist=15.76
  round 1: pool=414 purity=0.022 k-hat=4 anchors=4  margin=0.5719  mean-anchor=0.7100  112=0.710
  [sigreg+proto] epoch 1/5  sigreg=0.1448  proto=26.4639  min_dist=6.15  mean_dist=15.91
  [sigreg+proto] epoch 2/5  sigreg=0.1432  proto=27.9099  min_dist=6.20  mean_dist=15.91
  [sigreg+proto] epoch 3/5  sigreg=0.1432  proto=27.3095  min_dist=6.25  mean_dist=15.90
  [sigreg+proto] epoch 4/5  sigreg=0.1485  proto=25.0435  min_dist=6.30  mean_dist=15.90
  [sigreg+proto] epoch 5/5  sigreg=0.1453  proto=24.4551  min_dist=6.36  mean_dist=15.89
  round 2: pool=407 purity=0.005 k-hat=3 anchors=7  margin=0.6467  mean-anchor=0.7017  112=0.702
    [np   frozen     ] purity r1=0.022 r2=0.005  probe 0.992->0.992  eucl 0.474->0.474  perevt 0.000->0.000  drift 0.000
  [sigreg+proto] epoch 1/5  sigreg=0.1479  proto=26.5539  min_dist=5.82  mean_dist=15.80
  [sigreg+proto] epoch 2/5  sigreg=0.1479  proto=27.1709  min_dist=5.88  mean_dist=15.78
  [sigreg+proto] epoch 3/5  sigreg=0.1463  proto=26.5807  min_dist=5.94  mean_dist=15.77
  [sigreg+proto] epoch 4/5  sigreg=0.1490  proto=24.4653  min_dist=6.01  mean_dist=15.75
  [sigreg+proto] epoch 5/5  sigreg=0.1482  proto=23.6211  min_dist=6.09  mean_dist=15.73
  round 1: pool=414 purity=0.022 k-hat=4 anchors=4  margin=0.5728  mean-anchor=0.7116  112=0.712
  [sigreg+proto] epoch 1/5  sigreg=0.1494  proto=28.2462  min_dist=6.14  mean_dist=15.87
  [sigreg+proto] epoch 2/5  sigreg=0.1473  proto=29.6632  min_dist=6.17  mean_dist=15.87
  [sigreg+proto] epoch 3/5  sigreg=0.1472  proto=28.8927  min_dist=6.20  mean_dist=15.86
  [sigreg+proto] epoch 4/5  sigreg=0.1537  proto=27.0996  min_dist=6.23  mean_dist=15.85
  [sigreg+proto] epoch 5/5  sigreg=0.1495  proto=25.7167  min_dist=6.28  mean_dist=15.84
  round 2: pool=407 purity=0.005 k-hat=3 anchors=7  margin=0.5863  mean-anchor=0.6429  112=0.643
    [np   corpus-norm] purity r1=0.022 r2=0.005  probe 0.992->0.990  eucl 0.474->0.475  perevt 0.000->0.000  drift 0.010

===== EXP135 SUMMARY_h1_d3 (paired frozen vs corpus-norm; gate 0.15) =====
  cell|arm|scorer                              r1  r2 frz   r2 cn    d r2    probe frz/cn  drift
  cars:dino|frozen|dist                   0.010   0.005   0.005  +0.000   0.992/0.988    0.024
  cars:dino|frozen|np                     0.022   0.005   0.005  +0.000   0.992/0.990    0.010

wrote logs/exp135/corpus_norm_cars-dino_frozen_h1_d3.json
EXP135 DONE.
