/home/pharris/venv/lib64/python3.9/site-packages/networkx/utils/backends.py:135: RuntimeWarning: networkx backend defined more than once: nx-loopback
  backends.update(_get_backends("networkx.backends"))

######## cars:dino_h1_d4: holdouts=[53] ########

  --- frozen: pre probe=0.9609 eucl=0.3845 mahaT=0.4231 perevt=0.025
  [sigreg+proto] epoch 1/5  sigreg=0.1438  proto=29.5926  min_dist=5.81  mean_dist=16.03
  [sigreg+proto] epoch 2/5  sigreg=0.1448  proto=30.0232  min_dist=5.88  mean_dist=16.02
  [sigreg+proto] epoch 3/5  sigreg=0.1418  proto=28.9752  min_dist=5.94  mean_dist=16.01
  [sigreg+proto] epoch 4/5  sigreg=0.1457  proto=28.2935  min_dist=6.01  mean_dist=16.00
  [sigreg+proto] epoch 5/5  sigreg=0.1457  proto=27.6079  min_dist=6.09  mean_dist=15.99
  round 1: pool=407 purity=0.002 k-hat=4 anchors=4  margin=0.3351  mean-anchor=0.4397  53=0.440
  [sigreg+proto] epoch 1/5  sigreg=0.1469  proto=33.0080  min_dist=6.18  mean_dist=16.19
  [sigreg+proto] epoch 2/5  sigreg=0.1469  proto=28.9306  min_dist=6.24  mean_dist=16.19
  [sigreg+proto] epoch 3/5  sigreg=0.1492  proto=29.9782  min_dist=6.32  mean_dist=16.18
  [sigreg+proto] epoch 4/5  sigreg=0.1476  proto=29.5108  min_dist=6.41  mean_dist=16.18
  [sigreg+proto] epoch 5/5  sigreg=0.1485  proto=27.6371  min_dist=6.50  mean_dist=16.17
  round 2: pool=407 purity=0.002 k-hat=4 anchors=8  margin=0.3774  mean-anchor=0.8139  53=0.814
    [dist frozen     ] purity r1=0.002 r2=0.002  probe 0.961->0.961  eucl 0.384->0.384  perevt 0.025->0.025  drift 0.000
  [sigreg+proto] epoch 1/5  sigreg=0.1489  proto=29.8511  min_dist=5.82  mean_dist=16.02
  [sigreg+proto] epoch 2/5  sigreg=0.1503  proto=31.3909  min_dist=5.89  mean_dist=16.01
  [sigreg+proto] epoch 3/5  sigreg=0.1459  proto=29.9993  min_dist=5.95  mean_dist=15.99
  [sigreg+proto] epoch 4/5  sigreg=0.1498  proto=29.2554  min_dist=6.02  mean_dist=15.97
  [sigreg+proto] epoch 5/5  sigreg=0.1496  proto=28.0174  min_dist=6.09  mean_dist=15.96
  round 1: pool=407 purity=0.002 k-hat=4 anchors=4  margin=0.3366  mean-anchor=0.4376  53=0.438
  [sigreg+proto] epoch 1/5  sigreg=0.1512  proto=32.4900  min_dist=6.18  mean_dist=16.14
  [sigreg+proto] epoch 2/5  sigreg=0.1522  proto=28.2349  min_dist=6.24  mean_dist=16.13
  [sigreg+proto] epoch 3/5  sigreg=0.1533  proto=29.9719  min_dist=6.33  mean_dist=16.12
  [sigreg+proto] epoch 4/5  sigreg=0.1510  proto=29.0054  min_dist=6.41  mean_dist=16.11
  [sigreg+proto] epoch 5/5  sigreg=0.1510  proto=28.3237  min_dist=6.50  mean_dist=16.10
  round 2: pool=407 purity=0.002 k-hat=4 anchors=8  margin=0.3275  mean-anchor=0.3948  53=0.395
    [dist corpus-norm] purity r1=0.002 r2=0.002  probe 0.961->0.964  eucl 0.384->0.385  perevt 0.025->0.025  drift 0.027
  [sigreg+proto] epoch 1/5  sigreg=0.1422  proto=23.7480  min_dist=5.84  mean_dist=15.78
  [sigreg+proto] epoch 2/5  sigreg=0.1436  proto=23.8857  min_dist=5.89  mean_dist=15.77
  [sigreg+proto] epoch 3/5  sigreg=0.1430  proto=23.7337  min_dist=5.96  mean_dist=15.77
  [sigreg+proto] epoch 4/5  sigreg=0.1453  proto=21.6928  min_dist=6.02  mean_dist=15.76
  [sigreg+proto] epoch 5/5  sigreg=0.1463  proto=20.8313  min_dist=6.09  mean_dist=15.75
  round 1: pool=406 purity=0.000 k-hat=4 anchors=4  margin=0.3870  mean-anchor=0.5921  53=0.592
  [sigreg+proto] epoch 1/5  sigreg=0.1472  proto=22.6988  min_dist=6.17  mean_dist=15.80
  [sigreg+proto] epoch 2/5  sigreg=0.1436  proto=22.8028  min_dist=6.23  mean_dist=15.80
  [sigreg+proto] epoch 3/5  sigreg=0.1448  proto=22.1504  min_dist=6.28  mean_dist=15.79
  [sigreg+proto] epoch 4/5  sigreg=0.1485  proto=19.9148  min_dist=6.34  mean_dist=15.78
  [sigreg+proto] epoch 5/5  sigreg=0.1460  proto=18.5411  min_dist=6.37  mean_dist=15.78
  round 2: pool=406 purity=0.000 k-hat=3 anchors=7  margin=0.4094  mean-anchor=0.4697  53=0.470
    [np   frozen     ] purity r1=0.000 r2=0.000  probe 0.961->0.961  eucl 0.384->0.384  perevt 0.025->0.025  drift 0.000
  [sigreg+proto] epoch 1/5  sigreg=0.1459  proto=25.6347  min_dist=5.83  mean_dist=15.77
  [sigreg+proto] epoch 2/5  sigreg=0.1493  proto=25.8715  min_dist=5.88  mean_dist=15.76
  [sigreg+proto] epoch 3/5  sigreg=0.1475  proto=25.5829  min_dist=5.95  mean_dist=15.74
  [sigreg+proto] epoch 4/5  sigreg=0.1499  proto=23.7619  min_dist=6.02  mean_dist=15.73
  [sigreg+proto] epoch 5/5  sigreg=0.1509  proto=22.7127  min_dist=6.09  mean_dist=15.72
  round 1: pool=406 purity=0.000 k-hat=4 anchors=4  margin=0.3856  mean-anchor=0.5907  53=0.591
  [sigreg+proto] epoch 1/5  sigreg=0.1518  proto=23.4718  min_dist=6.17  mean_dist=15.77
  [sigreg+proto] epoch 2/5  sigreg=0.1482  proto=23.9697  min_dist=6.22  mean_dist=15.76
  [sigreg+proto] epoch 3/5  sigreg=0.1504  proto=22.6514  min_dist=6.26  mean_dist=15.76
  [sigreg+proto] epoch 4/5  sigreg=0.1499  proto=21.0491  min_dist=6.30  mean_dist=15.75
  [sigreg+proto] epoch 5/5  sigreg=0.1497  proto=21.2151  min_dist=6.35  mean_dist=15.74
  round 2: pool=406 purity=0.000 k-hat=4 anchors=8  margin=0.3653  mean-anchor=0.5241  53=0.524
    [np   corpus-norm] purity r1=0.000 r2=0.000  probe 0.961->0.956  eucl 0.384->0.384  perevt 0.025->0.025  drift 0.011

===== EXP135 SUMMARY_h1_d4 (paired frozen vs corpus-norm; gate 0.15) =====
  cell|arm|scorer                              r1  r2 frz   r2 cn    d r2    probe frz/cn  drift
  cars:dino|frozen|dist                   0.002   0.002   0.002  +0.000   0.961/0.964    0.027
  cars:dino|frozen|np                     0.000   0.000   0.000  +0.000   0.961/0.956    0.011

wrote logs/exp135/corpus_norm_cars-dino_frozen_h1_d4.json
EXP135 DONE.
