/home/pharris/venv/lib64/python3.9/site-packages/networkx/utils/backends.py:135: RuntimeWarning: networkx backend defined more than once: nx-loopback
  backends.update(_get_backends("networkx.backends"))
exp144 [aircraft/dino] GCD protocol: known 50/100, train 6667

  seed 0: |D^l|=1684 |D^u|=4983
    [raw-dino     kmeans     ] All  16.1  Old   8.8  New  19.6
    [raw-dino     ss-kmeans  ] All  14.3  Old   7.5  New  17.7
    [raw-dino     np-anchors ] All  11.1  Old  10.7  New  11.3   (pool purity 0.841, k_hat 2, ok=True)
    [raw-dino     np-seeded  ] All  14.1  Old   5.8  New  18.2
    [head-supcon  kmeans     ] All  27.5  Old  31.2  New  25.7
    [head-supcon  ss-kmeans  ] All  30.6  Old  42.4  New  24.8
    [head-supcon  np-anchors ] All  21.1  Old  35.5  New  14.0   (pool purity 0.923, k_hat 1, ok=True)
    [head-supcon  np-seeded  ] All  30.4  Old  41.9  New  24.8
    [head-ssig    kmeans     ] All  21.4  Old  21.1  New  21.5
    [head-ssig    ss-kmeans  ] All  25.6  Old  27.8  New  24.6
    [head-ssig    np-anchors ] All  17.2  Old  22.6  New  14.5   (pool purity 1.000, k_hat 1, ok=True)
    [head-ssig    np-seeded  ] All  25.6  Old  26.5  New  25.1

  seed 1: |D^l|=1684 |D^u|=4983
    [raw-dino     kmeans     ] All  15.8  Old   8.1  New  19.6
    [raw-dino     ss-kmeans  ] All  15.7  Old   6.4  New  20.3
    [raw-dino     np-anchors ] All   9.4  Old  10.5  New   8.9   (pool purity 0.868, k_hat 2, ok=False)
    [raw-dino     np-seeded  ] All  15.5  Old   7.0  New  19.7
    [head-supcon  kmeans     ] All  26.5  Old  31.2  New  24.2
    [head-supcon  ss-kmeans  ] All  28.1  Old  38.5  New  23.0
    [head-supcon  np-anchors ] All  19.5  Old  31.8  New  13.5   (pool purity 0.909, k_hat 1, ok=True)
    [head-supcon  np-seeded  ] All  28.1  Old  37.5  New  23.4
    [head-ssig    kmeans     ] All  21.3  Old  19.5  New  22.1
    [head-ssig    ss-kmeans  ] All  22.6  Old  24.4  New  21.8
    [head-ssig    np-anchors ] All  17.4  Old  18.8  New  16.7   (pool purity 0.933, k_hat 2, ok=True)
    [head-ssig    np-seeded  ] All  21.9  Old  24.2  New  20.8

  seed 2: |D^l|=1684 |D^u|=4983
    [raw-dino     kmeans     ] All  16.2  Old   9.8  New  19.4
    [raw-dino     ss-kmeans  ] All  14.6  Old   7.0  New  18.4
    [raw-dino     np-anchors ] All  11.3  Old   6.9  New  13.4   (pool purity 0.807, k_hat 2, ok=False)
    [raw-dino     np-seeded  ] All  14.9  Old   6.7  New  19.0
    [head-supcon  kmeans     ] All  24.7  Old  26.8  New  23.7
    [head-supcon  ss-kmeans  ] All  29.3  Old  38.5  New  24.8
    [head-supcon  np-anchors ] All  20.0  Old  35.3  New  12.5   (pool purity 0.857, k_hat 1, ok=True)
    [head-supcon  np-seeded  ] All  29.5  Old  41.3  New  23.7
    [head-ssig    kmeans     ] All  21.7  Old  21.6  New  21.8
    [head-ssig    ss-kmeans  ] All  23.8  Old  24.7  New  23.3
    [head-ssig    np-anchors ] All  18.2  Old  24.0  New  15.3   (pool purity 1.000, k_hat 1, ok=True)
    [head-ssig    np-seeded  ] All  23.5  Old  23.3  New  23.6

===== EXP144 [aircraft] clustering ACC on D^u, All / Old / New (mean+-sd over 3 seeds) =====
  raw-dino     kmeans       16.0+- 0.2    8.9+- 0.7   19.5+- 0.1
  raw-dino     ss-kmeans    14.9+- 0.6    7.0+- 0.4   18.8+- 1.1
  raw-dino     np-anchors   10.6+- 0.8    9.4+- 1.7   11.2+- 1.9
  raw-dino     np-seeded    14.8+- 0.6    6.5+- 0.5   19.0+- 0.6
  head-supcon  kmeans       26.2+- 1.1   29.7+- 2.0   24.5+- 0.9
  head-supcon  ss-kmeans    29.4+- 1.0   39.8+- 1.8   24.2+- 0.8
  head-supcon  np-anchors   20.2+- 0.7   34.2+- 1.7   13.3+- 0.6
  head-supcon  np-seeded    29.3+- 1.0   40.2+- 2.0   24.0+- 0.6
  head-ssig    kmeans       21.5+- 0.2   20.7+- 0.9   21.8+- 0.2
  head-ssig    ss-kmeans    24.0+- 1.2   25.6+- 1.5   23.2+- 1.2
  head-ssig    np-anchors   17.6+- 0.4   21.8+- 2.2   15.5+- 0.9
  head-ssig    np-seeded    23.7+- 1.5   24.7+- 1.3   23.2+- 1.8
  reference    k-means (paper)   16.0       14.4       16.8
  reference    GCD               45.0       41.1       46.9
  reference    UNO+              40.3       56.4       32.2
  reference    SimGCD            54.2       59.1       51.8
  reference    RLCD              60.6       62.2       59.8
EXP144 DONE.
