/home/pharris/venv/lib64/python3.9/site-packages/networkx/utils/backends.py:135: RuntimeWarning: networkx backend defined more than once: nx-loopback
  backends.update(_get_backends("networkx.backends"))

######## galaxy10:dino_h1_d7: holdouts=[4] ########
Using cache found in /home/pharris/.cache/torch/hub/facebookresearch_dino_main

  --- supcon-ft: pre probe=0.9096 eucl=0.6464 mahaT=0.5217 perevt=0.000   [archived unfrozen post probe 0.8683]
  [sigreg+proto] epoch 1/5  sigreg=0.2810  proto=6.1616  min_dist=2.94  mean_dist=11.10
  [sigreg+proto] epoch 2/5  sigreg=0.2853  proto=6.3590  min_dist=3.03  mean_dist=11.14
  [sigreg+proto] epoch 3/5  sigreg=0.2808  proto=6.1575  min_dist=3.12  mean_dist=11.19
  [sigreg+proto] epoch 4/5  sigreg=0.2854  proto=6.1870  min_dist=3.21  mean_dist=11.23
  [sigreg+proto] epoch 5/5  sigreg=0.2864  proto=6.3870  min_dist=3.30  mean_dist=11.27
  round 1: pool=111 purity=0.216 k-hat=3 anchors=3  margin=0.9139  mean-anchor=0.9175  4=0.918
    merged 6 -> 3 anchors
  [sigreg+proto] epoch 1/5  sigreg=0.2826  proto=6.5368  min_dist=3.33  mean_dist=11.25
  [sigreg+proto] epoch 2/5  sigreg=0.2914  proto=6.5888  min_dist=3.42  mean_dist=11.29
  [sigreg+proto] epoch 3/5  sigreg=0.2862  proto=6.9319  min_dist=3.51  mean_dist=11.33
  [sigreg+proto] epoch 4/5  sigreg=0.2835  proto=7.4217  min_dist=3.60  mean_dist=11.38
  [sigreg+proto] epoch 5/5  sigreg=0.2872  proto=6.0247  min_dist=3.68  mean_dist=11.42
  round 2: pool=111 purity=0.216 k-hat=3 anchors=3  margin=0.9174  mean-anchor=0.9101  4=0.910
    [np   frozen     ] purity r1=0.216 r2=0.216  probe 0.910->0.910  eucl 0.646->0.646  perevt 0.000->0.000  drift 0.000
  [sigreg+proto] epoch 1/5  sigreg=0.3034  proto=6.1929  min_dist=2.94  mean_dist=11.09
  [sigreg+proto] epoch 2/5  sigreg=0.3026  proto=6.1274  min_dist=3.03  mean_dist=11.13
  [sigreg+proto] epoch 3/5  sigreg=0.2997  proto=6.1223  min_dist=3.12  mean_dist=11.17
  [sigreg+proto] epoch 4/5  sigreg=0.2997  proto=6.2480  min_dist=3.21  mean_dist=11.21
  [sigreg+proto] epoch 5/5  sigreg=0.3092  proto=6.2961  min_dist=3.30  mean_dist=11.25
  round 1: pool=111 purity=0.216 k-hat=3 anchors=3  margin=0.9203  mean-anchor=0.9379  4=0.938
    merged 6 -> 5 anchors
  [sigreg+proto] epoch 1/5  sigreg=0.3277  proto=6.0156  min_dist=3.38  mean_dist=11.11
  [sigreg+proto] epoch 2/5  sigreg=0.3280  proto=6.0655  min_dist=3.45  mean_dist=11.14
  [sigreg+proto] epoch 3/5  sigreg=0.3285  proto=6.1910  min_dist=3.49  mean_dist=11.18
  [sigreg+proto] epoch 4/5  sigreg=0.3310  proto=6.2088  min_dist=3.53  mean_dist=11.21
  [sigreg+proto] epoch 5/5  sigreg=0.3345  proto=6.2437  min_dist=3.57  mean_dist=11.25
  round 2: pool=107 purity=0.187 k-hat=3 anchors=5  margin=0.8729  mean-anchor=0.9213  4=0.921
    [np   corpus-norm] purity r1=0.216 r2=0.187  probe 0.910->0.921  eucl 0.646->0.627  perevt 0.000->0.000  drift 0.147
Using cache found in /home/pharris/.cache/torch/hub/facebookresearch_dino_main

  --- ss-ft: pre probe=0.7998 eucl=0.6219 mahaT=0.5416 perevt=0.003   [archived unfrozen post probe 0.7847]
  [sigreg+proto] epoch 1/5  sigreg=0.1968  proto=5.9150  min_dist=3.02  mean_dist=10.58
  [sigreg+proto] epoch 2/5  sigreg=0.1973  proto=6.3464  min_dist=3.11  mean_dist=10.62
  [sigreg+proto] epoch 3/5  sigreg=0.2052  proto=5.7342  min_dist=3.20  mean_dist=10.66
  [sigreg+proto] epoch 4/5  sigreg=0.2050  proto=5.4203  min_dist=3.28  mean_dist=10.71
  [sigreg+proto] epoch 5/5  sigreg=0.2089  proto=6.0630  min_dist=3.37  mean_dist=10.75
  round 1: pool=111 purity=0.216 k-hat=3 anchors=3  margin=0.8970  mean-anchor=0.9163  4=0.916
    merged 5 -> 3 anchors
  [sigreg+proto] epoch 1/5  sigreg=0.1984  proto=6.1676  min_dist=2.97  mean_dist=10.76
  [sigreg+proto] epoch 2/5  sigreg=0.2094  proto=6.4452  min_dist=3.07  mean_dist=10.81
  [sigreg+proto] epoch 3/5  sigreg=0.2038  proto=6.7387  min_dist=3.16  mean_dist=10.85
  [sigreg+proto] epoch 4/5  sigreg=0.2029  proto=6.8870  min_dist=3.25  mean_dist=10.90
  [sigreg+proto] epoch 5/5  sigreg=0.2055  proto=5.6166  min_dist=3.33  mean_dist=10.94
  round 2: pool=112 purity=0.223 k-hat=2 anchors=3  margin=0.8997  mean-anchor=0.9177  4=0.918
    [np   frozen     ] purity r1=0.216 r2=0.223  probe 0.800->0.800  eucl 0.622->0.622  perevt 0.003->0.003  drift 0.000
  [sigreg+proto] epoch 1/5  sigreg=0.2124  proto=6.4606  min_dist=3.02  mean_dist=10.57
  [sigreg+proto] epoch 2/5  sigreg=0.2125  proto=6.7905  min_dist=3.11  mean_dist=10.61
  [sigreg+proto] epoch 3/5  sigreg=0.2213  proto=6.1817  min_dist=3.19  mean_dist=10.65
  [sigreg+proto] epoch 4/5  sigreg=0.2166  proto=6.1165  min_dist=3.28  mean_dist=10.69
  [sigreg+proto] epoch 5/5  sigreg=0.2283  proto=6.5902  min_dist=3.37  mean_dist=10.73
  round 1: pool=111 purity=0.216 k-hat=3 anchors=3  margin=0.9098  mean-anchor=0.9199  4=0.920
    merged 6 -> 5 anchors
  [sigreg+proto] epoch 1/5  sigreg=0.2495  proto=5.9855  min_dist=3.16  mean_dist=10.76
  [sigreg+proto] epoch 2/5  sigreg=0.2544  proto=6.2413  min_dist=3.24  mean_dist=10.80
  [sigreg+proto] epoch 3/5  sigreg=0.2507  proto=6.0691  min_dist=3.32  mean_dist=10.84
  [sigreg+proto] epoch 4/5  sigreg=0.2544  proto=6.1775  min_dist=3.39  mean_dist=10.88
  [sigreg+proto] epoch 5/5  sigreg=0.2602  proto=6.1517  min_dist=3.47  mean_dist=10.91
  round 2: pool=111 purity=0.216 k-hat=3 anchors=5  margin=0.9147  mean-anchor=0.9198  4=0.920
    [np   corpus-norm] purity r1=0.216 r2=0.216  probe 0.800->0.830  eucl 0.622->0.595  perevt 0.003->0.003  drift 0.169
Using cache found in /home/pharris/.cache/torch/hub/facebookresearch_dino_main

  --- nplm-sup-ft: pre probe=0.6731 eucl=0.5206 mahaT=0.4745 perevt=0.007   [archived unfrozen post probe 0.5019]
  [sigreg+proto] epoch 1/5  sigreg=0.5783  proto=1.5758  min_dist=0.72  mean_dist=2.66
  [sigreg+proto] epoch 2/5  sigreg=0.5812  proto=1.5618  min_dist=0.82  mean_dist=2.72
  [sigreg+proto] epoch 3/5  sigreg=0.5783  proto=1.6131  min_dist=0.91  mean_dist=2.78
  [sigreg+proto] epoch 4/5  sigreg=0.5822  proto=1.5688  min_dist=1.00  mean_dist=2.84
  [sigreg+proto] epoch 5/5  sigreg=0.5800  proto=1.6162  min_dist=1.07  mean_dist=2.90
  round 1: pool=97 purity=0.103 k-hat=1 anchors=1  margin=0.7227  mean-anchor=0.6114  4=0.611
    merged 2 -> 1 anchors
  [sigreg+proto] epoch 1/5  sigreg=0.5779  proto=1.6263  min_dist=1.15  mean_dist=2.94
  [sigreg+proto] epoch 2/5  sigreg=0.5790  proto=1.7007  min_dist=1.22  mean_dist=3.01
  [sigreg+proto] epoch 3/5  sigreg=0.5661  proto=1.6283  min_dist=1.29  mean_dist=3.09
  [sigreg+proto] epoch 4/5  sigreg=0.5741  proto=1.6832  min_dist=1.36  mean_dist=3.16
  [sigreg+proto] epoch 5/5  sigreg=0.5741  proto=1.6310  min_dist=1.42  mean_dist=3.23
  round 2: pool=108 purity=0.194 k-hat=1 anchors=1  margin=0.8132  mean-anchor=0.6891  4=0.689
    [np   frozen     ] purity r1=0.103 r2=0.194  probe 0.673->0.673  eucl 0.521->0.521  perevt 0.007->0.007  drift 0.000
  [sigreg+proto] epoch 1/5  sigreg=0.5695  proto=1.5696  min_dist=0.72  mean_dist=2.66
  [sigreg+proto] epoch 2/5  sigreg=0.5746  proto=1.5540  min_dist=0.82  mean_dist=2.72
  [sigreg+proto] epoch 3/5  sigreg=0.5684  proto=1.6107  min_dist=0.91  mean_dist=2.78
  [sigreg+proto] epoch 4/5  sigreg=0.5745  proto=1.5595  min_dist=1.00  mean_dist=2.84
  [sigreg+proto] epoch 5/5  sigreg=0.5697  proto=1.6050  min_dist=1.07  mean_dist=2.90
  round 1: pool=97 purity=0.103 k-hat=1 anchors=1  margin=0.7375  mean-anchor=0.6331  4=0.633
    merged 2 -> 1 anchors
  [sigreg+proto] epoch 1/5  sigreg=0.5695  proto=1.6347  min_dist=1.12  mean_dist=2.94
  [sigreg+proto] epoch 2/5  sigreg=0.5694  proto=1.7043  min_dist=1.19  mean_dist=3.01
  [sigreg+proto] epoch 3/5  sigreg=0.5655  proto=1.6375  min_dist=1.27  mean_dist=3.08
  [sigreg+proto] epoch 4/5  sigreg=0.5679  proto=1.6730  min_dist=1.33  mean_dist=3.15
  [sigreg+proto] epoch 5/5  sigreg=0.5681  proto=1.6339  min_dist=1.40  mean_dist=3.22
  round 2: pool=110 purity=0.209 k-hat=1 anchors=1  margin=0.8206  mean-anchor=0.7060  4=0.706
    [np   corpus-norm] purity r1=0.103 r2=0.209  probe 0.673->0.691  eucl 0.521->0.512  perevt 0.007->0.007  drift 0.062

===== EXP135 SUMMARY_h1_d7 (paired frozen vs corpus-norm; gate 0.15) =====
  cell|arm|scorer                              r1  r2 frz   r2 cn    d r2    probe frz/cn  drift
  galaxy10:dino|supcon-ft|np                0.216   0.216   0.187  -0.029   0.910/0.921    0.147
  galaxy10:dino|ss-ft|np                    0.216   0.223   0.216  -0.007   0.800/0.830    0.169
  galaxy10:dino|nplm-sup-ft|np              0.103   0.194   0.209  +0.015   0.673/0.691    0.062

wrote logs/exp135/corpus_norm_galaxy10-dino_h1_d7_s2.json
EXP135 DONE.
