/home/pharris/venv/lib64/python3.9/site-packages/networkx/utils/backends.py:135: RuntimeWarning: networkx backend defined more than once: nx-loopback
  backends.update(_get_backends("networkx.backends"))

######## aircraft:dino_h1_d3: holdouts=[96] ########

  --- frozen: pre probe=0.9733 eucl=0.6241 mahaT=0.7227 perevt=0.091
  [sigreg+proto] epoch 1/5  sigreg=0.1522  proto=31.1462  min_dist=4.05  mean_dist=15.32
  [sigreg+proto] epoch 2/5  sigreg=0.1486  proto=28.8059  min_dist=4.03  mean_dist=15.33
  [sigreg+proto] epoch 3/5  sigreg=0.1527  proto=28.8286  min_dist=4.06  mean_dist=15.34
  [sigreg+proto] epoch 4/5  sigreg=0.1509  proto=27.2609  min_dist=4.09  mean_dist=15.34
  [sigreg+proto] epoch 5/5  sigreg=0.1504  proto=27.4925  min_dist=4.12  mean_dist=15.35
  round 1: pool=338 purity=0.024 k-hat=4 anchors=4  margin=0.4975  mean-anchor=0.4203  96=0.420
  [sigreg+proto] epoch 1/5  sigreg=0.1573  proto=28.7400  min_dist=4.18  mean_dist=16.13
  [sigreg+proto] epoch 2/5  sigreg=0.1577  proto=24.6774  min_dist=4.23  mean_dist=16.14
  [sigreg+proto] epoch 3/5  sigreg=0.1570  proto=26.9459  min_dist=4.28  mean_dist=16.15
  [sigreg+proto] epoch 4/5  sigreg=0.1505  proto=20.6845  min_dist=4.33  mean_dist=16.16
  [sigreg+proto] epoch 5/5  sigreg=0.1623  proto=22.6917  min_dist=4.37  mean_dist=16.17
  round 2: pool=338 purity=0.024 k-hat=4 anchors=8  margin=0.4963  mean-anchor=0.4218  96=0.422
    [dist frozen     ] purity r1=0.024 r2=0.024  probe 0.973->0.973  eucl 0.624->0.624  perevt 0.091->0.091  drift 0.000
  [sigreg+proto] epoch 1/5  sigreg=0.1564  proto=31.3297  min_dist=4.06  mean_dist=15.31
  [sigreg+proto] epoch 2/5  sigreg=0.1522  proto=28.8827  min_dist=4.05  mean_dist=15.31
  [sigreg+proto] epoch 3/5  sigreg=0.1570  proto=28.7491  min_dist=4.08  mean_dist=15.32
  [sigreg+proto] epoch 4/5  sigreg=0.1559  proto=26.8575  min_dist=4.11  mean_dist=15.32
  [sigreg+proto] epoch 5/5  sigreg=0.1528  proto=27.7288  min_dist=4.13  mean_dist=15.31
  round 1: pool=338 purity=0.024 k-hat=4 anchors=4  margin=0.5239  mean-anchor=0.4414  96=0.441
  [sigreg+proto] epoch 1/5  sigreg=0.1607  proto=29.3804  min_dist=4.19  mean_dist=16.00
  [sigreg+proto] epoch 2/5  sigreg=0.1619  proto=24.3777  min_dist=4.25  mean_dist=16.01
  [sigreg+proto] epoch 3/5  sigreg=0.1616  proto=26.2197  min_dist=4.29  mean_dist=16.01
  [sigreg+proto] epoch 4/5  sigreg=0.1576  proto=21.1679  min_dist=4.34  mean_dist=16.01
  [sigreg+proto] epoch 5/5  sigreg=0.1673  proto=21.3751  min_dist=4.39  mean_dist=16.01
  round 2: pool=338 purity=0.024 k-hat=4 anchors=8  margin=0.5268  mean-anchor=0.4411  96=0.441
    [dist corpus-norm] purity r1=0.024 r2=0.024  probe 0.973->0.979  eucl 0.624->0.624  perevt 0.091->0.091  drift 0.049
  [sigreg+proto] epoch 1/5  sigreg=0.1486  proto=37.3605  min_dist=4.07  mean_dist=14.71
  [sigreg+proto] epoch 2/5  sigreg=0.1480  proto=38.8204  min_dist=4.10  mean_dist=14.74
  [sigreg+proto] epoch 3/5  sigreg=0.1466  proto=38.5138  min_dist=4.13  mean_dist=14.76
  [sigreg+proto] epoch 4/5  sigreg=0.1482  proto=37.0219  min_dist=4.17  mean_dist=14.78
  [sigreg+proto] epoch 5/5  sigreg=0.1469  proto=34.4339  min_dist=4.22  mean_dist=14.80
  round 1: pool=340 purity=0.029 k-hat=3 anchors=3  margin=0.2469  mean-anchor=0.4179  96=0.418
  [sigreg+proto] epoch 1/5  sigreg=0.1481  proto=40.8042  min_dist=4.33  mean_dist=14.99
  [sigreg+proto] epoch 2/5  sigreg=0.1523  proto=39.2980  min_dist=4.41  mean_dist=15.02
  [sigreg+proto] epoch 3/5  sigreg=0.1497  proto=40.3816  min_dist=4.46  mean_dist=15.05
  [sigreg+proto] epoch 4/5  sigreg=0.1506  proto=38.6662  min_dist=4.51  mean_dist=15.08
  [sigreg+proto] epoch 5/5  sigreg=0.1478  proto=39.1106  min_dist=4.57  mean_dist=15.11
  round 2: pool=335 purity=0.015 k-hat=3 anchors=6  margin=0.1881  mean-anchor=0.4309  96=0.431
    [np   frozen     ] purity r1=0.029 r2=0.015  probe 0.973->0.973  eucl 0.624->0.624  perevt 0.091->0.091  drift 0.000
  [sigreg+proto] epoch 1/5  sigreg=0.1523  proto=38.8351  min_dist=4.06  mean_dist=14.70
  [sigreg+proto] epoch 2/5  sigreg=0.1516  proto=39.3121  min_dist=4.09  mean_dist=14.72
  [sigreg+proto] epoch 3/5  sigreg=0.1510  proto=40.0679  min_dist=4.12  mean_dist=14.74
  [sigreg+proto] epoch 4/5  sigreg=0.1524  proto=39.1880  min_dist=4.16  mean_dist=14.75
  [sigreg+proto] epoch 5/5  sigreg=0.1506  proto=35.8969  min_dist=4.20  mean_dist=14.77
  round 1: pool=340 purity=0.029 k-hat=3 anchors=3  margin=0.2390  mean-anchor=0.4096  96=0.410
  [sigreg+proto] epoch 1/5  sigreg=0.1558  proto=43.6502  min_dist=4.26  mean_dist=15.11
  [sigreg+proto] epoch 2/5  sigreg=0.1566  proto=41.0856  min_dist=4.30  mean_dist=15.14
  [sigreg+proto] epoch 3/5  sigreg=0.1550  proto=41.3969  min_dist=4.32  mean_dist=15.17
  [sigreg+proto] epoch 4/5  sigreg=0.1543  proto=41.3958  min_dist=4.35  mean_dist=15.19
  [sigreg+proto] epoch 5/5  sigreg=0.1560  proto=41.5229  min_dist=4.37  mean_dist=15.21
  round 2: pool=341 purity=0.032 k-hat=4 anchors=7  margin=0.5474  mean-anchor=0.8232  96=0.823
    [np   corpus-norm] purity r1=0.029 r2=0.032  probe 0.973->0.969  eucl 0.624->0.624  perevt 0.091->0.091  drift 0.037

===== EXP135 SUMMARY_h1_d3 (paired frozen vs corpus-norm; gate 0.15) =====
  cell|arm|scorer                              r1  r2 frz   r2 cn    d r2    probe frz/cn  drift
  aircraft:dino|frozen|dist               0.024   0.024   0.024  +0.000   0.973/0.979    0.049
  aircraft:dino|frozen|np                 0.029   0.015   0.032  +0.017   0.973/0.969    0.037

wrote logs/exp135/corpus_norm_aircraft-dino_frozen_h1_d3.json
EXP135 DONE.
