/home/pharris/venv/lib64/python3.9/site-packages/networkx/utils/backends.py:135: RuntimeWarning: networkx backend defined more than once: nx-loopback
  backends.update(_get_backends("networkx.backends"))

######## aircraft:visreg_h1_d0: holdouts=[14] ########

  --- frozen: pre probe=0.6086 eucl=0.4380 mahaT=0.4813 perevt=0.029
  [sigreg+proto] epoch 1/5  sigreg=0.2074  proto=98.7797  min_dist=3.40  mean_dist=15.07
  [sigreg+proto] epoch 2/5  sigreg=0.2036  proto=98.3455  min_dist=3.59  mean_dist=15.10
  [sigreg+proto] epoch 3/5  sigreg=0.2087  proto=91.8867  min_dist=3.71  mean_dist=15.13
  [sigreg+proto] epoch 4/5  sigreg=0.2030  proto=86.6249  min_dist=3.77  mean_dist=15.16
  [sigreg+proto] epoch 5/5  sigreg=0.2032  proto=87.4755  min_dist=3.84  mean_dist=15.18
  round 1: pool=330 purity=0.000 k-hat=4 anchors=4  margin=0.4461  mean-anchor=0.5628  14=0.563
  [sigreg+proto] epoch 1/5  sigreg=0.2112  proto=83.2612  min_dist=3.92  mean_dist=16.67
  [sigreg+proto] epoch 2/5  sigreg=0.2113  proto=84.8809  min_dist=3.99  mean_dist=16.69
  [sigreg+proto] epoch 3/5  sigreg=0.2127  proto=80.5266  min_dist=4.05  mean_dist=16.70
  [sigreg+proto] epoch 4/5  sigreg=0.2185  proto=82.8106  min_dist=4.12  mean_dist=16.71
  [sigreg+proto] epoch 5/5  sigreg=0.2097  proto=78.5181  min_dist=4.19  mean_dist=16.72
  round 2: pool=331 purity=0.003 k-hat=4 anchors=8  margin=0.4412  mean-anchor=0.5656  14=0.566
    [dist frozen     ] purity r1=0.000 r2=0.003  probe 0.609->0.609  eucl 0.438->0.438  perevt 0.029->0.029  drift 0.000
  [sigreg+proto] epoch 1/5  sigreg=0.2072  proto=93.7792  min_dist=3.39  mean_dist=15.06
  [sigreg+proto] epoch 2/5  sigreg=0.2076  proto=97.0588  min_dist=3.58  mean_dist=15.09
  [sigreg+proto] epoch 3/5  sigreg=0.2111  proto=87.0826  min_dist=3.72  mean_dist=15.11
  [sigreg+proto] epoch 4/5  sigreg=0.2073  proto=84.1511  min_dist=3.77  mean_dist=15.12
  [sigreg+proto] epoch 5/5  sigreg=0.2041  proto=83.7651  min_dist=3.83  mean_dist=15.13
  round 1: pool=330 purity=0.000 k-hat=4 anchors=4  margin=0.4422  mean-anchor=0.5615  14=0.561
  [sigreg+proto] epoch 1/5  sigreg=0.2122  proto=80.1808  min_dist=3.91  mean_dist=16.40
  [sigreg+proto] epoch 2/5  sigreg=0.2191  proto=78.7888  min_dist=3.97  mean_dist=16.41
  [sigreg+proto] epoch 3/5  sigreg=0.2165  proto=79.3011  min_dist=4.03  mean_dist=16.42
  [sigreg+proto] epoch 4/5  sigreg=0.2206  proto=78.9854  min_dist=4.10  mean_dist=16.42
  [sigreg+proto] epoch 5/5  sigreg=0.2165  proto=70.8529  min_dist=4.16  mean_dist=16.41
  round 2: pool=331 purity=0.003 k-hat=4 anchors=8  margin=0.4318  mean-anchor=0.5413  14=0.541
    [dist corpus-norm] purity r1=0.000 r2=0.003  probe 0.609->0.598  eucl 0.438->0.437  perevt 0.029->0.029  drift 0.062
  [sigreg+proto] epoch 1/5  sigreg=0.2114  proto=115.4133  min_dist=3.34  mean_dist=14.06
  [sigreg+proto] epoch 2/5  sigreg=0.2112  proto=107.7359  min_dist=3.54  mean_dist=14.11
  [sigreg+proto] epoch 3/5  sigreg=0.2088  proto=112.5438  min_dist=3.71  mean_dist=14.16
  [sigreg+proto] epoch 4/5  sigreg=0.2045  proto=109.5762  min_dist=3.84  mean_dist=14.21
  [sigreg+proto] epoch 5/5  sigreg=0.2126  proto=110.1230  min_dist=3.93  mean_dist=14.26
  round 1: pool=335 purity=0.015 k-hat=4 anchors=4  margin=0.4855  mean-anchor=0.5746  14=0.575
  [sigreg+proto] epoch 1/5  sigreg=0.2143  proto=111.9831  min_dist=3.01  mean_dist=14.75
  [sigreg+proto] epoch 2/5  sigreg=0.2158  proto=108.7032  min_dist=2.96  mean_dist=14.80
  [sigreg+proto] epoch 3/5  sigreg=0.2161  proto=107.7752  min_dist=2.93  mean_dist=14.84
  [sigreg+proto] epoch 4/5  sigreg=0.2146  proto=104.3643  min_dist=2.90  mean_dist=14.87
  [sigreg+proto] epoch 5/5  sigreg=0.2161  proto=105.8336  min_dist=2.90  mean_dist=14.90
  round 2: pool=336 purity=0.018 k-hat=3 anchors=7  margin=0.4994  mean-anchor=0.4961  14=0.496
    [np   frozen     ] purity r1=0.015 r2=0.018  probe 0.609->0.609  eucl 0.438->0.438  perevt 0.029->0.029  drift 0.000
  [sigreg+proto] epoch 1/5  sigreg=0.2169  proto=118.8800  min_dist=3.34  mean_dist=14.05
  [sigreg+proto] epoch 2/5  sigreg=0.2155  proto=110.9335  min_dist=3.53  mean_dist=14.09
  [sigreg+proto] epoch 3/5  sigreg=0.2144  proto=114.9717  min_dist=3.70  mean_dist=14.14
  [sigreg+proto] epoch 4/5  sigreg=0.2078  proto=113.0446  min_dist=3.83  mean_dist=14.18
  [sigreg+proto] epoch 5/5  sigreg=0.2170  proto=111.5927  min_dist=3.91  mean_dist=14.22
  round 1: pool=335 purity=0.015 k-hat=4 anchors=4  margin=0.4870  mean-anchor=0.5787  14=0.579
    merged 7 -> 6 anchors
  [sigreg+proto] epoch 1/5  sigreg=0.2197  proto=109.0717  min_dist=4.02  mean_dist=14.59
  [sigreg+proto] epoch 2/5  sigreg=0.2207  proto=111.3772  min_dist=4.09  mean_dist=14.64
  [sigreg+proto] epoch 3/5  sigreg=0.2200  proto=110.0679  min_dist=4.15  mean_dist=14.67
  [sigreg+proto] epoch 4/5  sigreg=0.2233  proto=109.1482  min_dist=4.22  mean_dist=14.71
  [sigreg+proto] epoch 5/5  sigreg=0.2223  proto=106.9946  min_dist=4.29  mean_dist=14.74
  round 2: pool=336 purity=0.018 k-hat=3 anchors=6  margin=0.5100  mean-anchor=0.5835  14=0.584
    [np   corpus-norm] purity r1=0.015 r2=0.018  probe 0.609->0.583  eucl 0.438->0.439  perevt 0.029->0.029  drift 0.047

===== EXP135 SUMMARY_h1_d0 (paired frozen vs corpus-norm; gate 0.15) =====
  cell|arm|scorer                              r1  r2 frz   r2 cn    d r2    probe frz/cn  drift
  aircraft:visreg|frozen|dist             0.000   0.003   0.003  +0.000   0.609/0.598    0.062
  aircraft:visreg|frozen|np               0.015   0.018   0.018  +0.000   0.609/0.583    0.047

wrote logs/exp135/corpus_norm_aircraft-visreg_frozen_h1_d0.json
EXP135 DONE.
