/home/pharris/venv/lib64/python3.9/site-packages/networkx/utils/backends.py:135: RuntimeWarning: networkx backend defined more than once: nx-loopback
  backends.update(_get_backends("networkx.backends"))

######## holdout size 1: sparker-frozen on the exp-89 space ########
Using cache found in /home/pharris/.cache/torch/hub/chenyaofo_pytorch-cifar-models_master
  loaded checkpoints/exp89_c100_h1_supcon.pt
  loaded checkpoints/exp89_c100_h1_resnplm.pt
  pre probe=0.9539
  [sigreg+proto] epoch 1/5  sigreg=0.4609  proto=4.3788  min_dist=2.37  mean_dist=12.99
  [sigreg+proto] epoch 2/5  sigreg=0.4661  proto=4.3549  min_dist=3.11  mean_dist=13.35
  [sigreg+proto] epoch 3/5  sigreg=0.4750  proto=4.4696  min_dist=3.62  mean_dist=13.65
  [sigreg+proto] epoch 4/5  sigreg=0.4822  proto=4.2792  min_dist=3.87  mean_dist=13.89
  [sigreg+proto] epoch 5/5  sigreg=0.4889  proto=4.0526  min_dist=4.14  mean_dist=14.10
  round 1: pool=2551 purity=0.030 centres-kept=8 anchors=8  margin=0.7828  mean-anchor=0.8680
  [sigreg+proto] epoch 1/5  sigreg=0.4989  proto=5.1253  min_dist=2.96  mean_dist=14.95
  [sigreg+proto] epoch 2/5  sigreg=0.5059  proto=4.8117  min_dist=3.35  mean_dist=14.97
  [sigreg+proto] epoch 3/5  sigreg=0.5063  proto=4.1693  min_dist=3.63  mean_dist=15.03
  [sigreg+proto] epoch 4/5  sigreg=0.5158  proto=4.0763  min_dist=3.83  mean_dist=15.12
  [sigreg+proto] epoch 5/5  sigreg=0.5191  proto=3.9299  min_dist=4.09  mean_dist=15.21
  round 2: pool=2563 purity=0.034 centres-kept=9 anchors=17  margin=0.7409  mean-anchor=0.8912
  [h1 q=0.95] sparker-frozen purity r1=0.030(n=2551) r2=0.034(n=2563)   exp-89 distance r1=0.000
  [sigreg+proto] epoch 1/5  sigreg=0.4617  proto=4.2995  min_dist=2.34  mean_dist=12.46
  [sigreg+proto] epoch 2/5  sigreg=0.4676  proto=4.3440  min_dist=3.08  mean_dist=12.85
  [sigreg+proto] epoch 3/5  sigreg=0.4763  proto=4.3940  min_dist=3.61  mean_dist=13.16
  [sigreg+proto] epoch 4/5  sigreg=0.4836  proto=4.2320  min_dist=4.01  mean_dist=13.43
  [sigreg+proto] epoch 5/5  sigreg=0.4881  proto=3.9550  min_dist=4.33  mean_dist=13.66
  round 1: pool=510 purity=0.029 centres-kept=7 anchors=7  margin=0.7730  mean-anchor=0.8649
  [sigreg+proto] epoch 1/5  sigreg=0.5016  proto=4.7510  min_dist=2.95  mean_dist=14.55
  [sigreg+proto] epoch 2/5  sigreg=0.5119  proto=4.6302  min_dist=3.47  mean_dist=14.61
  [sigreg+proto] epoch 3/5  sigreg=0.5115  proto=4.0089  min_dist=3.80  mean_dist=14.71
  [sigreg+proto] epoch 4/5  sigreg=0.5206  proto=3.9033  min_dist=3.99  mean_dist=14.80
  [sigreg+proto] epoch 5/5  sigreg=0.5239  proto=3.7475  min_dist=4.23  mean_dist=14.91
  round 2: pool=505 purity=0.020 centres-kept=9 anchors=16  margin=0.7687  mean-anchor=0.8889
  [h1 q=0.99] sparker-frozen purity r1=0.029(n=510) r2=0.020(n=505)   exp-89 distance r1=0.000

######## holdout size 5: sparker-frozen on the exp-89 space ########
Using cache found in /home/pharris/.cache/torch/hub/chenyaofo_pytorch-cifar-models_master
  loaded checkpoints/exp89_c100_h5_supcon.pt
  loaded checkpoints/exp89_c100_h5_resnplm.pt
  pre probe=0.8815
  [sigreg+proto] epoch 1/5  sigreg=0.4683  proto=3.9512  min_dist=2.25  mean_dist=12.77
  [sigreg+proto] epoch 2/5  sigreg=0.4768  proto=4.0131  min_dist=2.89  mean_dist=13.14
  [sigreg+proto] epoch 3/5  sigreg=0.4787  proto=3.6961  min_dist=3.40  mean_dist=13.44
  [sigreg+proto] epoch 4/5  sigreg=0.4877  proto=3.6129  min_dist=3.86  mean_dist=13.70
  [sigreg+proto] epoch 5/5  sigreg=0.4979  proto=3.4369  min_dist=4.25  mean_dist=13.93
  round 1: pool=2788 purity=0.148 centres-kept=8 anchors=8  margin=0.7091  mean-anchor=0.7675
  [sigreg+proto] epoch 1/5  sigreg=0.5052  proto=4.4403  min_dist=3.00  mean_dist=14.92
  [sigreg+proto] epoch 2/5  sigreg=0.5178  proto=3.9866  min_dist=3.20  mean_dist=15.01
  [sigreg+proto] epoch 3/5  sigreg=0.5189  proto=3.5752  min_dist=3.65  mean_dist=15.13
  [sigreg+proto] epoch 4/5  sigreg=0.5282  proto=3.4840  min_dist=4.04  mean_dist=15.26
  [sigreg+proto] epoch 5/5  sigreg=0.5360  proto=3.4636  min_dist=4.27  mean_dist=15.37
  round 2: pool=2859 purity=0.169 centres-kept=10 anchors=18  margin=0.8276  mean-anchor=0.9517
  [h5 q=0.95] sparker-frozen purity r1=0.148(n=2788) r2=0.169(n=2859)   exp-89 distance r1=0.015
  [sigreg+proto] epoch 1/5  sigreg=0.4698  proto=3.9123  min_dist=2.22  mean_dist=12.76
  [sigreg+proto] epoch 2/5  sigreg=0.4775  proto=3.9776  min_dist=2.85  mean_dist=13.12
  [sigreg+proto] epoch 3/5  sigreg=0.4785  proto=3.6174  min_dist=3.34  mean_dist=13.42
  [sigreg+proto] epoch 4/5  sigreg=0.4883  proto=3.5972  min_dist=3.80  mean_dist=13.67
  [sigreg+proto] epoch 5/5  sigreg=0.4976  proto=3.4390  min_dist=4.22  mean_dist=13.90
  round 1: pool=592 purity=0.198 centres-kept=8 anchors=8  margin=0.7053  mean-anchor=0.7632
  [sigreg+proto] epoch 1/5  sigreg=0.5030  proto=4.4575  min_dist=3.05  mean_dist=14.86
  [sigreg+proto] epoch 2/5  sigreg=0.5119  proto=4.0878  min_dist=3.55  mean_dist=14.94
  [sigreg+proto] epoch 3/5  sigreg=0.5148  proto=3.6789  min_dist=3.84  mean_dist=15.05
  [sigreg+proto] epoch 4/5  sigreg=0.5236  proto=3.5061  min_dist=4.12  mean_dist=15.17
  [sigreg+proto] epoch 5/5  sigreg=0.5293  proto=3.4772  min_dist=4.36  mean_dist=15.28
  round 2: pool=620 purity=0.234 centres-kept=10 anchors=18  margin=0.7795  mean-anchor=0.9284
  [h5 q=0.99] sparker-frozen purity r1=0.198(n=592) r2=0.234(n=620)   exp-89 distance r1=0.002

######## holdout size 10: sparker-frozen on the exp-89 space ########
Using cache found in /home/pharris/.cache/torch/hub/chenyaofo_pytorch-cifar-models_master
  loaded checkpoints/exp89_c100_h10_supcon.pt
  loaded checkpoints/exp89_c100_h10_resnplm.pt
  pre probe=0.7969
  [sigreg+proto] epoch 1/5  sigreg=0.4693  proto=3.4115  min_dist=2.18  mean_dist=13.19
  [sigreg+proto] epoch 2/5  sigreg=0.4748  proto=3.4108  min_dist=3.00  mean_dist=13.54
  [sigreg+proto] epoch 3/5  sigreg=0.4819  proto=3.3618  min_dist=3.56  mean_dist=13.83
  [sigreg+proto] epoch 4/5  sigreg=0.4905  proto=3.2606  min_dist=3.90  mean_dist=14.07
  [sigreg+proto] epoch 5/5  sigreg=0.4998  proto=3.2023  min_dist=4.09  mean_dist=14.27
  round 1: pool=2931 purity=0.232 centres-kept=11 anchors=11  margin=0.6919  mean-anchor=0.7141
    merged 18 -> 17 anchors
  [sigreg+proto] epoch 1/5  sigreg=0.5052  proto=4.4208  min_dist=3.18  mean_dist=15.21
  [sigreg+proto] epoch 2/5  sigreg=0.5074  proto=3.8300  min_dist=3.72  mean_dist=15.26
  [sigreg+proto] epoch 3/5  sigreg=0.5113  proto=3.5636  min_dist=3.81  mean_dist=15.34
  [sigreg+proto] epoch 4/5  sigreg=0.5186  proto=3.3446  min_dist=3.77  mean_dist=15.44
  [sigreg+proto] epoch 5/5  sigreg=0.5247  proto=3.0934  min_dist=3.89  mean_dist=15.54
  round 2: pool=3060 purity=0.265 centres-kept=7 anchors=17  margin=0.7012  mean-anchor=0.7475
  [h10 q=0.95] sparker-frozen purity r1=0.232(n=2931) r2=0.265(n=3060)   exp-89 distance r1=0.036
  [sigreg+proto] epoch 1/5  sigreg=0.4705  proto=3.3630  min_dist=2.15  mean_dist=13.18
  [sigreg+proto] epoch 2/5  sigreg=0.4764  proto=3.3906  min_dist=2.93  mean_dist=13.52
  [sigreg+proto] epoch 3/5  sigreg=0.4827  proto=3.3643  min_dist=3.52  mean_dist=13.80
  [sigreg+proto] epoch 4/5  sigreg=0.4911  proto=3.2429  min_dist=3.86  mean_dist=14.03
  [sigreg+proto] epoch 5/5  sigreg=0.4998  proto=3.1310  min_dist=4.05  mean_dist=14.24
  round 1: pool=701 purity=0.358 centres-kept=11 anchors=11  margin=0.6912  mean-anchor=0.7136
    merged 18 -> 17 anchors
  [sigreg+proto] epoch 1/5  sigreg=0.5091  proto=4.4659  min_dist=3.14  mean_dist=14.97
  [sigreg+proto] epoch 2/5  sigreg=0.5099  proto=3.9645  min_dist=3.71  mean_dist=15.05
  [sigreg+proto] epoch 3/5  sigreg=0.5165  proto=3.5228  min_dist=4.07  mean_dist=15.14
  [sigreg+proto] epoch 4/5  sigreg=0.5195  proto=3.3243  min_dist=4.15  mean_dist=15.25
  [sigreg+proto] epoch 5/5  sigreg=0.5282  proto=3.1827  min_dist=4.26  mean_dist=15.36
  round 2: pool=773 purity=0.418 centres-kept=7 anchors=17  margin=0.7082  mean-anchor=0.7710
  [h10 q=0.99] sparker-frozen purity r1=0.358(n=701) r2=0.418(n=773)   exp-89 distance r1=0.002

===== EXP109 SUMMARY (C100 density-ratio pooling; gate 0.15) =====
  cfg           spk r1  spk r2  dist r1 (89)
  h1:q0.95       0.030   0.034         0.000
  h1:q0.99       0.029   0.020         0.000
  h5:q0.95       0.148   0.169         0.015
  h5:q0.99       0.198   0.234         0.002
  h10:q0.95      0.232   0.265         0.036
  h10:q0.99      0.358   0.418         0.002
  best r1 purity 0.358 -> PREDICTION HOLDS (>0.15)
EXP109 DONE.
