/home/pharris/venv/lib64/python3.9/site-packages/networkx/utils/backends.py:135: RuntimeWarning: networkx backend defined more than once: nx-loopback
  backends.update(_get_backends("networkx.backends"))

######## galaxy10:visreg_h1_d7: holdouts=[4] ########

  --- supcon-ft: pre probe=0.9195 eucl=0.8466 mahaT=0.7831 perevt=0.292   [archived unfrozen post probe 0.8690]
  [sigreg+proto] epoch 1/5  sigreg=0.2699  proto=6.5072  min_dist=6.60  mean_dist=17.78
  [sigreg+proto] epoch 2/5  sigreg=0.2699  proto=5.2836  min_dist=6.60  mean_dist=17.79
  [sigreg+proto] epoch 3/5  sigreg=0.2631  proto=5.8164  min_dist=6.62  mean_dist=17.80
  [sigreg+proto] epoch 4/5  sigreg=0.2710  proto=5.8318  min_dist=6.63  mean_dist=17.82
  [sigreg+proto] epoch 5/5  sigreg=0.2668  proto=7.4436  min_dist=6.64  mean_dist=17.82
  round 1: pool=108 purity=0.194 k-hat=4 anchors=4  margin=0.8772  mean-anchor=0.8762  4=0.876
  [sigreg+proto] epoch 1/5  sigreg=0.2974  proto=6.3206  min_dist=2.42  mean_dist=17.60
  [sigreg+proto] epoch 2/5  sigreg=0.3022  proto=6.4491  min_dist=2.49  mean_dist=17.62
  [sigreg+proto] epoch 3/5  sigreg=0.3001  proto=6.9626  min_dist=2.55  mean_dist=17.64
  [sigreg+proto] epoch 4/5  sigreg=0.3150  proto=6.5384  min_dist=2.61  mean_dist=17.66
  [sigreg+proto] epoch 5/5  sigreg=0.2984  proto=5.9030  min_dist=2.68  mean_dist=17.68
  round 2: pool=98 purity=0.112 k-hat=4 anchors=8  margin=0.8682  mean-anchor=0.9123  4=0.912
    [dist frozen     ] purity r1=0.194 r2=0.112  probe 0.920->0.920  eucl 0.847->0.847  perevt 0.292->0.292  drift 0.000
  [sigreg+proto] epoch 1/5  sigreg=0.2743  proto=6.8539  min_dist=6.60  mean_dist=17.78
  [sigreg+proto] epoch 2/5  sigreg=0.2721  proto=5.4744  min_dist=6.60  mean_dist=17.79
  [sigreg+proto] epoch 3/5  sigreg=0.2663  proto=6.0817  min_dist=6.62  mean_dist=17.80
  [sigreg+proto] epoch 4/5  sigreg=0.2735  proto=6.1144  min_dist=6.63  mean_dist=17.81
  [sigreg+proto] epoch 5/5  sigreg=0.2715  proto=7.7350  min_dist=6.64  mean_dist=17.82
  round 1: pool=108 purity=0.194 k-hat=4 anchors=4  margin=0.8754  mean-anchor=0.8866  4=0.887
  [sigreg+proto] epoch 1/5  sigreg=0.3275  proto=10.5151  min_dist=4.43  mean_dist=16.77
  [sigreg+proto] epoch 2/5  sigreg=0.3349  proto=9.8882  min_dist=4.49  mean_dist=16.79
  [sigreg+proto] epoch 3/5  sigreg=0.3359  proto=10.7382  min_dist=4.54  mean_dist=16.80
  [sigreg+proto] epoch 4/5  sigreg=0.3195  proto=9.4499  min_dist=4.60  mean_dist=16.82
  [sigreg+proto] epoch 5/5  sigreg=0.3321  proto=8.8353  min_dist=4.66  mean_dist=16.84
  round 2: pool=97 purity=0.103 k-hat=4 anchors=8  margin=0.8821  mean-anchor=0.8540  4=0.854
    [dist corpus-norm] purity r1=0.194 r2=0.103  probe 0.920->0.922  eucl 0.847->0.832  perevt 0.292->0.216  drift 0.067
  [sigreg+proto] epoch 1/5  sigreg=0.2740  proto=2.9322  min_dist=4.94  mean_dist=18.28
  [sigreg+proto] epoch 2/5  sigreg=0.2741  proto=3.5106  min_dist=5.03  mean_dist=18.30
  [sigreg+proto] epoch 3/5  sigreg=0.2679  proto=2.9978  min_dist=5.12  mean_dist=18.31
  [sigreg+proto] epoch 4/5  sigreg=0.2806  proto=3.2291  min_dist=5.20  mean_dist=18.32
  [sigreg+proto] epoch 5/5  sigreg=0.2666  proto=4.2048  min_dist=5.28  mean_dist=18.33
  round 1: pool=116 purity=0.250 k-hat=3 anchors=3  margin=0.9482  mean-anchor=0.8814  4=0.881
    merged 7 -> 5 anchors
  [sigreg+proto] epoch 1/5  sigreg=0.2845  proto=2.6293  min_dist=4.44  mean_dist=17.15
  [sigreg+proto] epoch 2/5  sigreg=0.2866  proto=3.0550  min_dist=4.43  mean_dist=17.16
  [sigreg+proto] epoch 3/5  sigreg=0.2885  proto=3.1278  min_dist=4.42  mean_dist=17.18
  [sigreg+proto] epoch 4/5  sigreg=0.2812  proto=3.3387  min_dist=4.41  mean_dist=17.20
  [sigreg+proto] epoch 5/5  sigreg=0.2887  proto=3.5591  min_dist=4.40  mean_dist=17.22
  round 2: pool=111 purity=0.216 k-hat=4 anchors=5  margin=0.9549  mean-anchor=0.9266  4=0.927
    [np   frozen     ] purity r1=0.250 r2=0.216  probe 0.920->0.920  eucl 0.847->0.847  perevt 0.292->0.292  drift 0.000
  [sigreg+proto] epoch 1/5  sigreg=0.3215  proto=3.5009  min_dist=4.94  mean_dist=18.27
  [sigreg+proto] epoch 2/5  sigreg=0.3206  proto=4.1504  min_dist=5.03  mean_dist=18.28
  [sigreg+proto] epoch 3/5  sigreg=0.3121  proto=3.4802  min_dist=5.12  mean_dist=18.28
  [sigreg+proto] epoch 4/5  sigreg=0.3221  proto=3.9306  min_dist=5.20  mean_dist=18.29
  [sigreg+proto] epoch 5/5  sigreg=0.3054  proto=4.8314  min_dist=5.28  mean_dist=18.29
  round 1: pool=116 purity=0.250 k-hat=3 anchors=3  margin=0.9333  mean-anchor=0.8976  4=0.898
  [sigreg+proto] epoch 1/5  sigreg=0.3469  proto=3.1177  min_dist=3.04  mean_dist=16.48
  [sigreg+proto] epoch 2/5  sigreg=0.3649  proto=3.3551  min_dist=3.10  mean_dist=16.50
  [sigreg+proto] epoch 3/5  sigreg=0.3527  proto=3.5268  min_dist=3.17  mean_dist=16.51
  [sigreg+proto] epoch 4/5  sigreg=0.3538  proto=3.9678  min_dist=3.23  mean_dist=16.53
  [sigreg+proto] epoch 5/5  sigreg=0.3571  proto=3.3290  min_dist=3.29  mean_dist=16.55
  round 2: pool=112 purity=0.223 k-hat=4 anchors=7  margin=0.9384  mean-anchor=0.8774  4=0.877
    [np   corpus-norm] purity r1=0.250 r2=0.223  probe 0.920->0.922  eucl 0.847->0.810  perevt 0.292->0.126  drift 0.171

  --- ss-ft: pre probe=0.8311 eucl=0.8510 mahaT=0.8110 perevt=0.339   [archived unfrozen post probe 0.7977]
  [sigreg+proto] epoch 1/5  sigreg=0.2221  proto=4.4438  min_dist=5.25  mean_dist=16.28
  [sigreg+proto] epoch 2/5  sigreg=0.2241  proto=4.2511  min_dist=5.31  mean_dist=16.31
  [sigreg+proto] epoch 3/5  sigreg=0.2189  proto=4.0101  min_dist=5.37  mean_dist=16.35
  [sigreg+proto] epoch 4/5  sigreg=0.2275  proto=3.9752  min_dist=5.43  mean_dist=16.38
  [sigreg+proto] epoch 5/5  sigreg=0.2258  proto=5.4065  min_dist=5.49  mean_dist=16.41
  round 1: pool=107 purity=0.187 k-hat=4 anchors=4  margin=0.8763  mean-anchor=0.9400  4=0.940
  [sigreg+proto] epoch 1/5  sigreg=0.2512  proto=5.2640  min_dist=5.30  mean_dist=15.89
  [sigreg+proto] epoch 2/5  sigreg=0.2513  proto=5.3977  min_dist=5.32  mean_dist=15.92
  [sigreg+proto] epoch 3/5  sigreg=0.2425  proto=5.7250  min_dist=5.35  mean_dist=15.95
  [sigreg+proto] epoch 4/5  sigreg=0.2523  proto=5.5541  min_dist=5.37  mean_dist=15.97
  [sigreg+proto] epoch 5/5  sigreg=0.2424  proto=4.8347  min_dist=5.39  mean_dist=16.00
  round 2: pool=94 purity=0.074 k-hat=4 anchors=8  margin=0.8551  mean-anchor=0.9413  4=0.941
    [dist frozen     ] purity r1=0.187 r2=0.074  probe 0.831->0.831  eucl 0.851->0.851  perevt 0.339->0.339  drift 0.000
  [sigreg+proto] epoch 1/5  sigreg=0.2389  proto=4.4041  min_dist=5.25  mean_dist=16.28
  [sigreg+proto] epoch 2/5  sigreg=0.2395  proto=4.0944  min_dist=5.32  mean_dist=16.31
  [sigreg+proto] epoch 3/5  sigreg=0.2354  proto=3.9593  min_dist=5.38  mean_dist=16.34
  [sigreg+proto] epoch 4/5  sigreg=0.2395  proto=3.7839  min_dist=5.44  mean_dist=16.37
  [sigreg+proto] epoch 5/5  sigreg=0.2403  proto=5.1517  min_dist=5.50  mean_dist=16.40
  round 1: pool=107 purity=0.187 k-hat=4 anchors=4  margin=0.8797  mean-anchor=0.9387  4=0.939
  [sigreg+proto] epoch 1/5  sigreg=0.2722  proto=5.8156  min_dist=5.55  mean_dist=15.46
  [sigreg+proto] epoch 2/5  sigreg=0.2772  proto=5.3449  min_dist=5.59  mean_dist=15.49
  [sigreg+proto] epoch 3/5  sigreg=0.2677  proto=5.6856  min_dist=5.63  mean_dist=15.52
  [sigreg+proto] epoch 4/5  sigreg=0.2783  proto=5.3478  min_dist=5.66  mean_dist=15.55
  [sigreg+proto] epoch 5/5  sigreg=0.2646  proto=4.7762  min_dist=5.69  mean_dist=15.58
  round 2: pool=94 purity=0.074 k-hat=4 anchors=8  margin=0.8525  mean-anchor=0.9391  4=0.939
    [dist corpus-norm] purity r1=0.187 r2=0.074  probe 0.831->0.840  eucl 0.851->0.850  perevt 0.339->0.339  drift 0.109
  [sigreg+proto] epoch 1/5  sigreg=0.2102  proto=3.2064  min_dist=3.31  mean_dist=15.49
  [sigreg+proto] epoch 2/5  sigreg=0.2121  proto=4.0917  min_dist=3.41  mean_dist=15.52
  [sigreg+proto] epoch 3/5  sigreg=0.2113  proto=3.6904  min_dist=3.50  mean_dist=15.55
  [sigreg+proto] epoch 4/5  sigreg=0.2154  proto=3.6325  min_dist=3.60  mean_dist=15.57
  [sigreg+proto] epoch 5/5  sigreg=0.2122  proto=4.9546  min_dist=3.69  mean_dist=15.60
  round 1: pool=118 purity=0.263 k-hat=3 anchors=3  margin=0.9447  mean-anchor=0.8605  4=0.860
    merged 7 -> 6 anchors
  [sigreg+proto] epoch 1/5  sigreg=0.2910  proto=3.3134  min_dist=2.69  mean_dist=15.52
  [sigreg+proto] epoch 2/5  sigreg=0.2917  proto=3.3189  min_dist=2.77  mean_dist=15.55
  [sigreg+proto] epoch 3/5  sigreg=0.3006  proto=3.7049  min_dist=2.86  mean_dist=15.58
  [sigreg+proto] epoch 4/5  sigreg=0.2933  proto=3.0826  min_dist=2.94  mean_dist=15.61
  [sigreg+proto] epoch 5/5  sigreg=0.2902  proto=3.4577  min_dist=3.02  mean_dist=15.64
  round 2: pool=109 purity=0.202 k-hat=4 anchors=6  margin=0.9458  mean-anchor=0.9105  4=0.911
    [np   frozen     ] purity r1=0.263 r2=0.202  probe 0.831->0.831  eucl 0.851->0.851  perevt 0.339->0.339  drift 0.000
  [sigreg+proto] epoch 1/5  sigreg=0.2490  proto=3.3857  min_dist=3.31  mean_dist=15.49
  [sigreg+proto] epoch 2/5  sigreg=0.2501  proto=4.3893  min_dist=3.41  mean_dist=15.51
  [sigreg+proto] epoch 3/5  sigreg=0.2494  proto=3.8850  min_dist=3.50  mean_dist=15.53
  [sigreg+proto] epoch 4/5  sigreg=0.2503  proto=3.8878  min_dist=3.60  mean_dist=15.56
  [sigreg+proto] epoch 5/5  sigreg=0.2441  proto=5.1435  min_dist=3.69  mean_dist=15.58
  round 1: pool=118 purity=0.263 k-hat=3 anchors=3  margin=0.9349  mean-anchor=0.8638  4=0.864
  [sigreg+proto] epoch 1/5  sigreg=0.3026  proto=3.9763  min_dist=1.57  mean_dist=14.91
  [sigreg+proto] epoch 2/5  sigreg=0.3004  proto=4.2176  min_dist=1.65  mean_dist=14.93
  [sigreg+proto] epoch 3/5  sigreg=0.3054  proto=4.7172  min_dist=1.73  mean_dist=14.96
  [sigreg+proto] epoch 4/5  sigreg=0.3005  proto=4.5497  min_dist=1.81  mean_dist=14.99
  [sigreg+proto] epoch 5/5  sigreg=0.2991  proto=4.5212  min_dist=1.89  mean_dist=15.01
  round 2: pool=109 purity=0.202 k-hat=3 anchors=6  margin=0.9312  mean-anchor=0.9240  4=0.924
    [np   corpus-norm] purity r1=0.263 r2=0.202  probe 0.831->0.875  eucl 0.851->0.812  perevt 0.339->0.203  drift 0.187

  --- nplm-sup-ft: pre probe=0.8494 eucl=0.8603 mahaT=0.8810 perevt=0.326   [archived unfrozen post probe 0.8248]
  [sigreg+proto] epoch 1/5  sigreg=0.5738  proto=1.9278  min_dist=0.61  mean_dist=7.12
  [sigreg+proto] epoch 2/5  sigreg=0.5705  proto=1.9145  min_dist=0.71  mean_dist=7.14
  [sigreg+proto] epoch 3/5  sigreg=0.5663  proto=2.1023  min_dist=0.80  mean_dist=7.17
  [sigreg+proto] epoch 4/5  sigreg=0.5732  proto=2.0292  min_dist=0.88  mean_dist=7.20
  [sigreg+proto] epoch 5/5  sigreg=0.5692  proto=2.0294  min_dist=0.95  mean_dist=7.23
  round 1: pool=99 purity=0.121 k-hat=2 anchors=2  margin=0.8801  mean-anchor=0.5396  4=0.540
    merged 5 -> 4 anchors
  [sigreg+proto] epoch 1/5  sigreg=0.5696  proto=1.7163  min_dist=1.04  mean_dist=7.40
  [sigreg+proto] epoch 2/5  sigreg=0.5641  proto=1.8120  min_dist=1.13  mean_dist=7.42
  [sigreg+proto] epoch 3/5  sigreg=0.5700  proto=1.6965  min_dist=1.22  mean_dist=7.44
  [sigreg+proto] epoch 4/5  sigreg=0.5669  proto=1.8173  min_dist=1.30  mean_dist=7.46
  [sigreg+proto] epoch 5/5  sigreg=0.5714  proto=1.6568  min_dist=1.37  mean_dist=7.48
  round 2: pool=102 purity=0.147 k-hat=3 anchors=4  margin=0.8554  mean-anchor=0.4489  4=0.449
    [dist frozen     ] purity r1=0.121 r2=0.147  probe 0.849->0.849  eucl 0.860->0.860  perevt 0.326->0.326  drift 0.000
  [sigreg+proto] epoch 1/5  sigreg=0.5948  proto=2.1493  min_dist=0.61  mean_dist=7.12
  [sigreg+proto] epoch 2/5  sigreg=0.5910  proto=2.1198  min_dist=0.71  mean_dist=7.14
  [sigreg+proto] epoch 3/5  sigreg=0.5899  proto=2.2701  min_dist=0.80  mean_dist=7.17
  [sigreg+proto] epoch 4/5  sigreg=0.5940  proto=2.1990  min_dist=0.88  mean_dist=7.20
  [sigreg+proto] epoch 5/5  sigreg=0.5918  proto=2.2575  min_dist=0.95  mean_dist=7.23
  round 1: pool=99 purity=0.121 k-hat=2 anchors=2  margin=0.8544  mean-anchor=0.6220  4=0.622
    merged 4 -> 2 anchors
  [sigreg+proto] epoch 1/5  sigreg=0.5924  proto=2.1409  min_dist=1.08  mean_dist=7.29
  [sigreg+proto] epoch 2/5  sigreg=0.5933  proto=2.1332  min_dist=1.20  mean_dist=7.33
  [sigreg+proto] epoch 3/5  sigreg=0.5940  proto=1.9490  min_dist=1.31  mean_dist=7.36
  [sigreg+proto] epoch 4/5  sigreg=0.5932  proto=2.1457  min_dist=1.41  mean_dist=7.40
  [sigreg+proto] epoch 5/5  sigreg=0.5976  proto=2.1652  min_dist=1.50  mean_dist=7.44
  round 2: pool=97 purity=0.103 k-hat=2 anchors=2  margin=0.8290  mean-anchor=0.5580  4=0.558
    [dist corpus-norm] purity r1=0.121 r2=0.103  probe 0.849->0.863  eucl 0.860->0.856  perevt 0.326->0.312  drift 0.131
  [sigreg+proto] epoch 1/5  sigreg=0.5964  proto=1.6708  min_dist=0.61  mean_dist=7.12
  [sigreg+proto] epoch 2/5  sigreg=0.6036  proto=1.6647  min_dist=0.71  mean_dist=7.15
  [sigreg+proto] epoch 3/5  sigreg=0.6049  proto=1.6801  min_dist=0.80  mean_dist=7.18
  [sigreg+proto] epoch 4/5  sigreg=0.6056  proto=1.6083  min_dist=0.88  mean_dist=7.20
  [sigreg+proto] epoch 5/5  sigreg=0.6019  proto=1.6457  min_dist=0.95  mean_dist=7.23
  round 1: pool=106 purity=0.179 k-hat=2 anchors=2  margin=0.8346  mean-anchor=0.8636  4=0.864
    merged 4 -> 2 anchors
  [sigreg+proto] epoch 1/5  sigreg=0.6101  proto=1.5106  min_dist=1.08  mean_dist=7.23
  [sigreg+proto] epoch 2/5  sigreg=0.6016  proto=1.5771  min_dist=1.20  mean_dist=7.27
  [sigreg+proto] epoch 3/5  sigreg=0.6024  proto=1.7351  min_dist=1.31  mean_dist=7.31
  [sigreg+proto] epoch 4/5  sigreg=0.6028  proto=1.7196  min_dist=1.41  mean_dist=7.35
  [sigreg+proto] epoch 5/5  sigreg=0.6028  proto=1.6387  min_dist=1.50  mean_dist=7.38
  round 2: pool=107 purity=0.187 k-hat=2 anchors=2  margin=0.8308  mean-anchor=0.8445  4=0.845
    [np   frozen     ] purity r1=0.179 r2=0.187  probe 0.849->0.849  eucl 0.860->0.860  perevt 0.326->0.326  drift 0.000
  [sigreg+proto] epoch 1/5  sigreg=0.6060  proto=1.6663  min_dist=0.61  mean_dist=7.12
  [sigreg+proto] epoch 2/5  sigreg=0.6103  proto=1.6925  min_dist=0.71  mean_dist=7.15
  [sigreg+proto] epoch 3/5  sigreg=0.6138  proto=1.6827  min_dist=0.80  mean_dist=7.18
  [sigreg+proto] epoch 4/5  sigreg=0.6139  proto=1.6183  min_dist=0.88  mean_dist=7.20
  [sigreg+proto] epoch 5/5  sigreg=0.6093  proto=1.6380  min_dist=0.95  mean_dist=7.23
  round 1: pool=106 purity=0.179 k-hat=2 anchors=2  margin=0.8340  mean-anchor=0.8808  4=0.881
    merged 4 -> 3 anchors
  [sigreg+proto] epoch 1/5  sigreg=0.6137  proto=1.5812  min_dist=1.06  mean_dist=6.94
  [sigreg+proto] epoch 2/5  sigreg=0.6115  proto=1.6926  min_dist=1.17  mean_dist=6.98
  [sigreg+proto] epoch 3/5  sigreg=0.6078  proto=1.8284  min_dist=1.27  mean_dist=7.01
  [sigreg+proto] epoch 4/5  sigreg=0.6085  proto=1.8014  min_dist=1.36  mean_dist=7.05
  [sigreg+proto] epoch 5/5  sigreg=0.6062  proto=1.7522  min_dist=1.44  mean_dist=7.08
  round 2: pool=109 purity=0.202 k-hat=2 anchors=3  margin=0.8347  mean-anchor=0.8871  4=0.887
    [np   corpus-norm] purity r1=0.179 r2=0.202  probe 0.849->0.892  eucl 0.860->0.852  perevt 0.326->0.319  drift 0.124

===== EXP135 SUMMARY_h1_d7 (paired frozen vs corpus-norm; gate 0.15) =====
  cell|arm|scorer                              r1  r2 frz   r2 cn    d r2    probe frz/cn  drift
  galaxy10:visreg|supcon-ft|dist            0.194   0.112   0.103  -0.009   0.920/0.922    0.067
  galaxy10:visreg|supcon-ft|np              0.250   0.216   0.223  +0.007   0.920/0.922    0.171
  galaxy10:visreg|ss-ft|dist                0.187   0.074   0.074  +0.000   0.831/0.840    0.109
  galaxy10:visreg|ss-ft|np                  0.263   0.202   0.202  +0.000   0.831/0.875    0.187
  galaxy10:visreg|nplm-sup-ft|dist          0.121   0.147   0.103  -0.044   0.849/0.863    0.131
  galaxy10:visreg|nplm-sup-ft|np            0.179   0.187   0.202  +0.015   0.849/0.892    0.124

wrote logs/exp135/corpus_norm_galaxy10-visreg_h1_d7.json
EXP135 DONE.
