/home/pharris/venv/lib64/python3.9/site-packages/networkx/utils/backends.py:135: RuntimeWarning: networkx backend defined more than once: nx-loopback
  backends.update(_get_backends("networkx.backends"))
exp134c [galaxy10_lejepa_ft134c] residual AFTER discovery; parent=supcon-ft objs=res,res-nplm holdouts=[9]
Fetching 37 files:   0%|          | 0/37 [00:00<?, ?it/s]Fetching 37 files: 100%|██████████| 37/37 [00:00<00:00, 275158.24it/s]
  [parent (pre)                      ] probe=0.9185+-0.0009 acc=0.7502 eucl=0.6465 mahaT=0.7218 lid=0.3662 perevt=0.007

----- discovery on the parent head -----
  [sigreg+proto] epoch 1/5  sigreg=0.7382  proto=0.6874  min_dist=0.97  mean_dist=3.49
  [sigreg+proto] epoch 2/5  sigreg=0.7138  proto=0.5667  min_dist=1.07  mean_dist=3.54
  [sigreg+proto] epoch 3/5  sigreg=0.6717  proto=0.5200  min_dist=1.17  mean_dist=3.59
  [sigreg+proto] epoch 4/5  sigreg=0.6506  proto=0.4778  min_dist=1.26  mean_dist=3.64
  [sigreg+proto] epoch 5/5  sigreg=0.6253  proto=0.5200  min_dist=1.34  mean_dist=3.69
  round 1: pool=85 purity=0.059 k-hat=1 anchors=1  margin=0.6197  mean-anchor=0.6787  9=0.679
  [sigreg+proto] epoch 1/5  sigreg=0.6465  proto=0.8401  min_dist=1.43  mean_dist=5.40
  [sigreg+proto] epoch 2/5  sigreg=0.6480  proto=0.5902  min_dist=1.53  mean_dist=5.44
  [sigreg+proto] epoch 3/5  sigreg=0.6453  proto=0.5705  min_dist=1.62  mean_dist=5.49
  [sigreg+proto] epoch 4/5  sigreg=0.6362  proto=0.4909  min_dist=1.70  mean_dist=5.54
  [sigreg+proto] epoch 5/5  sigreg=0.6182  proto=0.4489  min_dist=1.77  mean_dist=5.59
  round 2: pool=80 purity=0.000 k-hat=4 anchors=5  margin=0.4764  mean-anchor=0.6006  9=0.601
  round 1: pool=85 purity=0.059 anchors=1 margin=0.6197
  round 2: pool=80 purity=0.000 anchors=5 margin=0.4764
  [parent (post-discovery)           ] probe=0.9326+-0.0029 acc=0.7657 eucl=0.7348 mahaT=0.8045 lid=0.5424 perevt=0.196
  child corpus: 1585 seen + 9 pseudo-labelled under 5 discovered anchors (pseudo-label purity 1.000; diagnostic only)

===== [galaxy10_lejepa_ft134c] supcon-ft->res (post-discovery) =====
  [supcon-ft-res-postdisc] epoch 1/20  main=2.8178  aux=1.0502
  [supcon-ft-res-postdisc] epoch 5/20  main=2.6242  aux=0.7189
  [supcon-ft-res-postdisc] epoch 10/20  main=2.5505  aux=0.6043
  [supcon-ft-res-postdisc] epoch 15/20  main=2.5117  aux=0.5600
  [supcon-ft-res-postdisc] epoch 20/20  main=2.4962  aux=0.5271
  extracted ft70_supcon-ft_res_postdisc train: (1772, 768)
  extracted ft70_supcon-ft_res_postdisc test: (15964, 768)
  [supcon-ft->res (post-discovery) residual] probe=0.9688+-0.0042 acc=0.6325 eucl=0.3731 mahaT=0.5839 lid=0.5301 perevt=0.002
  [supcon-ft->res (post-discovery) concat] probe=0.9715+-0.0005 acc=0.6955 eucl=0.4315 mahaT=0.7397 lid=0.5530 perevt=0.012

===== [galaxy10_lejepa_ft134c] supcon-ft->res-nplm (post-discovery) =====
  [supcon-ft-res-nplm-postdisc] epoch 1/20  main=177031605.8092  aux=0.5779
  [supcon-ft-res-nplm-postdisc] epoch 5/20  main=54.5454  aux=0.6361
  [supcon-ft-res-nplm-postdisc] epoch 10/20  main=29.2861  aux=0.6388
  [supcon-ft-res-nplm-postdisc] epoch 15/20  main=24.4652  aux=0.6452
  [supcon-ft-res-nplm-postdisc] epoch 20/20  main=24.2072  aux=0.6453
  extracted ft70_supcon-ft_resnplm_postdisc train: (1772, 768)
  extracted ft70_supcon-ft_resnplm_postdisc test: (15964, 768)
  [supcon-ft->res-nplm (post-discovery) residual] probe=0.9165+-0.0035 acc=0.6243 eucl=0.5804 mahaT=0.7258 lid=0.4075 perevt=0.021
  [supcon-ft->res-nplm (post-discovery) concat] probe=0.9435+-0.0003 acc=0.7666 eucl=0.7390 mahaT=0.7968 lid=0.4900 perevt=0.206

===== EXP134c SUMMARY [galaxy10_lejepa_ft134c]  (discovery r1 purity 0.059, gate 0.15) =====
  space                                          probe    eucl   mahaT  perevt
  parent (pre)                                  0.9185  0.6465  0.7218   0.007
  parent (post-discovery)                       0.9326  0.7348  0.8045   0.196
  supcon-ft->res (post-discovery) residual      0.9688  0.3731  0.5839   0.002
  supcon-ft->res (post-discovery) concat        0.9715  0.4315  0.7397   0.012
  supcon-ft->res-nplm (post-discovery) residual  0.9165  0.5804  0.7258   0.021
  supcon-ft->res-nplm (post-discovery) concat   0.9435  0.7390  0.7968   0.206
  [archived exp71] supcon-ft (parent)           0.9185  0.6465  0.7218   0.007
  [archived exp71] supcon-ft->res (residual)       nan     nan     nan     nan
  [archived exp71] supcon-ft->res (concat)         nan     nan     nan     nan
  [archived exp71] supcon-ft->res-nplm (residual)     nan     nan     nan     nan
  [archived exp71] supcon-ft->res-nplm (concat)     nan     nan     nan     nan
EXP134c DONE.
