/home/pharris/venv/lib64/python3.9/site-packages/networkx/utils/backends.py:135: RuntimeWarning: networkx backend defined more than once: nx-loopback
  backends.update(_get_backends("networkx.backends"))
  galaxy10:visreg: 3 trained pairs (tag '_h1_d3')

=== galaxy10:visreg|supcon-ft->res  holdouts=[6]
child/parent RMS-norm ratio: 1.0204
         mode    probe     eucl   dim
          raw   0.9414   0.6698   200
  standardize   0.9287   0.6835   200
     unitnorm   0.8985   0.6702   200
       whiten   0.9341   0.5287   200
  parent-only   0.8937   0.6463   100
   child-only   0.9221   0.6415   100

=== galaxy10:visreg|ss-ft->res  holdouts=[6]
child/parent RMS-norm ratio: 1.0825
         mode    probe     eucl   dim
          raw   0.8897   0.6060   200
  standardize   0.9181   0.5955   200
     unitnorm   0.8668   0.6061   200
       whiten   0.9061   0.4272   200
  parent-only   0.8217   0.5826   100
   child-only   0.8872   0.5965   100

=== galaxy10:visreg|supcon-ft->resnplm  holdouts=[6]
child/parent RMS-norm ratio: 0.9480
         mode    probe     eucl   dim
          raw   0.9128   0.6357   200
  standardize   0.8995   0.6355   200
     unitnorm   0.8534   0.6348   200
       whiten   0.9314   0.5972   200
  parent-only   0.8937   0.6463   100
   child-only   0.8707   0.6003   100

wrote logs/exp134/combine_galaxy10-visreg_h1_d3.json
