/home/pharris/venv/lib64/python3.9/site-packages/networkx/utils/backends.py:135: RuntimeWarning: networkx backend defined more than once: nx-loopback
  backends.update(_get_backends("networkx.backends"))

######## galaxy10:dino_h1_d3: holdouts=[6] ########
Using cache found in /home/pharris/.cache/torch/hub/facebookresearch_dino_main

  --- supcon-ft: pre probe=0.8706 eucl=0.6333 mahaT=0.5839 perevt=0.083   [archived unfrozen post probe 0.8361]
  [sigreg+proto] epoch 1/5  sigreg=0.2835  proto=8.3715  min_dist=3.49  mean_dist=12.76
  [sigreg+proto] epoch 2/5  sigreg=0.2786  proto=7.9264  min_dist=3.57  mean_dist=12.79
  [sigreg+proto] epoch 3/5  sigreg=0.2808  proto=8.0017  min_dist=3.64  mean_dist=12.82
  [sigreg+proto] epoch 4/5  sigreg=0.2933  proto=8.2430  min_dist=3.72  mean_dist=12.86
  [sigreg+proto] epoch 5/5  sigreg=0.2856  proto=7.7497  min_dist=3.79  mean_dist=12.89
  round 1: pool=133 purity=0.398 k-hat=3 anchors=3  margin=0.7822  mean-anchor=0.7354  6=0.735
    merged 6 -> 4 anchors
  [sigreg+proto] epoch 1/5  sigreg=0.3481  proto=8.6154  min_dist=3.37  mean_dist=13.98
  [sigreg+proto] epoch 2/5  sigreg=0.3523  proto=7.6280  min_dist=3.38  mean_dist=14.00
  [sigreg+proto] epoch 3/5  sigreg=0.3408  proto=7.1358  min_dist=3.39  mean_dist=14.03
  [sigreg+proto] epoch 4/5  sigreg=0.3369  proto=7.4701  min_dist=3.40  mean_dist=14.06
  [sigreg+proto] epoch 5/5  sigreg=0.3463  proto=7.7010  min_dist=3.41  mean_dist=14.09
  round 2: pool=131 purity=0.389 k-hat=3 anchors=4  margin=0.7855  mean-anchor=0.6835  6=0.684
    [np   frozen     ] purity r1=0.398 r2=0.389  probe 0.871->0.871  eucl 0.633->0.633  perevt 0.083->0.083  drift 0.000
  [sigreg+proto] epoch 1/5  sigreg=0.3313  proto=9.5326  min_dist=3.49  mean_dist=12.76
  [sigreg+proto] epoch 2/5  sigreg=0.3229  proto=9.0339  min_dist=3.57  mean_dist=12.79
  [sigreg+proto] epoch 3/5  sigreg=0.3321  proto=9.0302  min_dist=3.64  mean_dist=12.81
  [sigreg+proto] epoch 4/5  sigreg=0.3370  proto=9.5190  min_dist=3.72  mean_dist=12.84
  [sigreg+proto] epoch 5/5  sigreg=0.3288  proto=8.7937  min_dist=3.79  mean_dist=12.87
  round 1: pool=133 purity=0.398 k-hat=3 anchors=3  margin=0.7656  mean-anchor=0.7566  6=0.757
    merged 6 -> 4 anchors
  [sigreg+proto] epoch 1/5  sigreg=0.5200  proto=10.6379  min_dist=3.41  mean_dist=12.92
  [sigreg+proto] epoch 2/5  sigreg=0.5295  proto=10.2048  min_dist=3.49  mean_dist=12.95
  [sigreg+proto] epoch 3/5  sigreg=0.5313  proto=9.6760  min_dist=3.58  mean_dist=12.98
  [sigreg+proto] epoch 4/5  sigreg=0.5175  proto=10.3091  min_dist=3.66  mean_dist=13.01
  [sigreg+proto] epoch 5/5  sigreg=0.5271  proto=10.3511  min_dist=3.71  mean_dist=13.04
  round 2: pool=135 purity=0.407 k-hat=3 anchors=4  margin=0.7570  mean-anchor=0.6915  6=0.692
    [np   corpus-norm] purity r1=0.398 r2=0.407  probe 0.871->0.867  eucl 0.633->0.624  perevt 0.083->0.072  drift 0.216
Using cache found in /home/pharris/.cache/torch/hub/facebookresearch_dino_main

  --- ss-ft: pre probe=0.8030 eucl=0.5901 mahaT=0.5479 perevt=0.092   [archived unfrozen post probe 0.8665]
  [sigreg+proto] epoch 1/5  sigreg=0.2255  proto=6.7839  min_dist=3.26  mean_dist=11.89
  [sigreg+proto] epoch 2/5  sigreg=0.2182  proto=6.1538  min_dist=3.33  mean_dist=11.93
  [sigreg+proto] epoch 3/5  sigreg=0.2299  proto=6.5296  min_dist=3.39  mean_dist=11.96
  [sigreg+proto] epoch 4/5  sigreg=0.2211  proto=6.1694  min_dist=3.45  mean_dist=11.99
  [sigreg+proto] epoch 5/5  sigreg=0.2289  proto=6.2584  min_dist=3.52  mean_dist=12.03
  round 1: pool=163 purity=0.509 k-hat=4 anchors=4  margin=0.8275  mean-anchor=0.7040  6=0.704
    merged 7 -> 5 anchors
  [sigreg+proto] epoch 1/5  sigreg=0.2621  proto=6.0399  min_dist=3.58  mean_dist=12.68
  [sigreg+proto] epoch 2/5  sigreg=0.2648  proto=6.9285  min_dist=3.65  mean_dist=12.72
  [sigreg+proto] epoch 3/5  sigreg=0.2655  proto=6.4386  min_dist=3.72  mean_dist=12.76
  [sigreg+proto] epoch 4/5  sigreg=0.2597  proto=6.2033  min_dist=3.78  mean_dist=12.80
  [sigreg+proto] epoch 5/5  sigreg=0.2750  proto=6.5300  min_dist=3.85  mean_dist=12.84
  round 2: pool=163 purity=0.509 k-hat=3 anchors=5  margin=0.8269  mean-anchor=0.7101  6=0.710
    [np   frozen     ] purity r1=0.509 r2=0.509  probe 0.803->0.803  eucl 0.590->0.590  perevt 0.092->0.092  drift 0.000
  [sigreg+proto] epoch 1/5  sigreg=0.2573  proto=7.4748  min_dist=3.26  mean_dist=11.89
  [sigreg+proto] epoch 2/5  sigreg=0.2431  proto=6.8384  min_dist=3.33  mean_dist=11.92
  [sigreg+proto] epoch 3/5  sigreg=0.2612  proto=7.0061  min_dist=3.39  mean_dist=11.96
  [sigreg+proto] epoch 4/5  sigreg=0.2513  proto=6.6486  min_dist=3.45  mean_dist=11.99
  [sigreg+proto] epoch 5/5  sigreg=0.2581  proto=6.6827  min_dist=3.52  mean_dist=12.02
  round 1: pool=163 purity=0.509 k-hat=4 anchors=4  margin=0.8062  mean-anchor=0.7431  6=0.743
    merged 8 -> 5 anchors
  [sigreg+proto] epoch 1/5  sigreg=0.3199  proto=9.7142  min_dist=3.58  mean_dist=12.28
  [sigreg+proto] epoch 2/5  sigreg=0.3277  proto=10.3742  min_dist=3.65  mean_dist=12.31
  [sigreg+proto] epoch 3/5  sigreg=0.3289  proto=9.7152  min_dist=3.72  mean_dist=12.33
  [sigreg+proto] epoch 4/5  sigreg=0.3320  proto=9.3679  min_dist=3.78  mean_dist=12.36
  [sigreg+proto] epoch 5/5  sigreg=0.3331  proto=9.8294  min_dist=3.85  mean_dist=12.39
  round 2: pool=158 purity=0.494 k-hat=4 anchors=5  margin=0.8153  mean-anchor=0.7122  6=0.712
    [np   corpus-norm] purity r1=0.509 r2=0.494  probe 0.803->0.812  eucl 0.590->0.580  perevt 0.092->0.072  drift 0.160
Using cache found in /home/pharris/.cache/torch/hub/facebookresearch_dino_main

  --- nplm-sup-ft: pre probe=0.7801 eucl=0.5119 mahaT=0.4983 perevt=0.094   [archived unfrozen post probe 0.7780]
  [sigreg+proto] epoch 1/5  sigreg=0.6063  proto=1.4804  min_dist=0.72  mean_dist=2.55
  [sigreg+proto] epoch 2/5  sigreg=0.6079  proto=1.4287  min_dist=0.81  mean_dist=2.62
  [sigreg+proto] epoch 3/5  sigreg=0.5998  proto=1.4803  min_dist=0.89  mean_dist=2.68
  [sigreg+proto] epoch 4/5  sigreg=0.6055  proto=1.4293  min_dist=0.96  mean_dist=2.75
  [sigreg+proto] epoch 5/5  sigreg=0.6071  proto=1.4584  min_dist=1.03  mean_dist=2.81
  round 1: pool=120 purity=0.333 k-hat=1 anchors=1  margin=0.7380  mean-anchor=0.6206  6=0.621
    merged 2 -> 1 anchors
  [sigreg+proto] epoch 1/5  sigreg=0.6040  proto=1.4769  min_dist=1.04  mean_dist=2.87
  [sigreg+proto] epoch 2/5  sigreg=0.6061  proto=1.4854  min_dist=1.13  mean_dist=2.94
  [sigreg+proto] epoch 3/5  sigreg=0.6049  proto=1.4560  min_dist=1.22  mean_dist=3.01
  [sigreg+proto] epoch 4/5  sigreg=0.6085  proto=1.4728  min_dist=1.30  mean_dist=3.09
  [sigreg+proto] epoch 5/5  sigreg=0.6081  proto=1.4632  min_dist=1.38  mean_dist=3.16
  round 2: pool=127 purity=0.370 k-hat=1 anchors=1  margin=0.7330  mean-anchor=0.6261  6=0.626
    [np   frozen     ] purity r1=0.333 r2=0.370  probe 0.780->0.780  eucl 0.512->0.512  perevt 0.094->0.094  drift 0.000
  [sigreg+proto] epoch 1/5  sigreg=0.5885  proto=1.4750  min_dist=0.72  mean_dist=2.55
  [sigreg+proto] epoch 2/5  sigreg=0.5922  proto=1.4218  min_dist=0.81  mean_dist=2.62
  [sigreg+proto] epoch 3/5  sigreg=0.5859  proto=1.4812  min_dist=0.89  mean_dist=2.68
  [sigreg+proto] epoch 4/5  sigreg=0.5926  proto=1.4272  min_dist=0.96  mean_dist=2.75
  [sigreg+proto] epoch 5/5  sigreg=0.5922  proto=1.4548  min_dist=1.03  mean_dist=2.81
  round 1: pool=120 purity=0.333 k-hat=1 anchors=1  margin=0.7377  mean-anchor=0.6151  6=0.615
    merged 2 -> 1 anchors
  [sigreg+proto] epoch 1/5  sigreg=0.5913  proto=1.4941  min_dist=1.01  mean_dist=2.86
  [sigreg+proto] epoch 2/5  sigreg=0.5919  proto=1.4801  min_dist=1.10  mean_dist=2.93
  [sigreg+proto] epoch 3/5  sigreg=0.5915  proto=1.4594  min_dist=1.19  mean_dist=3.00
  [sigreg+proto] epoch 4/5  sigreg=0.5932  proto=1.4626  min_dist=1.28  mean_dist=3.08
  [sigreg+proto] epoch 5/5  sigreg=0.5949  proto=1.4597  min_dist=1.36  mean_dist=3.15
  round 2: pool=122 purity=0.344 k-hat=1 anchors=1  margin=0.7265  mean-anchor=0.6153  6=0.615
    [np   corpus-norm] purity r1=0.333 r2=0.344  probe 0.780->0.783  eucl 0.512->0.515  perevt 0.094->0.094  drift 0.079

===== EXP135 SUMMARY_h1_d3 (paired frozen vs corpus-norm; gate 0.15) =====
  cell|arm|scorer                              r1  r2 frz   r2 cn    d r2    probe frz/cn  drift
  galaxy10:dino|supcon-ft|np                0.398   0.389   0.407  +0.018   0.871/0.867    0.216
  galaxy10:dino|ss-ft|np                    0.509   0.509   0.494  -0.016   0.803/0.812    0.160
  galaxy10:dino|nplm-sup-ft|np              0.333   0.370   0.344  -0.026   0.780/0.783    0.079

wrote logs/exp135/corpus_norm_galaxy10-dino_h1_d3_s2.json
EXP135 DONE.
