/home/pharris/venv/lib64/python3.9/site-packages/networkx/utils/backends.py:135: RuntimeWarning: networkx backend defined more than once: nx-loopback
  backends.update(_get_backends("networkx.backends"))

######## dtd:dino_h1_d1: holdouts=[46] ########

  --- frozen: pre probe=0.9866 eucl=0.8199 mahaT=0.5319 perevt=0.325
  [sigreg+proto] epoch 1/5  sigreg=0.1361  proto=7.8862  min_dist=6.19  mean_dist=17.10
  [sigreg+proto] epoch 2/5  sigreg=0.1362  proto=7.8261  min_dist=6.19  mean_dist=17.09
  [sigreg+proto] epoch 3/5  sigreg=0.1347  proto=8.7394  min_dist=6.19  mean_dist=17.09
  [sigreg+proto] epoch 4/5  sigreg=0.1360  proto=7.1724  min_dist=6.20  mean_dist=17.08
  [sigreg+proto] epoch 5/5  sigreg=0.1362  proto=7.0800  min_dist=6.20  mean_dist=17.07
  round 1: pool=100 purity=0.080 k-hat=1 anchors=1  margin=0.8600  mean-anchor=0.6116  46=0.612
    merged 2 -> 1 anchors
  [sigreg+proto] epoch 1/5  sigreg=0.1365  proto=8.2696  min_dist=6.08  mean_dist=17.06
  [sigreg+proto] epoch 2/5  sigreg=0.1316  proto=7.3909  min_dist=6.08  mean_dist=17.05
  [sigreg+proto] epoch 3/5  sigreg=0.1317  proto=6.9255  min_dist=6.09  mean_dist=17.04
  [sigreg+proto] epoch 4/5  sigreg=0.1373  proto=7.3934  min_dist=6.10  mean_dist=17.03
  [sigreg+proto] epoch 5/5  sigreg=0.1358  proto=6.2696  min_dist=6.11  mean_dist=17.03
  round 2: pool=100 purity=0.080 k-hat=1 anchors=1  margin=0.8625  mean-anchor=0.6252  46=0.625
    [dist frozen     ] purity r1=0.080 r2=0.080  probe 0.987->0.987  eucl 0.820->0.820  perevt 0.325->0.325  drift 0.000
  [sigreg+proto] epoch 1/5  sigreg=0.1381  proto=8.4874  min_dist=6.18  mean_dist=17.10
  [sigreg+proto] epoch 2/5  sigreg=0.1382  proto=8.5361  min_dist=6.19  mean_dist=17.09
  [sigreg+proto] epoch 3/5  sigreg=0.1369  proto=9.3307  min_dist=6.19  mean_dist=17.08
  [sigreg+proto] epoch 4/5  sigreg=0.1382  proto=7.8371  min_dist=6.19  mean_dist=17.07
  [sigreg+proto] epoch 5/5  sigreg=0.1385  proto=7.7711  min_dist=6.20  mean_dist=17.06
  round 1: pool=100 purity=0.080 k-hat=1 anchors=1  margin=0.8607  mean-anchor=0.6334  46=0.633
    merged 2 -> 1 anchors
  [sigreg+proto] epoch 1/5  sigreg=0.1390  proto=8.9450  min_dist=6.01  mean_dist=17.05
  [sigreg+proto] epoch 2/5  sigreg=0.1336  proto=7.9441  min_dist=6.01  mean_dist=17.05
  [sigreg+proto] epoch 3/5  sigreg=0.1333  proto=7.4032  min_dist=6.02  mean_dist=17.04
  [sigreg+proto] epoch 4/5  sigreg=0.1394  proto=7.9407  min_dist=6.03  mean_dist=17.03
  [sigreg+proto] epoch 5/5  sigreg=0.1370  proto=6.8143  min_dist=6.04  mean_dist=17.02
  round 2: pool=100 purity=0.080 k-hat=1 anchors=1  margin=0.8580  mean-anchor=0.6094  46=0.609
    [dist corpus-norm] purity r1=0.080 r2=0.080  probe 0.987->0.986  eucl 0.820->0.819  perevt 0.325->0.325  drift 0.015
  [sigreg+proto] epoch 1/5  sigreg=0.1367  proto=9.2844  min_dist=7.58  mean_dist=17.27
  [sigreg+proto] epoch 2/5  sigreg=0.1331  proto=11.8258  min_dist=7.59  mean_dist=17.26
  [sigreg+proto] epoch 3/5  sigreg=0.1361  proto=9.0504  min_dist=7.60  mean_dist=17.26
  [sigreg+proto] epoch 4/5  sigreg=0.1352  proto=9.5661  min_dist=7.61  mean_dist=17.25
  [sigreg+proto] epoch 5/5  sigreg=0.1391  proto=10.8417  min_dist=7.62  mean_dist=17.24
  round 1: pool=123 purity=0.252 k-hat=2 anchors=2  margin=0.9850  mean-anchor=0.9748  46=0.975
    merged 6 -> 5 anchors
  [sigreg+proto] epoch 1/5  sigreg=0.1410  proto=10.6952  min_dist=4.28  mean_dist=17.50
  [sigreg+proto] epoch 2/5  sigreg=0.1493  proto=12.8499  min_dist=4.29  mean_dist=17.49
  [sigreg+proto] epoch 3/5  sigreg=0.1469  proto=12.4448  min_dist=4.30  mean_dist=17.49
  [sigreg+proto] epoch 4/5  sigreg=0.1413  proto=10.2326  min_dist=4.31  mean_dist=17.48
  [sigreg+proto] epoch 5/5  sigreg=0.1449  proto=10.5417  min_dist=4.33  mean_dist=17.48
  round 2: pool=123 purity=0.252 k-hat=4 anchors=5  margin=0.9781  mean-anchor=0.9751  46=0.975
    [np   frozen     ] purity r1=0.252 r2=0.252  probe 0.987->0.987  eucl 0.820->0.820  perevt 0.325->0.325  drift 0.000
  [sigreg+proto] epoch 1/5  sigreg=0.1398  proto=9.9106  min_dist=7.58  mean_dist=17.27
  [sigreg+proto] epoch 2/5  sigreg=0.1373  proto=12.4074  min_dist=7.59  mean_dist=17.26
  [sigreg+proto] epoch 3/5  sigreg=0.1392  proto=9.6545  min_dist=7.59  mean_dist=17.25
  [sigreg+proto] epoch 4/5  sigreg=0.1363  proto=10.0480  min_dist=7.60  mean_dist=17.24
  [sigreg+proto] epoch 5/5  sigreg=0.1420  proto=11.3601  min_dist=7.61  mean_dist=17.24
  round 1: pool=123 purity=0.252 k-hat=2 anchors=2  margin=0.9828  mean-anchor=0.9753  46=0.975
    merged 4 -> 2 anchors
  [sigreg+proto] epoch 1/5  sigreg=0.1400  proto=9.6905  min_dist=7.58  mean_dist=17.24
  [sigreg+proto] epoch 2/5  sigreg=0.1415  proto=10.9324  min_dist=7.60  mean_dist=17.24
  [sigreg+proto] epoch 3/5  sigreg=0.1345  proto=10.7076  min_dist=7.60  mean_dist=17.23
  [sigreg+proto] epoch 4/5  sigreg=0.1402  proto=6.9565  min_dist=7.61  mean_dist=17.22
  [sigreg+proto] epoch 5/5  sigreg=0.1372  proto=11.8783  min_dist=7.63  mean_dist=17.21
  round 2: pool=123 purity=0.252 k-hat=2 anchors=2  margin=0.9809  mean-anchor=0.9754  46=0.975
    [np   corpus-norm] purity r1=0.252 r2=0.252  probe 0.987->0.987  eucl 0.820->0.813  perevt 0.325->0.300  drift 0.022

===== EXP135 SUMMARY_h1_d1 (paired frozen vs corpus-norm; gate 0.15) =====
  cell|arm|scorer                              r1  r2 frz   r2 cn    d r2    probe frz/cn  drift
  dtd:dino|frozen|dist                    0.080   0.080   0.080  +0.000   0.987/0.986    0.015
  dtd:dino|frozen|np                      0.252   0.252   0.252  +0.000   0.987/0.987    0.022

wrote logs/exp135/corpus_norm_dtd-dino_frozen_h1_d1.json
EXP135 DONE.
