/home/pharris/venv/lib64/python3.9/site-packages/networkx/utils/backends.py:135: RuntimeWarning: networkx backend defined more than once: nx-loopback
  backends.update(_get_backends("networkx.backends"))
exp137 [cifar10_h8] scratch residuals; parents=['supcon', 'ssig', 'nplmsd'] objs=['res', 'res-nplm'] epochs=20 holdout=8
Using cache found in /home/pharris/.cache/torch/hub/chenyaofo_pytorch-cifar-models_master
  [supcon (parent)             ] probe=0.9464+-0.0005 top1=0.8910 acc=0.7152 eucl=0.5275 mahaT=0.4921 lid=0.6279 perevt=0.000

===== [cifar10_h8] supcon->res =====
  CIFAR two-view embedding-train images (no {8}): 45000
  [supcon-res] epoch 1/20  loss=5.6519
  [supcon-res] epoch 5/20  loss=5.0433
  [supcon-res] epoch 10/20  loss=4.9858
  [supcon-res] epoch 15/20  loss=4.9272
  [supcon-res] epoch 20/20  loss=4.9253
  [supcon->res (residual)      ] probe=0.9249+-0.0028 top1=0.8689 acc=0.8507 eucl=0.7139 mahaT=0.6356 lid=0.5014 perevt=0.352
  [supcon->res (concat)        ] probe=0.9632+-0.0014 top1=0.8971 acc=0.7926 eucl=0.6416 mahaT=0.6225 lid=0.5444 perevt=0.010

===== [cifar10_h8] supcon->res-nplm =====
  CIFAR two-view embedding-train images (no {8}): 45000
  [supcon-res-nplm] epoch 1/20  loss=895254876089.7828
  [supcon-res-nplm] epoch 5/20  loss=304693987526.9485
  [supcon-res-nplm] epoch 10/20  loss=193785220488.0457
  [supcon-res-nplm] epoch 15/20  loss=134746282908.5257
  [supcon-res-nplm] epoch 20/20  loss=112271381111.9543
  [supcon->res-nplm (residual) ] probe=0.9510+-0.0021 top1=0.8845 acc=0.8720 eucl=0.6771 mahaT=0.7041 lid=0.4784 perevt=0.281
  [supcon->res-nplm (concat)   ] probe=0.9630+-0.0014 top1=0.8990 acc=0.8392 eucl=0.6221 mahaT=0.6308 lid=0.6151 perevt=0.029
Using cache found in /home/pharris/.cache/torch/hub/chenyaofo_pytorch-cifar-models_master
  [ssig (parent)               ] probe=0.9323+-0.0009 top1=0.8861 acc=0.8756 eucl=0.3632 mahaT=0.3980 lid=0.5098 perevt=0.005

===== [cifar10_h8] ssig->res =====
  CIFAR two-view embedding-train images (no {8}): 45000
  [ssig-res] epoch 1/20  loss=5.0774
  [ssig-res] epoch 5/20  loss=4.6703
  [ssig-res] epoch 10/20  loss=4.6236
  [ssig-res] epoch 15/20  loss=4.5962
  [ssig-res] epoch 20/20  loss=4.5855
  [ssig->res (residual)        ] probe=0.9271+-0.0002 top1=0.6623 acc=0.5868 eucl=0.3939 mahaT=0.4638 lid=0.5661 perevt=0.004
  [ssig->res (concat)          ] probe=0.9616+-0.0003 top1=0.8874 acc=0.8790 eucl=0.3565 mahaT=0.4073 lid=0.5038 perevt=0.003

===== [cifar10_h8] ssig->res-nplm =====
  CIFAR two-view embedding-train images (no {8}): 45000
  [ssig-res-nplm] epoch 1/20  loss=6695763669.5771
  [ssig-res-nplm] epoch 5/20  loss=5809970696.7771
  [ssig-res-nplm] epoch 10/20  loss=5978017672.7771
  [ssig-res-nplm] epoch 15/20  loss=5178917490.8343
  [ssig-res-nplm] epoch 20/20  loss=5311071515.0629
  [ssig->res-nplm (residual)   ] probe=0.9427+-0.0001 top1=0.8796 acc=0.8754 eucl=0.6868 mahaT=0.6710 lid=0.5654 perevt=0.210
  [ssig->res-nplm (concat)     ] probe=0.9545+-0.0012 top1=0.8937 acc=0.8897 eucl=0.4708 mahaT=0.5604 lid=0.4835 perevt=0.045
Using cache found in /home/pharris/.cache/torch/hub/chenyaofo_pytorch-cifar-models_master
  [nplmsd (parent)             ] probe=0.7073+-0.0030 top1=0.8270 acc=0.7906 eucl=0.6743 mahaT=0.6558 lid=0.5023 perevt=0.243

===== [cifar10_h8] nplmsd->res =====
  CIFAR two-view embedding-train images (no {8}): 45000
  [nplmsd-res] epoch 1/20  loss=6.6733
  [nplmsd-res] epoch 5/20  loss=5.3226
  [nplmsd-res] epoch 10/20  loss=5.0132
  [nplmsd-res] epoch 15/20  loss=4.8811
  [nplmsd-res] epoch 20/20  loss=4.8416
  [nplmsd->res (residual)      ] probe=0.8980+-0.0034 top1=0.6569 acc=0.5768 eucl=0.3315 mahaT=0.3539 lid=0.4941 perevt=0.010
  [nplmsd->res (concat)        ] probe=0.9069+-0.0023 top1=0.8367 acc=0.6347 eucl=0.3543 mahaT=0.4805 lid=0.5442 perevt=0.010

===== [cifar10_h8] nplmsd->res-nplm =====
  CIFAR two-view embedding-train images (no {8}): 45000
  [nplmsd-res-nplm] epoch 1/20  loss=68807308.5563
  [nplmsd-res-nplm] epoch 5/20  loss=474947.9943
  [nplmsd-res-nplm] epoch 10/20  loss=35103.3335
  [nplmsd-res-nplm] epoch 15/20  loss=10749.0968
  [nplmsd-res-nplm] epoch 20/20  loss=7368.3092
  [nplmsd->res-nplm (residual) ] probe=0.8836+-0.0017 top1=0.7771 acc=0.6993 eucl=0.5154 mahaT=0.5745 lid=0.5070 perevt=0.010
  [nplmsd->res-nplm (concat)   ] probe=0.8921+-0.0030 top1=0.8341 acc=0.7961 eucl=0.6172 mahaT=0.6448 lid=0.5719 perevt=0.138

===== EXP137 SUMMARY [cifar10_h8] (holdout 8) =====
  space                                    probe    top1     acc    eucl   mahaT     lid  perevt
  supcon (parent)                  0.9464+-0.0005  0.8910  0.7152  0.5275  0.4921  0.6279   0.000
  supcon->res (residual)           0.9249+-0.0028  0.8689  0.8507  0.7139  0.6356  0.5014   0.352
  supcon->res (concat)             0.9632+-0.0014  0.8971  0.7926  0.6416  0.6225  0.5444   0.010
  supcon->res-nplm (residual)      0.9510+-0.0021  0.8845  0.8720  0.6771  0.7041  0.4784   0.281
  supcon->res-nplm (concat)        0.9630+-0.0014  0.8990  0.8392  0.6221  0.6308  0.6151   0.029
  ssig (parent)                    0.9323+-0.0009  0.8861  0.8756  0.3632  0.3980  0.5098   0.005
  ssig->res (residual)             0.9271+-0.0002  0.6623  0.5868  0.3939  0.4638  0.5661   0.004
  ssig->res (concat)               0.9616+-0.0003  0.8874  0.8790  0.3565  0.4073  0.5038   0.003
  ssig->res-nplm (residual)        0.9427+-0.0001  0.8796  0.8754  0.6868  0.6710  0.5654   0.210
  ssig->res-nplm (concat)          0.9545+-0.0012  0.8937  0.8897  0.4708  0.5604  0.4835   0.045
  nplmsd (parent)                  0.7073+-0.0030  0.8270  0.7906  0.6743  0.6558  0.5023   0.243
  nplmsd->res (residual)           0.8980+-0.0034  0.6569  0.5768  0.3315  0.3539  0.4941   0.010
  nplmsd->res (concat)             0.9069+-0.0023  0.8367  0.6347  0.3543  0.4805  0.5442   0.010
  nplmsd->res-nplm (residual)      0.8836+-0.0017  0.7771  0.6993  0.5154  0.5745  0.5070   0.010
  nplmsd->res-nplm (concat)        0.8921+-0.0030  0.8341  0.7961  0.6172  0.6448  0.5719   0.138
  paired supcon->res (concat) - parent: probe +0.0169  top1 +0.0061  eucl +0.1141  mahaT +0.1305
  paired supcon->res-nplm (concat) - parent: probe +0.0167  top1 +0.0080  eucl +0.0947  mahaT +0.1388
  paired ssig->res (concat) - parent: probe +0.0293  top1 +0.0013  eucl -0.0067  mahaT +0.0094
  paired ssig->res-nplm (concat) - parent: probe +0.0222  top1 +0.0077  eucl +0.1077  mahaT +0.1625
  paired nplmsd->res (concat) - parent: probe +0.1995  top1 +0.0097  eucl -0.3200  mahaT -0.1753
  paired nplmsd->res-nplm (concat) - parent: probe +0.1848  top1 +0.0072  eucl -0.0571  mahaT -0.0110
EXP137 DONE.
