/home/pharris/venv/lib64/python3.9/site-packages/networkx/utils/backends.py:135: RuntimeWarning: networkx backend defined more than once: nx-loopback
  backends.update(_get_backends("networkx.backends"))

######## dtd:lejepa_h1_d4: holdouts=[15] ########

  --- frozen: pre probe=0.9819 eucl=0.3888 mahaT=0.5309 perevt=0.000
  [sigreg+proto] epoch 1/5  sigreg=0.1554  proto=14.0007  min_dist=7.23  mean_dist=18.18
  [sigreg+proto] epoch 2/5  sigreg=0.1507  proto=15.9142  min_dist=7.24  mean_dist=18.17
  [sigreg+proto] epoch 3/5  sigreg=0.1569  proto=13.7894  min_dist=7.24  mean_dist=18.16
  [sigreg+proto] epoch 4/5  sigreg=0.1524  proto=14.1656  min_dist=7.25  mean_dist=18.15
  [sigreg+proto] epoch 5/5  sigreg=0.1574  proto=15.4021  min_dist=7.25  mean_dist=18.15
  round 1: pool=94 purity=0.021 k-hat=2 anchors=2  margin=0.7097  mean-anchor=0.8413  15=0.841
  [sigreg+proto] epoch 1/5  sigreg=0.1635  proto=10.9387  min_dist=5.98  mean_dist=18.71
  [sigreg+proto] epoch 2/5  sigreg=0.1593  proto=15.3762  min_dist=5.99  mean_dist=18.70
  [sigreg+proto] epoch 3/5  sigreg=0.1776  proto=17.9923  min_dist=6.00  mean_dist=18.69
  [sigreg+proto] epoch 4/5  sigreg=0.1735  proto=14.8742  min_dist=6.00  mean_dist=18.68
  [sigreg+proto] epoch 5/5  sigreg=0.1640  proto=12.7898  min_dist=6.01  mean_dist=18.67
  round 2: pool=94 purity=0.021 k-hat=3 anchors=5  margin=0.7074  mean-anchor=0.8486  15=0.849
    [dist frozen     ] purity r1=0.021 r2=0.021  probe 0.982->0.982  eucl 0.389->0.389  perevt 0.000->0.000  drift 0.000
  [sigreg+proto] epoch 1/5  sigreg=0.1588  proto=14.5847  min_dist=7.23  mean_dist=18.18
  [sigreg+proto] epoch 2/5  sigreg=0.1528  proto=16.6657  min_dist=7.23  mean_dist=18.17
  [sigreg+proto] epoch 3/5  sigreg=0.1597  proto=14.5720  min_dist=7.23  mean_dist=18.16
  [sigreg+proto] epoch 4/5  sigreg=0.1552  proto=14.9730  min_dist=7.23  mean_dist=18.15
  [sigreg+proto] epoch 5/5  sigreg=0.1611  proto=16.2444  min_dist=7.23  mean_dist=18.14
  round 1: pool=94 purity=0.021 k-hat=2 anchors=2  margin=0.7064  mean-anchor=0.8443  15=0.844
  [sigreg+proto] epoch 1/5  sigreg=0.1663  proto=11.6108  min_dist=5.84  mean_dist=18.68
  [sigreg+proto] epoch 2/5  sigreg=0.1621  proto=16.3283  min_dist=5.84  mean_dist=18.67
  [sigreg+proto] epoch 3/5  sigreg=0.1809  proto=18.4897  min_dist=5.85  mean_dist=18.66
  [sigreg+proto] epoch 4/5  sigreg=0.1792  proto=15.3413  min_dist=5.86  mean_dist=18.65
  [sigreg+proto] epoch 5/5  sigreg=0.1682  proto=13.2096  min_dist=5.86  mean_dist=18.64
  round 2: pool=94 purity=0.021 k-hat=3 anchors=5  margin=0.7057  mean-anchor=0.8483  15=0.848
    [dist corpus-norm] purity r1=0.021 r2=0.021  probe 0.982->0.873  eucl 0.389->0.390  perevt 0.000->0.000  drift 0.032
  [sigreg+proto] epoch 1/5  sigreg=0.1581  proto=14.5701  min_dist=7.25  mean_dist=18.22
  [sigreg+proto] epoch 2/5  sigreg=0.1465  proto=12.6403  min_dist=7.26  mean_dist=18.21
  [sigreg+proto] epoch 3/5  sigreg=0.1519  proto=12.0375  min_dist=7.28  mean_dist=18.20
  [sigreg+proto] epoch 4/5  sigreg=0.1509  proto=15.6676  min_dist=7.30  mean_dist=18.19
  [sigreg+proto] epoch 5/5  sigreg=0.1534  proto=11.3832  min_dist=7.32  mean_dist=18.18
  round 1: pool=126 purity=0.270 k-hat=2 anchors=2  margin=0.9828  mean-anchor=0.8943  15=0.894
  [sigreg+proto] epoch 1/5  sigreg=0.1521  proto=12.4596  min_dist=4.85  mean_dist=18.06
  [sigreg+proto] epoch 2/5  sigreg=0.1510  proto=14.8674  min_dist=4.88  mean_dist=18.06
  [sigreg+proto] epoch 3/5  sigreg=0.1560  proto=14.3995  min_dist=4.91  mean_dist=18.05
  [sigreg+proto] epoch 4/5  sigreg=0.1541  proto=13.5205  min_dist=4.94  mean_dist=18.04
  [sigreg+proto] epoch 5/5  sigreg=0.1562  proto=14.1865  min_dist=4.96  mean_dist=18.03
  round 2: pool=127 purity=0.276 k-hat=2 anchors=4  margin=0.9857  mean-anchor=0.8945  15=0.894
    [np   frozen     ] purity r1=0.270 r2=0.276  probe 0.982->0.982  eucl 0.389->0.389  perevt 0.000->0.000  drift 0.000
  [sigreg+proto] epoch 1/5  sigreg=0.1619  proto=15.3909  min_dist=7.24  mean_dist=18.22
  [sigreg+proto] epoch 2/5  sigreg=0.1500  proto=13.3044  min_dist=7.26  mean_dist=18.21
  [sigreg+proto] epoch 3/5  sigreg=0.1542  proto=12.6000  min_dist=7.28  mean_dist=18.20
  [sigreg+proto] epoch 4/5  sigreg=0.1547  proto=16.5388  min_dist=7.30  mean_dist=18.19
  [sigreg+proto] epoch 5/5  sigreg=0.1569  proto=12.3695  min_dist=7.31  mean_dist=18.18
  round 1: pool=126 purity=0.270 k-hat=2 anchors=2  margin=0.9837  mean-anchor=0.9036  15=0.904
  [sigreg+proto] epoch 1/5  sigreg=0.1594  proto=16.8979  min_dist=5.99  mean_dist=18.35
  [sigreg+proto] epoch 2/5  sigreg=0.1566  proto=16.2541  min_dist=6.01  mean_dist=18.34
  [sigreg+proto] epoch 3/5  sigreg=0.1566  proto=14.2559  min_dist=6.03  mean_dist=18.33
  [sigreg+proto] epoch 4/5  sigreg=0.1686  proto=16.0294  min_dist=6.06  mean_dist=18.32
  [sigreg+proto] epoch 5/5  sigreg=0.1598  proto=17.0526  min_dist=6.09  mean_dist=18.32
  round 2: pool=128 purity=0.281 k-hat=4 anchors=6  margin=0.9834  mean-anchor=0.9069  15=0.907
    [np   corpus-norm] purity r1=0.270 r2=0.281  probe 0.982->0.959  eucl 0.389->0.386  perevt 0.000->0.000  drift 0.035

===== EXP135 SUMMARY_h1_d4 (paired frozen vs corpus-norm; gate 0.15) =====
  cell|arm|scorer                              r1  r2 frz   r2 cn    d r2    probe frz/cn  drift
  dtd:lejepa|frozen|dist                  0.021   0.021   0.021  +0.000   0.982/0.873    0.032
  dtd:lejepa|frozen|np                    0.270   0.276   0.281  +0.006   0.982/0.959    0.035

wrote logs/exp135/corpus_norm_dtd-lejepa_frozen_h1_d4.json
EXP135 DONE.
