/home/pharris/venv/lib64/python3.9/site-packages/networkx/utils/backends.py:135: RuntimeWarning: networkx backend defined more than once: nx-loopback
  backends.update(_get_backends("networkx.backends"))
Using cache found in /home/pharris/.cache/torch/hub/facebookresearch_dino_main
Using cache found in /home/pharris/.cache/torch/hub/facebookresearch_dino_main
Using cache found in /home/pharris/.cache/torch/hub/facebookresearch_dino_main
Using cache found in /home/pharris/.cache/torch/hub/facebookresearch_dino_main
Using cache found in /home/pharris/.cache/torch/hub/facebookresearch_dino_main
Using cache found in /home/pharris/.cache/torch/hub/facebookresearch_dino_main
Using cache found in /home/pharris/.cache/torch/hub/facebookresearch_dino_main
Using cache found in /home/pharris/.cache/torch/hub/facebookresearch_dino_main
Using cache found in /home/pharris/.cache/torch/hub/facebookresearch_dino_main
Using cache found in /home/pharris/.cache/torch/hub/facebookresearch_dino_main
Using cache found in /home/pharris/.cache/torch/hub/facebookresearch_dino_main
Using cache found in /home/pharris/.cache/torch/hub/facebookresearch_dino_main
Using cache found in /home/pharris/.cache/torch/hub/facebookresearch_dino_main
Using cache found in /home/pharris/.cache/torch/hub/facebookresearch_dino_main
Using cache found in /home/pharris/.cache/torch/hub/facebookresearch_dino_main
Using cache found in /home/pharris/.cache/torch/hub/facebookresearch_dino_main
Using cache found in /home/pharris/.cache/torch/hub/facebookresearch_dino_main
Using cache found in /home/pharris/.cache/torch/hub/facebookresearch_dino_main
  galaxy10:dino: 3 trained pairs (tag '_h1_d7')

=== galaxy10:dino|supcon-ft->res  holdouts=[4]
child/parent RMS-norm ratio: 1.0735
         mode    probe     eucl   dim
          raw   0.9214   0.5520   200
  standardize   0.8856   0.5544   200
     unitnorm   0.8223   0.5578   200
       whiten   0.9261   0.5144   200
  parent-only   0.8774   0.6402   100
   child-only   0.8990   0.4874   100

=== galaxy10:dino|ss-ft->res  holdouts=[4]
child/parent RMS-norm ratio: 1.2143
         mode    probe     eucl   dim
          raw   0.8605   0.5206   200
  standardize   0.8559   0.5126   200
     unitnorm   0.7048   0.5328   200
       whiten   0.8749   0.5429   200
  parent-only   0.6921   0.5873   100
   child-only   0.7996   0.4719   100

=== galaxy10:dino|supcon-ft->resnplm  holdouts=[4]
child/parent RMS-norm ratio: 0.8852
         mode    probe     eucl   dim
          raw   0.8874   0.6840   200
  standardize   0.8908   0.6698   200
     unitnorm   0.8020   0.6896   200
       whiten   0.9205   0.5521   200
  parent-only   0.8774   0.6402   100
   child-only   0.8006   0.7443   100

wrote logs/exp134/combine_galaxy10-dino_h1_d7.json
