/home/pharris/venv/lib64/python3.9/site-packages/networkx/utils/backends.py:135: RuntimeWarning: networkx backend defined more than once: nx-loopback
  backends.update(_get_backends("networkx.backends"))

######## galaxy10:dino_h1_d5: holdouts=[5] ########
Using cache found in /home/pharris/.cache/torch/hub/facebookresearch_dino_main

  --- supcon-ft: pre probe=0.8383 eucl=0.6881 mahaT=0.6286 perevt=0.213   [archived unfrozen post probe 0.8396]
  [sigreg+proto] epoch 1/5  sigreg=0.3358  proto=7.2319  min_dist=3.86  mean_dist=15.50
  [sigreg+proto] epoch 2/5  sigreg=0.3214  proto=6.9114  min_dist=3.93  mean_dist=15.52
  [sigreg+proto] epoch 3/5  sigreg=0.3314  proto=8.3584  min_dist=4.00  mean_dist=15.54
  [sigreg+proto] epoch 4/5  sigreg=0.3239  proto=7.4953  min_dist=4.07  mean_dist=15.56
  [sigreg+proto] epoch 5/5  sigreg=0.3260  proto=6.6499  min_dist=4.14  mean_dist=15.59
  round 1: pool=133 purity=0.406 k-hat=3 anchors=3  margin=0.8041  mean-anchor=0.7114  5=0.711
    merged 6 -> 4 anchors
  [sigreg+proto] epoch 1/5  sigreg=0.3802  proto=9.0958  min_dist=4.14  mean_dist=16.62
  [sigreg+proto] epoch 2/5  sigreg=0.3643  proto=7.7488  min_dist=4.21  mean_dist=16.64
  [sigreg+proto] epoch 3/5  sigreg=0.3698  proto=8.2780  min_dist=4.29  mean_dist=16.66
  [sigreg+proto] epoch 4/5  sigreg=0.3612  proto=8.0149  min_dist=4.36  mean_dist=16.68
  [sigreg+proto] epoch 5/5  sigreg=0.3657  proto=8.5632  min_dist=4.43  mean_dist=16.70
  round 2: pool=131 purity=0.397 k-hat=3 anchors=4  margin=0.8094  mean-anchor=0.6900  5=0.690
    [np   frozen     ] purity r1=0.406 r2=0.397  probe 0.838->0.838  eucl 0.688->0.688  perevt 0.213->0.213  drift 0.000
  [sigreg+proto] epoch 1/5  sigreg=0.4877  proto=8.7302  min_dist=3.85  mean_dist=15.49
  [sigreg+proto] epoch 2/5  sigreg=0.4771  proto=9.1874  min_dist=3.92  mean_dist=15.51
  [sigreg+proto] epoch 3/5  sigreg=0.4598  proto=10.0465  min_dist=3.99  mean_dist=15.53
  [sigreg+proto] epoch 4/5  sigreg=0.4637  proto=9.2152  min_dist=4.06  mean_dist=15.55
  [sigreg+proto] epoch 5/5  sigreg=0.4819  proto=8.5951  min_dist=4.13  mean_dist=15.56
  round 1: pool=133 purity=0.406 k-hat=3 anchors=3  margin=0.7989  mean-anchor=0.5568  5=0.557
    merged 6 -> 5 anchors
  [sigreg+proto] epoch 1/5  sigreg=0.6588  proto=11.3474  min_dist=3.27  mean_dist=16.30
  [sigreg+proto] epoch 2/5  sigreg=0.6610  proto=11.0511  min_dist=3.35  mean_dist=16.33
  [sigreg+proto] epoch 3/5  sigreg=0.6827  proto=11.7706  min_dist=3.43  mean_dist=16.35
  [sigreg+proto] epoch 4/5  sigreg=0.6902  proto=10.7035  min_dist=3.51  mean_dist=16.37
  [sigreg+proto] epoch 5/5  sigreg=0.6450  proto=10.9949  min_dist=3.59  mean_dist=16.40
  round 2: pool=131 purity=0.397 k-hat=3 anchors=5  margin=0.8011  mean-anchor=0.5652  5=0.565
    [np   corpus-norm] purity r1=0.406 r2=0.397  probe 0.838->0.843  eucl 0.688->0.678  perevt 0.213->0.193  drift 0.280
Using cache found in /home/pharris/.cache/torch/hub/facebookresearch_dino_main

  --- ss-ft: pre probe=0.8343 eucl=0.6012 mahaT=0.6037 perevt=0.143   [archived unfrozen post probe 0.8340]
  [sigreg+proto] epoch 1/5  sigreg=0.2339  proto=5.9428  min_dist=2.22  mean_dist=11.65
  [sigreg+proto] epoch 2/5  sigreg=0.2343  proto=5.3976  min_dist=2.30  mean_dist=11.69
  [sigreg+proto] epoch 3/5  sigreg=0.2359  proto=5.8633  min_dist=2.38  mean_dist=11.72
  [sigreg+proto] epoch 4/5  sigreg=0.2324  proto=6.1785  min_dist=2.45  mean_dist=11.76
  [sigreg+proto] epoch 5/5  sigreg=0.2275  proto=5.6673  min_dist=2.53  mean_dist=11.79
  round 1: pool=135 purity=0.415 k-hat=3 anchors=3  margin=0.8217  mean-anchor=0.5976  5=0.598
    merged 5 -> 4 anchors
  [sigreg+proto] epoch 1/5  sigreg=0.2490  proto=6.2250  min_dist=2.33  mean_dist=11.96
  [sigreg+proto] epoch 2/5  sigreg=0.2392  proto=5.4388  min_dist=2.41  mean_dist=11.99
  [sigreg+proto] epoch 3/5  sigreg=0.2497  proto=5.9124  min_dist=2.50  mean_dist=12.03
  [sigreg+proto] epoch 4/5  sigreg=0.2501  proto=5.2449  min_dist=2.58  mean_dist=12.07
  [sigreg+proto] epoch 5/5  sigreg=0.2501  proto=6.0620  min_dist=2.66  mean_dist=12.11
  round 2: pool=132 purity=0.402 k-hat=2 anchors=4  margin=0.8322  mean-anchor=0.6037  5=0.604
    [np   frozen     ] purity r1=0.415 r2=0.402  probe 0.834->0.834  eucl 0.601->0.601  perevt 0.143->0.143  drift 0.000
  [sigreg+proto] epoch 1/5  sigreg=0.2817  proto=6.1186  min_dist=2.22  mean_dist=11.65
  [sigreg+proto] epoch 2/5  sigreg=0.2729  proto=6.3014  min_dist=2.30  mean_dist=11.69
  [sigreg+proto] epoch 3/5  sigreg=0.2839  proto=6.9980  min_dist=2.38  mean_dist=11.72
  [sigreg+proto] epoch 4/5  sigreg=0.2766  proto=6.8844  min_dist=2.46  mean_dist=11.76
  [sigreg+proto] epoch 5/5  sigreg=0.2743  proto=6.2112  min_dist=2.53  mean_dist=11.80
  round 1: pool=135 purity=0.415 k-hat=3 anchors=3  margin=0.8276  mean-anchor=0.6767  5=0.677
    merged 7 -> 5 anchors
  [sigreg+proto] epoch 1/5  sigreg=0.3762  proto=7.5542  min_dist=2.72  mean_dist=12.59
  [sigreg+proto] epoch 2/5  sigreg=0.3891  proto=7.2240  min_dist=2.80  mean_dist=12.62
  [sigreg+proto] epoch 3/5  sigreg=0.3933  proto=8.4600  min_dist=2.87  mean_dist=12.66
  [sigreg+proto] epoch 4/5  sigreg=0.3731  proto=7.3035  min_dist=2.95  mean_dist=12.69
  [sigreg+proto] epoch 5/5  sigreg=0.3851  proto=7.5628  min_dist=3.02  mean_dist=12.72
  round 2: pool=155 purity=0.490 k-hat=4 anchors=5  margin=0.8336  mean-anchor=0.7036  5=0.704
    [np   corpus-norm] purity r1=0.415 r2=0.490  probe 0.834->0.840  eucl 0.601->0.590  perevt 0.143->0.124  drift 0.265
Using cache found in /home/pharris/.cache/torch/hub/facebookresearch_dino_main

  --- nplm-sup-ft: pre probe=0.7785 eucl=0.5663 mahaT=0.5667 perevt=0.133   [archived unfrozen post probe 0.8208]
  [sigreg+proto] epoch 1/5  sigreg=0.5970  proto=1.5591  min_dist=0.80  mean_dist=2.52
  [sigreg+proto] epoch 2/5  sigreg=0.5905  proto=1.5482  min_dist=0.89  mean_dist=2.59
  [sigreg+proto] epoch 3/5  sigreg=0.5987  proto=1.5326  min_dist=0.98  mean_dist=2.66
  [sigreg+proto] epoch 4/5  sigreg=0.6031  proto=1.5486  min_dist=1.07  mean_dist=2.73
  [sigreg+proto] epoch 5/5  sigreg=0.5902  proto=1.5868  min_dist=1.15  mean_dist=2.79
  round 1: pool=126 purity=0.373 k-hat=1 anchors=1  margin=0.6156  mean-anchor=0.5282  5=0.528
    merged 2 -> 1 anchors
  [sigreg+proto] epoch 1/5  sigreg=0.5974  proto=1.5807  min_dist=1.25  mean_dist=2.85
  [sigreg+proto] epoch 2/5  sigreg=0.6013  proto=1.5237  min_dist=1.34  mean_dist=2.93
  [sigreg+proto] epoch 3/5  sigreg=0.5942  proto=1.5870  min_dist=1.42  mean_dist=3.01
  [sigreg+proto] epoch 4/5  sigreg=0.5986  proto=1.5705  min_dist=1.49  mean_dist=3.08
  [sigreg+proto] epoch 5/5  sigreg=0.6027  proto=1.5934  min_dist=1.56  mean_dist=3.15
  round 2: pool=121 purity=0.347 k-hat=1 anchors=1  margin=0.6060  mean-anchor=0.5310  5=0.531
    [np   frozen     ] purity r1=0.373 r2=0.347  probe 0.779->0.779  eucl 0.566->0.566  perevt 0.133->0.133  drift 0.000
  [sigreg+proto] epoch 1/5  sigreg=0.5807  proto=1.5474  min_dist=0.80  mean_dist=2.52
  [sigreg+proto] epoch 2/5  sigreg=0.5791  proto=1.5410  min_dist=0.89  mean_dist=2.59
  [sigreg+proto] epoch 3/5  sigreg=0.5822  proto=1.5201  min_dist=0.98  mean_dist=2.66
  [sigreg+proto] epoch 4/5  sigreg=0.5829  proto=1.5352  min_dist=1.07  mean_dist=2.73
  [sigreg+proto] epoch 5/5  sigreg=0.5755  proto=1.5782  min_dist=1.15  mean_dist=2.79
  round 1: pool=126 purity=0.373 k-hat=1 anchors=1  margin=0.6171  mean-anchor=0.5272  5=0.527
    merged 2 -> 1 anchors
  [sigreg+proto] epoch 1/5  sigreg=0.5811  proto=1.5449  min_dist=1.23  mean_dist=2.85
  [sigreg+proto] epoch 2/5  sigreg=0.5861  proto=1.4853  min_dist=1.31  mean_dist=2.93
  [sigreg+proto] epoch 3/5  sigreg=0.5794  proto=1.5682  min_dist=1.39  mean_dist=3.00
  [sigreg+proto] epoch 4/5  sigreg=0.5849  proto=1.5309  min_dist=1.47  mean_dist=3.08
  [sigreg+proto] epoch 5/5  sigreg=0.5824  proto=1.5852  min_dist=1.54  mean_dist=3.15
  round 2: pool=121 purity=0.347 k-hat=1 anchors=1  margin=0.6094  mean-anchor=0.5297  5=0.530
    [np   corpus-norm] purity r1=0.373 r2=0.347  probe 0.779->0.783  eucl 0.566->0.568  perevt 0.133->0.133  drift 0.088

===== EXP135 SUMMARY_h1_d5 (paired frozen vs corpus-norm; gate 0.15) =====
  cell|arm|scorer                              r1  r2 frz   r2 cn    d r2    probe frz/cn  drift
  galaxy10:dino|supcon-ft|np                0.406   0.397   0.397  +0.000   0.838/0.843    0.280
  galaxy10:dino|ss-ft|np                    0.415   0.402   0.490  +0.089   0.834/0.840    0.265
  galaxy10:dino|nplm-sup-ft|np              0.373   0.347   0.347  +0.000   0.779/0.783    0.088

wrote logs/exp135/corpus_norm_galaxy10-dino_h1_d5_s1.json
EXP135 DONE.
