/home/pharris/venv/lib64/python3.9/site-packages/networkx/utils/backends.py:135: RuntimeWarning: networkx backend defined more than once: nx-loopback
  backends.update(_get_backends("networkx.backends"))
Using cache found in /home/pharris/.cache/torch/hub/chenyaofo_pytorch-cifar-models_master
Using cache found in /home/pharris/.cache/torch/hub/chenyaofo_pytorch-cifar-models_master
Using cache found in /home/pharris/.cache/torch/hub/chenyaofo_pytorch-cifar-models_master

######## cifar100: 5 spaces, holdouts=[4] ########

  --- supcon ---
    b_true=0.0100  b_hat=0.0049  n_hat=244  calib_in=0.999  calib_out=1.323
    quantile  q=0.0521 pool=  2605 purity=0.0499 n_nov=  130 kmax=  4 khat=4 clus_pur=0.171 ok=True
    legal     q=0.2000 pool= 10000 purity=0.0334 n_nov=  334 kmax=  8 khat=8 clus_pur=0.139 ok=False  <- estimated novelty 13.8 < n_min=30
    delta purity (legal - quantile): -0.0165

  --- res ---
    b_true=0.0100  b_hat=0.0001  n_hat=4  calib_in=0.996  calib_out=20.119
    quantile  q=0.0496 pool=  2482 purity=0.0028 n_nov=    7 kmax=  4 khat=4 clus_pur=0.005 ok=True
    legal     q=0.2000 pool= 10000 purity=0.0042 n_nov=   42 kmax=  2 khat=2 clus_pur=0.005 ok=False  <- estimated novelty 0.0 < n_min=30
    delta purity (legal - quantile): +0.0014

  --- resnplm ---
    b_true=0.0100  b_hat=0.0032  n_hat=158  calib_in=0.996  calib_out=1.264
    quantile  q=0.0515 pool=  2574 purity=0.0385 n_nov=   99 kmax=  4 khat=4 clus_pur=0.098 ok=True
    legal     q=0.2000 pool= 10000 purity=0.0253 n_nov=  253 kmax=  5 khat=5 clus_pur=0.059 ok=False  <- estimated novelty 4.3 < n_min=30
    delta purity (legal - quantile): -0.0132

  --- res-cat ---
    b_true=0.0100  b_hat=0.0001  n_hat=5  calib_in=0.995  calib_out=3.684
    quantile  q=0.0498 pool=  2492 purity=0.0068 n_nov=   17 kmax=  4 khat=4 clus_pur=0.022 ok=True
    legal     q=0.2000 pool= 10000 purity=0.0073 n_nov=   73 kmax=  2 khat=2 clus_pur=0.010 ok=False  <- estimated novelty 0.0 < n_min=30
    delta purity (legal - quantile): +0.0005

  --- resnplm-cat ---
    b_true=0.0100  b_hat=0.0050  n_hat=252  calib_in=0.998  calib_out=1.024
    quantile  q=0.0524 pool=  2621 purity=0.0557 n_nov=  146 kmax=  4 khat=4 clus_pur=0.096 ok=True
    legal     q=0.2000 pool= 10000 purity=0.0337 n_nov=  337 kmax=  8 khat=8 clus_pur=0.105 ok=False  <- estimated novelty 9.5 < n_min=30
    delta purity (legal - quantile): -0.0220

wrote logs/exp131/legal_cut.json
EXP131_C100_EXIT_0
