/home/pharris/venv/lib64/python3.9/site-packages/networkx/utils/backends.py:135: RuntimeWarning: networkx backend defined more than once: nx-loopback
  backends.update(_get_backends("networkx.backends"))

######## galaxy10:visreg_h1_d8: holdouts=[3] ########

  --- supcon-ft: pre probe=0.9672 eucl=0.7376 mahaT=0.6781 perevt=0.145   [archived unfrozen post probe 0.9604]
  [sigreg+proto] epoch 1/5  sigreg=0.2564  proto=4.5579  min_dist=6.22  mean_dist=18.34
  [sigreg+proto] epoch 2/5  sigreg=0.2541  proto=5.1730  min_dist=6.28  mean_dist=18.35
  [sigreg+proto] epoch 3/5  sigreg=0.2594  proto=4.6345  min_dist=6.34  mean_dist=18.37
  [sigreg+proto] epoch 4/5  sigreg=0.2577  proto=5.2091  min_dist=6.40  mean_dist=18.38
  [sigreg+proto] epoch 5/5  sigreg=0.2697  proto=5.3115  min_dist=6.46  mean_dist=18.39
  round 1: pool=256 purity=0.691 k-hat=4 anchors=4  margin=0.9275  mean-anchor=0.8236  3=0.824
    merged 8 -> 6 anchors
  [sigreg+proto] epoch 1/5  sigreg=0.2841  proto=5.4648  min_dist=3.28  mean_dist=17.29
  [sigreg+proto] epoch 2/5  sigreg=0.2725  proto=3.9761  min_dist=3.30  mean_dist=17.31
  [sigreg+proto] epoch 3/5  sigreg=0.2816  proto=5.2474  min_dist=3.31  mean_dist=17.34
  [sigreg+proto] epoch 4/5  sigreg=0.2703  proto=3.7873  min_dist=3.33  mean_dist=17.36
  [sigreg+proto] epoch 5/5  sigreg=0.2790  proto=4.4904  min_dist=3.35  mean_dist=17.38
  round 2: pool=266 purity=0.703 k-hat=4 anchors=6  margin=0.9283  mean-anchor=0.8390  3=0.839
    [np   frozen     ] purity r1=0.691 r2=0.703  probe 0.967->0.967  eucl 0.738->0.738  perevt 0.145->0.145  drift 0.000
  [sigreg+proto] epoch 1/5  sigreg=0.3245  proto=5.6269  min_dist=6.23  mean_dist=18.34
  [sigreg+proto] epoch 2/5  sigreg=0.3205  proto=6.2996  min_dist=6.30  mean_dist=18.36
  [sigreg+proto] epoch 3/5  sigreg=0.3254  proto=5.7444  min_dist=6.37  mean_dist=18.38
  [sigreg+proto] epoch 4/5  sigreg=0.3191  proto=6.4897  min_dist=6.43  mean_dist=18.40
  [sigreg+proto] epoch 5/5  sigreg=0.3394  proto=6.4481  min_dist=6.50  mean_dist=18.42
  round 1: pool=256 purity=0.691 k-hat=4 anchors=4  margin=0.9231  mean-anchor=0.8271  3=0.827
    merged 8 -> 7 anchors
  [sigreg+proto] epoch 1/5  sigreg=0.3568  proto=5.3805  min_dist=3.76  mean_dist=16.60
  [sigreg+proto] epoch 2/5  sigreg=0.3584  proto=4.5796  min_dist=3.77  mean_dist=16.62
  [sigreg+proto] epoch 3/5  sigreg=0.3473  proto=5.5126  min_dist=3.78  mean_dist=16.65
  [sigreg+proto] epoch 4/5  sigreg=0.3575  proto=6.7834  min_dist=3.80  mean_dist=16.68
  [sigreg+proto] epoch 5/5  sigreg=0.3609  proto=5.5476  min_dist=3.81  mean_dist=16.70
  round 2: pool=253 purity=0.688 k-hat=4 anchors=7  margin=0.9104  mean-anchor=0.8198  3=0.820
    [np   corpus-norm] purity r1=0.691 r2=0.688  probe 0.967->0.965  eucl 0.738->0.736  perevt 0.145->0.149  drift 0.178

  --- ss-ft: pre probe=0.9542 eucl=0.6476 mahaT=0.5986 perevt=0.033   [archived unfrozen post probe 0.9516]
  [sigreg+proto] epoch 1/5  sigreg=0.2304  proto=3.7909  min_dist=4.60  mean_dist=13.93
  [sigreg+proto] epoch 2/5  sigreg=0.2369  proto=3.7705  min_dist=4.67  mean_dist=13.97
  [sigreg+proto] epoch 3/5  sigreg=0.2322  proto=4.3045  min_dist=4.74  mean_dist=14.01
  [sigreg+proto] epoch 4/5  sigreg=0.2282  proto=3.8083  min_dist=4.81  mean_dist=14.04
  [sigreg+proto] epoch 5/5  sigreg=0.2375  proto=4.0605  min_dist=4.89  mean_dist=14.08
  round 1: pool=249 purity=0.683 k-hat=3 anchors=3  margin=0.9243  mean-anchor=0.8133  3=0.813
    merged 7 -> 4 anchors
  [sigreg+proto] epoch 1/5  sigreg=0.2356  proto=3.8269  min_dist=3.70  mean_dist=13.54
  [sigreg+proto] epoch 2/5  sigreg=0.2424  proto=3.6761  min_dist=3.77  mean_dist=13.58
  [sigreg+proto] epoch 3/5  sigreg=0.2423  proto=4.6533  min_dist=3.84  mean_dist=13.61
  [sigreg+proto] epoch 4/5  sigreg=0.2336  proto=3.5994  min_dist=3.90  mean_dist=13.65
  [sigreg+proto] epoch 5/5  sigreg=0.2365  proto=3.8072  min_dist=3.97  mean_dist=13.68
  round 2: pool=248 purity=0.681 k-hat=4 anchors=4  margin=0.9185  mean-anchor=0.8242  3=0.824
    [np   frozen     ] purity r1=0.683 r2=0.681  probe 0.954->0.954  eucl 0.648->0.648  perevt 0.033->0.033  drift 0.000
  [sigreg+proto] epoch 1/5  sigreg=0.2603  proto=4.7480  min_dist=4.60  mean_dist=13.93
  [sigreg+proto] epoch 2/5  sigreg=0.2694  proto=4.8331  min_dist=4.68  mean_dist=13.97
  [sigreg+proto] epoch 3/5  sigreg=0.2635  proto=5.3427  min_dist=4.76  mean_dist=14.02
  [sigreg+proto] epoch 4/5  sigreg=0.2579  proto=4.7831  min_dist=4.84  mean_dist=14.06
  [sigreg+proto] epoch 5/5  sigreg=0.2681  proto=4.9853  min_dist=4.92  mean_dist=14.10
  round 1: pool=249 purity=0.683 k-hat=3 anchors=3  margin=0.9208  mean-anchor=0.8140  3=0.814
    merged 7 -> 4 anchors
  [sigreg+proto] epoch 1/5  sigreg=0.2730  proto=5.0922  min_dist=3.90  mean_dist=13.88
  [sigreg+proto] epoch 2/5  sigreg=0.2742  proto=4.4865  min_dist=3.97  mean_dist=13.91
  [sigreg+proto] epoch 3/5  sigreg=0.2734  proto=6.0567  min_dist=4.05  mean_dist=13.95
  [sigreg+proto] epoch 4/5  sigreg=0.2705  proto=4.9429  min_dist=4.12  mean_dist=13.98
  [sigreg+proto] epoch 5/5  sigreg=0.2724  proto=4.9628  min_dist=4.20  mean_dist=14.02
  round 2: pool=241 purity=0.672 k-hat=4 anchors=4  margin=0.9146  mean-anchor=0.8003  3=0.800
    [np   corpus-norm] purity r1=0.683 r2=0.672  probe 0.954->0.955  eucl 0.648->0.620  perevt 0.033->0.035  drift 0.187

  --- nplm-sup-ft: pre probe=0.8892 eucl=0.6716 mahaT=0.6558 perevt=0.131   [archived unfrozen post probe 0.9345]
  [sigreg+proto] epoch 1/5  sigreg=0.6299  proto=1.4620  min_dist=0.52  mean_dist=6.88
  [sigreg+proto] epoch 2/5  sigreg=0.6321  proto=1.5002  min_dist=0.62  mean_dist=6.91
  [sigreg+proto] epoch 3/5  sigreg=0.6217  proto=1.6597  min_dist=0.70  mean_dist=6.94
  [sigreg+proto] epoch 4/5  sigreg=0.6272  proto=1.5037  min_dist=0.78  mean_dist=6.97
  [sigreg+proto] epoch 5/5  sigreg=0.6256  proto=1.6260  min_dist=0.85  mean_dist=7.00
  round 1: pool=210 purity=0.624 k-hat=3 anchors=3  margin=0.8546  mean-anchor=0.7010  3=0.701
    merged 5 -> 2 anchors
  [sigreg+proto] epoch 1/5  sigreg=0.6165  proto=1.5872  min_dist=0.96  mean_dist=7.21
  [sigreg+proto] epoch 2/5  sigreg=0.6174  proto=1.5980  min_dist=1.06  mean_dist=7.25
  [sigreg+proto] epoch 3/5  sigreg=0.6143  proto=1.7100  min_dist=1.16  mean_dist=7.28
  [sigreg+proto] epoch 4/5  sigreg=0.6143  proto=1.5437  min_dist=1.24  mean_dist=7.31
  [sigreg+proto] epoch 5/5  sigreg=0.6118  proto=1.8271  min_dist=1.30  mean_dist=7.35
  round 2: pool=208 purity=0.620 k-hat=2 anchors=2  margin=0.8389  mean-anchor=0.7497  3=0.750
    [np   frozen     ] purity r1=0.624 r2=0.620  probe 0.889->0.889  eucl 0.672->0.672  perevt 0.131->0.131  drift 0.000
  [sigreg+proto] epoch 1/5  sigreg=0.6308  proto=1.6849  min_dist=0.52  mean_dist=6.88
  [sigreg+proto] epoch 2/5  sigreg=0.6314  proto=1.7035  min_dist=0.62  mean_dist=6.91
  [sigreg+proto] epoch 3/5  sigreg=0.6206  proto=1.9302  min_dist=0.70  mean_dist=6.94
  [sigreg+proto] epoch 4/5  sigreg=0.6251  proto=1.7157  min_dist=0.78  mean_dist=6.97
  [sigreg+proto] epoch 5/5  sigreg=0.6242  proto=1.8386  min_dist=0.85  mean_dist=7.00
  round 1: pool=210 purity=0.624 k-hat=3 anchors=3  margin=0.8526  mean-anchor=0.7536  3=0.754
    merged 5 -> 3 anchors
  [sigreg+proto] epoch 1/5  sigreg=0.6248  proto=1.8244  min_dist=0.96  mean_dist=7.06
  [sigreg+proto] epoch 2/5  sigreg=0.6168  proto=1.8071  min_dist=1.06  mean_dist=7.10
  [sigreg+proto] epoch 3/5  sigreg=0.6215  proto=1.8737  min_dist=1.16  mean_dist=7.14
  [sigreg+proto] epoch 4/5  sigreg=0.6235  proto=1.8387  min_dist=1.24  mean_dist=7.18
  [sigreg+proto] epoch 5/5  sigreg=0.6248  proto=1.7116  min_dist=1.30  mean_dist=7.21
  round 2: pool=206 purity=0.617 k-hat=2 anchors=3  margin=0.8535  mean-anchor=0.7508  3=0.751
    [np   corpus-norm] purity r1=0.624 r2=0.617  probe 0.889->0.900  eucl 0.672->0.669  perevt 0.131->0.135  drift 0.170

===== EXP135 SUMMARY_h1_d8 (paired frozen vs corpus-norm; gate 0.15) =====
  cell|arm|scorer                              r1  r2 frz   r2 cn    d r2    probe frz/cn  drift
  galaxy10:visreg|supcon-ft|np              0.691   0.703   0.688  -0.015   0.967/0.965    0.178
  galaxy10:visreg|ss-ft|np                  0.683   0.681   0.672  -0.009   0.954/0.955    0.187
  galaxy10:visreg|nplm-sup-ft|np            0.624   0.620   0.617  -0.004   0.889/0.900    0.170

wrote logs/exp135/corpus_norm_galaxy10-visreg_h1_d8_s1.json
EXP135 DONE.
