/home/pharris/venv/lib64/python3.9/site-packages/networkx/utils/backends.py:135: RuntimeWarning: networkx backend defined more than once: nx-loopback
  backends.update(_get_backends("networkx.backends"))

######## galaxy10:lejepa_h1_d5: holdouts=[5] ########
Fetching 37 files:   0%|          | 0/37 [00:00<?, ?it/s]Fetching 37 files: 100%|██████████| 37/37 [00:00<00:00, 76940.63it/s]

  --- supcon-ft: pre probe=0.8778 eucl=0.4986 mahaT=0.5886 perevt=0.017   [archived unfrozen post probe 0.8483]
  [sigreg+proto] epoch 1/5  sigreg=0.3309  proto=1.9551  min_dist=3.11  mean_dist=13.78
  [sigreg+proto] epoch 2/5  sigreg=0.3387  proto=2.2323  min_dist=3.18  mean_dist=13.82
  [sigreg+proto] epoch 3/5  sigreg=0.3376  proto=2.9728  min_dist=3.25  mean_dist=13.86
  [sigreg+proto] epoch 4/5  sigreg=0.3372  proto=2.2344  min_dist=3.32  mean_dist=13.90
  [sigreg+proto] epoch 5/5  sigreg=0.3383  proto=1.9163  min_dist=3.39  mean_dist=13.94
  round 1: pool=204 purity=0.613 k-hat=4 anchors=4  margin=0.8496  mean-anchor=0.8144  5=0.814
    merged 7 -> 4 anchors
  [sigreg+proto] epoch 1/5  sigreg=0.3442  proto=2.5222  min_dist=2.70  mean_dist=13.86
  [sigreg+proto] epoch 2/5  sigreg=0.3333  proto=2.1026  min_dist=2.77  mean_dist=13.90
  [sigreg+proto] epoch 3/5  sigreg=0.3335  proto=1.9730  min_dist=2.85  mean_dist=13.93
  [sigreg+proto] epoch 4/5  sigreg=0.3341  proto=2.5429  min_dist=2.92  mean_dist=13.97
  [sigreg+proto] epoch 5/5  sigreg=0.3309  proto=2.3516  min_dist=3.00  mean_dist=14.01
  round 2: pool=191 purity=0.586 k-hat=3 anchors=4  margin=0.8523  mean-anchor=0.8183  5=0.818
    [np   frozen     ] purity r1=0.613 r2=0.586  probe 0.878->0.878  eucl 0.499->0.499  perevt 0.017->0.017  drift 0.000
  [sigreg+proto] epoch 1/5  sigreg=0.3491  proto=2.8749  min_dist=3.11  mean_dist=13.78
  [sigreg+proto] epoch 2/5  sigreg=0.3612  proto=3.3188  min_dist=3.19  mean_dist=13.82
  [sigreg+proto] epoch 3/5  sigreg=0.3671  proto=3.9783  min_dist=3.26  mean_dist=13.87
  [sigreg+proto] epoch 4/5  sigreg=0.3639  proto=3.3782  min_dist=3.33  mean_dist=13.91
  [sigreg+proto] epoch 5/5  sigreg=0.3571  proto=2.8617  min_dist=3.40  mean_dist=13.95
  round 1: pool=204 purity=0.613 k-hat=4 anchors=4  margin=0.8480  mean-anchor=0.8243  5=0.824
    merged 7 -> 3 anchors
  [sigreg+proto] epoch 1/5  sigreg=0.3380  proto=3.0424  min_dist=3.21  mean_dist=14.52
  [sigreg+proto] epoch 2/5  sigreg=0.3277  proto=3.5472  min_dist=3.30  mean_dist=14.57
  [sigreg+proto] epoch 3/5  sigreg=0.3240  proto=3.8312  min_dist=3.39  mean_dist=14.61
  [sigreg+proto] epoch 4/5  sigreg=0.3383  proto=4.0765  min_dist=3.48  mean_dist=14.66
  [sigreg+proto] epoch 5/5  sigreg=0.3433  proto=3.1680  min_dist=3.57  mean_dist=14.70
  round 2: pool=202 purity=0.609 k-hat=3 anchors=3  margin=0.8524  mean-anchor=0.8267  5=0.827
    [np   corpus-norm] purity r1=0.613 r2=0.609  probe 0.878->0.879  eucl 0.499->0.496  perevt 0.017->0.013  drift 0.162
Fetching 37 files:   0%|          | 0/37 [00:00<?, ?it/s]Fetching 37 files: 100%|██████████| 37/37 [00:00<00:00, 24934.01it/s]

  --- ss-ft: pre probe=0.8648 eucl=0.4876 mahaT=0.5130 perevt=0.060   [archived unfrozen post probe 0.8098]
  [sigreg+proto] epoch 1/5  sigreg=0.4793  proto=16.7128  min_dist=4.56  mean_dist=32.01
  [sigreg+proto] epoch 2/5  sigreg=0.4849  proto=17.7452  min_dist=4.63  mean_dist=31.99
  [sigreg+proto] epoch 3/5  sigreg=0.5708  proto=22.0658  min_dist=4.70  mean_dist=31.96
  [sigreg+proto] epoch 4/5  sigreg=0.4614  proto=15.5954  min_dist=4.77  mean_dist=31.94
  [sigreg+proto] epoch 5/5  sigreg=0.4902  proto=17.3122  min_dist=4.85  mean_dist=31.92
  round 1: pool=170 purity=0.535 k-hat=4 anchors=4  margin=0.8586  mean-anchor=0.7738  5=0.774
    merged 8 -> 5 anchors
  [sigreg+proto] epoch 1/5  sigreg=0.4641  proto=17.9038  min_dist=4.58  mean_dist=30.89
  [sigreg+proto] epoch 2/5  sigreg=0.4569  proto=16.7771  min_dist=4.66  mean_dist=30.86
  [sigreg+proto] epoch 3/5  sigreg=0.4994  proto=21.1078  min_dist=4.73  mean_dist=30.84
  [sigreg+proto] epoch 4/5  sigreg=0.4962  proto=18.6076  min_dist=4.81  mean_dist=30.82
  [sigreg+proto] epoch 5/5  sigreg=0.4869  proto=18.5395  min_dist=4.88  mean_dist=30.80
  round 2: pool=157 purity=0.497 k-hat=4 anchors=5  margin=0.8603  mean-anchor=0.7677  5=0.768
    [np   frozen     ] purity r1=0.535 r2=0.497  probe 0.865->0.865  eucl 0.488->0.488  perevt 0.060->0.060  drift 0.000
  [sigreg+proto] epoch 1/5  sigreg=0.7100  proto=19.8041  min_dist=4.55  mean_dist=32.01
  [sigreg+proto] epoch 2/5  sigreg=0.7252  proto=21.7500  min_dist=4.61  mean_dist=31.98
  [sigreg+proto] epoch 3/5  sigreg=0.8244  proto=26.1644  min_dist=4.67  mean_dist=31.95
  [sigreg+proto] epoch 4/5  sigreg=0.6652  proto=19.4841  min_dist=4.73  mean_dist=31.93
  [sigreg+proto] epoch 5/5  sigreg=0.6853  proto=20.0442  min_dist=4.80  mean_dist=31.90
  round 1: pool=170 purity=0.535 k-hat=4 anchors=4  margin=0.8567  mean-anchor=0.7976  5=0.798
  [sigreg+proto] epoch 1/5  sigreg=0.8929  proto=19.9752  min_dist=4.85  mean_dist=29.11
  [sigreg+proto] epoch 2/5  sigreg=0.9321  proto=20.9304  min_dist=4.90  mean_dist=29.09
  [sigreg+proto] epoch 3/5  sigreg=0.8885  proto=21.9562  min_dist=4.95  mean_dist=29.08
  [sigreg+proto] epoch 4/5  sigreg=0.9116  proto=18.9777  min_dist=5.00  mean_dist=29.07
  [sigreg+proto] epoch 5/5  sigreg=0.9467  proto=21.9298  min_dist=5.05  mean_dist=29.06
  round 2: pool=157 purity=0.497 k-hat=4 anchors=8  margin=0.8466  mean-anchor=0.7873  5=0.787
    [np   corpus-norm] purity r1=0.535 r2=0.497  probe 0.865->0.873  eucl 0.488->0.452  perevt 0.060->0.039  drift 0.224
Fetching 37 files:   0%|          | 0/37 [00:00<?, ?it/s]Fetching 37 files: 100%|██████████| 37/37 [00:00<00:00, 21665.40it/s]

  --- nplm-sup-ft: pre probe=0.8187 eucl=0.5068 mahaT=0.5753 perevt=0.039   [archived unfrozen post probe 0.7874]
  [sigreg+proto] epoch 1/5  sigreg=0.4869  proto=4.0734  min_dist=1.24  mean_dist=12.92
  [sigreg+proto] epoch 2/5  sigreg=0.4847  proto=4.3230  min_dist=1.34  mean_dist=12.96
  [sigreg+proto] epoch 3/5  sigreg=0.4828  proto=3.7852  min_dist=1.44  mean_dist=13.00
  [sigreg+proto] epoch 4/5  sigreg=0.4850  proto=3.6842  min_dist=1.53  mean_dist=13.04
  [sigreg+proto] epoch 5/5  sigreg=0.4774  proto=4.9628  min_dist=1.62  mean_dist=13.07
  round 1: pool=223 purity=0.646 k-hat=2 anchors=2  margin=0.8515  mean-anchor=0.8305  5=0.830
    merged 4 -> 2 anchors
  [sigreg+proto] epoch 1/5  sigreg=0.4785  proto=4.2905  min_dist=1.75  mean_dist=13.12
  [sigreg+proto] epoch 2/5  sigreg=0.4857  proto=4.0342  min_dist=1.85  mean_dist=13.16
  [sigreg+proto] epoch 3/5  sigreg=0.4809  proto=4.3091  min_dist=1.95  mean_dist=13.20
  [sigreg+proto] epoch 4/5  sigreg=0.4822  proto=4.3612  min_dist=2.05  mean_dist=13.24
  [sigreg+proto] epoch 5/5  sigreg=0.4797  proto=4.6918  min_dist=2.14  mean_dist=13.27
  round 2: pool=226 purity=0.650 k-hat=2 anchors=2  margin=0.8498  mean-anchor=0.8302  5=0.830
    [np   frozen     ] purity r1=0.646 r2=0.650  probe 0.819->0.819  eucl 0.507->0.507  perevt 0.039->0.039  drift 0.000
  [sigreg+proto] epoch 1/5  sigreg=0.4879  proto=4.7976  min_dist=1.24  mean_dist=12.92
  [sigreg+proto] epoch 2/5  sigreg=0.4853  proto=5.0846  min_dist=1.34  mean_dist=12.96
  [sigreg+proto] epoch 3/5  sigreg=0.4874  proto=4.5152  min_dist=1.44  mean_dist=13.00
  [sigreg+proto] epoch 4/5  sigreg=0.4867  proto=4.2802  min_dist=1.53  mean_dist=13.03
  [sigreg+proto] epoch 5/5  sigreg=0.4838  proto=5.6507  min_dist=1.62  mean_dist=13.07
  round 1: pool=223 purity=0.646 k-hat=2 anchors=2  margin=0.8540  mean-anchor=0.8361  5=0.836
    merged 4 -> 2 anchors
  [sigreg+proto] epoch 1/5  sigreg=0.4788  proto=4.7545  min_dist=1.70  mean_dist=13.09
  [sigreg+proto] epoch 2/5  sigreg=0.4880  proto=4.5659  min_dist=1.81  mean_dist=13.12
  [sigreg+proto] epoch 3/5  sigreg=0.4821  proto=4.9353  min_dist=1.91  mean_dist=13.16
  [sigreg+proto] epoch 4/5  sigreg=0.4808  proto=5.0115  min_dist=2.00  mean_dist=13.20
  [sigreg+proto] epoch 5/5  sigreg=0.4805  proto=5.3724  min_dist=2.09  mean_dist=13.24
  round 2: pool=225 purity=0.649 k-hat=2 anchors=2  margin=0.8504  mean-anchor=0.8361  5=0.836
    [np   corpus-norm] purity r1=0.646 r2=0.649  probe 0.819->0.822  eucl 0.507->0.505  perevt 0.039->0.040  drift 0.104

===== EXP135 SUMMARY_h1_d5 (paired frozen vs corpus-norm; gate 0.15) =====
  cell|arm|scorer                              r1  r2 frz   r2 cn    d r2    probe frz/cn  drift
  galaxy10:lejepa|supcon-ft|np              0.613   0.586   0.609  +0.023   0.878/0.879    0.162
  galaxy10:lejepa|ss-ft|np                  0.535   0.497   0.497  +0.000   0.865/0.873    0.224
  galaxy10:lejepa|nplm-sup-ft|np            0.646   0.650   0.649  -0.002   0.819/0.822    0.104

wrote logs/exp135/corpus_norm_galaxy10-lejepa_h1_d5_s2.json
EXP135 DONE.
