/home/pharris/venv/lib64/python3.9/site-packages/networkx/utils/backends.py:135: RuntimeWarning: networkx backend defined more than once: nx-loopback
  backends.update(_get_backends("networkx.backends"))

######## galaxy10:visreg_h1_d8: holdouts=[3] ########

  --- supcon-ft: pre probe=0.9672 eucl=0.7376 mahaT=0.6781 perevt=0.145   [archived unfrozen post probe 0.9604]
  [sigreg+proto] epoch 1/5  sigreg=0.2549  proto=4.4644  min_dist=5.28  mean_dist=18.18
  [sigreg+proto] epoch 2/5  sigreg=0.2557  proto=4.2723  min_dist=5.36  mean_dist=18.19
  [sigreg+proto] epoch 3/5  sigreg=0.2729  proto=5.8615  min_dist=5.43  mean_dist=18.20
  [sigreg+proto] epoch 4/5  sigreg=0.2595  proto=5.0931  min_dist=5.50  mean_dist=18.22
  [sigreg+proto] epoch 5/5  sigreg=0.2512  proto=3.7615  min_dist=5.58  mean_dist=18.23
  round 1: pool=266 purity=0.703 k-hat=4 anchors=4  margin=0.9240  mean-anchor=0.8491  3=0.849
    merged 8 -> 6 anchors
  [sigreg+proto] epoch 1/5  sigreg=0.2744  proto=4.2044  min_dist=3.38  mean_dist=17.22
  [sigreg+proto] epoch 2/5  sigreg=0.2700  proto=3.4210  min_dist=3.40  mean_dist=17.24
  [sigreg+proto] epoch 3/5  sigreg=0.2795  proto=4.9807  min_dist=3.41  mean_dist=17.26
  [sigreg+proto] epoch 4/5  sigreg=0.2763  proto=3.4052  min_dist=3.41  mean_dist=17.29
  [sigreg+proto] epoch 5/5  sigreg=0.2849  proto=4.7143  min_dist=3.41  mean_dist=17.31
  round 2: pool=257 purity=0.693 k-hat=4 anchors=6  margin=0.9276  mean-anchor=0.8400  3=0.840
    [np   frozen     ] purity r1=0.703 r2=0.693  probe 0.967->0.967  eucl 0.738->0.738  perevt 0.145->0.145  drift 0.000
  [sigreg+proto] epoch 1/5  sigreg=0.3288  proto=6.0846  min_dist=5.28  mean_dist=18.19
  [sigreg+proto] epoch 2/5  sigreg=0.3316  proto=5.8566  min_dist=5.35  mean_dist=18.22
  [sigreg+proto] epoch 3/5  sigreg=0.3501  proto=7.8892  min_dist=5.42  mean_dist=18.24
  [sigreg+proto] epoch 4/5  sigreg=0.3374  proto=6.9528  min_dist=5.50  mean_dist=18.27
  [sigreg+proto] epoch 5/5  sigreg=0.3294  proto=5.7641  min_dist=5.57  mean_dist=18.30
  round 1: pool=266 purity=0.703 k-hat=4 anchors=4  margin=0.9187  mean-anchor=0.8616  3=0.862
  [sigreg+proto] epoch 1/5  sigreg=0.3675  proto=5.6140  min_dist=3.20  mean_dist=16.80
  [sigreg+proto] epoch 2/5  sigreg=0.3760  proto=5.9081  min_dist=3.21  mean_dist=16.82
  [sigreg+proto] epoch 3/5  sigreg=0.3727  proto=5.9309  min_dist=3.21  mean_dist=16.84
  [sigreg+proto] epoch 4/5  sigreg=0.3762  proto=6.2326  min_dist=3.21  mean_dist=16.87
  [sigreg+proto] epoch 5/5  sigreg=0.3887  proto=7.2949  min_dist=3.22  mean_dist=16.89
  round 2: pool=254 purity=0.689 k-hat=4 anchors=8  margin=0.9088  mean-anchor=0.8388  3=0.839
    [np   corpus-norm] purity r1=0.703 r2=0.689  probe 0.967->0.965  eucl 0.738->0.737  perevt 0.145->0.150  drift 0.188

  --- ss-ft: pre probe=0.9542 eucl=0.6476 mahaT=0.5986 perevt=0.033   [archived unfrozen post probe 0.9516]
  [sigreg+proto] epoch 1/5  sigreg=0.2399  proto=3.7676  min_dist=3.51  mean_dist=13.48
  [sigreg+proto] epoch 2/5  sigreg=0.2472  proto=3.4421  min_dist=3.57  mean_dist=13.51
  [sigreg+proto] epoch 3/5  sigreg=0.2468  proto=4.5770  min_dist=3.64  mean_dist=13.55
  [sigreg+proto] epoch 4/5  sigreg=0.2391  proto=3.6032  min_dist=3.71  mean_dist=13.58
  [sigreg+proto] epoch 5/5  sigreg=0.2427  proto=3.5866  min_dist=3.78  mean_dist=13.62
  round 1: pool=248 purity=0.681 k-hat=4 anchors=4  margin=0.9195  mean-anchor=0.8405  3=0.840
    merged 8 -> 4 anchors
  [sigreg+proto] epoch 1/5  sigreg=0.2377  proto=3.8550  min_dist=3.58  mean_dist=13.74
  [sigreg+proto] epoch 2/5  sigreg=0.2386  proto=4.6093  min_dist=3.65  mean_dist=13.78
  [sigreg+proto] epoch 3/5  sigreg=0.2427  proto=4.1196  min_dist=3.73  mean_dist=13.82
  [sigreg+proto] epoch 4/5  sigreg=0.2392  proto=3.8555  min_dist=3.80  mean_dist=13.85
  [sigreg+proto] epoch 5/5  sigreg=0.2335  proto=3.9461  min_dist=3.87  mean_dist=13.88
  round 2: pool=251 purity=0.685 k-hat=4 anchors=4  margin=0.9273  mean-anchor=0.7743  3=0.774
    [np   frozen     ] purity r1=0.681 r2=0.685  probe 0.954->0.954  eucl 0.648->0.648  perevt 0.033->0.033  drift 0.000
  [sigreg+proto] epoch 1/5  sigreg=0.2803  proto=5.0516  min_dist=3.51  mean_dist=13.48
  [sigreg+proto] epoch 2/5  sigreg=0.2818  proto=4.7417  min_dist=3.58  mean_dist=13.51
  [sigreg+proto] epoch 3/5  sigreg=0.2869  proto=6.1675  min_dist=3.65  mean_dist=13.55
  [sigreg+proto] epoch 4/5  sigreg=0.2789  proto=4.9467  min_dist=3.72  mean_dist=13.59
  [sigreg+proto] epoch 5/5  sigreg=0.2855  proto=5.1527  min_dist=3.79  mean_dist=13.62
  round 1: pool=248 purity=0.681 k-hat=4 anchors=4  margin=0.9117  mean-anchor=0.7792  3=0.779
    merged 8 -> 4 anchors
  [sigreg+proto] epoch 1/5  sigreg=0.2695  proto=4.8923  min_dist=3.58  mean_dist=13.42
  [sigreg+proto] epoch 2/5  sigreg=0.2759  proto=5.7446  min_dist=3.65  mean_dist=13.45
  [sigreg+proto] epoch 3/5  sigreg=0.2728  proto=5.0068  min_dist=3.72  mean_dist=13.49
  [sigreg+proto] epoch 4/5  sigreg=0.2737  proto=4.7954  min_dist=3.79  mean_dist=13.53
  [sigreg+proto] epoch 5/5  sigreg=0.2604  proto=5.0291  min_dist=3.86  mean_dist=13.57
  round 2: pool=229 purity=0.655 k-hat=4 anchors=4  margin=0.9019  mean-anchor=0.7738  3=0.774
    [np   corpus-norm] purity r1=0.681 r2=0.655  probe 0.954->0.955  eucl 0.648->0.623  perevt 0.033->0.037  drift 0.204

  --- nplm-sup-ft: pre probe=0.8892 eucl=0.6716 mahaT=0.6558 perevt=0.131   [archived unfrozen post probe 0.9345]
  [sigreg+proto] epoch 1/5  sigreg=0.6148  proto=1.5773  min_dist=0.52  mean_dist=7.07
  [sigreg+proto] epoch 2/5  sigreg=0.6178  proto=1.5540  min_dist=0.62  mean_dist=7.10
  [sigreg+proto] epoch 3/5  sigreg=0.6164  proto=1.6516  min_dist=0.70  mean_dist=7.12
  [sigreg+proto] epoch 4/5  sigreg=0.6126  proto=1.5319  min_dist=0.78  mean_dist=7.15
  [sigreg+proto] epoch 5/5  sigreg=0.6099  proto=1.7762  min_dist=0.85  mean_dist=7.18
  round 1: pool=208 purity=0.620 k-hat=2 anchors=2  margin=0.8342  mean-anchor=0.7404  3=0.740
    merged 4 -> 2 anchors
  [sigreg+proto] epoch 1/5  sigreg=0.6153  proto=1.5896  min_dist=0.96  mean_dist=7.18
  [sigreg+proto] epoch 2/5  sigreg=0.6125  proto=1.6224  min_dist=1.06  mean_dist=7.21
  [sigreg+proto] epoch 3/5  sigreg=0.6094  proto=1.7536  min_dist=1.16  mean_dist=7.25
  [sigreg+proto] epoch 4/5  sigreg=0.6163  proto=1.6411  min_dist=1.24  mean_dist=7.28
  [sigreg+proto] epoch 5/5  sigreg=0.6174  proto=1.5877  min_dist=1.30  mean_dist=7.32
  round 2: pool=215 purity=0.633 k-hat=2 anchors=2  margin=0.8336  mean-anchor=0.7388  3=0.739
    [np   frozen     ] purity r1=0.620 r2=0.633  probe 0.889->0.889  eucl 0.672->0.672  perevt 0.131->0.131  drift 0.000
  [sigreg+proto] epoch 1/5  sigreg=0.6139  proto=1.7380  min_dist=0.52  mean_dist=7.07
  [sigreg+proto] epoch 2/5  sigreg=0.6172  proto=1.6979  min_dist=0.62  mean_dist=7.10
  [sigreg+proto] epoch 3/5  sigreg=0.6179  proto=1.8158  min_dist=0.70  mean_dist=7.12
  [sigreg+proto] epoch 4/5  sigreg=0.6112  proto=1.6750  min_dist=0.78  mean_dist=7.15
  [sigreg+proto] epoch 5/5  sigreg=0.6099  proto=1.9012  min_dist=0.85  mean_dist=7.18
  round 1: pool=208 purity=0.620 k-hat=2 anchors=2  margin=0.8437  mean-anchor=0.7648  3=0.765
    merged 4 -> 2 anchors
  [sigreg+proto] epoch 1/5  sigreg=0.6147  proto=1.7091  min_dist=0.96  mean_dist=7.19
  [sigreg+proto] epoch 2/5  sigreg=0.6088  proto=1.7840  min_dist=1.06  mean_dist=7.23
  [sigreg+proto] epoch 3/5  sigreg=0.6059  proto=1.9198  min_dist=1.16  mean_dist=7.26
  [sigreg+proto] epoch 4/5  sigreg=0.6122  proto=1.8015  min_dist=1.24  mean_dist=7.29
  [sigreg+proto] epoch 5/5  sigreg=0.6154  proto=1.7071  min_dist=1.30  mean_dist=7.33
  round 2: pool=218 purity=0.638 k-hat=2 anchors=2  margin=0.8363  mean-anchor=0.7510  3=0.751
    [np   corpus-norm] purity r1=0.620 r2=0.638  probe 0.889->0.898  eucl 0.672->0.670  perevt 0.131->0.134  drift 0.141

===== EXP135 SUMMARY_h1_d8 (paired frozen vs corpus-norm; gate 0.15) =====
  cell|arm|scorer                              r1  r2 frz   r2 cn    d r2    probe frz/cn  drift
  galaxy10:visreg|supcon-ft|np              0.703   0.693   0.689  -0.004   0.967/0.965    0.188
  galaxy10:visreg|ss-ft|np                  0.681   0.685   0.655  -0.030   0.954/0.955    0.204
  galaxy10:visreg|nplm-sup-ft|np            0.620   0.633   0.638  +0.005   0.889/0.898    0.141

wrote logs/exp135/corpus_norm_galaxy10-visreg_h1_d8_s2.json
EXP135 DONE.
