/home/pharris/venv/lib64/python3.9/site-packages/networkx/utils/backends.py:135: RuntimeWarning: networkx backend defined more than once: nx-loopback
  backends.update(_get_backends("networkx.backends"))
Using cache found in /home/pharris/.cache/torch/hub/facebookresearch_dino_main
Using cache found in /home/pharris/.cache/torch/hub/facebookresearch_dino_main
Using cache found in /home/pharris/.cache/torch/hub/facebookresearch_dino_main
Using cache found in /home/pharris/.cache/torch/hub/facebookresearch_dino_main
Using cache found in /home/pharris/.cache/torch/hub/facebookresearch_dino_main
Using cache found in /home/pharris/.cache/torch/hub/facebookresearch_dino_main
Using cache found in /home/pharris/.cache/torch/hub/facebookresearch_dino_main
Using cache found in /home/pharris/.cache/torch/hub/facebookresearch_dino_main
Using cache found in /home/pharris/.cache/torch/hub/facebookresearch_dino_main
Using cache found in /home/pharris/.cache/torch/hub/facebookresearch_dino_main
Using cache found in /home/pharris/.cache/torch/hub/facebookresearch_dino_main
Using cache found in /home/pharris/.cache/torch/hub/facebookresearch_dino_main
  galaxy10:dino: 6 spaces (tag '_h1_d8')
arm                              top1      sd  n_seen   dim
------------------------------------------------------------
galaxy10:dino|simclr-ft        0.5771  0.0056       9   100
galaxy10:dino|sigreg-ssl-ft    0.5607  0.0045       9   100
galaxy10:dino|nplm-bil-ft      0.5691  0.0024       9   100
galaxy10:dino|supcon-ft        0.6639  0.0019       9   100
galaxy10:dino|ss-ft            0.6261  0.0019       9   100
galaxy10:dino|nplm-sup-ft      0.5407  0.0021       9   100

vs baseline 'galaxy10:dino|supcon-ft' (TIE unless the gap clears max(noise floor, sd_a+sd_b)):
  galaxy10:dino|simclr-ft          -0.0868  (thresh 0.0170)  -> galaxy10:dino|supcon-ft
  galaxy10:dino|sigreg-ssl-ft      -0.1033  (thresh 0.0170)  -> galaxy10:dino|supcon-ft
  galaxy10:dino|nplm-bil-ft        -0.0948  (thresh 0.0170)  -> galaxy10:dino|supcon-ft
  galaxy10:dino|ss-ft              -0.0379  (thresh 0.0170)  -> galaxy10:dino|supcon-ft
  galaxy10:dino|nplm-sup-ft        -0.1232  (thresh 0.0170)  -> galaxy10:dino|supcon-ft

wrote logs/exp132/probe_cells_galaxy10-dino_h1_d8.json

REMINDER: report this as a NO-COST argument (does adding SIGReg to a
supervised objective cost supervised accuracy?), not as a win over SSL
baselines -- our objectives use labels and theirs do not.
