/home/pharris/venv/lib64/python3.9/site-packages/networkx/utils/backends.py:135: RuntimeWarning: networkx backend defined more than once: nx-loopback
  backends.update(_get_backends("networkx.backends"))

######## aircraft:visreg_h1_d4: holdouts=[58] ########

  --- frozen: pre probe=0.9544 eucl=0.7105 mahaT=0.8214 perevt=0.030
  [sigreg+proto] epoch 1/5  sigreg=0.2046  proto=95.9433  min_dist=3.41  mean_dist=14.93
  [sigreg+proto] epoch 2/5  sigreg=0.2050  proto=95.0032  min_dist=3.60  mean_dist=14.98
  [sigreg+proto] epoch 3/5  sigreg=0.2083  proto=93.3750  min_dist=3.71  mean_dist=15.01
  [sigreg+proto] epoch 4/5  sigreg=0.2016  proto=85.8663  min_dist=3.78  mean_dist=15.04
  [sigreg+proto] epoch 5/5  sigreg=0.2011  proto=88.5525  min_dist=3.84  mean_dist=15.06
  round 1: pool=341 purity=0.032 k-hat=4 anchors=4  margin=0.5783  mean-anchor=0.4699  58=0.470
  [sigreg+proto] epoch 1/5  sigreg=0.2095  proto=86.6522  min_dist=3.92  mean_dist=16.55
  [sigreg+proto] epoch 2/5  sigreg=0.2163  proto=84.2203  min_dist=3.99  mean_dist=16.57
  [sigreg+proto] epoch 3/5  sigreg=0.2108  proto=81.4868  min_dist=4.07  mean_dist=16.58
  [sigreg+proto] epoch 4/5  sigreg=0.2164  proto=78.6665  min_dist=4.14  mean_dist=16.59
  [sigreg+proto] epoch 5/5  sigreg=0.2186  proto=81.3949  min_dist=4.23  mean_dist=16.59
  round 2: pool=339 purity=0.027 k-hat=4 anchors=8  margin=0.5562  mean-anchor=0.4347  58=0.435
    [dist frozen     ] purity r1=0.032 r2=0.027  probe 0.954->0.954  eucl 0.711->0.711  perevt 0.030->0.030  drift 0.000
  [sigreg+proto] epoch 1/5  sigreg=0.2085  proto=91.8750  min_dist=3.40  mean_dist=14.92
  [sigreg+proto] epoch 2/5  sigreg=0.2100  proto=91.4273  min_dist=3.58  mean_dist=14.96
  [sigreg+proto] epoch 3/5  sigreg=0.2112  proto=86.3698  min_dist=3.70  mean_dist=14.98
  [sigreg+proto] epoch 4/5  sigreg=0.2062  proto=82.7355  min_dist=3.77  mean_dist=15.00
  [sigreg+proto] epoch 5/5  sigreg=0.2024  proto=83.3749  min_dist=3.84  mean_dist=15.02
  round 1: pool=341 purity=0.032 k-hat=4 anchors=4  margin=0.5856  mean-anchor=0.4878  58=0.488
  [sigreg+proto] epoch 1/5  sigreg=0.2069  proto=79.4245  min_dist=3.92  mean_dist=16.47
  [sigreg+proto] epoch 2/5  sigreg=0.2210  proto=76.5535  min_dist=3.99  mean_dist=16.47
  [sigreg+proto] epoch 3/5  sigreg=0.2139  proto=79.4717  min_dist=4.06  mean_dist=16.48
  [sigreg+proto] epoch 4/5  sigreg=0.2159  proto=74.3814  min_dist=4.13  mean_dist=16.48
  [sigreg+proto] epoch 5/5  sigreg=0.2293  proto=72.4154  min_dist=4.21  mean_dist=16.48
  round 2: pool=339 purity=0.027 k-hat=4 anchors=8  margin=0.5568  mean-anchor=0.4421  58=0.442
    [dist corpus-norm] purity r1=0.032 r2=0.027  probe 0.954->0.969  eucl 0.711->0.709  perevt 0.030->0.030  drift 0.070
  [sigreg+proto] epoch 1/5  sigreg=0.2162  proto=111.9130  min_dist=3.40  mean_dist=13.63
  [sigreg+proto] epoch 2/5  sigreg=0.2064  proto=111.2854  min_dist=3.60  mean_dist=13.70
  [sigreg+proto] epoch 3/5  sigreg=0.2082  proto=108.4638  min_dist=3.74  mean_dist=13.75
  [sigreg+proto] epoch 4/5  sigreg=0.2097  proto=109.9230  min_dist=3.85  mean_dist=13.80
  [sigreg+proto] epoch 5/5  sigreg=0.2107  proto=105.7024  min_dist=3.92  mean_dist=13.84
  round 1: pool=330 purity=0.000 k-hat=3 anchors=3  margin=0.1969  mean-anchor=0.2700  58=0.270
  [sigreg+proto] epoch 1/5  sigreg=0.2144  proto=110.5632  min_dist=3.92  mean_dist=14.24
  [sigreg+proto] epoch 2/5  sigreg=0.2137  proto=106.1069  min_dist=3.85  mean_dist=14.29
  [sigreg+proto] epoch 3/5  sigreg=0.2100  proto=105.1662  min_dist=3.80  mean_dist=14.33
  [sigreg+proto] epoch 4/5  sigreg=0.2126  proto=104.5116  min_dist=3.77  mean_dist=14.36
  [sigreg+proto] epoch 5/5  sigreg=0.2063  proto=103.0720  min_dist=3.76  mean_dist=14.38
  round 2: pool=332 purity=0.006 k-hat=2 anchors=5  margin=0.1960  mean-anchor=0.2739  58=0.274
    [np   frozen     ] purity r1=0.000 r2=0.006  probe 0.954->0.954  eucl 0.711->0.711  perevt 0.030->0.030  drift 0.000
  [sigreg+proto] epoch 1/5  sigreg=0.2203  proto=112.6765  min_dist=3.38  mean_dist=13.63
  [sigreg+proto] epoch 2/5  sigreg=0.2100  proto=113.0043  min_dist=3.58  mean_dist=13.68
  [sigreg+proto] epoch 3/5  sigreg=0.2148  proto=113.0682  min_dist=3.73  mean_dist=13.72
  [sigreg+proto] epoch 4/5  sigreg=0.2162  proto=115.5313  min_dist=3.85  mean_dist=13.76
  [sigreg+proto] epoch 5/5  sigreg=0.2142  proto=109.1602  min_dist=3.91  mean_dist=13.79
  round 1: pool=330 purity=0.000 k-hat=3 anchors=3  margin=0.1946  mean-anchor=0.2588  58=0.259
  [sigreg+proto] epoch 1/5  sigreg=0.2181  proto=111.6190  min_dist=4.01  mean_dist=14.20
  [sigreg+proto] epoch 2/5  sigreg=0.2191  proto=108.6397  min_dist=4.09  mean_dist=14.23
  [sigreg+proto] epoch 3/5  sigreg=0.2146  proto=108.0873  min_dist=4.14  mean_dist=14.26
  [sigreg+proto] epoch 4/5  sigreg=0.2148  proto=108.2760  min_dist=4.13  mean_dist=14.28
  [sigreg+proto] epoch 5/5  sigreg=0.2106  proto=107.2689  min_dist=4.12  mean_dist=14.31
  round 2: pool=332 purity=0.006 k-hat=2 anchors=5  margin=0.1967  mean-anchor=0.2703  58=0.270
    [np   corpus-norm] purity r1=0.000 r2=0.006  probe 0.954->0.946  eucl 0.711->0.713  perevt 0.030->0.030  drift 0.040

===== EXP135 SUMMARY_h1_d4 (paired frozen vs corpus-norm; gate 0.15) =====
  cell|arm|scorer                              r1  r2 frz   r2 cn    d r2    probe frz/cn  drift
  aircraft:visreg|frozen|dist             0.032   0.027   0.027  +0.000   0.954/0.969    0.070
  aircraft:visreg|frozen|np               0.000   0.006   0.006  +0.000   0.954/0.946    0.040

wrote logs/exp135/corpus_norm_aircraft-visreg_frozen_h1_d4.json
EXP135 DONE.
