/home/pharris/venv/lib64/python3.9/site-packages/networkx/utils/backends.py:135: RuntimeWarning: networkx backend defined more than once: nx-loopback
  backends.update(_get_backends("networkx.backends"))
Using cache found in /home/pharris/.cache/torch/hub/facebookresearch_dino_main
Using cache found in /home/pharris/.cache/torch/hub/facebookresearch_dino_main

######## [cars:dino] frozen discovery on supcon-ft->resnplm concat ########
  pre probe=0.8068
  [sigreg+proto] epoch 1/5  sigreg=0.3752  proto=18.6816  min_dist=5.03  mean_dist=30.64
  [sigreg+proto] epoch 2/5  sigreg=0.3545  proto=16.8203  min_dist=5.06  mean_dist=30.61
  [sigreg+proto] epoch 3/5  sigreg=0.3579  proto=16.6322  min_dist=5.09  mean_dist=30.58
  [sigreg+proto] epoch 4/5  sigreg=0.3488  proto=16.4023  min_dist=5.12  mean_dist=30.56
  [sigreg+proto] epoch 5/5  sigreg=0.3649  proto=17.4060  min_dist=5.15  mean_dist=30.54
  round 1: pool=460 purity=0.161 k-hat=12 anchors=12  margin=0.6634  mean-anchor=0.8830  
    merged 24 -> 23 anchors
  [sigreg+proto] epoch 1/5  sigreg=0.3949  proto=16.3544  min_dist=4.05  mean_dist=31.06
  [sigreg+proto] epoch 2/5  sigreg=0.4068  proto=18.0231  min_dist=4.05  mean_dist=31.03
  [sigreg+proto] epoch 3/5  sigreg=0.4143  proto=18.0883  min_dist=4.07  mean_dist=31.01
  [sigreg+proto] epoch 4/5  sigreg=0.3920  proto=18.0636  min_dist=4.09  mean_dist=30.99
  [sigreg+proto] epoch 5/5  sigreg=0.3859  proto=17.2407  min_dist=4.11  mean_dist=30.96
  round 2: pool=414 purity=0.068 k-hat=12 anchors=23  margin=0.6644  mean-anchor=0.8675  
  [cars:dino] probe=0.8068 (frozen)  perevt=0.228  purity r1=0.161 r2=0.068  margin r2=0.6644
Fetching 37 files:   0%|          | 0/37 [00:00<?, ?it/s]Fetching 37 files: 100%|██████████| 37/37 [00:00<00:00, 45765.04it/s]
Fetching 37 files:   0%|          | 0/37 [00:00<?, ?it/s]Fetching 37 files: 100%|██████████| 37/37 [00:00<00:00, 19807.18it/s]

######## [cars:lejepa] frozen discovery on supcon-ft->resnplm concat ########
  pre probe=0.7800
  [sigreg+proto] epoch 1/5  sigreg=0.5893  proto=1.4539  min_dist=1.25  mean_dist=5.36
  [sigreg+proto] epoch 2/5  sigreg=0.5905  proto=1.5151  min_dist=1.43  mean_dist=5.53
  [sigreg+proto] epoch 3/5  sigreg=0.5899  proto=1.4246  min_dist=1.57  mean_dist=5.69
  [sigreg+proto] epoch 4/5  sigreg=0.5904  proto=1.4966  min_dist=1.71  mean_dist=5.86
  [sigreg+proto] epoch 5/5  sigreg=0.5947  proto=1.3963  min_dist=1.84  mean_dist=6.02
  round 1: pool=431 purity=0.104 k-hat=3 anchors=3  margin=0.6222  mean-anchor=0.5821  
    merged 6 -> 4 anchors
  [sigreg+proto] epoch 1/5  sigreg=0.5915  proto=1.4682  min_dist=1.96  mean_dist=6.20
  [sigreg+proto] epoch 2/5  sigreg=0.5963  proto=1.4232  min_dist=2.12  mean_dist=6.39
  [sigreg+proto] epoch 3/5  sigreg=0.5954  proto=1.4407  min_dist=2.25  mean_dist=6.57
  [sigreg+proto] epoch 4/5  sigreg=0.6018  proto=1.3442  min_dist=2.35  mean_dist=6.75
  [sigreg+proto] epoch 5/5  sigreg=0.6030  proto=1.3914  min_dist=2.46  mean_dist=6.92
  round 2: pool=438 purity=0.119 k-hat=3 anchors=4  margin=0.6618  mean-anchor=0.7883  
  [cars:lejepa] probe=0.7800 (frozen)  perevt=0.087  purity r1=0.104 r2=0.119  margin r2=0.6618

######## [cars:visreg] frozen discovery on supcon-ft->resnplm concat ########
  pre probe=0.8359
  [sigreg+proto] epoch 1/5  sigreg=0.1554  proto=6.3501  min_dist=3.50  mean_dist=24.50
  [sigreg+proto] epoch 2/5  sigreg=0.1541  proto=5.9919  min_dist=3.50  mean_dist=24.47
  [sigreg+proto] epoch 3/5  sigreg=0.1522  proto=5.5598  min_dist=3.52  mean_dist=24.45
  [sigreg+proto] epoch 4/5  sigreg=0.1525  proto=5.3346  min_dist=3.51  mean_dist=24.42
  [sigreg+proto] epoch 5/5  sigreg=0.1511  proto=5.5467  min_dist=3.52  mean_dist=24.40
  round 1: pool=523 purity=0.262 k-hat=12 anchors=12  margin=0.8280  mean-anchor=0.9133  
  [sigreg+proto] epoch 1/5  sigreg=0.1635  proto=7.0182  min_dist=3.57  mean_dist=24.09
  [sigreg+proto] epoch 2/5  sigreg=0.1637  proto=5.8905  min_dist=3.60  mean_dist=24.07
  [sigreg+proto] epoch 3/5  sigreg=0.1614  proto=6.3243  min_dist=3.61  mean_dist=24.05
  [sigreg+proto] epoch 4/5  sigreg=0.1643  proto=5.7623  min_dist=3.61  mean_dist=24.03
  [sigreg+proto] epoch 5/5  sigreg=0.1629  proto=5.9360  min_dist=3.59  mean_dist=24.01
  round 2: pool=430 purity=0.102 k-hat=12 anchors=24  margin=0.8354  mean-anchor=0.9439  
  [cars:visreg] probe=0.8359 (frozen)  perevt=0.373  purity r1=0.262 r2=0.102  margin r2=0.8354
Using cache found in /home/pharris/.cache/torch/hub/facebookresearch_dino_main
Using cache found in /home/pharris/.cache/torch/hub/facebookresearch_dino_main

######## [flowers:dino] frozen discovery on supcon-ft->resnplm concat ########
  pre probe=0.8830
  [sigreg+proto] epoch 1/5  sigreg=0.4356  proto=2.1090  min_dist=2.17  mean_dist=18.99
  [sigreg+proto] epoch 2/5  sigreg=0.4355  proto=4.0037  min_dist=2.21  mean_dist=19.01
  [sigreg+proto] epoch 3/5  sigreg=0.4583  proto=1.7812  min_dist=2.26  mean_dist=19.02
  [sigreg+proto] epoch 4/5  sigreg=0.4531  proto=3.2490  min_dist=2.30  mean_dist=19.04
  [sigreg+proto] epoch 5/5  sigreg=0.4339  proto=3.5666  min_dist=2.34  mean_dist=19.06
  round 1: pool=235 purity=0.609 k-hat=9 anchors=9  margin=0.9619  mean-anchor=0.9045  
    merged 21 -> 18 anchors
  [sigreg+proto] epoch 1/5  sigreg=0.5036  proto=5.2329  min_dist=2.07  mean_dist=20.04
  [sigreg+proto] epoch 2/5  sigreg=0.4738  proto=2.8821  min_dist=2.13  mean_dist=20.05
  [sigreg+proto] epoch 3/5  sigreg=0.5092  proto=4.7466  min_dist=2.19  mean_dist=20.07
  [sigreg+proto] epoch 4/5  sigreg=0.4565  proto=3.2289  min_dist=2.25  mean_dist=20.08
  [sigreg+proto] epoch 5/5  sigreg=0.4761  proto=3.7334  min_dist=2.31  mean_dist=20.10
  round 2: pool=155 purity=0.406 k-hat=12 anchors=18  margin=0.9571  mean-anchor=0.9029  
  [flowers:dino] probe=0.8830 (frozen)  perevt=0.737  purity r1=0.609 r2=0.406  margin r2=0.9571
Fetching 37 files:   0%|          | 0/37 [00:00<?, ?it/s]Fetching 37 files: 100%|██████████| 37/37 [00:00<00:00, 30657.69it/s]
Fetching 37 files:   0%|          | 0/37 [00:00<?, ?it/s]Fetching 37 files: 100%|██████████| 37/37 [00:00<00:00, 24858.12it/s]

######## [flowers:lejepa] frozen discovery on ss-ft->res concat ########
  pre probe=0.7947
  [sigreg+proto] epoch 1/5  sigreg=0.3440  proto=1.7110  min_dist=5.01  mean_dist=16.85
  [sigreg+proto] epoch 2/5  sigreg=0.3305  proto=1.8843  min_dist=5.02  mean_dist=16.86
  [sigreg+proto] epoch 3/5  sigreg=0.3433  proto=1.1986  min_dist=5.03  mean_dist=16.86
  [sigreg+proto] epoch 4/5  sigreg=0.3532  proto=1.3684  min_dist=5.03  mean_dist=16.87
  [sigreg+proto] epoch 5/5  sigreg=0.3221  proto=1.6718  min_dist=5.04  mean_dist=16.87
  round 1: pool=164 purity=0.439 k-hat=6 anchors=6  margin=0.9105  mean-anchor=0.9156  
  [sigreg+proto] epoch 1/5  sigreg=0.3233  proto=1.7290  min_dist=5.05  mean_dist=16.64
  [sigreg+proto] epoch 2/5  sigreg=0.3465  proto=1.6214  min_dist=5.06  mean_dist=16.65
  [sigreg+proto] epoch 3/5  sigreg=0.3539  proto=1.2755  min_dist=5.07  mean_dist=16.66
  [sigreg+proto] epoch 4/5  sigreg=0.3246  proto=1.9986  min_dist=5.08  mean_dist=16.67
  [sigreg+proto] epoch 5/5  sigreg=0.3446  proto=1.2731  min_dist=5.09  mean_dist=16.68
  round 2: pool=129 purity=0.287 k-hat=4 anchors=10  margin=0.9113  mean-anchor=0.9352  
  [flowers:lejepa] probe=0.7947 (frozen)  perevt=0.472  purity r1=0.439 r2=0.287  margin r2=0.9113

######## [flowers:visreg] frozen discovery on supcon-ft->resnplm concat ########
  pre probe=0.8551
  [sigreg+proto] epoch 1/5  sigreg=0.7218  proto=0.0313  min_dist=0.71  mean_dist=7.87
  [sigreg+proto] epoch 2/5  sigreg=0.7063  proto=0.1665  min_dist=0.78  mean_dist=7.91
  [sigreg+proto] epoch 3/5  sigreg=0.7246  proto=0.0508  min_dist=0.85  mean_dist=7.95
  [sigreg+proto] epoch 4/5  sigreg=0.7226  proto=0.1057  min_dist=0.91  mean_dist=7.99
  [sigreg+proto] epoch 5/5  sigreg=0.7219  proto=0.0373  min_dist=0.98  mean_dist=8.03
  round 1: pool=258 purity=0.643 k-hat=2 anchors=2  margin=0.9681  mean-anchor=0.8771  
    merged 4 -> 2 anchors
  [sigreg+proto] epoch 1/5  sigreg=0.7097  proto=0.1469  min_dist=1.03  mean_dist=8.07
  [sigreg+proto] epoch 2/5  sigreg=0.7216  proto=0.0775  min_dist=1.11  mean_dist=8.11
  [sigreg+proto] epoch 3/5  sigreg=0.7142  proto=0.0848  min_dist=1.18  mean_dist=8.15
  [sigreg+proto] epoch 4/5  sigreg=0.7178  proto=0.0888  min_dist=1.26  mean_dist=8.20
  [sigreg+proto] epoch 5/5  sigreg=0.7101  proto=0.0830  min_dist=1.33  mean_dist=8.24
  round 2: pool=213 purity=0.568 k-hat=2 anchors=2  margin=0.9678  mean-anchor=0.8786  
  [flowers:visreg] probe=0.8551 (frozen)  perevt=0.803  purity r1=0.643 r2=0.568  margin r2=0.9678
Using cache found in /home/pharris/.cache/torch/hub/facebookresearch_dino_main
Using cache found in /home/pharris/.cache/torch/hub/facebookresearch_dino_main

######## [dtd:dino] frozen discovery on supcon-ft->res concat ########
  pre probe=0.8489
  [sigreg+proto] epoch 1/5  sigreg=0.3137  proto=14.8546  min_dist=5.01  mean_dist=22.34
  [sigreg+proto] epoch 2/5  sigreg=0.3182  proto=10.5806  min_dist=5.03  mean_dist=22.33
  [sigreg+proto] epoch 3/5  sigreg=0.3175  proto=8.9487  min_dist=5.04  mean_dist=22.31
  [sigreg+proto] epoch 4/5  sigreg=0.2937  proto=9.7426  min_dist=5.06  mean_dist=22.30
  [sigreg+proto] epoch 5/5  sigreg=0.3086  proto=10.7412  min_dist=5.07  mean_dist=22.29
  round 1: pool=171 purity=0.135 k-hat=12 anchors=12  margin=0.7309  mean-anchor=0.7691  
  [sigreg+proto] epoch 1/5  sigreg=0.3404  proto=8.8716  min_dist=5.09  mean_dist=23.74
  [sigreg+proto] epoch 2/5  sigreg=0.3387  proto=9.2596  min_dist=5.10  mean_dist=23.73
  [sigreg+proto] epoch 3/5  sigreg=0.3449  proto=9.7469  min_dist=5.12  mean_dist=23.73
  [sigreg+proto] epoch 4/5  sigreg=0.3415  proto=7.7895  min_dist=5.13  mean_dist=23.72
  [sigreg+proto] epoch 5/5  sigreg=0.3499  proto=10.1130  min_dist=5.15  mean_dist=23.71
  round 2: pool=172 purity=0.140 k-hat=12 anchors=24  margin=0.7474  mean-anchor=0.7288  
  [dtd:dino] probe=0.8489 (frozen)  perevt=0.065  purity r1=0.135 r2=0.140  margin r2=0.7474
Fetching 37 files:   0%|          | 0/37 [00:00<?, ?it/s]Fetching 37 files: 100%|██████████| 37/37 [00:00<00:00, 156598.64it/s]
Fetching 37 files:   0%|          | 0/37 [00:00<?, ?it/s]Fetching 37 files: 100%|██████████| 37/37 [00:00<00:00, 33103.51it/s]

######## [dtd:lejepa] frozen discovery on ss-ft->res concat ########
  pre probe=0.8192
  [sigreg+proto] epoch 1/5  sigreg=0.2902  proto=2.3085  min_dist=5.01  mean_dist=15.15
  [sigreg+proto] epoch 2/5  sigreg=0.2932  proto=2.5321  min_dist=5.03  mean_dist=15.17
  [sigreg+proto] epoch 3/5  sigreg=0.2984  proto=2.5044  min_dist=5.04  mean_dist=15.19
  [sigreg+proto] epoch 4/5  sigreg=0.2880  proto=2.4784  min_dist=5.06  mean_dist=15.21
  [sigreg+proto] epoch 5/5  sigreg=0.2946  proto=2.6192  min_dist=5.07  mean_dist=15.23
  round 1: pool=359 purity=0.588 k-hat=8 anchors=8  margin=0.8582  mean-anchor=0.8803  
  [sigreg+proto] epoch 1/5  sigreg=0.2938  proto=2.8857  min_dist=4.30  mean_dist=14.92
  [sigreg+proto] epoch 2/5  sigreg=0.2937  proto=2.5008  min_dist=4.34  mean_dist=14.95
  [sigreg+proto] epoch 3/5  sigreg=0.2910  proto=2.6470  min_dist=4.38  mean_dist=14.98
  [sigreg+proto] epoch 4/5  sigreg=0.2908  proto=2.4822  min_dist=4.41  mean_dist=15.01
  [sigreg+proto] epoch 5/5  sigreg=0.2918  proto=2.5175  min_dist=4.44  mean_dist=15.03
  round 2: pool=184 purity=0.196 k-hat=9 anchors=17  margin=0.8428  mean-anchor=0.8947  
  [dtd:lejepa] probe=0.8192 (frozen)  perevt=0.307  purity r1=0.588 r2=0.196  margin r2=0.8428

######## [dtd:visreg] frozen discovery on supcon-ft->res concat ########
  pre probe=0.8455
  [sigreg+proto] epoch 1/5  sigreg=0.3253  proto=3.2078  min_dist=4.18  mean_dist=14.38
  [sigreg+proto] epoch 2/5  sigreg=0.3359  proto=2.6197  min_dist=4.24  mean_dist=14.40
  [sigreg+proto] epoch 3/5  sigreg=0.3336  proto=3.1657  min_dist=4.30  mean_dist=14.42
  [sigreg+proto] epoch 4/5  sigreg=0.3296  proto=2.8024  min_dist=4.36  mean_dist=14.43
  [sigreg+proto] epoch 5/5  sigreg=0.3310  proto=2.9424  min_dist=4.43  mean_dist=14.45
  round 1: pool=209 purity=0.292 k-hat=6 anchors=6  margin=0.8363  mean-anchor=0.7794  
  [sigreg+proto] epoch 1/5  sigreg=0.3357  proto=3.5615  min_dist=3.84  mean_dist=14.65
  [sigreg+proto] epoch 2/5  sigreg=0.3527  proto=3.1594  min_dist=3.89  mean_dist=14.68
  [sigreg+proto] epoch 3/5  sigreg=0.3362  proto=3.5542  min_dist=3.93  mean_dist=14.71
  [sigreg+proto] epoch 4/5  sigreg=0.3364  proto=3.8641  min_dist=3.97  mean_dist=14.74
  [sigreg+proto] epoch 5/5  sigreg=0.3415  proto=3.4670  min_dist=4.01  mean_dist=14.77
  round 2: pool=167 purity=0.114 k-hat=9 anchors=15  margin=0.8266  mean-anchor=0.7956  
  [dtd:visreg] probe=0.8455 (frozen)  perevt=0.230  purity r1=0.292 r2=0.114  margin r2=0.8266
Using cache found in /home/pharris/.cache/torch/hub/facebookresearch_dino_main
Using cache found in /home/pharris/.cache/torch/hub/facebookresearch_dino_main

######## [galaxy10:dino] frozen discovery on supcon-ft->res concat ########
  pre probe=0.9552
  [sigreg+proto] epoch 1/5  sigreg=0.2061  proto=12.3132  min_dist=5.48  mean_dist=16.21
  [sigreg+proto] epoch 2/5  sigreg=0.2038  proto=10.8734  min_dist=5.54  mean_dist=16.23
  [sigreg+proto] epoch 3/5  sigreg=0.2050  proto=11.8074  min_dist=5.58  mean_dist=16.25
  [sigreg+proto] epoch 4/5  sigreg=0.2055  proto=12.4069  min_dist=5.63  mean_dist=16.28
  [sigreg+proto] epoch 5/5  sigreg=0.2249  proto=12.2447  min_dist=5.67  mean_dist=16.30
  round 1: pool=84 purity=0.048 k-hat=4 anchors=4  margin=0.6958  mean-anchor=0.8948  9=0.895
  [sigreg+proto] epoch 1/5  sigreg=0.2491  proto=9.3266  min_dist=5.74  mean_dist=17.44
  [sigreg+proto] epoch 2/5  sigreg=0.2562  proto=8.3604  min_dist=5.80  mean_dist=17.47
  [sigreg+proto] epoch 3/5  sigreg=0.2476  proto=8.9788  min_dist=5.85  mean_dist=17.50
  [sigreg+proto] epoch 4/5  sigreg=0.2518  proto=7.9726  min_dist=5.91  mean_dist=17.53
  [sigreg+proto] epoch 5/5  sigreg=0.2471  proto=8.7477  min_dist=5.96  mean_dist=17.56
  round 2: pool=90 purity=0.111 k-hat=4 anchors=8  margin=0.6560  mean-anchor=0.8976  9=0.898
  [galaxy10:dino] probe=0.9552 (frozen)  perevt=0.015  purity r1=0.048 r2=0.111  margin r2=0.6560
Fetching 37 files:   0%|          | 0/37 [00:00<?, ?it/s]Fetching 37 files: 100%|██████████| 37/37 [00:00<00:00, 27178.50it/s]
Fetching 37 files:   0%|          | 0/37 [00:00<?, ?it/s]Fetching 37 files: 100%|██████████| 37/37 [00:00<00:00, 22034.54it/s]

######## [galaxy10:lejepa] frozen discovery on supcon-ft->res concat ########
  pre probe=0.9749
  [sigreg+proto] epoch 1/5  sigreg=0.2744  proto=5.2728  min_dist=3.83  mean_dist=8.23
  [sigreg+proto] epoch 2/5  sigreg=0.2759  proto=4.8247  min_dist=3.91  mean_dist=8.31
  [sigreg+proto] epoch 3/5  sigreg=0.2753  proto=5.1246  min_dist=3.99  mean_dist=8.39
  [sigreg+proto] epoch 4/5  sigreg=0.2755  proto=4.9849  min_dist=4.07  mean_dist=8.48
  [sigreg+proto] epoch 5/5  sigreg=0.2736  proto=5.4323  min_dist=4.15  mean_dist=8.56
  round 1: pool=80 purity=0.000 k-hat=2 anchors=2  margin=0.4307  mean-anchor=0.6611  9=0.661
  [sigreg+proto] epoch 1/5  sigreg=0.3198  proto=5.2743  min_dist=4.21  mean_dist=9.12
  [sigreg+proto] epoch 2/5  sigreg=0.3208  proto=5.1937  min_dist=4.27  mean_dist=9.17
  [sigreg+proto] epoch 3/5  sigreg=0.3252  proto=5.1929  min_dist=4.32  mean_dist=9.23
  [sigreg+proto] epoch 4/5  sigreg=0.3270  proto=5.4337  min_dist=4.38  mean_dist=9.28
  [sigreg+proto] epoch 5/5  sigreg=0.3274  proto=5.3610  min_dist=4.44  mean_dist=9.34
  round 2: pool=81 purity=0.012 k-hat=4 anchors=6  margin=0.5443  mean-anchor=0.7286  9=0.729
  [galaxy10:lejepa] probe=0.9749 (frozen)  perevt=0.023  purity r1=0.000 r2=0.012  margin r2=0.5443

######## [galaxy10:visreg] frozen discovery on supcon-ft->res residual ########
  pre probe=0.9636
  [sigreg+proto] epoch 1/5  sigreg=0.2362  proto=7.2081  min_dist=4.97  mean_dist=14.37
  [sigreg+proto] epoch 2/5  sigreg=0.2349  proto=8.2020  min_dist=5.03  mean_dist=14.39
  [sigreg+proto] epoch 3/5  sigreg=0.2242  proto=7.5393  min_dist=5.09  mean_dist=14.42
  [sigreg+proto] epoch 4/5  sigreg=0.2458  proto=7.0760  min_dist=5.16  mean_dist=14.45
  [sigreg+proto] epoch 5/5  sigreg=0.2438  proto=7.5820  min_dist=5.22  mean_dist=14.48
  round 1: pool=122 purity=0.344 k-hat=4 anchors=4  margin=0.7663  mean-anchor=0.9183  9=0.918
  [sigreg+proto] epoch 1/5  sigreg=0.2909  proto=6.3799  min_dist=4.74  mean_dist=14.35
  [sigreg+proto] epoch 2/5  sigreg=0.3033  proto=6.4281  min_dist=4.79  mean_dist=14.38
  [sigreg+proto] epoch 3/5  sigreg=0.2872  proto=6.3946  min_dist=4.85  mean_dist=14.41
  [sigreg+proto] epoch 4/5  sigreg=0.2880  proto=6.0565  min_dist=4.90  mean_dist=14.43
  [sigreg+proto] epoch 5/5  sigreg=0.2984  proto=6.1715  min_dist=4.96  mean_dist=14.46
  round 2: pool=81 purity=0.012 k-hat=4 anchors=8  margin=0.7063  mean-anchor=0.9198  9=0.920
  [galaxy10:visreg] probe=0.9636 (frozen)  perevt=0.348  purity r1=0.344 r2=0.012  margin r2=0.7063
Using cache found in /home/pharris/.cache/torch/hub/chenyaofo_pytorch-cifar-models_master
Using cache found in /home/pharris/.cache/torch/hub/chenyaofo_pytorch-cifar-models_master

######## [cifar10] frozen discovery on res-cat ########
  pre probe=0.9533
  [sigreg+proto] epoch 1/5  sigreg=0.3041  proto=3.4742  min_dist=4.49  mean_dist=9.63
  [sigreg+proto] epoch 2/5  sigreg=0.3225  proto=3.2507  min_dist=5.52  mean_dist=10.25
  [sigreg+proto] epoch 3/5  sigreg=0.3495  proto=2.8770  min_dist=6.28  mean_dist=10.75
  [sigreg+proto] epoch 4/5  sigreg=0.3788  proto=2.5041  min_dist=6.80  mean_dist=11.15
  [sigreg+proto] epoch 5/5  sigreg=0.4061  proto=2.2085  min_dist=7.16  mean_dist=11.48
  round 1: pool=2330 purity=0.034 k-hat=4 anchors=4  margin=0.6678  mean-anchor=0.6671  4=0.667
  [sigreg+proto] epoch 1/5  sigreg=0.3909  proto=4.1001  min_dist=5.48  mean_dist=11.01
  [sigreg+proto] epoch 2/5  sigreg=0.4273  proto=4.0474  min_dist=6.29  mean_dist=11.50
  [sigreg+proto] epoch 3/5  sigreg=0.4516  proto=3.4493  min_dist=6.53  mean_dist=11.86
  [sigreg+proto] epoch 4/5  sigreg=0.4733  proto=2.8342  min_dist=6.80  mean_dist=12.17
  [sigreg+proto] epoch 5/5  sigreg=0.4973  proto=2.3588  min_dist=6.99  mean_dist=12.44
  round 2: pool=2746 purity=0.181 k-hat=4 anchors=8  margin=0.6998  mean-anchor=0.8668  4=0.867
  [cifar10] probe=0.9533 (frozen)  perevt=0.096  purity r1=0.034 r2=0.181  margin r2=0.6998
Using cache found in /home/pharris/.cache/torch/hub/chenyaofo_pytorch-cifar-models_master
Using cache found in /home/pharris/.cache/torch/hub/chenyaofo_pytorch-cifar-models_master

######## [cifar100] frozen discovery on resnplm-cat ########
  pre probe=0.9597
  [sigreg+proto] epoch 1/5  sigreg=0.4444  proto=5.3417  min_dist=2.37  mean_dist=10.79
  [sigreg+proto] epoch 2/5  sigreg=0.4510  proto=5.4366  min_dist=3.17  mean_dist=11.22
  [sigreg+proto] epoch 3/5  sigreg=0.4558  proto=5.0586  min_dist=3.72  mean_dist=11.59
  [sigreg+proto] epoch 4/5  sigreg=0.4651  proto=4.8321  min_dist=4.08  mean_dist=11.90
  [sigreg+proto] epoch 5/5  sigreg=0.4713  proto=5.0175  min_dist=4.44  mean_dist=12.18
  round 1: pool=2475 purity=0.000 k-hat=4 anchors=4  margin=0.6681  mean-anchor=0.7056  4=0.706
  [sigreg+proto] epoch 1/5  sigreg=0.4779  proto=6.3384  min_dist=4.50  mean_dist=12.40
  [sigreg+proto] epoch 2/5  sigreg=0.4804  proto=6.0896  min_dist=4.74  mean_dist=12.51
  [sigreg+proto] epoch 3/5  sigreg=0.4859  proto=5.5689  min_dist=4.93  mean_dist=12.66
  [sigreg+proto] epoch 4/5  sigreg=0.4916  proto=5.5291  min_dist=5.15  mean_dist=12.82
  [sigreg+proto] epoch 5/5  sigreg=0.4992  proto=5.5378  min_dist=5.25  mean_dist=12.98
  round 2: pool=2481 purity=0.002 k-hat=4 anchors=8  margin=0.6186  mean-anchor=0.6653  4=0.665
  [cifar100] probe=0.9597 (frozen)  perevt=0.030  purity r1=0.000 r2=0.002  margin r2=0.6186

===== EXP101 SUMMARY (frozen discovery; archived unfrozen probe pre->post in parens) =====
  cell             probe  perevt   pur r1/r2     unfrozen (arch)
  cars:dino       0.8068   0.228 0.161/0.068        0.821->0.821
  cars:lejepa     0.7800   0.087 0.104/0.119        0.779->0.786
  cars:visreg     0.8359   0.373 0.262/0.102        0.855->0.851
  flowers:dino    0.8830   0.737 0.609/0.406        0.885->0.906
  flowers:lejepa  0.7947   0.472 0.439/0.287        0.813->0.813
  flowers:visreg  0.8551   0.803 0.643/0.568        0.857->0.866
  dtd:dino        0.8489   0.065 0.135/0.140        0.845->0.838
  dtd:lejepa      0.8192   0.307 0.588/0.196        0.831->0.838
  dtd:visreg      0.8455   0.230 0.292/0.114        0.847->0.862
  galaxy10:dino   0.9552   0.015 0.048/0.111        0.955->0.955
  galaxy10:lejepa  0.9749   0.023 0.000/0.012        0.975->0.970
  galaxy10:visreg  0.9636   0.348 0.344/0.012        0.964->0.951
  cifar10         0.9533   0.096 0.034/0.181                  --
  cifar100        0.9597   0.030 0.000/0.002                  --
EXP101 DONE.
EXP101 CHAIN DONE
