/home/pharris/venv/lib64/python3.9/site-packages/networkx/utils/backends.py:135: RuntimeWarning: networkx backend defined more than once: nx-loopback
  backends.update(_get_backends("networkx.backends"))
Using cache found in /home/pharris/.cache/torch/hub/facebookresearch_dino_main
Using cache found in /home/pharris/.cache/torch/hub/facebookresearch_dino_main
Using cache found in /home/pharris/.cache/torch/hub/facebookresearch_dino_main
Using cache found in /home/pharris/.cache/torch/hub/facebookresearch_dino_main
Using cache found in /home/pharris/.cache/torch/hub/facebookresearch_dino_main
Using cache found in /home/pharris/.cache/torch/hub/facebookresearch_dino_main
Using cache found in /home/pharris/.cache/torch/hub/facebookresearch_dino_main
Using cache found in /home/pharris/.cache/torch/hub/facebookresearch_dino_main
Using cache found in /home/pharris/.cache/torch/hub/facebookresearch_dino_main
Using cache found in /home/pharris/.cache/torch/hub/facebookresearch_dino_main
Using cache found in /home/pharris/.cache/torch/hub/facebookresearch_dino_main
Using cache found in /home/pharris/.cache/torch/hub/facebookresearch_dino_main
Using cache found in /home/pharris/.cache/torch/hub/facebookresearch_dino_main
Using cache found in /home/pharris/.cache/torch/hub/facebookresearch_dino_main
Using cache found in /home/pharris/.cache/torch/hub/facebookresearch_dino_main
Using cache found in /home/pharris/.cache/torch/hub/facebookresearch_dino_main
Using cache found in /home/pharris/.cache/torch/hub/facebookresearch_dino_main
Using cache found in /home/pharris/.cache/torch/hub/facebookresearch_dino_main
  galaxy10:dino: 3 trained pairs (tag '_h1_d0')

=== galaxy10:dino|supcon-ft->res  holdouts=[2]
child/parent RMS-norm ratio: 1.0748
         mode    probe     eucl   dim
          raw   0.9274   0.3940   200
  standardize   0.9157   0.3807   200
     unitnorm   0.8899   0.3915   200
       whiten   0.9209   0.2878   200
  parent-only   0.9192   0.3510   100
   child-only   0.9218   0.4326   100

=== galaxy10:dino|ss-ft->res  holdouts=[2]
child/parent RMS-norm ratio: 1.2361
         mode    probe     eucl   dim
          raw   0.9153   0.4518   200
  standardize   0.9101   0.4336   200
     unitnorm   0.8972   0.4438   200
       whiten   0.9019   0.3352   200
  parent-only   0.8917   0.4080   100
   child-only   0.9094   0.4851   100

=== galaxy10:dino|supcon-ft->resnplm  holdouts=[2]
child/parent RMS-norm ratio: 0.9205
         mode    probe     eucl   dim
          raw   0.9202   0.3650   200
  standardize   0.9145   0.3845   200
     unitnorm   0.8745   0.3671   200
       whiten   0.9199   0.3095   200
  parent-only   0.9192   0.3510   100
   child-only   0.9144   0.4338   100

wrote logs/exp134/combine_galaxy10-dino_h1_d0.json
