/home/pharris/venv/lib64/python3.9/site-packages/networkx/utils/backends.py:135: RuntimeWarning: networkx backend defined more than once: nx-loopback
  backends.update(_get_backends("networkx.backends"))

######## galaxy10:dino_h1_d8: holdouts=[3] ########
Using cache found in /home/pharris/.cache/torch/hub/facebookresearch_dino_main

  --- supcon-ft: pre probe=0.8899 eucl=0.3331 mahaT=0.2535 perevt=0.001   [archived unfrozen post probe 0.8582]
  [sigreg+proto] epoch 1/5  sigreg=0.2839  proto=8.9759  min_dist=3.95  mean_dist=16.56
  [sigreg+proto] epoch 2/5  sigreg=0.2752  proto=9.5467  min_dist=4.00  mean_dist=16.58
  [sigreg+proto] epoch 3/5  sigreg=0.2706  proto=9.0074  min_dist=4.05  mean_dist=16.60
  [sigreg+proto] epoch 4/5  sigreg=0.2838  proto=9.1950  min_dist=4.10  mean_dist=16.62
  [sigreg+proto] epoch 5/5  sigreg=0.2813  proto=8.3096  min_dist=4.16  mean_dist=16.64
  round 1: pool=79 purity=0.000 k-hat=4 anchors=4  margin=0.3572  mean-anchor=0.7834  3=0.783
  [sigreg+proto] epoch 1/5  sigreg=0.2816  proto=7.5291  min_dist=4.20  mean_dist=17.27
  [sigreg+proto] epoch 2/5  sigreg=0.2903  proto=8.5063  min_dist=4.24  mean_dist=17.29
  [sigreg+proto] epoch 3/5  sigreg=0.2909  proto=9.0400  min_dist=4.29  mean_dist=17.30
  [sigreg+proto] epoch 4/5  sigreg=0.2953  proto=8.9740  min_dist=4.33  mean_dist=17.32
  [sigreg+proto] epoch 5/5  sigreg=0.2944  proto=9.0026  min_dist=4.37  mean_dist=17.34
  round 2: pool=79 purity=0.000 k-hat=4 anchors=8  margin=0.1601  mean-anchor=0.7834  3=0.783
    [dist frozen     ] purity r1=0.000 r2=0.000  probe 0.890->0.890  eucl 0.333->0.333  perevt 0.001->0.001  drift 0.000
  [sigreg+proto] epoch 1/5  sigreg=0.5382  proto=17.3981  min_dist=3.94  mean_dist=16.54
  [sigreg+proto] epoch 2/5  sigreg=0.5394  proto=17.8991  min_dist=3.99  mean_dist=16.55
  [sigreg+proto] epoch 3/5  sigreg=0.5172  proto=16.8194  min_dist=4.03  mean_dist=16.56
  [sigreg+proto] epoch 4/5  sigreg=0.5675  proto=17.5224  min_dist=4.08  mean_dist=16.57
  [sigreg+proto] epoch 5/5  sigreg=0.5314  proto=17.0143  min_dist=4.12  mean_dist=16.58
  round 1: pool=79 purity=0.000 k-hat=4 anchors=4  margin=0.4134  mean-anchor=0.7887  3=0.789
  [sigreg+proto] epoch 1/5  sigreg=0.6377  proto=12.5148  min_dist=4.17  mean_dist=15.67
  [sigreg+proto] epoch 2/5  sigreg=0.6132  proto=13.0389  min_dist=4.20  mean_dist=15.69
  [sigreg+proto] epoch 3/5  sigreg=0.6217  proto=13.1892  min_dist=4.24  mean_dist=15.70
  [sigreg+proto] epoch 4/5  sigreg=0.5978  proto=13.0123  min_dist=4.28  mean_dist=15.71
  [sigreg+proto] epoch 5/5  sigreg=0.6165  proto=12.7760  min_dist=4.32  mean_dist=15.73
  round 2: pool=79 purity=0.000 k-hat=4 anchors=8  margin=0.6321  mean-anchor=0.8228  3=0.823
    [dist corpus-norm] purity r1=0.000 r2=0.000  probe 0.890->0.884  eucl 0.333->0.345  perevt 0.001->0.001  drift 0.297
  [sigreg+proto] epoch 1/5  sigreg=0.2916  proto=8.1257  min_dist=3.95  mean_dist=10.89
  [sigreg+proto] epoch 2/5  sigreg=0.2965  proto=7.8923  min_dist=4.01  mean_dist=10.93
  [sigreg+proto] epoch 3/5  sigreg=0.2915  proto=7.7320  min_dist=4.07  mean_dist=10.97
  [sigreg+proto] epoch 4/5  sigreg=0.2975  proto=7.6990  min_dist=4.13  mean_dist=11.02
  [sigreg+proto] epoch 5/5  sigreg=0.2916  proto=7.3443  min_dist=4.18  mean_dist=11.06
  round 1: pool=216 purity=0.634 k-hat=2 anchors=2  margin=0.8645  mean-anchor=0.8740  3=0.874
    merged 4 -> 2 anchors
  [sigreg+proto] epoch 1/5  sigreg=0.2992  proto=7.1913  min_dist=4.23  mean_dist=11.12
  [sigreg+proto] epoch 2/5  sigreg=0.2910  proto=7.8990  min_dist=4.16  mean_dist=11.16
  [sigreg+proto] epoch 3/5  sigreg=0.3025  proto=8.0478  min_dist=4.10  mean_dist=11.20
  [sigreg+proto] epoch 4/5  sigreg=0.2851  proto=7.1717  min_dist=4.04  mean_dist=11.24
  [sigreg+proto] epoch 5/5  sigreg=0.3032  proto=8.3113  min_dist=3.98  mean_dist=11.29
  round 2: pool=210 purity=0.624 k-hat=2 anchors=2  margin=0.8648  mean-anchor=0.8747  3=0.875
    [np   frozen     ] purity r1=0.634 r2=0.624  probe 0.890->0.890  eucl 0.333->0.333  perevt 0.001->0.001  drift 0.000
  [sigreg+proto] epoch 1/5  sigreg=0.2949  proto=7.5008  min_dist=3.95  mean_dist=10.89
  [sigreg+proto] epoch 2/5  sigreg=0.2978  proto=7.2976  min_dist=4.00  mean_dist=10.93
  [sigreg+proto] epoch 3/5  sigreg=0.2967  proto=7.1791  min_dist=4.06  mean_dist=10.97
  [sigreg+proto] epoch 4/5  sigreg=0.3083  proto=6.9784  min_dist=4.11  mean_dist=11.02
  [sigreg+proto] epoch 5/5  sigreg=0.2928  proto=6.7190  min_dist=4.17  mean_dist=11.06
  round 1: pool=216 purity=0.634 k-hat=2 anchors=2  margin=0.8791  mean-anchor=0.8719  3=0.872
    merged 4 -> 2 anchors
  [sigreg+proto] epoch 1/5  sigreg=0.3028  proto=6.7604  min_dist=4.22  mean_dist=11.01
  [sigreg+proto] epoch 2/5  sigreg=0.2941  proto=7.5087  min_dist=4.27  mean_dist=11.05
  [sigreg+proto] epoch 3/5  sigreg=0.3083  proto=7.4307  min_dist=4.32  mean_dist=11.10
  [sigreg+proto] epoch 4/5  sigreg=0.2847  proto=6.3149  min_dist=4.28  mean_dist=11.14
  [sigreg+proto] epoch 5/5  sigreg=0.3066  proto=7.6055  min_dist=4.23  mean_dist=11.19
  round 2: pool=212 purity=0.627 k-hat=2 anchors=2  margin=0.8751  mean-anchor=0.8764  3=0.876
    [np   corpus-norm] purity r1=0.634 r2=0.627  probe 0.890->0.893  eucl 0.333->0.334  perevt 0.001->0.001  drift 0.111
Using cache found in /home/pharris/.cache/torch/hub/facebookresearch_dino_main

  --- ss-ft: pre probe=0.8646 eucl=0.3445 mahaT=0.3055 perevt=0.006   [archived unfrozen post probe 0.8591]
  [sigreg+proto] epoch 1/5  sigreg=0.2140  proto=6.7974  min_dist=2.75  mean_dist=14.31
  [sigreg+proto] epoch 2/5  sigreg=0.2004  proto=7.2451  min_dist=2.83  mean_dist=14.33
  [sigreg+proto] epoch 3/5  sigreg=0.1964  proto=6.9809  min_dist=2.90  mean_dist=14.36
  [sigreg+proto] epoch 4/5  sigreg=0.2132  proto=7.1581  min_dist=2.98  mean_dist=14.38
  [sigreg+proto] epoch 5/5  sigreg=0.1981  proto=6.9856  min_dist=3.06  mean_dist=14.41
  round 1: pool=79 purity=0.000 k-hat=4 anchors=4  margin=0.2393  mean-anchor=0.7907  3=0.791
  [sigreg+proto] epoch 1/5  sigreg=0.2628  proto=5.4745  min_dist=3.12  mean_dist=15.45
  [sigreg+proto] epoch 2/5  sigreg=0.2606  proto=5.9650  min_dist=3.18  mean_dist=15.47
  [sigreg+proto] epoch 3/5  sigreg=0.2741  proto=6.2959  min_dist=3.24  mean_dist=15.50
  [sigreg+proto] epoch 4/5  sigreg=0.2693  proto=6.0188  min_dist=3.30  mean_dist=15.53
  [sigreg+proto] epoch 5/5  sigreg=0.2661  proto=5.6999  min_dist=3.36  mean_dist=15.55
  round 2: pool=79 purity=0.000 k-hat=4 anchors=8  margin=0.2206  mean-anchor=0.5872  3=0.587
    [dist frozen     ] purity r1=0.000 r2=0.000  probe 0.865->0.865  eucl 0.344->0.344  perevt 0.006->0.006  drift 0.000
  [sigreg+proto] epoch 1/5  sigreg=0.2815  proto=7.1691  min_dist=2.75  mean_dist=14.30
  [sigreg+proto] epoch 2/5  sigreg=0.2752  proto=7.3778  min_dist=2.83  mean_dist=14.31
  [sigreg+proto] epoch 3/5  sigreg=0.2721  proto=7.6446  min_dist=2.91  mean_dist=14.32
  [sigreg+proto] epoch 4/5  sigreg=0.2861  proto=7.5918  min_dist=2.98  mean_dist=14.33
  [sigreg+proto] epoch 5/5  sigreg=0.2765  proto=7.6709  min_dist=3.06  mean_dist=14.34
  round 1: pool=79 purity=0.000 k-hat=4 anchors=4  margin=0.2509  mean-anchor=0.7927  3=0.793
  [sigreg+proto] epoch 1/5  sigreg=0.3106  proto=6.8219  min_dist=3.12  mean_dist=13.72
  [sigreg+proto] epoch 2/5  sigreg=0.2945  proto=6.8907  min_dist=3.18  mean_dist=13.75
  [sigreg+proto] epoch 3/5  sigreg=0.3224  proto=7.6177  min_dist=3.24  mean_dist=13.77
  [sigreg+proto] epoch 4/5  sigreg=0.3046  proto=7.3178  min_dist=3.31  mean_dist=13.79
  [sigreg+proto] epoch 5/5  sigreg=0.2944  proto=6.3338  min_dist=3.37  mean_dist=13.81
  round 2: pool=79 purity=0.000 k-hat=4 anchors=8  margin=0.3367  mean-anchor=0.6648  3=0.665
    [dist corpus-norm] purity r1=0.000 r2=0.000  probe 0.865->0.864  eucl 0.344->0.345  perevt 0.006->0.004  drift 0.227
  [sigreg+proto] epoch 1/5  sigreg=0.2167  proto=6.6590  min_dist=2.76  mean_dist=10.76
  [sigreg+proto] epoch 2/5  sigreg=0.2208  proto=5.9387  min_dist=2.85  mean_dist=10.80
  [sigreg+proto] epoch 3/5  sigreg=0.2078  proto=6.1665  min_dist=2.94  mean_dist=10.83
  [sigreg+proto] epoch 4/5  sigreg=0.2117  proto=5.6225  min_dist=3.02  mean_dist=10.87
  [sigreg+proto] epoch 5/5  sigreg=0.2136  proto=6.0724  min_dist=3.10  mean_dist=10.90
  round 1: pool=190 purity=0.584 k-hat=2 anchors=2  margin=0.8661  mean-anchor=0.8665  3=0.867
    merged 4 -> 2 anchors
  [sigreg+proto] epoch 1/5  sigreg=0.2126  proto=5.6742  min_dist=3.19  mean_dist=10.90
  [sigreg+proto] epoch 2/5  sigreg=0.2144  proto=6.3899  min_dist=3.28  mean_dist=10.94
  [sigreg+proto] epoch 3/5  sigreg=0.2088  proto=6.3883  min_dist=3.36  mean_dist=10.98
  [sigreg+proto] epoch 4/5  sigreg=0.2113  proto=5.7608  min_dist=3.44  mean_dist=11.02
  [sigreg+proto] epoch 5/5  sigreg=0.2149  proto=6.8994  min_dist=3.53  mean_dist=11.05
  round 2: pool=191 purity=0.586 k-hat=2 anchors=2  margin=0.8660  mean-anchor=0.8653  3=0.865
    [np   frozen     ] purity r1=0.584 r2=0.586  probe 0.865->0.865  eucl 0.344->0.344  perevt 0.006->0.006  drift 0.000
  [sigreg+proto] epoch 1/5  sigreg=0.2182  proto=6.4238  min_dist=2.76  mean_dist=10.76
  [sigreg+proto] epoch 2/5  sigreg=0.2184  proto=5.8427  min_dist=2.85  mean_dist=10.79
  [sigreg+proto] epoch 3/5  sigreg=0.2078  proto=6.1066  min_dist=2.93  mean_dist=10.82
  [sigreg+proto] epoch 4/5  sigreg=0.2164  proto=5.5976  min_dist=3.02  mean_dist=10.86
  [sigreg+proto] epoch 5/5  sigreg=0.2118  proto=6.0941  min_dist=3.09  mean_dist=10.89
  round 1: pool=190 purity=0.584 k-hat=2 anchors=2  margin=0.8769  mean-anchor=0.8454  3=0.845
    merged 4 -> 1 anchors
  [sigreg+proto] epoch 1/5  sigreg=0.1915  proto=6.7155  min_dist=3.20  mean_dist=11.17
  [sigreg+proto] epoch 2/5  sigreg=0.1974  proto=7.1293  min_dist=3.30  mean_dist=11.21
  [sigreg+proto] epoch 3/5  sigreg=0.1971  proto=6.7740  min_dist=3.40  mean_dist=11.25
  [sigreg+proto] epoch 4/5  sigreg=0.1951  proto=7.1099  min_dist=3.50  mean_dist=11.29
  [sigreg+proto] epoch 5/5  sigreg=0.1936  proto=6.6175  min_dist=3.59  mean_dist=11.33
  round 2: pool=185 purity=0.573 k-hat=2 anchors=1  margin=0.8557  mean-anchor=0.8560  3=0.856
    [np   corpus-norm] purity r1=0.584 r2=0.573  probe 0.865->0.871  eucl 0.344->0.337  perevt 0.006->0.006  drift 0.101
Using cache found in /home/pharris/.cache/torch/hub/facebookresearch_dino_main

  --- nplm-sup-ft: pre probe=0.8068 eucl=0.3980 mahaT=0.3176 perevt=0.013   [archived unfrozen post probe 0.8176]
  [sigreg+proto] epoch 1/5  sigreg=0.5534  proto=1.5294  min_dist=0.69  mean_dist=3.42
  [sigreg+proto] epoch 2/5  sigreg=0.5523  proto=1.4770  min_dist=0.76  mean_dist=3.48
  [sigreg+proto] epoch 3/5  sigreg=0.5447  proto=1.5164  min_dist=0.82  mean_dist=3.54
  [sigreg+proto] epoch 4/5  sigreg=0.5504  proto=1.5427  min_dist=0.88  mean_dist=3.60
  [sigreg+proto] epoch 5/5  sigreg=0.5427  proto=1.5315  min_dist=0.94  mean_dist=3.65
  round 1: pool=82 purity=0.037 k-hat=2 anchors=2  margin=0.3308  mean-anchor=0.3709  3=0.371
    merged 4 -> 2 anchors
  [sigreg+proto] epoch 1/5  sigreg=0.5511  proto=1.5598  min_dist=1.02  mean_dist=3.35
  [sigreg+proto] epoch 2/5  sigreg=0.5456  proto=1.5664  min_dist=1.09  mean_dist=3.41
  [sigreg+proto] epoch 3/5  sigreg=0.5384  proto=1.5958  min_dist=1.16  mean_dist=3.47
  [sigreg+proto] epoch 4/5  sigreg=0.5517  proto=1.6265  min_dist=1.23  mean_dist=3.54
  [sigreg+proto] epoch 5/5  sigreg=0.5521  proto=1.5767  min_dist=1.29  mean_dist=3.60
  round 2: pool=82 purity=0.037 k-hat=2 anchors=2  margin=0.3994  mean-anchor=0.4738  3=0.474
    [dist frozen     ] purity r1=0.037 r2=0.037  probe 0.807->0.807  eucl 0.398->0.398  perevt 0.013->0.013  drift 0.000
  [sigreg+proto] epoch 1/5  sigreg=0.6105  proto=1.5031  min_dist=0.69  mean_dist=3.42
  [sigreg+proto] epoch 2/5  sigreg=0.6126  proto=1.5097  min_dist=0.76  mean_dist=3.48
  [sigreg+proto] epoch 3/5  sigreg=0.6084  proto=1.5232  min_dist=0.82  mean_dist=3.54
  [sigreg+proto] epoch 4/5  sigreg=0.6118  proto=1.5440  min_dist=0.88  mean_dist=3.60
  [sigreg+proto] epoch 5/5  sigreg=0.6083  proto=1.5405  min_dist=0.94  mean_dist=3.65
  round 1: pool=82 purity=0.037 k-hat=2 anchors=2  margin=0.3507  mean-anchor=0.3441  3=0.344
  [sigreg+proto] epoch 1/5  sigreg=0.6245  proto=1.5195  min_dist=1.00  mean_dist=3.68
  [sigreg+proto] epoch 2/5  sigreg=0.6224  proto=1.5742  min_dist=1.06  mean_dist=3.73
  [sigreg+proto] epoch 3/5  sigreg=0.6240  proto=1.5982  min_dist=1.12  mean_dist=3.78
  [sigreg+proto] epoch 4/5  sigreg=0.6246  proto=1.6180  min_dist=1.18  mean_dist=3.84
  [sigreg+proto] epoch 5/5  sigreg=0.6225  proto=1.6844  min_dist=1.24  mean_dist=3.89
  round 2: pool=84 purity=0.060 k-hat=1 anchors=3  margin=0.4837  mean-anchor=0.4607  3=0.461
    [dist corpus-norm] purity r1=0.037 r2=0.060  probe 0.807->0.796  eucl 0.398->0.391  perevt 0.013->0.014  drift 0.270
  [sigreg+proto] epoch 1/5  sigreg=0.6051  proto=1.4437  min_dist=0.70  mean_dist=2.40
  [sigreg+proto] epoch 2/5  sigreg=0.5977  proto=1.4242  min_dist=0.77  mean_dist=2.47
  [sigreg+proto] epoch 3/5  sigreg=0.6040  proto=1.4211  min_dist=0.85  mean_dist=2.54
  [sigreg+proto] epoch 4/5  sigreg=0.6105  proto=1.4000  min_dist=0.92  mean_dist=2.61
  [sigreg+proto] epoch 5/5  sigreg=0.6028  proto=1.4298  min_dist=0.99  mean_dist=2.67
  round 1: pool=163 purity=0.515 k-hat=1 anchors=1  margin=0.8561  mean-anchor=0.7886  3=0.789
    merged 2 -> 1 anchors
  [sigreg+proto] epoch 1/5  sigreg=0.6052  proto=1.4019  min_dist=1.08  mean_dist=2.73
  [sigreg+proto] epoch 2/5  sigreg=0.6009  proto=1.3965  min_dist=1.16  mean_dist=2.80
  [sigreg+proto] epoch 3/5  sigreg=0.6003  proto=1.3799  min_dist=1.24  mean_dist=2.88
  [sigreg+proto] epoch 4/5  sigreg=0.6092  proto=1.4388  min_dist=1.32  mean_dist=2.95
  [sigreg+proto] epoch 5/5  sigreg=0.6032  proto=1.4312  min_dist=1.40  mean_dist=3.02
  round 2: pool=168 purity=0.530 k-hat=1 anchors=1  margin=0.8579  mean-anchor=0.7983  3=0.798
    [np   frozen     ] purity r1=0.515 r2=0.530  probe 0.807->0.807  eucl 0.398->0.398  perevt 0.013->0.013  drift 0.000
  [sigreg+proto] epoch 1/5  sigreg=0.5877  proto=1.4367  min_dist=0.70  mean_dist=2.40
  [sigreg+proto] epoch 2/5  sigreg=0.5862  proto=1.4196  min_dist=0.77  mean_dist=2.47
  [sigreg+proto] epoch 3/5  sigreg=0.5886  proto=1.4147  min_dist=0.85  mean_dist=2.54
  [sigreg+proto] epoch 4/5  sigreg=0.5912  proto=1.3937  min_dist=0.92  mean_dist=2.61
  [sigreg+proto] epoch 5/5  sigreg=0.5882  proto=1.4302  min_dist=0.99  mean_dist=2.67
  round 1: pool=163 purity=0.515 k-hat=1 anchors=1  margin=0.8618  mean-anchor=0.7909  3=0.791
    merged 2 -> 1 anchors
  [sigreg+proto] epoch 1/5  sigreg=0.5891  proto=1.4065  min_dist=1.08  mean_dist=2.72
  [sigreg+proto] epoch 2/5  sigreg=0.5914  proto=1.3979  min_dist=1.16  mean_dist=2.80
  [sigreg+proto] epoch 3/5  sigreg=0.5890  proto=1.3883  min_dist=1.24  mean_dist=2.87
  [sigreg+proto] epoch 4/5  sigreg=0.5906  proto=1.4398  min_dist=1.32  mean_dist=2.94
  [sigreg+proto] epoch 5/5  sigreg=0.5913  proto=1.4348  min_dist=1.40  mean_dist=3.01
  round 2: pool=166 purity=0.524 k-hat=1 anchors=1  margin=0.8600  mean-anchor=0.7965  3=0.797
    [np   corpus-norm] purity r1=0.515 r2=0.524  probe 0.807->0.814  eucl 0.398->0.401  perevt 0.013->0.013  drift 0.096

===== EXP135 SUMMARY_h1_d8 (paired frozen vs corpus-norm; gate 0.15) =====
  cell|arm|scorer                              r1  r2 frz   r2 cn    d r2    probe frz/cn  drift
  galaxy10:dino|supcon-ft|dist              0.000   0.000   0.000  +0.000   0.890/0.884    0.297
  galaxy10:dino|supcon-ft|np                0.634   0.624   0.627  +0.004   0.890/0.893    0.111
  galaxy10:dino|ss-ft|dist                  0.000   0.000   0.000  +0.000   0.865/0.864    0.227
  galaxy10:dino|ss-ft|np                    0.584   0.586   0.573  -0.013   0.865/0.871    0.101
  galaxy10:dino|nplm-sup-ft|dist            0.037   0.037   0.060  +0.023   0.807/0.796    0.270
  galaxy10:dino|nplm-sup-ft|np              0.515   0.530   0.524  -0.006   0.807/0.814    0.096

wrote logs/exp135/corpus_norm_galaxy10-dino_h1_d8.json
EXP135 DONE.
