/home/pharris/venv/lib64/python3.9/site-packages/networkx/utils/backends.py:135: RuntimeWarning: networkx backend defined more than once: nx-loopback
  backends.update(_get_backends("networkx.backends"))
Using cache found in /home/pharris/.cache/torch/hub/chenyaofo_pytorch-cifar-models_master
exp57 [cifar10] sparker diagnosis, arm=nplm_sup_dist, sigmas=[0.3, 1.0, 3.0, 10.0, 0.0], fractions=[0.02, 0.1]

===== training: nplm_sup_dist =====
  CIFAR two-view embedding-train images (no {4}): 45000
  [nplm/distance] epoch 1/20  interaction=-0.4529  marginal=0.5765
  [nplm/distance] epoch 2/20  interaction=-0.5046  marginal=0.5520
  [nplm/distance] epoch 3/20  interaction=-0.5225  marginal=0.5393
  [nplm/distance] epoch 4/20  interaction=-0.5299  marginal=0.5339
  [nplm/distance] epoch 5/20  interaction=-0.5353  marginal=0.5279
  [nplm/distance] epoch 6/20  interaction=-0.5467  marginal=0.5222
  [nplm/distance] epoch 7/20  interaction=-0.5576  marginal=0.5117
  [nplm/distance] epoch 8/20  interaction=-0.5591  marginal=0.5100
  [nplm/distance] epoch 9/20  interaction=-0.5609  marginal=0.5064
  [nplm/distance] epoch 10/20  interaction=-0.5698  marginal=0.5026
  [nplm/distance] epoch 11/20  interaction=-0.5730  marginal=0.4971
  [nplm/distance] epoch 12/20  interaction=-0.5723  marginal=0.4950
  [nplm/distance] epoch 13/20  interaction=-0.5788  marginal=0.4936
  [nplm/distance] epoch 14/20  interaction=-0.5843  marginal=0.4857
  [nplm/distance] epoch 15/20  interaction=-0.5874  marginal=0.4859
  [nplm/distance] epoch 16/20  interaction=-0.5840  marginal=0.4831
  [nplm/distance] epoch 17/20  interaction=-0.5910  marginal=0.4837
  [nplm/distance] epoch 18/20  interaction=-0.5856  marginal=0.4829
  [nplm/distance] epoch 19/20  interaction=-0.5979  marginal=0.4758
  [nplm/distance] epoch 20/20  interaction=-0.5971  marginal=0.4714

===== natural discovery (exp-55 protocol) =====
    merged 4 -> 1 anchors
  [sigreg+proto] epoch 1/5  sigreg=0.2353  proto=2.0088  min_dist=1.30  mean_dist=3.76
  [sigreg+proto] epoch 2/5  sigreg=0.1744  proto=1.1089  min_dist=1.74  mean_dist=4.49
  [sigreg+proto] epoch 3/5  sigreg=0.1600  proto=0.8411  min_dist=2.08  mean_dist=5.11
  [sigreg+proto] epoch 4/5  sigreg=0.1525  proto=0.7362  min_dist=2.37  mean_dist=5.65
  [sigreg+proto] epoch 5/5  sigreg=0.1458  proto=0.6792  min_dist=2.62  mean_dist=6.15
  round 1: pool=3300 purity=0.318 k-hat=4 anchors=1  margin=0.9337  mean-anchor=0.8104  deer=0.810
  [sigreg+proto] epoch 1/5  sigreg=0.1517  proto=1.2911  min_dist=3.68  mean_dist=7.53
  [sigreg+proto] epoch 2/5  sigreg=0.1514  proto=1.1303  min_dist=4.49  mean_dist=8.33
  [sigreg+proto] epoch 3/5  sigreg=0.1541  proto=1.1463  min_dist=5.16  mean_dist=9.03
  [sigreg+proto] epoch 4/5  sigreg=0.1557  proto=1.1117  min_dist=5.75  mean_dist=9.65
  [sigreg+proto] epoch 5/5  sigreg=0.1571  proto=1.2048  min_dist=6.27  mean_dist=10.20
  round 2: pool=2553 purity=0.119 k-hat=4 anchors=5  margin=0.9193  mean-anchor=0.8660  deer=0.866

===== space geometry =====
  [pre ] class RMS mean=0.564 [0.369,0.756]  centroid dist mean=2.74 min=0.42  median pairwise (bg)=2.57  RMS/median=0.220
  [post] class RMS mean=5.341 [5.194,5.606]  centroid dist mean=9.08 min=4.95  median pairwise (bg)=11.09  RMS/median=0.482

----- pre sigma=0.3 -----
    pre sigma=0.3 f=0.02: power=0.160 [0.107,0.229] (8/50)
    pre sigma=0.3 f=0.1: power=0.980 [0.936,0.997] (49/50)
  pre sigma=0.3: power=[0.16 0.98]

----- pre sigma=1.0 -----
    pre sigma=1.0 f=0.02: power=0.460 [0.382,0.540] (23/50)
    pre sigma=1.0 f=0.1: power=1.000 [0.964,1.000] (50/50)
  pre sigma=1.0: power=[0.46 1.  ]

----- pre sigma=3.0 -----
    pre sigma=3.0 f=0.02: power=0.740 [0.664,0.806] (37/50)
    pre sigma=3.0 f=0.1: power=1.000 [0.964,1.000] (50/50)
  pre sigma=3.0: power=[0.74 1.  ]

----- pre sigma=10.0 -----
    pre sigma=10.0 f=0.02: power=0.340 [0.268,0.419] (17/50)
    pre sigma=10.0 f=0.1: power=1.000 [0.964,1.000] (50/50)
  pre sigma=10.0: power=[0.34 1.  ]

----- pre sigma=annealed -----
    pre sigma=annealed f=0.02: power=0.780 [0.706,0.841] (39/50)
    pre sigma=annealed f=0.1: power=1.000 [0.964,1.000] (50/50)
  pre sigma=annealed: power=[0.78 1.  ]

----- post sigma=0.3 -----
    post sigma=0.3 f=0.02: power=0.020 [0.003,0.064] (1/50)
    post sigma=0.3 f=0.1: power=0.000 [0.000,0.036] (0/50)
  post sigma=0.3: power=[0.02 0.  ]

----- post sigma=1.0 -----
    post sigma=1.0 f=0.02: power=0.060 [0.028,0.115] (3/50)
    post sigma=1.0 f=0.1: power=0.120 [0.074,0.184] (6/50)
  post sigma=1.0: power=[0.06 0.12]

----- post sigma=3.0 -----
    post sigma=3.0 f=0.02: power=1.000 [0.964,1.000] (50/50)
    post sigma=3.0 f=0.1: power=1.000 [0.964,1.000] (50/50)
  post sigma=3.0: power=[1. 1.]

----- post sigma=10.0 -----
    post sigma=10.0 f=0.02: power=1.000 [0.964,1.000] (50/50)
    post sigma=10.0 f=0.1: power=1.000 [0.964,1.000] (50/50)
  post sigma=10.0: power=[1. 1.]

----- post sigma=annealed -----
    post sigma=annealed f=0.02: power=1.000 [0.964,1.000] (50/50)
    post sigma=annealed f=0.1: power=1.000 [0.964,1.000] (50/50)
  post sigma=annealed: power=[1. 1.]

===== EXP57 SUMMARY (nplm_sup_dist, cifar10) =====
  setting                    0.02      0.1
  pre sigma=0.3             0.160    0.980
  pre sigma=1.0             0.460    1.000
  pre sigma=3.0             0.740    1.000
  pre sigma=10.0            0.340    1.000
  pre sigma=annealed        0.780    1.000
  post sigma=0.3            0.020    0.000
  post sigma=1.0            0.060    0.120
  post sigma=3.0            1.000    1.000
  post sigma=10.0           1.000    1.000
  post sigma=annealed       1.000    1.000
  post median pairwise distance = 11.09 (annealed heuristic centres sigma there)
Done.
