/home/pharris/venv/lib64/python3.9/site-packages/networkx/utils/backends.py:135: RuntimeWarning: networkx backend defined more than once: nx-loopback
  backends.update(_get_backends("networkx.backends"))
Using cache found in /home/pharris/.cache/torch/hub/chenyaofo_pytorch-cifar-models_master
exp68 [cifar100] discovery on scratch bases ['simclr', 'visreg', 'nplm', 'supcon', 'supsig', 'nplmcw', 'ssig', 'nplmsd'], dim=100, holdout=[4]

===== base: simclr =====
----- natural discovery: simclr -----
  [sigreg+proto] epoch 1/5  sigreg=0.6051  proto=15.8024  min_dist=2.71  mean_dist=10.87
  [sigreg+proto] epoch 2/5  sigreg=0.9096  proto=8.2489  min_dist=3.14  mean_dist=11.04
  [sigreg+proto] epoch 3/5  sigreg=1.1364  proto=6.3607  min_dist=3.45  mean_dist=11.22
  [sigreg+proto] epoch 4/5  sigreg=1.2428  proto=5.4422  min_dist=3.58  mean_dist=11.39
  [sigreg+proto] epoch 5/5  sigreg=1.2750  proto=4.5084  min_dist=3.71  mean_dist=11.57
  round 1: pool=2485 purity=0.004 k-hat=4 anchors=4  margin=0.5246  mean-anchor=0.6263  4=0.626
  [sigreg+proto] epoch 1/5  sigreg=1.2200  proto=5.4056  min_dist=3.32  mean_dist=12.08
  [sigreg+proto] epoch 2/5  sigreg=1.2684  proto=4.0760  min_dist=2.88  mean_dist=12.24
  [sigreg+proto] epoch 3/5  sigreg=1.2652  proto=3.6705  min_dist=2.58  mean_dist=12.39
  [sigreg+proto] epoch 4/5  sigreg=1.2665  proto=3.4025  min_dist=2.48  mean_dist=12.53
  [sigreg+proto] epoch 5/5  sigreg=1.2648  proto=3.1446  min_dist=2.58  mean_dist=12.67
  round 2: pool=2486 purity=0.004 k-hat=4 anchors=8  margin=0.5036  mean-anchor=0.5809  4=0.581
Using cache found in /home/pharris/.cache/torch/hub/chenyaofo_pytorch-cifar-models_master
  probe pre=0.8176 post=0.8884

===== base: visreg =====
----- natural discovery: visreg -----
  [sigreg+proto] epoch 1/5  sigreg=0.5070  proto=6.7904  min_dist=1.72  mean_dist=7.41
  [sigreg+proto] epoch 2/5  sigreg=0.6045  proto=5.3319  min_dist=2.33  mean_dist=7.95
  [sigreg+proto] epoch 3/5  sigreg=0.6760  proto=4.7378  min_dist=2.86  mean_dist=8.42
  [sigreg+proto] epoch 4/5  sigreg=0.7635  proto=4.2307  min_dist=3.33  mean_dist=8.84
  [sigreg+proto] epoch 5/5  sigreg=0.8357  proto=3.8021  min_dist=3.67  mean_dist=9.22
  round 1: pool=2487 purity=0.005 k-hat=4 anchors=4  margin=0.5175  mean-anchor=0.6717  4=0.672
  [sigreg+proto] epoch 1/5  sigreg=0.8379  proto=4.2831  min_dist=4.00  mean_dist=9.62
  [sigreg+proto] epoch 2/5  sigreg=0.8883  proto=3.4493  min_dist=4.10  mean_dist=10.01
  [sigreg+proto] epoch 3/5  sigreg=0.9454  proto=3.1476  min_dist=4.23  mean_dist=10.37
  [sigreg+proto] epoch 4/5  sigreg=0.9917  proto=2.9735  min_dist=4.36  mean_dist=10.69
  [sigreg+proto] epoch 5/5  sigreg=1.0343  proto=2.8083  min_dist=4.50  mean_dist=10.98
  round 2: pool=2480 purity=0.002 k-hat=4 anchors=8  margin=0.4562  mean-anchor=0.6339  4=0.634
Using cache found in /home/pharris/.cache/torch/hub/chenyaofo_pytorch-cifar-models_master
  probe pre=0.8129 post=0.8984

===== base: nplm =====
----- natural discovery: nplm -----
    merged 2 -> 1 anchors
  [sigreg+proto] epoch 1/5  sigreg=0.3486  proto=3.5723  min_dist=0.94  mean_dist=1.92
  [sigreg+proto] epoch 2/5  sigreg=0.3243  proto=3.3222  min_dist=1.34  mean_dist=2.41
  [sigreg+proto] epoch 3/5  sigreg=0.3295  proto=3.2032  min_dist=1.64  mean_dist=2.79
  [sigreg+proto] epoch 4/5  sigreg=0.3417  proto=3.0888  min_dist=1.89  mean_dist=3.11
  [sigreg+proto] epoch 5/5  sigreg=0.3435  proto=3.0324  min_dist=2.10  mean_dist=3.39
  round 1: pool=2497 purity=0.009 k-hat=2 anchors=1  margin=0.5917  mean-anchor=0.6566  4=0.657
  [sigreg+proto] epoch 1/5  sigreg=0.3806  proto=3.1717  min_dist=2.89  mean_dist=4.66
  [sigreg+proto] epoch 2/5  sigreg=0.4364  proto=3.0167  min_dist=3.43  mean_dist=5.40
  [sigreg+proto] epoch 3/5  sigreg=0.4813  proto=2.9830  min_dist=3.85  mean_dist=6.00
  [sigreg+proto] epoch 4/5  sigreg=0.5113  proto=2.9388  min_dist=4.20  mean_dist=6.51
  [sigreg+proto] epoch 5/5  sigreg=0.5440  proto=2.8406  min_dist=4.52  mean_dist=6.96
  round 2: pool=2477 purity=0.001 k-hat=4 anchors=5  margin=0.6626  mean-anchor=0.6111  4=0.611
Using cache found in /home/pharris/.cache/torch/hub/chenyaofo_pytorch-cifar-models_master
  probe pre=0.7612 post=0.8792

===== base: supcon =====
----- natural discovery: supcon -----
  [sigreg+proto] epoch 1/5  sigreg=0.4584  proto=2.5381  min_dist=1.41  mean_dist=7.96
  [sigreg+proto] epoch 2/5  sigreg=0.4459  proto=2.2791  min_dist=1.92  mean_dist=8.62
  [sigreg+proto] epoch 3/5  sigreg=0.4428  proto=2.1701  min_dist=2.34  mean_dist=9.19
  [sigreg+proto] epoch 4/5  sigreg=0.4460  proto=1.9121  min_dist=2.71  mean_dist=9.69
  [sigreg+proto] epoch 5/5  sigreg=0.4624  proto=1.9515  min_dist=3.05  mean_dist=10.13
  round 1: pool=2475 purity=0.000 k-hat=3 anchors=3  margin=0.5659  mean-anchor=0.7294  4=0.729
  [sigreg+proto] epoch 1/5  sigreg=0.4655  proto=2.4061  min_dist=3.84  mean_dist=10.80
  [sigreg+proto] epoch 2/5  sigreg=0.4892  proto=2.2164  min_dist=4.22  mean_dist=11.31
  [sigreg+proto] epoch 3/5  sigreg=0.5162  proto=2.0442  min_dist=4.54  mean_dist=11.73
  [sigreg+proto] epoch 4/5  sigreg=0.5465  proto=1.9564  min_dist=4.78  mean_dist=12.09
  [sigreg+proto] epoch 5/5  sigreg=0.5656  proto=1.7312  min_dist=5.01  mean_dist=12.41
  round 2: pool=2477 purity=0.001 k-hat=4 anchors=7  margin=0.5627  mean-anchor=0.7700  4=0.770
Using cache found in /home/pharris/.cache/torch/hub/chenyaofo_pytorch-cifar-models_master
  probe pre=0.9393 post=0.9334

===== base: supsig =====
  using learned means from checkpoint
----- natural discovery: supsig -----
  [sigreg+proto] epoch 1/5  sigreg=0.7167  proto=2.4630  min_dist=8.19  mean_dist=16.20
  [sigreg+proto] epoch 2/5  sigreg=0.6812  proto=1.6724  min_dist=8.16  mean_dist=16.15
  [sigreg+proto] epoch 3/5  sigreg=0.6604  proto=1.2989  min_dist=8.16  mean_dist=16.12
  [sigreg+proto] epoch 4/5  sigreg=0.6475  proto=1.2608  min_dist=8.16  mean_dist=16.10
  [sigreg+proto] epoch 5/5  sigreg=0.6359  proto=1.1028  min_dist=8.16  mean_dist=16.08
  round 1: pool=2498 purity=0.009 k-hat=4 anchors=4  margin=0.5945  mean-anchor=0.6829  4=0.683
  [sigreg+proto] epoch 1/5  sigreg=0.7033  proto=2.8893  min_dist=7.84  mean_dist=15.83
  [sigreg+proto] epoch 2/5  sigreg=0.6714  proto=1.7185  min_dist=8.07  mean_dist=15.82
  [sigreg+proto] epoch 3/5  sigreg=0.6490  proto=1.6770  min_dist=8.25  mean_dist=15.80
  [sigreg+proto] epoch 4/5  sigreg=0.6385  proto=1.3108  min_dist=8.26  mean_dist=15.80
  [sigreg+proto] epoch 5/5  sigreg=0.6246  proto=1.2816  min_dist=8.27  mean_dist=15.81
  round 2: pool=2497 purity=0.009 k-hat=4 anchors=8  margin=0.6356  mean-anchor=0.7377  4=0.738
Using cache found in /home/pharris/.cache/torch/hub/chenyaofo_pytorch-cifar-models_master
  probe pre=0.8419 post=0.8566

===== base: nplmcw =====
----- natural discovery: nplmcw -----
  [sigreg+proto] epoch 1/5  sigreg=0.6272  proto=2.2042  min_dist=0.42  mean_dist=2.37
  [sigreg+proto] epoch 2/5  sigreg=0.5108  proto=1.8149  min_dist=0.54  mean_dist=2.89
  [sigreg+proto] epoch 3/5  sigreg=0.4697  proto=1.6623  min_dist=0.64  mean_dist=3.32
  [sigreg+proto] epoch 4/5  sigreg=0.4489  proto=1.6034  min_dist=0.73  mean_dist=3.69
  [sigreg+proto] epoch 5/5  sigreg=0.4333  proto=1.4732  min_dist=0.81  mean_dist=4.02
  round 1: pool=2489 purity=0.006 k-hat=1 anchors=1  margin=0.3704  mean-anchor=0.5486  4=0.549
  [sigreg+proto] epoch 1/5  sigreg=0.4490  proto=1.8073  min_dist=1.76  mean_dist=5.16
  [sigreg+proto] epoch 2/5  sigreg=0.4673  proto=1.6589  min_dist=2.35  mean_dist=5.90
  [sigreg+proto] epoch 3/5  sigreg=0.4962  proto=1.6847  min_dist=2.84  mean_dist=6.52
  [sigreg+proto] epoch 4/5  sigreg=0.5262  proto=1.5644  min_dist=3.26  mean_dist=7.05
  [sigreg+proto] epoch 5/5  sigreg=0.5464  proto=1.5476  min_dist=3.64  mean_dist=7.53
  round 2: pool=2475 purity=0.000 k-hat=4 anchors=5  margin=0.3584  mean-anchor=0.6030  4=0.603
Using cache found in /home/pharris/.cache/torch/hub/chenyaofo_pytorch-cifar-models_master
  probe pre=0.8969 post=0.9337

===== base: ssig =====
----- natural discovery: ssig -----
  [sigreg+proto] epoch 1/5  sigreg=0.3622  proto=3.6946  min_dist=2.28  mean_dist=11.00
  [sigreg+proto] epoch 2/5  sigreg=0.4511  proto=2.9032  min_dist=2.83  mean_dist=11.34
  [sigreg+proto] epoch 3/5  sigreg=0.5058  proto=2.4768  min_dist=3.27  mean_dist=11.65
  [sigreg+proto] epoch 4/5  sigreg=0.5414  proto=2.1118  min_dist=3.62  mean_dist=11.94
  [sigreg+proto] epoch 5/5  sigreg=0.5720  proto=1.9245  min_dist=3.92  mean_dist=12.20
  round 1: pool=2494 purity=0.008 k-hat=4 anchors=4  margin=0.7662  mean-anchor=0.8568  4=0.857
  [sigreg+proto] epoch 1/5  sigreg=0.4625  proto=3.0710  min_dist=3.86  mean_dist=12.23
  [sigreg+proto] epoch 2/5  sigreg=0.4857  proto=2.2792  min_dist=3.96  mean_dist=12.47
  [sigreg+proto] epoch 3/5  sigreg=0.5131  proto=2.0901  min_dist=4.10  mean_dist=12.70
  [sigreg+proto] epoch 4/5  sigreg=0.5339  proto=1.9655  min_dist=4.21  mean_dist=12.91
  [sigreg+proto] epoch 5/5  sigreg=0.5418  proto=1.8058  min_dist=4.32  mean_dist=13.11
  round 2: pool=2518 purity=0.017 k-hat=4 anchors=8  margin=0.6794  mean-anchor=0.7127  4=0.713
Using cache found in /home/pharris/.cache/torch/hub/chenyaofo_pytorch-cifar-models_master
  probe pre=0.9410 post=0.9044

===== base: nplmsd =====
----- natural discovery: nplmsd -----
    merged 2 -> 1 anchors
  [sigreg+proto] epoch 1/5  sigreg=0.7918  proto=2.9577  min_dist=0.25  mean_dist=2.19
  [sigreg+proto] epoch 2/5  sigreg=0.7464  proto=2.8263  min_dist=0.30  mean_dist=2.40
  [sigreg+proto] epoch 3/5  sigreg=0.7197  proto=2.7552  min_dist=0.36  mean_dist=2.60
  [sigreg+proto] epoch 4/5  sigreg=0.6981  proto=2.6472  min_dist=0.41  mean_dist=2.78
  [sigreg+proto] epoch 5/5  sigreg=0.6884  proto=2.5493  min_dist=0.45  mean_dist=2.95
  round 1: pool=2494 purity=0.008 k-hat=2 anchors=1  margin=0.3560  mean-anchor=0.5398  4=0.540
  [sigreg+proto] epoch 1/5  sigreg=0.6854  proto=2.8570  min_dist=1.21  mean_dist=4.26
  [sigreg+proto] epoch 2/5  sigreg=0.6952  proto=2.6765  min_dist=1.65  mean_dist=4.90
  [sigreg+proto] epoch 3/5  sigreg=0.7139  proto=2.6239  min_dist=2.01  mean_dist=5.42
  [sigreg+proto] epoch 4/5  sigreg=0.7263  proto=2.6128  min_dist=2.31  mean_dist=5.87
  [sigreg+proto] epoch 5/5  sigreg=0.7489  proto=2.4967  min_dist=2.54  mean_dist=6.28
  round 2: pool=2481 purity=0.002 k-hat=4 anchors=5  margin=0.3573  mean-anchor=0.5573  4=0.557
  probe pre=0.8171 post=0.8508

===== POST grid, f=0.001 (50 injected) =====
  [sigreg+proto] epoch 1/5  sigreg=0.5994  proto=15.3527  min_dist=2.69  mean_dist=10.89
  [sigreg+proto] epoch 2/5  sigreg=0.9456  proto=8.3524  min_dist=3.10  mean_dist=11.05
  [sigreg+proto] epoch 3/5  sigreg=1.1685  proto=6.3821  min_dist=3.44  mean_dist=11.23
  [sigreg+proto] epoch 4/5  sigreg=1.2997  proto=5.4967  min_dist=3.65  mean_dist=11.41
  [sigreg+proto] epoch 5/5  sigreg=1.3065  proto=4.4663  min_dist=3.79  mean_dist=11.58
  round 1: pool=2475 purity=0.000 k-hat=4 anchors=4  margin=0.6044  mean-anchor=0.6656  4=0.666
  [sigreg+proto] epoch 1/5  sigreg=1.1086  proto=5.7671  min_dist=3.94  mean_dist=12.01
  [sigreg+proto] epoch 2/5  sigreg=1.1772  proto=4.2358  min_dist=3.44  mean_dist=12.17
  [sigreg+proto] epoch 3/5  sigreg=1.1988  proto=3.7758  min_dist=3.05  mean_dist=12.32
  [sigreg+proto] epoch 4/5  sigreg=1.2007  proto=3.4535  min_dist=2.80  mean_dist=12.47
  [sigreg+proto] epoch 5/5  sigreg=1.2109  proto=3.2629  min_dist=2.70  mean_dist=12.61
  round 2: pool=2475 purity=0.000 k-hat=4 anchors=8  margin=0.5003  mean-anchor=0.6261  4=0.626
  [simclr] post f=0.001: probe=0.8848 eucl=0.2886 mahaT=0.2759
  [simclr] per-event post f=0.001: power=0.040
  [simclr] sparker (post, annealed)
    post-spk f=0.001: power=0.120 [0.074,0.184] (6/50)
  [simclr] maha (post)
    post-maha f=0.001: power=0.060 [0.028,0.115] (3/50)
  [simclr] mmd (post)
    post-mmd f=0.001: power=0.020 [0.003,0.064] (1/50)
  [sigreg+proto] epoch 1/5  sigreg=0.5072  proto=6.8377  min_dist=1.73  mean_dist=7.41
  [sigreg+proto] epoch 2/5  sigreg=0.6025  proto=5.3404  min_dist=2.35  mean_dist=7.95
  [sigreg+proto] epoch 3/5  sigreg=0.6794  proto=4.6930  min_dist=2.91  mean_dist=8.42
  [sigreg+proto] epoch 4/5  sigreg=0.7549  proto=4.2126  min_dist=3.32  mean_dist=8.84
  [sigreg+proto] epoch 5/5  sigreg=0.8395  proto=3.7171  min_dist=3.64  mean_dist=9.22
  round 1: pool=2476 purity=0.000 k-hat=4 anchors=4  margin=0.4483  mean-anchor=0.6381  4=0.638
  [sigreg+proto] epoch 1/5  sigreg=0.8458  proto=4.2536  min_dist=4.07  mean_dist=9.62
  [sigreg+proto] epoch 2/5  sigreg=0.8966  proto=3.3694  min_dist=4.36  mean_dist=10.02
  [sigreg+proto] epoch 3/5  sigreg=0.9574  proto=3.1283  min_dist=4.55  mean_dist=10.37
  [sigreg+proto] epoch 4/5  sigreg=1.0079  proto=2.8924  min_dist=4.68  mean_dist=10.69
  [sigreg+proto] epoch 5/5  sigreg=1.0484  proto=2.7665  min_dist=4.83  mean_dist=10.98
  round 2: pool=2475 purity=0.000 k-hat=4 anchors=8  margin=0.4488  mean-anchor=0.6588  4=0.659
  [visreg] post f=0.001: probe=0.8835 eucl=0.3395 mahaT=0.2707
  [visreg] per-event post f=0.001: power=0.000
  [visreg] sparker (post, annealed)
    post-spk f=0.001: power=0.020 [0.003,0.064] (1/50)
  [visreg] maha (post)
    post-maha f=0.001: power=0.080 [0.042,0.138] (4/50)
  [visreg] mmd (post)
    post-mmd f=0.001: power=0.020 [0.003,0.064] (1/50)
    merged 2 -> 1 anchors
  [sigreg+proto] epoch 1/5  sigreg=0.3533  proto=3.5576  min_dist=0.94  mean_dist=1.92
  [sigreg+proto] epoch 2/5  sigreg=0.3237  proto=3.3048  min_dist=1.34  mean_dist=2.41
  [sigreg+proto] epoch 3/5  sigreg=0.3313  proto=3.2008  min_dist=1.64  mean_dist=2.79
  [sigreg+proto] epoch 4/5  sigreg=0.3385  proto=3.1383  min_dist=1.89  mean_dist=3.11
  [sigreg+proto] epoch 5/5  sigreg=0.3418  proto=3.0255  min_dist=2.10  mean_dist=3.39
  round 1: pool=2477 purity=0.001 k-hat=2 anchors=1  margin=0.6768  mean-anchor=0.5561  4=0.556
  [sigreg+proto] epoch 1/5  sigreg=0.3910  proto=3.1835  min_dist=2.89  mean_dist=4.62
  [sigreg+proto] epoch 2/5  sigreg=0.4406  proto=3.0008  min_dist=3.43  mean_dist=5.37
  [sigreg+proto] epoch 3/5  sigreg=0.4849  proto=3.0194  min_dist=3.85  mean_dist=5.97
  [sigreg+proto] epoch 4/5  sigreg=0.5172  proto=2.9193  min_dist=4.20  mean_dist=6.48
  [sigreg+proto] epoch 5/5  sigreg=0.5457  proto=2.9015  min_dist=4.51  mean_dist=6.94
  round 2: pool=2477 purity=0.001 k-hat=4 anchors=5  margin=0.5572  mean-anchor=0.5919  4=0.592
  [nplm] post f=0.001: probe=0.8797 eucl=0.3340 mahaT=0.2463
  [nplm] per-event post f=0.001: power=0.010
  [nplm] sparker (post, annealed)
    post-spk f=0.001: power=0.060 [0.028,0.115] (3/50)
  [nplm] maha (post)
    post-maha f=0.001: power=0.020 [0.003,0.064] (1/50)
  [nplm] mmd (post)
    post-mmd f=0.001: power=0.040 [0.014,0.090] (2/50)
  [sigreg+proto] epoch 1/5  sigreg=0.4636  proto=2.4945  min_dist=1.41  mean_dist=7.96
  [sigreg+proto] epoch 2/5  sigreg=0.4374  proto=2.1615  min_dist=1.92  mean_dist=8.61
  [sigreg+proto] epoch 3/5  sigreg=0.4309  proto=2.0429  min_dist=2.34  mean_dist=9.19
  [sigreg+proto] epoch 4/5  sigreg=0.4384  proto=1.9393  min_dist=2.71  mean_dist=9.69
  [sigreg+proto] epoch 5/5  sigreg=0.4441  proto=1.7852  min_dist=3.05  mean_dist=10.14
  round 1: pool=2475 purity=0.000 k-hat=3 anchors=3  margin=0.5455  mean-anchor=0.7256  4=0.726
  [sigreg+proto] epoch 1/5  sigreg=0.4679  proto=2.4052  min_dist=3.84  mean_dist=10.83
  [sigreg+proto] epoch 2/5  sigreg=0.4949  proto=2.1818  min_dist=4.21  mean_dist=11.34
  [sigreg+proto] epoch 3/5  sigreg=0.5280  proto=2.0654  min_dist=4.55  mean_dist=11.76
  [sigreg+proto] epoch 4/5  sigreg=0.5556  proto=1.9110  min_dist=4.79  mean_dist=12.12
  [sigreg+proto] epoch 5/5  sigreg=0.5796  proto=1.7558  min_dist=5.04  mean_dist=12.44
  round 2: pool=2475 purity=0.000 k-hat=4 anchors=7  margin=0.5198  mean-anchor=0.6991  4=0.699
  [supcon] post f=0.001: probe=0.9342 eucl=0.3533 mahaT=0.3415
  [supcon] per-event post f=0.001: power=0.010
  [supcon] sparker (post, annealed)
    post-spk f=0.001: power=0.080 [0.042,0.138] (4/50)
  [supcon] maha (post)
    post-maha f=0.001: power=0.060 [0.028,0.115] (3/50)
  [supcon] mmd (post)
    post-mmd f=0.001: power=0.060 [0.028,0.115] (3/50)
  [sigreg+proto] epoch 1/5  sigreg=0.6897  proto=2.3789  min_dist=8.62  mean_dist=16.17
  [sigreg+proto] epoch 2/5  sigreg=0.6587  proto=1.6086  min_dist=8.62  mean_dist=16.13
  [sigreg+proto] epoch 3/5  sigreg=0.6467  proto=1.3771  min_dist=8.61  mean_dist=16.10
  [sigreg+proto] epoch 4/5  sigreg=0.6445  proto=1.1451  min_dist=8.62  mean_dist=16.08
  [sigreg+proto] epoch 5/5  sigreg=0.6338  proto=1.0671  min_dist=8.63  mean_dist=16.07
  round 1: pool=2480 purity=0.002 k-hat=4 anchors=4  margin=0.4559  mean-anchor=0.6664  4=0.666
  [sigreg+proto] epoch 1/5  sigreg=0.7093  proto=3.1575  min_dist=7.79  mean_dist=15.81
  [sigreg+proto] epoch 2/5  sigreg=0.6820  proto=1.8033  min_dist=7.97  mean_dist=15.78
  [sigreg+proto] epoch 3/5  sigreg=0.6526  proto=1.6014  min_dist=8.18  mean_dist=15.77
  [sigreg+proto] epoch 4/5  sigreg=0.6417  proto=1.4786  min_dist=8.30  mean_dist=15.77
  [sigreg+proto] epoch 5/5  sigreg=0.6300  proto=1.2070  min_dist=8.40  mean_dist=15.77
  round 2: pool=2480 purity=0.002 k-hat=4 anchors=8  margin=0.6004  mean-anchor=0.6796  4=0.680
  [supsig] post f=0.001: probe=0.7702 eucl=0.3507 mahaT=0.3421
  [supsig] per-event post f=0.001: power=0.060
  [supsig] sparker (post, annealed)
    post-spk f=0.001: power=0.000 [0.000,0.036] (0/50)
  [supsig] maha (post)
    post-maha f=0.001: power=0.040 [0.014,0.090] (2/50)
  [supsig] mmd (post)
    post-mmd f=0.001: power=0.000 [0.000,0.036] (0/50)
  [sigreg+proto] epoch 1/5  sigreg=0.6270  proto=2.1499  min_dist=0.42  mean_dist=2.37
  [sigreg+proto] epoch 2/5  sigreg=0.5116  proto=1.8157  min_dist=0.54  mean_dist=2.89
  [sigreg+proto] epoch 3/5  sigreg=0.4707  proto=1.6225  min_dist=0.64  mean_dist=3.32
  [sigreg+proto] epoch 4/5  sigreg=0.4476  proto=1.5830  min_dist=0.73  mean_dist=3.69
  [sigreg+proto] epoch 5/5  sigreg=0.4396  proto=1.4840  min_dist=0.81  mean_dist=4.02
  round 1: pool=2475 purity=0.000 k-hat=1 anchors=1  margin=0.4639  mean-anchor=0.6059  4=0.606
  [sigreg+proto] epoch 1/5  sigreg=0.4435  proto=1.7594  min_dist=1.76  mean_dist=5.16
  [sigreg+proto] epoch 2/5  sigreg=0.4736  proto=1.6505  min_dist=2.36  mean_dist=5.90
  [sigreg+proto] epoch 3/5  sigreg=0.4954  proto=1.6739  min_dist=2.84  mean_dist=6.51
  [sigreg+proto] epoch 4/5  sigreg=0.5235  proto=1.5742  min_dist=3.28  mean_dist=7.05
  [sigreg+proto] epoch 5/5  sigreg=0.5467  proto=1.5334  min_dist=3.66  mean_dist=7.52
  round 2: pool=2475 purity=0.000 k-hat=4 anchors=5  margin=0.3238  mean-anchor=0.4814  4=0.481
  [nplmcw] post f=0.001: probe=0.9293 eucl=0.4311 mahaT=0.3504
  [nplmcw] per-event post f=0.001: power=0.020
  [nplmcw] sparker (post, annealed)
    post-spk f=0.001: power=0.020 [0.003,0.064] (1/50)
  [nplmcw] maha (post)
    post-maha f=0.001: power=0.040 [0.014,0.090] (2/50)
  [nplmcw] mmd (post)
    post-mmd f=0.001: power=0.080 [0.042,0.138] (4/50)
  [sigreg+proto] epoch 1/5  sigreg=0.3567  proto=3.7511  min_dist=2.27  mean_dist=11.01
  [sigreg+proto] epoch 2/5  sigreg=0.4446  proto=2.8854  min_dist=2.83  mean_dist=11.34
  [sigreg+proto] epoch 3/5  sigreg=0.4988  proto=2.4465  min_dist=3.28  mean_dist=11.65
  [sigreg+proto] epoch 4/5  sigreg=0.5400  proto=2.2149  min_dist=3.64  mean_dist=11.94
  [sigreg+proto] epoch 5/5  sigreg=0.5788  proto=1.9396  min_dist=3.93  mean_dist=12.19
  round 1: pool=2477 purity=0.001 k-hat=4 anchors=4  margin=0.7140  mean-anchor=0.8251  4=0.825
  [sigreg+proto] epoch 1/5  sigreg=0.4537  proto=3.0354  min_dist=3.54  mean_dist=12.22
  [sigreg+proto] epoch 2/5  sigreg=0.4666  proto=2.2252  min_dist=3.75  mean_dist=12.46
  [sigreg+proto] epoch 3/5  sigreg=0.4942  proto=2.1007  min_dist=3.96  mean_dist=12.70
  [sigreg+proto] epoch 4/5  sigreg=0.5258  proto=2.0530  min_dist=4.17  mean_dist=12.91
  [sigreg+proto] epoch 5/5  sigreg=0.5421  proto=1.7042  min_dist=4.33  mean_dist=13.12
  round 2: pool=2481 purity=0.002 k-hat=4 anchors=8  margin=0.6837  mean-anchor=0.7074  4=0.707
  [ssig] post f=0.001: probe=0.8789 eucl=0.4892 mahaT=0.5109
  [ssig] per-event post f=0.001: power=0.020
  [ssig] sparker (post, annealed)
    post-spk f=0.001: power=0.080 [0.042,0.138] (4/50)
  [ssig] maha (post)
    post-maha f=0.001: power=0.000 [0.000,0.036] (0/50)
  [ssig] mmd (post)
    post-mmd f=0.001: power=0.040 [0.014,0.090] (2/50)
    merged 2 -> 1 anchors
  [sigreg+proto] epoch 1/5  sigreg=0.7893  proto=2.9412  min_dist=0.25  mean_dist=2.19
  [sigreg+proto] epoch 2/5  sigreg=0.7411  proto=2.7932  min_dist=0.30  mean_dist=2.40
  [sigreg+proto] epoch 3/5  sigreg=0.7114  proto=2.6945  min_dist=0.36  mean_dist=2.60
  [sigreg+proto] epoch 4/5  sigreg=0.6974  proto=2.6662  min_dist=0.41  mean_dist=2.78
  [sigreg+proto] epoch 5/5  sigreg=0.6875  proto=2.5296  min_dist=0.45  mean_dist=2.95
  round 1: pool=2477 purity=0.001 k-hat=2 anchors=1  margin=0.3408  mean-anchor=0.5523  4=0.552
  [sigreg+proto] epoch 1/5  sigreg=0.6837  proto=2.7494  min_dist=1.21  mean_dist=4.21
  [sigreg+proto] epoch 2/5  sigreg=0.6923  proto=2.5926  min_dist=1.65  mean_dist=4.85
  [sigreg+proto] epoch 3/5  sigreg=0.7083  proto=2.6050  min_dist=2.01  mean_dist=5.38
  [sigreg+proto] epoch 4/5  sigreg=0.7264  proto=2.5138  min_dist=2.31  mean_dist=5.84
  [sigreg+proto] epoch 5/5  sigreg=0.7453  proto=2.5149  min_dist=2.55  mean_dist=6.25
  round 2: pool=2475 purity=0.000 k-hat=4 anchors=5  margin=0.3163  mean-anchor=0.5175  4=0.517
  [nplmsd] post f=0.001: probe=0.8680 eucl=0.3364 mahaT=0.3068
  [nplmsd] per-event post f=0.001: power=0.010
  [nplmsd] sparker (post, annealed)
    post-spk f=0.001: power=0.080 [0.042,0.138] (4/50)
  [nplmsd] maha (post)
    post-maha f=0.001: power=0.060 [0.028,0.115] (3/50)
  [nplmsd] mmd (post)
    post-mmd f=0.001: power=0.080 [0.042,0.138] (4/50)

===== POST grid, f=0.003 (149 injected) =====
  [sigreg+proto] epoch 1/5  sigreg=0.5315  proto=14.7602  min_dist=2.68  mean_dist=10.88
  [sigreg+proto] epoch 2/5  sigreg=0.8061  proto=8.9266  min_dist=3.10  mean_dist=11.04
  [sigreg+proto] epoch 3/5  sigreg=1.0293  proto=6.7410  min_dist=3.44  mean_dist=11.23
  [sigreg+proto] epoch 4/5  sigreg=1.1530  proto=5.2532  min_dist=3.66  mean_dist=11.41
  [sigreg+proto] epoch 5/5  sigreg=1.2275  proto=4.5938  min_dist=3.78  mean_dist=11.58
  round 1: pool=2478 purity=0.001 k-hat=4 anchors=4  margin=0.5119  mean-anchor=0.6159  4=0.616
  [sigreg+proto] epoch 1/5  sigreg=0.9668  proto=6.1516  min_dist=3.87  mean_dist=11.86
  [sigreg+proto] epoch 2/5  sigreg=1.0523  proto=3.9774  min_dist=4.04  mean_dist=12.01
  [sigreg+proto] epoch 3/5  sigreg=1.0959  proto=3.5810  min_dist=4.21  mean_dist=12.17
  [sigreg+proto] epoch 4/5  sigreg=1.1199  proto=3.2918  min_dist=4.39  mean_dist=12.32
  [sigreg+proto] epoch 5/5  sigreg=1.1386  proto=3.1031  min_dist=4.51  mean_dist=12.46
  round 2: pool=2478 purity=0.001 k-hat=4 anchors=8  margin=0.4411  mean-anchor=0.6085  4=0.608
  [simclr] post f=0.003: probe=0.8852 eucl=0.3594 mahaT=0.3266
  [simclr] per-event post f=0.003: power=0.040
  [simclr] sparker (post, annealed)
    post-spk f=0.003: power=0.020 [0.003,0.064] (1/50)
  [simclr] maha (post)
    post-maha f=0.003: power=0.020 [0.003,0.064] (1/50)
  [simclr] mmd (post)
    post-mmd f=0.003: power=0.020 [0.003,0.064] (1/50)
  [sigreg+proto] epoch 1/5  sigreg=0.5044  proto=6.8466  min_dist=1.71  mean_dist=7.42
  [sigreg+proto] epoch 2/5  sigreg=0.6005  proto=5.3406  min_dist=2.30  mean_dist=7.96
  [sigreg+proto] epoch 3/5  sigreg=0.6664  proto=4.7373  min_dist=2.83  mean_dist=8.44
  [sigreg+proto] epoch 4/5  sigreg=0.7403  proto=4.2206  min_dist=3.32  mean_dist=8.86
  [sigreg+proto] epoch 5/5  sigreg=0.8249  proto=3.7663  min_dist=3.66  mean_dist=9.24
  round 1: pool=2477 purity=0.001 k-hat=4 anchors=4  margin=0.5243  mean-anchor=0.6538  4=0.654
  [sigreg+proto] epoch 1/5  sigreg=0.8085  proto=4.5440  min_dist=4.10  mean_dist=9.60
  [sigreg+proto] epoch 2/5  sigreg=0.8527  proto=3.5565  min_dist=4.39  mean_dist=9.99
  [sigreg+proto] epoch 3/5  sigreg=0.9153  proto=3.2624  min_dist=4.59  mean_dist=10.33
  [sigreg+proto] epoch 4/5  sigreg=0.9606  proto=3.0120  min_dist=4.78  mean_dist=10.64
  [sigreg+proto] epoch 5/5  sigreg=1.0064  proto=2.8298  min_dist=4.93  mean_dist=10.92
  round 2: pool=2475 purity=0.000 k-hat=4 anchors=8  margin=0.6051  mean-anchor=0.7503  4=0.750
  [visreg] post f=0.003: probe=0.8891 eucl=0.3251 mahaT=0.2964
  [visreg] per-event post f=0.003: power=0.030
  [visreg] sparker (post, annealed)
    post-spk f=0.003: power=0.060 [0.028,0.115] (3/50)
  [visreg] maha (post)
    post-maha f=0.003: power=0.000 [0.000,0.036] (0/50)
  [visreg] mmd (post)
    post-mmd f=0.003: power=0.020 [0.003,0.064] (1/50)
    merged 2 -> 1 anchors
  [sigreg+proto] epoch 1/5  sigreg=0.3509  proto=3.5382  min_dist=0.94  mean_dist=1.92
  [sigreg+proto] epoch 2/5  sigreg=0.3200  proto=3.2859  min_dist=1.34  mean_dist=2.41
  [sigreg+proto] epoch 3/5  sigreg=0.3283  proto=3.2225  min_dist=1.64  mean_dist=2.79
  [sigreg+proto] epoch 4/5  sigreg=0.3339  proto=3.1296  min_dist=1.89  mean_dist=3.11
  [sigreg+proto] epoch 5/5  sigreg=0.3397  proto=3.0229  min_dist=2.10  mean_dist=3.39
  round 1: pool=2484 purity=0.004 k-hat=2 anchors=1  margin=0.5991  mean-anchor=0.6022  4=0.602
  [sigreg+proto] epoch 1/5  sigreg=0.3915  proto=3.1805  min_dist=2.89  mean_dist=4.63
  [sigreg+proto] epoch 2/5  sigreg=0.4356  proto=3.0434  min_dist=3.43  mean_dist=5.37
  [sigreg+proto] epoch 3/5  sigreg=0.4803  proto=3.0410  min_dist=3.85  mean_dist=5.97
  [sigreg+proto] epoch 4/5  sigreg=0.5159  proto=2.9617  min_dist=4.21  mean_dist=6.49
  [sigreg+proto] epoch 5/5  sigreg=0.5430  proto=2.9188  min_dist=4.52  mean_dist=6.94
  round 2: pool=2477 purity=0.001 k-hat=4 anchors=5  margin=0.6342  mean-anchor=0.6852  4=0.685
  [nplm] post f=0.003: probe=0.8786 eucl=0.3896 mahaT=0.3240
  [nplm] per-event post f=0.003: power=0.020
  [nplm] sparker (post, annealed)
    post-spk f=0.003: power=0.060 [0.028,0.115] (3/50)
  [nplm] maha (post)
    post-maha f=0.003: power=0.060 [0.028,0.115] (3/50)
  [nplm] mmd (post)
    post-mmd f=0.003: power=0.080 [0.042,0.138] (4/50)
  [sigreg+proto] epoch 1/5  sigreg=0.4631  proto=2.5806  min_dist=1.41  mean_dist=7.96
  [sigreg+proto] epoch 2/5  sigreg=0.4376  proto=2.2635  min_dist=1.92  mean_dist=8.62
  [sigreg+proto] epoch 3/5  sigreg=0.4421  proto=2.0119  min_dist=2.34  mean_dist=9.19
  [sigreg+proto] epoch 4/5  sigreg=0.4337  proto=1.8537  min_dist=2.72  mean_dist=9.70
  [sigreg+proto] epoch 5/5  sigreg=0.4571  proto=1.9120  min_dist=3.05  mean_dist=10.14
  round 1: pool=2475 purity=0.000 k-hat=3 anchors=3  margin=0.4837  mean-anchor=0.6135  4=0.614
  [sigreg+proto] epoch 1/5  sigreg=0.4642  proto=2.5104  min_dist=3.84  mean_dist=10.81
  [sigreg+proto] epoch 2/5  sigreg=0.4872  proto=2.2646  min_dist=4.28  mean_dist=11.32
  [sigreg+proto] epoch 3/5  sigreg=0.5163  proto=2.1938  min_dist=4.63  mean_dist=11.74
  [sigreg+proto] epoch 4/5  sigreg=0.5452  proto=2.1121  min_dist=4.88  mean_dist=12.09
  [sigreg+proto] epoch 5/5  sigreg=0.5917  proto=1.9136  min_dist=5.10  mean_dist=12.40
  round 2: pool=2476 purity=0.000 k-hat=4 anchors=7  margin=0.6110  mean-anchor=0.7810  4=0.781
  [supcon] post f=0.003: probe=0.9286 eucl=0.3623 mahaT=0.3814
  [supcon] per-event post f=0.003: power=0.040
  [supcon] sparker (post, annealed)
    post-spk f=0.003: power=0.140 [0.090,0.207] (7/50)
  [supcon] maha (post)
    post-maha f=0.003: power=0.020 [0.003,0.064] (1/50)
  [supcon] mmd (post)
    post-mmd f=0.003: power=0.180 [0.124,0.251] (9/50)
  [sigreg+proto] epoch 1/5  sigreg=0.7187  proto=2.4057  min_dist=8.09  mean_dist=16.20
  [sigreg+proto] epoch 2/5  sigreg=0.6751  proto=1.5311  min_dist=8.07  mean_dist=16.16
  [sigreg+proto] epoch 3/5  sigreg=0.6511  proto=1.3229  min_dist=8.05  mean_dist=16.13
  [sigreg+proto] epoch 4/5  sigreg=0.6398  proto=1.1750  min_dist=8.04  mean_dist=16.11
  [sigreg+proto] epoch 5/5  sigreg=0.6278  proto=1.0806  min_dist=8.04  mean_dist=16.10
  round 1: pool=2483 purity=0.003 k-hat=4 anchors=4  margin=0.5264  mean-anchor=0.7108  4=0.711
  [sigreg+proto] epoch 1/5  sigreg=0.7246  proto=2.7801  min_dist=8.09  mean_dist=15.87
  [sigreg+proto] epoch 2/5  sigreg=0.6815  proto=1.8593  min_dist=8.13  mean_dist=15.85
  [sigreg+proto] epoch 3/5  sigreg=0.6689  proto=1.7184  min_dist=8.15  mean_dist=15.83
  [sigreg+proto] epoch 4/5  sigreg=0.6576  proto=1.4119  min_dist=8.18  mean_dist=15.83
  [sigreg+proto] epoch 5/5  sigreg=0.6458  proto=1.2491  min_dist=8.18  mean_dist=15.84
  round 2: pool=2479 purity=0.002 k-hat=4 anchors=8  margin=0.5548  mean-anchor=0.6762  4=0.676
  [supsig] post f=0.003: probe=0.8156 eucl=0.3769 mahaT=0.3515
  [supsig] per-event post f=0.003: power=0.070
  [supsig] sparker (post, annealed)
    post-spk f=0.003: power=0.020 [0.003,0.064] (1/50)
  [supsig] maha (post)
    post-maha f=0.003: power=0.040 [0.014,0.090] (2/50)
  [supsig] mmd (post)
    post-mmd f=0.003: power=0.140 [0.090,0.207] (7/50)
  [sigreg+proto] epoch 1/5  sigreg=0.6293  proto=2.1721  min_dist=0.42  mean_dist=2.37
  [sigreg+proto] epoch 2/5  sigreg=0.5150  proto=1.7815  min_dist=0.54  mean_dist=2.89
  [sigreg+proto] epoch 3/5  sigreg=0.4732  proto=1.6582  min_dist=0.64  mean_dist=3.32
  [sigreg+proto] epoch 4/5  sigreg=0.4524  proto=1.5770  min_dist=0.73  mean_dist=3.69
  [sigreg+proto] epoch 5/5  sigreg=0.4415  proto=1.5106  min_dist=0.81  mean_dist=4.02
  round 1: pool=2482 purity=0.003 k-hat=1 anchors=1  margin=0.3699  mean-anchor=0.5171  4=0.517
  [sigreg+proto] epoch 1/5  sigreg=0.4495  proto=1.7705  min_dist=1.77  mean_dist=5.13
  [sigreg+proto] epoch 2/5  sigreg=0.4712  proto=1.6366  min_dist=2.36  mean_dist=5.87
  [sigreg+proto] epoch 3/5  sigreg=0.4956  proto=1.6727  min_dist=2.86  mean_dist=6.49
  [sigreg+proto] epoch 4/5  sigreg=0.5272  proto=1.6384  min_dist=3.29  mean_dist=7.02
  [sigreg+proto] epoch 5/5  sigreg=0.5505  proto=1.5708  min_dist=3.68  mean_dist=7.50
  round 2: pool=2479 purity=0.002 k-hat=4 anchors=5  margin=0.3605  mean-anchor=0.6056  4=0.606
  [nplmcw] post f=0.003: probe=0.9124 eucl=0.4450 mahaT=0.4217
  [nplmcw] per-event post f=0.003: power=0.030
  [nplmcw] sparker (post, annealed)
    post-spk f=0.003: power=0.040 [0.014,0.090] (2/50)
  [nplmcw] maha (post)
    post-maha f=0.003: power=0.020 [0.003,0.064] (1/50)
  [nplmcw] mmd (post)
    post-mmd f=0.003: power=0.140 [0.090,0.207] (7/50)
  [sigreg+proto] epoch 1/5  sigreg=0.3537  proto=3.7600  min_dist=2.27  mean_dist=11.00
  [sigreg+proto] epoch 2/5  sigreg=0.4346  proto=2.7860  min_dist=2.84  mean_dist=11.34
  [sigreg+proto] epoch 3/5  sigreg=0.4917  proto=2.4090  min_dist=3.25  mean_dist=11.66
  [sigreg+proto] epoch 4/5  sigreg=0.5472  proto=2.2049  min_dist=3.62  mean_dist=11.94
  [sigreg+proto] epoch 5/5  sigreg=0.5781  proto=1.9944  min_dist=3.89  mean_dist=12.20
  round 1: pool=2477 purity=0.001 k-hat=4 anchors=4  margin=0.7053  mean-anchor=0.8021  4=0.802
  [sigreg+proto] epoch 1/5  sigreg=0.4579  proto=3.0058  min_dist=3.88  mean_dist=12.22
  [sigreg+proto] epoch 2/5  sigreg=0.4901  proto=2.2400  min_dist=4.03  mean_dist=12.46
  [sigreg+proto] epoch 3/5  sigreg=0.5223  proto=2.1381  min_dist=4.19  mean_dist=12.69
  [sigreg+proto] epoch 4/5  sigreg=0.5400  proto=1.9196  min_dist=4.34  mean_dist=12.90
  [sigreg+proto] epoch 5/5  sigreg=0.5492  proto=1.7207  min_dist=4.48  mean_dist=13.11
  round 2: pool=2488 purity=0.005 k-hat=4 anchors=8  margin=0.6318  mean-anchor=0.7358  4=0.736
  [ssig] post f=0.003: probe=0.8864 eucl=0.4730 mahaT=0.4564
  [ssig] per-event post f=0.003: power=0.010
  [ssig] sparker (post, annealed)
    post-spk f=0.003: power=0.020 [0.003,0.064] (1/50)
  [ssig] maha (post)
    post-maha f=0.003: power=0.120 [0.074,0.184] (6/50)
  [ssig] mmd (post)
    post-mmd f=0.003: power=0.080 [0.042,0.138] (4/50)
    merged 2 -> 1 anchors
  [sigreg+proto] epoch 1/5  sigreg=0.7922  proto=2.9452  min_dist=0.25  mean_dist=2.19
  [sigreg+proto] epoch 2/5  sigreg=0.7399  proto=2.7731  min_dist=0.30  mean_dist=2.40
  [sigreg+proto] epoch 3/5  sigreg=0.7100  proto=2.7219  min_dist=0.36  mean_dist=2.60
  [sigreg+proto] epoch 4/5  sigreg=0.6930  proto=2.6441  min_dist=0.41  mean_dist=2.78
  [sigreg+proto] epoch 5/5  sigreg=0.6831  proto=2.5805  min_dist=0.45  mean_dist=2.95
  round 1: pool=2479 purity=0.002 k-hat=2 anchors=1  margin=0.3786  mean-anchor=0.6005  4=0.601
  [sigreg+proto] epoch 1/5  sigreg=0.6784  proto=2.7294  min_dist=1.21  mean_dist=4.17
  [sigreg+proto] epoch 2/5  sigreg=0.6928  proto=2.5735  min_dist=1.65  mean_dist=4.82
  [sigreg+proto] epoch 3/5  sigreg=0.7055  proto=2.6052  min_dist=2.01  mean_dist=5.35
  [sigreg+proto] epoch 4/5  sigreg=0.7267  proto=2.5532  min_dist=2.25  mean_dist=5.81
  [sigreg+proto] epoch 5/5  sigreg=0.7451  proto=2.4652  min_dist=2.49  mean_dist=6.22
  round 2: pool=2476 purity=0.000 k-hat=4 anchors=5  margin=0.2238  mean-anchor=0.5466  4=0.547
  [nplmsd] post f=0.003: probe=0.8791 eucl=0.2655 mahaT=0.2715
  [nplmsd] per-event post f=0.003: power=0.000
  [nplmsd] sparker (post, annealed)
    post-spk f=0.003: power=0.160 [0.107,0.229] (8/50)
  [nplmsd] maha (post)
    post-maha f=0.003: power=0.040 [0.014,0.090] (2/50)
  [nplmsd] mmd (post)
    post-mmd f=0.003: power=0.140 [0.090,0.207] (7/50)

===== POST grid, f=0.01 (500 injected) =====
  [sigreg+proto] epoch 1/5  sigreg=0.5820  proto=15.5997  min_dist=2.70  mean_dist=10.87
  [sigreg+proto] epoch 2/5  sigreg=0.9000  proto=8.3068  min_dist=3.12  mean_dist=11.04
  [sigreg+proto] epoch 3/5  sigreg=1.1190  proto=6.2456  min_dist=3.44  mean_dist=11.21
  [sigreg+proto] epoch 4/5  sigreg=1.2348  proto=5.1730  min_dist=3.72  mean_dist=11.39
  [sigreg+proto] epoch 5/5  sigreg=1.2802  proto=4.5531  min_dist=3.87  mean_dist=11.56
  round 1: pool=2485 purity=0.004 k-hat=4 anchors=4  margin=0.5414  mean-anchor=0.6566  4=0.657
  [sigreg+proto] epoch 1/5  sigreg=1.1676  proto=5.4029  min_dist=2.84  mean_dist=12.02
  [sigreg+proto] epoch 2/5  sigreg=1.2238  proto=3.8647  min_dist=2.58  mean_dist=12.18
  [sigreg+proto] epoch 3/5  sigreg=1.2336  proto=3.4784  min_dist=2.43  mean_dist=12.33
  [sigreg+proto] epoch 4/5  sigreg=1.2376  proto=3.3154  min_dist=2.29  mean_dist=12.47
  [sigreg+proto] epoch 5/5  sigreg=1.2338  proto=3.1468  min_dist=2.41  mean_dist=12.61
  round 2: pool=2484 purity=0.004 k-hat=4 anchors=8  margin=0.4997  mean-anchor=0.6160  4=0.616
  [simclr] post f=0.01: probe=0.8991 eucl=0.3441 mahaT=0.2930
  [simclr] per-event post f=0.01: power=0.020
  [simclr] sparker (post, annealed)
    post-spk f=0.01: power=0.100 [0.058,0.162] (5/50)
  [simclr] maha (post)
    post-maha f=0.01: power=0.060 [0.028,0.115] (3/50)
  [simclr] mmd (post)
    post-mmd f=0.01: power=0.020 [0.003,0.064] (1/50)
  [sigreg+proto] epoch 1/5  sigreg=0.5053  proto=6.8169  min_dist=1.73  mean_dist=7.42
  [sigreg+proto] epoch 2/5  sigreg=0.6052  proto=5.2436  min_dist=2.34  mean_dist=7.97
  [sigreg+proto] epoch 3/5  sigreg=0.6717  proto=4.7421  min_dist=2.87  mean_dist=8.44
  [sigreg+proto] epoch 4/5  sigreg=0.7512  proto=4.1737  min_dist=3.30  mean_dist=8.86
  [sigreg+proto] epoch 5/5  sigreg=0.8357  proto=3.8021  min_dist=3.65  mean_dist=9.24
  round 1: pool=2487 purity=0.005 k-hat=4 anchors=4  margin=0.5371  mean-anchor=0.6812  4=0.681
  [sigreg+proto] epoch 1/5  sigreg=0.8175  proto=4.4328  min_dist=4.14  mean_dist=9.62
  [sigreg+proto] epoch 2/5  sigreg=0.8611  proto=3.5486  min_dist=4.38  mean_dist=10.00
  [sigreg+proto] epoch 3/5  sigreg=0.9221  proto=3.1902  min_dist=4.52  mean_dist=10.35
  [sigreg+proto] epoch 4/5  sigreg=0.9692  proto=2.9467  min_dist=4.69  mean_dist=10.67
  [sigreg+proto] epoch 5/5  sigreg=1.0161  proto=2.8045  min_dist=4.82  mean_dist=10.95
  round 2: pool=2479 purity=0.002 k-hat=4 anchors=8  margin=0.4933  mean-anchor=0.5131  4=0.513
  [visreg] post f=0.01: probe=0.8743 eucl=0.3400 mahaT=0.2994
  [visreg] per-event post f=0.01: power=0.000
  [visreg] sparker (post, annealed)
    post-spk f=0.01: power=0.000 [0.000,0.036] (0/50)
  [visreg] maha (post)
    post-maha f=0.01: power=0.060 [0.028,0.115] (3/50)
  [visreg] mmd (post)
    post-mmd f=0.01: power=0.000 [0.000,0.036] (0/50)
    merged 2 -> 1 anchors
  [sigreg+proto] epoch 1/5  sigreg=0.3562  proto=3.5568  min_dist=0.94  mean_dist=1.92
  [sigreg+proto] epoch 2/5  sigreg=0.3243  proto=3.3349  min_dist=1.34  mean_dist=2.41
  [sigreg+proto] epoch 3/5  sigreg=0.3269  proto=3.1970  min_dist=1.64  mean_dist=2.79
  [sigreg+proto] epoch 4/5  sigreg=0.3360  proto=3.1262  min_dist=1.89  mean_dist=3.11
  [sigreg+proto] epoch 5/5  sigreg=0.3406  proto=3.0348  min_dist=2.10  mean_dist=3.39
  round 1: pool=2497 purity=0.009 k-hat=2 anchors=1  margin=0.5730  mean-anchor=0.5597  4=0.560
  [sigreg+proto] epoch 1/5  sigreg=0.3891  proto=3.1931  min_dist=2.89  mean_dist=4.66
  [sigreg+proto] epoch 2/5  sigreg=0.4387  proto=3.1169  min_dist=3.43  mean_dist=5.41
  [sigreg+proto] epoch 3/5  sigreg=0.4787  proto=3.0410  min_dist=3.86  mean_dist=6.00
  [sigreg+proto] epoch 4/5  sigreg=0.5097  proto=2.9628  min_dist=4.22  mean_dist=6.51
  [sigreg+proto] epoch 5/5  sigreg=0.5381  proto=2.9020  min_dist=4.52  mean_dist=6.96
  round 2: pool=2487 purity=0.005 k-hat=4 anchors=5  margin=0.6255  mean-anchor=0.5943  4=0.594
  [nplm] post f=0.01: probe=0.8759 eucl=0.3862 mahaT=0.2790
  [nplm] per-event post f=0.01: power=0.050
  [nplm] sparker (post, annealed)
    post-spk f=0.01: power=0.100 [0.058,0.162] (5/50)
  [nplm] maha (post)
    post-maha f=0.01: power=0.020 [0.003,0.064] (1/50)
  [nplm] mmd (post)
    post-mmd f=0.01: power=0.000 [0.000,0.036] (0/50)
  [sigreg+proto] epoch 1/5  sigreg=0.4635  proto=2.5071  min_dist=1.41  mean_dist=7.96
  [sigreg+proto] epoch 2/5  sigreg=0.4392  proto=2.0727  min_dist=1.92  mean_dist=8.62
  [sigreg+proto] epoch 3/5  sigreg=0.4369  proto=2.0695  min_dist=2.34  mean_dist=9.19
  [sigreg+proto] epoch 4/5  sigreg=0.4462  proto=1.9429  min_dist=2.71  mean_dist=9.69
  [sigreg+proto] epoch 5/5  sigreg=0.4537  proto=1.9155  min_dist=3.04  mean_dist=10.14
  round 1: pool=2475 purity=0.000 k-hat=3 anchors=3  margin=0.5448  mean-anchor=0.6866  4=0.687
  [sigreg+proto] epoch 1/5  sigreg=0.4495  proto=2.3527  min_dist=3.89  mean_dist=10.87
  [sigreg+proto] epoch 2/5  sigreg=0.4816  proto=2.1429  min_dist=4.28  mean_dist=11.39
  [sigreg+proto] epoch 3/5  sigreg=0.5168  proto=2.1064  min_dist=4.57  mean_dist=11.80
  [sigreg+proto] epoch 4/5  sigreg=0.5451  proto=2.0081  min_dist=4.81  mean_dist=12.16
  [sigreg+proto] epoch 5/5  sigreg=0.5701  proto=1.7933  min_dist=5.07  mean_dist=12.47
  round 2: pool=2480 purity=0.002 k-hat=4 anchors=7  margin=0.5652  mean-anchor=0.7073  4=0.707
  [supcon] post f=0.01: probe=0.9292 eucl=0.3134 mahaT=0.3167
  [supcon] per-event post f=0.01: power=0.030
  [supcon] sparker (post, annealed)
    post-spk f=0.01: power=0.060 [0.028,0.115] (3/50)
  [supcon] maha (post)
    post-maha f=0.01: power=0.060 [0.028,0.115] (3/50)
  [supcon] mmd (post)
    post-mmd f=0.01: power=0.080 [0.042,0.138] (4/50)
  [sigreg+proto] epoch 1/5  sigreg=0.7259  proto=2.5708  min_dist=8.19  mean_dist=16.19
  [sigreg+proto] epoch 2/5  sigreg=0.6734  proto=1.4877  min_dist=8.15  mean_dist=16.16
  [sigreg+proto] epoch 3/5  sigreg=0.6516  proto=1.2760  min_dist=8.14  mean_dist=16.13
  [sigreg+proto] epoch 4/5  sigreg=0.6400  proto=1.0226  min_dist=8.15  mean_dist=16.11
  [sigreg+proto] epoch 5/5  sigreg=0.6290  proto=1.0633  min_dist=8.14  mean_dist=16.10
  round 1: pool=2498 purity=0.009 k-hat=4 anchors=4  margin=0.5701  mean-anchor=0.6593  4=0.659
  [sigreg+proto] epoch 1/5  sigreg=0.6762  proto=2.8048  min_dist=8.17  mean_dist=15.87
  [sigreg+proto] epoch 2/5  sigreg=0.6614  proto=1.8586  min_dist=8.16  mean_dist=15.85
  [sigreg+proto] epoch 3/5  sigreg=0.6556  proto=1.4923  min_dist=8.15  mean_dist=15.84
  [sigreg+proto] epoch 4/5  sigreg=0.6449  proto=1.3856  min_dist=8.14  mean_dist=15.84
  [sigreg+proto] epoch 5/5  sigreg=0.6469  proto=1.4091  min_dist=8.14  mean_dist=15.84
  round 2: pool=2506 purity=0.012 k-hat=4 anchors=8  margin=0.5741  mean-anchor=0.6669  4=0.667
  [supsig] post f=0.01: probe=0.8079 eucl=0.3606 mahaT=0.3478
  [supsig] per-event post f=0.01: power=0.080
  [supsig] sparker (post, annealed)
    post-spk f=0.01: power=0.040 [0.014,0.090] (2/50)
  [supsig] maha (post)
    post-maha f=0.01: power=0.080 [0.042,0.138] (4/50)
  [supsig] mmd (post)
    post-mmd f=0.01: power=0.080 [0.042,0.138] (4/50)
  [sigreg+proto] epoch 1/5  sigreg=0.6273  proto=2.1557  min_dist=0.42  mean_dist=2.37
  [sigreg+proto] epoch 2/5  sigreg=0.5119  proto=1.8460  min_dist=0.54  mean_dist=2.89
  [sigreg+proto] epoch 3/5  sigreg=0.4712  proto=1.6599  min_dist=0.64  mean_dist=3.32
  [sigreg+proto] epoch 4/5  sigreg=0.4470  proto=1.5780  min_dist=0.72  mean_dist=3.69
  [sigreg+proto] epoch 5/5  sigreg=0.4371  proto=1.5064  min_dist=0.81  mean_dist=4.02
  round 1: pool=2489 purity=0.006 k-hat=1 anchors=1  margin=0.4255  mean-anchor=0.5492  4=0.549
  [sigreg+proto] epoch 1/5  sigreg=0.4436  proto=1.7435  min_dist=1.77  mean_dist=5.14
  [sigreg+proto] epoch 2/5  sigreg=0.4649  proto=1.6788  min_dist=2.37  mean_dist=5.88
  [sigreg+proto] epoch 3/5  sigreg=0.4946  proto=1.6281  min_dist=2.86  mean_dist=6.50
  [sigreg+proto] epoch 4/5  sigreg=0.5214  proto=1.5409  min_dist=3.28  mean_dist=7.04
  [sigreg+proto] epoch 5/5  sigreg=0.5438  proto=1.5778  min_dist=3.67  mean_dist=7.51
  round 2: pool=2483 purity=0.003 k-hat=4 anchors=5  margin=0.4685  mean-anchor=0.7780  4=0.778
  [nplmcw] post f=0.01: probe=0.9200 eucl=0.4101 mahaT=0.3739
  [nplmcw] per-event post f=0.01: power=0.070
  [nplmcw] sparker (post, annealed)
    post-spk f=0.01: power=0.120 [0.074,0.184] (6/50)
  [nplmcw] maha (post)
    post-maha f=0.01: power=0.040 [0.014,0.090] (2/50)
  [nplmcw] mmd (post)
    post-mmd f=0.01: power=0.020 [0.003,0.064] (1/50)
  [sigreg+proto] epoch 1/5  sigreg=0.3637  proto=3.8320  min_dist=2.27  mean_dist=10.99
  [sigreg+proto] epoch 2/5  sigreg=0.4359  proto=2.8420  min_dist=2.84  mean_dist=11.34
  [sigreg+proto] epoch 3/5  sigreg=0.4889  proto=2.4000  min_dist=3.25  mean_dist=11.65
  [sigreg+proto] epoch 4/5  sigreg=0.5221  proto=2.1189  min_dist=3.60  mean_dist=11.94
  [sigreg+proto] epoch 5/5  sigreg=0.5568  proto=1.9775  min_dist=3.90  mean_dist=12.20
  round 1: pool=2494 purity=0.008 k-hat=4 anchors=4  margin=0.7453  mean-anchor=0.8309  4=0.831
  [sigreg+proto] epoch 1/5  sigreg=0.4496  proto=2.9455  min_dist=3.76  mean_dist=12.23
  [sigreg+proto] epoch 2/5  sigreg=0.4756  proto=2.2662  min_dist=3.91  mean_dist=12.48
  [sigreg+proto] epoch 3/5  sigreg=0.4976  proto=2.0254  min_dist=4.09  mean_dist=12.71
  [sigreg+proto] epoch 4/5  sigreg=0.5193  proto=1.8791  min_dist=4.27  mean_dist=12.93
  [sigreg+proto] epoch 5/5  sigreg=0.5415  proto=1.8397  min_dist=4.41  mean_dist=13.14
  round 2: pool=2521 purity=0.018 k-hat=4 anchors=8  margin=0.6735  mean-anchor=0.7589  4=0.759
  [ssig] post f=0.01: probe=0.8759 eucl=0.4614 mahaT=0.4749
  [ssig] per-event post f=0.01: power=0.030
  [ssig] sparker (post, annealed)
    post-spk f=0.01: power=0.080 [0.042,0.138] (4/50)
  [ssig] maha (post)
    post-maha f=0.01: power=0.080 [0.042,0.138] (4/50)
  [ssig] mmd (post)
    post-mmd f=0.01: power=0.100 [0.058,0.162] (5/50)
    merged 2 -> 1 anchors
  [sigreg+proto] epoch 1/5  sigreg=0.7914  proto=2.9231  min_dist=0.25  mean_dist=2.19
  [sigreg+proto] epoch 2/5  sigreg=0.7375  proto=2.8314  min_dist=0.30  mean_dist=2.40
  [sigreg+proto] epoch 3/5  sigreg=0.7129  proto=2.7098  min_dist=0.36  mean_dist=2.60
  [sigreg+proto] epoch 4/5  sigreg=0.6969  proto=2.6618  min_dist=0.41  mean_dist=2.78
  [sigreg+proto] epoch 5/5  sigreg=0.6837  proto=2.6031  min_dist=0.45  mean_dist=2.95
  round 1: pool=2494 purity=0.008 k-hat=2 anchors=1  margin=0.3562  mean-anchor=0.5505  4=0.550
  [sigreg+proto] epoch 1/5  sigreg=0.6829  proto=2.7040  min_dist=1.21  mean_dist=4.18
  [sigreg+proto] epoch 2/5  sigreg=0.6899  proto=2.5552  min_dist=1.65  mean_dist=4.83
  [sigreg+proto] epoch 3/5  sigreg=0.7064  proto=2.5560  min_dist=2.01  mean_dist=5.37
  [sigreg+proto] epoch 4/5  sigreg=0.7276  proto=2.4515  min_dist=2.25  mean_dist=5.83
  [sigreg+proto] epoch 5/5  sigreg=0.7436  proto=2.4464  min_dist=2.49  mean_dist=6.24
  round 2: pool=2478 purity=0.001 k-hat=4 anchors=5  margin=0.3516  mean-anchor=0.5995  4=0.599
  [nplmsd] post f=0.01: probe=0.8590 eucl=0.3491 mahaT=0.3056
  [nplmsd] per-event post f=0.01: power=0.000
  [nplmsd] sparker (post, annealed)
    post-spk f=0.01: power=0.000 [0.000,0.036] (0/50)
  [nplmsd] maha (post)
    post-maha f=0.01: power=0.020 [0.003,0.064] (1/50)
  [nplmsd] mmd (post)
    post-mmd f=0.01: power=0.020 [0.003,0.064] (1/50)

===== POST grid, f=0.02 (500 injected) =====
  [sigreg+proto] epoch 1/5  sigreg=0.5553  proto=15.5077  min_dist=2.69  mean_dist=10.87
  [sigreg+proto] epoch 2/5  sigreg=0.8311  proto=8.8225  min_dist=3.12  mean_dist=11.03
  [sigreg+proto] epoch 3/5  sigreg=1.0182  proto=6.4931  min_dist=3.47  mean_dist=11.21
  [sigreg+proto] epoch 4/5  sigreg=1.1524  proto=5.1839  min_dist=3.61  mean_dist=11.39
  [sigreg+proto] epoch 5/5  sigreg=1.2208  proto=4.5686  min_dist=3.78  mean_dist=11.57
  round 1: pool=2485 purity=0.004 k-hat=4 anchors=4  margin=0.5586  mean-anchor=0.6529  4=0.653
  [sigreg+proto] epoch 1/5  sigreg=0.9840  proto=6.3205  min_dist=3.97  mean_dist=11.86
  [sigreg+proto] epoch 2/5  sigreg=1.0420  proto=4.2467  min_dist=3.62  mean_dist=12.01
  [sigreg+proto] epoch 3/5  sigreg=1.0720  proto=3.8534  min_dist=3.23  mean_dist=12.17
  [sigreg+proto] epoch 4/5  sigreg=1.0989  proto=3.4147  min_dist=3.15  mean_dist=12.32
  [sigreg+proto] epoch 5/5  sigreg=1.1130  proto=3.2068  min_dist=3.28  mean_dist=12.45
  round 2: pool=2483 purity=0.003 k-hat=4 anchors=8  margin=0.4595  mean-anchor=0.6141  4=0.614
  [simclr] post f=0.02: probe=0.8879 eucl=0.3104 mahaT=0.2810
  [simclr] per-event post f=0.02: power=0.020
  [simclr] sparker (post, annealed)
    post-spk f=0.02: power=0.000 [0.000,0.036] (0/50)
  [simclr] maha (post)
    post-maha f=0.02: power=0.000 [0.000,0.036] (0/50)
  [simclr] mmd (post)
    post-mmd f=0.02: power=0.700 [0.622,0.769] (35/50)
  [sigreg+proto] epoch 1/5  sigreg=0.5022  proto=6.7346  min_dist=1.73  mean_dist=7.42
  [sigreg+proto] epoch 2/5  sigreg=0.6035  proto=5.1834  min_dist=2.34  mean_dist=7.97
  [sigreg+proto] epoch 3/5  sigreg=0.6799  proto=4.6546  min_dist=2.90  mean_dist=8.44
  [sigreg+proto] epoch 4/5  sigreg=0.7625  proto=4.1741  min_dist=3.32  mean_dist=8.87
  [sigreg+proto] epoch 5/5  sigreg=0.8379  proto=3.7524  min_dist=3.67  mean_dist=9.24
  round 1: pool=2487 purity=0.005 k-hat=4 anchors=4  margin=0.5139  mean-anchor=0.6546  4=0.655
  [sigreg+proto] epoch 1/5  sigreg=0.8109  proto=4.4416  min_dist=4.15  mean_dist=9.62
  [sigreg+proto] epoch 2/5  sigreg=0.8669  proto=3.4671  min_dist=4.36  mean_dist=10.01
  [sigreg+proto] epoch 3/5  sigreg=0.9272  proto=3.2821  min_dist=4.54  mean_dist=10.35
  [sigreg+proto] epoch 4/5  sigreg=0.9811  proto=3.0224  min_dist=4.71  mean_dist=10.66
  [sigreg+proto] epoch 5/5  sigreg=1.0218  proto=2.7832  min_dist=4.86  mean_dist=10.94
  round 2: pool=2477 purity=0.001 k-hat=4 anchors=8  margin=0.5062  mean-anchor=0.7254  4=0.725
  [visreg] post f=0.02: probe=0.8963 eucl=0.2884 mahaT=0.2644
  [visreg] per-event post f=0.02: power=0.010
  [visreg] sparker (post, annealed)
    post-spk f=0.02: power=0.120 [0.074,0.184] (6/50)
  [visreg] maha (post)
    post-maha f=0.02: power=0.000 [0.000,0.036] (0/50)
  [visreg] mmd (post)
    post-mmd f=0.02: power=0.600 [0.520,0.676] (30/50)
    merged 2 -> 1 anchors
  [sigreg+proto] epoch 1/5  sigreg=0.3470  proto=3.5368  min_dist=0.94  mean_dist=1.92
  [sigreg+proto] epoch 2/5  sigreg=0.3190  proto=3.2975  min_dist=1.34  mean_dist=2.41
  [sigreg+proto] epoch 3/5  sigreg=0.3277  proto=3.1941  min_dist=1.64  mean_dist=2.79
  [sigreg+proto] epoch 4/5  sigreg=0.3334  proto=3.1002  min_dist=1.89  mean_dist=3.11
  [sigreg+proto] epoch 5/5  sigreg=0.3380  proto=3.0363  min_dist=2.10  mean_dist=3.39
  round 1: pool=2497 purity=0.009 k-hat=2 anchors=1  margin=0.5858  mean-anchor=0.5830  4=0.583
  [sigreg+proto] epoch 1/5  sigreg=0.3902  proto=3.2526  min_dist=2.89  mean_dist=4.64
  [sigreg+proto] epoch 2/5  sigreg=0.4359  proto=3.0662  min_dist=3.44  mean_dist=5.38
  [sigreg+proto] epoch 3/5  sigreg=0.4765  proto=3.0202  min_dist=3.84  mean_dist=5.98
  [sigreg+proto] epoch 4/5  sigreg=0.5154  proto=2.9709  min_dist=4.19  mean_dist=6.49
  [sigreg+proto] epoch 5/5  sigreg=0.5435  proto=2.9045  min_dist=4.50  mean_dist=6.94
  round 2: pool=2487 purity=0.005 k-hat=4 anchors=5  margin=0.6066  mean-anchor=0.5414  4=0.541
  [nplm] post f=0.02: probe=0.8693 eucl=0.4136 mahaT=0.2709
  [nplm] per-event post f=0.02: power=0.050
  [nplm] sparker (post, annealed)
    post-spk f=0.02: power=0.020 [0.003,0.064] (1/50)
  [nplm] maha (post)
    post-maha f=0.02: power=0.000 [0.000,0.036] (0/50)
  [nplm] mmd (post)
    post-mmd f=0.02: power=0.460 [0.382,0.540] (23/50)
  [sigreg+proto] epoch 1/5  sigreg=0.4651  proto=2.7517  min_dist=1.41  mean_dist=7.96
  [sigreg+proto] epoch 2/5  sigreg=0.4404  proto=2.1505  min_dist=1.93  mean_dist=8.62
  [sigreg+proto] epoch 3/5  sigreg=0.4377  proto=1.9493  min_dist=2.35  mean_dist=9.19
  [sigreg+proto] epoch 4/5  sigreg=0.4402  proto=1.9093  min_dist=2.72  mean_dist=9.69
  [sigreg+proto] epoch 5/5  sigreg=0.4529  proto=1.9235  min_dist=3.05  mean_dist=10.14
  round 1: pool=2475 purity=0.000 k-hat=3 anchors=3  margin=0.5032  mean-anchor=0.7030  4=0.703
  [sigreg+proto] epoch 1/5  sigreg=0.4626  proto=2.5414  min_dist=3.85  mean_dist=10.84
  [sigreg+proto] epoch 2/5  sigreg=0.4867  proto=2.2251  min_dist=4.26  mean_dist=11.35
  [sigreg+proto] epoch 3/5  sigreg=0.5197  proto=2.1142  min_dist=4.56  mean_dist=11.77
  [sigreg+proto] epoch 4/5  sigreg=0.5531  proto=1.9295  min_dist=4.82  mean_dist=12.13
  [sigreg+proto] epoch 5/5  sigreg=0.5717  proto=1.8635  min_dist=5.04  mean_dist=12.44
  round 2: pool=2477 purity=0.001 k-hat=4 anchors=7  margin=0.5379  mean-anchor=0.7977  4=0.798
  [supcon] post f=0.02: probe=0.9310 eucl=0.3040 mahaT=0.3524
  [supcon] per-event post f=0.02: power=0.010
  [supcon] sparker (post, annealed)
    post-spk f=0.02: power=0.060 [0.028,0.115] (3/50)
  [supcon] maha (post)
    post-maha f=0.02: power=0.020 [0.003,0.064] (1/50)
  [supcon] mmd (post)
    post-mmd f=0.02: power=0.880 [0.816,0.926] (44/50)
  [sigreg+proto] epoch 1/5  sigreg=0.7157  proto=2.5415  min_dist=8.19  mean_dist=16.20
  [sigreg+proto] epoch 2/5  sigreg=0.6808  proto=1.5820  min_dist=8.17  mean_dist=16.16
  [sigreg+proto] epoch 3/5  sigreg=0.6547  proto=1.2389  min_dist=8.13  mean_dist=16.13
  [sigreg+proto] epoch 4/5  sigreg=0.6355  proto=1.1755  min_dist=8.14  mean_dist=16.11
  [sigreg+proto] epoch 5/5  sigreg=0.6278  proto=1.0070  min_dist=8.15  mean_dist=16.10
  round 1: pool=2498 purity=0.009 k-hat=4 anchors=4  margin=0.5803  mean-anchor=0.6833  4=0.683
  [sigreg+proto] epoch 1/5  sigreg=0.7001  proto=2.8371  min_dist=8.05  mean_dist=15.86
  [sigreg+proto] epoch 2/5  sigreg=0.6774  proto=1.9320  min_dist=8.21  mean_dist=15.84
  [sigreg+proto] epoch 3/5  sigreg=0.6567  proto=1.6389  min_dist=8.21  mean_dist=15.82
  [sigreg+proto] epoch 4/5  sigreg=0.6455  proto=1.3777  min_dist=8.22  mean_dist=15.82
  [sigreg+proto] epoch 5/5  sigreg=0.6419  proto=1.2358  min_dist=8.25  mean_dist=15.83
  round 2: pool=2492 purity=0.007 k-hat=4 anchors=8  margin=0.5857  mean-anchor=0.7613  4=0.761
  [supsig] post f=0.02: probe=0.8174 eucl=0.3410 mahaT=0.3599
  [supsig] per-event post f=0.02: power=0.030
  [supsig] sparker (post, annealed)
    post-spk f=0.02: power=0.080 [0.042,0.138] (4/50)
  [supsig] maha (post)
    post-maha f=0.02: power=0.020 [0.003,0.064] (1/50)
  [supsig] mmd (post)
    post-mmd f=0.02: power=0.520 [0.440,0.599] (26/50)
  [sigreg+proto] epoch 1/5  sigreg=0.6279  proto=2.1260  min_dist=0.42  mean_dist=2.37
  [sigreg+proto] epoch 2/5  sigreg=0.5133  proto=1.8021  min_dist=0.54  mean_dist=2.89
  [sigreg+proto] epoch 3/5  sigreg=0.4706  proto=1.6662  min_dist=0.64  mean_dist=3.32
  [sigreg+proto] epoch 4/5  sigreg=0.4473  proto=1.5482  min_dist=0.73  mean_dist=3.69
  [sigreg+proto] epoch 5/5  sigreg=0.4324  proto=1.5118  min_dist=0.81  mean_dist=4.02
  round 1: pool=2489 purity=0.006 k-hat=1 anchors=1  margin=0.2929  mean-anchor=0.5662  4=0.566
  [sigreg+proto] epoch 1/5  sigreg=0.4411  proto=1.7816  min_dist=1.73  mean_dist=5.14
  [sigreg+proto] epoch 2/5  sigreg=0.4690  proto=1.5964  min_dist=2.31  mean_dist=5.88
  [sigreg+proto] epoch 3/5  sigreg=0.4973  proto=1.6520  min_dist=2.78  mean_dist=6.50
  [sigreg+proto] epoch 4/5  sigreg=0.5221  proto=1.5505  min_dist=3.19  mean_dist=7.04
  [sigreg+proto] epoch 5/5  sigreg=0.5477  proto=1.5349  min_dist=3.56  mean_dist=7.51
  round 2: pool=2477 purity=0.001 k-hat=4 anchors=5  margin=0.3470  mean-anchor=0.5089  4=0.509
  [nplmcw] post f=0.02: probe=0.9292 eucl=0.4996 mahaT=0.4134
  [nplmcw] per-event post f=0.02: power=0.010
  [nplmcw] sparker (post, annealed)
    post-spk f=0.02: power=0.200 [0.141,0.273] (10/50)
  [nplmcw] maha (post)
    post-maha f=0.02: power=0.040 [0.014,0.090] (2/50)
  [nplmcw] mmd (post)
    post-mmd f=0.02: power=0.560 [0.480,0.638] (28/50)
  [sigreg+proto] epoch 1/5  sigreg=0.3658  proto=3.7757  min_dist=2.26  mean_dist=11.00
  [sigreg+proto] epoch 2/5  sigreg=0.4387  proto=2.8461  min_dist=2.82  mean_dist=11.34
  [sigreg+proto] epoch 3/5  sigreg=0.4914  proto=2.3447  min_dist=3.26  mean_dist=11.66
  [sigreg+proto] epoch 4/5  sigreg=0.5308  proto=2.1564  min_dist=3.57  mean_dist=11.94
  [sigreg+proto] epoch 5/5  sigreg=0.5554  proto=1.8941  min_dist=3.87  mean_dist=12.21
  round 1: pool=2494 purity=0.008 k-hat=4 anchors=4  margin=0.7846  mean-anchor=0.8671  4=0.867
  [sigreg+proto] epoch 1/5  sigreg=0.4534  proto=2.9736  min_dist=4.17  mean_dist=12.24
  [sigreg+proto] epoch 2/5  sigreg=0.4824  proto=2.2598  min_dist=4.40  mean_dist=12.49
  [sigreg+proto] epoch 3/5  sigreg=0.5006  proto=2.0847  min_dist=4.60  mean_dist=12.71
  [sigreg+proto] epoch 4/5  sigreg=0.5240  proto=1.8969  min_dist=4.79  mean_dist=12.93
  [sigreg+proto] epoch 5/5  sigreg=0.5492  proto=1.7802  min_dist=4.98  mean_dist=13.13
  round 2: pool=2505 purity=0.012 k-hat=4 anchors=8  margin=0.6771  mean-anchor=0.7415  4=0.742
  [ssig] post f=0.02: probe=0.8805 eucl=0.4603 mahaT=0.4933
  [ssig] per-event post f=0.02: power=0.020
  [ssig] sparker (post, annealed)
    post-spk f=0.02: power=0.180 [0.124,0.251] (9/50)
  [ssig] maha (post)
    post-maha f=0.02: power=0.060 [0.028,0.115] (3/50)
  [ssig] mmd (post)
    post-mmd f=0.02: power=0.920 [0.862,0.958] (46/50)
    merged 2 -> 1 anchors
  [sigreg+proto] epoch 1/5  sigreg=0.7915  proto=2.9201  min_dist=0.25  mean_dist=2.19
  [sigreg+proto] epoch 2/5  sigreg=0.7396  proto=2.7824  min_dist=0.30  mean_dist=2.40
  [sigreg+proto] epoch 3/5  sigreg=0.7107  proto=2.7013  min_dist=0.36  mean_dist=2.60
  [sigreg+proto] epoch 4/5  sigreg=0.6931  proto=2.6142  min_dist=0.41  mean_dist=2.78
  [sigreg+proto] epoch 5/5  sigreg=0.6824  proto=2.5807  min_dist=0.45  mean_dist=2.95
  round 1: pool=2494 purity=0.008 k-hat=2 anchors=1  margin=0.3375  mean-anchor=0.6030  4=0.603
  [sigreg+proto] epoch 1/5  sigreg=0.6726  proto=2.7300  min_dist=1.21  mean_dist=4.19
  [sigreg+proto] epoch 2/5  sigreg=0.6893  proto=2.5372  min_dist=1.65  mean_dist=4.84
  [sigreg+proto] epoch 3/5  sigreg=0.7008  proto=2.5254  min_dist=2.01  mean_dist=5.38
  [sigreg+proto] epoch 4/5  sigreg=0.7208  proto=2.4848  min_dist=2.31  mean_dist=5.84
  [sigreg+proto] epoch 5/5  sigreg=0.7389  proto=2.4443  min_dist=2.55  mean_dist=6.25
  round 2: pool=2476 purity=0.000 k-hat=4 anchors=5  margin=0.2735  mean-anchor=0.5613  4=0.561
  [nplmsd] post f=0.02: probe=0.8899 eucl=0.2955 mahaT=0.2749
  [nplmsd] per-event post f=0.02: power=0.000
  [nplmsd] sparker (post, annealed)
    post-spk f=0.02: power=0.060 [0.028,0.115] (3/50)
  [nplmsd] maha (post)
    post-maha f=0.02: power=0.000 [0.000,0.036] (0/50)
  [nplmsd] mmd (post)
    post-mmd f=0.02: power=0.780 [0.706,0.841] (39/50)

===== POST grid, f=0.05 (500 injected) =====
  [sigreg+proto] epoch 1/5  sigreg=0.5404  proto=14.8703  min_dist=2.73  mean_dist=10.87
  [sigreg+proto] epoch 2/5  sigreg=0.8142  proto=8.4986  min_dist=3.16  mean_dist=11.04
  [sigreg+proto] epoch 3/5  sigreg=1.0326  proto=6.5015  min_dist=3.51  mean_dist=11.22
  [sigreg+proto] epoch 4/5  sigreg=1.2076  proto=5.4248  min_dist=3.68  mean_dist=11.40
  [sigreg+proto] epoch 5/5  sigreg=1.2428  proto=4.4972  min_dist=3.82  mean_dist=11.58
  round 1: pool=2485 purity=0.004 k-hat=4 anchors=4  margin=0.5990  mean-anchor=0.6251  4=0.625
  [sigreg+proto] epoch 1/5  sigreg=0.9695  proto=6.5062  min_dist=3.90  mean_dist=11.87
  [sigreg+proto] epoch 2/5  sigreg=1.0383  proto=4.2490  min_dist=4.07  mean_dist=12.02
  [sigreg+proto] epoch 3/5  sigreg=1.0863  proto=3.7551  min_dist=4.26  mean_dist=12.18
  [sigreg+proto] epoch 4/5  sigreg=1.1049  proto=3.3520  min_dist=4.41  mean_dist=12.33
  [sigreg+proto] epoch 5/5  sigreg=1.1273  proto=3.1682  min_dist=4.52  mean_dist=12.47
  round 2: pool=2484 purity=0.004 k-hat=4 anchors=8  margin=0.4865  mean-anchor=0.5054  4=0.505
  [simclr] post f=0.05: probe=0.9014 eucl=0.3397 mahaT=0.2830
  [simclr] per-event post f=0.05: power=0.070
  [simclr] sparker (post, annealed)
    post-spk f=0.05: power=0.960 [0.910,0.986] (48/50)
  [simclr] maha (post)
    post-maha f=0.05: power=0.000 [0.000,0.036] (0/50)
  [simclr] mmd (post)
    post-mmd f=0.05: power=1.000 [0.964,1.000] (50/50)
  [sigreg+proto] epoch 1/5  sigreg=0.5099  proto=6.9686  min_dist=1.73  mean_dist=7.42
  [sigreg+proto] epoch 2/5  sigreg=0.6051  proto=5.2928  min_dist=2.34  mean_dist=7.96
  [sigreg+proto] epoch 3/5  sigreg=0.6758  proto=4.7698  min_dist=2.89  mean_dist=8.43
  [sigreg+proto] epoch 4/5  sigreg=0.7517  proto=4.2114  min_dist=3.32  mean_dist=8.85
  [sigreg+proto] epoch 5/5  sigreg=0.8341  proto=3.7572  min_dist=3.67  mean_dist=9.23
  round 1: pool=2487 purity=0.005 k-hat=4 anchors=4  margin=0.5069  mean-anchor=0.6670  4=0.667
  [sigreg+proto] epoch 1/5  sigreg=0.8319  proto=4.1981  min_dist=4.21  mean_dist=9.65
  [sigreg+proto] epoch 2/5  sigreg=0.8918  proto=3.3453  min_dist=4.43  mean_dist=10.04
  [sigreg+proto] epoch 3/5  sigreg=0.9421  proto=3.1182  min_dist=4.64  mean_dist=10.39
  [sigreg+proto] epoch 4/5  sigreg=0.9909  proto=2.9271  min_dist=4.85  mean_dist=10.71
  [sigreg+proto] epoch 5/5  sigreg=1.0369  proto=2.7732  min_dist=5.05  mean_dist=11.00
  round 2: pool=2480 purity=0.002 k-hat=4 anchors=8  margin=0.4885  mean-anchor=0.6072  4=0.607
  [visreg] post f=0.05: probe=0.8893 eucl=0.3159 mahaT=0.2536
  [visreg] per-event post f=0.05: power=0.010
  [visreg] sparker (post, annealed)
    post-spk f=0.05: power=0.880 [0.816,0.926] (44/50)
  [visreg] maha (post)
    post-maha f=0.05: power=0.000 [0.000,0.036] (0/50)
  [visreg] mmd (post)
    post-mmd f=0.05: power=1.000 [0.964,1.000] (50/50)
    merged 2 -> 1 anchors
  [sigreg+proto] epoch 1/5  sigreg=0.3531  proto=3.5568  min_dist=0.94  mean_dist=1.92
  [sigreg+proto] epoch 2/5  sigreg=0.3196  proto=3.3355  min_dist=1.34  mean_dist=2.41
  [sigreg+proto] epoch 3/5  sigreg=0.3295  proto=3.2109  min_dist=1.64  mean_dist=2.79
  [sigreg+proto] epoch 4/5  sigreg=0.3374  proto=3.1024  min_dist=1.89  mean_dist=3.11
  [sigreg+proto] epoch 5/5  sigreg=0.3399  proto=3.0233  min_dist=2.10  mean_dist=3.39
  round 1: pool=2497 purity=0.009 k-hat=2 anchors=1  margin=0.6467  mean-anchor=0.6005  4=0.601
  [sigreg+proto] epoch 1/5  sigreg=0.3895  proto=3.3185  min_dist=2.89  mean_dist=4.67
  [sigreg+proto] epoch 2/5  sigreg=0.4434  proto=3.1378  min_dist=3.43  mean_dist=5.41
  [sigreg+proto] epoch 3/5  sigreg=0.4795  proto=3.0454  min_dist=3.85  mean_dist=6.00
  [sigreg+proto] epoch 4/5  sigreg=0.5202  proto=2.9901  min_dist=4.21  mean_dist=6.51
  [sigreg+proto] epoch 5/5  sigreg=0.5493  proto=2.8861  min_dist=4.53  mean_dist=6.96
  round 2: pool=2492 purity=0.007 k-hat=4 anchors=5  margin=0.6738  mean-anchor=0.6915  4=0.691
  [nplm] post f=0.05: probe=0.8835 eucl=0.4164 mahaT=0.3439
  [nplm] per-event post f=0.05: power=0.040
  [nplm] sparker (post, annealed)
    post-spk f=0.05: power=1.000 [0.964,1.000] (50/50)
  [nplm] maha (post)
    post-maha f=0.05: power=0.000 [0.000,0.036] (0/50)
  [nplm] mmd (post)
    post-mmd f=0.05: power=0.760 [0.685,0.823] (38/50)
  [sigreg+proto] epoch 1/5  sigreg=0.4692  proto=2.6319  min_dist=1.40  mean_dist=7.96
  [sigreg+proto] epoch 2/5  sigreg=0.4417  proto=2.1941  min_dist=1.92  mean_dist=8.62
  [sigreg+proto] epoch 3/5  sigreg=0.4336  proto=1.9539  min_dist=2.34  mean_dist=9.20
  [sigreg+proto] epoch 4/5  sigreg=0.4433  proto=1.9537  min_dist=2.71  mean_dist=9.70
  [sigreg+proto] epoch 5/5  sigreg=0.4534  proto=1.8132  min_dist=3.05  mean_dist=10.14
  round 1: pool=2475 purity=0.000 k-hat=3 anchors=3  margin=0.5119  mean-anchor=0.6714  4=0.671
  [sigreg+proto] epoch 1/5  sigreg=0.4644  proto=2.6173  min_dist=3.86  mean_dist=10.71
  [sigreg+proto] epoch 2/5  sigreg=0.4928  proto=2.3603  min_dist=4.25  mean_dist=11.21
  [sigreg+proto] epoch 3/5  sigreg=0.5194  proto=2.1923  min_dist=4.57  mean_dist=11.63
  [sigreg+proto] epoch 4/5  sigreg=0.5604  proto=2.0522  min_dist=4.85  mean_dist=11.99
  [sigreg+proto] epoch 5/5  sigreg=0.5848  proto=1.8571  min_dist=5.11  mean_dist=12.31
  round 2: pool=2478 purity=0.001 k-hat=4 anchors=7  margin=0.5177  mean-anchor=0.7022  4=0.702
  [supcon] post f=0.05: probe=0.9272 eucl=0.3726 mahaT=0.3904
  [supcon] per-event post f=0.05: power=0.030
  [supcon] sparker (post, annealed)
    post-spk f=0.05: power=1.000 [0.964,1.000] (50/50)
  [supcon] maha (post)
    post-maha f=0.05: power=0.020 [0.003,0.064] (1/50)
  [supcon] mmd (post)
    post-mmd f=0.05: power=1.000 [0.964,1.000] (50/50)
  [sigreg+proto] epoch 1/5  sigreg=0.7246  proto=2.5817  min_dist=8.20  mean_dist=16.20
  [sigreg+proto] epoch 2/5  sigreg=0.6831  proto=1.5207  min_dist=8.17  mean_dist=16.16
  [sigreg+proto] epoch 3/5  sigreg=0.6617  proto=1.3387  min_dist=8.15  mean_dist=16.13
  [sigreg+proto] epoch 4/5  sigreg=0.6419  proto=1.1127  min_dist=8.14  mean_dist=16.11
  [sigreg+proto] epoch 5/5  sigreg=0.6269  proto=1.0594  min_dist=8.14  mean_dist=16.10
  round 1: pool=2498 purity=0.009 k-hat=4 anchors=4  margin=0.5481  mean-anchor=0.6997  4=0.700
  [sigreg+proto] epoch 1/5  sigreg=0.6994  proto=2.9756  min_dist=8.06  mean_dist=15.84
  [sigreg+proto] epoch 2/5  sigreg=0.6729  proto=1.8613  min_dist=8.15  mean_dist=15.82
  [sigreg+proto] epoch 3/5  sigreg=0.6502  proto=1.5280  min_dist=8.17  mean_dist=15.81
  [sigreg+proto] epoch 4/5  sigreg=0.6440  proto=1.4505  min_dist=8.16  mean_dist=15.81
  [sigreg+proto] epoch 5/5  sigreg=0.6405  proto=1.3007  min_dist=8.19  mean_dist=15.81
  round 2: pool=2504 purity=0.012 k-hat=4 anchors=8  margin=0.5054  mean-anchor=0.6439  4=0.644
  [supsig] post f=0.05: probe=0.8118 eucl=0.3624 mahaT=0.3474
  [supsig] per-event post f=0.05: power=0.020
  [supsig] sparker (post, annealed)
    post-spk f=0.05: power=1.000 [0.964,1.000] (50/50)
  [supsig] maha (post)
    post-maha f=0.05: power=0.000 [0.000,0.036] (0/50)
  [supsig] mmd (post)
    post-mmd f=0.05: power=1.000 [0.964,1.000] (50/50)
  [sigreg+proto] epoch 1/5  sigreg=0.6308  proto=2.1717  min_dist=0.42  mean_dist=2.37
  [sigreg+proto] epoch 2/5  sigreg=0.5140  proto=1.7892  min_dist=0.54  mean_dist=2.89
  [sigreg+proto] epoch 3/5  sigreg=0.4700  proto=1.6412  min_dist=0.64  mean_dist=3.32
  [sigreg+proto] epoch 4/5  sigreg=0.4484  proto=1.5590  min_dist=0.73  mean_dist=3.69
  [sigreg+proto] epoch 5/5  sigreg=0.4354  proto=1.4883  min_dist=0.81  mean_dist=4.02
  round 1: pool=2489 purity=0.006 k-hat=1 anchors=1  margin=0.4235  mean-anchor=0.4776  4=0.478
  [sigreg+proto] epoch 1/5  sigreg=0.4416  proto=1.8652  min_dist=1.76  mean_dist=5.15
  [sigreg+proto] epoch 2/5  sigreg=0.4685  proto=1.7542  min_dist=2.36  mean_dist=5.89
  [sigreg+proto] epoch 3/5  sigreg=0.4951  proto=1.6952  min_dist=2.84  mean_dist=6.51
  [sigreg+proto] epoch 4/5  sigreg=0.5217  proto=1.6633  min_dist=3.27  mean_dist=7.04
  [sigreg+proto] epoch 5/5  sigreg=0.5488  proto=1.5369  min_dist=3.66  mean_dist=7.52
  round 2: pool=2483 purity=0.003 k-hat=4 anchors=5  margin=0.3940  mean-anchor=0.5573  4=0.557
  [nplmcw] post f=0.05: probe=0.9345 eucl=0.3958 mahaT=0.3449
  [nplmcw] per-event post f=0.05: power=0.030
  [nplmcw] sparker (post, annealed)
    post-spk f=0.05: power=1.000 [0.964,1.000] (50/50)
  [nplmcw] maha (post)
    post-maha f=0.05: power=0.020 [0.003,0.064] (1/50)
  [nplmcw] mmd (post)
    post-mmd f=0.05: power=1.000 [0.964,1.000] (50/50)
  [sigreg+proto] epoch 1/5  sigreg=0.3610  proto=3.7675  min_dist=2.27  mean_dist=11.00
  [sigreg+proto] epoch 2/5  sigreg=0.4378  proto=2.9100  min_dist=2.82  mean_dist=11.33
  [sigreg+proto] epoch 3/5  sigreg=0.4974  proto=2.4610  min_dist=3.24  mean_dist=11.64
  [sigreg+proto] epoch 4/5  sigreg=0.5419  proto=2.1588  min_dist=3.57  mean_dist=11.92
  [sigreg+proto] epoch 5/5  sigreg=0.5650  proto=1.9823  min_dist=3.83  mean_dist=12.18
  round 1: pool=2494 purity=0.008 k-hat=4 anchors=4  margin=0.7556  mean-anchor=0.8421  4=0.842
  [sigreg+proto] epoch 1/5  sigreg=0.4526  proto=2.8954  min_dist=3.76  mean_dist=12.22
  [sigreg+proto] epoch 2/5  sigreg=0.4753  proto=2.2444  min_dist=3.93  mean_dist=12.46
  [sigreg+proto] epoch 3/5  sigreg=0.4991  proto=2.0457  min_dist=4.11  mean_dist=12.70
  [sigreg+proto] epoch 4/5  sigreg=0.5236  proto=1.9418  min_dist=4.24  mean_dist=12.91
  [sigreg+proto] epoch 5/5  sigreg=0.5407  proto=1.8003  min_dist=4.36  mean_dist=13.12
  round 2: pool=2511 purity=0.014 k-hat=4 anchors=8  margin=0.7071  mean-anchor=0.7752  4=0.775
  [ssig] post f=0.05: probe=0.8972 eucl=0.4638 mahaT=0.5036
  [ssig] per-event post f=0.05: power=0.020
  [ssig] sparker (post, annealed)
    post-spk f=0.05: power=1.000 [0.964,1.000] (50/50)
  [ssig] maha (post)
    post-maha f=0.05: power=0.100 [0.058,0.162] (5/50)
  [ssig] mmd (post)
    post-mmd f=0.05: power=1.000 [0.964,1.000] (50/50)
    merged 2 -> 1 anchors
  [sigreg+proto] epoch 1/5  sigreg=0.7912  proto=2.9475  min_dist=0.25  mean_dist=2.19
  [sigreg+proto] epoch 2/5  sigreg=0.7406  proto=2.7915  min_dist=0.30  mean_dist=2.40
  [sigreg+proto] epoch 3/5  sigreg=0.7139  proto=2.7047  min_dist=0.36  mean_dist=2.60
  [sigreg+proto] epoch 4/5  sigreg=0.6966  proto=2.6308  min_dist=0.41  mean_dist=2.78
  [sigreg+proto] epoch 5/5  sigreg=0.6800  proto=2.5768  min_dist=0.45  mean_dist=2.95
  round 1: pool=2494 purity=0.008 k-hat=2 anchors=1  margin=0.3871  mean-anchor=0.5543  4=0.554
  [sigreg+proto] epoch 1/5  sigreg=0.6785  proto=2.8132  min_dist=1.21  mean_dist=4.24
  [sigreg+proto] epoch 2/5  sigreg=0.6867  proto=2.6240  min_dist=1.65  mean_dist=4.88
  [sigreg+proto] epoch 3/5  sigreg=0.7101  proto=2.5829  min_dist=2.01  mean_dist=5.40
  [sigreg+proto] epoch 4/5  sigreg=0.7286  proto=2.5782  min_dist=2.31  mean_dist=5.86
  [sigreg+proto] epoch 5/5  sigreg=0.7455  proto=2.4553  min_dist=2.54  mean_dist=6.27
  round 2: pool=2485 purity=0.004 k-hat=4 anchors=5  margin=0.3439  mean-anchor=0.5915  4=0.591
  [nplmsd] post f=0.05: probe=0.8630 eucl=0.3376 mahaT=0.3277
  [nplmsd] per-event post f=0.05: power=0.020
  [nplmsd] sparker (post, annealed)
    post-spk f=0.05: power=0.860 [0.793,0.910] (43/50)
  [nplmsd] maha (post)
    post-maha f=0.05: power=0.000 [0.000,0.036] (0/50)
  [nplmsd] mmd (post)
    post-mmd f=0.05: power=1.000 [0.964,1.000] (50/50)

===== EXP68 PEREVENT POST POWER =====
  base          0.001    0.003     0.01     0.02     0.05
  simclr        0.040    0.040    0.020    0.020    0.070
  visreg        0.000    0.030    0.000    0.010    0.010
  nplm          0.010    0.020    0.050    0.050    0.040
  supcon        0.010    0.040    0.030    0.010    0.030
  supsig        0.060    0.070    0.080    0.030    0.020
  nplmcw        0.020    0.030    0.070    0.010    0.030
  ssig          0.020    0.010    0.030    0.020    0.020
  nplmsd        0.010    0.000    0.000    0.000    0.020
  saved /home/pharris/sigreg/SuperSig/plots/exp68_perevent_power_cifar100.png

===== EXP68 SPARKER POST POWER =====
  base          0.001    0.003     0.01     0.02     0.05
  simclr        0.120    0.020    0.100    0.000    0.960
  visreg        0.020    0.060    0.000    0.120    0.880
  nplm          0.060    0.060    0.100    0.020    1.000
  supcon        0.080    0.140    0.060    0.060    1.000
  supsig        0.000    0.020    0.040    0.080    1.000
  nplmcw        0.020    0.040    0.120    0.200    1.000
  ssig          0.080    0.020    0.080    0.180    1.000
  nplmsd        0.080    0.160    0.000    0.060    0.860
  saved /home/pharris/sigreg/SuperSig/plots/exp68_sparker_power_cifar100.png

===== EXP68 MAHA POST POWER =====
  base          0.001    0.003     0.01     0.02     0.05
  simclr        0.060    0.020    0.060    0.000    0.000
  visreg        0.080    0.000    0.060    0.000    0.000
  nplm          0.020    0.060    0.020    0.000    0.000
  supcon        0.060    0.020    0.060    0.020    0.020
  supsig        0.040    0.040    0.080    0.020    0.000
  nplmcw        0.040    0.020    0.040    0.040    0.020
  ssig          0.000    0.120    0.080    0.060    0.100
  nplmsd        0.060    0.040    0.020    0.000    0.000
  saved /home/pharris/sigreg/SuperSig/plots/exp68_maha_power_cifar100.png

===== EXP68 MMD POST POWER =====
  base          0.001    0.003     0.01     0.02     0.05
  simclr        0.020    0.020    0.020    0.700    1.000
  visreg        0.020    0.020    0.000    0.600    1.000
  nplm          0.040    0.080    0.000    0.460    0.760
  supcon        0.060    0.180    0.080    0.880    1.000
  supsig        0.000    0.140    0.080    0.520    1.000
  nplmcw        0.080    0.140    0.020    0.560    1.000
  ssig          0.040    0.080    0.100    0.920    1.000
  nplmsd        0.080    0.140    0.020    0.780    1.000
  saved /home/pharris/sigreg/SuperSig/plots/exp68_mmd_power_cifar100.png

===== EXP68 SUMMARY [cifar100] =====
  [simclr  ] probe pre=0.8176 post=0.8884
          round 1: purity=0.004 anchors=4  margin=0.5246  mean-anchor=0.6263
          round 2: purity=0.004 anchors=8  margin=0.5036  mean-anchor=0.5809
  [visreg  ] probe pre=0.8129 post=0.8984
          round 1: purity=0.005 anchors=4  margin=0.5175  mean-anchor=0.6717
          round 2: purity=0.002 anchors=8  margin=0.4562  mean-anchor=0.6339
  [nplm    ] probe pre=0.7612 post=0.8792
          round 1: purity=0.009 anchors=1  margin=0.5917  mean-anchor=0.6566
          round 2: purity=0.001 anchors=5  margin=0.6626  mean-anchor=0.6111
  [supcon  ] probe pre=0.9393 post=0.9334
          round 1: purity=0.000 anchors=3  margin=0.5659  mean-anchor=0.7294
          round 2: purity=0.001 anchors=7  margin=0.5627  mean-anchor=0.7700
  [supsig  ] probe pre=0.8419 post=0.8566
          round 1: purity=0.009 anchors=4  margin=0.5945  mean-anchor=0.6829
          round 2: purity=0.009 anchors=8  margin=0.6356  mean-anchor=0.7377
  [nplmcw  ] probe pre=0.8969 post=0.9337
          round 1: purity=0.006 anchors=1  margin=0.3704  mean-anchor=0.5486
          round 2: purity=0.000 anchors=5  margin=0.3584  mean-anchor=0.6030
  [ssig    ] probe pre=0.9410 post=0.9044
          round 1: purity=0.008 anchors=4  margin=0.7662  mean-anchor=0.8568
          round 2: purity=0.017 anchors=8  margin=0.6794  mean-anchor=0.7127
  [nplmsd  ] probe pre=0.8171 post=0.8508
          round 1: purity=0.008 anchors=1  margin=0.3560  mean-anchor=0.5398
          round 2: purity=0.002 anchors=5  margin=0.3573  mean-anchor=0.5573
Done.
