/home/pharris/venv/lib64/python3.9/site-packages/networkx/utils/backends.py:135: RuntimeWarning: networkx backend defined more than once: nx-loopback
  backends.update(_get_backends("networkx.backends"))
exp67 [cifar10] FROM-SCRATCH pretraining, dim=100, epochs=200, holdout=[4] excluded, arms=['simclr', 'visreg', 'nplm', 'supcon', 'supsig', 'nplmcw', 'ssig', 'nplmsd']

===== pretraining from scratch: simclr =====
Using cache found in /home/pharris/.cache/torch/hub/chenyaofo_pytorch-cifar-models_master
  CIFAR two-view embedding-train images (no {4}): 45000
  [simclr] epoch 1/200  main=5.0018  aux=0.0000
  [simclr] epoch 5/200  main=4.6372  aux=0.0000
  [simclr] epoch 10/200  main=4.5748  aux=0.0000
  [simclr] epoch 15/200  main=4.5405  aux=0.0000
  [simclr] epoch 20/200  main=4.5209  aux=0.0000
  [simclr] epoch 25/200  main=4.5053  aux=0.0000
  [simclr] epoch 30/200  main=4.4945  aux=0.0000
  [simclr] epoch 35/200  main=4.4847  aux=0.0000
  [simclr] epoch 40/200  main=4.4758  aux=0.0000
  [simclr] epoch 45/200  main=4.4683  aux=0.0000
  [simclr] epoch 50/200  main=4.4635  aux=0.0000
  [simclr] epoch 55/200  main=4.4591  aux=0.0000
  [simclr] epoch 60/200  main=4.4533  aux=0.0000
  [simclr] epoch 65/200  main=4.4499  aux=0.0000
  [simclr] epoch 70/200  main=4.4467  aux=0.0000
  [simclr] epoch 75/200  main=4.4436  aux=0.0000
  [simclr] epoch 80/200  main=4.4402  aux=0.0000
  [simclr] epoch 85/200  main=4.4380  aux=0.0000
  [simclr] epoch 90/200  main=4.4357  aux=0.0000
  [simclr] epoch 95/200  main=4.4331  aux=0.0000
  [simclr] epoch 100/200  main=4.4301  aux=0.0000
  [simclr] epoch 105/200  main=4.4282  aux=0.0000
  [simclr] epoch 110/200  main=4.4269  aux=0.0000
  [simclr] epoch 115/200  main=4.4253  aux=0.0000
  [simclr] epoch 120/200  main=4.4234  aux=0.0000
  [simclr] epoch 125/200  main=4.4230  aux=0.0000
  [simclr] epoch 130/200  main=4.4206  aux=0.0000
  [simclr] epoch 135/200  main=4.4183  aux=0.0000
  [simclr] epoch 140/200  main=4.4176  aux=0.0000
  [simclr] epoch 145/200  main=4.4157  aux=0.0000
  [simclr] epoch 150/200  main=4.4141  aux=0.0000
  [simclr] epoch 155/200  main=4.4133  aux=0.0000
  [simclr] epoch 160/200  main=4.4132  aux=0.0000
  [simclr] epoch 165/200  main=4.4107  aux=0.0000
  [simclr] epoch 170/200  main=4.4113  aux=0.0000
  [simclr] epoch 175/200  main=4.4086  aux=0.0000
  [simclr] epoch 180/200  main=4.4087  aux=0.0000
  [simclr] epoch 185/200  main=4.4084  aux=0.0000
  [simclr] epoch 190/200  main=4.4075  aux=0.0000
  [simclr] epoch 195/200  main=4.4069  aux=0.0000
  [simclr] epoch 200/200  main=4.4044  aux=0.0000
  saved /home/pharris/sigreg/SuperSig/checkpoints/scratch_simclr_cifar10_100d.pt
  [simclr  ] probe=0.8068 acc=0.6384 eucl=0.2274 mahaT=0.2235

===== pretraining from scratch: visreg =====
Using cache found in /home/pharris/.cache/torch/hub/chenyaofo_pytorch-cifar-models_master
  CIFAR two-view embedding-train images (no {4}): 45000
  [visreg] epoch 1/200  main=0.1190  aux=0.2328
  [visreg] epoch 5/200  main=0.1044  aux=0.1106
  [visreg] epoch 10/200  main=0.0924  aux=0.0898
  [visreg] epoch 15/200  main=0.0832  aux=0.0797
  [visreg] epoch 20/200  main=0.0763  aux=0.0741
  [visreg] epoch 25/200  main=0.0727  aux=0.0695
  [visreg] epoch 30/200  main=0.0700  aux=0.0653
  [visreg] epoch 35/200  main=0.0678  aux=0.0633
  [visreg] epoch 40/200  main=0.0659  aux=0.0615
  [visreg] epoch 45/200  main=0.0638  aux=0.0598
  [visreg] epoch 50/200  main=0.0627  aux=0.0580
  [visreg] epoch 55/200  main=0.0612  aux=0.0565
  [visreg] epoch 60/200  main=0.0607  aux=0.0550
  [visreg] epoch 65/200  main=0.0593  aux=0.0537
  [visreg] epoch 70/200  main=0.0582  aux=0.0528
  [visreg] epoch 75/200  main=0.0575  aux=0.0522
  [visreg] epoch 80/200  main=0.0562  aux=0.0516
  [visreg] epoch 85/200  main=0.0566  aux=0.0510
  [visreg] epoch 90/200  main=0.0550  aux=0.0503
  [visreg] epoch 95/200  main=0.0544  aux=0.0500
  [visreg] epoch 100/200  main=0.0530  aux=0.0493
  [visreg] epoch 105/200  main=0.0535  aux=0.0488
  [visreg] epoch 110/200  main=0.0524  aux=0.0485
  [visreg] epoch 115/200  main=0.0522  aux=0.0478
  [visreg] epoch 120/200  main=0.0523  aux=0.0476
  [visreg] epoch 125/200  main=0.0513  aux=0.0468
  [visreg] epoch 130/200  main=0.0512  aux=0.0465
  [visreg] epoch 135/200  main=0.0509  aux=0.0461
  [visreg] epoch 140/200  main=0.0502  aux=0.0454
  [visreg] epoch 145/200  main=0.0499  aux=0.0451
  [visreg] epoch 150/200  main=0.0495  aux=0.0447
  [visreg] epoch 155/200  main=0.0490  aux=0.0444
  [visreg] epoch 160/200  main=0.0486  aux=0.0442
  [visreg] epoch 165/200  main=0.0481  aux=0.0438
  [visreg] epoch 170/200  main=0.0485  aux=0.0438
  [visreg] epoch 175/200  main=0.0480  aux=0.0435
  [visreg] epoch 180/200  main=0.0477  aux=0.0431
  [visreg] epoch 185/200  main=0.0478  aux=0.0428
  [visreg] epoch 190/200  main=0.0475  aux=0.0427
  [visreg] epoch 195/200  main=0.0474  aux=0.0425
  [visreg] epoch 200/200  main=0.0475  aux=0.0420
  saved /home/pharris/sigreg/SuperSig/checkpoints/scratch_visreg_cifar10_100d.pt
  [visreg  ] probe=0.8337 acc=0.6377 eucl=0.3952 mahaT=0.3775

===== pretraining from scratch: nplm =====
Using cache found in /home/pharris/.cache/torch/hub/chenyaofo_pytorch-cifar-models_master
  CIFAR two-view embedding-train images (no {4}): 45000
  [nplm] epoch 1/200  main=337238677.8817  aux=0.8979
  [nplm] epoch 5/200  main=0.5519  aux=0.8292
  [nplm] epoch 10/200  main=0.5435  aux=0.8304
  [nplm] epoch 15/200  main=0.5355  aux=0.8293
  [nplm] epoch 20/200  main=0.5291  aux=0.8282
  [nplm] epoch 25/200  main=0.4933  aux=0.8193
  [nplm] epoch 30/200  main=0.4505  aux=0.8107
  [nplm] epoch 35/200  main=0.4324  aux=0.8060
  [nplm] epoch 40/200  main=0.4457  aux=0.8059
  [nplm] epoch 45/200  main=0.4223  aux=0.8035
  [nplm] epoch 50/200  main=0.4173  aux=0.8023
  [nplm] epoch 55/200  main=0.4178  aux=0.8024
  [nplm] epoch 60/200  main=0.4089  aux=0.8006
  [nplm] epoch 65/200  main=0.4011  aux=0.7994
  [nplm] epoch 70/200  main=0.3968  aux=0.7986
  [nplm] epoch 75/200  main=0.3899  aux=0.7975
  [nplm] epoch 80/200  main=0.3896  aux=0.7968
  [nplm] epoch 85/200  main=0.3850  aux=0.7957
  [nplm] epoch 90/200  main=0.3806  aux=0.7937
  [nplm] epoch 95/200  main=0.3723  aux=0.7904
  [nplm] epoch 100/200  main=0.3745  aux=0.7890
  [nplm] epoch 105/200  main=0.3548  aux=0.7853
  [nplm] epoch 110/200  main=0.3336  aux=0.7816
  [nplm] epoch 115/200  main=0.3021  aux=0.7765
  [nplm] epoch 120/200  main=0.2623  aux=0.7683
  [nplm] epoch 125/200  main=0.2089  aux=0.7588
  [nplm] epoch 130/200  main=0.1203  aux=0.7449
  [nplm] epoch 135/200  main=0.0566  aux=0.7342
  [nplm] epoch 140/200  main=-0.0049  aux=0.7279
  [nplm] epoch 145/200  main=-0.0806  aux=0.7220
  [nplm] epoch 150/200  main=-0.1783  aux=0.7142
  [nplm] epoch 155/200  main=-0.3050  aux=0.7046
  [nplm] epoch 160/200  main=-0.4795  aux=0.6898
  [nplm] epoch 165/200  main=-0.6373  aux=0.6792
  [nplm] epoch 170/200  main=-0.8293  aux=0.6656
  [nplm] epoch 175/200  main=-1.0628  aux=0.6521
  [nplm] epoch 180/200  main=-1.3027  aux=0.6362
  [nplm] epoch 185/200  main=-1.5401  aux=0.6236
  [nplm] epoch 190/200  main=-1.7859  aux=0.6102
  [nplm] epoch 195/200  main=-2.0676  aux=0.5960
  [nplm] epoch 200/200  main=-2.4187  aux=0.5785
  saved /home/pharris/sigreg/SuperSig/checkpoints/scratch_nplm_cifar10_100d.pt
  [nplm    ] probe=0.8002 acc=0.4351 eucl=0.4725 mahaT=0.4678

===== pretraining from scratch: supcon =====
Using cache found in /home/pharris/.cache/torch/hub/chenyaofo_pytorch-cifar-models_master
  CIFAR two-view embedding-train images (no {4}): 45000
  [supcon] epoch 1/200  main=5.9931  aux=0.0000
  [supcon] epoch 5/200  main=5.3400  aux=0.0000
  [supcon] epoch 10/200  main=5.0843  aux=0.0000
  [supcon] epoch 15/200  main=4.9536  aux=0.0000
  [supcon] epoch 20/200  main=4.8626  aux=0.0000
  [supcon] epoch 25/200  main=4.8009  aux=0.0000
  [supcon] epoch 30/200  main=4.7453  aux=0.0000
  [supcon] epoch 35/200  main=4.7062  aux=0.0000
  [supcon] epoch 40/200  main=4.6666  aux=0.0000
  [supcon] epoch 45/200  main=4.6343  aux=0.0000
  [supcon] epoch 50/200  main=4.6052  aux=0.0000
  [supcon] epoch 55/200  main=4.5843  aux=0.0000
  [supcon] epoch 60/200  main=4.5656  aux=0.0000
  [supcon] epoch 65/200  main=4.5441  aux=0.0000
  [supcon] epoch 70/200  main=4.5235  aux=0.0000
  [supcon] epoch 75/200  main=4.5086  aux=0.0000
  [supcon] epoch 80/200  main=4.4943  aux=0.0000
  [supcon] epoch 85/200  main=4.4886  aux=0.0000
  [supcon] epoch 90/200  main=4.4733  aux=0.0000
  [supcon] epoch 95/200  main=4.4654  aux=0.0000
  [supcon] epoch 100/200  main=4.4466  aux=0.0000
  [supcon] epoch 105/200  main=4.4407  aux=0.0000
  [supcon] epoch 110/200  main=4.4340  aux=0.0000
  [supcon] epoch 115/200  main=4.4218  aux=0.0000
  [supcon] epoch 120/200  main=4.4156  aux=0.0000
  [supcon] epoch 125/200  main=4.4052  aux=0.0000
  [supcon] epoch 130/200  main=4.4002  aux=0.0000
  [supcon] epoch 135/200  main=4.3937  aux=0.0000
  [supcon] epoch 140/200  main=4.3865  aux=0.0000
  [supcon] epoch 145/200  main=4.3803  aux=0.0000
  [supcon] epoch 150/200  main=4.3642  aux=0.0000
  [supcon] epoch 155/200  main=4.3629  aux=0.0000
  [supcon] epoch 160/200  main=4.3570  aux=0.0000
  [supcon] epoch 165/200  main=4.3503  aux=0.0000
  [supcon] epoch 170/200  main=4.3523  aux=0.0000
  [supcon] epoch 175/200  main=4.3470  aux=0.0000
  [supcon] epoch 180/200  main=4.3430  aux=0.0000
  [supcon] epoch 185/200  main=4.3435  aux=0.0000
  [supcon] epoch 190/200  main=4.3361  aux=0.0000
  [supcon] epoch 195/200  main=4.3255  aux=0.0000
  [supcon] epoch 200/200  main=4.3227  aux=0.0000
  saved /home/pharris/sigreg/SuperSig/checkpoints/scratch_supcon_cifar10_100d.pt
  [supcon  ] probe=0.9028 acc=0.7411 eucl=0.5143 mahaT=0.5520

===== pretraining from scratch: supsig =====
Using cache found in /home/pharris/.cache/torch/hub/chenyaofo_pytorch-cifar-models_master
  cifar10 balanced loader (no {4}): 45000 images, 208 batches of 9x24
  [sigreg+proto] epoch 1/50  sigreg=0.3315  proto=1.9475  min_dist=5.59  mean_dist=5.83
  [sigreg+proto] epoch 2/50  sigreg=0.2770  proto=1.6450  min_dist=6.35  mean_dist=7.19
  [sigreg+proto] epoch 3/50  sigreg=0.2899  proto=1.6955  min_dist=7.04  mean_dist=8.40
  [sigreg+proto] epoch 4/50  sigreg=0.2727  proto=1.9186  min_dist=7.57  mean_dist=9.34
  [sigreg+proto] epoch 5/50  sigreg=0.2371  proto=2.0447  min_dist=7.98  mean_dist=10.13
  [sigreg+proto] epoch 6/50  sigreg=0.2141  proto=1.9254  min_dist=8.29  mean_dist=10.81
  [sigreg+proto] epoch 7/50  sigreg=0.2018  proto=1.8066  min_dist=8.40  mean_dist=11.40
  [sigreg+proto] epoch 8/50  sigreg=0.1934  proto=1.6838  min_dist=8.08  mean_dist=11.91
  [sigreg+proto] epoch 9/50  sigreg=0.1840  proto=1.5143  min_dist=7.82  mean_dist=12.38
  [sigreg+proto] epoch 10/50  sigreg=0.1771  proto=1.3917  min_dist=7.59  mean_dist=12.80
  [sigreg+proto] epoch 11/50  sigreg=0.1707  proto=1.3383  min_dist=7.43  mean_dist=13.18
  [sigreg+proto] epoch 12/50  sigreg=0.1651  proto=1.2625  min_dist=7.34  mean_dist=13.51
  [sigreg+proto] epoch 13/50  sigreg=0.1594  proto=1.1925  min_dist=7.37  mean_dist=13.82
  [sigreg+proto] epoch 14/50  sigreg=0.1516  proto=1.0606  min_dist=7.48  mean_dist=14.12
  [sigreg+proto] epoch 15/50  sigreg=0.1491  proto=1.0371  min_dist=7.66  mean_dist=14.37
  [sigreg+proto] epoch 16/50  sigreg=0.1474  proto=0.9626  min_dist=7.84  mean_dist=14.60
  [sigreg+proto] epoch 17/50  sigreg=0.1446  proto=0.8901  min_dist=8.04  mean_dist=14.80
  [sigreg+proto] epoch 18/50  sigreg=0.1427  proto=0.8139  min_dist=8.28  mean_dist=14.99
  [sigreg+proto] epoch 19/50  sigreg=0.1425  proto=0.7627  min_dist=8.51  mean_dist=15.16
  [sigreg+proto] epoch 20/50  sigreg=0.1405  proto=0.7403  min_dist=8.75  mean_dist=15.29
  [sigreg+proto] epoch 21/50  sigreg=0.1391  proto=0.6640  min_dist=8.93  mean_dist=15.43
  [sigreg+proto] epoch 22/50  sigreg=0.1378  proto=0.6061  min_dist=9.14  mean_dist=15.55
  [sigreg+proto] epoch 23/50  sigreg=0.1377  proto=0.5673  min_dist=9.38  mean_dist=15.66
  [sigreg+proto] epoch 24/50  sigreg=0.1364  proto=0.5567  min_dist=9.53  mean_dist=15.75
  [sigreg+proto] epoch 25/50  sigreg=0.1359  proto=0.5186  min_dist=9.71  mean_dist=15.83
  [sigreg+proto] epoch 26/50  sigreg=0.1353  proto=0.4775  min_dist=9.90  mean_dist=15.91
  [sigreg+proto] epoch 27/50  sigreg=0.1327  proto=0.4352  min_dist=10.08  mean_dist=16.00
  [sigreg+proto] epoch 28/50  sigreg=0.1330  proto=0.4411  min_dist=10.27  mean_dist=16.06
  [sigreg+proto] epoch 29/50  sigreg=0.1312  proto=0.3857  min_dist=10.40  mean_dist=16.14
  [sigreg+proto] epoch 30/50  sigreg=0.1325  proto=0.4107  min_dist=10.49  mean_dist=16.19
  [sigreg+proto] epoch 31/50  sigreg=0.1323  proto=0.3934  min_dist=10.55  mean_dist=16.23
  [sigreg+proto] epoch 32/50  sigreg=0.1317  proto=0.4143  min_dist=10.67  mean_dist=16.27
  [sigreg+proto] epoch 33/50  sigreg=0.1301  proto=0.3572  min_dist=10.79  mean_dist=16.33
  [sigreg+proto] epoch 34/50  sigreg=0.1304  proto=0.3582  min_dist=10.90  mean_dist=16.37
  [sigreg+proto] epoch 35/50  sigreg=0.1299  proto=0.3451  min_dist=10.95  mean_dist=16.40
  [sigreg+proto] epoch 36/50  sigreg=0.1290  proto=0.3139  min_dist=11.08  mean_dist=16.45
  [sigreg+proto] epoch 37/50  sigreg=0.1289  proto=0.3272  min_dist=11.17  mean_dist=16.48
  [sigreg+proto] epoch 38/50  sigreg=0.1278  proto=0.2798  min_dist=11.31  mean_dist=16.53
  [sigreg+proto] epoch 39/50  sigreg=0.1279  proto=0.2916  min_dist=11.41  mean_dist=16.56
  [sigreg+proto] epoch 40/50  sigreg=0.1277  proto=0.3265  min_dist=11.45  mean_dist=16.57
  [sigreg+proto] epoch 41/50  sigreg=0.1268  proto=0.2900  min_dist=11.55  mean_dist=16.60
  [sigreg+proto] epoch 42/50  sigreg=0.1268  proto=0.2898  min_dist=11.63  mean_dist=16.62
  [sigreg+proto] epoch 43/50  sigreg=0.1252  proto=0.2376  min_dist=11.73  mean_dist=16.67
  [sigreg+proto] epoch 44/50  sigreg=0.1261  proto=0.2981  min_dist=11.81  mean_dist=16.68
  [sigreg+proto] epoch 45/50  sigreg=0.1256  proto=0.2478  min_dist=11.89  mean_dist=16.70
  [sigreg+proto] epoch 46/50  sigreg=0.1240  proto=0.2189  min_dist=12.01  mean_dist=16.74
  [sigreg+proto] epoch 47/50  sigreg=0.1239  proto=0.2421  min_dist=12.05  mean_dist=16.76
  [sigreg+proto] epoch 48/50  sigreg=0.1246  proto=0.2586  min_dist=12.11  mean_dist=16.77
  [sigreg+proto] epoch 49/50  sigreg=0.1237  proto=0.2556  min_dist=12.13  mean_dist=16.78
  [sigreg+proto] epoch 50/50  sigreg=0.1240  proto=0.2439  min_dist=12.19  mean_dist=16.79
  [supsig] checkpoint at epoch 50
  [sigreg+proto] epoch 1/50  sigreg=0.1237  proto=0.2577  min_dist=12.22  mean_dist=16.80
  [sigreg+proto] epoch 2/50  sigreg=0.1225  proto=0.2309  min_dist=12.29  mean_dist=16.82
  [sigreg+proto] epoch 3/50  sigreg=0.1217  proto=0.2127  min_dist=12.39  mean_dist=16.85
  [sigreg+proto] epoch 4/50  sigreg=0.1224  proto=0.2221  min_dist=12.41  mean_dist=16.86
  [sigreg+proto] epoch 5/50  sigreg=0.1220  proto=0.2214  min_dist=12.48  mean_dist=16.87
  [sigreg+proto] epoch 6/50  sigreg=0.1219  proto=0.2165  min_dist=12.55  mean_dist=16.89
  [sigreg+proto] epoch 7/50  sigreg=0.1215  proto=0.2225  min_dist=12.60  mean_dist=16.90
  [sigreg+proto] epoch 8/50  sigreg=0.1213  proto=0.1938  min_dist=12.59  mean_dist=16.92
  [sigreg+proto] epoch 9/50  sigreg=0.1221  proto=0.2297  min_dist=12.63  mean_dist=16.92
  [sigreg+proto] epoch 10/50  sigreg=0.1202  proto=0.1883  min_dist=12.69  mean_dist=16.94
  [sigreg+proto] epoch 11/50  sigreg=0.1205  proto=0.2206  min_dist=12.69  mean_dist=16.94
  [sigreg+proto] epoch 12/50  sigreg=0.1190  proto=0.1639  min_dist=12.83  mean_dist=16.98
  [sigreg+proto] epoch 13/50  sigreg=0.1204  proto=0.2052  min_dist=12.85  mean_dist=16.98
  [sigreg+proto] epoch 14/50  sigreg=0.1202  proto=0.2067  min_dist=12.87  mean_dist=16.97
  [sigreg+proto] epoch 15/50  sigreg=0.1193  proto=0.1677  min_dist=12.96  mean_dist=16.99
  [sigreg+proto] epoch 16/50  sigreg=0.1186  proto=0.1593  min_dist=13.05  mean_dist=17.02
  [sigreg+proto] epoch 17/50  sigreg=0.1186  proto=0.1815  min_dist=13.13  mean_dist=17.03
  [sigreg+proto] epoch 18/50  sigreg=0.1180  proto=0.1703  min_dist=13.16  mean_dist=17.05
  [sigreg+proto] epoch 19/50  sigreg=0.1190  proto=0.2121  min_dist=13.17  mean_dist=17.03
  [sigreg+proto] epoch 20/50  sigreg=0.1185  proto=0.1584  min_dist=13.25  mean_dist=17.05
  [sigreg+proto] epoch 21/50  sigreg=0.1175  proto=0.1455  min_dist=13.31  mean_dist=17.07
  [sigreg+proto] epoch 22/50  sigreg=0.1173  proto=0.1527  min_dist=13.42  mean_dist=17.08
  [sigreg+proto] epoch 23/50  sigreg=0.1171  proto=0.1547  min_dist=13.47  mean_dist=17.10
  [sigreg+proto] epoch 24/50  sigreg=0.1174  proto=0.1679  min_dist=13.45  mean_dist=17.10
  [sigreg+proto] epoch 25/50  sigreg=0.1171  proto=0.1453  min_dist=13.51  mean_dist=17.12
  [sigreg+proto] epoch 26/50  sigreg=0.1178  proto=0.1815  min_dist=13.52  mean_dist=17.11
  [sigreg+proto] epoch 27/50  sigreg=0.1168  proto=0.1685  min_dist=13.53  mean_dist=17.10
  [sigreg+proto] epoch 28/50  sigreg=0.1167  proto=0.1607  min_dist=13.50  mean_dist=17.10
  [sigreg+proto] epoch 29/50  sigreg=0.1169  proto=0.1592  min_dist=13.53  mean_dist=17.12
  [sigreg+proto] epoch 30/50  sigreg=0.1156  proto=0.1388  min_dist=13.63  mean_dist=17.13
  [sigreg+proto] epoch 31/50  sigreg=0.1162  proto=0.1410  min_dist=13.70  mean_dist=17.14
  [sigreg+proto] epoch 32/50  sigreg=0.1164  proto=0.1555  min_dist=13.70  mean_dist=17.15
  [sigreg+proto] epoch 33/50  sigreg=0.1151  proto=0.1526  min_dist=13.78  mean_dist=17.15
  [sigreg+proto] epoch 34/50  sigreg=0.1148  proto=0.1199  min_dist=13.83  mean_dist=17.17
  [sigreg+proto] epoch 35/50  sigreg=0.1155  proto=0.1487  min_dist=13.85  mean_dist=17.17
  [sigreg+proto] epoch 36/50  sigreg=0.1152  proto=0.1436  min_dist=13.88  mean_dist=17.17
  [sigreg+proto] epoch 37/50  sigreg=0.1149  proto=0.1359  min_dist=13.88  mean_dist=17.18
  [sigreg+proto] epoch 38/50  sigreg=0.1151  proto=0.1581  min_dist=13.92  mean_dist=17.17
  [sigreg+proto] epoch 39/50  sigreg=0.1141  proto=0.1521  min_dist=13.97  mean_dist=17.17
  [sigreg+proto] epoch 40/50  sigreg=0.1158  proto=0.1756  min_dist=13.92  mean_dist=17.16
  [sigreg+proto] epoch 41/50  sigreg=0.1145  proto=0.1478  min_dist=13.96  mean_dist=17.17
  [sigreg+proto] epoch 42/50  sigreg=0.1136  proto=0.1194  min_dist=14.05  mean_dist=17.19
  [sigreg+proto] epoch 43/50  sigreg=0.1133  proto=0.1189  min_dist=14.11  mean_dist=17.21
  [sigreg+proto] epoch 44/50  sigreg=0.1142  proto=0.1348  min_dist=14.15  mean_dist=17.21
  [sigreg+proto] epoch 45/50  sigreg=0.1141  proto=0.1588  min_dist=14.10  mean_dist=17.20
  [sigreg+proto] epoch 46/50  sigreg=0.1132  proto=0.1285  min_dist=14.13  mean_dist=17.21
  [sigreg+proto] epoch 47/50  sigreg=0.1134  proto=0.1434  min_dist=14.16  mean_dist=17.21
  [sigreg+proto] epoch 48/50  sigreg=0.1128  proto=0.1358  min_dist=14.18  mean_dist=17.21
  [sigreg+proto] epoch 49/50  sigreg=0.1131  proto=0.1132  min_dist=14.22  mean_dist=17.22
  [sigreg+proto] epoch 50/50  sigreg=0.1124  proto=0.1013  min_dist=14.34  mean_dist=17.24
  [supsig] checkpoint at epoch 100
  [sigreg+proto] epoch 1/50  sigreg=0.1135  proto=0.1436  min_dist=14.35  mean_dist=17.24
  [sigreg+proto] epoch 2/50  sigreg=0.1130  proto=0.1279  min_dist=14.32  mean_dist=17.24
  [sigreg+proto] epoch 3/50  sigreg=0.1123  proto=0.1144  min_dist=14.34  mean_dist=17.24
  [sigreg+proto] epoch 4/50  sigreg=0.1124  proto=0.1147  min_dist=14.40  mean_dist=17.25
  [sigreg+proto] epoch 5/50  sigreg=0.1122  proto=0.1442  min_dist=14.41  mean_dist=17.25
  [sigreg+proto] epoch 6/50  sigreg=0.1135  proto=0.1462  min_dist=14.41  mean_dist=17.24
  [sigreg+proto] epoch 7/50  sigreg=0.1129  proto=0.1203  min_dist=14.47  mean_dist=17.25
  [sigreg+proto] epoch 8/50  sigreg=0.1111  proto=0.1033  min_dist=14.55  mean_dist=17.27
  [sigreg+proto] epoch 9/50  sigreg=0.1124  proto=0.1375  min_dist=14.51  mean_dist=17.26
  [sigreg+proto] epoch 10/50  sigreg=0.1123  proto=0.1472  min_dist=14.44  mean_dist=17.25
  [sigreg+proto] epoch 11/50  sigreg=0.1102  proto=0.0953  min_dist=14.54  mean_dist=17.28
  [sigreg+proto] epoch 12/50  sigreg=0.1112  proto=0.1012  min_dist=14.59  mean_dist=17.29
  [sigreg+proto] epoch 13/50  sigreg=0.1113  proto=0.1290  min_dist=14.59  mean_dist=17.28
  [sigreg+proto] epoch 14/50  sigreg=0.1116  proto=0.1264  min_dist=14.57  mean_dist=17.27
  [sigreg+proto] epoch 15/50  sigreg=0.1107  proto=0.0881  min_dist=14.64  mean_dist=17.29
  [sigreg+proto] epoch 16/50  sigreg=0.1107  proto=0.1062  min_dist=14.66  mean_dist=17.30
  [sigreg+proto] epoch 17/50  sigreg=0.1112  proto=0.1085  min_dist=14.70  mean_dist=17.29
  [sigreg+proto] epoch 18/50  sigreg=0.1110  proto=0.1100  min_dist=14.78  mean_dist=17.30
  [sigreg+proto] epoch 19/50  sigreg=0.1106  proto=0.0978  min_dist=14.83  mean_dist=17.31
  [sigreg+proto] epoch 20/50  sigreg=0.1106  proto=0.1094  min_dist=14.83  mean_dist=17.31
  [sigreg+proto] epoch 21/50  sigreg=0.1101  proto=0.1062  min_dist=14.81  mean_dist=17.31
  [sigreg+proto] epoch 22/50  sigreg=0.1101  proto=0.0922  min_dist=14.84  mean_dist=17.32
  [sigreg+proto] epoch 23/50  sigreg=0.1104  proto=0.1161  min_dist=14.84  mean_dist=17.31
  [sigreg+proto] epoch 24/50  sigreg=0.1108  proto=0.1312  min_dist=14.77  mean_dist=17.30
  [sigreg+proto] epoch 25/50  sigreg=0.1106  proto=0.1102  min_dist=14.80  mean_dist=17.31
  [sigreg+proto] epoch 26/50  sigreg=0.1096  proto=0.1107  min_dist=14.81  mean_dist=17.31
  [sigreg+proto] epoch 27/50  sigreg=0.1097  proto=0.0848  min_dist=14.85  mean_dist=17.33
  [sigreg+proto] epoch 28/50  sigreg=0.1098  proto=0.1153  min_dist=14.90  mean_dist=17.33
  [sigreg+proto] epoch 29/50  sigreg=0.1091  proto=0.0910  min_dist=14.92  mean_dist=17.34
  [sigreg+proto] epoch 30/50  sigreg=0.1085  proto=0.0849  min_dist=14.93  mean_dist=17.35
  [sigreg+proto] epoch 31/50  sigreg=0.1099  proto=0.1041  min_dist=14.94  mean_dist=17.34
  [sigreg+proto] epoch 32/50  sigreg=0.1098  proto=0.1255  min_dist=14.90  mean_dist=17.33
  [sigreg+proto] epoch 33/50  sigreg=0.1092  proto=0.1132  min_dist=14.91  mean_dist=17.33
  [sigreg+proto] epoch 34/50  sigreg=0.1093  proto=0.1003  min_dist=14.97  mean_dist=17.33
  [sigreg+proto] epoch 35/50  sigreg=0.1082  proto=0.0918  min_dist=14.98  mean_dist=17.34
  [sigreg+proto] epoch 36/50  sigreg=0.1091  proto=0.1030  min_dist=14.99  mean_dist=17.34
  [sigreg+proto] epoch 37/50  sigreg=0.1087  proto=0.0860  min_dist=15.08  mean_dist=17.35
  [sigreg+proto] epoch 38/50  sigreg=0.1077  proto=0.0903  min_dist=15.13  mean_dist=17.36
  [sigreg+proto] epoch 39/50  sigreg=0.1080  proto=0.0943  min_dist=15.17  mean_dist=17.37
  [sigreg+proto] epoch 40/50  sigreg=0.1084  proto=0.1178  min_dist=15.12  mean_dist=17.36
  [sigreg+proto] epoch 41/50  sigreg=0.1084  proto=0.1019  min_dist=15.12  mean_dist=17.35
  [sigreg+proto] epoch 42/50  sigreg=0.1082  proto=0.1035  min_dist=15.20  mean_dist=17.35
  [sigreg+proto] epoch 43/50  sigreg=0.1086  proto=0.0951  min_dist=15.19  mean_dist=17.36
  [sigreg+proto] epoch 44/50  sigreg=0.1084  proto=0.0864  min_dist=15.20  mean_dist=17.37
  [sigreg+proto] epoch 45/50  sigreg=0.1079  proto=0.0908  min_dist=15.23  mean_dist=17.38
  [sigreg+proto] epoch 46/50  sigreg=0.1082  proto=0.0931  min_dist=15.28  mean_dist=17.38
  [sigreg+proto] epoch 47/50  sigreg=0.1084  proto=0.1077  min_dist=15.28  mean_dist=17.38
  [sigreg+proto] epoch 48/50  sigreg=0.1080  proto=0.1024  min_dist=15.24  mean_dist=17.37
  [sigreg+proto] epoch 49/50  sigreg=0.1075  proto=0.1043  min_dist=15.20  mean_dist=17.37
  [sigreg+proto] epoch 50/50  sigreg=0.1073  proto=0.0729  min_dist=15.28  mean_dist=17.38
  [supsig] checkpoint at epoch 150
  [sigreg+proto] epoch 1/50  sigreg=0.1078  proto=0.0909  min_dist=15.32  mean_dist=17.38
  [sigreg+proto] epoch 2/50  sigreg=0.1075  proto=0.0875  min_dist=15.32  mean_dist=17.39
  [sigreg+proto] epoch 3/50  sigreg=0.1077  proto=0.0876  min_dist=15.34  mean_dist=17.39
  [sigreg+proto] epoch 4/50  sigreg=0.1082  proto=0.1207  min_dist=15.31  mean_dist=17.38
  [sigreg+proto] epoch 5/50  sigreg=0.1082  proto=0.0966  min_dist=15.29  mean_dist=17.38
  [sigreg+proto] epoch 6/50  sigreg=0.1068  proto=0.0616  min_dist=15.32  mean_dist=17.39
  [sigreg+proto] epoch 7/50  sigreg=0.1075  proto=0.1013  min_dist=15.28  mean_dist=17.39
  [sigreg+proto] epoch 8/50  sigreg=0.1066  proto=0.0655  min_dist=15.37  mean_dist=17.41
  [sigreg+proto] epoch 9/50  sigreg=0.1072  proto=0.0910  min_dist=15.38  mean_dist=17.40
  [sigreg+proto] epoch 10/50  sigreg=0.1071  proto=0.0802  min_dist=15.40  mean_dist=17.41
  [sigreg+proto] epoch 11/50  sigreg=0.1071  proto=0.0910  min_dist=15.39  mean_dist=17.40
  [sigreg+proto] epoch 12/50  sigreg=0.1065  proto=0.0853  min_dist=15.39  mean_dist=17.41
  [sigreg+proto] epoch 13/50  sigreg=0.1065  proto=0.0735  min_dist=15.43  mean_dist=17.42
  [sigreg+proto] epoch 14/50  sigreg=0.1066  proto=0.0739  min_dist=15.45  mean_dist=17.43
  [sigreg+proto] epoch 15/50  sigreg=0.1063  proto=0.0833  min_dist=15.46  mean_dist=17.43
  [sigreg+proto] epoch 16/50  sigreg=0.1070  proto=0.0931  min_dist=15.41  mean_dist=17.42
  [sigreg+proto] epoch 17/50  sigreg=0.1069  proto=0.0858  min_dist=15.43  mean_dist=17.42
  [sigreg+proto] epoch 18/50  sigreg=0.1070  proto=0.1245  min_dist=15.40  mean_dist=17.39
  [sigreg+proto] epoch 19/50  sigreg=0.1066  proto=0.0845  min_dist=15.40  mean_dist=17.40
  [sigreg+proto] epoch 20/50  sigreg=0.1060  proto=0.0647  min_dist=15.50  mean_dist=17.42
  [sigreg+proto] epoch 21/50  sigreg=0.1062  proto=0.0607  min_dist=15.59  mean_dist=17.43
  [sigreg+proto] epoch 22/50  sigreg=0.1065  proto=0.0775  min_dist=15.55  mean_dist=17.43
  [sigreg+proto] epoch 23/50  sigreg=0.1063  proto=0.0743  min_dist=15.52  mean_dist=17.44
  [sigreg+proto] epoch 24/50  sigreg=0.1065  proto=0.0881  min_dist=15.48  mean_dist=17.43
  [sigreg+proto] epoch 25/50  sigreg=0.1058  proto=0.0838  min_dist=15.50  mean_dist=17.43
  [sigreg+proto] epoch 26/50  sigreg=0.1053  proto=0.0549  min_dist=15.55  mean_dist=17.45
  [sigreg+proto] epoch 27/50  sigreg=0.1052  proto=0.0510  min_dist=15.60  mean_dist=17.46
  [sigreg+proto] epoch 28/50  sigreg=0.1061  proto=0.0738  min_dist=15.61  mean_dist=17.46
  [sigreg+proto] epoch 29/50  sigreg=0.1064  proto=0.0980  min_dist=15.52  mean_dist=17.44
  [sigreg+proto] epoch 30/50  sigreg=0.1061  proto=0.0935  min_dist=15.53  mean_dist=17.43
  [sigreg+proto] epoch 31/50  sigreg=0.1062  proto=0.1041  min_dist=15.50  mean_dist=17.41
  [sigreg+proto] epoch 32/50  sigreg=0.1059  proto=0.0809  min_dist=15.54  mean_dist=17.42
  [sigreg+proto] epoch 33/50  sigreg=0.1054  proto=0.0671  min_dist=15.58  mean_dist=17.44
  [sigreg+proto] epoch 34/50  sigreg=0.1052  proto=0.0597  min_dist=15.61  mean_dist=17.45
  [sigreg+proto] epoch 35/50  sigreg=0.1053  proto=0.0618  min_dist=15.66  mean_dist=17.46
  [sigreg+proto] epoch 36/50  sigreg=0.1060  proto=0.0837  min_dist=15.63  mean_dist=17.45
  [sigreg+proto] epoch 37/50  sigreg=0.1053  proto=0.0716  min_dist=15.62  mean_dist=17.45
  [sigreg+proto] epoch 38/50  sigreg=0.1060  proto=0.0811  min_dist=15.61  mean_dist=17.45
  [sigreg+proto] epoch 39/50  sigreg=0.1057  proto=0.0910  min_dist=15.60  mean_dist=17.44
  [sigreg+proto] epoch 40/50  sigreg=0.1060  proto=0.0788  min_dist=15.58  mean_dist=17.44
  [sigreg+proto] epoch 41/50  sigreg=0.1048  proto=0.0499  min_dist=15.65  mean_dist=17.46
  [sigreg+proto] epoch 42/50  sigreg=0.1045  proto=0.0603  min_dist=15.70  mean_dist=17.47
  [sigreg+proto] epoch 43/50  sigreg=0.1050  proto=0.0611  min_dist=15.70  mean_dist=17.47
  [sigreg+proto] epoch 44/50  sigreg=0.1055  proto=0.0677  min_dist=15.74  mean_dist=17.47
  [sigreg+proto] epoch 45/50  sigreg=0.1055  proto=0.0771  min_dist=15.78  mean_dist=17.47
  [sigreg+proto] epoch 46/50  sigreg=0.1050  proto=0.0768  min_dist=15.77  mean_dist=17.46
  [sigreg+proto] epoch 47/50  sigreg=0.1053  proto=0.0693  min_dist=15.74  mean_dist=17.47
  [sigreg+proto] epoch 48/50  sigreg=0.1047  proto=0.0686  min_dist=15.74  mean_dist=17.47
  [sigreg+proto] epoch 49/50  sigreg=0.1050  proto=0.0731  min_dist=15.73  mean_dist=17.47
  [sigreg+proto] epoch 50/50  sigreg=0.1043  proto=0.0679  min_dist=15.75  mean_dist=17.48
  [supsig] checkpoint at epoch 200
  saved /home/pharris/sigreg/SuperSig/checkpoints/scratch_supsig_cifar10_100d.pt
  [supsig  ] probe=0.8706 acc=0.8026 eucl=0.6674 mahaT=0.5818

===== pretraining from scratch: nplmcw =====
Using cache found in /home/pharris/.cache/torch/hub/chenyaofo_pytorch-cifar-models_master
  cifar10 balanced two-view loader (no {4}): 45000 images, 208 batches of 9x24
  [nplmcw] epoch 1/200  main=0.0609  aux=4.6435
  [nplmcw] epoch 5/200  main=-0.1600  aux=4.5084
  [nplmcw] epoch 10/200  main=-0.2583  aux=4.4900
  [nplmcw] epoch 15/200  main=-0.3077  aux=4.4824
  [nplmcw] epoch 20/200  main=-0.3461  aux=4.4785
  [nplmcw] epoch 25/200  main=-0.3730  aux=4.4752
  [nplmcw] epoch 30/200  main=-0.3961  aux=4.4727
  [nplmcw] epoch 35/200  main=-0.4115  aux=4.4711
  [nplmcw] epoch 40/200  main=-0.4276  aux=4.4674
  [nplmcw] epoch 45/200  main=-0.4410  aux=4.4663
  [nplmcw] epoch 50/200  main=-0.4541  aux=4.4658
  [nplmcw] epoch 55/200  main=-0.4621  aux=4.4650
  [nplmcw] epoch 60/200  main=-0.4720  aux=4.4618
  [nplmcw] epoch 65/200  main=-0.4763  aux=4.4620
  [nplmcw] epoch 70/200  main=-0.4843  aux=4.4594
  [nplmcw] epoch 75/200  main=-0.4903  aux=4.4594
  [nplmcw] epoch 80/200  main=-0.5006  aux=4.4584
  [nplmcw] epoch 85/200  main=-0.5027  aux=4.4569
  [nplmcw] epoch 90/200  main=-0.5071  aux=4.4568
  [nplmcw] epoch 95/200  main=-0.5132  aux=4.4552
  [nplmcw] epoch 100/200  main=-0.5189  aux=4.4543
  [nplmcw] epoch 105/200  main=-0.5203  aux=4.4545
  [nplmcw] epoch 110/200  main=-0.5313  aux=4.4539
  [nplmcw] epoch 115/200  main=-0.5312  aux=4.4515
  [nplmcw] epoch 120/200  main=-0.5358  aux=4.4521
  [nplmcw] epoch 125/200  main=-0.5364  aux=4.4515
  [nplmcw] epoch 130/200  main=-0.5416  aux=4.4512
  [nplmcw] epoch 135/200  main=-0.5464  aux=4.4526
  [nplmcw] epoch 140/200  main=-0.5509  aux=4.4506
  [nplmcw] epoch 145/200  main=-0.5457  aux=4.4488
  [nplmcw] epoch 150/200  main=-0.5505  aux=4.4502
  [nplmcw] epoch 155/200  main=-0.5515  aux=4.4483
  [nplmcw] epoch 160/200  main=-0.5597  aux=4.4493
  [nplmcw] epoch 165/200  main=-0.5598  aux=4.4493
  [nplmcw] epoch 170/200  main=-0.5635  aux=4.4479
  [nplmcw] epoch 175/200  main=-0.5649  aux=4.4480
  [nplmcw] epoch 180/200  main=-0.5636  aux=4.4493
  [nplmcw] epoch 185/200  main=-0.5669  aux=4.4471
  [nplmcw] epoch 190/200  main=-0.5699  aux=4.4484
  [nplmcw] epoch 195/200  main=-0.5700  aux=4.4458
  [nplmcw] epoch 200/200  main=-0.5705  aux=4.4457
  saved /home/pharris/sigreg/SuperSig/checkpoints/scratch_nplmcw_cifar10_100d.pt
  [nplmcw  ] probe=0.9206 acc=0.8959 eucl=0.7288 mahaT=0.5593

===== pretraining from scratch: ssig =====
Using cache found in /home/pharris/.cache/torch/hub/chenyaofo_pytorch-cifar-models_master
  CIFAR two-view embedding-train images (no {4}): 45000
  [ssig] epoch 1/200  main=6.3957  aux=2.4478
  [ssig] epoch 5/200  main=6.2034  aux=0.6259
  [ssig] epoch 10/200  main=5.7869  aux=0.3583
  [ssig] epoch 15/200  main=5.5460  aux=0.2822
  [ssig] epoch 20/200  main=5.4037  aux=0.2365
  [ssig] epoch 25/200  main=5.2902  aux=0.2139
  [ssig] epoch 30/200  main=5.2024  aux=0.1986
  [ssig] epoch 35/200  main=5.1294  aux=0.1852
  [ssig] epoch 40/200  main=5.0783  aux=0.1806
  [ssig] epoch 45/200  main=5.0326  aux=0.1732
  [ssig] epoch 50/200  main=4.9893  aux=0.1709
  [ssig] epoch 55/200  main=4.9535  aux=0.1670
  [ssig] epoch 60/200  main=4.9151  aux=0.1649
  [ssig] epoch 65/200  main=4.8952  aux=0.1628
  [ssig] epoch 70/200  main=4.8741  aux=0.1588
  [ssig] epoch 75/200  main=4.8490  aux=0.1595
  [ssig] epoch 80/200  main=4.8202  aux=0.1603
  [ssig] epoch 85/200  main=4.8029  aux=0.1570
  [ssig] epoch 90/200  main=4.7832  aux=0.1567
  [ssig] epoch 95/200  main=4.7759  aux=0.1570
  [ssig] epoch 100/200  main=4.7548  aux=0.1554
  [ssig] epoch 105/200  main=4.7369  aux=0.1575
  [ssig] epoch 110/200  main=4.7276  aux=0.1559
  [ssig] epoch 115/200  main=4.7144  aux=0.1547
  [ssig] epoch 120/200  main=4.7017  aux=0.1542
  [ssig] epoch 125/200  main=4.6890  aux=0.1554
  [ssig] epoch 130/200  main=4.6819  aux=0.1547
  [ssig] epoch 135/200  main=4.6602  aux=0.1539
  [ssig] epoch 140/200  main=4.6578  aux=0.1533
  [ssig] epoch 145/200  main=4.6485  aux=0.1540
  [ssig] epoch 150/200  main=4.6383  aux=0.1532
  [ssig] epoch 155/200  main=4.6231  aux=0.1549
  [ssig] epoch 160/200  main=4.6265  aux=0.1553
  [ssig] epoch 165/200  main=4.6143  aux=0.1538
  [ssig] epoch 170/200  main=4.6076  aux=0.1561
  [ssig] epoch 175/200  main=4.6036  aux=0.1543
  [ssig] epoch 180/200  main=4.5990  aux=0.1543
  [ssig] epoch 185/200  main=4.5933  aux=0.1541
  [ssig] epoch 190/200  main=4.5779  aux=0.1543
  [ssig] epoch 195/200  main=4.5746  aux=0.1538
  [ssig] epoch 200/200  main=4.5669  aux=0.1539
  saved /home/pharris/sigreg/SuperSig/checkpoints/scratch_ssig_cifar10_100d.pt
  [ssig    ] probe=0.8854 acc=0.8938 eucl=0.4387 mahaT=0.4543

===== pretraining from scratch: nplmsd =====
Using cache found in /home/pharris/.cache/torch/hub/chenyaofo_pytorch-cifar-models_master
  CIFAR two-view embedding-train images (no {4}): 45000
  [nplmsd] epoch 1/200  main=-0.1066  aux=0.8774
  [nplmsd] epoch 5/200  main=-0.2634  aux=0.8331
  [nplmsd] epoch 10/200  main=-0.3572  aux=0.8009
  [nplmsd] epoch 15/200  main=-0.4122  aux=0.7833
  [nplmsd] epoch 20/200  main=-0.4459  aux=0.7697
  [nplmsd] epoch 25/200  main=-0.4738  aux=0.7580
  [nplmsd] epoch 30/200  main=-0.4902  aux=0.7507
  [nplmsd] epoch 35/200  main=-0.5049  aux=0.7448
  [nplmsd] epoch 40/200  main=-0.5169  aux=0.7334
  [nplmsd] epoch 45/200  main=-0.5292  aux=0.7266
  [nplmsd] epoch 50/200  main=-0.5365  aux=0.7208
  [nplmsd] epoch 55/200  main=-0.5468  aux=0.7140
  [nplmsd] epoch 60/200  main=-0.5575  aux=0.7027
  [nplmsd] epoch 65/200  main=-0.5625  aux=0.7007
  [nplmsd] epoch 70/200  main=-0.5708  aux=0.6896
  [nplmsd] epoch 75/200  main=-0.5719  aux=0.6830
  [nplmsd] epoch 80/200  main=-0.5775  aux=0.6852
  [nplmsd] epoch 85/200  main=-0.5829  aux=0.6804
  [nplmsd] epoch 90/200  main=-0.5857  aux=0.6704
  [nplmsd] epoch 95/200  main=-0.5901  aux=0.6687
  [nplmsd] epoch 100/200  main=-0.5948  aux=0.6624
  [nplmsd] epoch 105/200  main=-0.5989  aux=0.6587
  [nplmsd] epoch 110/200  main=-0.6003  aux=0.6565
  [nplmsd] epoch 115/200  main=-0.6004  aux=0.6541
  [nplmsd] epoch 120/200  main=-0.6056  aux=0.6487
  [nplmsd] epoch 125/200  main=-0.6037  aux=0.6459
  [nplmsd] epoch 130/200  main=-0.6106  aux=0.6399
  [nplmsd] epoch 135/200  main=-0.6147  aux=0.6383
  [nplmsd] epoch 140/200  main=-0.6194  aux=0.6298
  [nplmsd] epoch 145/200  main=-0.6197  aux=0.6322
  [nplmsd] epoch 150/200  main=-0.6163  aux=0.6280
  [nplmsd] epoch 155/200  main=-0.6266  aux=0.6234
  [nplmsd] epoch 160/200  main=-0.6288  aux=0.6180
  [nplmsd] epoch 165/200  main=-0.6227  aux=0.6266
  [nplmsd] epoch 170/200  main=-0.6247  aux=0.6233
  [nplmsd] epoch 175/200  main=-0.6303  aux=0.6177
  [nplmsd] epoch 180/200  main=-0.6291  aux=0.6122
  [nplmsd] epoch 185/200  main=-0.6321  aux=0.6118
  [nplmsd] epoch 190/200  main=-0.6397  aux=0.6058
  [nplmsd] epoch 195/200  main=-0.6326  aux=0.6137
  [nplmsd] epoch 200/200  main=-0.6388  aux=0.6059
  saved /home/pharris/sigreg/SuperSig/checkpoints/scratch_nplmsd_cifar10_100d.pt
  [nplmsd  ] probe=0.7491 acc=0.7988 eucl=0.6922 mahaT=0.6592
Done.
