/home/pharris/venv/lib64/python3.9/site-packages/networkx/utils/backends.py:135: RuntimeWarning: networkx backend defined more than once: nx-loopback
  backends.update(_get_backends("networkx.backends"))
exp67 [cifar100] FROM-SCRATCH pretraining, dim=100, epochs=200, holdout=[57] excluded, arms=['supcon', 'ssig', 'nplmsd', 'nplmcw']

===== pretraining from scratch: supcon =====
Using cache found in /home/pharris/.cache/torch/hub/chenyaofo_pytorch-cifar-models_master
  CIFAR two-view embedding-train images (no {57}): 49500
  [supcon] epoch 1/200  main=5.8448  aux=0.0000
  [supcon] epoch 5/200  main=5.0466  aux=0.0000
  [supcon] epoch 10/200  main=4.7012  aux=0.0000
  [supcon] epoch 15/200  main=4.4993  aux=0.0000
  [supcon] epoch 20/200  main=4.3406  aux=0.0000
  [supcon] epoch 25/200  main=4.2286  aux=0.0000
  [supcon] epoch 30/200  main=4.1387  aux=0.0000
  [supcon] epoch 35/200  main=4.0562  aux=0.0000
  [supcon] epoch 40/200  main=3.9838  aux=0.0000
  [supcon] epoch 45/200  main=3.9384  aux=0.0000
  [supcon] epoch 50/200  main=3.8864  aux=0.0000
  [supcon] epoch 55/200  main=3.8481  aux=0.0000
  [supcon] epoch 60/200  main=3.8092  aux=0.0000
  [supcon] epoch 65/200  main=3.7724  aux=0.0000
  [supcon] epoch 70/200  main=3.7405  aux=0.0000
  [supcon] epoch 75/200  main=3.7121  aux=0.0000
  [supcon] epoch 80/200  main=3.6877  aux=0.0000
  [supcon] epoch 85/200  main=3.6609  aux=0.0000
  [supcon] epoch 90/200  main=3.6367  aux=0.0000
  [supcon] epoch 95/200  main=3.6150  aux=0.0000
  [supcon] epoch 100/200  main=3.5945  aux=0.0000
  [supcon] epoch 105/200  main=3.5760  aux=0.0000
  [supcon] epoch 110/200  main=3.5580  aux=0.0000
  [supcon] epoch 115/200  main=3.5427  aux=0.0000
  [supcon] epoch 120/200  main=3.5359  aux=0.0000
  [supcon] epoch 125/200  main=3.5142  aux=0.0000
  [supcon] epoch 130/200  main=3.4930  aux=0.0000
  [supcon] epoch 135/200  main=3.4840  aux=0.0000
  [supcon] epoch 140/200  main=3.4754  aux=0.0000
  [supcon] epoch 145/200  main=3.4668  aux=0.0000
  [supcon] epoch 150/200  main=3.4451  aux=0.0000
  [supcon] epoch 155/200  main=3.4245  aux=0.0000
  [supcon] epoch 160/200  main=3.4140  aux=0.0000
  [supcon] epoch 165/200  main=3.4123  aux=0.0000
  [supcon] epoch 170/200  main=3.4122  aux=0.0000
  [supcon] epoch 175/200  main=3.3886  aux=0.0000
  [supcon] epoch 180/200  main=3.3900  aux=0.0000
  [supcon] epoch 185/200  main=3.3756  aux=0.0000
  [supcon] epoch 190/200  main=3.3620  aux=0.0000
  [supcon] epoch 195/200  main=3.3604  aux=0.0000
  [supcon] epoch 200/200  main=3.3505  aux=0.0000
  saved /home/pharris/sigreg/SuperSig/checkpoints/scratch_supcon_cifar100_100d_h57.pt
  [supcon  ] probe=0.9322 acc=0.5476 eucl=0.5212 mahaT=0.4803

===== pretraining from scratch: ssig =====
Using cache found in /home/pharris/.cache/torch/hub/chenyaofo_pytorch-cifar-models_master
  CIFAR two-view embedding-train images (no {57}): 49500
  [ssig] epoch 1/200  main=6.3188  aux=2.1097
  [ssig] epoch 5/200  main=5.8513  aux=0.4389
  [ssig] epoch 10/200  main=5.3541  aux=0.2374
  [ssig] epoch 15/200  main=5.0800  aux=0.1901
  [ssig] epoch 20/200  main=4.8759  aux=0.1800
  [ssig] epoch 25/200  main=4.7090  aux=0.1705
  [ssig] epoch 30/200  main=4.5822  aux=0.1601
  [ssig] epoch 35/200  main=4.4905  aux=0.1584
  [ssig] epoch 40/200  main=4.4010  aux=0.1515
  [ssig] epoch 45/200  main=4.3254  aux=0.1515
  [ssig] epoch 50/200  main=4.2524  aux=0.1474
  [ssig] epoch 55/200  main=4.1960  aux=0.1436
  [ssig] epoch 60/200  main=4.1473  aux=0.1423
  [ssig] epoch 65/200  main=4.0974  aux=0.1435
  [ssig] epoch 70/200  main=4.0598  aux=0.1416
  [ssig] epoch 75/200  main=4.0182  aux=0.1424
  [ssig] epoch 80/200  main=3.9931  aux=0.1381
  [ssig] epoch 85/200  main=3.9528  aux=0.1378
  [ssig] epoch 90/200  main=3.9270  aux=0.1396
  [ssig] epoch 95/200  main=3.8915  aux=0.1371
  [ssig] epoch 100/200  main=3.8645  aux=0.1369
  [ssig] epoch 105/200  main=3.8419  aux=0.1367
  [ssig] epoch 110/200  main=3.8184  aux=0.1342
  [ssig] epoch 115/200  main=3.7982  aux=0.1344
  [ssig] epoch 120/200  main=3.7798  aux=0.1347
  [ssig] epoch 125/200  main=3.7555  aux=0.1338
  [ssig] epoch 130/200  main=3.7347  aux=0.1327
  [ssig] epoch 135/200  main=3.7141  aux=0.1296
  [ssig] epoch 140/200  main=3.6972  aux=0.1326
  [ssig] epoch 145/200  main=3.6872  aux=0.1328
  [ssig] epoch 150/200  main=3.6662  aux=0.1315
  [ssig] epoch 155/200  main=3.6600  aux=0.1305
  [ssig] epoch 160/200  main=3.6321  aux=0.1305
  [ssig] epoch 165/200  main=3.6243  aux=0.1327
  [ssig] epoch 170/200  main=3.6120  aux=0.1295
  [ssig] epoch 175/200  main=3.5943  aux=0.1328
  [ssig] epoch 180/200  main=3.5890  aux=0.1317
  [ssig] epoch 185/200  main=3.5702  aux=0.1313
  [ssig] epoch 190/200  main=3.5657  aux=0.1323
  [ssig] epoch 195/200  main=3.5574  aux=0.1309
  [ssig] epoch 200/200  main=3.5414  aux=0.1305
  saved /home/pharris/sigreg/SuperSig/checkpoints/scratch_ssig_cifar100_100d_h57.pt
  [ssig    ] probe=0.9263 acc=0.5777 eucl=0.5200 mahaT=0.5157

===== pretraining from scratch: nplmsd =====
Using cache found in /home/pharris/.cache/torch/hub/chenyaofo_pytorch-cifar-models_master
  CIFAR two-view embedding-train images (no {57}): 49500
  [nplmsd] epoch 1/200  main=-0.0298  aux=0.8782
  [nplmsd] epoch 5/200  main=-0.1068  aux=0.8525
  [nplmsd] epoch 10/200  main=-0.1649  aux=0.8309
  [nplmsd] epoch 15/200  main=-0.2105  aux=0.8170
  [nplmsd] epoch 20/200  main=-0.2393  aux=0.8084
  [nplmsd] epoch 25/200  main=-0.2642  aux=0.8021
  [nplmsd] epoch 30/200  main=-0.2827  aux=0.7954
  [nplmsd] epoch 35/200  main=-0.3013  aux=0.7902
  [nplmsd] epoch 40/200  main=-0.3154  aux=0.7859
  [nplmsd] epoch 45/200  main=-0.3292  aux=0.7820
  [nplmsd] epoch 50/200  main=-0.3409  aux=0.7783
  [nplmsd] epoch 55/200  main=-0.3512  aux=0.7750
  [nplmsd] epoch 60/200  main=-0.3615  aux=0.7710
  [nplmsd] epoch 65/200  main=-0.3680  aux=0.7699
  [nplmsd] epoch 70/200  main=-0.3756  aux=0.7662
  [nplmsd] epoch 75/200  main=-0.3826  aux=0.7656
  [nplmsd] epoch 80/200  main=-0.3884  aux=0.7647
  [nplmsd] epoch 85/200  main=-0.3925  aux=0.7608
  [nplmsd] epoch 90/200  main=-0.3947  aux=0.7611
  [nplmsd] epoch 95/200  main=-0.4044  aux=0.7570
  [nplmsd] epoch 100/200  main=-0.4080  aux=0.7564
  [nplmsd] epoch 105/200  main=-0.4176  aux=0.7534
  [nplmsd] epoch 110/200  main=-0.4180  aux=0.7538
  [nplmsd] epoch 115/200  main=-0.4196  aux=0.7517
  [nplmsd] epoch 120/200  main=-0.4277  aux=0.7486
  [nplmsd] epoch 125/200  main=-0.4305  aux=0.7455
  [nplmsd] epoch 130/200  main=-0.4363  aux=0.7459
  [nplmsd] epoch 135/200  main=-0.4359  aux=0.7457
  [nplmsd] epoch 140/200  main=-0.4391  aux=0.7462
  [nplmsd] epoch 145/200  main=-0.4428  aux=0.7421
  [nplmsd] epoch 150/200  main=-0.4412  aux=0.7441
  [nplmsd] epoch 155/200  main=-0.4497  aux=0.7411
  [nplmsd] epoch 160/200  main=-0.4518  aux=0.7385
  [nplmsd] epoch 165/200  main=-0.4528  aux=0.7404
  [nplmsd] epoch 170/200  main=-0.4557  aux=0.7382
  [nplmsd] epoch 175/200  main=-0.4587  aux=0.7374
  [nplmsd] epoch 180/200  main=-0.4570  aux=0.7385
  [nplmsd] epoch 185/200  main=-0.4596  aux=0.7348
  [nplmsd] epoch 190/200  main=-0.4619  aux=0.7356
  [nplmsd] epoch 195/200  main=-0.4643  aux=0.7363
  [nplmsd] epoch 200/200  main=-0.4677  aux=0.7335
  saved /home/pharris/sigreg/SuperSig/checkpoints/scratch_nplmsd_cifar100_100d_h57.pt
  [nplmsd  ] probe=0.8918 acc=0.2476 eucl=0.6418 mahaT=0.6278

===== pretraining from scratch: nplmcw =====
Using cache found in /home/pharris/.cache/torch/hub/chenyaofo_pytorch-cifar-models_master
  cifar100 balanced two-view loader (no {57}): 49500 images, 82 batches of 25x24
  [nplmcw] epoch 1/200  main=0.1381  aux=4.7921
  [nplmcw] epoch 5/200  main=0.0912  aux=4.7336
  [nplmcw] epoch 10/200  main=0.0303  aux=4.7314
  [nplmcw] epoch 15/200  main=-0.0019  aux=4.7291
  [nplmcw] epoch 20/200  main=-0.0275  aux=4.7203
  [nplmcw] epoch 25/200  main=-0.0407  aux=4.7153
  [nplmcw] epoch 30/200  main=-0.0684  aux=4.7140
  [nplmcw] epoch 35/200  main=-0.0907  aux=4.7156
  [nplmcw] epoch 40/200  main=-0.0999  aux=4.7062
  [nplmcw] epoch 45/200  main=-0.1027  aux=4.7067
  [nplmcw] epoch 50/200  main=-0.1128  aux=4.7041
  [nplmcw] epoch 55/200  main=-0.1348  aux=4.6940
  [nplmcw] epoch 60/200  main=-0.1378  aux=4.6998
  [nplmcw] epoch 65/200  main=-0.1369  aux=4.6976
  [nplmcw] epoch 70/200  main=-0.1512  aux=4.6971
  [nplmcw] epoch 75/200  main=-0.1520  aux=4.6892
  [nplmcw] epoch 80/200  main=-0.1620  aux=4.6959
  [nplmcw] epoch 85/200  main=-0.1716  aux=4.6871
  [nplmcw] epoch 90/200  main=-0.1731  aux=4.6859
  [nplmcw] epoch 95/200  main=-0.1679  aux=4.6835
  [nplmcw] epoch 100/200  main=-0.1784  aux=4.6888
  [nplmcw] epoch 105/200  main=-0.1785  aux=4.6822
  [nplmcw] epoch 110/200  main=-0.1806  aux=4.6788
  [nplmcw] epoch 115/200  main=-0.1870  aux=4.6859
  [nplmcw] epoch 120/200  main=-0.1871  aux=4.6763
  [nplmcw] epoch 125/200  main=-0.1892  aux=4.6692
  [nplmcw] epoch 130/200  main=-0.1931  aux=4.6747
  [nplmcw] epoch 135/200  main=-0.1973  aux=4.6718
  [nplmcw] epoch 140/200  main=-0.2067  aux=4.6706
  [nplmcw] epoch 145/200  main=-0.2039  aux=4.6741
  [nplmcw] epoch 150/200  main=-0.2062  aux=4.6696
  [nplmcw] epoch 155/200  main=-0.2021  aux=4.6735
  [nplmcw] epoch 160/200  main=-0.2103  aux=4.6680
  [nplmcw] epoch 165/200  main=-0.2199  aux=4.6652
  [nplmcw] epoch 170/200  main=-0.2174  aux=4.6679
  [nplmcw] epoch 175/200  main=-0.2206  aux=4.6645
  [nplmcw] epoch 180/200  main=-0.2197  aux=4.6691
  [nplmcw] epoch 185/200  main=-0.2288  aux=4.6659
  [nplmcw] epoch 190/200  main=-0.2262  aux=4.6613
  [nplmcw] epoch 195/200  main=-0.2232  aux=4.6627
  [nplmcw] epoch 200/200  main=-0.2261  aux=4.6677
  saved /home/pharris/sigreg/SuperSig/checkpoints/scratch_nplmcw_cifar100_100d_h57.pt
  [nplmcw  ] probe=0.9554 acc=0.4662 eucl=0.6256 mahaT=0.6228
Done.
