/home/pharris/venv/lib64/python3.9/site-packages/networkx/utils/backends.py:135: RuntimeWarning: networkx backend defined more than once: nx-loopback
  backends.update(_get_backends("networkx.backends"))
exp67 [cifar10] FROM-SCRATCH pretraining, dim=100, epochs=200, holdout=[8] excluded, arms=['supcon', 'ssig', 'nplmsd', 'nplmcw']

===== pretraining from scratch: supcon =====
Using cache found in /home/pharris/.cache/torch/hub/chenyaofo_pytorch-cifar-models_master
  CIFAR two-view embedding-train images (no {8}): 45000
  [supcon] epoch 1/200  main=6.0544  aux=0.0000
  [supcon] epoch 5/200  main=5.4460  aux=0.0000
  [supcon] epoch 10/200  main=5.1659  aux=0.0000
  [supcon] epoch 15/200  main=5.0142  aux=0.0000
  [supcon] epoch 20/200  main=4.9163  aux=0.0000
  [supcon] epoch 25/200  main=4.8487  aux=0.0000
  [supcon] epoch 30/200  main=4.7938  aux=0.0000
  [supcon] epoch 35/200  main=4.7398  aux=0.0000
  [supcon] epoch 40/200  main=4.7073  aux=0.0000
  [supcon] epoch 45/200  main=4.6757  aux=0.0000
  [supcon] epoch 50/200  main=4.6467  aux=0.0000
  [supcon] epoch 55/200  main=4.6240  aux=0.0000
  [supcon] epoch 60/200  main=4.6051  aux=0.0000
  [supcon] epoch 65/200  main=4.5814  aux=0.0000
  [supcon] epoch 70/200  main=4.5618  aux=0.0000
  [supcon] epoch 75/200  main=4.5432  aux=0.0000
  [supcon] epoch 80/200  main=4.5359  aux=0.0000
  [supcon] epoch 85/200  main=4.5082  aux=0.0000
  [supcon] epoch 90/200  main=4.5022  aux=0.0000
  [supcon] epoch 95/200  main=4.4950  aux=0.0000
  [supcon] epoch 100/200  main=4.4755  aux=0.0000
  [supcon] epoch 105/200  main=4.4715  aux=0.0000
  [supcon] epoch 110/200  main=4.4590  aux=0.0000
  [supcon] epoch 115/200  main=4.4552  aux=0.0000
  [supcon] epoch 120/200  main=4.4401  aux=0.0000
  [supcon] epoch 125/200  main=4.4317  aux=0.0000
  [supcon] epoch 130/200  main=4.4239  aux=0.0000
  [supcon] epoch 135/200  main=4.4164  aux=0.0000
  [supcon] epoch 140/200  main=4.4127  aux=0.0000
  [supcon] epoch 145/200  main=4.4056  aux=0.0000
  [supcon] epoch 150/200  main=4.3967  aux=0.0000
  [supcon] epoch 155/200  main=4.3949  aux=0.0000
  [supcon] epoch 160/200  main=4.3856  aux=0.0000
  [supcon] epoch 165/200  main=4.3764  aux=0.0000
  [supcon] epoch 170/200  main=4.3765  aux=0.0000
  [supcon] epoch 175/200  main=4.3748  aux=0.0000
  [supcon] epoch 180/200  main=4.3692  aux=0.0000
  [supcon] epoch 185/200  main=4.3629  aux=0.0000
  [supcon] epoch 190/200  main=4.3578  aux=0.0000
  [supcon] epoch 195/200  main=4.3475  aux=0.0000
  [supcon] epoch 200/200  main=4.3524  aux=0.0000
  saved /home/pharris/sigreg/SuperSig/checkpoints/scratch_supcon_cifar10_100d_h8.pt
  [supcon  ] probe=0.9456 acc=0.7152 eucl=0.5275 mahaT=0.4921

===== pretraining from scratch: ssig =====
Using cache found in /home/pharris/.cache/torch/hub/chenyaofo_pytorch-cifar-models_master
  CIFAR two-view embedding-train images (no {8}): 45000
  [ssig] epoch 1/200  main=6.4845  aux=2.3859
  [ssig] epoch 5/200  main=6.4488  aux=0.6448
  [ssig] epoch 10/200  main=5.9895  aux=0.3162
  [ssig] epoch 15/200  main=5.7243  aux=0.2327
  [ssig] epoch 20/200  main=5.5593  aux=0.1938
  [ssig] epoch 25/200  main=5.4274  aux=0.1704
  [ssig] epoch 30/200  main=5.3249  aux=0.1602
  [ssig] epoch 35/200  main=5.2394  aux=0.1538
  [ssig] epoch 40/200  main=5.1832  aux=0.1465
  [ssig] epoch 45/200  main=5.1303  aux=0.1434
  [ssig] epoch 50/200  main=5.0880  aux=0.1398
  [ssig] epoch 55/200  main=5.0511  aux=0.1371
  [ssig] epoch 60/200  main=5.0029  aux=0.1396
  [ssig] epoch 65/200  main=4.9651  aux=0.1393
  [ssig] epoch 70/200  main=4.9454  aux=0.1393
  [ssig] epoch 75/200  main=4.9166  aux=0.1375
  [ssig] epoch 80/200  main=4.8949  aux=0.1376
  [ssig] epoch 85/200  main=4.8778  aux=0.1400
  [ssig] epoch 90/200  main=4.8563  aux=0.1376
  [ssig] epoch 95/200  main=4.8393  aux=0.1379
  [ssig] epoch 100/200  main=4.8238  aux=0.1377
  [ssig] epoch 105/200  main=4.8055  aux=0.1391
  [ssig] epoch 110/200  main=4.7923  aux=0.1372
  [ssig] epoch 115/200  main=4.7717  aux=0.1380
  [ssig] epoch 120/200  main=4.7634  aux=0.1382
  [ssig] epoch 125/200  main=4.7523  aux=0.1391
  [ssig] epoch 130/200  main=4.7339  aux=0.1406
  [ssig] epoch 135/200  main=4.7270  aux=0.1387
  [ssig] epoch 140/200  main=4.7131  aux=0.1398
  [ssig] epoch 145/200  main=4.7047  aux=0.1418
  [ssig] epoch 150/200  main=4.6926  aux=0.1394
  [ssig] epoch 155/200  main=4.6789  aux=0.1404
  [ssig] epoch 160/200  main=4.6710  aux=0.1383
  [ssig] epoch 165/200  main=4.6630  aux=0.1409
  [ssig] epoch 170/200  main=4.6645  aux=0.1401
  [ssig] epoch 175/200  main=4.6437  aux=0.1393
  [ssig] epoch 180/200  main=4.6441  aux=0.1407
  [ssig] epoch 185/200  main=4.6414  aux=0.1409
  [ssig] epoch 190/200  main=4.6260  aux=0.1397
  [ssig] epoch 195/200  main=4.6251  aux=0.1415
  [ssig] epoch 200/200  main=4.6169  aux=0.1413
  saved /home/pharris/sigreg/SuperSig/checkpoints/scratch_ssig_cifar10_100d_h8.pt
  [ssig    ] probe=0.9320 acc=0.8756 eucl=0.3632 mahaT=0.3980

===== pretraining from scratch: nplmsd =====
Using cache found in /home/pharris/.cache/torch/hub/chenyaofo_pytorch-cifar-models_master
  CIFAR two-view embedding-train images (no {8}): 45000
  [nplmsd] epoch 1/200  main=-0.0645  aux=0.8844
  [nplmsd] epoch 5/200  main=-0.2245  aux=0.8403
  [nplmsd] epoch 10/200  main=-0.3080  aux=0.8121
  [nplmsd] epoch 15/200  main=-0.3578  aux=0.7937
  [nplmsd] epoch 20/200  main=-0.3907  aux=0.7794
  [nplmsd] epoch 25/200  main=-0.4221  aux=0.7654
  [nplmsd] epoch 30/200  main=-0.4434  aux=0.7565
  [nplmsd] epoch 35/200  main=-0.4648  aux=0.7468
  [nplmsd] epoch 40/200  main=-0.4793  aux=0.7369
  [nplmsd] epoch 45/200  main=-0.4937  aux=0.7273
  [nplmsd] epoch 50/200  main=-0.5042  aux=0.7207
  [nplmsd] epoch 55/200  main=-0.5144  aux=0.7133
  [nplmsd] epoch 60/200  main=-0.5199  aux=0.7103
  [nplmsd] epoch 65/200  main=-0.5304  aux=0.6962
  [nplmsd] epoch 70/200  main=-0.5359  aux=0.6965
  [nplmsd] epoch 75/200  main=-0.5417  aux=0.6880
  [nplmsd] epoch 80/200  main=-0.5458  aux=0.6836
  [nplmsd] epoch 85/200  main=-0.5527  aux=0.6764
  [nplmsd] epoch 90/200  main=-0.5564  aux=0.6736
  [nplmsd] epoch 95/200  main=-0.5602  aux=0.6692
  [nplmsd] epoch 100/200  main=-0.5623  aux=0.6667
  [nplmsd] epoch 105/200  main=-0.5656  aux=0.6641
  [nplmsd] epoch 110/200  main=-0.5737  aux=0.6545
  [nplmsd] epoch 115/200  main=-0.5763  aux=0.6556
  [nplmsd] epoch 120/200  main=-0.5760  aux=0.6537
  [nplmsd] epoch 125/200  main=-0.5823  aux=0.6474
  [nplmsd] epoch 130/200  main=-0.5840  aux=0.6460
  [nplmsd] epoch 135/200  main=-0.5926  aux=0.6392
  [nplmsd] epoch 140/200  main=-0.5906  aux=0.6376
  [nplmsd] epoch 145/200  main=-0.5876  aux=0.6412
  [nplmsd] epoch 150/200  main=-0.5949  aux=0.6370
  [nplmsd] epoch 155/200  main=-0.5967  aux=0.6331
  [nplmsd] epoch 160/200  main=-0.6030  aux=0.6316
  [nplmsd] epoch 165/200  main=-0.5985  aux=0.6352
  [nplmsd] epoch 170/200  main=-0.6039  aux=0.6293
  [nplmsd] epoch 175/200  main=-0.6068  aux=0.6205
  [nplmsd] epoch 180/200  main=-0.6054  aux=0.6230
  [nplmsd] epoch 185/200  main=-0.6048  aux=0.6214
  [nplmsd] epoch 190/200  main=-0.6131  aux=0.6178
  [nplmsd] epoch 195/200  main=-0.6087  aux=0.6152
  [nplmsd] epoch 200/200  main=-0.6160  aux=0.6157
  saved /home/pharris/sigreg/SuperSig/checkpoints/scratch_nplmsd_cifar10_100d_h8.pt
  [nplmsd  ] probe=0.7045 acc=0.7906 eucl=0.6743 mahaT=0.6558

===== pretraining from scratch: nplmcw =====
Using cache found in /home/pharris/.cache/torch/hub/chenyaofo_pytorch-cifar-models_master
  cifar10 balanced two-view loader (no {8}): 45000 images, 208 batches of 9x24
  [nplmcw] epoch 1/200  main=0.0910  aux=4.6384
  [nplmcw] epoch 5/200  main=-0.1219  aux=4.5013
  [nplmcw] epoch 10/200  main=-0.2243  aux=4.4804
  [nplmcw] epoch 15/200  main=-0.2801  aux=4.4764
  [nplmcw] epoch 20/200  main=-0.3187  aux=4.4709
  [nplmcw] epoch 25/200  main=-0.3451  aux=4.4692
  [nplmcw] epoch 30/200  main=-0.3699  aux=4.4661
  [nplmcw] epoch 35/200  main=-0.3863  aux=4.4654
  [nplmcw] epoch 40/200  main=-0.4046  aux=4.4640
  [nplmcw] epoch 45/200  main=-0.4183  aux=4.4637
  [nplmcw] epoch 50/200  main=-0.4317  aux=4.4624
  [nplmcw] epoch 55/200  main=-0.4443  aux=4.4587
  [nplmcw] epoch 60/200  main=-0.4494  aux=4.4586
  [nplmcw] epoch 65/200  main=-0.4591  aux=4.4584
  [nplmcw] epoch 70/200  main=-0.4660  aux=4.4579
  [nplmcw] epoch 75/200  main=-0.4685  aux=4.4559
  [nplmcw] epoch 80/200  main=-0.4788  aux=4.4545
  [nplmcw] epoch 85/200  main=-0.4866  aux=4.4554
  [nplmcw] epoch 90/200  main=-0.4923  aux=4.4540
  [nplmcw] epoch 95/200  main=-0.4939  aux=4.4531
  [nplmcw] epoch 100/200  main=-0.4980  aux=4.4512
  [nplmcw] epoch 105/200  main=-0.5007  aux=4.4535
  [nplmcw] epoch 110/200  main=-0.5078  aux=4.4526
  [nplmcw] epoch 115/200  main=-0.5108  aux=4.4511
  [nplmcw] epoch 120/200  main=-0.5118  aux=4.4504
  [nplmcw] epoch 125/200  main=-0.5236  aux=4.4495
  [nplmcw] epoch 130/200  main=-0.5259  aux=4.4499
  [nplmcw] epoch 135/200  main=-0.5295  aux=4.4491
  [nplmcw] epoch 140/200  main=-0.5294  aux=4.4493
  [nplmcw] epoch 145/200  main=-0.5291  aux=4.4478
  [nplmcw] epoch 150/200  main=-0.5359  aux=4.4483
  [nplmcw] epoch 155/200  main=-0.5407  aux=4.4477
  [nplmcw] epoch 160/200  main=-0.5407  aux=4.4485
  [nplmcw] epoch 165/200  main=-0.5415  aux=4.4472
  [nplmcw] epoch 170/200  main=-0.5454  aux=4.4465
  [nplmcw] epoch 175/200  main=-0.5488  aux=4.4464
  [nplmcw] epoch 180/200  main=-0.5483  aux=4.4455
  [nplmcw] epoch 185/200  main=-0.5484  aux=4.4460
  [nplmcw] epoch 190/200  main=-0.5513  aux=4.4463
  [nplmcw] epoch 195/200  main=-0.5577  aux=4.4452
  [nplmcw] epoch 200/200  main=-0.5567  aux=4.4450
  saved /home/pharris/sigreg/SuperSig/checkpoints/scratch_nplmcw_cifar10_100d_h8.pt
  [nplmcw  ] probe=0.9543 acc=0.8820 eucl=0.6223 mahaT=0.6600
Done.
