/home/pharris/venv/lib64/python3.9/site-packages/networkx/utils/backends.py:135: RuntimeWarning: networkx backend defined more than once: nx-loopback
  backends.update(_get_backends("networkx.backends"))
Using cache found in /home/pharris/.cache/torch/hub/chenyaofo_pytorch-cifar-models_master
exp68 [cifar100] discovery on scratch bases ['supcon', 'ssig', 'nplmsd', 'nplmcw'], dim=100, holdout=[48]

===== base: supcon =====
----- natural discovery: supcon -----
  [sigreg+proto] epoch 1/5  sigreg=0.4784  proto=2.3933  min_dist=1.39  mean_dist=7.62
  [sigreg+proto] epoch 2/5  sigreg=0.4664  proto=2.0837  min_dist=1.85  mean_dist=8.26
  [sigreg+proto] epoch 3/5  sigreg=0.4526  proto=1.8486  min_dist=2.19  mean_dist=8.83
  [sigreg+proto] epoch 4/5  sigreg=0.4516  proto=1.7737  min_dist=2.49  mean_dist=9.32
  [sigreg+proto] epoch 5/5  sigreg=0.4658  proto=1.7885  min_dist=2.75  mean_dist=9.77
  round 1: pool=2512 purity=0.015 k-hat=4 anchors=4  margin=0.6589  mean-anchor=0.2989  48=0.299
  [sigreg+proto] epoch 1/5  sigreg=0.4753  proto=2.4682  min_dist=3.45  mean_dist=10.39
  [sigreg+proto] epoch 2/5  sigreg=0.5084  proto=2.1245  min_dist=3.98  mean_dist=10.93
  [sigreg+proto] epoch 3/5  sigreg=0.5371  proto=2.0416  min_dist=4.38  mean_dist=11.38
  [sigreg+proto] epoch 4/5  sigreg=0.5693  proto=1.8803  min_dist=4.70  mean_dist=11.77
  [sigreg+proto] epoch 5/5  sigreg=0.5977  proto=1.8166  min_dist=4.61  mean_dist=12.11
  round 2: pool=2639 purity=0.062 k-hat=4 anchors=8  margin=0.7106  mean-anchor=0.7574  48=0.757
Using cache found in /home/pharris/.cache/torch/hub/chenyaofo_pytorch-cifar-models_master
  probe pre=0.9842 post=0.9898

===== base: ssig =====
----- natural discovery: ssig -----
  [sigreg+proto] epoch 1/5  sigreg=0.3443  proto=3.9903  min_dist=2.41  mean_dist=11.21
  [sigreg+proto] epoch 2/5  sigreg=0.4229  proto=3.0892  min_dist=2.94  mean_dist=11.52
  [sigreg+proto] epoch 3/5  sigreg=0.4678  proto=2.5285  min_dist=3.34  mean_dist=11.81
  [sigreg+proto] epoch 4/5  sigreg=0.5065  proto=2.3321  min_dist=3.69  mean_dist=12.07
  [sigreg+proto] epoch 5/5  sigreg=0.5395  proto=1.9923  min_dist=3.93  mean_dist=12.32
  round 1: pool=2507 purity=0.013 k-hat=4 anchors=4  margin=0.5702  mean-anchor=0.5952  48=0.595
  [sigreg+proto] epoch 1/5  sigreg=0.4515  proto=3.1027  min_dist=3.82  mean_dist=12.32
  [sigreg+proto] epoch 2/5  sigreg=0.4750  proto=2.3154  min_dist=3.93  mean_dist=12.55
  [sigreg+proto] epoch 3/5  sigreg=0.5027  proto=2.1134  min_dist=4.04  mean_dist=12.77
  [sigreg+proto] epoch 4/5  sigreg=0.5187  proto=1.9591  min_dist=4.13  mean_dist=12.98
  [sigreg+proto] epoch 5/5  sigreg=0.5363  proto=1.8055  min_dist=4.25  mean_dist=13.17
  round 2: pool=2531 purity=0.022 k-hat=4 anchors=8  margin=0.5768  mean-anchor=0.5189  48=0.519
Using cache found in /home/pharris/.cache/torch/hub/chenyaofo_pytorch-cifar-models_master
  probe pre=0.9807 post=0.9653

===== base: nplmsd =====
----- natural discovery: nplmsd -----
    merged 2 -> 1 anchors
  [sigreg+proto] epoch 1/5  sigreg=0.7862  proto=2.9970  min_dist=0.24  mean_dist=2.18
  [sigreg+proto] epoch 2/5  sigreg=0.7308  proto=2.8373  min_dist=0.29  mean_dist=2.40
  [sigreg+proto] epoch 3/5  sigreg=0.6975  proto=2.7209  min_dist=0.33  mean_dist=2.61
  [sigreg+proto] epoch 4/5  sigreg=0.6758  proto=2.6472  min_dist=0.37  mean_dist=2.79
  [sigreg+proto] epoch 5/5  sigreg=0.6599  proto=2.5859  min_dist=0.41  mean_dist=2.97
  round 1: pool=2521 purity=0.018 k-hat=2 anchors=1  margin=0.7828  mean-anchor=0.6405  48=0.640
  [sigreg+proto] epoch 1/5  sigreg=0.6624  proto=2.8044  min_dist=1.22  mean_dist=4.26
  [sigreg+proto] epoch 2/5  sigreg=0.6709  proto=2.6455  min_dist=1.68  mean_dist=4.90
  [sigreg+proto] epoch 3/5  sigreg=0.6832  proto=2.5348  min_dist=1.98  mean_dist=5.43
  [sigreg+proto] epoch 4/5  sigreg=0.6976  proto=2.5322  min_dist=2.24  mean_dist=5.89
  [sigreg+proto] epoch 5/5  sigreg=0.7128  proto=2.5043  min_dist=2.47  mean_dist=6.30
  round 2: pool=2479 purity=0.002 k-hat=4 anchors=5  margin=0.6244  mean-anchor=0.5275  48=0.528
Using cache found in /home/pharris/.cache/torch/hub/chenyaofo_pytorch-cifar-models_master
  probe pre=0.7952 post=0.9693

===== base: nplmcw =====
----- natural discovery: nplmcw -----
  [sigreg+proto] epoch 1/5  sigreg=0.6357  proto=2.1436  min_dist=0.46  mean_dist=2.42
  [sigreg+proto] epoch 2/5  sigreg=0.5189  proto=1.7857  min_dist=0.59  mean_dist=2.93
  [sigreg+proto] epoch 3/5  sigreg=0.4744  proto=1.6525  min_dist=0.70  mean_dist=3.37
  [sigreg+proto] epoch 4/5  sigreg=0.4511  proto=1.5820  min_dist=0.80  mean_dist=3.75
  [sigreg+proto] epoch 5/5  sigreg=0.4394  proto=1.4462  min_dist=0.89  mean_dist=4.08
  round 1: pool=2635 purity=0.061 k-hat=1 anchors=1  margin=0.8127  mean-anchor=0.5029  48=0.503
  [sigreg+proto] epoch 1/5  sigreg=0.4472  proto=1.7575  min_dist=1.91  mean_dist=5.21
  [sigreg+proto] epoch 2/5  sigreg=0.4717  proto=1.6522  min_dist=2.58  mean_dist=5.95
  [sigreg+proto] epoch 3/5  sigreg=0.4985  proto=1.6198  min_dist=3.07  mean_dist=6.57
  [sigreg+proto] epoch 4/5  sigreg=0.5231  proto=1.5314  min_dist=3.51  mean_dist=7.11
  [sigreg+proto] epoch 5/5  sigreg=0.5462  proto=1.5627  min_dist=3.91  mean_dist=7.59
  round 2: pool=2496 purity=0.008 k-hat=4 anchors=5  margin=0.7616  mean-anchor=0.5471  48=0.547
  probe pre=0.9842 post=0.9871

===== POST grid, f=0.001 (50 injected) =====
  [sigreg+proto] epoch 1/5  sigreg=0.4714  proto=2.5996  min_dist=1.39  mean_dist=7.70
  [sigreg+proto] epoch 2/5  sigreg=0.4567  proto=2.0907  min_dist=1.87  mean_dist=8.34
  [sigreg+proto] epoch 3/5  sigreg=0.4468  proto=2.0832  min_dist=2.23  mean_dist=8.90
  [sigreg+proto] epoch 4/5  sigreg=0.4502  proto=1.9184  min_dist=2.54  mean_dist=9.40
  [sigreg+proto] epoch 5/5  sigreg=0.4622  proto=1.8728  min_dist=2.81  mean_dist=9.83
  round 1: pool=2478 purity=0.001 k-hat=4 anchors=4  margin=0.7325  mean-anchor=0.5336  48=0.534
  [sigreg+proto] epoch 1/5  sigreg=0.4711  proto=2.4539  min_dist=3.49  mean_dist=10.45
  [sigreg+proto] epoch 2/5  sigreg=0.5001  proto=2.2779  min_dist=4.00  mean_dist=10.99
  [sigreg+proto] epoch 3/5  sigreg=0.5264  proto=2.0680  min_dist=4.18  mean_dist=11.44
  [sigreg+proto] epoch 4/5  sigreg=0.5549  proto=1.9878  min_dist=4.27  mean_dist=11.84
  [sigreg+proto] epoch 5/5  sigreg=0.5845  proto=1.9266  min_dist=4.39  mean_dist=12.17
  round 2: pool=2490 purity=0.006 k-hat=4 anchors=8  margin=0.6413  mean-anchor=0.7662  48=0.766
  [supcon] post f=0.001: probe=0.9933 eucl=0.6710 mahaT=0.6345
  [supcon] per-event post f=0.001: power=0.140
  [supcon] sparker (post, annealed)
    post-spk f=0.001: power=0.000 [0.000,0.036] (0/50)
  [supcon] maha (post)
    post-maha f=0.001: power=0.020 [0.003,0.064] (1/50)
  [supcon] mmd (post)
    post-mmd f=0.001: power=0.140 [0.090,0.207] (7/50)
  [sigreg+proto] epoch 1/5  sigreg=0.3641  proto=3.9565  min_dist=2.40  mean_dist=11.18
  [sigreg+proto] epoch 2/5  sigreg=0.4487  proto=3.0872  min_dist=2.92  mean_dist=11.48
  [sigreg+proto] epoch 3/5  sigreg=0.5062  proto=2.5283  min_dist=3.30  mean_dist=11.76
  [sigreg+proto] epoch 4/5  sigreg=0.5527  proto=2.2602  min_dist=3.61  mean_dist=12.02
  [sigreg+proto] epoch 5/5  sigreg=0.5768  proto=1.9958  min_dist=3.91  mean_dist=12.26
  round 1: pool=2479 purity=0.002 k-hat=4 anchors=4  margin=0.4109  mean-anchor=0.4782  48=0.478
  [sigreg+proto] epoch 1/5  sigreg=0.4301  proto=3.0013  min_dist=3.79  mean_dist=12.28
  [sigreg+proto] epoch 2/5  sigreg=0.4533  proto=2.3961  min_dist=3.94  mean_dist=12.52
  [sigreg+proto] epoch 3/5  sigreg=0.4829  proto=2.0673  min_dist=4.12  mean_dist=12.74
  [sigreg+proto] epoch 4/5  sigreg=0.5005  proto=1.9373  min_dist=4.27  mean_dist=12.95
  [sigreg+proto] epoch 5/5  sigreg=0.5148  proto=1.7725  min_dist=4.43  mean_dist=13.16
  round 2: pool=2479 purity=0.002 k-hat=4 anchors=8  margin=0.4774  mean-anchor=0.3572  48=0.357
  [ssig] post f=0.001: probe=0.9748 eucl=0.6821 mahaT=0.5659
  [ssig] per-event post f=0.001: power=0.070
  [ssig] sparker (post, annealed)
    post-spk f=0.001: power=0.020 [0.003,0.064] (1/50)
  [ssig] maha (post)
    post-maha f=0.001: power=0.040 [0.014,0.090] (2/50)
  [ssig] mmd (post)
    post-mmd f=0.001: power=0.020 [0.003,0.064] (1/50)
    merged 2 -> 1 anchors
  [sigreg+proto] epoch 1/5  sigreg=0.7931  proto=2.9768  min_dist=0.24  mean_dist=2.18
  [sigreg+proto] epoch 2/5  sigreg=0.7295  proto=2.8045  min_dist=0.29  mean_dist=2.40
  [sigreg+proto] epoch 3/5  sigreg=0.6936  proto=2.7241  min_dist=0.33  mean_dist=2.61
  [sigreg+proto] epoch 4/5  sigreg=0.6799  proto=2.6770  min_dist=0.37  mean_dist=2.79
  [sigreg+proto] epoch 5/5  sigreg=0.6713  proto=2.5397  min_dist=0.41  mean_dist=2.97
  round 1: pool=2479 purity=0.002 k-hat=2 anchors=1  margin=0.7225  mean-anchor=0.6002  48=0.600
  [sigreg+proto] epoch 1/5  sigreg=0.6750  proto=2.7248  min_dist=1.22  mean_dist=4.22
  [sigreg+proto] epoch 2/5  sigreg=0.6832  proto=2.6273  min_dist=1.68  mean_dist=4.86
  [sigreg+proto] epoch 3/5  sigreg=0.6972  proto=2.6515  min_dist=1.98  mean_dist=5.40
  [sigreg+proto] epoch 4/5  sigreg=0.7162  proto=2.5320  min_dist=2.23  mean_dist=5.86
  [sigreg+proto] epoch 5/5  sigreg=0.7308  proto=2.5387  min_dist=2.47  mean_dist=6.27
  round 2: pool=2475 purity=0.000 k-hat=4 anchors=5  margin=0.5895  mean-anchor=0.6550  48=0.655
  [nplmsd] post f=0.001: probe=0.9570 eucl=0.6497 mahaT=0.7276
  [nplmsd] per-event post f=0.001: power=0.030
  [nplmsd] sparker (post, annealed)
    post-spk f=0.001: power=0.060 [0.028,0.115] (3/50)
  [nplmsd] maha (post)
    post-maha f=0.001: power=0.060 [0.028,0.115] (3/50)
  [nplmsd] mmd (post)
    post-mmd f=0.001: power=0.080 [0.042,0.138] (4/50)
  [sigreg+proto] epoch 1/5  sigreg=0.6367  proto=2.1456  min_dist=0.46  mean_dist=2.42
  [sigreg+proto] epoch 2/5  sigreg=0.5142  proto=1.7931  min_dist=0.59  mean_dist=2.93
  [sigreg+proto] epoch 3/5  sigreg=0.4693  proto=1.6581  min_dist=0.70  mean_dist=3.37
  [sigreg+proto] epoch 4/5  sigreg=0.4469  proto=1.5838  min_dist=0.80  mean_dist=3.74
  [sigreg+proto] epoch 5/5  sigreg=0.4374  proto=1.4555  min_dist=0.89  mean_dist=4.08
  round 1: pool=2488 purity=0.005 k-hat=1 anchors=1  margin=0.6964  mean-anchor=0.4734  48=0.473
  [sigreg+proto] epoch 1/5  sigreg=0.4430  proto=1.7337  min_dist=1.91  mean_dist=5.23
  [sigreg+proto] epoch 2/5  sigreg=0.4672  proto=1.7121  min_dist=2.58  mean_dist=5.97
  [sigreg+proto] epoch 3/5  sigreg=0.4966  proto=1.7281  min_dist=3.08  mean_dist=6.58
  [sigreg+proto] epoch 4/5  sigreg=0.5239  proto=1.5774  min_dist=3.52  mean_dist=7.12
  [sigreg+proto] epoch 5/5  sigreg=0.5404  proto=1.5567  min_dist=3.88  mean_dist=7.60
  round 2: pool=2477 purity=0.001 k-hat=4 anchors=5  margin=0.6455  mean-anchor=0.4863  48=0.486
  [nplmcw] post f=0.001: probe=0.9839 eucl=0.6963 mahaT=0.6246
  [nplmcw] per-event post f=0.001: power=0.020
  [nplmcw] sparker (post, annealed)
    post-spk f=0.001: power=0.060 [0.028,0.115] (3/50)
  [nplmcw] maha (post)
    post-maha f=0.001: power=0.040 [0.014,0.090] (2/50)
  [nplmcw] mmd (post)
    post-mmd f=0.001: power=0.160 [0.107,0.229] (8/50)

===== POST grid, f=0.003 (149 injected) =====
  [sigreg+proto] epoch 1/5  sigreg=0.4734  proto=2.3195  min_dist=1.39  mean_dist=7.59
  [sigreg+proto] epoch 2/5  sigreg=0.4623  proto=2.0651  min_dist=1.87  mean_dist=8.24
  [sigreg+proto] epoch 3/5  sigreg=0.4479  proto=1.8586  min_dist=2.23  mean_dist=8.81
  [sigreg+proto] epoch 4/5  sigreg=0.4484  proto=1.8299  min_dist=2.54  mean_dist=9.31
  [sigreg+proto] epoch 5/5  sigreg=0.4584  proto=1.8145  min_dist=2.82  mean_dist=9.75
  round 1: pool=2488 purity=0.005 k-hat=4 anchors=4  margin=0.7272  mean-anchor=0.5599  48=0.560
  [sigreg+proto] epoch 1/5  sigreg=0.4694  proto=2.4775  min_dist=3.50  mean_dist=10.38
  [sigreg+proto] epoch 2/5  sigreg=0.4929  proto=2.0135  min_dist=4.00  mean_dist=10.94
  [sigreg+proto] epoch 3/5  sigreg=0.5222  proto=2.0535  min_dist=4.28  mean_dist=11.40
  [sigreg+proto] epoch 4/5  sigreg=0.5595  proto=1.9375  min_dist=4.14  mean_dist=11.79
  [sigreg+proto] epoch 5/5  sigreg=0.5860  proto=1.8341  min_dist=4.09  mean_dist=12.13
  round 2: pool=2501 purity=0.010 k-hat=4 anchors=8  margin=0.5526  mean-anchor=0.4817  48=0.482
  [supcon] post f=0.003: probe=0.9917 eucl=0.7266 mahaT=0.6678
  [supcon] per-event post f=0.003: power=0.050
  [supcon] sparker (post, annealed)
    post-spk f=0.003: power=0.020 [0.003,0.064] (1/50)
  [supcon] maha (post)
    post-maha f=0.003: power=0.060 [0.028,0.115] (3/50)
  [supcon] mmd (post)
    post-mmd f=0.003: power=0.020 [0.003,0.064] (1/50)
  [sigreg+proto] epoch 1/5  sigreg=0.3354  proto=3.8654  min_dist=2.39  mean_dist=11.22
  [sigreg+proto] epoch 2/5  sigreg=0.4026  proto=3.0007  min_dist=2.96  mean_dist=11.54
  [sigreg+proto] epoch 3/5  sigreg=0.4557  proto=2.6312  min_dist=3.37  mean_dist=11.83
  [sigreg+proto] epoch 4/5  sigreg=0.5093  proto=2.3288  min_dist=3.64  mean_dist=12.09
  [sigreg+proto] epoch 5/5  sigreg=0.5432  proto=2.1332  min_dist=3.89  mean_dist=12.33
  round 1: pool=2485 purity=0.004 k-hat=4 anchors=4  margin=0.4929  mean-anchor=0.5318  48=0.532
  [sigreg+proto] epoch 1/5  sigreg=0.4495  proto=3.0257  min_dist=3.51  mean_dist=12.34
  [sigreg+proto] epoch 2/5  sigreg=0.4630  proto=2.3187  min_dist=3.61  mean_dist=12.57
  [sigreg+proto] epoch 3/5  sigreg=0.4877  proto=2.0498  min_dist=3.73  mean_dist=12.79
  [sigreg+proto] epoch 4/5  sigreg=0.5158  proto=1.9942  min_dist=3.83  mean_dist=13.00
  [sigreg+proto] epoch 5/5  sigreg=0.5238  proto=1.7130  min_dist=3.92  mean_dist=13.20
  round 2: pool=2487 purity=0.005 k-hat=4 anchors=8  margin=0.4593  mean-anchor=0.4201  48=0.420
  [ssig] post f=0.003: probe=0.9724 eucl=0.6632 mahaT=0.5317
  [ssig] per-event post f=0.003: power=0.050
  [ssig] sparker (post, annealed)
    post-spk f=0.003: power=0.040 [0.014,0.090] (2/50)
  [ssig] maha (post)
    post-maha f=0.003: power=0.040 [0.014,0.090] (2/50)
  [ssig] mmd (post)
    post-mmd f=0.003: power=0.080 [0.042,0.138] (4/50)
    merged 2 -> 1 anchors
  [sigreg+proto] epoch 1/5  sigreg=0.7891  proto=3.0069  min_dist=0.24  mean_dist=2.18
  [sigreg+proto] epoch 2/5  sigreg=0.7289  proto=2.7939  min_dist=0.29  mean_dist=2.40
  [sigreg+proto] epoch 3/5  sigreg=0.6938  proto=2.7403  min_dist=0.33  mean_dist=2.61
  [sigreg+proto] epoch 4/5  sigreg=0.6776  proto=2.6616  min_dist=0.37  mean_dist=2.79
  [sigreg+proto] epoch 5/5  sigreg=0.6651  proto=2.5748  min_dist=0.41  mean_dist=2.97
  round 1: pool=2484 purity=0.004 k-hat=2 anchors=1  margin=0.7061  mean-anchor=0.5656  48=0.566
  [sigreg+proto] epoch 1/5  sigreg=0.6685  proto=2.7605  min_dist=1.22  mean_dist=4.23
  [sigreg+proto] epoch 2/5  sigreg=0.6778  proto=2.5672  min_dist=1.72  mean_dist=4.88
  [sigreg+proto] epoch 3/5  sigreg=0.6871  proto=2.5847  min_dist=2.02  mean_dist=5.41
  [sigreg+proto] epoch 4/5  sigreg=0.7033  proto=2.6026  min_dist=2.29  mean_dist=5.87
  [sigreg+proto] epoch 5/5  sigreg=0.7264  proto=2.5224  min_dist=2.53  mean_dist=6.28
  round 2: pool=2475 purity=0.000 k-hat=4 anchors=5  margin=0.5859  mean-anchor=0.6481  48=0.648
  [nplmsd] post f=0.003: probe=0.9658 eucl=0.5341 mahaT=0.6335
  [nplmsd] per-event post f=0.003: power=0.010
  [nplmsd] sparker (post, annealed)
    post-spk f=0.003: power=0.020 [0.003,0.064] (1/50)
  [nplmsd] maha (post)
    post-maha f=0.003: power=0.060 [0.028,0.115] (3/50)
  [nplmsd] mmd (post)
    post-mmd f=0.003: power=0.000 [0.000,0.036] (0/50)
  [sigreg+proto] epoch 1/5  sigreg=0.6342  proto=2.2004  min_dist=0.46  mean_dist=2.42
  [sigreg+proto] epoch 2/5  sigreg=0.5206  proto=1.7835  min_dist=0.59  mean_dist=2.93
  [sigreg+proto] epoch 3/5  sigreg=0.4724  proto=1.6741  min_dist=0.70  mean_dist=3.37
  [sigreg+proto] epoch 4/5  sigreg=0.4501  proto=1.5595  min_dist=0.80  mean_dist=3.75
  [sigreg+proto] epoch 5/5  sigreg=0.4383  proto=1.4855  min_dist=0.89  mean_dist=4.08
  round 1: pool=2521 purity=0.018 k-hat=1 anchors=1  margin=0.7514  mean-anchor=0.4082  48=0.408
  [sigreg+proto] epoch 1/5  sigreg=0.4489  proto=1.7559  min_dist=1.91  mean_dist=5.16
  [sigreg+proto] epoch 2/5  sigreg=0.4718  proto=1.6097  min_dist=2.61  mean_dist=5.91
  [sigreg+proto] epoch 3/5  sigreg=0.4993  proto=1.6572  min_dist=3.18  mean_dist=6.53
  [sigreg+proto] epoch 4/5  sigreg=0.5299  proto=1.6137  min_dist=3.65  mean_dist=7.07
  [sigreg+proto] epoch 5/5  sigreg=0.5528  proto=1.5640  min_dist=3.88  mean_dist=7.55
  round 2: pool=2486 purity=0.004 k-hat=4 anchors=5  margin=0.7472  mean-anchor=0.4983  48=0.498
  [nplmcw] post f=0.003: probe=0.9887 eucl=0.7565 mahaT=0.6944
  [nplmcw] per-event post f=0.003: power=0.110
  [nplmcw] sparker (post, annealed)
    post-spk f=0.003: power=0.060 [0.028,0.115] (3/50)
  [nplmcw] maha (post)
    post-maha f=0.003: power=0.040 [0.014,0.090] (2/50)
  [nplmcw] mmd (post)
    post-mmd f=0.003: power=0.140 [0.090,0.207] (7/50)

===== POST grid, f=0.01 (500 injected) =====
  [sigreg+proto] epoch 1/5  sigreg=0.4937  proto=2.6002  min_dist=1.39  mean_dist=7.44
  [sigreg+proto] epoch 2/5  sigreg=0.4813  proto=2.0992  min_dist=1.86  mean_dist=8.08
  [sigreg+proto] epoch 3/5  sigreg=0.4749  proto=1.9259  min_dist=2.22  mean_dist=8.65
  [sigreg+proto] epoch 4/5  sigreg=0.4836  proto=1.9511  min_dist=2.52  mean_dist=9.15
  [sigreg+proto] epoch 5/5  sigreg=0.4900  proto=1.9093  min_dist=2.78  mean_dist=9.59
  round 1: pool=2512 purity=0.015 k-hat=4 anchors=4  margin=0.7763  mean-anchor=0.4325  48=0.433
  [sigreg+proto] epoch 1/5  sigreg=0.4784  proto=2.3744  min_dist=3.48  mean_dist=10.32
  [sigreg+proto] epoch 2/5  sigreg=0.5090  proto=2.1567  min_dist=3.95  mean_dist=10.87
  [sigreg+proto] epoch 3/5  sigreg=0.5430  proto=2.0551  min_dist=4.35  mean_dist=11.32
  [sigreg+proto] epoch 4/5  sigreg=0.5718  proto=1.9359  min_dist=4.69  mean_dist=11.71
  [sigreg+proto] epoch 5/5  sigreg=0.6006  proto=1.7052  min_dist=4.97  mean_dist=12.06
  round 2: pool=2614 purity=0.053 k-hat=4 anchors=8  margin=0.8178  mean-anchor=0.8144  48=0.814
  [supcon] post f=0.01: probe=0.9919 eucl=0.7475 mahaT=0.7407
  [supcon] per-event post f=0.01: power=0.340
  [supcon] sparker (post, annealed)
    post-spk f=0.01: power=0.100 [0.058,0.162] (5/50)
  [supcon] maha (post)
    post-maha f=0.01: power=0.200 [0.141,0.273] (10/50)
  [supcon] mmd (post)
    post-mmd f=0.01: power=0.060 [0.028,0.115] (3/50)
  [sigreg+proto] epoch 1/5  sigreg=0.3472  proto=3.8347  min_dist=2.41  mean_dist=11.25
  [sigreg+proto] epoch 2/5  sigreg=0.4124  proto=2.9098  min_dist=2.90  mean_dist=11.57
  [sigreg+proto] epoch 3/5  sigreg=0.4679  proto=2.4758  min_dist=3.31  mean_dist=11.86
  [sigreg+proto] epoch 4/5  sigreg=0.5050  proto=2.1326  min_dist=3.66  mean_dist=12.13
  [sigreg+proto] epoch 5/5  sigreg=0.5422  proto=1.9574  min_dist=3.97  mean_dist=12.38
  round 1: pool=2507 purity=0.013 k-hat=4 anchors=4  margin=0.4374  mean-anchor=0.4513  48=0.451
  [sigreg+proto] epoch 1/5  sigreg=0.4375  proto=3.0306  min_dist=3.79  mean_dist=12.40
  [sigreg+proto] epoch 2/5  sigreg=0.4657  proto=2.3893  min_dist=3.89  mean_dist=12.62
  [sigreg+proto] epoch 3/5  sigreg=0.4855  proto=2.0084  min_dist=4.00  mean_dist=12.84
  [sigreg+proto] epoch 4/5  sigreg=0.5105  proto=1.8868  min_dist=4.12  mean_dist=13.05
  [sigreg+proto] epoch 5/5  sigreg=0.5302  proto=1.8670  min_dist=4.26  mean_dist=13.23
  round 2: pool=2540 purity=0.026 k-hat=4 anchors=8  margin=0.7105  mean-anchor=0.8598  48=0.860
  [ssig] post f=0.01: probe=0.9715 eucl=0.6673 mahaT=0.5422
  [ssig] per-event post f=0.01: power=0.290
  [ssig] sparker (post, annealed)
    post-spk f=0.01: power=0.180 [0.124,0.251] (9/50)
  [ssig] maha (post)
    post-maha f=0.01: power=0.100 [0.058,0.162] (5/50)
  [ssig] mmd (post)
    post-mmd f=0.01: power=0.160 [0.107,0.229] (8/50)
    merged 2 -> 1 anchors
  [sigreg+proto] epoch 1/5  sigreg=0.7915  proto=2.9759  min_dist=0.24  mean_dist=2.18
  [sigreg+proto] epoch 2/5  sigreg=0.7283  proto=2.8516  min_dist=0.29  mean_dist=2.40
  [sigreg+proto] epoch 3/5  sigreg=0.6973  proto=2.7236  min_dist=0.33  mean_dist=2.61
  [sigreg+proto] epoch 4/5  sigreg=0.6773  proto=2.6700  min_dist=0.37  mean_dist=2.79
  [sigreg+proto] epoch 5/5  sigreg=0.6655  proto=2.5784  min_dist=0.41  mean_dist=2.97
  round 1: pool=2521 purity=0.018 k-hat=2 anchors=1  margin=0.8382  mean-anchor=0.7824  48=0.782
  [sigreg+proto] epoch 1/5  sigreg=0.6655  proto=2.7571  min_dist=1.22  mean_dist=4.21
  [sigreg+proto] epoch 2/5  sigreg=0.6742  proto=2.6143  min_dist=1.68  mean_dist=4.86
  [sigreg+proto] epoch 3/5  sigreg=0.6833  proto=2.5774  min_dist=1.98  mean_dist=5.40
  [sigreg+proto] epoch 4/5  sigreg=0.6966  proto=2.5308  min_dist=2.24  mean_dist=5.86
  [sigreg+proto] epoch 5/5  sigreg=0.7131  proto=2.4858  min_dist=2.48  mean_dist=6.27
  round 2: pool=2475 purity=0.000 k-hat=4 anchors=5  margin=0.5315  mean-anchor=0.5575  48=0.558
  [nplmsd] post f=0.01: probe=0.9738 eucl=0.6543 mahaT=0.6940
  [nplmsd] per-event post f=0.01: power=0.000
  [nplmsd] sparker (post, annealed)
    post-spk f=0.01: power=0.280 [0.213,0.357] (14/50)
  [nplmsd] maha (post)
    post-maha f=0.01: power=0.220 [0.159,0.294] (11/50)
  [nplmsd] mmd (post)
    post-mmd f=0.01: power=0.040 [0.014,0.090] (2/50)
  [sigreg+proto] epoch 1/5  sigreg=0.6370  proto=2.1474  min_dist=0.46  mean_dist=2.42
  [sigreg+proto] epoch 2/5  sigreg=0.5183  proto=1.8199  min_dist=0.59  mean_dist=2.93
  [sigreg+proto] epoch 3/5  sigreg=0.4737  proto=1.6467  min_dist=0.70  mean_dist=3.37
  [sigreg+proto] epoch 4/5  sigreg=0.4490  proto=1.5627  min_dist=0.80  mean_dist=3.75
  [sigreg+proto] epoch 5/5  sigreg=0.4361  proto=1.4806  min_dist=0.89  mean_dist=4.08
  round 1: pool=2635 purity=0.061 k-hat=1 anchors=1  margin=0.8565  mean-anchor=0.6730  48=0.673
  [sigreg+proto] epoch 1/5  sigreg=0.4450  proto=1.7920  min_dist=1.91  mean_dist=5.23
  [sigreg+proto] epoch 2/5  sigreg=0.4682  proto=1.6884  min_dist=2.61  mean_dist=5.97
  [sigreg+proto] epoch 3/5  sigreg=0.4962  proto=1.6264  min_dist=3.17  mean_dist=6.59
  [sigreg+proto] epoch 4/5  sigreg=0.5208  proto=1.5993  min_dist=3.65  mean_dist=7.13
  [sigreg+proto] epoch 5/5  sigreg=0.5512  proto=1.6025  min_dist=4.04  mean_dist=7.60
  round 2: pool=2484 purity=0.004 k-hat=4 anchors=5  margin=0.7907  mean-anchor=0.4182  48=0.418
  [nplmcw] post f=0.01: probe=0.9887 eucl=0.7937 mahaT=0.6784
  [nplmcw] per-event post f=0.01: power=0.170
  [nplmcw] sparker (post, annealed)
    post-spk f=0.01: power=0.440 [0.362,0.520] (22/50)
  [nplmcw] maha (post)
    post-maha f=0.01: power=0.460 [0.382,0.540] (23/50)
  [nplmcw] mmd (post)
    post-mmd f=0.01: power=0.020 [0.003,0.064] (1/50)

===== POST grid, f=0.02 (500 injected) =====
  [sigreg+proto] epoch 1/5  sigreg=0.5003  proto=2.7031  min_dist=1.39  mean_dist=7.43
  [sigreg+proto] epoch 2/5  sigreg=0.4860  proto=2.0577  min_dist=1.86  mean_dist=8.08
  [sigreg+proto] epoch 3/5  sigreg=0.4868  proto=1.9738  min_dist=2.21  mean_dist=8.64
  [sigreg+proto] epoch 4/5  sigreg=0.4870  proto=1.7968  min_dist=2.52  mean_dist=9.14
  [sigreg+proto] epoch 5/5  sigreg=0.4837  proto=1.7673  min_dist=2.79  mean_dist=9.59
  round 1: pool=2512 purity=0.015 k-hat=4 anchors=4  margin=0.6444  mean-anchor=0.2850  48=0.285
  [sigreg+proto] epoch 1/5  sigreg=0.4743  proto=2.1900  min_dist=3.49  mean_dist=10.35
  [sigreg+proto] epoch 2/5  sigreg=0.5070  proto=2.1095  min_dist=3.95  mean_dist=10.90
  [sigreg+proto] epoch 3/5  sigreg=0.5348  proto=1.9734  min_dist=4.35  mean_dist=11.36
  [sigreg+proto] epoch 4/5  sigreg=0.5725  proto=1.8081  min_dist=4.69  mean_dist=11.76
  [sigreg+proto] epoch 5/5  sigreg=0.5930  proto=1.8156  min_dist=5.00  mean_dist=12.10
  round 2: pool=2705 purity=0.085 k-hat=4 anchors=8  margin=0.8980  mean-anchor=0.9800  48=0.980
  [supcon] post f=0.02: probe=0.9904 eucl=0.6901 mahaT=0.6427
  [supcon] per-event post f=0.02: power=0.560
  [supcon] sparker (post, annealed)
    post-spk f=0.02: power=1.000 [0.964,1.000] (50/50)
  [supcon] maha (post)
    post-maha f=0.02: power=0.200 [0.141,0.273] (10/50)
  [supcon] mmd (post)
    post-mmd f=0.02: power=0.960 [0.910,0.986] (48/50)
  [sigreg+proto] epoch 1/5  sigreg=0.3409  proto=3.7683  min_dist=2.40  mean_dist=11.26
  [sigreg+proto] epoch 2/5  sigreg=0.4098  proto=2.9047  min_dist=2.92  mean_dist=11.58
  [sigreg+proto] epoch 3/5  sigreg=0.4616  proto=2.3852  min_dist=3.31  mean_dist=11.88
  [sigreg+proto] epoch 4/5  sigreg=0.5031  proto=2.2540  min_dist=3.65  mean_dist=12.15
  [sigreg+proto] epoch 5/5  sigreg=0.5356  proto=1.9561  min_dist=3.92  mean_dist=12.40
  round 1: pool=2507 purity=0.013 k-hat=4 anchors=4  margin=0.4282  mean-anchor=0.4257  48=0.426
  [sigreg+proto] epoch 1/5  sigreg=0.4404  proto=2.9825  min_dist=3.73  mean_dist=12.42
  [sigreg+proto] epoch 2/5  sigreg=0.4837  proto=2.4247  min_dist=3.89  mean_dist=12.64
  [sigreg+proto] epoch 3/5  sigreg=0.5090  proto=2.2433  min_dist=4.05  mean_dist=12.84
  [sigreg+proto] epoch 4/5  sigreg=0.5220  proto=1.8863  min_dist=4.20  mean_dist=13.04
  [sigreg+proto] epoch 5/5  sigreg=0.5416  proto=1.7964  min_dist=4.36  mean_dist=13.23
  round 2: pool=2540 purity=0.026 k-hat=4 anchors=8  margin=0.6713  mean-anchor=0.7444  48=0.744
  [ssig] post f=0.02: probe=0.9715 eucl=0.7314 mahaT=0.5252
  [ssig] per-event post f=0.02: power=0.260
  [ssig] sparker (post, annealed)
    post-spk f=0.02: power=0.960 [0.910,0.986] (48/50)
  [ssig] maha (post)
    post-maha f=0.02: power=0.180 [0.124,0.251] (9/50)
  [ssig] mmd (post)
    post-mmd f=0.02: power=0.960 [0.910,0.986] (48/50)
    merged 2 -> 1 anchors
  [sigreg+proto] epoch 1/5  sigreg=0.7883  proto=2.9667  min_dist=0.24  mean_dist=2.18
  [sigreg+proto] epoch 2/5  sigreg=0.7311  proto=2.7981  min_dist=0.29  mean_dist=2.40
  [sigreg+proto] epoch 3/5  sigreg=0.6998  proto=2.7181  min_dist=0.33  mean_dist=2.61
  [sigreg+proto] epoch 4/5  sigreg=0.6785  proto=2.6646  min_dist=0.37  mean_dist=2.79
  [sigreg+proto] epoch 5/5  sigreg=0.6639  proto=2.6102  min_dist=0.41  mean_dist=2.97
  round 1: pool=2521 purity=0.018 k-hat=2 anchors=1  margin=0.8079  mean-anchor=0.7195  48=0.720
  [sigreg+proto] epoch 1/5  sigreg=0.6704  proto=2.7606  min_dist=1.22  mean_dist=4.21
  [sigreg+proto] epoch 2/5  sigreg=0.6760  proto=2.5751  min_dist=1.69  mean_dist=4.86
  [sigreg+proto] epoch 3/5  sigreg=0.6912  proto=2.6210  min_dist=1.98  mean_dist=5.39
  [sigreg+proto] epoch 4/5  sigreg=0.7072  proto=2.5387  min_dist=2.24  mean_dist=5.85
  [sigreg+proto] epoch 5/5  sigreg=0.7265  proto=2.4538  min_dist=2.47  mean_dist=6.26
  round 2: pool=2477 purity=0.001 k-hat=4 anchors=5  margin=0.5255  mean-anchor=0.5165  48=0.517
  [nplmsd] post f=0.02: probe=0.9648 eucl=0.5720 mahaT=0.6777
  [nplmsd] per-event post f=0.02: power=0.020
  [nplmsd] sparker (post, annealed)
    post-spk f=0.02: power=0.520 [0.440,0.599] (26/50)
  [nplmsd] maha (post)
    post-maha f=0.02: power=0.160 [0.107,0.229] (8/50)
  [nplmsd] mmd (post)
    post-mmd f=0.02: power=0.140 [0.090,0.207] (7/50)
  [sigreg+proto] epoch 1/5  sigreg=0.6333  proto=2.1475  min_dist=0.46  mean_dist=2.42
  [sigreg+proto] epoch 2/5  sigreg=0.5201  proto=1.7819  min_dist=0.59  mean_dist=2.93
  [sigreg+proto] epoch 3/5  sigreg=0.4770  proto=1.6666  min_dist=0.70  mean_dist=3.37
  [sigreg+proto] epoch 4/5  sigreg=0.4478  proto=1.5584  min_dist=0.80  mean_dist=3.75
  [sigreg+proto] epoch 5/5  sigreg=0.4370  proto=1.5386  min_dist=0.89  mean_dist=4.08
  round 1: pool=2635 purity=0.061 k-hat=1 anchors=1  margin=0.8294  mean-anchor=0.6092  48=0.609
  [sigreg+proto] epoch 1/5  sigreg=0.4489  proto=1.7420  min_dist=1.91  mean_dist=5.18
  [sigreg+proto] epoch 2/5  sigreg=0.4713  proto=1.6046  min_dist=2.58  mean_dist=5.93
  [sigreg+proto] epoch 3/5  sigreg=0.5025  proto=1.6545  min_dist=3.09  mean_dist=6.55
  [sigreg+proto] epoch 4/5  sigreg=0.5246  proto=1.5606  min_dist=3.52  mean_dist=7.09
  [sigreg+proto] epoch 5/5  sigreg=0.5532  proto=1.5289  min_dist=3.90  mean_dist=7.57
  round 2: pool=2484 purity=0.004 k-hat=4 anchors=5  margin=0.7768  mean-anchor=0.5484  48=0.548
  [nplmcw] post f=0.02: probe=0.9861 eucl=0.6987 mahaT=0.6413
  [nplmcw] per-event post f=0.02: power=0.110
  [nplmcw] sparker (post, annealed)
    post-spk f=0.02: power=0.960 [0.910,0.986] (48/50)
  [nplmcw] maha (post)
    post-maha f=0.02: power=0.100 [0.058,0.162] (5/50)
  [nplmcw] mmd (post)
    post-mmd f=0.02: power=0.940 [0.885,0.972] (47/50)

===== POST grid, f=0.05 (500 injected) =====
  [sigreg+proto] epoch 1/5  sigreg=0.5004  proto=2.7824  min_dist=1.39  mean_dist=7.43
  [sigreg+proto] epoch 2/5  sigreg=0.4831  proto=2.0013  min_dist=1.85  mean_dist=8.08
  [sigreg+proto] epoch 3/5  sigreg=0.4857  proto=2.0638  min_dist=2.19  mean_dist=8.64
  [sigreg+proto] epoch 4/5  sigreg=0.4811  proto=1.8725  min_dist=2.49  mean_dist=9.14
  [sigreg+proto] epoch 5/5  sigreg=0.4894  proto=1.7502  min_dist=2.77  mean_dist=9.59
  round 1: pool=2512 purity=0.015 k-hat=4 anchors=4  margin=0.6060  mean-anchor=0.2988  48=0.299
  [sigreg+proto] epoch 1/5  sigreg=0.4873  proto=2.2745  min_dist=3.49  mean_dist=10.31
  [sigreg+proto] epoch 2/5  sigreg=0.5157  proto=2.1764  min_dist=3.99  mean_dist=10.86
  [sigreg+proto] epoch 3/5  sigreg=0.5506  proto=2.0285  min_dist=4.39  mean_dist=11.32
  [sigreg+proto] epoch 4/5  sigreg=0.5860  proto=1.8419  min_dist=4.71  mean_dist=11.71
  [sigreg+proto] epoch 5/5  sigreg=0.6052  proto=1.7476  min_dist=5.00  mean_dist=12.06
  round 2: pool=2644 purity=0.064 k-hat=4 anchors=8  margin=0.7947  mean-anchor=0.9514  48=0.951
  [supcon] post f=0.05: probe=0.9917 eucl=0.7796 mahaT=0.7338
  [supcon] per-event post f=0.05: power=0.340
  [supcon] sparker (post, annealed)
    post-spk f=0.05: power=1.000 [0.964,1.000] (50/50)
  [supcon] maha (post)
    post-maha f=0.05: power=0.900 [0.838,0.942] (45/50)
  [supcon] mmd (post)
    post-mmd f=0.05: power=1.000 [0.964,1.000] (50/50)
  [sigreg+proto] epoch 1/5  sigreg=0.3462  proto=3.8598  min_dist=2.41  mean_dist=11.25
  [sigreg+proto] epoch 2/5  sigreg=0.4088  proto=2.8246  min_dist=2.94  mean_dist=11.57
  [sigreg+proto] epoch 3/5  sigreg=0.4724  proto=2.5395  min_dist=3.31  mean_dist=11.86
  [sigreg+proto] epoch 4/5  sigreg=0.5143  proto=2.1766  min_dist=3.67  mean_dist=12.13
  [sigreg+proto] epoch 5/5  sigreg=0.5413  proto=1.9814  min_dist=3.92  mean_dist=12.38
  round 1: pool=2507 purity=0.013 k-hat=4 anchors=4  margin=0.5179  mean-anchor=0.4728  48=0.473
  [sigreg+proto] epoch 1/5  sigreg=0.4391  proto=3.0259  min_dist=3.96  mean_dist=12.39
  [sigreg+proto] epoch 2/5  sigreg=0.4764  proto=2.3179  min_dist=4.11  mean_dist=12.61
  [sigreg+proto] epoch 3/5  sigreg=0.4947  proto=2.1078  min_dist=4.23  mean_dist=12.83
  [sigreg+proto] epoch 4/5  sigreg=0.5237  proto=1.9854  min_dist=4.36  mean_dist=13.03
  [sigreg+proto] epoch 5/5  sigreg=0.5364  proto=1.8313  min_dist=4.50  mean_dist=13.22
  round 2: pool=2567 purity=0.036 k-hat=4 anchors=8  margin=0.6744  mean-anchor=0.7864  48=0.786
  [ssig] post f=0.05: probe=0.9762 eucl=0.6865 mahaT=0.5450
  [ssig] per-event post f=0.05: power=0.190
  [ssig] sparker (post, annealed)
    post-spk f=0.05: power=1.000 [0.964,1.000] (50/50)
  [ssig] maha (post)
    post-maha f=0.05: power=0.540 [0.460,0.618] (27/50)
  [ssig] mmd (post)
    post-mmd f=0.05: power=1.000 [0.964,1.000] (50/50)
    merged 2 -> 1 anchors
  [sigreg+proto] epoch 1/5  sigreg=0.7890  proto=2.9994  min_dist=0.24  mean_dist=2.18
  [sigreg+proto] epoch 2/5  sigreg=0.7310  proto=2.7984  min_dist=0.29  mean_dist=2.40
  [sigreg+proto] epoch 3/5  sigreg=0.6924  proto=2.7166  min_dist=0.33  mean_dist=2.61
  [sigreg+proto] epoch 4/5  sigreg=0.6754  proto=2.6423  min_dist=0.37  mean_dist=2.79
  [sigreg+proto] epoch 5/5  sigreg=0.6637  proto=2.5765  min_dist=0.41  mean_dist=2.97
  round 1: pool=2521 purity=0.018 k-hat=2 anchors=1  margin=0.7000  mean-anchor=0.5865  48=0.587
  [sigreg+proto] epoch 1/5  sigreg=0.6678  proto=2.8656  min_dist=1.23  mean_dist=4.26
  [sigreg+proto] epoch 2/5  sigreg=0.6763  proto=2.6787  min_dist=1.68  mean_dist=4.90
  [sigreg+proto] epoch 3/5  sigreg=0.6938  proto=2.5627  min_dist=1.98  mean_dist=5.43
  [sigreg+proto] epoch 4/5  sigreg=0.7102  proto=2.6007  min_dist=2.24  mean_dist=5.89
  [sigreg+proto] epoch 5/5  sigreg=0.7272  proto=2.5181  min_dist=2.47  mean_dist=6.29
  round 2: pool=2479 purity=0.002 k-hat=4 anchors=5  margin=0.4721  mean-anchor=0.4798  48=0.480
  [nplmsd] post f=0.05: probe=0.9787 eucl=0.6176 mahaT=0.7135
  [nplmsd] per-event post f=0.05: power=0.030
  [nplmsd] sparker (post, annealed)
    post-spk f=0.05: power=1.000 [0.964,1.000] (50/50)
  [nplmsd] maha (post)
    post-maha f=0.05: power=0.380 [0.305,0.460] (19/50)
  [nplmsd] mmd (post)
    post-mmd f=0.05: power=1.000 [0.964,1.000] (50/50)
  [sigreg+proto] epoch 1/5  sigreg=0.6354  proto=2.1896  min_dist=0.46  mean_dist=2.42
  [sigreg+proto] epoch 2/5  sigreg=0.5166  proto=1.7590  min_dist=0.59  mean_dist=2.93
  [sigreg+proto] epoch 3/5  sigreg=0.4678  proto=1.6299  min_dist=0.70  mean_dist=3.37
  [sigreg+proto] epoch 4/5  sigreg=0.4490  proto=1.5467  min_dist=0.80  mean_dist=3.75
  [sigreg+proto] epoch 5/5  sigreg=0.4369  proto=1.5052  min_dist=0.89  mean_dist=4.08
  round 1: pool=2635 purity=0.061 k-hat=1 anchors=1  margin=0.8079  mean-anchor=0.5651  48=0.565
  [sigreg+proto] epoch 1/5  sigreg=0.4435  proto=1.7578  min_dist=1.91  mean_dist=5.17
  [sigreg+proto] epoch 2/5  sigreg=0.4667  proto=1.6934  min_dist=2.60  mean_dist=5.92
  [sigreg+proto] epoch 3/5  sigreg=0.4961  proto=1.5824  min_dist=3.17  mean_dist=6.54
  [sigreg+proto] epoch 4/5  sigreg=0.5219  proto=1.5720  min_dist=3.64  mean_dist=7.08
  [sigreg+proto] epoch 5/5  sigreg=0.5483  proto=1.5094  min_dist=4.04  mean_dist=7.56
  round 2: pool=2490 purity=0.006 k-hat=4 anchors=5  margin=0.8482  mean-anchor=0.5471  48=0.547
  [nplmcw] post f=0.05: probe=0.9826 eucl=0.7003 mahaT=0.6639
  [nplmcw] per-event post f=0.05: power=0.290
  [nplmcw] sparker (post, annealed)
    post-spk f=0.05: power=1.000 [0.964,1.000] (50/50)
  [nplmcw] maha (post)
    post-maha f=0.05: power=0.920 [0.862,0.958] (46/50)
  [nplmcw] mmd (post)
    post-mmd f=0.05: power=1.000 [0.964,1.000] (50/50)

===== EXP68 PEREVENT POST POWER =====
  base          0.001    0.003     0.01     0.02     0.05
  supcon        0.140    0.050    0.340    0.560    0.340
  ssig          0.070    0.050    0.290    0.260    0.190
  nplmsd        0.030    0.010    0.000    0.020    0.030
  nplmcw        0.020    0.110    0.170    0.110    0.290
  saved /home/pharris/sigreg/SuperSig/plots/exp68_perevent_power_cifar100.png

===== EXP68 SPARKER POST POWER =====
  base          0.001    0.003     0.01     0.02     0.05
  supcon        0.000    0.020    0.100    1.000    1.000
  ssig          0.020    0.040    0.180    0.960    1.000
  nplmsd        0.060    0.020    0.280    0.520    1.000
  nplmcw        0.060    0.060    0.440    0.960    1.000
  saved /home/pharris/sigreg/SuperSig/plots/exp68_sparker_power_cifar100.png

===== EXP68 MAHA POST POWER =====
  base          0.001    0.003     0.01     0.02     0.05
  supcon        0.020    0.060    0.200    0.200    0.900
  ssig          0.040    0.040    0.100    0.180    0.540
  nplmsd        0.060    0.060    0.220    0.160    0.380
  nplmcw        0.040    0.040    0.460    0.100    0.920
  saved /home/pharris/sigreg/SuperSig/plots/exp68_maha_power_cifar100.png

===== EXP68 MMD POST POWER =====
  base          0.001    0.003     0.01     0.02     0.05
  supcon        0.140    0.020    0.060    0.960    1.000
  ssig          0.020    0.080    0.160    0.960    1.000
  nplmsd        0.080    0.000    0.040    0.140    1.000
  nplmcw        0.160    0.140    0.020    0.940    1.000
  saved /home/pharris/sigreg/SuperSig/plots/exp68_mmd_power_cifar100.png

===== EXP68 SUMMARY [cifar100] =====
  [supcon  ] probe pre=0.9842 post=0.9898
          round 1: purity=0.015 anchors=4  margin=0.6589  mean-anchor=0.2989
          round 2: purity=0.062 anchors=8  margin=0.7106  mean-anchor=0.7574
  [ssig    ] probe pre=0.9807 post=0.9653
          round 1: purity=0.013 anchors=4  margin=0.5702  mean-anchor=0.5952
          round 2: purity=0.022 anchors=8  margin=0.5768  mean-anchor=0.5189
  [nplmsd  ] probe pre=0.7952 post=0.9693
          round 1: purity=0.018 anchors=1  margin=0.7828  mean-anchor=0.6405
          round 2: purity=0.002 anchors=5  margin=0.6244  mean-anchor=0.5275
  [nplmcw  ] probe pre=0.9842 post=0.9871
          round 1: purity=0.061 anchors=1  margin=0.8127  mean-anchor=0.5029
          round 2: purity=0.008 anchors=5  margin=0.7616  mean-anchor=0.5471
Done.
