/home/pharris/venv/lib64/python3.9/site-packages/networkx/utils/backends.py:135: RuntimeWarning: networkx backend defined more than once: nx-loopback
  backends.update(_get_backends("networkx.backends"))
Using cache found in /home/pharris/.cache/torch/hub/chenyaofo_pytorch-cifar-models_master
exp68 [cifar10] discovery on scratch bases ['simclr', 'visreg', 'nplm', 'supcon', 'supsig', 'nplmcw', 'ssig', 'nplmsd'], dim=100, holdout=[4]

===== base: simclr =====
----- natural discovery: simclr -----
  [sigreg+proto] epoch 1/5  sigreg=0.2305  proto=4.2453  min_dist=4.89  mean_dist=12.09
  [sigreg+proto] epoch 2/5  sigreg=0.2121  proto=3.1073  min_dist=6.16  mean_dist=12.79
  [sigreg+proto] epoch 3/5  sigreg=0.2098  proto=2.7645  min_dist=7.08  mean_dist=13.33
  [sigreg+proto] epoch 4/5  sigreg=0.2055  proto=2.6382  min_dist=7.66  mean_dist=13.76
  [sigreg+proto] epoch 5/5  sigreg=0.1959  proto=2.4193  min_dist=8.02  mean_dist=14.15
  round 1: pool=2275 purity=0.011 k-hat=3 anchors=3  margin=0.3171  mean-anchor=0.2980  4=0.298
  [sigreg+proto] epoch 1/5  sigreg=0.2102  proto=3.8080  min_dist=5.96  mean_dist=14.35
  [sigreg+proto] epoch 2/5  sigreg=0.2126  proto=3.2061  min_dist=6.53  mean_dist=14.95
  [sigreg+proto] epoch 3/5  sigreg=0.2134  proto=3.0002  min_dist=7.05  mean_dist=15.42
  [sigreg+proto] epoch 4/5  sigreg=0.2087  proto=2.7698  min_dist=7.35  mean_dist=15.81
  [sigreg+proto] epoch 5/5  sigreg=0.2058  proto=2.7318  min_dist=7.24  mean_dist=16.12
  round 2: pool=2393 purity=0.060 k-hat=4 anchors=7  margin=0.5999  mean-anchor=0.7458  4=0.746
Using cache found in /home/pharris/.cache/torch/hub/chenyaofo_pytorch-cifar-models_master
  probe pre=0.8145 post=0.9050

===== base: visreg =====
----- natural discovery: visreg -----
  [sigreg+proto] epoch 1/5  sigreg=0.1915  proto=2.1550  min_dist=4.10  mean_dist=9.42
  [sigreg+proto] epoch 2/5  sigreg=0.1772  proto=1.7443  min_dist=5.23  mean_dist=10.54
  [sigreg+proto] epoch 3/5  sigreg=0.1743  proto=1.6385  min_dist=6.09  mean_dist=11.48
  [sigreg+proto] epoch 4/5  sigreg=0.1757  proto=1.6132  min_dist=6.77  mean_dist=12.26
  [sigreg+proto] epoch 5/5  sigreg=0.1741  proto=1.6402  min_dist=7.32  mean_dist=12.92
  round 1: pool=2290 purity=0.017 k-hat=4 anchors=4  margin=0.5740  mean-anchor=0.6175  4=0.618
  [sigreg+proto] epoch 1/5  sigreg=0.2054  proto=2.8954  min_dist=6.97  mean_dist=13.77
  [sigreg+proto] epoch 2/5  sigreg=0.2059  proto=2.3256  min_dist=7.74  mean_dist=14.57
  [sigreg+proto] epoch 3/5  sigreg=0.2041  proto=2.2043  min_dist=8.39  mean_dist=15.21
  [sigreg+proto] epoch 4/5  sigreg=0.2025  proto=2.1629  min_dist=8.91  mean_dist=15.73
  [sigreg+proto] epoch 5/5  sigreg=0.2015  proto=2.1755  min_dist=9.34  mean_dist=16.15
  round 2: pool=2321 purity=0.031 k-hat=4 anchors=8  margin=0.6016  mean-anchor=0.6979  4=0.698
Using cache found in /home/pharris/.cache/torch/hub/chenyaofo_pytorch-cifar-models_master
  probe pre=0.8312 post=0.8699

===== base: nplm =====
----- natural discovery: nplm -----
    merged 3 -> 1 anchors
  [sigreg+proto] epoch 1/5  sigreg=0.1512  proto=1.8816  min_dist=1.22  mean_dist=2.54
  [sigreg+proto] epoch 2/5  sigreg=0.1319  proto=1.6018  min_dist=1.66  mean_dist=3.30
  [sigreg+proto] epoch 3/5  sigreg=0.1310  proto=1.4526  min_dist=2.00  mean_dist=3.90
  [sigreg+proto] epoch 4/5  sigreg=0.1303  proto=1.3686  min_dist=2.30  mean_dist=4.39
  [sigreg+proto] epoch 5/5  sigreg=0.1305  proto=1.3034  min_dist=2.55  mean_dist=4.83
  round 1: pool=2476 purity=0.091 k-hat=3 anchors=1  margin=0.4882  mean-anchor=0.4163  4=0.416
  [sigreg+proto] epoch 1/5  sigreg=0.1668  proto=2.0875  min_dist=4.34  mean_dist=7.82
  [sigreg+proto] epoch 2/5  sigreg=0.1846  proto=2.1145  min_dist=5.59  mean_dist=8.94
  [sigreg+proto] epoch 3/5  sigreg=0.1995  proto=2.2825  min_dist=6.56  mean_dist=9.81
  [sigreg+proto] epoch 4/5  sigreg=0.2138  proto=2.4688  min_dist=7.26  mean_dist=10.54
  [sigreg+proto] epoch 5/5  sigreg=0.2230  proto=2.5997  min_dist=7.82  mean_dist=11.14
  round 2: pool=2632 purity=0.145 k-hat=4 anchors=5  margin=0.5793  mean-anchor=0.4402  4=0.440
Using cache found in /home/pharris/.cache/torch/hub/chenyaofo_pytorch-cifar-models_master
  probe pre=0.8009 post=0.8382

===== base: supcon =====
----- natural discovery: supcon -----
  [sigreg+proto] epoch 1/5  sigreg=1.6651  proto=31.4657  min_dist=14.86  mean_dist=48.99
  [sigreg+proto] epoch 2/5  sigreg=1.2418  proto=15.6680  min_dist=14.72  mean_dist=48.28
  [sigreg+proto] epoch 3/5  sigreg=0.9871  proto=13.2755  min_dist=14.21  mean_dist=47.62
  [sigreg+proto] epoch 4/5  sigreg=0.8081  proto=11.7503  min_dist=13.69  mean_dist=47.01
  [sigreg+proto] epoch 5/5  sigreg=0.6986  proto=11.0313  min_dist=13.21  mean_dist=46.44
  round 1: pool=2250 purity=0.000 k-hat=4 anchors=4  margin=0.3018  mean-anchor=0.2997  4=0.300
  [sigreg+proto] epoch 1/5  sigreg=0.5904  proto=12.9578  min_dist=12.75  mean_dist=44.57
  [sigreg+proto] epoch 2/5  sigreg=0.5015  proto=11.2933  min_dist=12.30  mean_dist=44.08
  [sigreg+proto] epoch 3/5  sigreg=0.4618  proto=10.4204  min_dist=11.96  mean_dist=43.60
  [sigreg+proto] epoch 4/5  sigreg=0.4272  proto=9.4918  min_dist=11.65  mean_dist=43.15
  [sigreg+proto] epoch 5/5  sigreg=0.3865  proto=8.6097  min_dist=11.42  mean_dist=42.70
  round 2: pool=2257 purity=0.003 k-hat=4 anchors=8  margin=0.3920  mean-anchor=0.4889  4=0.489
Using cache found in /home/pharris/.cache/torch/hub/chenyaofo_pytorch-cifar-models_master
  probe pre=0.9066 post=0.9123

===== base: supsig =====
  using learned means from checkpoint
----- natural discovery: supsig -----
  [sigreg+proto] epoch 1/5  sigreg=0.1443  proto=2.8537  min_dist=6.64  mean_dist=15.51
  [sigreg+proto] epoch 2/5  sigreg=0.1367  proto=1.7953  min_dist=7.44  mean_dist=16.04
  [sigreg+proto] epoch 3/5  sigreg=0.1316  proto=1.5451  min_dist=7.98  mean_dist=16.51
  [sigreg+proto] epoch 4/5  sigreg=0.1271  proto=1.3692  min_dist=8.02  mean_dist=16.91
  [sigreg+proto] epoch 5/5  sigreg=0.1232  proto=1.2779  min_dist=8.06  mean_dist=17.25
  round 1: pool=4089 purity=0.450 k-hat=4 anchors=4  margin=0.7949  mean-anchor=0.8407  4=0.841
  [sigreg+proto] epoch 1/5  sigreg=0.1512  proto=2.7934  min_dist=4.10  mean_dist=16.87
  [sigreg+proto] epoch 2/5  sigreg=0.1478  proto=2.0296  min_dist=4.55  mean_dist=17.31
  [sigreg+proto] epoch 3/5  sigreg=0.1440  proto=1.7991  min_dist=4.92  mean_dist=17.70
  [sigreg+proto] epoch 4/5  sigreg=0.1425  proto=1.7232  min_dist=5.21  mean_dist=18.02
  [sigreg+proto] epoch 5/5  sigreg=0.1402  proto=1.6499  min_dist=5.52  mean_dist=18.29
  round 2: pool=2487 purity=0.095 k-hat=4 anchors=8  margin=0.7696  mean-anchor=0.8229  4=0.823
Using cache found in /home/pharris/.cache/torch/hub/chenyaofo_pytorch-cifar-models_master
  probe pre=0.8699 post=0.8752

===== base: nplmcw =====
----- natural discovery: nplmcw -----
    merged 3 -> 1 anchors
  [sigreg+proto] epoch 1/5  sigreg=0.2943  proto=1.7235  min_dist=3.40  mean_dist=4.90
  [sigreg+proto] epoch 2/5  sigreg=0.1636  proto=0.6864  min_dist=4.62  mean_dist=6.40
  [sigreg+proto] epoch 3/5  sigreg=0.1451  proto=0.5484  min_dist=5.48  mean_dist=7.56
  [sigreg+proto] epoch 4/5  sigreg=0.1375  proto=0.5304  min_dist=6.17  mean_dist=8.51
  [sigreg+proto] epoch 5/5  sigreg=0.1344  proto=0.5204  min_dist=6.75  mean_dist=9.35
  round 1: pool=4172 purity=0.461 k-hat=3 anchors=1  margin=0.9312  mean-anchor=0.8288  4=0.829
  [sigreg+proto] epoch 1/5  sigreg=0.1557  proto=2.0227  min_dist=8.22  mean_dist=10.73
  [sigreg+proto] epoch 2/5  sigreg=0.1593  proto=1.7018  min_dist=9.06  mean_dist=11.93
  [sigreg+proto] epoch 3/5  sigreg=0.1606  proto=1.5861  min_dist=9.48  mean_dist=12.87
  [sigreg+proto] epoch 4/5  sigreg=0.1598  proto=1.5767  min_dist=9.71  mean_dist=13.64
  [sigreg+proto] epoch 5/5  sigreg=0.1586  proto=1.6156  min_dist=9.85  mean_dist=14.28
  round 2: pool=2452 purity=0.082 k-hat=4 anchors=5  margin=0.9156  mean-anchor=0.8959  4=0.896
Using cache found in /home/pharris/.cache/torch/hub/chenyaofo_pytorch-cifar-models_master
  probe pre=0.9199 post=0.9544

===== base: ssig =====
----- natural discovery: ssig -----
  [sigreg+proto] epoch 1/5  sigreg=0.1536  proto=1.3592  min_dist=5.03  mean_dist=11.49
  [sigreg+proto] epoch 2/5  sigreg=0.1305  proto=0.9369  min_dist=6.11  mean_dist=12.58
  [sigreg+proto] epoch 3/5  sigreg=0.1265  proto=0.8232  min_dist=6.95  mean_dist=13.50
  [sigreg+proto] epoch 4/5  sigreg=0.1249  proto=0.7869  min_dist=7.60  mean_dist=14.30
  [sigreg+proto] epoch 5/5  sigreg=0.1266  proto=0.8551  min_dist=8.13  mean_dist=14.96
  round 1: pool=2317 purity=0.029 k-hat=4 anchors=4  margin=0.5918  mean-anchor=0.7099  4=0.710
  [sigreg+proto] epoch 1/5  sigreg=0.1512  proto=2.3366  min_dist=7.28  mean_dist=14.84
  [sigreg+proto] epoch 2/5  sigreg=0.1482  proto=1.7167  min_dist=7.94  mean_dist=15.57
  [sigreg+proto] epoch 3/5  sigreg=0.1472  proto=1.6433  min_dist=8.36  mean_dist=16.18
  [sigreg+proto] epoch 4/5  sigreg=0.1465  proto=1.6011  min_dist=8.70  mean_dist=16.70
  [sigreg+proto] epoch 5/5  sigreg=0.1463  proto=1.6382  min_dist=9.01  mean_dist=17.13
  round 2: pool=3079 purity=0.269 k-hat=4 anchors=8  margin=0.7856  mean-anchor=0.8023  4=0.802
Using cache found in /home/pharris/.cache/torch/hub/chenyaofo_pytorch-cifar-models_master
  probe pre=0.8863 post=0.8962

===== base: nplmsd =====
----- natural discovery: nplmsd -----
    merged 4 -> 2 anchors
  [sigreg+proto] epoch 1/5  sigreg=0.4293  proto=2.8577  min_dist=1.16  mean_dist=4.91
  [sigreg+proto] epoch 2/5  sigreg=0.2644  proto=1.5820  min_dist=1.57  mean_dist=5.69
  [sigreg+proto] epoch 3/5  sigreg=0.2260  proto=1.2005  min_dist=1.88  mean_dist=6.37
  [sigreg+proto] epoch 4/5  sigreg=0.2034  proto=1.0719  min_dist=2.15  mean_dist=6.98
  [sigreg+proto] epoch 5/5  sigreg=0.1905  proto=0.9513  min_dist=2.38  mean_dist=7.52
  round 1: pool=3149 purity=0.285 k-hat=4 anchors=2  margin=0.8078  mean-anchor=0.7312  4=0.731
  [sigreg+proto] epoch 1/5  sigreg=0.2165  proto=2.5956  min_dist=3.74  mean_dist=10.44
  [sigreg+proto] epoch 2/5  sigreg=0.2186  proto=2.1862  min_dist=4.67  mean_dist=11.48
  [sigreg+proto] epoch 3/5  sigreg=0.2193  proto=2.0804  min_dist=5.38  mean_dist=12.32
  [sigreg+proto] epoch 4/5  sigreg=0.2198  proto=2.0535  min_dist=5.95  mean_dist=13.02
  [sigreg+proto] epoch 5/5  sigreg=0.2190  proto=2.0112  min_dist=6.42  mean_dist=13.62
  round 2: pool=2365 purity=0.049 k-hat=4 anchors=6  margin=0.8225  mean-anchor=0.7737  4=0.774
  probe pre=0.7782 post=0.9080

===== POST grid, f=0.001 (45 injected) =====
  [sigreg+proto] epoch 1/5  sigreg=0.2535  proto=4.6181  min_dist=4.76  mean_dist=13.82
  [sigreg+proto] epoch 2/5  sigreg=0.2327  proto=3.5955  min_dist=5.99  mean_dist=14.30
  [sigreg+proto] epoch 3/5  sigreg=0.2249  proto=3.2707  min_dist=6.91  mean_dist=14.67
  [sigreg+proto] epoch 4/5  sigreg=0.2212  proto=3.0657  min_dist=7.54  mean_dist=14.95
  [sigreg+proto] epoch 5/5  sigreg=0.2154  proto=2.7965  min_dist=7.99  mean_dist=15.18
  round 1: pool=2250 purity=0.000 k-hat=4 anchors=4  margin=0.3638  mean-anchor=0.4052  4=0.405
  [sigreg+proto] epoch 1/5  sigreg=0.2304  proto=3.9214  min_dist=6.53  mean_dist=15.52
  [sigreg+proto] epoch 2/5  sigreg=0.2349  proto=3.2377  min_dist=6.70  mean_dist=16.00
  [sigreg+proto] epoch 3/5  sigreg=0.2312  proto=3.1169  min_dist=6.86  mean_dist=16.37
  [sigreg+proto] epoch 4/5  sigreg=0.2265  proto=2.9624  min_dist=7.06  mean_dist=16.67
  [sigreg+proto] epoch 5/5  sigreg=0.2233  proto=2.8368  min_dist=7.21  mean_dist=16.92
  round 2: pool=2250 purity=0.000 k-hat=4 anchors=8  margin=0.5940  mean-anchor=0.7051  4=0.705
  [simclr] post f=0.001: probe=0.9007 eucl=0.4888 mahaT=0.4180
  [simclr] per-event post f=0.001: power=0.045
  [simclr] sparker (post, annealed)
    post-spk f=0.001: power=0.080 [0.042,0.138] (4/50)
  [simclr] maha (post)
    post-maha f=0.001: power=0.040 [0.014,0.090] (2/50)
  [simclr] mmd (post)
    post-mmd f=0.001: power=0.080 [0.042,0.138] (4/50)
  [sigreg+proto] epoch 1/5  sigreg=0.2007  proto=2.5989  min_dist=4.06  mean_dist=10.14
  [sigreg+proto] epoch 2/5  sigreg=0.1839  proto=2.0550  min_dist=5.18  mean_dist=11.13
  [sigreg+proto] epoch 3/5  sigreg=0.1809  proto=2.0143  min_dist=6.04  mean_dist=11.92
  [sigreg+proto] epoch 4/5  sigreg=0.1805  proto=2.0102  min_dist=6.72  mean_dist=12.58
  [sigreg+proto] epoch 5/5  sigreg=0.1758  proto=1.8640  min_dist=7.24  mean_dist=13.14
  round 1: pool=2250 purity=0.000 k-hat=4 anchors=4  margin=0.5775  mean-anchor=0.6353  4=0.635
  [sigreg+proto] epoch 1/5  sigreg=0.1966  proto=3.1047  min_dist=7.59  mean_dist=14.23
  [sigreg+proto] epoch 2/5  sigreg=0.1990  proto=2.5813  min_dist=8.42  mean_dist=14.95
  [sigreg+proto] epoch 3/5  sigreg=0.2000  proto=2.5260  min_dist=8.73  mean_dist=15.53
  [sigreg+proto] epoch 4/5  sigreg=0.1994  proto=2.4315  min_dist=8.97  mean_dist=16.00
  [sigreg+proto] epoch 5/5  sigreg=0.1971  proto=2.3704  min_dist=9.17  mean_dist=16.40
  round 2: pool=2251 purity=0.000 k-hat=4 anchors=8  margin=0.5784  mean-anchor=0.7125  4=0.713
  [visreg] post f=0.001: probe=0.8745 eucl=0.4673 mahaT=0.3556
  [visreg] per-event post f=0.001: power=0.028
  [visreg] sparker (post, annealed)
    post-spk f=0.001: power=0.120 [0.074,0.184] (6/50)
  [visreg] maha (post)
    post-maha f=0.001: power=0.140 [0.090,0.207] (7/50)
  [visreg] mmd (post)
    post-mmd f=0.001: power=0.060 [0.028,0.115] (3/50)
    merged 2 -> 1 anchors
  [sigreg+proto] epoch 1/5  sigreg=0.1520  proto=1.8825  min_dist=1.23  mean_dist=2.54
  [sigreg+proto] epoch 2/5  sigreg=0.1323  proto=1.6210  min_dist=1.68  mean_dist=3.30
  [sigreg+proto] epoch 3/5  sigreg=0.1308  proto=1.4801  min_dist=2.02  mean_dist=3.89
  [sigreg+proto] epoch 4/5  sigreg=0.1311  proto=1.3873  min_dist=2.31  mean_dist=4.38
  [sigreg+proto] epoch 5/5  sigreg=0.1296  proto=1.3133  min_dist=2.56  mean_dist=4.82
  round 1: pool=2252 purity=0.001 k-hat=2 anchors=1  margin=0.4935  mean-anchor=0.4517  4=0.452
  [sigreg+proto] epoch 1/5  sigreg=0.1592  proto=1.9705  min_dist=4.34  mean_dist=7.46
  [sigreg+proto] epoch 2/5  sigreg=0.1748  proto=1.9584  min_dist=5.64  mean_dist=8.56
  [sigreg+proto] epoch 3/5  sigreg=0.1938  proto=2.1328  min_dist=6.63  mean_dist=9.44
  [sigreg+proto] epoch 4/5  sigreg=0.2073  proto=2.3150  min_dist=7.29  mean_dist=10.17
  [sigreg+proto] epoch 5/5  sigreg=0.2182  proto=2.4556  min_dist=7.84  mean_dist=10.79
  round 2: pool=2253 purity=0.001 k-hat=4 anchors=5  margin=0.5375  mean-anchor=0.5017  4=0.502
  [nplm] post f=0.001: probe=0.8446 eucl=0.5506 mahaT=0.4977
  [nplm] per-event post f=0.001: power=0.056
  [nplm] sparker (post, annealed)
    post-spk f=0.001: power=0.100 [0.058,0.162] (5/50)
  [nplm] maha (post)
    post-maha f=0.001: power=0.080 [0.042,0.138] (4/50)
  [nplm] mmd (post)
    post-mmd f=0.001: power=0.000 [0.000,0.036] (0/50)
  [sigreg+proto] epoch 1/5  sigreg=1.6772  proto=31.1937  min_dist=14.90  mean_dist=48.98
  [sigreg+proto] epoch 2/5  sigreg=1.2186  proto=15.3329  min_dist=14.69  mean_dist=48.28
  [sigreg+proto] epoch 3/5  sigreg=0.9741  proto=13.6137  min_dist=14.19  mean_dist=47.62
  [sigreg+proto] epoch 4/5  sigreg=0.8075  proto=12.3087  min_dist=13.69  mean_dist=47.02
  [sigreg+proto] epoch 5/5  sigreg=0.6949  proto=11.0573  min_dist=13.21  mean_dist=46.45
  round 1: pool=2250 purity=0.000 k-hat=4 anchors=4  margin=0.3369  mean-anchor=0.3378  4=0.338
  [sigreg+proto] epoch 1/5  sigreg=0.6635  proto=13.8489  min_dist=12.66  mean_dist=43.35
  [sigreg+proto] epoch 2/5  sigreg=0.5663  proto=11.4263  min_dist=12.23  mean_dist=42.89
  [sigreg+proto] epoch 3/5  sigreg=0.5031  proto=10.0096  min_dist=11.91  mean_dist=42.44
  [sigreg+proto] epoch 4/5  sigreg=0.4677  proto=9.5404  min_dist=11.68  mean_dist=42.01
  [sigreg+proto] epoch 5/5  sigreg=0.4384  proto=8.8791  min_dist=11.52  mean_dist=41.58
  round 2: pool=2250 purity=0.000 k-hat=4 anchors=8  margin=0.6316  mean-anchor=0.7948  4=0.795
  [supcon] post f=0.001: probe=0.9022 eucl=0.6750 mahaT=0.5437
  [supcon] per-event post f=0.001: power=0.002
  [supcon] sparker (post, annealed)
    post-spk f=0.001: power=0.120 [0.074,0.184] (6/50)
  [supcon] maha (post)
    post-maha f=0.001: power=0.080 [0.042,0.138] (4/50)
  [supcon] mmd (post)
    post-mmd f=0.001: power=0.100 [0.058,0.162] (5/50)
  [sigreg+proto] epoch 1/5  sigreg=0.1605  proto=3.0900  min_dist=6.38  mean_dist=15.67
  [sigreg+proto] epoch 2/5  sigreg=0.1426  proto=1.6528  min_dist=7.18  mean_dist=16.18
  [sigreg+proto] epoch 3/5  sigreg=0.1314  proto=1.2931  min_dist=7.74  mean_dist=16.67
  [sigreg+proto] epoch 4/5  sigreg=0.1271  proto=1.2126  min_dist=8.13  mean_dist=17.08
  [sigreg+proto] epoch 5/5  sigreg=0.1229  proto=1.1815  min_dist=8.47  mean_dist=17.42
  round 1: pool=2269 purity=0.008 k-hat=4 anchors=4  margin=0.6907  mean-anchor=0.7825  4=0.783
    merged 8 -> 7 anchors
  [sigreg+proto] epoch 1/5  sigreg=0.1614  proto=3.0822  min_dist=4.19  mean_dist=17.02
  [sigreg+proto] epoch 2/5  sigreg=0.1535  proto=2.0424  min_dist=5.22  mean_dist=17.35
  [sigreg+proto] epoch 3/5  sigreg=0.1488  proto=1.7578  min_dist=5.98  mean_dist=17.66
  [sigreg+proto] epoch 4/5  sigreg=0.1453  proto=1.5967  min_dist=6.15  mean_dist=17.93
  [sigreg+proto] epoch 5/5  sigreg=0.1424  proto=1.5563  min_dist=6.28  mean_dist=18.16
  round 2: pool=2253 purity=0.001 k-hat=4 anchors=7  margin=0.6911  mean-anchor=0.7959  4=0.796
  [supsig] post f=0.001: probe=0.8665 eucl=0.6543 mahaT=0.5374
  [supsig] per-event post f=0.001: power=0.140
  [supsig] sparker (post, annealed)
    post-spk f=0.001: power=0.000 [0.000,0.036] (0/50)
  [supsig] maha (post)
    post-maha f=0.001: power=0.040 [0.014,0.090] (2/50)
  [supsig] mmd (post)
    post-mmd f=0.001: power=0.080 [0.042,0.138] (4/50)
    merged 2 -> 1 anchors
  [sigreg+proto] epoch 1/5  sigreg=0.3027  proto=1.7771  min_dist=3.37  mean_dist=4.83
  [sigreg+proto] epoch 2/5  sigreg=0.1717  proto=0.7709  min_dist=4.57  mean_dist=6.30
  [sigreg+proto] epoch 3/5  sigreg=0.1522  proto=0.6083  min_dist=5.43  mean_dist=7.43
  [sigreg+proto] epoch 4/5  sigreg=0.1426  proto=0.5646  min_dist=6.12  mean_dist=8.37
  [sigreg+proto] epoch 5/5  sigreg=0.1367  proto=0.5467  min_dist=6.70  mean_dist=9.19
  round 1: pool=2270 purity=0.009 k-hat=2 anchors=1  margin=0.8593  mean-anchor=0.7671  4=0.767
  [sigreg+proto] epoch 1/5  sigreg=0.1602  proto=2.0957  min_dist=7.26  mean_dist=10.75
  [sigreg+proto] epoch 2/5  sigreg=0.1628  proto=1.6511  min_dist=8.06  mean_dist=11.94
  [sigreg+proto] epoch 3/5  sigreg=0.1624  proto=1.5654  min_dist=8.66  mean_dist=12.89
  [sigreg+proto] epoch 4/5  sigreg=0.1625  proto=1.5499  min_dist=9.11  mean_dist=13.67
  [sigreg+proto] epoch 5/5  sigreg=0.1600  proto=1.4956  min_dist=9.43  mean_dist=14.32
  round 2: pool=2255 purity=0.002 k-hat=4 anchors=5  margin=0.8148  mean-anchor=0.8543  4=0.854
  [nplmcw] post f=0.001: probe=0.9206 eucl=0.5929 mahaT=0.5037
  [nplmcw] per-event post f=0.001: power=0.258
  [nplmcw] sparker (post, annealed)
    post-spk f=0.001: power=0.020 [0.003,0.064] (1/50)
  [nplmcw] maha (post)
    post-maha f=0.001: power=0.040 [0.014,0.090] (2/50)
  [nplmcw] mmd (post)
    post-mmd f=0.001: power=0.100 [0.058,0.162] (5/50)
  [sigreg+proto] epoch 1/5  sigreg=0.1462  proto=1.3579  min_dist=4.40  mean_dist=11.68
  [sigreg+proto] epoch 2/5  sigreg=0.1277  proto=0.9538  min_dist=5.43  mean_dist=12.72
  [sigreg+proto] epoch 3/5  sigreg=0.1256  proto=0.8757  min_dist=6.19  mean_dist=13.62
  [sigreg+proto] epoch 4/5  sigreg=0.1258  proto=0.8349  min_dist=6.75  mean_dist=14.39
  [sigreg+proto] epoch 5/5  sigreg=0.1257  proto=0.8042  min_dist=7.18  mean_dist=15.06
  round 1: pool=2250 purity=0.000 k-hat=4 anchors=4  margin=0.5633  mean-anchor=0.6375  4=0.637
  [sigreg+proto] epoch 1/5  sigreg=0.1540  proto=2.4133  min_dist=6.71  mean_dist=15.16
  [sigreg+proto] epoch 2/5  sigreg=0.1506  proto=1.6924  min_dist=7.49  mean_dist=15.87
  [sigreg+proto] epoch 3/5  sigreg=0.1514  proto=1.6568  min_dist=7.85  mean_dist=16.46
  [sigreg+proto] epoch 4/5  sigreg=0.1509  proto=1.5518  min_dist=8.13  mean_dist=16.96
  [sigreg+proto] epoch 5/5  sigreg=0.1502  proto=1.5594  min_dist=8.39  mean_dist=17.39
  round 2: pool=2262 purity=0.005 k-hat=4 anchors=8  margin=0.7307  mean-anchor=0.7854  4=0.785
  [ssig] post f=0.001: probe=0.9052 eucl=0.6742 mahaT=0.4445
  [ssig] per-event post f=0.001: power=0.197
  [ssig] sparker (post, annealed)
    post-spk f=0.001: power=0.100 [0.058,0.162] (5/50)
  [ssig] maha (post)
    post-maha f=0.001: power=0.140 [0.090,0.207] (7/50)
  [ssig] mmd (post)
    post-mmd f=0.001: power=0.060 [0.028,0.115] (3/50)
    merged 4 -> 2 anchors
  [sigreg+proto] epoch 1/5  sigreg=0.4231  proto=2.8827  min_dist=1.06  mean_dist=4.89
  [sigreg+proto] epoch 2/5  sigreg=0.2396  proto=1.5453  min_dist=1.45  mean_dist=5.65
  [sigreg+proto] epoch 3/5  sigreg=0.2039  proto=1.1238  min_dist=1.74  mean_dist=6.32
  [sigreg+proto] epoch 4/5  sigreg=0.1877  proto=0.9970  min_dist=1.98  mean_dist=6.90
  [sigreg+proto] epoch 5/5  sigreg=0.1805  proto=0.8872  min_dist=2.20  mean_dist=7.43
  round 1: pool=2258 purity=0.004 k-hat=4 anchors=2  margin=0.7539  mean-anchor=0.6703  4=0.670
  [sigreg+proto] epoch 1/5  sigreg=0.2025  proto=2.2597  min_dist=3.51  mean_dist=10.47
  [sigreg+proto] epoch 2/5  sigreg=0.2042  proto=1.8901  min_dist=4.40  mean_dist=11.49
  [sigreg+proto] epoch 3/5  sigreg=0.2083  proto=1.8314  min_dist=5.10  mean_dist=12.32
  [sigreg+proto] epoch 4/5  sigreg=0.2122  proto=1.8251  min_dist=5.68  mean_dist=13.02
  [sigreg+proto] epoch 5/5  sigreg=0.2131  proto=1.8241  min_dist=6.18  mean_dist=13.62
  round 2: pool=2250 purity=0.000 k-hat=4 anchors=6  margin=0.7569  mean-anchor=0.7632  4=0.763
  [nplmsd] post f=0.001: probe=0.8478 eucl=0.4791 mahaT=0.4237
  [nplmsd] per-event post f=0.001: power=0.072
  [nplmsd] sparker (post, annealed)
    post-spk f=0.001: power=0.080 [0.042,0.138] (4/50)
  [nplmsd] maha (post)
    post-maha f=0.001: power=0.080 [0.042,0.138] (4/50)
  [nplmsd] mmd (post)
    post-mmd f=0.001: power=0.040 [0.014,0.090] (2/50)

===== POST grid, f=0.003 (135 injected) =====
  [sigreg+proto] epoch 1/5  sigreg=0.2489  proto=4.6457  min_dist=4.76  mean_dist=13.54
  [sigreg+proto] epoch 2/5  sigreg=0.2244  proto=3.5487  min_dist=5.97  mean_dist=14.06
  [sigreg+proto] epoch 3/5  sigreg=0.2240  proto=3.2022  min_dist=6.90  mean_dist=14.45
  [sigreg+proto] epoch 4/5  sigreg=0.2219  proto=2.9850  min_dist=7.57  mean_dist=14.77
  [sigreg+proto] epoch 5/5  sigreg=0.2126  proto=2.8278  min_dist=8.00  mean_dist=15.04
  round 1: pool=2251 purity=0.000 k-hat=4 anchors=4  margin=0.3188  mean-anchor=0.3135  4=0.314
  [sigreg+proto] epoch 1/5  sigreg=0.2237  proto=3.9605  min_dist=6.84  mean_dist=15.05
  [sigreg+proto] epoch 2/5  sigreg=0.2248  proto=3.3873  min_dist=7.64  mean_dist=15.58
  [sigreg+proto] epoch 3/5  sigreg=0.2239  proto=3.2329  min_dist=8.22  mean_dist=16.01
  [sigreg+proto] epoch 4/5  sigreg=0.2215  proto=3.0045  min_dist=8.64  mean_dist=16.35
  [sigreg+proto] epoch 5/5  sigreg=0.2187  proto=2.9096  min_dist=8.81  mean_dist=16.65
  round 2: pool=2252 purity=0.001 k-hat=4 anchors=8  margin=0.6417  mean-anchor=0.7390  4=0.739
  [simclr] post f=0.003: probe=0.9057 eucl=0.5142 mahaT=0.4142
  [simclr] per-event post f=0.003: power=0.043
  [simclr] sparker (post, annealed)
    post-spk f=0.003: power=0.040 [0.014,0.090] (2/50)
  [simclr] maha (post)
    post-maha f=0.003: power=0.120 [0.074,0.184] (6/50)
  [simclr] mmd (post)
    post-mmd f=0.003: power=0.080 [0.042,0.138] (4/50)
  [sigreg+proto] epoch 1/5  sigreg=0.1993  proto=2.5690  min_dist=4.06  mean_dist=10.14
  [sigreg+proto] epoch 2/5  sigreg=0.1840  proto=2.0590  min_dist=5.19  mean_dist=11.13
  [sigreg+proto] epoch 3/5  sigreg=0.1790  proto=1.9597  min_dist=6.06  mean_dist=11.93
  [sigreg+proto] epoch 4/5  sigreg=0.1776  proto=1.9607  min_dist=6.74  mean_dist=12.60
  [sigreg+proto] epoch 5/5  sigreg=0.1760  proto=1.9329  min_dist=7.27  mean_dist=13.15
  round 1: pool=2250 purity=0.000 k-hat=4 anchors=4  margin=0.5632  mean-anchor=0.6132  4=0.613
  [sigreg+proto] epoch 1/5  sigreg=0.2030  proto=3.0669  min_dist=6.29  mean_dist=13.52
  [sigreg+proto] epoch 2/5  sigreg=0.2050  proto=2.5634  min_dist=7.14  mean_dist=14.27
  [sigreg+proto] epoch 3/5  sigreg=0.2043  proto=2.4356  min_dist=7.76  mean_dist=14.88
  [sigreg+proto] epoch 4/5  sigreg=0.2038  proto=2.4557  min_dist=8.24  mean_dist=15.37
  [sigreg+proto] epoch 5/5  sigreg=0.2015  proto=2.3609  min_dist=8.63  mean_dist=15.79
  round 2: pool=2251 purity=0.000 k-hat=4 anchors=8  margin=0.5629  mean-anchor=0.7203  4=0.720
  [visreg] post f=0.003: probe=0.8804 eucl=0.5110 mahaT=0.4208
  [visreg] per-event post f=0.003: power=0.017
  [visreg] sparker (post, annealed)
    post-spk f=0.003: power=0.020 [0.003,0.064] (1/50)
  [visreg] maha (post)
    post-maha f=0.003: power=0.060 [0.028,0.115] (3/50)
  [visreg] mmd (post)
    post-mmd f=0.003: power=0.040 [0.014,0.090] (2/50)
    merged 2 -> 1 anchors
  [sigreg+proto] epoch 1/5  sigreg=0.1530  proto=1.8975  min_dist=1.23  mean_dist=2.54
  [sigreg+proto] epoch 2/5  sigreg=0.1316  proto=1.6042  min_dist=1.68  mean_dist=3.30
  [sigreg+proto] epoch 3/5  sigreg=0.1321  proto=1.4344  min_dist=2.02  mean_dist=3.89
  [sigreg+proto] epoch 4/5  sigreg=0.1303  proto=1.3443  min_dist=2.31  mean_dist=4.38
  [sigreg+proto] epoch 5/5  sigreg=0.1301  proto=1.2867  min_dist=2.56  mean_dist=4.82
  round 1: pool=2256 purity=0.003 k-hat=2 anchors=1  margin=0.4731  mean-anchor=0.4700  4=0.470
  [sigreg+proto] epoch 1/5  sigreg=0.1679  proto=2.1321  min_dist=4.35  mean_dist=7.94
  [sigreg+proto] epoch 2/5  sigreg=0.1871  proto=2.1080  min_dist=5.61  mean_dist=9.01
  [sigreg+proto] epoch 3/5  sigreg=0.2029  proto=2.2512  min_dist=6.55  mean_dist=9.87
  [sigreg+proto] epoch 4/5  sigreg=0.2167  proto=2.4615  min_dist=7.20  mean_dist=10.57
  [sigreg+proto] epoch 5/5  sigreg=0.2257  proto=2.5183  min_dist=7.74  mean_dist=11.16
  round 2: pool=2258 purity=0.004 k-hat=4 anchors=5  margin=0.4702  mean-anchor=0.3945  4=0.394
  [nplm] post f=0.003: probe=0.8438 eucl=0.5287 mahaT=0.4373
  [nplm] per-event post f=0.003: power=0.057
  [nplm] sparker (post, annealed)
    post-spk f=0.003: power=0.120 [0.074,0.184] (6/50)
  [nplm] maha (post)
    post-maha f=0.003: power=0.080 [0.042,0.138] (4/50)
  [nplm] mmd (post)
    post-mmd f=0.003: power=0.080 [0.042,0.138] (4/50)
  [sigreg+proto] epoch 1/5  sigreg=1.6951  proto=31.0161  min_dist=14.81  mean_dist=48.98
  [sigreg+proto] epoch 2/5  sigreg=1.2119  proto=14.6993  min_dist=14.72  mean_dist=48.28
  [sigreg+proto] epoch 3/5  sigreg=0.9740  proto=13.4237  min_dist=14.20  mean_dist=47.62
  [sigreg+proto] epoch 4/5  sigreg=0.8243  proto=12.7100  min_dist=13.66  mean_dist=47.00
  [sigreg+proto] epoch 5/5  sigreg=0.7020  proto=11.4897  min_dist=13.19  mean_dist=46.43
  round 1: pool=2250 purity=0.000 k-hat=4 anchors=4  margin=0.3469  mean-anchor=0.3346  4=0.335
  [sigreg+proto] epoch 1/5  sigreg=0.5439  proto=12.4949  min_dist=12.65  mean_dist=43.34
  [sigreg+proto] epoch 2/5  sigreg=0.4680  proto=10.3081  min_dist=12.25  mean_dist=42.88
  [sigreg+proto] epoch 3/5  sigreg=0.4271  proto=9.6512  min_dist=11.99  mean_dist=42.44
  [sigreg+proto] epoch 4/5  sigreg=0.3933  proto=9.0821  min_dist=11.80  mean_dist=42.02
  [sigreg+proto] epoch 5/5  sigreg=0.3571  proto=7.9929  min_dist=11.63  mean_dist=41.60
  round 2: pool=2250 purity=0.000 k-hat=4 anchors=8  margin=0.5702  mean-anchor=0.7211  4=0.721
  [supcon] post f=0.003: probe=0.9137 eucl=0.6899 mahaT=0.5379
  [supcon] per-event post f=0.003: power=0.001
  [supcon] sparker (post, annealed)
    post-spk f=0.003: power=0.060 [0.028,0.115] (3/50)
  [supcon] maha (post)
    post-maha f=0.003: power=0.060 [0.028,0.115] (3/50)
  [supcon] mmd (post)
    post-mmd f=0.003: power=0.060 [0.028,0.115] (3/50)
  [sigreg+proto] epoch 1/5  sigreg=0.1628  proto=3.1954  min_dist=6.75  mean_dist=15.49
  [sigreg+proto] epoch 2/5  sigreg=0.1439  proto=1.7635  min_dist=7.36  mean_dist=15.99
  [sigreg+proto] epoch 3/5  sigreg=0.1344  proto=1.4695  min_dist=7.76  mean_dist=16.46
  [sigreg+proto] epoch 4/5  sigreg=0.1274  proto=1.3363  min_dist=8.15  mean_dist=16.87
  [sigreg+proto] epoch 5/5  sigreg=0.1244  proto=1.2818  min_dist=8.42  mean_dist=17.21
  round 1: pool=2306 purity=0.024 k-hat=4 anchors=4  margin=0.7178  mean-anchor=0.7888  4=0.789
  [sigreg+proto] epoch 1/5  sigreg=0.1637  proto=3.1184  min_dist=5.24  mean_dist=16.74
  [sigreg+proto] epoch 2/5  sigreg=0.1574  proto=2.0632  min_dist=6.23  mean_dist=17.14
  [sigreg+proto] epoch 3/5  sigreg=0.1527  proto=1.8076  min_dist=6.90  mean_dist=17.51
  [sigreg+proto] epoch 4/5  sigreg=0.1490  proto=1.7160  min_dist=7.40  mean_dist=17.83
  [sigreg+proto] epoch 5/5  sigreg=0.1457  proto=1.6386  min_dist=7.70  mean_dist=18.11
  round 2: pool=2261 purity=0.005 k-hat=4 anchors=8  margin=0.7089  mean-anchor=0.7820  4=0.782
  [supsig] post f=0.003: probe=0.8566 eucl=0.6696 mahaT=0.5427
  [supsig] per-event post f=0.003: power=0.147
  [supsig] sparker (post, annealed)
    post-spk f=0.003: power=0.060 [0.028,0.115] (3/50)
  [supsig] maha (post)
    post-maha f=0.003: power=0.080 [0.042,0.138] (4/50)
  [supsig] mmd (post)
    post-mmd f=0.003: power=0.140 [0.090,0.207] (7/50)
    merged 2 -> 1 anchors
  [sigreg+proto] epoch 1/5  sigreg=0.3027  proto=1.7779  min_dist=3.36  mean_dist=4.84
  [sigreg+proto] epoch 2/5  sigreg=0.1668  proto=0.7676  min_dist=4.55  mean_dist=6.31
  [sigreg+proto] epoch 3/5  sigreg=0.1491  proto=0.6050  min_dist=5.39  mean_dist=7.45
  [sigreg+proto] epoch 4/5  sigreg=0.1401  proto=0.5685  min_dist=6.06  mean_dist=8.39
  [sigreg+proto] epoch 5/5  sigreg=0.1353  proto=0.5443  min_dist=6.65  mean_dist=9.21
  round 1: pool=2296 purity=0.020 k-hat=2 anchors=1  margin=0.8720  mean-anchor=0.7536  4=0.754
  [sigreg+proto] epoch 1/5  sigreg=0.1560  proto=1.9098  min_dist=6.54  mean_dist=10.75
  [sigreg+proto] epoch 2/5  sigreg=0.1587  proto=1.5047  min_dist=7.39  mean_dist=11.94
  [sigreg+proto] epoch 3/5  sigreg=0.1608  proto=1.4155  min_dist=8.04  mean_dist=12.89
  [sigreg+proto] epoch 4/5  sigreg=0.1602  proto=1.4635  min_dist=8.56  mean_dist=13.67
  [sigreg+proto] epoch 5/5  sigreg=0.1596  proto=1.4750  min_dist=8.95  mean_dist=14.32
  round 2: pool=2258 purity=0.004 k-hat=4 anchors=5  margin=0.8450  mean-anchor=0.8507  4=0.851
  [nplmcw] post f=0.003: probe=0.9150 eucl=0.6388 mahaT=0.4664
  [nplmcw] per-event post f=0.003: power=0.292
  [nplmcw] sparker (post, annealed)
    post-spk f=0.003: power=0.040 [0.014,0.090] (2/50)
  [nplmcw] maha (post)
    post-maha f=0.003: power=0.060 [0.028,0.115] (3/50)
  [nplmcw] mmd (post)
    post-mmd f=0.003: power=0.000 [0.000,0.036] (0/50)
  [sigreg+proto] epoch 1/5  sigreg=0.1483  proto=1.4096  min_dist=4.25  mean_dist=11.33
  [sigreg+proto] epoch 2/5  sigreg=0.1266  proto=0.9638  min_dist=5.29  mean_dist=12.36
  [sigreg+proto] epoch 3/5  sigreg=0.1253  proto=0.8116  min_dist=6.07  mean_dist=13.27
  [sigreg+proto] epoch 4/5  sigreg=0.1265  proto=0.7509  min_dist=6.66  mean_dist=14.05
  [sigreg+proto] epoch 5/5  sigreg=0.1285  proto=0.7549  min_dist=7.13  mean_dist=14.72
  round 1: pool=2254 purity=0.002 k-hat=4 anchors=4  margin=0.5493  mean-anchor=0.6006  4=0.601
  [sigreg+proto] epoch 1/5  sigreg=0.1611  proto=2.4607  min_dist=5.76  mean_dist=14.82
  [sigreg+proto] epoch 2/5  sigreg=0.1552  proto=1.7297  min_dist=6.72  mean_dist=15.53
  [sigreg+proto] epoch 3/5  sigreg=0.1545  proto=1.6548  min_dist=7.43  mean_dist=16.13
  [sigreg+proto] epoch 4/5  sigreg=0.1529  proto=1.5962  min_dist=7.98  mean_dist=16.64
  [sigreg+proto] epoch 5/5  sigreg=0.1514  proto=1.5258  min_dist=8.43  mean_dist=17.07
  round 2: pool=2270 purity=0.009 k-hat=4 anchors=8  margin=0.7358  mean-anchor=0.7708  4=0.771
  [ssig] post f=0.003: probe=0.9210 eucl=0.7218 mahaT=0.4293
  [ssig] per-event post f=0.003: power=0.176
  [ssig] sparker (post, annealed)
    post-spk f=0.003: power=0.040 [0.014,0.090] (2/50)
  [ssig] maha (post)
    post-maha f=0.003: power=0.000 [0.000,0.036] (0/50)
  [ssig] mmd (post)
    post-mmd f=0.003: power=0.060 [0.028,0.115] (3/50)
    merged 4 -> 2 anchors
  [sigreg+proto] epoch 1/5  sigreg=0.4221  proto=2.6379  min_dist=1.07  mean_dist=4.89
  [sigreg+proto] epoch 2/5  sigreg=0.2836  proto=1.7276  min_dist=1.46  mean_dist=5.65
  [sigreg+proto] epoch 3/5  sigreg=0.2218  proto=1.2851  min_dist=1.75  mean_dist=6.32
  [sigreg+proto] epoch 4/5  sigreg=0.1984  proto=1.0446  min_dist=2.00  mean_dist=6.90
  [sigreg+proto] epoch 5/5  sigreg=0.1880  proto=0.9419  min_dist=2.22  mean_dist=7.43
  round 1: pool=2274 purity=0.011 k-hat=4 anchors=2  margin=0.7539  mean-anchor=0.6055  4=0.606
  [sigreg+proto] epoch 1/5  sigreg=0.2132  proto=2.4376  min_dist=3.53  mean_dist=10.45
  [sigreg+proto] epoch 2/5  sigreg=0.2114  proto=1.9945  min_dist=4.42  mean_dist=11.48
  [sigreg+proto] epoch 3/5  sigreg=0.2145  proto=1.9055  min_dist=5.13  mean_dist=12.32
  [sigreg+proto] epoch 4/5  sigreg=0.2179  proto=1.8626  min_dist=5.74  mean_dist=13.02
  [sigreg+proto] epoch 5/5  sigreg=0.2164  proto=1.7901  min_dist=6.27  mean_dist=13.63
  round 2: pool=2258 purity=0.004 k-hat=4 anchors=6  margin=0.7422  mean-anchor=0.7179  4=0.718
  [nplmsd] post f=0.003: probe=0.8732 eucl=0.5702 mahaT=0.3990
  [nplmsd] per-event post f=0.003: power=0.104
  [nplmsd] sparker (post, annealed)
    post-spk f=0.003: power=0.020 [0.003,0.064] (1/50)
  [nplmsd] maha (post)
    post-maha f=0.003: power=0.040 [0.014,0.090] (2/50)
  [nplmsd] mmd (post)
    post-mmd f=0.003: power=0.120 [0.074,0.184] (6/50)

===== POST grid, f=0.01 (455 injected) =====
  [sigreg+proto] epoch 1/5  sigreg=0.2439  proto=4.5317  min_dist=4.76  mean_dist=13.52
  [sigreg+proto] epoch 2/5  sigreg=0.2295  proto=3.6307  min_dist=5.98  mean_dist=14.03
  [sigreg+proto] epoch 3/5  sigreg=0.2237  proto=3.1775  min_dist=6.90  mean_dist=14.42
  [sigreg+proto] epoch 4/5  sigreg=0.2178  proto=2.9712  min_dist=7.57  mean_dist=14.75
  [sigreg+proto] epoch 5/5  sigreg=0.2131  proto=2.8337  min_dist=8.00  mean_dist=15.01
  round 1: pool=2251 purity=0.000 k-hat=4 anchors=4  margin=0.3043  mean-anchor=0.3094  4=0.309
  [sigreg+proto] epoch 1/5  sigreg=0.2154  proto=3.6929  min_dist=7.13  mean_dist=15.16
  [sigreg+proto] epoch 2/5  sigreg=0.2170  proto=3.1271  min_dist=6.87  mean_dist=15.69
  [sigreg+proto] epoch 3/5  sigreg=0.2166  proto=2.9578  min_dist=6.67  mean_dist=16.11
  [sigreg+proto] epoch 4/5  sigreg=0.2162  proto=2.8819  min_dist=6.51  mean_dist=16.44
  [sigreg+proto] epoch 5/5  sigreg=0.2132  proto=2.7066  min_dist=6.40  mean_dist=16.74
  round 2: pool=2274 purity=0.011 k-hat=4 anchors=8  margin=0.5916  mean-anchor=0.7407  4=0.741
  [simclr] post f=0.01: probe=0.9019 eucl=0.4926 mahaT=0.4212
  [simclr] per-event post f=0.01: power=0.028
  [simclr] sparker (post, annealed)
    post-spk f=0.01: power=0.040 [0.014,0.090] (2/50)
  [simclr] maha (post)
    post-maha f=0.01: power=0.040 [0.014,0.090] (2/50)
  [simclr] mmd (post)
    post-mmd f=0.01: power=0.140 [0.090,0.207] (7/50)
  [sigreg+proto] epoch 1/5  sigreg=0.2010  proto=2.5314  min_dist=4.07  mean_dist=10.02
  [sigreg+proto] epoch 2/5  sigreg=0.1836  proto=1.9921  min_dist=5.20  mean_dist=11.03
  [sigreg+proto] epoch 3/5  sigreg=0.1794  proto=1.9369  min_dist=6.04  mean_dist=11.85
  [sigreg+proto] epoch 4/5  sigreg=0.1774  proto=1.9450  min_dist=6.70  mean_dist=12.52
  [sigreg+proto] epoch 5/5  sigreg=0.1750  proto=1.9335  min_dist=7.23  mean_dist=13.10
  round 1: pool=2254 purity=0.002 k-hat=4 anchors=4  margin=0.5729  mean-anchor=0.6767  4=0.677
  [sigreg+proto] epoch 1/5  sigreg=0.2037  proto=2.9435  min_dist=6.49  mean_dist=13.92
  [sigreg+proto] epoch 2/5  sigreg=0.2056  proto=2.4998  min_dist=7.35  mean_dist=14.67
  [sigreg+proto] epoch 3/5  sigreg=0.2088  proto=2.4094  min_dist=7.99  mean_dist=15.25
  [sigreg+proto] epoch 4/5  sigreg=0.2042  proto=2.3591  min_dist=8.55  mean_dist=15.73
  [sigreg+proto] epoch 5/5  sigreg=0.2022  proto=2.3162  min_dist=8.99  mean_dist=16.13
  round 2: pool=2253 purity=0.001 k-hat=4 anchors=8  margin=0.4612  mean-anchor=0.6543  4=0.654
  [visreg] post f=0.01: probe=0.8813 eucl=0.5063 mahaT=0.3578
  [visreg] per-event post f=0.01: power=0.011
  [visreg] sparker (post, annealed)
    post-spk f=0.01: power=0.060 [0.028,0.115] (3/50)
  [visreg] maha (post)
    post-maha f=0.01: power=0.060 [0.028,0.115] (3/50)
  [visreg] mmd (post)
    post-mmd f=0.01: power=0.200 [0.141,0.273] (10/50)
    merged 2 -> 1 anchors
  [sigreg+proto] epoch 1/5  sigreg=0.1514  proto=1.9065  min_dist=1.22  mean_dist=2.54
  [sigreg+proto] epoch 2/5  sigreg=0.1323  proto=1.6240  min_dist=1.66  mean_dist=3.30
  [sigreg+proto] epoch 3/5  sigreg=0.1319  proto=1.4748  min_dist=2.01  mean_dist=3.90
  [sigreg+proto] epoch 4/5  sigreg=0.1314  proto=1.3747  min_dist=2.30  mean_dist=4.39
  [sigreg+proto] epoch 5/5  sigreg=0.1307  proto=1.2951  min_dist=2.55  mean_dist=4.83
  round 1: pool=2280 purity=0.013 k-hat=2 anchors=1  margin=0.5172  mean-anchor=0.4906  4=0.491
  [sigreg+proto] epoch 1/5  sigreg=0.1619  proto=2.0852  min_dist=4.38  mean_dist=7.57
  [sigreg+proto] epoch 2/5  sigreg=0.1807  proto=2.0990  min_dist=5.67  mean_dist=8.66
  [sigreg+proto] epoch 3/5  sigreg=0.1966  proto=2.2733  min_dist=6.60  mean_dist=9.53
  [sigreg+proto] epoch 4/5  sigreg=0.2100  proto=2.4066  min_dist=7.29  mean_dist=10.25
  [sigreg+proto] epoch 5/5  sigreg=0.2199  proto=2.5471  min_dist=7.87  mean_dist=10.86
  round 2: pool=2271 purity=0.009 k-hat=4 anchors=5  margin=0.4895  mean-anchor=0.5223  4=0.522
  [nplm] post f=0.01: probe=0.8394 eucl=0.4728 mahaT=0.4636
  [nplm] per-event post f=0.01: power=0.034
  [nplm] sparker (post, annealed)
    post-spk f=0.01: power=0.020 [0.003,0.064] (1/50)
  [nplm] maha (post)
    post-maha f=0.01: power=0.040 [0.014,0.090] (2/50)
  [nplm] mmd (post)
    post-mmd f=0.01: power=0.020 [0.003,0.064] (1/50)
  [sigreg+proto] epoch 1/5  sigreg=1.6872  proto=31.2678  min_dist=14.89  mean_dist=48.98
  [sigreg+proto] epoch 2/5  sigreg=1.2086  proto=14.7495  min_dist=14.75  mean_dist=48.27
  [sigreg+proto] epoch 3/5  sigreg=0.9760  proto=13.4810  min_dist=14.21  mean_dist=47.61
  [sigreg+proto] epoch 4/5  sigreg=0.8115  proto=12.2735  min_dist=13.72  mean_dist=47.00
  [sigreg+proto] epoch 5/5  sigreg=0.7114  proto=11.5859  min_dist=13.21  mean_dist=46.42
  round 1: pool=2250 purity=0.000 k-hat=4 anchors=4  margin=0.3436  mean-anchor=0.3299  4=0.330
  [sigreg+proto] epoch 1/5  sigreg=0.6014  proto=13.1461  min_dist=12.68  mean_dist=43.91
  [sigreg+proto] epoch 2/5  sigreg=0.5285  proto=11.0936  min_dist=12.25  mean_dist=43.44
  [sigreg+proto] epoch 3/5  sigreg=0.4698  proto=9.5328  min_dist=11.95  mean_dist=42.99
  [sigreg+proto] epoch 4/5  sigreg=0.4240  proto=8.7504  min_dist=11.78  mean_dist=42.57
  [sigreg+proto] epoch 5/5  sigreg=0.3964  proto=8.4485  min_dist=11.63  mean_dist=42.14
  round 2: pool=2254 purity=0.002 k-hat=4 anchors=8  margin=0.5194  mean-anchor=0.6288  4=0.629
  [supcon] post f=0.01: probe=0.9004 eucl=0.6659 mahaT=0.5231
  [supcon] per-event post f=0.01: power=0.003
  [supcon] sparker (post, annealed)
    post-spk f=0.01: power=0.100 [0.058,0.162] (5/50)
  [supcon] maha (post)
    post-maha f=0.01: power=0.100 [0.058,0.162] (5/50)
  [supcon] mmd (post)
    post-mmd f=0.01: power=0.080 [0.042,0.138] (4/50)
  [sigreg+proto] epoch 1/5  sigreg=0.1585  proto=3.1954  min_dist=7.05  mean_dist=15.62
  [sigreg+proto] epoch 2/5  sigreg=0.1395  proto=1.6758  min_dist=7.76  mean_dist=16.15
  [sigreg+proto] epoch 3/5  sigreg=0.1310  proto=1.3867  min_dist=8.24  mean_dist=16.64
  [sigreg+proto] epoch 4/5  sigreg=0.1254  proto=1.2469  min_dist=8.62  mean_dist=17.05
  [sigreg+proto] epoch 5/5  sigreg=0.1222  proto=1.2358  min_dist=8.92  mean_dist=17.39
  round 1: pool=2445 purity=0.080 k-hat=4 anchors=4  margin=0.7313  mean-anchor=0.7730  4=0.773
  [sigreg+proto] epoch 1/5  sigreg=0.1676  proto=3.2468  min_dist=5.48  mean_dist=16.51
  [sigreg+proto] epoch 2/5  sigreg=0.1582  proto=2.0659  min_dist=6.47  mean_dist=16.91
  [sigreg+proto] epoch 3/5  sigreg=0.1541  proto=1.7562  min_dist=7.18  mean_dist=17.28
  [sigreg+proto] epoch 4/5  sigreg=0.1513  proto=1.7163  min_dist=7.68  mean_dist=17.59
  [sigreg+proto] epoch 5/5  sigreg=0.1473  proto=1.7429  min_dist=8.06  mean_dist=17.87
  round 2: pool=2310 purity=0.026 k-hat=4 anchors=8  margin=0.7199  mean-anchor=0.7660  4=0.766
  [supsig] post f=0.01: probe=0.8529 eucl=0.6613 mahaT=0.5371
  [supsig] per-event post f=0.01: power=0.155
  [supsig] sparker (post, annealed)
    post-spk f=0.01: power=0.320 [0.249,0.399] (16/50)
  [supsig] maha (post)
    post-maha f=0.01: power=0.280 [0.213,0.357] (14/50)
  [supsig] mmd (post)
    post-mmd f=0.01: power=0.120 [0.074,0.184] (6/50)
    merged 2 -> 1 anchors
  [sigreg+proto] epoch 1/5  sigreg=0.2999  proto=1.7968  min_dist=3.38  mean_dist=4.84
  [sigreg+proto] epoch 2/5  sigreg=0.1655  proto=0.7710  min_dist=4.60  mean_dist=6.31
  [sigreg+proto] epoch 3/5  sigreg=0.1492  proto=0.6164  min_dist=5.48  mean_dist=7.45
  [sigreg+proto] epoch 4/5  sigreg=0.1396  proto=0.5670  min_dist=6.18  mean_dist=8.39
  [sigreg+proto] epoch 5/5  sigreg=0.1362  proto=0.5309  min_dist=6.77  mean_dist=9.21
  round 1: pool=2424 purity=0.072 k-hat=2 anchors=1  margin=0.8783  mean-anchor=0.7770  4=0.777
  [sigreg+proto] epoch 1/5  sigreg=0.1601  proto=1.8854  min_dist=6.98  mean_dist=10.66
  [sigreg+proto] epoch 2/5  sigreg=0.1601  proto=1.4526  min_dist=7.92  mean_dist=11.86
  [sigreg+proto] epoch 3/5  sigreg=0.1617  proto=1.4222  min_dist=8.65  mean_dist=12.80
  [sigreg+proto] epoch 4/5  sigreg=0.1622  proto=1.4642  min_dist=9.18  mean_dist=13.58
  [sigreg+proto] epoch 5/5  sigreg=0.1623  proto=1.4800  min_dist=9.59  mean_dist=14.23
  round 2: pool=2266 purity=0.007 k-hat=4 anchors=5  margin=0.8324  mean-anchor=0.8299  4=0.830
  [nplmcw] post f=0.01: probe=0.9184 eucl=0.6228 mahaT=0.4741
  [nplmcw] per-event post f=0.01: power=0.293
  [nplmcw] sparker (post, annealed)
    post-spk f=0.01: power=0.020 [0.003,0.064] (1/50)
  [nplmcw] maha (post)
    post-maha f=0.01: power=0.120 [0.074,0.184] (6/50)
  [nplmcw] mmd (post)
    post-mmd f=0.01: power=0.040 [0.014,0.090] (2/50)
  [sigreg+proto] epoch 1/5  sigreg=0.1502  proto=1.3874  min_dist=4.41  mean_dist=11.41
  [sigreg+proto] epoch 2/5  sigreg=0.1279  proto=0.9737  min_dist=5.45  mean_dist=12.48
  [sigreg+proto] epoch 3/5  sigreg=0.1247  proto=0.8134  min_dist=6.20  mean_dist=13.40
  [sigreg+proto] epoch 4/5  sigreg=0.1268  proto=0.8146  min_dist=6.75  mean_dist=14.18
  [sigreg+proto] epoch 5/5  sigreg=0.1272  proto=0.7960  min_dist=7.19  mean_dist=14.86
  round 1: pool=2260 purity=0.004 k-hat=4 anchors=4  margin=0.5598  mean-anchor=0.7008  4=0.701
  [sigreg+proto] epoch 1/5  sigreg=0.1541  proto=2.3178  min_dist=6.22  mean_dist=15.03
  [sigreg+proto] epoch 2/5  sigreg=0.1507  proto=1.7170  min_dist=7.23  mean_dist=15.73
  [sigreg+proto] epoch 3/5  sigreg=0.1511  proto=1.5865  min_dist=7.96  mean_dist=16.33
  [sigreg+proto] epoch 4/5  sigreg=0.1504  proto=1.6149  min_dist=8.52  mean_dist=16.83
  [sigreg+proto] epoch 5/5  sigreg=0.1495  proto=1.5605  min_dist=8.69  mean_dist=17.26
  round 2: pool=2344 purity=0.040 k-hat=4 anchors=8  margin=0.7211  mean-anchor=0.8419  4=0.842
  [ssig] post f=0.01: probe=0.9110 eucl=0.6815 mahaT=0.4098
  [ssig] per-event post f=0.01: power=0.223
  [ssig] sparker (post, annealed)
    post-spk f=0.01: power=0.060 [0.028,0.115] (3/50)
  [ssig] maha (post)
    post-maha f=0.01: power=0.040 [0.014,0.090] (2/50)
  [ssig] mmd (post)
    post-mmd f=0.01: power=0.100 [0.058,0.162] (5/50)
    merged 4 -> 2 anchors
  [sigreg+proto] epoch 1/5  sigreg=0.4287  proto=2.7940  min_dist=1.10  mean_dist=4.89
  [sigreg+proto] epoch 2/5  sigreg=0.2670  proto=1.6745  min_dist=1.51  mean_dist=5.65
  [sigreg+proto] epoch 3/5  sigreg=0.2214  proto=1.2100  min_dist=1.81  mean_dist=6.32
  [sigreg+proto] epoch 4/5  sigreg=0.1975  proto=1.0398  min_dist=2.06  mean_dist=6.91
  [sigreg+proto] epoch 5/5  sigreg=0.1862  proto=0.9388  min_dist=2.27  mean_dist=7.43
  round 1: pool=2330 purity=0.034 k-hat=4 anchors=2  margin=0.7299  mean-anchor=0.6613  4=0.661
  [sigreg+proto] epoch 1/5  sigreg=0.2131  proto=2.6349  min_dist=3.72  mean_dist=11.02
  [sigreg+proto] epoch 2/5  sigreg=0.2174  proto=2.0902  min_dist=4.61  mean_dist=11.96
  [sigreg+proto] epoch 3/5  sigreg=0.2234  proto=2.0232  min_dist=5.32  mean_dist=12.73
  [sigreg+proto] epoch 4/5  sigreg=0.2274  proto=1.8932  min_dist=5.90  mean_dist=13.38
  [sigreg+proto] epoch 5/5  sigreg=0.2301  proto=1.9449  min_dist=6.40  mean_dist=13.93
  round 2: pool=2266 purity=0.007 k-hat=4 anchors=6  margin=0.7584  mean-anchor=0.7208  4=0.721
  [nplmsd] post f=0.01: probe=0.8815 eucl=0.5423 mahaT=0.4412
  [nplmsd] per-event post f=0.01: power=0.068
  [nplmsd] sparker (post, annealed)
    post-spk f=0.01: power=0.100 [0.058,0.162] (5/50)
  [nplmsd] maha (post)
    post-maha f=0.01: power=0.020 [0.003,0.064] (1/50)
  [nplmsd] mmd (post)
    post-mmd f=0.01: power=0.020 [0.003,0.064] (1/50)

===== POST grid, f=0.02 (918 injected) =====
  [sigreg+proto] epoch 1/5  sigreg=0.2446  proto=4.5854  min_dist=4.76  mean_dist=13.54
  [sigreg+proto] epoch 2/5  sigreg=0.2280  proto=3.5272  min_dist=5.97  mean_dist=14.05
  [sigreg+proto] epoch 3/5  sigreg=0.2221  proto=3.1434  min_dist=6.90  mean_dist=14.45
  [sigreg+proto] epoch 4/5  sigreg=0.2156  proto=2.9679  min_dist=7.56  mean_dist=14.77
  [sigreg+proto] epoch 5/5  sigreg=0.2089  proto=2.8348  min_dist=8.00  mean_dist=15.04
  round 1: pool=2254 purity=0.002 k-hat=4 anchors=4  margin=0.2873  mean-anchor=0.3074  4=0.307
  [sigreg+proto] epoch 1/5  sigreg=0.2152  proto=3.7455  min_dist=6.89  mean_dist=15.54
  [sigreg+proto] epoch 2/5  sigreg=0.2209  proto=3.1891  min_dist=7.09  mean_dist=16.00
  [sigreg+proto] epoch 3/5  sigreg=0.2232  proto=2.9695  min_dist=6.67  mean_dist=16.37
  [sigreg+proto] epoch 4/5  sigreg=0.2213  proto=2.9052  min_dist=6.35  mean_dist=16.67
  [sigreg+proto] epoch 5/5  sigreg=0.2189  proto=2.8198  min_dist=6.08  mean_dist=16.92
  round 2: pool=2270 purity=0.009 k-hat=4 anchors=8  margin=0.5210  mean-anchor=0.7506  4=0.751
  [simclr] post f=0.02: probe=0.9070 eucl=0.4930 mahaT=0.4101
  [simclr] per-event post f=0.02: power=0.022
  [simclr] sparker (post, annealed)
    post-spk f=0.02: power=0.080 [0.042,0.138] (4/50)
  [simclr] maha (post)
    post-maha f=0.02: power=0.040 [0.014,0.090] (2/50)
  [simclr] mmd (post)
    post-mmd f=0.02: power=0.080 [0.042,0.138] (4/50)
  [sigreg+proto] epoch 1/5  sigreg=0.2000  proto=2.5240  min_dist=4.08  mean_dist=10.02
  [sigreg+proto] epoch 2/5  sigreg=0.1837  proto=2.0214  min_dist=5.22  mean_dist=11.03
  [sigreg+proto] epoch 3/5  sigreg=0.1797  proto=1.9446  min_dist=6.07  mean_dist=11.84
  [sigreg+proto] epoch 4/5  sigreg=0.1795  proto=1.8810  min_dist=6.73  mean_dist=12.52
  [sigreg+proto] epoch 5/5  sigreg=0.1756  proto=1.8763  min_dist=7.27  mean_dist=13.10
  round 1: pool=2254 purity=0.002 k-hat=4 anchors=4  margin=0.5694  mean-anchor=0.6469  4=0.647
  [sigreg+proto] epoch 1/5  sigreg=0.1975  proto=3.1280  min_dist=5.49  mean_dist=13.87
  [sigreg+proto] epoch 2/5  sigreg=0.2015  proto=2.5746  min_dist=6.43  mean_dist=14.63
  [sigreg+proto] epoch 3/5  sigreg=0.2042  proto=2.4987  min_dist=7.15  mean_dist=15.23
  [sigreg+proto] epoch 4/5  sigreg=0.2033  proto=2.4472  min_dist=7.70  mean_dist=15.71
  [sigreg+proto] epoch 5/5  sigreg=0.2030  proto=2.3889  min_dist=8.15  mean_dist=16.12
  round 2: pool=2272 purity=0.010 k-hat=4 anchors=8  margin=0.5794  mean-anchor=0.7523  4=0.752
  [visreg] post f=0.02: probe=0.8821 eucl=0.4717 mahaT=0.3632
  [visreg] per-event post f=0.02: power=0.017
  [visreg] sparker (post, annealed)
    post-spk f=0.02: power=0.000 [0.000,0.036] (0/50)
  [visreg] maha (post)
    post-maha f=0.02: power=0.100 [0.058,0.162] (5/50)
  [visreg] mmd (post)
    post-mmd f=0.02: power=0.020 [0.003,0.064] (1/50)
    merged 2 -> 1 anchors
  [sigreg+proto] epoch 1/5  sigreg=0.1521  proto=1.8923  min_dist=1.22  mean_dist=2.54
  [sigreg+proto] epoch 2/5  sigreg=0.1321  proto=1.6053  min_dist=1.67  mean_dist=3.30
  [sigreg+proto] epoch 3/5  sigreg=0.1312  proto=1.4511  min_dist=2.01  mean_dist=3.90
  [sigreg+proto] epoch 4/5  sigreg=0.1313  proto=1.3455  min_dist=2.30  mean_dist=4.39
  [sigreg+proto] epoch 5/5  sigreg=0.1302  proto=1.2928  min_dist=2.55  mean_dist=4.83
  round 1: pool=2288 purity=0.017 k-hat=2 anchors=1  margin=0.4753  mean-anchor=0.4324  4=0.432
  [sigreg+proto] epoch 1/5  sigreg=0.1564  proto=1.9614  min_dist=4.34  mean_dist=7.26
  [sigreg+proto] epoch 2/5  sigreg=0.1760  proto=2.0067  min_dist=5.61  mean_dist=8.37
  [sigreg+proto] epoch 3/5  sigreg=0.1899  proto=2.1204  min_dist=6.57  mean_dist=9.27
  [sigreg+proto] epoch 4/5  sigreg=0.2050  proto=2.3587  min_dist=7.33  mean_dist=10.00
  [sigreg+proto] epoch 5/5  sigreg=0.2135  proto=2.4290  min_dist=7.94  mean_dist=10.64
  round 2: pool=2289 purity=0.017 k-hat=4 anchors=5  margin=0.5550  mean-anchor=0.5365  4=0.537
  [nplm] post f=0.02: probe=0.8447 eucl=0.4984 mahaT=0.4622
  [nplm] per-event post f=0.02: power=0.068
  [nplm] sparker (post, annealed)
    post-spk f=0.02: power=0.020 [0.003,0.064] (1/50)
  [nplm] maha (post)
    post-maha f=0.02: power=0.200 [0.141,0.273] (10/50)
  [nplm] mmd (post)
    post-mmd f=0.02: power=0.000 [0.000,0.036] (0/50)
  [sigreg+proto] epoch 1/5  sigreg=1.7017  proto=31.3427  min_dist=14.88  mean_dist=48.97
  [sigreg+proto] epoch 2/5  sigreg=1.2177  proto=14.9561  min_dist=14.79  mean_dist=48.27
  [sigreg+proto] epoch 3/5  sigreg=0.9854  proto=13.2762  min_dist=14.24  mean_dist=47.61
  [sigreg+proto] epoch 4/5  sigreg=0.8087  proto=12.3056  min_dist=13.72  mean_dist=46.99
  [sigreg+proto] epoch 5/5  sigreg=0.6919  proto=11.1330  min_dist=13.26  mean_dist=46.42
  round 1: pool=2250 purity=0.000 k-hat=4 anchors=4  margin=0.3346  mean-anchor=0.3251  4=0.325
  [sigreg+proto] epoch 1/5  sigreg=0.7152  proto=12.7989  min_dist=6.95  mean_dist=42.29
  [sigreg+proto] epoch 2/5  sigreg=0.5871  proto=10.8295  min_dist=7.79  mean_dist=41.86
  [sigreg+proto] epoch 3/5  sigreg=0.5066  proto=9.5507  min_dist=8.47  mean_dist=41.44
  [sigreg+proto] epoch 4/5  sigreg=0.4560  proto=8.7924  min_dist=9.08  mean_dist=41.03
  [sigreg+proto] epoch 5/5  sigreg=0.4170  proto=8.2238  min_dist=9.64  mean_dist=40.65
  round 2: pool=2264 purity=0.006 k-hat=4 anchors=8  margin=0.6127  mean-anchor=0.8346  4=0.835
  [supcon] post f=0.02: probe=0.8983 eucl=0.7055 mahaT=0.5372
  [supcon] per-event post f=0.02: power=0.004
  [supcon] sparker (post, annealed)
    post-spk f=0.02: power=0.220 [0.159,0.294] (11/50)
  [supcon] maha (post)
    post-maha f=0.02: power=0.340 [0.268,0.419] (17/50)
  [supcon] mmd (post)
    post-mmd f=0.02: power=0.160 [0.107,0.229] (8/50)
  [sigreg+proto] epoch 1/5  sigreg=0.1572  proto=2.9713  min_dist=7.05  mean_dist=15.58
  [sigreg+proto] epoch 2/5  sigreg=0.1424  proto=1.7070  min_dist=7.82  mean_dist=16.10
  [sigreg+proto] epoch 3/5  sigreg=0.1324  proto=1.4422  min_dist=8.44  mean_dist=16.58
  [sigreg+proto] epoch 4/5  sigreg=0.1264  proto=1.2513  min_dist=8.69  mean_dist=16.99
  [sigreg+proto] epoch 5/5  sigreg=0.1219  proto=1.2011  min_dist=8.89  mean_dist=17.35
  round 1: pool=2591 purity=0.132 k-hat=4 anchors=4  margin=0.7412  mean-anchor=0.7685  4=0.769
  [sigreg+proto] epoch 1/5  sigreg=0.1675  proto=3.2746  min_dist=4.04  mean_dist=16.43
  [sigreg+proto] epoch 2/5  sigreg=0.1605  proto=2.1635  min_dist=4.49  mean_dist=16.82
  [sigreg+proto] epoch 3/5  sigreg=0.1561  proto=1.8669  min_dist=4.90  mean_dist=17.19
  [sigreg+proto] epoch 4/5  sigreg=0.1531  proto=1.7641  min_dist=5.23  mean_dist=17.50
  [sigreg+proto] epoch 5/5  sigreg=0.1499  proto=1.7708  min_dist=5.51  mean_dist=17.77
  round 2: pool=2337 purity=0.037 k-hat=4 anchors=8  margin=0.7293  mean-anchor=0.7801  4=0.780
  [supsig] post f=0.02: probe=0.8611 eucl=0.6598 mahaT=0.5179
  [supsig] per-event post f=0.02: power=0.194
  [supsig] sparker (post, annealed)
    post-spk f=0.02: power=0.420 [0.343,0.500] (21/50)
  [supsig] maha (post)
    post-maha f=0.02: power=0.320 [0.249,0.399] (16/50)
  [supsig] mmd (post)
    post-mmd f=0.02: power=0.200 [0.141,0.273] (10/50)
    merged 2 -> 1 anchors
  [sigreg+proto] epoch 1/5  sigreg=0.3002  proto=1.7788  min_dist=3.39  mean_dist=4.85
  [sigreg+proto] epoch 2/5  sigreg=0.1721  proto=0.7402  min_dist=4.61  mean_dist=6.32
  [sigreg+proto] epoch 3/5  sigreg=0.1516  proto=0.6065  min_dist=5.48  mean_dist=7.46
  [sigreg+proto] epoch 4/5  sigreg=0.1417  proto=0.5658  min_dist=6.18  mean_dist=8.41
  [sigreg+proto] epoch 5/5  sigreg=0.1365  proto=0.5483  min_dist=6.78  mean_dist=9.23
  round 1: pool=2617 purity=0.140 k-hat=2 anchors=1  margin=0.8916  mean-anchor=0.7874  4=0.787
  [sigreg+proto] epoch 1/5  sigreg=0.1602  proto=1.9995  min_dist=7.69  mean_dist=10.77
  [sigreg+proto] epoch 2/5  sigreg=0.1623  proto=1.5705  min_dist=8.63  mean_dist=11.94
  [sigreg+proto] epoch 3/5  sigreg=0.1641  proto=1.4693  min_dist=9.22  mean_dist=12.88
  [sigreg+proto] epoch 4/5  sigreg=0.1633  proto=1.5164  min_dist=9.60  mean_dist=13.65
  [sigreg+proto] epoch 5/5  sigreg=0.1621  proto=1.5339  min_dist=9.85  mean_dist=14.28
  round 2: pool=2289 purity=0.017 k-hat=4 anchors=5  margin=0.8622  mean-anchor=0.8631  4=0.863
  [nplmcw] post f=0.02: probe=0.9282 eucl=0.6610 mahaT=0.4885
  [nplmcw] per-event post f=0.02: power=0.381
  [nplmcw] sparker (post, annealed)
    post-spk f=0.02: power=0.220 [0.159,0.294] (11/50)
  [nplmcw] maha (post)
    post-maha f=0.02: power=0.520 [0.440,0.599] (26/50)
  [nplmcw] mmd (post)
    post-mmd f=0.02: power=0.340 [0.268,0.419] (17/50)
  [sigreg+proto] epoch 1/5  sigreg=0.1476  proto=1.3562  min_dist=4.29  mean_dist=11.47
  [sigreg+proto] epoch 2/5  sigreg=0.1253  proto=0.9478  min_dist=5.35  mean_dist=12.50
  [sigreg+proto] epoch 3/5  sigreg=0.1250  proto=0.8535  min_dist=6.12  mean_dist=13.40
  [sigreg+proto] epoch 4/5  sigreg=0.1271  proto=0.7958  min_dist=6.71  mean_dist=14.17
  [sigreg+proto] epoch 5/5  sigreg=0.1281  proto=0.7895  min_dist=7.16  mean_dist=14.84
  round 1: pool=2261 purity=0.005 k-hat=4 anchors=4  margin=0.5457  mean-anchor=0.6265  4=0.627
  [sigreg+proto] epoch 1/5  sigreg=0.1570  proto=2.4674  min_dist=6.31  mean_dist=14.99
  [sigreg+proto] epoch 2/5  sigreg=0.1525  proto=1.7103  min_dist=7.30  mean_dist=15.70
  [sigreg+proto] epoch 3/5  sigreg=0.1524  proto=1.5920  min_dist=8.02  mean_dist=16.31
  [sigreg+proto] epoch 4/5  sigreg=0.1511  proto=1.5941  min_dist=8.54  mean_dist=16.82
  [sigreg+proto] epoch 5/5  sigreg=0.1493  proto=1.5337  min_dist=8.63  mean_dist=17.26
  round 2: pool=2459 purity=0.085 k-hat=4 anchors=8  margin=0.7882  mean-anchor=0.8277  4=0.828
  [ssig] post f=0.02: probe=0.9213 eucl=0.6892 mahaT=0.3632
  [ssig] per-event post f=0.02: power=0.270
  [ssig] sparker (post, annealed)
    post-spk f=0.02: power=0.120 [0.074,0.184] (6/50)
  [ssig] maha (post)
    post-maha f=0.02: power=0.040 [0.014,0.090] (2/50)
  [ssig] mmd (post)
    post-mmd f=0.02: power=0.120 [0.074,0.184] (6/50)
    merged 4 -> 2 anchors
  [sigreg+proto] epoch 1/5  sigreg=0.4130  proto=2.7561  min_dist=1.13  mean_dist=4.89
  [sigreg+proto] epoch 2/5  sigreg=0.2743  proto=1.7620  min_dist=1.56  mean_dist=5.65
  [sigreg+proto] epoch 3/5  sigreg=0.2301  proto=1.2489  min_dist=1.87  mean_dist=6.32
  [sigreg+proto] epoch 4/5  sigreg=0.2102  proto=1.0370  min_dist=2.11  mean_dist=6.91
  [sigreg+proto] epoch 5/5  sigreg=0.1951  proto=0.9617  min_dist=2.32  mean_dist=7.44
  round 1: pool=2425 purity=0.072 k-hat=4 anchors=2  margin=0.7882  mean-anchor=0.6536  4=0.654
  [sigreg+proto] epoch 1/5  sigreg=0.2153  proto=2.6048  min_dist=3.77  mean_dist=10.74
  [sigreg+proto] epoch 2/5  sigreg=0.2158  proto=2.1750  min_dist=4.64  mean_dist=11.72
  [sigreg+proto] epoch 3/5  sigreg=0.2185  proto=2.0295  min_dist=5.32  mean_dist=12.52
  [sigreg+proto] epoch 4/5  sigreg=0.2207  proto=2.0022  min_dist=5.89  mean_dist=13.19
  [sigreg+proto] epoch 5/5  sigreg=0.2199  proto=1.9547  min_dist=6.37  mean_dist=13.75
  round 2: pool=2295 purity=0.020 k-hat=4 anchors=6  margin=0.7969  mean-anchor=0.7634  4=0.763
  [nplmsd] post f=0.02: probe=0.8999 eucl=0.5561 mahaT=0.5009
  [nplmsd] per-event post f=0.02: power=0.097
  [nplmsd] sparker (post, annealed)
    post-spk f=0.02: power=0.160 [0.107,0.229] (8/50)
  [nplmsd] maha (post)
    post-maha f=0.02: power=0.380 [0.305,0.460] (19/50)
  [nplmsd] mmd (post)
    post-mmd f=0.02: power=0.000 [0.000,0.036] (0/50)

===== POST grid, f=0.05 (2368 injected) =====
  [sigreg+proto] epoch 1/5  sigreg=0.2586  proto=4.6446  min_dist=4.77  mean_dist=13.83
  [sigreg+proto] epoch 2/5  sigreg=0.2301  proto=3.4598  min_dist=6.00  mean_dist=14.33
  [sigreg+proto] epoch 3/5  sigreg=0.2269  proto=3.2656  min_dist=6.92  mean_dist=14.69
  [sigreg+proto] epoch 4/5  sigreg=0.2247  proto=3.0337  min_dist=7.55  mean_dist=14.98
  [sigreg+proto] epoch 5/5  sigreg=0.2112  proto=2.9090  min_dist=7.99  mean_dist=15.21
  round 1: pool=2259 purity=0.004 k-hat=4 anchors=4  margin=0.3418  mean-anchor=0.4002  4=0.400
  [sigreg+proto] epoch 1/5  sigreg=0.2339  proto=3.9260  min_dist=6.74  mean_dist=15.27
  [sigreg+proto] epoch 2/5  sigreg=0.2323  proto=3.2226  min_dist=7.34  mean_dist=15.77
  [sigreg+proto] epoch 3/5  sigreg=0.2357  proto=3.0616  min_dist=7.71  mean_dist=16.15
  [sigreg+proto] epoch 4/5  sigreg=0.2296  proto=2.9218  min_dist=8.02  mean_dist=16.47
  [sigreg+proto] epoch 5/5  sigreg=0.2217  proto=2.7561  min_dist=8.31  mean_dist=16.74
  round 2: pool=2301 purity=0.022 k-hat=4 anchors=8  margin=0.5605  mean-anchor=0.6032  4=0.603
  [simclr] post f=0.05: probe=0.8978 eucl=0.4644 mahaT=0.3946
  [simclr] per-event post f=0.05: power=0.029
  [simclr] sparker (post, annealed)
    post-spk f=0.05: power=0.340 [0.268,0.419] (17/50)
  [simclr] maha (post)
    post-maha f=0.05: power=0.320 [0.249,0.399] (16/50)
  [simclr] mmd (post)
    post-mmd f=0.05: power=1.000 [0.964,1.000] (50/50)
  [sigreg+proto] epoch 1/5  sigreg=0.2018  proto=2.5456  min_dist=4.08  mean_dist=10.02
  [sigreg+proto] epoch 2/5  sigreg=0.1842  proto=2.0606  min_dist=5.22  mean_dist=11.02
  [sigreg+proto] epoch 3/5  sigreg=0.1813  proto=1.9444  min_dist=6.08  mean_dist=11.84
  [sigreg+proto] epoch 4/5  sigreg=0.1781  proto=1.9279  min_dist=6.75  mean_dist=12.51
  [sigreg+proto] epoch 5/5  sigreg=0.1744  proto=1.8555  min_dist=7.28  mean_dist=13.10
  round 1: pool=2263 purity=0.006 k-hat=4 anchors=4  margin=0.5713  mean-anchor=0.6885  4=0.689
  [sigreg+proto] epoch 1/5  sigreg=0.2032  proto=3.2174  min_dist=7.51  mean_dist=14.16
  [sigreg+proto] epoch 2/5  sigreg=0.2048  proto=2.6215  min_dist=8.25  mean_dist=14.88
  [sigreg+proto] epoch 3/5  sigreg=0.2077  proto=2.4919  min_dist=8.86  mean_dist=15.45
  [sigreg+proto] epoch 4/5  sigreg=0.2037  proto=2.3971  min_dist=9.19  mean_dist=15.93
  [sigreg+proto] epoch 5/5  sigreg=0.2017  proto=2.3421  min_dist=9.31  mean_dist=16.33
  round 2: pool=2285 purity=0.015 k-hat=4 anchors=8  margin=0.5038  mean-anchor=0.6012  4=0.601
  [visreg] post f=0.05: probe=0.8711 eucl=0.4725 mahaT=0.3634
  [visreg] per-event post f=0.05: power=0.013
  [visreg] sparker (post, annealed)
    post-spk f=0.05: power=0.620 [0.540,0.695] (31/50)
  [visreg] maha (post)
    post-maha f=0.05: power=0.220 [0.159,0.294] (11/50)
  [visreg] mmd (post)
    post-mmd f=0.05: power=1.000 [0.964,1.000] (50/50)
    merged 2 -> 1 anchors
  [sigreg+proto] epoch 1/5  sigreg=0.1522  proto=1.8783  min_dist=1.22  mean_dist=2.54
  [sigreg+proto] epoch 2/5  sigreg=0.1315  proto=1.5970  min_dist=1.66  mean_dist=3.30
  [sigreg+proto] epoch 3/5  sigreg=0.1312  proto=1.4541  min_dist=2.00  mean_dist=3.90
  [sigreg+proto] epoch 4/5  sigreg=0.1305  proto=1.3498  min_dist=2.29  mean_dist=4.39
  [sigreg+proto] epoch 5/5  sigreg=0.1308  proto=1.2905  min_dist=2.55  mean_dist=4.83
  round 1: pool=2348 purity=0.042 k-hat=2 anchors=1  margin=0.4457  mean-anchor=0.4327  4=0.433
  [sigreg+proto] epoch 1/5  sigreg=0.1589  proto=1.9854  min_dist=4.34  mean_dist=7.54
  [sigreg+proto] epoch 2/5  sigreg=0.1773  proto=2.0278  min_dist=5.62  mean_dist=8.65
  [sigreg+proto] epoch 3/5  sigreg=0.1939  proto=2.1483  min_dist=6.56  mean_dist=9.54
  [sigreg+proto] epoch 4/5  sigreg=0.2069  proto=2.3399  min_dist=7.20  mean_dist=10.27
  [sigreg+proto] epoch 5/5  sigreg=0.2165  proto=2.4142  min_dist=7.75  mean_dist=10.89
  round 2: pool=2416 purity=0.069 k-hat=4 anchors=5  margin=0.5416  mean-anchor=0.5302  4=0.530
  [nplm] post f=0.05: probe=0.8471 eucl=0.5603 mahaT=0.5639
  [nplm] per-event post f=0.05: power=0.092
  [nplm] sparker (post, annealed)
    post-spk f=0.05: power=0.040 [0.014,0.090] (2/50)
  [nplm] maha (post)
    post-maha f=0.05: power=0.740 [0.664,0.806] (37/50)
  [nplm] mmd (post)
    post-mmd f=0.05: power=0.580 [0.500,0.657] (29/50)
  [sigreg+proto] epoch 1/5  sigreg=1.6701  proto=31.3484  min_dist=14.89  mean_dist=48.99
  [sigreg+proto] epoch 2/5  sigreg=1.2336  proto=15.6891  min_dist=14.70  mean_dist=48.28
  [sigreg+proto] epoch 3/5  sigreg=0.9762  proto=13.3751  min_dist=14.18  mean_dist=47.63
  [sigreg+proto] epoch 4/5  sigreg=0.8077  proto=12.1628  min_dist=13.67  mean_dist=47.02
  [sigreg+proto] epoch 5/5  sigreg=0.7118  proto=11.1704  min_dist=13.20  mean_dist=46.45
  round 1: pool=2250 purity=0.000 k-hat=4 anchors=4  margin=0.3162  mean-anchor=0.3185  4=0.319
  [sigreg+proto] epoch 1/5  sigreg=0.6147  proto=12.1282  min_dist=12.70  mean_dist=43.04
  [sigreg+proto] epoch 2/5  sigreg=0.5201  proto=10.3033  min_dist=12.36  mean_dist=42.59
  [sigreg+proto] epoch 3/5  sigreg=0.4602  proto=9.3039  min_dist=12.06  mean_dist=42.16
  [sigreg+proto] epoch 4/5  sigreg=0.4229  proto=8.3527  min_dist=11.89  mean_dist=41.74
  [sigreg+proto] epoch 5/5  sigreg=0.3927  proto=8.0208  min_dist=11.36  mean_dist=41.34
  round 2: pool=2266 purity=0.007 k-hat=4 anchors=8  margin=0.5526  mean-anchor=0.6823  4=0.682
  [supcon] post f=0.05: probe=0.8991 eucl=0.7007 mahaT=0.5530
  [supcon] per-event post f=0.05: power=0.012
  [supcon] sparker (post, annealed)
    post-spk f=0.05: power=0.940 [0.885,0.972] (47/50)
  [supcon] maha (post)
    post-maha f=0.05: power=0.700 [0.622,0.769] (35/50)
  [supcon] mmd (post)
    post-mmd f=0.05: power=1.000 [0.964,1.000] (50/50)
  [sigreg+proto] epoch 1/5  sigreg=0.1510  proto=2.8456  min_dist=7.37  mean_dist=15.56
  [sigreg+proto] epoch 2/5  sigreg=0.1395  proto=1.7362  min_dist=8.05  mean_dist=16.09
  [sigreg+proto] epoch 3/5  sigreg=0.1315  proto=1.4888  min_dist=8.61  mean_dist=16.57
  [sigreg+proto] epoch 4/5  sigreg=0.1260  proto=1.3461  min_dist=9.07  mean_dist=16.98
  [sigreg+proto] epoch 5/5  sigreg=0.1223  proto=1.2355  min_dist=9.27  mean_dist=17.33
  round 1: pool=3130 purity=0.281 k-hat=4 anchors=4  margin=0.7951  mean-anchor=0.8054  4=0.805
  [sigreg+proto] epoch 1/5  sigreg=0.1654  proto=3.2856  min_dist=4.63  mean_dist=16.40
  [sigreg+proto] epoch 2/5  sigreg=0.1568  proto=2.1471  min_dist=4.77  mean_dist=16.82
  [sigreg+proto] epoch 3/5  sigreg=0.1526  proto=1.8162  min_dist=4.90  mean_dist=17.21
  [sigreg+proto] epoch 4/5  sigreg=0.1504  proto=1.7597  min_dist=5.01  mean_dist=17.53
  [sigreg+proto] epoch 5/5  sigreg=0.1475  proto=1.7084  min_dist=5.08  mean_dist=17.80
  round 2: pool=2421 purity=0.071 k-hat=4 anchors=8  margin=0.7283  mean-anchor=0.7957  4=0.796
  [supsig] post f=0.05: probe=0.8660 eucl=0.6618 mahaT=0.5489
  [supsig] per-event post f=0.05: power=0.219
  [supsig] sparker (post, annealed)
    post-spk f=0.05: power=0.960 [0.910,0.986] (48/50)
  [supsig] maha (post)
    post-maha f=0.05: power=0.720 [0.643,0.787] (36/50)
  [supsig] mmd (post)
    post-mmd f=0.05: power=1.000 [0.964,1.000] (50/50)
    merged 3 -> 1 anchors
  [sigreg+proto] epoch 1/5  sigreg=0.2961  proto=1.7476  min_dist=3.37  mean_dist=4.86
  [sigreg+proto] epoch 2/5  sigreg=0.1714  proto=0.7667  min_dist=4.57  mean_dist=6.35
  [sigreg+proto] epoch 3/5  sigreg=0.1547  proto=0.6315  min_dist=5.42  mean_dist=7.49
  [sigreg+proto] epoch 4/5  sigreg=0.1442  proto=0.5785  min_dist=6.11  mean_dist=8.44
  [sigreg+proto] epoch 5/5  sigreg=0.1384  proto=0.5736  min_dist=6.71  mean_dist=9.27
  round 1: pool=3140 purity=0.283 k-hat=3 anchors=1  margin=0.9252  mean-anchor=0.8075  4=0.808
  [sigreg+proto] epoch 1/5  sigreg=0.1601  proto=2.0653  min_dist=7.19  mean_dist=10.79
  [sigreg+proto] epoch 2/5  sigreg=0.1612  proto=1.6331  min_dist=8.14  mean_dist=11.97
  [sigreg+proto] epoch 3/5  sigreg=0.1620  proto=1.5839  min_dist=8.82  mean_dist=12.91
  [sigreg+proto] epoch 4/5  sigreg=0.1592  proto=1.5172  min_dist=9.35  mean_dist=13.68
  [sigreg+proto] epoch 5/5  sigreg=0.1590  proto=1.5585  min_dist=9.77  mean_dist=14.32
  round 2: pool=2361 purity=0.047 k-hat=4 anchors=5  margin=0.8725  mean-anchor=0.8120  4=0.812
  [nplmcw] post f=0.05: probe=0.9381 eucl=0.7250 mahaT=0.5003
  [nplmcw] per-event post f=0.05: power=0.434
  [nplmcw] sparker (post, annealed)
    post-spk f=0.05: power=1.000 [0.964,1.000] (50/50)
  [nplmcw] maha (post)
    post-maha f=0.05: power=0.980 [0.936,0.997] (49/50)
  [nplmcw] mmd (post)
    post-mmd f=0.05: power=1.000 [0.964,1.000] (50/50)
  [sigreg+proto] epoch 1/5  sigreg=0.1498  proto=1.4614  min_dist=4.34  mean_dist=11.37
  [sigreg+proto] epoch 2/5  sigreg=0.1270  proto=0.9041  min_dist=5.41  mean_dist=12.46
  [sigreg+proto] epoch 3/5  sigreg=0.1255  proto=0.8125  min_dist=6.19  mean_dist=13.38
  [sigreg+proto] epoch 4/5  sigreg=0.1257  proto=0.7505  min_dist=6.79  mean_dist=14.17
  [sigreg+proto] epoch 5/5  sigreg=0.1267  proto=0.7488  min_dist=7.23  mean_dist=14.85
  round 1: pool=2279 purity=0.013 k-hat=4 anchors=4  margin=0.5461  mean-anchor=0.6967  4=0.697
  [sigreg+proto] epoch 1/5  sigreg=0.1516  proto=2.4401  min_dist=7.13  mean_dist=14.97
  [sigreg+proto] epoch 2/5  sigreg=0.1481  proto=1.7471  min_dist=7.81  mean_dist=15.70
  [sigreg+proto] epoch 3/5  sigreg=0.1466  proto=1.6065  min_dist=8.29  mean_dist=16.31
  [sigreg+proto] epoch 4/5  sigreg=0.1467  proto=1.6105  min_dist=8.45  mean_dist=16.82
  [sigreg+proto] epoch 5/5  sigreg=0.1462  proto=1.5933  min_dist=8.56  mean_dist=17.26
  round 2: pool=2760 purity=0.185 k-hat=4 anchors=8  margin=0.8040  mean-anchor=0.8291  4=0.829
  [ssig] post f=0.05: probe=0.9092 eucl=0.6820 mahaT=0.3706
  [ssig] per-event post f=0.05: power=0.312
  [ssig] sparker (post, annealed)
    post-spk f=0.05: power=1.000 [0.964,1.000] (50/50)
  [ssig] maha (post)
    post-maha f=0.05: power=0.000 [0.000,0.036] (0/50)
  [ssig] mmd (post)
    post-mmd f=0.05: power=1.000 [0.964,1.000] (50/50)
    merged 4 -> 2 anchors
  [sigreg+proto] epoch 1/5  sigreg=0.4206  proto=2.7942  min_dist=1.14  mean_dist=4.89
  [sigreg+proto] epoch 2/5  sigreg=0.2575  proto=1.6870  min_dist=1.56  mean_dist=5.66
  [sigreg+proto] epoch 3/5  sigreg=0.2176  proto=1.2062  min_dist=1.89  mean_dist=6.34
  [sigreg+proto] epoch 4/5  sigreg=0.1941  proto=1.0228  min_dist=2.16  mean_dist=6.94
  [sigreg+proto] epoch 5/5  sigreg=0.1831  proto=0.9261  min_dist=2.41  mean_dist=7.47
  round 1: pool=2661 purity=0.154 k-hat=4 anchors=2  margin=0.7899  mean-anchor=0.6870  4=0.687
  [sigreg+proto] epoch 1/5  sigreg=0.2089  proto=2.4068  min_dist=3.75  mean_dist=10.56
  [sigreg+proto] epoch 2/5  sigreg=0.2084  proto=2.0579  min_dist=4.65  mean_dist=11.57
  [sigreg+proto] epoch 3/5  sigreg=0.2094  proto=2.0278  min_dist=5.36  mean_dist=12.39
  [sigreg+proto] epoch 4/5  sigreg=0.2119  proto=2.0774  min_dist=5.93  mean_dist=13.07
  [sigreg+proto] epoch 5/5  sigreg=0.2135  proto=2.0361  min_dist=6.42  mean_dist=13.66
  round 2: pool=2327 purity=0.033 k-hat=4 anchors=6  margin=0.7838  mean-anchor=0.7826  4=0.783
  [nplmsd] post f=0.05: probe=0.8993 eucl=0.5274 mahaT=0.5478
  [nplmsd] per-event post f=0.05: power=0.149
  [nplmsd] sparker (post, annealed)
    post-spk f=0.05: power=0.980 [0.936,0.997] (49/50)
  [nplmsd] maha (post)
    post-maha f=0.05: power=0.600 [0.520,0.676] (30/50)
  [nplmsd] mmd (post)
    post-mmd f=0.05: power=0.980 [0.936,0.997] (49/50)

===== EXP68 PEREVENT POST POWER =====
  base          0.001    0.003     0.01     0.02     0.05
  simclr        0.045    0.043    0.028    0.022    0.029
  visreg        0.028    0.017    0.011    0.017    0.013
  nplm          0.056    0.057    0.034    0.068    0.092
  supcon        0.002    0.001    0.003    0.004    0.012
  supsig        0.140    0.147    0.155    0.194    0.219
  nplmcw        0.258    0.292    0.293    0.381    0.434
  ssig          0.197    0.176    0.223    0.270    0.312
  nplmsd        0.072    0.104    0.068    0.097    0.149
  saved /home/pharris/sigreg/SuperSig/plots/exp68_perevent_power_cifar10.png

===== EXP68 SPARKER POST POWER =====
  base          0.001    0.003     0.01     0.02     0.05
  simclr        0.080    0.040    0.040    0.080    0.340
  visreg        0.120    0.020    0.060    0.000    0.620
  nplm          0.100    0.120    0.020    0.020    0.040
  supcon        0.120    0.060    0.100    0.220    0.940
  supsig        0.000    0.060    0.320    0.420    0.960
  nplmcw        0.020    0.040    0.020    0.220    1.000
  ssig          0.100    0.040    0.060    0.120    1.000
  nplmsd        0.080    0.020    0.100    0.160    0.980
  saved /home/pharris/sigreg/SuperSig/plots/exp68_sparker_power_cifar10.png

===== EXP68 MAHA POST POWER =====
  base          0.001    0.003     0.01     0.02     0.05
  simclr        0.040    0.120    0.040    0.040    0.320
  visreg        0.140    0.060    0.060    0.100    0.220
  nplm          0.080    0.080    0.040    0.200    0.740
  supcon        0.080    0.060    0.100    0.340    0.700
  supsig        0.040    0.080    0.280    0.320    0.720
  nplmcw        0.040    0.060    0.120    0.520    0.980
  ssig          0.140    0.000    0.040    0.040    0.000
  nplmsd        0.080    0.040    0.020    0.380    0.600
  saved /home/pharris/sigreg/SuperSig/plots/exp68_maha_power_cifar10.png

===== EXP68 MMD POST POWER =====
  base          0.001    0.003     0.01     0.02     0.05
  simclr        0.080    0.080    0.140    0.080    1.000
  visreg        0.060    0.040    0.200    0.020    1.000
  nplm          0.000    0.080    0.020    0.000    0.580
  supcon        0.100    0.060    0.080    0.160    1.000
  supsig        0.080    0.140    0.120    0.200    1.000
  nplmcw        0.100    0.000    0.040    0.340    1.000
  ssig          0.060    0.060    0.100    0.120    1.000
  nplmsd        0.040    0.120    0.020    0.000    0.980
  saved /home/pharris/sigreg/SuperSig/plots/exp68_mmd_power_cifar10.png

===== EXP68 SUMMARY [cifar10] =====
  [simclr  ] probe pre=0.8145 post=0.9050
          round 1: purity=0.011 anchors=3  margin=0.3171  mean-anchor=0.2980
          round 2: purity=0.060 anchors=7  margin=0.5999  mean-anchor=0.7458
  [visreg  ] probe pre=0.8312 post=0.8699
          round 1: purity=0.017 anchors=4  margin=0.5740  mean-anchor=0.6175
          round 2: purity=0.031 anchors=8  margin=0.6016  mean-anchor=0.6979
  [nplm    ] probe pre=0.8009 post=0.8382
          round 1: purity=0.091 anchors=1  margin=0.4882  mean-anchor=0.4163
          round 2: purity=0.145 anchors=5  margin=0.5793  mean-anchor=0.4402
  [supcon  ] probe pre=0.9066 post=0.9123
          round 1: purity=0.000 anchors=4  margin=0.3018  mean-anchor=0.2997
          round 2: purity=0.003 anchors=8  margin=0.3920  mean-anchor=0.4889
  [supsig  ] probe pre=0.8699 post=0.8752
          round 1: purity=0.450 anchors=4  margin=0.7949  mean-anchor=0.8407
          round 2: purity=0.095 anchors=8  margin=0.7696  mean-anchor=0.8229
  [nplmcw  ] probe pre=0.9199 post=0.9544
          round 1: purity=0.461 anchors=1  margin=0.9312  mean-anchor=0.8288
          round 2: purity=0.082 anchors=5  margin=0.9156  mean-anchor=0.8959
  [ssig    ] probe pre=0.8863 post=0.8962
          round 1: purity=0.029 anchors=4  margin=0.5918  mean-anchor=0.7099
          round 2: purity=0.269 anchors=8  margin=0.7856  mean-anchor=0.8023
  [nplmsd  ] probe pre=0.7782 post=0.9080
          round 1: purity=0.285 anchors=2  margin=0.8078  mean-anchor=0.7312
          round 2: purity=0.049 anchors=6  margin=0.8225  mean-anchor=0.7737
Done.
