/home/pharris/venv/lib64/python3.9/site-packages/networkx/utils/backends.py:135: RuntimeWarning: networkx backend defined more than once: nx-loopback
  backends.update(_get_backends("networkx.backends"))
Using cache found in /home/pharris/.cache/torch/hub/chenyaofo_pytorch-cifar-models_master
exp68 [cifar100] discovery on scratch bases ['supcon', 'ssig', 'nplmsd'], dim=100, holdout=[4]

===== base: supcon =====
----- natural discovery: supcon -----
  [sigreg+proto] epoch 1/5  sigreg=0.4656  proto=2.7186  min_dist=1.41  mean_dist=7.95
  [sigreg+proto] epoch 2/5  sigreg=0.4478  proto=2.1964  min_dist=1.92  mean_dist=8.61
  [sigreg+proto] epoch 3/5  sigreg=0.4391  proto=1.9847  min_dist=2.34  mean_dist=9.18
  [sigreg+proto] epoch 4/5  sigreg=0.4471  proto=2.0174  min_dist=2.71  mean_dist=9.68
  [sigreg+proto] epoch 5/5  sigreg=0.4594  proto=1.8379  min_dist=3.06  mean_dist=10.12
  round 1: pool=2475 purity=0.000 k-hat=3 anchors=3  margin=0.5405  mean-anchor=0.6944  4=0.694
  [sigreg+proto] epoch 1/5  sigreg=0.4607  proto=2.5136  min_dist=3.83  mean_dist=10.83
  [sigreg+proto] epoch 2/5  sigreg=0.4954  proto=2.3714  min_dist=4.22  mean_dist=11.32
  [sigreg+proto] epoch 3/5  sigreg=0.5274  proto=2.0791  min_dist=4.50  mean_dist=11.74
  [sigreg+proto] epoch 4/5  sigreg=0.5525  proto=1.8272  min_dist=4.76  mean_dist=12.10
  [sigreg+proto] epoch 5/5  sigreg=0.5757  proto=1.8731  min_dist=5.00  mean_dist=12.42
  round 2: pool=2477 purity=0.001 k-hat=4 anchors=7  margin=0.5223  mean-anchor=0.6879  4=0.688
Using cache found in /home/pharris/.cache/torch/hub/chenyaofo_pytorch-cifar-models_master
  probe pre=0.9400 post=0.9241

===== base: ssig =====
----- natural discovery: ssig -----
  [sigreg+proto] epoch 1/5  sigreg=0.3577  proto=3.6850  min_dist=2.27  mean_dist=11.01
  [sigreg+proto] epoch 2/5  sigreg=0.4447  proto=2.9267  min_dist=2.84  mean_dist=11.35
  [sigreg+proto] epoch 3/5  sigreg=0.5071  proto=2.4156  min_dist=3.28  mean_dist=11.66
  [sigreg+proto] epoch 4/5  sigreg=0.5388  proto=2.1684  min_dist=3.60  mean_dist=11.95
  [sigreg+proto] epoch 5/5  sigreg=0.5805  proto=1.9497  min_dist=3.90  mean_dist=12.21
  round 1: pool=2494 purity=0.008 k-hat=4 anchors=4  margin=0.7270  mean-anchor=0.8440  4=0.844
  [sigreg+proto] epoch 1/5  sigreg=0.4388  proto=3.0184  min_dist=3.94  mean_dist=12.23
  [sigreg+proto] epoch 2/5  sigreg=0.4709  proto=2.2953  min_dist=4.14  mean_dist=12.47
  [sigreg+proto] epoch 3/5  sigreg=0.4903  proto=2.0971  min_dist=4.31  mean_dist=12.71
  [sigreg+proto] epoch 4/5  sigreg=0.5196  proto=1.9452  min_dist=4.48  mean_dist=12.92
  [sigreg+proto] epoch 5/5  sigreg=0.5372  proto=1.8628  min_dist=4.63  mean_dist=13.12
  round 2: pool=2503 purity=0.011 k-hat=4 anchors=8  margin=0.6788  mean-anchor=0.7520  4=0.752
Using cache found in /home/pharris/.cache/torch/hub/chenyaofo_pytorch-cifar-models_master
  probe pre=0.9420 post=0.8957

===== base: nplmsd =====
----- natural discovery: nplmsd -----
    merged 2 -> 1 anchors
  [sigreg+proto] epoch 1/5  sigreg=0.7904  proto=2.9678  min_dist=0.25  mean_dist=2.19
  [sigreg+proto] epoch 2/5  sigreg=0.7400  proto=2.8034  min_dist=0.30  mean_dist=2.40
  [sigreg+proto] epoch 3/5  sigreg=0.7091  proto=2.7049  min_dist=0.36  mean_dist=2.60
  [sigreg+proto] epoch 4/5  sigreg=0.6938  proto=2.6272  min_dist=0.41  mean_dist=2.78
  [sigreg+proto] epoch 5/5  sigreg=0.6805  proto=2.5910  min_dist=0.45  mean_dist=2.95
  round 1: pool=2494 purity=0.008 k-hat=2 anchors=1  margin=0.3330  mean-anchor=0.5634  4=0.563
  [sigreg+proto] epoch 1/5  sigreg=0.6816  proto=2.8053  min_dist=1.21  mean_dist=4.20
  [sigreg+proto] epoch 2/5  sigreg=0.6889  proto=2.6273  min_dist=1.65  mean_dist=4.84
  [sigreg+proto] epoch 3/5  sigreg=0.7042  proto=2.5479  min_dist=2.01  mean_dist=5.38
  [sigreg+proto] epoch 4/5  sigreg=0.7219  proto=2.5556  min_dist=2.31  mean_dist=5.84
  [sigreg+proto] epoch 5/5  sigreg=0.7377  proto=2.4692  min_dist=2.54  mean_dist=6.25
  round 2: pool=2479 purity=0.002 k-hat=4 anchors=5  margin=0.3093  mean-anchor=0.5381  4=0.538
  probe pre=0.8142 post=0.8762

===== POST grid, f=0.001 (50 injected) =====
  [sigreg+proto] epoch 1/5  sigreg=0.4528  proto=2.4004  min_dist=1.41  mean_dist=7.96
  [sigreg+proto] epoch 2/5  sigreg=0.4403  proto=2.1209  min_dist=1.92  mean_dist=8.62
  [sigreg+proto] epoch 3/5  sigreg=0.4409  proto=2.0700  min_dist=2.34  mean_dist=9.19
  [sigreg+proto] epoch 4/5  sigreg=0.4434  proto=1.9715  min_dist=2.71  mean_dist=9.69
  [sigreg+proto] epoch 5/5  sigreg=0.4603  proto=1.8153  min_dist=3.05  mean_dist=10.14
  round 1: pool=2475 purity=0.000 k-hat=3 anchors=3  margin=0.5220  mean-anchor=0.6752  4=0.675
  [sigreg+proto] epoch 1/5  sigreg=0.4563  proto=2.4295  min_dist=3.86  mean_dist=10.82
  [sigreg+proto] epoch 2/5  sigreg=0.4818  proto=2.1673  min_dist=4.24  mean_dist=11.33
  [sigreg+proto] epoch 3/5  sigreg=0.5060  proto=1.8903  min_dist=4.53  mean_dist=11.76
  [sigreg+proto] epoch 4/5  sigreg=0.5429  proto=1.9268  min_dist=4.81  mean_dist=12.13
  [sigreg+proto] epoch 5/5  sigreg=0.5628  proto=1.7944  min_dist=5.04  mean_dist=12.45
  round 2: pool=2475 purity=0.000 k-hat=4 anchors=7  margin=0.5238  mean-anchor=0.7556  4=0.756
  [supcon] per-event post f=0.001: power=0.010
  [supcon] sparker (post, annealed)
    post-spk f=0.001: power=0.020 [0.003,0.064] (1/50)
  [supcon] maha (post)
    post-maha f=0.001: power=0.040 [0.014,0.090] (2/50)
  [supcon] mmd (post)
    post-mmd f=0.001: power=0.060 [0.028,0.115] (3/50)
  [sigreg+proto] epoch 1/5  sigreg=0.3571  proto=3.7499  min_dist=2.27  mean_dist=11.01
  [sigreg+proto] epoch 2/5  sigreg=0.4448  proto=2.8864  min_dist=2.83  mean_dist=11.34
  [sigreg+proto] epoch 3/5  sigreg=0.4980  proto=2.4489  min_dist=3.27  mean_dist=11.65
  [sigreg+proto] epoch 4/5  sigreg=0.5396  proto=2.2128  min_dist=3.64  mean_dist=11.93
  [sigreg+proto] epoch 5/5  sigreg=0.5765  proto=1.9393  min_dist=3.93  mean_dist=12.19
  round 1: pool=2477 purity=0.001 k-hat=4 anchors=4  margin=0.7210  mean-anchor=0.8163  4=0.816
  [sigreg+proto] epoch 1/5  sigreg=0.4481  proto=3.0624  min_dist=3.39  mean_dist=12.22
  [sigreg+proto] epoch 2/5  sigreg=0.4653  proto=2.2622  min_dist=3.58  mean_dist=12.46
  [sigreg+proto] epoch 3/5  sigreg=0.4922  proto=2.1238  min_dist=3.77  mean_dist=12.69
  [sigreg+proto] epoch 4/5  sigreg=0.5198  proto=2.0338  min_dist=3.94  mean_dist=12.91
  [sigreg+proto] epoch 5/5  sigreg=0.5423  proto=1.7021  min_dist=4.11  mean_dist=13.11
  round 2: pool=2481 purity=0.002 k-hat=4 anchors=8  margin=0.7095  mean-anchor=0.7740  4=0.774
  [ssig] per-event post f=0.001: power=0.030
  [ssig] sparker (post, annealed)
    post-spk f=0.001: power=0.040 [0.014,0.090] (2/50)
  [ssig] maha (post)
    post-maha f=0.001: power=0.040 [0.014,0.090] (2/50)
  [ssig] mmd (post)
    post-mmd f=0.001: power=0.040 [0.014,0.090] (2/50)
    merged 2 -> 1 anchors
  [sigreg+proto] epoch 1/5  sigreg=0.7893  proto=2.9410  min_dist=0.25  mean_dist=2.19
  [sigreg+proto] epoch 2/5  sigreg=0.7413  proto=2.7933  min_dist=0.30  mean_dist=2.40
  [sigreg+proto] epoch 3/5  sigreg=0.7113  proto=2.6964  min_dist=0.36  mean_dist=2.60
  [sigreg+proto] epoch 4/5  sigreg=0.6975  proto=2.6687  min_dist=0.41  mean_dist=2.78
  [sigreg+proto] epoch 5/5  sigreg=0.6879  proto=2.5329  min_dist=0.45  mean_dist=2.95
  round 1: pool=2477 purity=0.001 k-hat=2 anchors=1  margin=0.3431  mean-anchor=0.5501  4=0.550
  [sigreg+proto] epoch 1/5  sigreg=0.6838  proto=2.7823  min_dist=1.21  mean_dist=4.21
  [sigreg+proto] epoch 2/5  sigreg=0.6886  proto=2.5853  min_dist=1.65  mean_dist=4.85
  [sigreg+proto] epoch 3/5  sigreg=0.7017  proto=2.6069  min_dist=2.01  mean_dist=5.38
  [sigreg+proto] epoch 4/5  sigreg=0.7220  proto=2.5157  min_dist=2.31  mean_dist=5.84
  [sigreg+proto] epoch 5/5  sigreg=0.7396  proto=2.5173  min_dist=2.55  mean_dist=6.25
  round 2: pool=2475 purity=0.000 k-hat=4 anchors=5  margin=0.3065  mean-anchor=0.5516  4=0.552
  [nplmsd] per-event post f=0.001: power=0.000
  [nplmsd] sparker (post, annealed)
    post-spk f=0.001: power=0.000 [0.000,0.036] (0/50)
  [nplmsd] maha (post)
    post-maha f=0.001: power=0.060 [0.028,0.115] (3/50)
  [nplmsd] mmd (post)
    post-mmd f=0.001: power=0.120 [0.074,0.184] (6/50)

===== POST grid, f=0.003 (149 injected) =====
  [sigreg+proto] epoch 1/5  sigreg=0.4636  proto=2.4913  min_dist=1.41  mean_dist=7.96
  [sigreg+proto] epoch 2/5  sigreg=0.4367  proto=2.1563  min_dist=1.92  mean_dist=8.61
  [sigreg+proto] epoch 3/5  sigreg=0.4300  proto=2.0174  min_dist=2.34  mean_dist=9.19
  [sigreg+proto] epoch 4/5  sigreg=0.4376  proto=1.9459  min_dist=2.71  mean_dist=9.69
  [sigreg+proto] epoch 5/5  sigreg=0.4432  proto=1.7827  min_dist=3.05  mean_dist=10.14
  round 1: pool=2475 purity=0.000 k-hat=3 anchors=3  margin=0.5477  mean-anchor=0.7254  4=0.725
  [sigreg+proto] epoch 1/5  sigreg=0.4599  proto=2.3972  min_dist=3.85  mean_dist=10.81
  [sigreg+proto] epoch 2/5  sigreg=0.4885  proto=2.2124  min_dist=4.22  mean_dist=11.31
  [sigreg+proto] epoch 3/5  sigreg=0.5252  proto=2.0869  min_dist=4.55  mean_dist=11.73
  [sigreg+proto] epoch 4/5  sigreg=0.5503  proto=1.9235  min_dist=4.77  mean_dist=12.10
  [sigreg+proto] epoch 5/5  sigreg=0.5736  proto=1.7317  min_dist=5.03  mean_dist=12.42
  round 2: pool=2476 purity=0.000 k-hat=4 anchors=7  margin=0.4778  mean-anchor=0.7091  4=0.709
  [supcon] per-event post f=0.003: power=0.020
  [supcon] sparker (post, annealed)
    post-spk f=0.003: power=0.000 [0.000,0.036] (0/50)
  [supcon] maha (post)
    post-maha f=0.003: power=0.020 [0.003,0.064] (1/50)
  [supcon] mmd (post)
    post-mmd f=0.003: power=0.100 [0.058,0.162] (5/50)
  [sigreg+proto] epoch 1/5  sigreg=0.3538  proto=3.7593  min_dist=2.27  mean_dist=11.00
  [sigreg+proto] epoch 2/5  sigreg=0.4342  proto=2.7828  min_dist=2.84  mean_dist=11.34
  [sigreg+proto] epoch 3/5  sigreg=0.4909  proto=2.4068  min_dist=3.25  mean_dist=11.66
  [sigreg+proto] epoch 4/5  sigreg=0.5486  proto=2.2033  min_dist=3.62  mean_dist=11.94
  [sigreg+proto] epoch 5/5  sigreg=0.5787  proto=2.0026  min_dist=3.90  mean_dist=12.20
  round 1: pool=2477 purity=0.001 k-hat=4 anchors=4  margin=0.7039  mean-anchor=0.8023  4=0.802
  [sigreg+proto] epoch 1/5  sigreg=0.4618  proto=3.0058  min_dist=3.56  mean_dist=12.23
  [sigreg+proto] epoch 2/5  sigreg=0.4950  proto=2.2431  min_dist=3.74  mean_dist=12.47
  [sigreg+proto] epoch 3/5  sigreg=0.5303  proto=2.1547  min_dist=3.95  mean_dist=12.69
  [sigreg+proto] epoch 4/5  sigreg=0.5485  proto=1.9361  min_dist=4.14  mean_dist=12.90
  [sigreg+proto] epoch 5/5  sigreg=0.5601  proto=1.7300  min_dist=4.29  mean_dist=13.10
  round 2: pool=2488 purity=0.005 k-hat=4 anchors=8  margin=0.6433  mean-anchor=0.7375  4=0.738
  [ssig] per-event post f=0.003: power=0.010
  [ssig] sparker (post, annealed)
    post-spk f=0.003: power=0.080 [0.042,0.138] (4/50)
  [ssig] maha (post)
    post-maha f=0.003: power=0.100 [0.058,0.162] (5/50)
  [ssig] mmd (post)
    post-mmd f=0.003: power=0.100 [0.058,0.162] (5/50)
    merged 2 -> 1 anchors
  [sigreg+proto] epoch 1/5  sigreg=0.7921  proto=2.9454  min_dist=0.25  mean_dist=2.19
  [sigreg+proto] epoch 2/5  sigreg=0.7397  proto=2.7730  min_dist=0.30  mean_dist=2.40
  [sigreg+proto] epoch 3/5  sigreg=0.7100  proto=2.7223  min_dist=0.36  mean_dist=2.60
  [sigreg+proto] epoch 4/5  sigreg=0.6938  proto=2.6445  min_dist=0.41  mean_dist=2.78
  [sigreg+proto] epoch 5/5  sigreg=0.6839  proto=2.5815  min_dist=0.45  mean_dist=2.95
  round 1: pool=2479 purity=0.002 k-hat=2 anchors=1  margin=0.3786  mean-anchor=0.6023  4=0.602
  [sigreg+proto] epoch 1/5  sigreg=0.6804  proto=2.7553  min_dist=1.21  mean_dist=4.17
  [sigreg+proto] epoch 2/5  sigreg=0.6974  proto=2.5884  min_dist=1.65  mean_dist=4.82
  [sigreg+proto] epoch 3/5  sigreg=0.7094  proto=2.6313  min_dist=2.01  mean_dist=5.35
  [sigreg+proto] epoch 4/5  sigreg=0.7299  proto=2.5983  min_dist=2.25  mean_dist=5.81
  [sigreg+proto] epoch 5/5  sigreg=0.7470  proto=2.4725  min_dist=2.49  mean_dist=6.23
  round 2: pool=2476 purity=0.000 k-hat=4 anchors=5  margin=0.3289  mean-anchor=0.6019  4=0.602
  [nplmsd] per-event post f=0.003: power=0.000
  [nplmsd] sparker (post, annealed)
    post-spk f=0.003: power=0.160 [0.107,0.229] (8/50)
  [nplmsd] maha (post)
    post-maha f=0.003: power=0.080 [0.042,0.138] (4/50)
  [nplmsd] mmd (post)
    post-mmd f=0.003: power=0.080 [0.042,0.138] (4/50)

===== POST grid, f=0.01 (500 injected) =====
  [sigreg+proto] epoch 1/5  sigreg=0.4631  proto=2.5725  min_dist=1.41  mean_dist=7.96
  [sigreg+proto] epoch 2/5  sigreg=0.4367  proto=2.2644  min_dist=1.92  mean_dist=8.62
  [sigreg+proto] epoch 3/5  sigreg=0.4414  proto=2.0292  min_dist=2.34  mean_dist=9.19
  [sigreg+proto] epoch 4/5  sigreg=0.4339  proto=1.8580  min_dist=2.72  mean_dist=9.70
  [sigreg+proto] epoch 5/5  sigreg=0.4561  proto=1.9188  min_dist=3.05  mean_dist=10.14
  round 1: pool=2475 purity=0.000 k-hat=3 anchors=3  margin=0.4895  mean-anchor=0.6070  4=0.607
  [sigreg+proto] epoch 1/5  sigreg=0.4582  proto=2.4821  min_dist=3.83  mean_dist=11.10
  [sigreg+proto] epoch 2/5  sigreg=0.4786  proto=2.2724  min_dist=4.25  mean_dist=11.61
  [sigreg+proto] epoch 3/5  sigreg=0.5089  proto=2.1249  min_dist=4.64  mean_dist=12.02
  [sigreg+proto] epoch 4/5  sigreg=0.5323  proto=2.0270  min_dist=4.91  mean_dist=12.38
  [sigreg+proto] epoch 5/5  sigreg=0.5708  proto=1.9537  min_dist=5.12  mean_dist=12.69
  round 2: pool=2479 purity=0.002 k-hat=4 anchors=7  margin=0.6057  mean-anchor=0.7873  4=0.787
  [supcon] per-event post f=0.01: power=0.040
  [supcon] sparker (post, annealed)
    post-spk f=0.01: power=0.140 [0.090,0.207] (7/50)
  [supcon] maha (post)
    post-maha f=0.01: power=0.100 [0.058,0.162] (5/50)
  [supcon] mmd (post)
    post-mmd f=0.01: power=0.140 [0.090,0.207] (7/50)
  [sigreg+proto] epoch 1/5  sigreg=0.3634  proto=3.8336  min_dist=2.27  mean_dist=10.99
  [sigreg+proto] epoch 2/5  sigreg=0.4357  proto=2.8407  min_dist=2.84  mean_dist=11.34
  [sigreg+proto] epoch 3/5  sigreg=0.4889  proto=2.3977  min_dist=3.25  mean_dist=11.65
  [sigreg+proto] epoch 4/5  sigreg=0.5217  proto=2.1149  min_dist=3.60  mean_dist=11.94
  [sigreg+proto] epoch 5/5  sigreg=0.5575  proto=1.9758  min_dist=3.89  mean_dist=12.20
  round 1: pool=2494 purity=0.008 k-hat=4 anchors=4  margin=0.7371  mean-anchor=0.8225  4=0.823
  [sigreg+proto] epoch 1/5  sigreg=0.4539  proto=2.9980  min_dist=3.83  mean_dist=12.23
  [sigreg+proto] epoch 2/5  sigreg=0.4759  proto=2.2943  min_dist=4.03  mean_dist=12.47
  [sigreg+proto] epoch 3/5  sigreg=0.4973  proto=2.0307  min_dist=4.25  mean_dist=12.70
  [sigreg+proto] epoch 4/5  sigreg=0.5189  proto=1.9285  min_dist=4.44  mean_dist=12.92
  [sigreg+proto] epoch 5/5  sigreg=0.5368  proto=1.8219  min_dist=4.64  mean_dist=13.12
  round 2: pool=2519 purity=0.017 k-hat=4 anchors=8  margin=0.6778  mean-anchor=0.7538  4=0.754
  [ssig] per-event post f=0.01: power=0.010
  [ssig] sparker (post, annealed)
    post-spk f=0.01: power=0.020 [0.003,0.064] (1/50)
  [ssig] maha (post)
    post-maha f=0.01: power=0.040 [0.014,0.090] (2/50)
  [ssig] mmd (post)
    post-mmd f=0.01: power=0.020 [0.003,0.064] (1/50)
    merged 2 -> 1 anchors
  [sigreg+proto] epoch 1/5  sigreg=0.7914  proto=2.9231  min_dist=0.25  mean_dist=2.19
  [sigreg+proto] epoch 2/5  sigreg=0.7380  proto=2.8312  min_dist=0.30  mean_dist=2.40
  [sigreg+proto] epoch 3/5  sigreg=0.7129  proto=2.7101  min_dist=0.36  mean_dist=2.60
  [sigreg+proto] epoch 4/5  sigreg=0.6971  proto=2.6613  min_dist=0.41  mean_dist=2.78
  [sigreg+proto] epoch 5/5  sigreg=0.6838  proto=2.6015  min_dist=0.45  mean_dist=2.95
  round 1: pool=2494 purity=0.008 k-hat=2 anchors=1  margin=0.3489  mean-anchor=0.5424  4=0.542
  [sigreg+proto] epoch 1/5  sigreg=0.6836  proto=2.7500  min_dist=1.21  mean_dist=4.20
  [sigreg+proto] epoch 2/5  sigreg=0.6901  proto=2.5830  min_dist=1.65  mean_dist=4.85
  [sigreg+proto] epoch 3/5  sigreg=0.7065  proto=2.5363  min_dist=2.01  mean_dist=5.38
  [sigreg+proto] epoch 4/5  sigreg=0.7261  proto=2.4727  min_dist=2.26  mean_dist=5.85
  [sigreg+proto] epoch 5/5  sigreg=0.7435  proto=2.4595  min_dist=2.49  mean_dist=6.26
  round 2: pool=2478 purity=0.001 k-hat=4 anchors=5  margin=0.3451  mean-anchor=0.5923  4=0.592
  [nplmsd] per-event post f=0.01: power=0.000
  [nplmsd] sparker (post, annealed)
    post-spk f=0.01: power=0.020 [0.003,0.064] (1/50)
  [nplmsd] maha (post)
    post-maha f=0.01: power=0.020 [0.003,0.064] (1/50)
  [nplmsd] mmd (post)
    post-mmd f=0.01: power=0.020 [0.003,0.064] (1/50)

===== POST grid, f=0.02 (500 injected) =====
  [sigreg+proto] epoch 1/5  sigreg=0.4634  proto=2.5021  min_dist=1.41  mean_dist=7.96
  [sigreg+proto] epoch 2/5  sigreg=0.4394  proto=2.0682  min_dist=1.92  mean_dist=8.62
  [sigreg+proto] epoch 3/5  sigreg=0.4373  proto=2.0688  min_dist=2.34  mean_dist=9.19
  [sigreg+proto] epoch 4/5  sigreg=0.4466  proto=1.9413  min_dist=2.71  mean_dist=9.69
  [sigreg+proto] epoch 5/5  sigreg=0.4532  proto=1.8976  min_dist=3.04  mean_dist=10.14
  round 1: pool=2475 purity=0.000 k-hat=3 anchors=3  margin=0.5597  mean-anchor=0.6941  4=0.694
  [sigreg+proto] epoch 1/5  sigreg=0.4499  proto=2.4191  min_dist=3.91  mean_dist=10.86
  [sigreg+proto] epoch 2/5  sigreg=0.4844  proto=2.2523  min_dist=4.27  mean_dist=11.37
  [sigreg+proto] epoch 3/5  sigreg=0.5143  proto=2.0611  min_dist=4.55  mean_dist=11.79
  [sigreg+proto] epoch 4/5  sigreg=0.5411  proto=2.1045  min_dist=4.78  mean_dist=12.15
  [sigreg+proto] epoch 5/5  sigreg=0.5728  proto=1.8583  min_dist=5.04  mean_dist=12.46
  round 2: pool=2479 purity=0.002 k-hat=4 anchors=7  margin=0.5555  mean-anchor=0.7715  4=0.771
  [supcon] per-event post f=0.02: power=0.010
  [supcon] sparker (post, annealed)
    post-spk f=0.02: power=0.000 [0.000,0.036] (0/50)
  [supcon] maha (post)
    post-maha f=0.02: power=0.020 [0.003,0.064] (1/50)
  [supcon] mmd (post)
    post-mmd f=0.02: power=0.860 [0.793,0.910] (43/50)
  [sigreg+proto] epoch 1/5  sigreg=0.3656  proto=3.7726  min_dist=2.26  mean_dist=11.00
  [sigreg+proto] epoch 2/5  sigreg=0.4380  proto=2.8425  min_dist=2.82  mean_dist=11.34
  [sigreg+proto] epoch 3/5  sigreg=0.4896  proto=2.3468  min_dist=3.26  mean_dist=11.66
  [sigreg+proto] epoch 4/5  sigreg=0.5297  proto=2.1599  min_dist=3.57  mean_dist=11.94
  [sigreg+proto] epoch 5/5  sigreg=0.5567  proto=1.8986  min_dist=3.87  mean_dist=12.21
  round 1: pool=2494 purity=0.008 k-hat=4 anchors=4  margin=0.7866  mean-anchor=0.8648  4=0.865
  [sigreg+proto] epoch 1/5  sigreg=0.4531  proto=2.9670  min_dist=4.17  mean_dist=12.25
  [sigreg+proto] epoch 2/5  sigreg=0.4784  proto=2.2335  min_dist=4.38  mean_dist=12.49
  [sigreg+proto] epoch 3/5  sigreg=0.4951  proto=2.0918  min_dist=4.58  mean_dist=12.72
  [sigreg+proto] epoch 4/5  sigreg=0.5208  proto=1.8995  min_dist=4.74  mean_dist=12.93
  [sigreg+proto] epoch 5/5  sigreg=0.5430  proto=1.7661  min_dist=4.92  mean_dist=13.13
  round 2: pool=2506 purity=0.012 k-hat=4 anchors=8  margin=0.6693  mean-anchor=0.7412  4=0.741
  [ssig] per-event post f=0.02: power=0.010
  [ssig] sparker (post, annealed)
    post-spk f=0.02: power=0.080 [0.042,0.138] (4/50)
  [ssig] maha (post)
    post-maha f=0.02: power=0.120 [0.074,0.184] (6/50)
  [ssig] mmd (post)
    post-mmd f=0.02: power=0.840 [0.771,0.893] (42/50)
    merged 2 -> 1 anchors
  [sigreg+proto] epoch 1/5  sigreg=0.7915  proto=2.9199  min_dist=0.25  mean_dist=2.19
  [sigreg+proto] epoch 2/5  sigreg=0.7398  proto=2.7823  min_dist=0.30  mean_dist=2.40
  [sigreg+proto] epoch 3/5  sigreg=0.7110  proto=2.7011  min_dist=0.36  mean_dist=2.60
  [sigreg+proto] epoch 4/5  sigreg=0.6931  proto=2.6132  min_dist=0.41  mean_dist=2.78
  [sigreg+proto] epoch 5/5  sigreg=0.6821  proto=2.5777  min_dist=0.45  mean_dist=2.95
  round 1: pool=2494 purity=0.008 k-hat=2 anchors=1  margin=0.3455  mean-anchor=0.6112  4=0.611
  [sigreg+proto] epoch 1/5  sigreg=0.6721  proto=2.7483  min_dist=1.21  mean_dist=4.19
  [sigreg+proto] epoch 2/5  sigreg=0.6876  proto=2.5339  min_dist=1.65  mean_dist=4.84
  [sigreg+proto] epoch 3/5  sigreg=0.6980  proto=2.5400  min_dist=2.01  mean_dist=5.37
  [sigreg+proto] epoch 4/5  sigreg=0.7167  proto=2.4587  min_dist=2.31  mean_dist=5.83
  [sigreg+proto] epoch 5/5  sigreg=0.7370  proto=2.4222  min_dist=2.54  mean_dist=6.24
  round 2: pool=2476 purity=0.000 k-hat=4 anchors=5  margin=0.2972  mean-anchor=0.5769  4=0.577
  [nplmsd] per-event post f=0.02: power=0.000
  [nplmsd] sparker (post, annealed)
    post-spk f=0.02: power=0.060 [0.028,0.115] (3/50)
  [nplmsd] maha (post)
    post-maha f=0.02: power=0.020 [0.003,0.064] (1/50)
  [nplmsd] mmd (post)
    post-mmd f=0.02: power=0.760 [0.685,0.823] (38/50)

===== POST grid, f=0.05 (500 injected) =====
  [sigreg+proto] epoch 1/5  sigreg=0.4651  proto=2.7566  min_dist=1.41  mean_dist=7.96
  [sigreg+proto] epoch 2/5  sigreg=0.4401  proto=2.1485  min_dist=1.93  mean_dist=8.62
  [sigreg+proto] epoch 3/5  sigreg=0.4372  proto=1.9551  min_dist=2.34  mean_dist=9.19
  [sigreg+proto] epoch 4/5  sigreg=0.4397  proto=1.9110  min_dist=2.72  mean_dist=9.69
  [sigreg+proto] epoch 5/5  sigreg=0.4527  proto=1.9340  min_dist=3.05  mean_dist=10.14
  round 1: pool=2475 purity=0.000 k-hat=3 anchors=3  margin=0.5106  mean-anchor=0.7032  4=0.703
  [sigreg+proto] epoch 1/5  sigreg=0.4632  proto=2.5082  min_dist=3.84  mean_dist=10.83
  [sigreg+proto] epoch 2/5  sigreg=0.4878  proto=2.2993  min_dist=4.26  mean_dist=11.34
  [sigreg+proto] epoch 3/5  sigreg=0.5222  proto=2.0212  min_dist=4.56  mean_dist=11.76
  [sigreg+proto] epoch 4/5  sigreg=0.5525  proto=1.9268  min_dist=4.81  mean_dist=12.12
  [sigreg+proto] epoch 5/5  sigreg=0.5691  proto=1.8587  min_dist=5.05  mean_dist=12.43
  round 2: pool=2477 purity=0.001 k-hat=4 anchors=7  margin=0.5351  mean-anchor=0.7190  4=0.719
  [supcon] per-event post f=0.05: power=0.000
  [supcon] sparker (post, annealed)
    post-spk f=0.05: power=1.000 [0.964,1.000] (50/50)
  [supcon] maha (post)
    post-maha f=0.05: power=0.000 [0.000,0.036] (0/50)
  [supcon] mmd (post)
    post-mmd f=0.05: power=1.000 [0.964,1.000] (50/50)
  [sigreg+proto] epoch 1/5  sigreg=0.3612  proto=3.7660  min_dist=2.27  mean_dist=11.00
  [sigreg+proto] epoch 2/5  sigreg=0.4374  proto=2.9136  min_dist=2.82  mean_dist=11.33
  [sigreg+proto] epoch 3/5  sigreg=0.4962  proto=2.4633  min_dist=3.24  mean_dist=11.64
  [sigreg+proto] epoch 4/5  sigreg=0.5410  proto=2.1690  min_dist=3.56  mean_dist=11.92
  [sigreg+proto] epoch 5/5  sigreg=0.5650  proto=1.9831  min_dist=3.83  mean_dist=12.18
  round 1: pool=2494 purity=0.008 k-hat=4 anchors=4  margin=0.7444  mean-anchor=0.8429  4=0.843
  [sigreg+proto] epoch 1/5  sigreg=0.4545  proto=2.8780  min_dist=4.01  mean_dist=12.22
  [sigreg+proto] epoch 2/5  sigreg=0.4803  proto=2.2138  min_dist=4.23  mean_dist=12.46
  [sigreg+proto] epoch 3/5  sigreg=0.4995  proto=1.9994  min_dist=4.46  mean_dist=12.70
  [sigreg+proto] epoch 4/5  sigreg=0.5233  proto=1.9226  min_dist=4.68  mean_dist=12.91
  [sigreg+proto] epoch 5/5  sigreg=0.5385  proto=1.7561  min_dist=4.82  mean_dist=13.12
  round 2: pool=2516 purity=0.016 k-hat=4 anchors=8  margin=0.6934  mean-anchor=0.7446  4=0.745
  [ssig] per-event post f=0.05: power=0.030
  [ssig] sparker (post, annealed)
    post-spk f=0.05: power=1.000 [0.964,1.000] (50/50)
  [ssig] maha (post)
    post-maha f=0.05: power=0.160 [0.107,0.229] (8/50)
  [ssig] mmd (post)
    post-mmd f=0.05: power=1.000 [0.964,1.000] (50/50)
    merged 2 -> 1 anchors
  [sigreg+proto] epoch 1/5  sigreg=0.7912  proto=2.9473  min_dist=0.25  mean_dist=2.19
  [sigreg+proto] epoch 2/5  sigreg=0.7404  proto=2.7917  min_dist=0.30  mean_dist=2.40
  [sigreg+proto] epoch 3/5  sigreg=0.7137  proto=2.7045  min_dist=0.36  mean_dist=2.60
  [sigreg+proto] epoch 4/5  sigreg=0.6967  proto=2.6304  min_dist=0.41  mean_dist=2.78
  [sigreg+proto] epoch 5/5  sigreg=0.6810  proto=2.5802  min_dist=0.45  mean_dist=2.95
  round 1: pool=2494 purity=0.008 k-hat=2 anchors=1  margin=0.3869  mean-anchor=0.5451  4=0.545
  [sigreg+proto] epoch 1/5  sigreg=0.6804  proto=2.8122  min_dist=1.21  mean_dist=4.26
  [sigreg+proto] epoch 2/5  sigreg=0.6900  proto=2.6351  min_dist=1.65  mean_dist=4.89
  [sigreg+proto] epoch 3/5  sigreg=0.7107  proto=2.5697  min_dist=2.01  mean_dist=5.42
  [sigreg+proto] epoch 4/5  sigreg=0.7278  proto=2.5025  min_dist=2.31  mean_dist=5.88
  [sigreg+proto] epoch 5/5  sigreg=0.7441  proto=2.4131  min_dist=2.54  mean_dist=6.28
  round 2: pool=2486 purity=0.004 k-hat=4 anchors=5  margin=0.3811  mean-anchor=0.6219  4=0.622
  [nplmsd] per-event post f=0.05: power=0.010
  [nplmsd] sparker (post, annealed)
    post-spk f=0.05: power=0.880 [0.816,0.926] (44/50)
  [nplmsd] maha (post)
    post-maha f=0.05: power=0.000 [0.000,0.036] (0/50)
  [nplmsd] mmd (post)
    post-mmd f=0.05: power=1.000 [0.964,1.000] (50/50)

===== EXP68 PEREVENT POST POWER =====
  base          0.001    0.003     0.01     0.02     0.05
  supcon        0.010    0.020    0.040    0.010    0.000
  ssig          0.030    0.010    0.010    0.010    0.030
  nplmsd        0.000    0.000    0.000    0.000    0.010
  saved /home/pharris/sigreg/SuperSig/plots/exp68_perevent_power_cifar100.png

===== EXP68 SPARKER POST POWER =====
  base          0.001    0.003     0.01     0.02     0.05
  supcon        0.020    0.000    0.140    0.000    1.000
  ssig          0.040    0.080    0.020    0.080    1.000
  nplmsd        0.000    0.160    0.020    0.060    0.880
  saved /home/pharris/sigreg/SuperSig/plots/exp68_sparker_power_cifar100.png

===== EXP68 MAHA POST POWER =====
  base          0.001    0.003     0.01     0.02     0.05
  supcon        0.040    0.020    0.100    0.020    0.000
  ssig          0.040    0.100    0.040    0.120    0.160
  nplmsd        0.060    0.080    0.020    0.020    0.000
  saved /home/pharris/sigreg/SuperSig/plots/exp68_maha_power_cifar100.png

===== EXP68 MMD POST POWER =====
  base          0.001    0.003     0.01     0.02     0.05
  supcon        0.060    0.100    0.140    0.860    1.000
  ssig          0.040    0.100    0.020    0.840    1.000
  nplmsd        0.120    0.080    0.020    0.760    1.000
  saved /home/pharris/sigreg/SuperSig/plots/exp68_mmd_power_cifar100.png

===== EXP68 SUMMARY [cifar100] =====
  [supcon  ] probe pre=0.9400 post=0.9241
          round 1: purity=0.000 anchors=3  margin=0.5405  mean-anchor=0.6944
          round 2: purity=0.001 anchors=7  margin=0.5223  mean-anchor=0.6879
  [ssig    ] probe pre=0.9420 post=0.8957
          round 1: purity=0.008 anchors=4  margin=0.7270  mean-anchor=0.8440
          round 2: purity=0.011 anchors=8  margin=0.6788  mean-anchor=0.7520
  [nplmsd  ] probe pre=0.8142 post=0.8762
          round 1: purity=0.008 anchors=1  margin=0.3330  mean-anchor=0.5634
          round 2: purity=0.002 anchors=5  margin=0.3093  mean-anchor=0.5381
Done.
