/home/pharris/venv/lib64/python3.9/site-packages/networkx/utils/backends.py:135: RuntimeWarning: networkx backend defined more than once: nx-loopback
  backends.update(_get_backends("networkx.backends"))
Using cache found in /home/pharris/.cache/torch/hub/chenyaofo_pytorch-cifar-models_master
exp68 [cifar100] discovery on scratch bases ['simclr', 'visreg', 'nplm', 'supcon', 'supsig', 'nplmcw', 'ssig', 'nplmsd'], dim=100, holdout=[4]

===== base: simclr =====
----- natural discovery: simclr -----
  [sigreg+proto] epoch 1/5  sigreg=0.5236  proto=15.0847  min_dist=2.73  mean_dist=10.86
  [sigreg+proto] epoch 2/5  sigreg=0.7867  proto=8.5965  min_dist=3.14  mean_dist=11.03
  [sigreg+proto] epoch 3/5  sigreg=1.0249  proto=6.4666  min_dist=3.49  mean_dist=11.21
  [sigreg+proto] epoch 4/5  sigreg=1.1625  proto=5.2022  min_dist=3.64  mean_dist=11.39
  [sigreg+proto] epoch 5/5  sigreg=1.2171  proto=4.4978  min_dist=3.76  mean_dist=11.56
  round 1: pool=2485 purity=0.004 k-hat=4 anchors=4  margin=0.5164  mean-anchor=0.5617  4=0.562
  [sigreg+proto] epoch 1/5  sigreg=0.9664  proto=6.4208  min_dist=3.94  mean_dist=11.83
  [sigreg+proto] epoch 2/5  sigreg=1.0496  proto=4.0711  min_dist=4.13  mean_dist=11.99
  [sigreg+proto] epoch 3/5  sigreg=1.0830  proto=3.6344  min_dist=4.31  mean_dist=12.15
  [sigreg+proto] epoch 4/5  sigreg=1.1095  proto=3.3313  min_dist=4.46  mean_dist=12.30
  [sigreg+proto] epoch 5/5  sigreg=1.1361  proto=3.0671  min_dist=4.63  mean_dist=12.44
  round 2: pool=2487 purity=0.005 k-hat=4 anchors=8  margin=0.4280  mean-anchor=0.6025  4=0.602
Using cache found in /home/pharris/.cache/torch/hub/chenyaofo_pytorch-cifar-models_master
  probe pre=0.8193 post=0.8892

===== base: visreg =====
----- natural discovery: visreg -----
  [sigreg+proto] epoch 1/5  sigreg=0.5074  proto=6.7381  min_dist=1.72  mean_dist=7.41
  [sigreg+proto] epoch 2/5  sigreg=0.6076  proto=5.3756  min_dist=2.33  mean_dist=7.95
  [sigreg+proto] epoch 3/5  sigreg=0.6715  proto=4.7521  min_dist=2.87  mean_dist=8.42
  [sigreg+proto] epoch 4/5  sigreg=0.7572  proto=4.1748  min_dist=3.32  mean_dist=8.85
  [sigreg+proto] epoch 5/5  sigreg=0.8334  proto=3.7750  min_dist=3.66  mean_dist=9.23
  round 1: pool=2487 purity=0.005 k-hat=4 anchors=4  margin=0.5571  mean-anchor=0.6377  4=0.638
  [sigreg+proto] epoch 1/5  sigreg=0.8472  proto=4.2166  min_dist=4.11  mean_dist=9.63
  [sigreg+proto] epoch 2/5  sigreg=0.9118  proto=3.3429  min_dist=4.23  mean_dist=10.03
  [sigreg+proto] epoch 3/5  sigreg=0.9621  proto=3.1175  min_dist=4.34  mean_dist=10.39
  [sigreg+proto] epoch 4/5  sigreg=1.0118  proto=2.9371  min_dist=4.47  mean_dist=10.70
  [sigreg+proto] epoch 5/5  sigreg=1.0540  proto=2.8351  min_dist=4.59  mean_dist=10.99
  round 2: pool=2481 purity=0.002 k-hat=4 anchors=8  margin=0.4736  mean-anchor=0.5886  4=0.589
Using cache found in /home/pharris/.cache/torch/hub/chenyaofo_pytorch-cifar-models_master
  probe pre=0.8082 post=0.8932

===== base: nplm =====
----- natural discovery: nplm -----
    merged 2 -> 1 anchors
  [sigreg+proto] epoch 1/5  sigreg=0.3499  proto=3.5814  min_dist=0.94  mean_dist=1.92
  [sigreg+proto] epoch 2/5  sigreg=0.3214  proto=3.2909  min_dist=1.34  mean_dist=2.41
  [sigreg+proto] epoch 3/5  sigreg=0.3296  proto=3.2170  min_dist=1.64  mean_dist=2.79
  [sigreg+proto] epoch 4/5  sigreg=0.3368  proto=3.1122  min_dist=1.89  mean_dist=3.11
  [sigreg+proto] epoch 5/5  sigreg=0.3407  proto=3.0214  min_dist=2.10  mean_dist=3.39
  round 1: pool=2497 purity=0.009 k-hat=2 anchors=1  margin=0.6450  mean-anchor=0.5525  4=0.552
  [sigreg+proto] epoch 1/5  sigreg=0.3903  proto=3.2400  min_dist=2.89  mean_dist=4.64
  [sigreg+proto] epoch 2/5  sigreg=0.4419  proto=3.1271  min_dist=3.44  mean_dist=5.38
  [sigreg+proto] epoch 3/5  sigreg=0.4798  proto=3.0468  min_dist=3.85  mean_dist=5.98
  [sigreg+proto] epoch 4/5  sigreg=0.5143  proto=2.9445  min_dist=4.20  mean_dist=6.49
  [sigreg+proto] epoch 5/5  sigreg=0.5403  proto=2.8700  min_dist=4.52  mean_dist=6.94
  round 2: pool=2493 purity=0.007 k-hat=4 anchors=5  margin=0.5505  mean-anchor=0.7312  4=0.731
Using cache found in /home/pharris/.cache/torch/hub/chenyaofo_pytorch-cifar-models_master
  probe pre=0.7570 post=0.8851

===== base: supcon =====
----- natural discovery: supcon -----
  [sigreg+proto] epoch 1/5  sigreg=0.4602  proto=2.6042  min_dist=1.41  mean_dist=7.96
  [sigreg+proto] epoch 2/5  sigreg=0.4382  proto=2.1290  min_dist=1.92  mean_dist=8.62
  [sigreg+proto] epoch 3/5  sigreg=0.4340  proto=2.0127  min_dist=2.34  mean_dist=9.19
  [sigreg+proto] epoch 4/5  sigreg=0.4425  proto=1.9849  min_dist=2.71  mean_dist=9.69
  [sigreg+proto] epoch 5/5  sigreg=0.4468  proto=1.7499  min_dist=3.04  mean_dist=10.14
  round 1: pool=2475 purity=0.000 k-hat=3 anchors=3  margin=0.5125  mean-anchor=0.6670  4=0.667
  [sigreg+proto] epoch 1/5  sigreg=0.4560  proto=2.5027  min_dist=3.84  mean_dist=10.82
  [sigreg+proto] epoch 2/5  sigreg=0.4849  proto=2.2773  min_dist=4.24  mean_dist=11.33
  [sigreg+proto] epoch 3/5  sigreg=0.5160  proto=2.0478  min_dist=4.52  mean_dist=11.76
  [sigreg+proto] epoch 4/5  sigreg=0.5466  proto=1.9530  min_dist=4.77  mean_dist=12.12
  [sigreg+proto] epoch 5/5  sigreg=0.5718  proto=1.8752  min_dist=4.99  mean_dist=12.43
  round 2: pool=2480 purity=0.002 k-hat=4 anchors=7  margin=0.5568  mean-anchor=0.7603  4=0.760
Using cache found in /home/pharris/.cache/torch/hub/chenyaofo_pytorch-cifar-models_master
  probe pre=0.9394 post=0.9296

===== base: supsig =====
  using learned means from checkpoint
----- natural discovery: supsig -----
  [sigreg+proto] epoch 1/5  sigreg=0.7252  proto=2.4967  min_dist=8.22  mean_dist=16.20
  [sigreg+proto] epoch 2/5  sigreg=0.6808  proto=1.4245  min_dist=8.17  mean_dist=16.16
  [sigreg+proto] epoch 3/5  sigreg=0.6582  proto=1.2509  min_dist=8.15  mean_dist=16.13
  [sigreg+proto] epoch 4/5  sigreg=0.6457  proto=1.2564  min_dist=8.15  mean_dist=16.11
  [sigreg+proto] epoch 5/5  sigreg=0.6356  proto=1.0641  min_dist=8.17  mean_dist=16.09
  round 1: pool=2498 purity=0.009 k-hat=4 anchors=4  margin=0.5744  mean-anchor=0.7003  4=0.700
  [sigreg+proto] epoch 1/5  sigreg=0.6953  proto=2.6539  min_dist=8.17  mean_dist=15.88
  [sigreg+proto] epoch 2/5  sigreg=0.6787  proto=1.7617  min_dist=8.17  mean_dist=15.86
  [sigreg+proto] epoch 3/5  sigreg=0.6560  proto=1.5200  min_dist=8.17  mean_dist=15.85
  [sigreg+proto] epoch 4/5  sigreg=0.6492  proto=1.3245  min_dist=8.19  mean_dist=15.86
  [sigreg+proto] epoch 5/5  sigreg=0.6419  proto=1.1661  min_dist=8.21  mean_dist=15.86
  round 2: pool=2499 purity=0.010 k-hat=4 anchors=8  margin=0.5964  mean-anchor=0.7135  4=0.713
Using cache found in /home/pharris/.cache/torch/hub/chenyaofo_pytorch-cifar-models_master
  probe pre=0.8376 post=0.7962

===== base: nplmcw =====
----- natural discovery: nplmcw -----
  [sigreg+proto] epoch 1/5  sigreg=0.6261  proto=2.1878  min_dist=0.42  mean_dist=2.37
  [sigreg+proto] epoch 2/5  sigreg=0.5102  proto=1.7967  min_dist=0.54  mean_dist=2.89
  [sigreg+proto] epoch 3/5  sigreg=0.4684  proto=1.6737  min_dist=0.64  mean_dist=3.32
  [sigreg+proto] epoch 4/5  sigreg=0.4490  proto=1.6005  min_dist=0.73  mean_dist=3.69
  [sigreg+proto] epoch 5/5  sigreg=0.4369  proto=1.4970  min_dist=0.81  mean_dist=4.02
  round 1: pool=2489 purity=0.006 k-hat=1 anchors=1  margin=0.3628  mean-anchor=0.5630  4=0.563
  [sigreg+proto] epoch 1/5  sigreg=0.4493  proto=1.7155  min_dist=1.77  mean_dist=5.12
  [sigreg+proto] epoch 2/5  sigreg=0.4686  proto=1.6772  min_dist=2.37  mean_dist=5.86
  [sigreg+proto] epoch 3/5  sigreg=0.5023  proto=1.6352  min_dist=2.85  mean_dist=6.48
  [sigreg+proto] epoch 4/5  sigreg=0.5251  proto=1.6102  min_dist=3.27  mean_dist=7.02
  [sigreg+proto] epoch 5/5  sigreg=0.5502  proto=1.5658  min_dist=3.66  mean_dist=7.50
  round 2: pool=2480 purity=0.002 k-hat=4 anchors=5  margin=0.4675  mean-anchor=0.5316  4=0.532
Using cache found in /home/pharris/.cache/torch/hub/chenyaofo_pytorch-cifar-models_master
  probe pre=0.8988 post=0.9368

===== base: ssig =====
----- natural discovery: ssig -----
  [sigreg+proto] epoch 1/5  sigreg=0.3652  proto=3.8366  min_dist=2.26  mean_dist=11.00
  [sigreg+proto] epoch 2/5  sigreg=0.4350  proto=2.8199  min_dist=2.81  mean_dist=11.35
  [sigreg+proto] epoch 3/5  sigreg=0.4895  proto=2.4180  min_dist=3.24  mean_dist=11.66
  [sigreg+proto] epoch 4/5  sigreg=0.5360  proto=2.1525  min_dist=3.60  mean_dist=11.95
  [sigreg+proto] epoch 5/5  sigreg=0.5698  proto=1.9355  min_dist=3.89  mean_dist=12.21
  round 1: pool=2494 purity=0.008 k-hat=4 anchors=4  margin=0.7670  mean-anchor=0.8412  4=0.841
  [sigreg+proto] epoch 1/5  sigreg=0.4346  proto=2.9796  min_dist=3.69  mean_dist=12.24
  [sigreg+proto] epoch 2/5  sigreg=0.4682  proto=2.2701  min_dist=3.87  mean_dist=12.48
  [sigreg+proto] epoch 3/5  sigreg=0.4845  proto=2.0554  min_dist=4.05  mean_dist=12.71
  [sigreg+proto] epoch 4/5  sigreg=0.5137  proto=1.9429  min_dist=4.22  mean_dist=12.93
  [sigreg+proto] epoch 5/5  sigreg=0.5308  proto=1.7311  min_dist=4.39  mean_dist=13.13
  round 2: pool=2513 purity=0.015 k-hat=4 anchors=8  margin=0.6846  mean-anchor=0.7437  4=0.744
Using cache found in /home/pharris/.cache/torch/hub/chenyaofo_pytorch-cifar-models_master
  probe pre=0.9379 post=0.8705

===== base: nplmsd =====
----- natural discovery: nplmsd -----
    merged 2 -> 1 anchors
  [sigreg+proto] epoch 1/5  sigreg=0.7913  proto=2.9576  min_dist=0.25  mean_dist=2.19
  [sigreg+proto] epoch 2/5  sigreg=0.7383  proto=2.7954  min_dist=0.30  mean_dist=2.40
  [sigreg+proto] epoch 3/5  sigreg=0.7124  proto=2.7211  min_dist=0.36  mean_dist=2.60
  [sigreg+proto] epoch 4/5  sigreg=0.6955  proto=2.6415  min_dist=0.41  mean_dist=2.78
  [sigreg+proto] epoch 5/5  sigreg=0.6873  proto=2.5567  min_dist=0.45  mean_dist=2.95
  round 1: pool=2494 purity=0.008 k-hat=2 anchors=1  margin=0.3319  mean-anchor=0.4818  4=0.482
  [sigreg+proto] epoch 1/5  sigreg=0.6863  proto=2.9208  min_dist=1.21  mean_dist=4.31
  [sigreg+proto] epoch 2/5  sigreg=0.6974  proto=2.7034  min_dist=1.65  mean_dist=4.94
  [sigreg+proto] epoch 3/5  sigreg=0.7143  proto=2.7142  min_dist=2.01  mean_dist=5.46
  [sigreg+proto] epoch 4/5  sigreg=0.7335  proto=2.6695  min_dist=2.31  mean_dist=5.90
  [sigreg+proto] epoch 5/5  sigreg=0.7528  proto=2.5255  min_dist=2.54  mean_dist=6.30
  round 2: pool=2483 purity=0.003 k-hat=4 anchors=5  margin=0.3480  mean-anchor=0.4959  4=0.496
  probe pre=0.8185 post=0.8567

===== POST grid, f=0.001 (50 injected) =====
  [sigreg+proto] epoch 1/5  sigreg=0.5195  proto=14.4031  min_dist=2.71  mean_dist=10.88
  [sigreg+proto] epoch 2/5  sigreg=0.8149  proto=8.4620  min_dist=3.13  mean_dist=11.05
  [sigreg+proto] epoch 3/5  sigreg=1.0360  proto=6.1810  min_dist=3.46  mean_dist=11.23
  [sigreg+proto] epoch 4/5  sigreg=1.1718  proto=5.3803  min_dist=3.64  mean_dist=11.42
  [sigreg+proto] epoch 5/5  sigreg=1.2293  proto=4.6058  min_dist=3.79  mean_dist=11.59
  round 1: pool=2475 purity=0.000 k-hat=4 anchors=4  margin=0.5955  mean-anchor=0.6455  4=0.646
  [sigreg+proto] epoch 1/5  sigreg=0.9553  proto=6.5655  min_dist=3.97  mean_dist=11.92
  [sigreg+proto] epoch 2/5  sigreg=1.0281  proto=4.3363  min_dist=4.12  mean_dist=12.07
  [sigreg+proto] epoch 3/5  sigreg=1.0611  proto=3.7662  min_dist=3.73  mean_dist=12.23
  [sigreg+proto] epoch 4/5  sigreg=1.0796  proto=3.4495  min_dist=3.47  mean_dist=12.38
  [sigreg+proto] epoch 5/5  sigreg=1.0973  proto=3.2239  min_dist=3.42  mean_dist=12.52
  round 2: pool=2476 purity=0.000 k-hat=4 anchors=8  margin=0.5044  mean-anchor=0.5716  4=0.572
  [simclr] per-event post f=0.001: power=0.030
  [simclr] sparker (post, annealed)
    post-spk f=0.001: power=0.020 [0.003,0.064] (1/50)
  [simclr] maha (post)
    post-maha f=0.001: power=0.040 [0.014,0.090] (2/50)
  [simclr] mmd (post)
    post-mmd f=0.001: power=0.020 [0.003,0.064] (1/50)
  [sigreg+proto] epoch 1/5  sigreg=0.5073  proto=6.8384  min_dist=1.73  mean_dist=7.40
  [sigreg+proto] epoch 2/5  sigreg=0.6025  proto=5.3410  min_dist=2.35  mean_dist=7.95
  [sigreg+proto] epoch 3/5  sigreg=0.6796  proto=4.6920  min_dist=2.91  mean_dist=8.42
  [sigreg+proto] epoch 4/5  sigreg=0.7552  proto=4.2110  min_dist=3.32  mean_dist=8.84
  [sigreg+proto] epoch 5/5  sigreg=0.8402  proto=3.7169  min_dist=3.64  mean_dist=9.22
  round 1: pool=2476 purity=0.000 k-hat=4 anchors=4  margin=0.4509  mean-anchor=0.6365  4=0.637
  [sigreg+proto] epoch 1/5  sigreg=0.8455  proto=4.2489  min_dist=4.07  mean_dist=9.62
  [sigreg+proto] epoch 2/5  sigreg=0.8991  proto=3.3794  min_dist=4.37  mean_dist=10.02
  [sigreg+proto] epoch 3/5  sigreg=0.9567  proto=3.1208  min_dist=4.55  mean_dist=10.37
  [sigreg+proto] epoch 4/5  sigreg=1.0075  proto=2.8871  min_dist=4.69  mean_dist=10.69
  [sigreg+proto] epoch 5/5  sigreg=1.0489  proto=2.7749  min_dist=4.84  mean_dist=10.98
  round 2: pool=2475 purity=0.000 k-hat=4 anchors=8  margin=0.4581  mean-anchor=0.6641  4=0.664
  [visreg] per-event post f=0.001: power=0.000
  [visreg] sparker (post, annealed)
    post-spk f=0.001: power=0.000 [0.000,0.036] (0/50)
  [visreg] maha (post)
    post-maha f=0.001: power=0.060 [0.028,0.115] (3/50)
  [visreg] mmd (post)
    post-mmd f=0.001: power=0.020 [0.003,0.064] (1/50)
    merged 2 -> 1 anchors
  [sigreg+proto] epoch 1/5  sigreg=0.3533  proto=3.5581  min_dist=0.94  mean_dist=1.92
  [sigreg+proto] epoch 2/5  sigreg=0.3236  proto=3.3044  min_dist=1.34  mean_dist=2.41
  [sigreg+proto] epoch 3/5  sigreg=0.3314  proto=3.1999  min_dist=1.64  mean_dist=2.79
  [sigreg+proto] epoch 4/5  sigreg=0.3386  proto=3.1384  min_dist=1.89  mean_dist=3.11
  [sigreg+proto] epoch 5/5  sigreg=0.3423  proto=3.0259  min_dist=2.10  mean_dist=3.39
  round 1: pool=2477 purity=0.001 k-hat=2 anchors=1  margin=0.6824  mean-anchor=0.5633  4=0.563
  [sigreg+proto] epoch 1/5  sigreg=0.3908  proto=3.1637  min_dist=2.89  mean_dist=4.63
  [sigreg+proto] epoch 2/5  sigreg=0.4411  proto=3.0149  min_dist=3.44  mean_dist=5.38
  [sigreg+proto] epoch 3/5  sigreg=0.4872  proto=3.0541  min_dist=3.85  mean_dist=5.98
  [sigreg+proto] epoch 4/5  sigreg=0.5200  proto=2.9392  min_dist=4.19  mean_dist=6.49
  [sigreg+proto] epoch 5/5  sigreg=0.5485  proto=2.9171  min_dist=4.51  mean_dist=6.95
  round 2: pool=2477 purity=0.001 k-hat=4 anchors=5  margin=0.5786  mean-anchor=0.6083  4=0.608
  [nplm] per-event post f=0.001: power=0.040
  [nplm] sparker (post, annealed)
    post-spk f=0.001: power=0.040 [0.014,0.090] (2/50)
  [nplm] maha (post)
    post-maha f=0.001: power=0.040 [0.014,0.090] (2/50)
  [nplm] mmd (post)
    post-mmd f=0.001: power=0.080 [0.042,0.138] (4/50)
  [sigreg+proto] epoch 1/5  sigreg=0.4637  proto=2.4947  min_dist=1.41  mean_dist=7.96
  [sigreg+proto] epoch 2/5  sigreg=0.4367  proto=2.1532  min_dist=1.92  mean_dist=8.61
  [sigreg+proto] epoch 3/5  sigreg=0.4302  proto=2.0094  min_dist=2.34  mean_dist=9.19
  [sigreg+proto] epoch 4/5  sigreg=0.4384  proto=1.9568  min_dist=2.71  mean_dist=9.69
  [sigreg+proto] epoch 5/5  sigreg=0.4440  proto=1.7830  min_dist=3.05  mean_dist=10.14
  round 1: pool=2475 purity=0.000 k-hat=3 anchors=3  margin=0.5588  mean-anchor=0.7434  4=0.743
  [sigreg+proto] epoch 1/5  sigreg=0.4587  proto=2.3256  min_dist=3.85  mean_dist=10.84
  [sigreg+proto] epoch 2/5  sigreg=0.4915  proto=2.1887  min_dist=4.23  mean_dist=11.35
  [sigreg+proto] epoch 3/5  sigreg=0.5263  proto=2.0810  min_dist=4.56  mean_dist=11.77
  [sigreg+proto] epoch 4/5  sigreg=0.5563  proto=1.9600  min_dist=4.80  mean_dist=12.13
  [sigreg+proto] epoch 5/5  sigreg=0.5804  proto=1.7814  min_dist=5.06  mean_dist=12.45
  round 2: pool=2475 purity=0.000 k-hat=4 anchors=7  margin=0.4866  mean-anchor=0.7124  4=0.712
  [supcon] per-event post f=0.001: power=0.010
  [supcon] sparker (post, annealed)
    post-spk f=0.001: power=0.000 [0.000,0.036] (0/50)
  [supcon] maha (post)
    post-maha f=0.001: power=0.020 [0.003,0.064] (1/50)
  [supcon] mmd (post)
    post-mmd f=0.001: power=0.100 [0.058,0.162] (5/50)
  [sigreg+proto] epoch 1/5  sigreg=0.6880  proto=2.3616  min_dist=8.62  mean_dist=16.17
  [sigreg+proto] epoch 2/5  sigreg=0.6621  proto=1.6456  min_dist=8.61  mean_dist=16.13
  [sigreg+proto] epoch 3/5  sigreg=0.6485  proto=1.3808  min_dist=8.60  mean_dist=16.10
  [sigreg+proto] epoch 4/5  sigreg=0.6434  proto=1.1555  min_dist=8.61  mean_dist=16.08
  [sigreg+proto] epoch 5/5  sigreg=0.6355  proto=1.0722  min_dist=8.63  mean_dist=16.07
  round 1: pool=2480 purity=0.002 k-hat=4 anchors=4  margin=0.4902  mean-anchor=0.6766  4=0.677
  [sigreg+proto] epoch 1/5  sigreg=0.7064  proto=3.0479  min_dist=8.40  mean_dist=15.82
  [sigreg+proto] epoch 2/5  sigreg=0.6766  proto=1.6846  min_dist=8.46  mean_dist=15.80
  [sigreg+proto] epoch 3/5  sigreg=0.6486  proto=1.5040  min_dist=8.57  mean_dist=15.80
  [sigreg+proto] epoch 4/5  sigreg=0.6410  proto=1.4099  min_dist=8.66  mean_dist=15.79
  [sigreg+proto] epoch 5/5  sigreg=0.6333  proto=1.1458  min_dist=8.70  mean_dist=15.80
  round 2: pool=2481 purity=0.002 k-hat=4 anchors=8  margin=0.5449  mean-anchor=0.7794  4=0.779
  [supsig] per-event post f=0.001: power=0.010
  [supsig] sparker (post, annealed)
    post-spk f=0.001: power=0.020 [0.003,0.064] (1/50)
  [supsig] maha (post)
    post-maha f=0.001: power=0.040 [0.014,0.090] (2/50)
  [supsig] mmd (post)
    post-mmd f=0.001: power=0.160 [0.107,0.229] (8/50)
  [sigreg+proto] epoch 1/5  sigreg=0.6270  proto=2.1495  min_dist=0.42  mean_dist=2.37
  [sigreg+proto] epoch 2/5  sigreg=0.5116  proto=1.8156  min_dist=0.54  mean_dist=2.89
  [sigreg+proto] epoch 3/5  sigreg=0.4708  proto=1.6224  min_dist=0.64  mean_dist=3.32
  [sigreg+proto] epoch 4/5  sigreg=0.4475  proto=1.5835  min_dist=0.73  mean_dist=3.69
  [sigreg+proto] epoch 5/5  sigreg=0.4391  proto=1.4831  min_dist=0.81  mean_dist=4.02
  round 1: pool=2475 purity=0.000 k-hat=1 anchors=1  margin=0.4464  mean-anchor=0.6008  4=0.601
  [sigreg+proto] epoch 1/5  sigreg=0.4437  proto=1.7736  min_dist=1.76  mean_dist=5.16
  [sigreg+proto] epoch 2/5  sigreg=0.4728  proto=1.6562  min_dist=2.36  mean_dist=5.90
  [sigreg+proto] epoch 3/5  sigreg=0.4957  proto=1.6631  min_dist=2.85  mean_dist=6.52
  [sigreg+proto] epoch 4/5  sigreg=0.5221  proto=1.5820  min_dist=3.28  mean_dist=7.05
  [sigreg+proto] epoch 5/5  sigreg=0.5457  proto=1.5394  min_dist=3.66  mean_dist=7.53
  round 2: pool=2475 purity=0.000 k-hat=4 anchors=5  margin=0.3253  mean-anchor=0.5032  4=0.503
  [nplmcw] per-event post f=0.001: power=0.030
  [nplmcw] sparker (post, annealed)
    post-spk f=0.001: power=0.020 [0.003,0.064] (1/50)
  [nplmcw] maha (post)
    post-maha f=0.001: power=0.100 [0.058,0.162] (5/50)
  [nplmcw] mmd (post)
    post-mmd f=0.001: power=0.080 [0.042,0.138] (4/50)
  [sigreg+proto] epoch 1/5  sigreg=0.3565  proto=3.7513  min_dist=2.27  mean_dist=11.01
  [sigreg+proto] epoch 2/5  sigreg=0.4451  proto=2.8894  min_dist=2.83  mean_dist=11.34
  [sigreg+proto] epoch 3/5  sigreg=0.5003  proto=2.4468  min_dist=3.27  mean_dist=11.65
  [sigreg+proto] epoch 4/5  sigreg=0.5407  proto=2.2150  min_dist=3.65  mean_dist=11.93
  [sigreg+proto] epoch 5/5  sigreg=0.5773  proto=1.9350  min_dist=3.93  mean_dist=12.19
  round 1: pool=2477 purity=0.001 k-hat=4 anchors=4  margin=0.7165  mean-anchor=0.8152  4=0.815
  [sigreg+proto] epoch 1/5  sigreg=0.4438  proto=2.9928  min_dist=3.28  mean_dist=12.22
  [sigreg+proto] epoch 2/5  sigreg=0.4599  proto=2.2061  min_dist=3.45  mean_dist=12.47
  [sigreg+proto] epoch 3/5  sigreg=0.4841  proto=2.0865  min_dist=3.64  mean_dist=12.70
  [sigreg+proto] epoch 4/5  sigreg=0.5121  proto=2.0231  min_dist=3.82  mean_dist=12.92
  [sigreg+proto] epoch 5/5  sigreg=0.5327  proto=1.7016  min_dist=3.96  mean_dist=13.13
  round 2: pool=2481 purity=0.002 k-hat=4 anchors=8  margin=0.6760  mean-anchor=0.8714  4=0.871
  [ssig] per-event post f=0.001: power=0.000
  [ssig] sparker (post, annealed)
    post-spk f=0.001: power=0.060 [0.028,0.115] (3/50)
  [ssig] maha (post)
    post-maha f=0.001: power=0.000 [0.000,0.036] (0/50)
  [ssig] mmd (post)
    post-mmd f=0.001: power=0.080 [0.042,0.138] (4/50)
    merged 2 -> 1 anchors
  [sigreg+proto] epoch 1/5  sigreg=0.7892  proto=2.9412  min_dist=0.25  mean_dist=2.19
  [sigreg+proto] epoch 2/5  sigreg=0.7411  proto=2.7938  min_dist=0.30  mean_dist=2.40
  [sigreg+proto] epoch 3/5  sigreg=0.7115  proto=2.6972  min_dist=0.36  mean_dist=2.60
  [sigreg+proto] epoch 4/5  sigreg=0.6976  proto=2.6708  min_dist=0.41  mean_dist=2.78
  [sigreg+proto] epoch 5/5  sigreg=0.6881  proto=2.5373  min_dist=0.45  mean_dist=2.95
  round 1: pool=2477 purity=0.001 k-hat=2 anchors=1  margin=0.3414  mean-anchor=0.5541  4=0.554
  [sigreg+proto] epoch 1/5  sigreg=0.6860  proto=2.7632  min_dist=1.21  mean_dist=4.21
  [sigreg+proto] epoch 2/5  sigreg=0.6938  proto=2.5839  min_dist=1.65  mean_dist=4.85
  [sigreg+proto] epoch 3/5  sigreg=0.7087  proto=2.5945  min_dist=2.01  mean_dist=5.38
  [sigreg+proto] epoch 4/5  sigreg=0.7276  proto=2.5194  min_dist=2.31  mean_dist=5.84
  [sigreg+proto] epoch 5/5  sigreg=0.7457  proto=2.5129  min_dist=2.54  mean_dist=6.25
  round 2: pool=2475 purity=0.000 k-hat=4 anchors=5  margin=0.3414  mean-anchor=0.5669  4=0.567
  [nplmsd] per-event post f=0.001: power=0.000
  [nplmsd] sparker (post, annealed)
    post-spk f=0.001: power=0.080 [0.042,0.138] (4/50)
  [nplmsd] maha (post)
    post-maha f=0.001: power=0.060 [0.028,0.115] (3/50)
  [nplmsd] mmd (post)
    post-mmd f=0.001: power=0.100 [0.058,0.162] (5/50)

===== POST grid, f=0.003 (149 injected) =====
  [sigreg+proto] epoch 1/5  sigreg=0.5309  proto=14.7520  min_dist=2.67  mean_dist=10.88
  [sigreg+proto] epoch 2/5  sigreg=0.8055  proto=8.9345  min_dist=3.10  mean_dist=11.04
  [sigreg+proto] epoch 3/5  sigreg=1.0193  proto=6.6014  min_dist=3.44  mean_dist=11.22
  [sigreg+proto] epoch 4/5  sigreg=1.1458  proto=5.2491  min_dist=3.66  mean_dist=11.41
  [sigreg+proto] epoch 5/5  sigreg=1.2256  proto=4.5673  min_dist=3.78  mean_dist=11.58
  round 1: pool=2478 purity=0.001 k-hat=4 anchors=4  margin=0.5334  mean-anchor=0.6197  4=0.620
  [sigreg+proto] epoch 1/5  sigreg=0.9541  proto=6.2753  min_dist=4.02  mean_dist=11.82
  [sigreg+proto] epoch 2/5  sigreg=1.0333  proto=4.0443  min_dist=4.21  mean_dist=11.97
  [sigreg+proto] epoch 3/5  sigreg=1.0769  proto=3.5675  min_dist=4.36  mean_dist=12.13
  [sigreg+proto] epoch 4/5  sigreg=1.1083  proto=3.2793  min_dist=4.50  mean_dist=12.28
  [sigreg+proto] epoch 5/5  sigreg=1.1271  proto=3.1471  min_dist=4.65  mean_dist=12.41
  round 2: pool=2478 purity=0.001 k-hat=3 anchors=7  margin=0.4404  mean-anchor=0.5863  4=0.586
  [simclr] per-event post f=0.003: power=0.010
  [simclr] sparker (post, annealed)
    post-spk f=0.003: power=0.060 [0.028,0.115] (3/50)
  [simclr] maha (post)
    post-maha f=0.003: power=0.040 [0.014,0.090] (2/50)
  [simclr] mmd (post)
    post-mmd f=0.003: power=0.080 [0.042,0.138] (4/50)
  [sigreg+proto] epoch 1/5  sigreg=0.5044  proto=6.8462  min_dist=1.71  mean_dist=7.42
  [sigreg+proto] epoch 2/5  sigreg=0.6002  proto=5.3415  min_dist=2.30  mean_dist=7.96
  [sigreg+proto] epoch 3/5  sigreg=0.6663  proto=4.7368  min_dist=2.83  mean_dist=8.44
  [sigreg+proto] epoch 4/5  sigreg=0.7398  proto=4.2188  min_dist=3.32  mean_dist=8.86
  [sigreg+proto] epoch 5/5  sigreg=0.8244  proto=3.7761  min_dist=3.66  mean_dist=9.24
  round 1: pool=2477 purity=0.001 k-hat=4 anchors=4  margin=0.5298  mean-anchor=0.6533  4=0.653
  [sigreg+proto] epoch 1/5  sigreg=0.8099  proto=4.5138  min_dist=4.10  mean_dist=9.61
  [sigreg+proto] epoch 2/5  sigreg=0.8568  proto=3.5469  min_dist=4.39  mean_dist=9.99
  [sigreg+proto] epoch 3/5  sigreg=0.9172  proto=3.2506  min_dist=4.58  mean_dist=10.33
  [sigreg+proto] epoch 4/5  sigreg=0.9629  proto=3.0043  min_dist=4.76  mean_dist=10.64
  [sigreg+proto] epoch 5/5  sigreg=1.0095  proto=2.8230  min_dist=4.93  mean_dist=10.93
  round 2: pool=2476 purity=0.000 k-hat=4 anchors=8  margin=0.5853  mean-anchor=0.7310  4=0.731
  [visreg] per-event post f=0.003: power=0.010
  [visreg] sparker (post, annealed)
    post-spk f=0.003: power=0.020 [0.003,0.064] (1/50)
  [visreg] maha (post)
    post-maha f=0.003: power=0.020 [0.003,0.064] (1/50)
  [visreg] mmd (post)
    post-mmd f=0.003: power=0.020 [0.003,0.064] (1/50)
    merged 2 -> 1 anchors
  [sigreg+proto] epoch 1/5  sigreg=0.3510  proto=3.5382  min_dist=0.94  mean_dist=1.92
  [sigreg+proto] epoch 2/5  sigreg=0.3202  proto=3.2871  min_dist=1.34  mean_dist=2.41
  [sigreg+proto] epoch 3/5  sigreg=0.3283  proto=3.2216  min_dist=1.64  mean_dist=2.79
  [sigreg+proto] epoch 4/5  sigreg=0.3339  proto=3.1298  min_dist=1.89  mean_dist=3.11
  [sigreg+proto] epoch 5/5  sigreg=0.3399  proto=3.0239  min_dist=2.10  mean_dist=3.39
  round 1: pool=2484 purity=0.004 k-hat=2 anchors=1  margin=0.5952  mean-anchor=0.6065  4=0.607
  [sigreg+proto] epoch 1/5  sigreg=0.3896  proto=3.2050  min_dist=2.89  mean_dist=4.64
  [sigreg+proto] epoch 2/5  sigreg=0.4356  proto=3.0510  min_dist=3.44  mean_dist=5.39
  [sigreg+proto] epoch 3/5  sigreg=0.4795  proto=3.0128  min_dist=3.85  mean_dist=5.99
  [sigreg+proto] epoch 4/5  sigreg=0.5143  proto=2.9414  min_dist=4.20  mean_dist=6.50
  [sigreg+proto] epoch 5/5  sigreg=0.5448  proto=2.9035  min_dist=4.51  mean_dist=6.95
  round 2: pool=2477 purity=0.001 k-hat=4 anchors=5  margin=0.6722  mean-anchor=0.6745  4=0.674
  [nplm] per-event post f=0.003: power=0.070
  [nplm] sparker (post, annealed)
    post-spk f=0.003: power=0.080 [0.042,0.138] (4/50)
  [nplm] maha (post)
    post-maha f=0.003: power=0.080 [0.042,0.138] (4/50)
  [nplm] mmd (post)
    post-mmd f=0.003: power=0.180 [0.124,0.251] (9/50)
  [sigreg+proto] epoch 1/5  sigreg=0.4632  proto=2.5811  min_dist=1.41  mean_dist=7.96
  [sigreg+proto] epoch 2/5  sigreg=0.4376  proto=2.2601  min_dist=1.92  mean_dist=8.62
  [sigreg+proto] epoch 3/5  sigreg=0.4421  proto=2.0238  min_dist=2.34  mean_dist=9.19
  [sigreg+proto] epoch 4/5  sigreg=0.4341  proto=1.8603  min_dist=2.72  mean_dist=9.70
  [sigreg+proto] epoch 5/5  sigreg=0.4582  proto=1.9183  min_dist=3.05  mean_dist=10.14
  round 1: pool=2475 purity=0.000 k-hat=3 anchors=3  margin=0.4714  mean-anchor=0.5978  4=0.598
  [sigreg+proto] epoch 1/5  sigreg=0.4690  proto=2.4825  min_dist=3.84  mean_dist=10.86
  [sigreg+proto] epoch 2/5  sigreg=0.4888  proto=2.2638  min_dist=4.27  mean_dist=11.37
  [sigreg+proto] epoch 3/5  sigreg=0.5176  proto=2.0876  min_dist=4.64  mean_dist=11.78
  [sigreg+proto] epoch 4/5  sigreg=0.5440  proto=2.0485  min_dist=4.90  mean_dist=12.14
  [sigreg+proto] epoch 5/5  sigreg=0.5841  proto=1.8559  min_dist=5.12  mean_dist=12.45
  round 2: pool=2476 purity=0.000 k-hat=4 anchors=7  margin=0.6046  mean-anchor=0.8170  4=0.817
  [supcon] per-event post f=0.003: power=0.040
  [supcon] sparker (post, annealed)
    post-spk f=0.003: power=0.240 [0.177,0.315] (12/50)
  [supcon] maha (post)
    post-maha f=0.003: power=0.020 [0.003,0.064] (1/50)
  [supcon] mmd (post)
    post-mmd f=0.003: power=0.080 [0.042,0.138] (4/50)
  [sigreg+proto] epoch 1/5  sigreg=0.7182  proto=2.4051  min_dist=8.09  mean_dist=16.20
  [sigreg+proto] epoch 2/5  sigreg=0.6759  proto=1.5603  min_dist=8.07  mean_dist=16.16
  [sigreg+proto] epoch 3/5  sigreg=0.6507  proto=1.3446  min_dist=8.06  mean_dist=16.13
  [sigreg+proto] epoch 4/5  sigreg=0.6390  proto=1.1697  min_dist=8.04  mean_dist=16.11
  [sigreg+proto] epoch 5/5  sigreg=0.6256  proto=1.0837  min_dist=8.04  mean_dist=16.10
  round 1: pool=2483 purity=0.003 k-hat=4 anchors=4  margin=0.5697  mean-anchor=0.7356  4=0.736
  [sigreg+proto] epoch 1/5  sigreg=0.7215  proto=2.7988  min_dist=7.12  mean_dist=15.85
  [sigreg+proto] epoch 2/5  sigreg=0.6806  proto=1.8722  min_dist=7.20  mean_dist=15.83
  [sigreg+proto] epoch 3/5  sigreg=0.6689  proto=1.7376  min_dist=7.28  mean_dist=15.82
  [sigreg+proto] epoch 4/5  sigreg=0.6519  proto=1.3666  min_dist=7.37  mean_dist=15.82
  [sigreg+proto] epoch 5/5  sigreg=0.6437  proto=1.2308  min_dist=7.45  mean_dist=15.82
  round 2: pool=2477 purity=0.001 k-hat=4 anchors=8  margin=0.5279  mean-anchor=0.6383  4=0.638
  [supsig] per-event post f=0.003: power=0.010
  [supsig] sparker (post, annealed)
    post-spk f=0.003: power=0.100 [0.058,0.162] (5/50)
  [supsig] maha (post)
    post-maha f=0.003: power=0.020 [0.003,0.064] (1/50)
  [supsig] mmd (post)
    post-mmd f=0.003: power=0.100 [0.058,0.162] (5/50)
  [sigreg+proto] epoch 1/5  sigreg=0.6293  proto=2.1720  min_dist=0.42  mean_dist=2.37
  [sigreg+proto] epoch 2/5  sigreg=0.5151  proto=1.7819  min_dist=0.54  mean_dist=2.89
  [sigreg+proto] epoch 3/5  sigreg=0.4733  proto=1.6585  min_dist=0.64  mean_dist=3.32
  [sigreg+proto] epoch 4/5  sigreg=0.4523  proto=1.5774  min_dist=0.73  mean_dist=3.69
  [sigreg+proto] epoch 5/5  sigreg=0.4413  proto=1.5109  min_dist=0.81  mean_dist=4.02
  round 1: pool=2482 purity=0.003 k-hat=1 anchors=1  margin=0.3800  mean-anchor=0.5130  4=0.513
  [sigreg+proto] epoch 1/5  sigreg=0.4493  proto=1.7566  min_dist=1.75  mean_dist=5.14
  [sigreg+proto] epoch 2/5  sigreg=0.4697  proto=1.6133  min_dist=2.35  mean_dist=5.88
  [sigreg+proto] epoch 3/5  sigreg=0.4942  proto=1.6384  min_dist=2.83  mean_dist=6.50
  [sigreg+proto] epoch 4/5  sigreg=0.5224  proto=1.5941  min_dist=3.25  mean_dist=7.04
  [sigreg+proto] epoch 5/5  sigreg=0.5462  proto=1.5343  min_dist=3.63  mean_dist=7.51
  round 2: pool=2477 purity=0.001 k-hat=4 anchors=5  margin=0.4197  mean-anchor=0.5486  4=0.549
  [nplmcw] per-event post f=0.003: power=0.060
  [nplmcw] sparker (post, annealed)
    post-spk f=0.003: power=0.100 [0.058,0.162] (5/50)
  [nplmcw] maha (post)
    post-maha f=0.003: power=0.000 [0.000,0.036] (0/50)
  [nplmcw] mmd (post)
    post-mmd f=0.003: power=0.140 [0.090,0.207] (7/50)
  [sigreg+proto] epoch 1/5  sigreg=0.3536  proto=3.7569  min_dist=2.27  mean_dist=11.00
  [sigreg+proto] epoch 2/5  sigreg=0.4345  proto=2.7871  min_dist=2.84  mean_dist=11.34
  [sigreg+proto] epoch 3/5  sigreg=0.4931  proto=2.4047  min_dist=3.26  mean_dist=11.66
  [sigreg+proto] epoch 4/5  sigreg=0.5501  proto=2.2063  min_dist=3.62  mean_dist=11.94
  [sigreg+proto] epoch 5/5  sigreg=0.5800  proto=2.0016  min_dist=3.89  mean_dist=12.20
  round 1: pool=2477 purity=0.001 k-hat=4 anchors=4  margin=0.7056  mean-anchor=0.8127  4=0.813
  [sigreg+proto] epoch 1/5  sigreg=0.4568  proto=3.0341  min_dist=3.68  mean_dist=12.22
  [sigreg+proto] epoch 2/5  sigreg=0.4880  proto=2.2388  min_dist=3.88  mean_dist=12.46
  [sigreg+proto] epoch 3/5  sigreg=0.5164  proto=2.1335  min_dist=4.06  mean_dist=12.68
  [sigreg+proto] epoch 4/5  sigreg=0.5359  proto=1.9002  min_dist=4.23  mean_dist=12.90
  [sigreg+proto] epoch 5/5  sigreg=0.5465  proto=1.7116  min_dist=4.40  mean_dist=13.10
  round 2: pool=2487 purity=0.005 k-hat=4 anchors=8  margin=0.6114  mean-anchor=0.7173  4=0.717
  [ssig] per-event post f=0.003: power=0.020
  [ssig] sparker (post, annealed)
    post-spk f=0.003: power=0.040 [0.014,0.090] (2/50)
  [ssig] maha (post)
    post-maha f=0.003: power=0.080 [0.042,0.138] (4/50)
  [ssig] mmd (post)
    post-mmd f=0.003: power=0.080 [0.042,0.138] (4/50)
    merged 2 -> 1 anchors
  [sigreg+proto] epoch 1/5  sigreg=0.7921  proto=2.9453  min_dist=0.25  mean_dist=2.19
  [sigreg+proto] epoch 2/5  sigreg=0.7397  proto=2.7724  min_dist=0.30  mean_dist=2.40
  [sigreg+proto] epoch 3/5  sigreg=0.7095  proto=2.7209  min_dist=0.36  mean_dist=2.60
  [sigreg+proto] epoch 4/5  sigreg=0.6919  proto=2.6436  min_dist=0.41  mean_dist=2.78
  [sigreg+proto] epoch 5/5  sigreg=0.6817  proto=2.5761  min_dist=0.45  mean_dist=2.95
  round 1: pool=2479 purity=0.002 k-hat=2 anchors=1  margin=0.3692  mean-anchor=0.5880  4=0.588
  [sigreg+proto] epoch 1/5  sigreg=0.6782  proto=2.7489  min_dist=1.21  mean_dist=4.17
  [sigreg+proto] epoch 2/5  sigreg=0.6912  proto=2.5730  min_dist=1.65  mean_dist=4.82
  [sigreg+proto] epoch 3/5  sigreg=0.7027  proto=2.5891  min_dist=2.01  mean_dist=5.35
  [sigreg+proto] epoch 4/5  sigreg=0.7237  proto=2.5766  min_dist=2.25  mean_dist=5.82
  [sigreg+proto] epoch 5/5  sigreg=0.7413  proto=2.4688  min_dist=2.49  mean_dist=6.23
  round 2: pool=2476 purity=0.000 k-hat=4 anchors=5  margin=0.3082  mean-anchor=0.7051  4=0.705
  [nplmsd] per-event post f=0.003: power=0.000
  [nplmsd] sparker (post, annealed)
    post-spk f=0.003: power=0.060 [0.028,0.115] (3/50)
  [nplmsd] maha (post)
    post-maha f=0.003: power=0.000 [0.000,0.036] (0/50)
  [nplmsd] mmd (post)
    post-mmd f=0.003: power=0.100 [0.058,0.162] (5/50)

===== POST grid, f=0.01 (500 injected) =====
  [sigreg+proto] epoch 1/5  sigreg=0.5820  proto=15.6034  min_dist=2.70  mean_dist=10.87
  [sigreg+proto] epoch 2/5  sigreg=0.8999  proto=8.3059  min_dist=3.12  mean_dist=11.04
  [sigreg+proto] epoch 3/5  sigreg=1.1202  proto=6.2442  min_dist=3.44  mean_dist=11.21
  [sigreg+proto] epoch 4/5  sigreg=1.2349  proto=5.1712  min_dist=3.72  mean_dist=11.39
  [sigreg+proto] epoch 5/5  sigreg=1.2818  proto=4.5793  min_dist=3.87  mean_dist=11.56
  round 1: pool=2485 purity=0.004 k-hat=4 anchors=4  margin=0.5500  mean-anchor=0.6579  4=0.658
  [sigreg+proto] epoch 1/5  sigreg=1.1823  proto=5.3594  min_dist=2.99  mean_dist=12.04
  [sigreg+proto] epoch 2/5  sigreg=1.2355  proto=3.8802  min_dist=2.71  mean_dist=12.20
  [sigreg+proto] epoch 3/5  sigreg=1.2452  proto=3.4965  min_dist=2.53  mean_dist=12.35
  [sigreg+proto] epoch 4/5  sigreg=1.2485  proto=3.3277  min_dist=2.32  mean_dist=12.49
  [sigreg+proto] epoch 5/5  sigreg=1.2413  proto=3.1700  min_dist=2.39  mean_dist=12.63
  round 2: pool=2482 purity=0.003 k-hat=4 anchors=8  margin=0.5121  mean-anchor=0.5997  4=0.600
  [simclr] per-event post f=0.01: power=0.030
  [simclr] sparker (post, annealed)
    post-spk f=0.01: power=0.020 [0.003,0.064] (1/50)
  [simclr] maha (post)
    post-maha f=0.01: power=0.020 [0.003,0.064] (1/50)
  [simclr] mmd (post)
    post-mmd f=0.01: power=0.000 [0.000,0.036] (0/50)
  [sigreg+proto] epoch 1/5  sigreg=0.5052  proto=6.8178  min_dist=1.73  mean_dist=7.42
  [sigreg+proto] epoch 2/5  sigreg=0.6052  proto=5.2464  min_dist=2.34  mean_dist=7.97
  [sigreg+proto] epoch 3/5  sigreg=0.6715  proto=4.7451  min_dist=2.87  mean_dist=8.44
  [sigreg+proto] epoch 4/5  sigreg=0.7511  proto=4.1748  min_dist=3.30  mean_dist=8.86
  [sigreg+proto] epoch 5/5  sigreg=0.8356  proto=3.8009  min_dist=3.65  mean_dist=9.24
  round 1: pool=2487 purity=0.005 k-hat=4 anchors=4  margin=0.5387  mean-anchor=0.6806  4=0.681
  [sigreg+proto] epoch 1/5  sigreg=0.8143  proto=4.3067  min_dist=4.15  mean_dist=9.63
  [sigreg+proto] epoch 2/5  sigreg=0.8609  proto=3.5073  min_dist=4.25  mean_dist=10.01
  [sigreg+proto] epoch 3/5  sigreg=0.9181  proto=3.1740  min_dist=4.38  mean_dist=10.35
  [sigreg+proto] epoch 4/5  sigreg=0.9750  proto=2.9796  min_dist=4.53  mean_dist=10.66
  [sigreg+proto] epoch 5/5  sigreg=1.0075  proto=2.7861  min_dist=4.68  mean_dist=10.94
  round 2: pool=2479 purity=0.002 k-hat=4 anchors=8  margin=0.4729  mean-anchor=0.6390  4=0.639
  [visreg] per-event post f=0.01: power=0.000
  [visreg] sparker (post, annealed)
    post-spk f=0.01: power=0.020 [0.003,0.064] (1/50)
  [visreg] maha (post)
    post-maha f=0.01: power=0.060 [0.028,0.115] (3/50)
  [visreg] mmd (post)
    post-mmd f=0.01: power=0.000 [0.000,0.036] (0/50)
    merged 2 -> 1 anchors
  [sigreg+proto] epoch 1/5  sigreg=0.3563  proto=3.5571  min_dist=0.94  mean_dist=1.92
  [sigreg+proto] epoch 2/5  sigreg=0.3245  proto=3.3345  min_dist=1.34  mean_dist=2.41
  [sigreg+proto] epoch 3/5  sigreg=0.3267  proto=3.1979  min_dist=1.64  mean_dist=2.79
  [sigreg+proto] epoch 4/5  sigreg=0.3359  proto=3.1238  min_dist=1.89  mean_dist=3.11
  [sigreg+proto] epoch 5/5  sigreg=0.3407  proto=3.0339  min_dist=2.10  mean_dist=3.39
  round 1: pool=2497 purity=0.009 k-hat=2 anchors=1  margin=0.5737  mean-anchor=0.5677  4=0.568
  [sigreg+proto] epoch 1/5  sigreg=0.3879  proto=3.1747  min_dist=2.89  mean_dist=4.66
  [sigreg+proto] epoch 2/5  sigreg=0.4395  proto=3.0991  min_dist=3.43  mean_dist=5.40
  [sigreg+proto] epoch 3/5  sigreg=0.4781  proto=3.0156  min_dist=3.86  mean_dist=6.00
  [sigreg+proto] epoch 4/5  sigreg=0.5102  proto=2.9381  min_dist=4.22  mean_dist=6.51
  [sigreg+proto] epoch 5/5  sigreg=0.5394  proto=2.9047  min_dist=4.53  mean_dist=6.96
  round 2: pool=2486 purity=0.004 k-hat=4 anchors=5  margin=0.6064  mean-anchor=0.5290  4=0.529
  [nplm] per-event post f=0.01: power=0.050
  [nplm] sparker (post, annealed)
    post-spk f=0.01: power=0.000 [0.000,0.036] (0/50)
  [nplm] maha (post)
    post-maha f=0.01: power=0.040 [0.014,0.090] (2/50)
  [nplm] mmd (post)
    post-mmd f=0.01: power=0.000 [0.000,0.036] (0/50)
  [sigreg+proto] epoch 1/5  sigreg=0.4636  proto=2.5066  min_dist=1.41  mean_dist=7.96
  [sigreg+proto] epoch 2/5  sigreg=0.4399  proto=2.0732  min_dist=1.92  mean_dist=8.62
  [sigreg+proto] epoch 3/5  sigreg=0.4370  proto=2.0685  min_dist=2.34  mean_dist=9.19
  [sigreg+proto] epoch 4/5  sigreg=0.4463  proto=1.9342  min_dist=2.71  mean_dist=9.69
  [sigreg+proto] epoch 5/5  sigreg=0.4526  proto=1.8975  min_dist=3.04  mean_dist=10.14
  round 1: pool=2475 purity=0.000 k-hat=3 anchors=3  margin=0.5464  mean-anchor=0.6894  4=0.689
  [sigreg+proto] epoch 1/5  sigreg=0.4453  proto=2.4261  min_dist=3.91  mean_dist=10.85
  [sigreg+proto] epoch 2/5  sigreg=0.4750  proto=2.2185  min_dist=4.27  mean_dist=11.36
  [sigreg+proto] epoch 3/5  sigreg=0.5019  proto=2.0194  min_dist=4.53  mean_dist=11.78
  [sigreg+proto] epoch 4/5  sigreg=0.5301  proto=2.0634  min_dist=4.76  mean_dist=12.14
  [sigreg+proto] epoch 5/5  sigreg=0.5646  proto=1.8494  min_dist=5.01  mean_dist=12.46
  round 2: pool=2481 purity=0.002 k-hat=4 anchors=7  margin=0.5620  mean-anchor=0.7066  4=0.707
  [supcon] per-event post f=0.01: power=0.010
  [supcon] sparker (post, annealed)
    post-spk f=0.01: power=0.060 [0.028,0.115] (3/50)
  [supcon] maha (post)
    post-maha f=0.01: power=0.040 [0.014,0.090] (2/50)
  [supcon] mmd (post)
    post-mmd f=0.01: power=0.060 [0.028,0.115] (3/50)
  [sigreg+proto] epoch 1/5  sigreg=0.7244  proto=2.5551  min_dist=8.19  mean_dist=16.19
  [sigreg+proto] epoch 2/5  sigreg=0.6745  proto=1.4797  min_dist=8.15  mean_dist=16.16
  [sigreg+proto] epoch 3/5  sigreg=0.6509  proto=1.2809  min_dist=8.14  mean_dist=16.13
  [sigreg+proto] epoch 4/5  sigreg=0.6390  proto=1.0184  min_dist=8.14  mean_dist=16.11
  [sigreg+proto] epoch 5/5  sigreg=0.6299  proto=1.0675  min_dist=8.14  mean_dist=16.10
  round 1: pool=2498 purity=0.009 k-hat=4 anchors=4  margin=0.5461  mean-anchor=0.6591  4=0.659
  [sigreg+proto] epoch 1/5  sigreg=0.6773  proto=3.0337  min_dist=8.19  mean_dist=15.85
  [sigreg+proto] epoch 2/5  sigreg=0.6544  proto=2.0030  min_dist=8.18  mean_dist=15.83
  [sigreg+proto] epoch 3/5  sigreg=0.6422  proto=1.5593  min_dist=8.18  mean_dist=15.81
  [sigreg+proto] epoch 4/5  sigreg=0.6309  proto=1.4587  min_dist=8.19  mean_dist=15.81
  [sigreg+proto] epoch 5/5  sigreg=0.6288  proto=1.4416  min_dist=8.20  mean_dist=15.81
  round 2: pool=2499 purity=0.010 k-hat=4 anchors=8  margin=0.5502  mean-anchor=0.6269  4=0.627
  [supsig] per-event post f=0.01: power=0.090
  [supsig] sparker (post, annealed)
    post-spk f=0.01: power=0.100 [0.058,0.162] (5/50)
  [supsig] maha (post)
    post-maha f=0.01: power=0.060 [0.028,0.115] (3/50)
  [supsig] mmd (post)
    post-mmd f=0.01: power=0.100 [0.058,0.162] (5/50)
  [sigreg+proto] epoch 1/5  sigreg=0.6273  proto=2.1558  min_dist=0.42  mean_dist=2.37
  [sigreg+proto] epoch 2/5  sigreg=0.5119  proto=1.8457  min_dist=0.54  mean_dist=2.89
  [sigreg+proto] epoch 3/5  sigreg=0.4712  proto=1.6597  min_dist=0.64  mean_dist=3.32
  [sigreg+proto] epoch 4/5  sigreg=0.4476  proto=1.5779  min_dist=0.72  mean_dist=3.69
  [sigreg+proto] epoch 5/5  sigreg=0.4371  proto=1.5032  min_dist=0.81  mean_dist=4.02
  round 1: pool=2489 purity=0.006 k-hat=1 anchors=1  margin=0.4112  mean-anchor=0.5522  4=0.552
  [sigreg+proto] epoch 1/5  sigreg=0.4444  proto=1.7550  min_dist=1.77  mean_dist=5.14
  [sigreg+proto] epoch 2/5  sigreg=0.4663  proto=1.6695  min_dist=2.37  mean_dist=5.88
  [sigreg+proto] epoch 3/5  sigreg=0.4945  proto=1.6279  min_dist=2.86  mean_dist=6.50
  [sigreg+proto] epoch 4/5  sigreg=0.5223  proto=1.5475  min_dist=3.28  mean_dist=7.04
  [sigreg+proto] epoch 5/5  sigreg=0.5445  proto=1.5676  min_dist=3.67  mean_dist=7.51
  round 2: pool=2482 purity=0.003 k-hat=4 anchors=5  margin=0.4439  mean-anchor=0.5914  4=0.591
  [nplmcw] per-event post f=0.01: power=0.030
  [nplmcw] sparker (post, annealed)
    post-spk f=0.01: power=0.060 [0.028,0.115] (3/50)
  [nplmcw] maha (post)
    post-maha f=0.01: power=0.060 [0.028,0.115] (3/50)
  [nplmcw] mmd (post)
    post-mmd f=0.01: power=0.000 [0.000,0.036] (0/50)
  [sigreg+proto] epoch 1/5  sigreg=0.3634  proto=3.8308  min_dist=2.27  mean_dist=11.00
  [sigreg+proto] epoch 2/5  sigreg=0.4370  proto=2.8344  min_dist=2.84  mean_dist=11.34
  [sigreg+proto] epoch 3/5  sigreg=0.4887  proto=2.4030  min_dist=3.25  mean_dist=11.65
  [sigreg+proto] epoch 4/5  sigreg=0.5216  proto=2.1102  min_dist=3.60  mean_dist=11.94
  [sigreg+proto] epoch 5/5  sigreg=0.5562  proto=1.9754  min_dist=3.89  mean_dist=12.20
  round 1: pool=2494 purity=0.008 k-hat=4 anchors=4  margin=0.7417  mean-anchor=0.8293  4=0.829
  [sigreg+proto] epoch 1/5  sigreg=0.4508  proto=2.9943  min_dist=4.27  mean_dist=12.23
  [sigreg+proto] epoch 2/5  sigreg=0.4731  proto=2.2857  min_dist=4.49  mean_dist=12.48
  [sigreg+proto] epoch 3/5  sigreg=0.4912  proto=2.0203  min_dist=4.67  mean_dist=12.71
  [sigreg+proto] epoch 4/5  sigreg=0.5151  proto=1.9106  min_dist=4.80  mean_dist=12.93
  [sigreg+proto] epoch 5/5  sigreg=0.5343  proto=1.7989  min_dist=4.98  mean_dist=13.13
  round 2: pool=2516 purity=0.016 k-hat=4 anchors=8  margin=0.6874  mean-anchor=0.7692  4=0.769
  [ssig] per-event post f=0.01: power=0.020
  [ssig] sparker (post, annealed)
    post-spk f=0.01: power=0.080 [0.042,0.138] (4/50)
  [ssig] maha (post)
    post-maha f=0.01: power=0.080 [0.042,0.138] (4/50)
  [ssig] mmd (post)
    post-mmd f=0.01: power=0.040 [0.014,0.090] (2/50)
    merged 2 -> 1 anchors
  [sigreg+proto] epoch 1/5  sigreg=0.7914  proto=2.9232  min_dist=0.25  mean_dist=2.19
  [sigreg+proto] epoch 2/5  sigreg=0.7378  proto=2.8315  min_dist=0.30  mean_dist=2.40
  [sigreg+proto] epoch 3/5  sigreg=0.7131  proto=2.7096  min_dist=0.36  mean_dist=2.60
  [sigreg+proto] epoch 4/5  sigreg=0.6971  proto=2.6617  min_dist=0.41  mean_dist=2.78
  [sigreg+proto] epoch 5/5  sigreg=0.6838  proto=2.6018  min_dist=0.45  mean_dist=2.95
  round 1: pool=2494 purity=0.008 k-hat=2 anchors=1  margin=0.3562  mean-anchor=0.5410  4=0.541
  [sigreg+proto] epoch 1/5  sigreg=0.6842  proto=2.7573  min_dist=1.21  mean_dist=4.18
  [sigreg+proto] epoch 2/5  sigreg=0.6940  proto=2.5989  min_dist=1.65  mean_dist=4.83
  [sigreg+proto] epoch 3/5  sigreg=0.7087  proto=2.5850  min_dist=2.01  mean_dist=5.36
  [sigreg+proto] epoch 4/5  sigreg=0.7303  proto=2.4746  min_dist=2.26  mean_dist=5.82
  [sigreg+proto] epoch 5/5  sigreg=0.7453  proto=2.4878  min_dist=2.49  mean_dist=6.23
  round 2: pool=2478 purity=0.001 k-hat=4 anchors=5  margin=0.3390  mean-anchor=0.5837  4=0.584
  [nplmsd] per-event post f=0.01: power=0.000
  [nplmsd] sparker (post, annealed)
    post-spk f=0.01: power=0.040 [0.014,0.090] (2/50)
  [nplmsd] maha (post)
    post-maha f=0.01: power=0.020 [0.003,0.064] (1/50)
  [nplmsd] mmd (post)
    post-mmd f=0.01: power=0.020 [0.003,0.064] (1/50)

===== POST grid, f=0.02 (500 injected) =====
  [sigreg+proto] epoch 1/5  sigreg=0.5538  proto=15.4567  min_dist=2.69  mean_dist=10.87
  [sigreg+proto] epoch 2/5  sigreg=0.8291  proto=8.8581  min_dist=3.13  mean_dist=11.03
  [sigreg+proto] epoch 3/5  sigreg=1.0203  proto=6.5665  min_dist=3.47  mean_dist=11.21
  [sigreg+proto] epoch 4/5  sigreg=1.1567  proto=5.3916  min_dist=3.61  mean_dist=11.39
  [sigreg+proto] epoch 5/5  sigreg=1.2237  proto=4.6213  min_dist=3.77  mean_dist=11.56
  round 1: pool=2485 purity=0.004 k-hat=4 anchors=4  margin=0.5637  mean-anchor=0.6533  4=0.653
  [sigreg+proto] epoch 1/5  sigreg=0.9611  proto=6.6418  min_dist=3.98  mean_dist=11.85
  [sigreg+proto] epoch 2/5  sigreg=1.0221  proto=4.2650  min_dist=4.03  mean_dist=12.01
  [sigreg+proto] epoch 3/5  sigreg=1.0627  proto=3.8980  min_dist=3.73  mean_dist=12.16
  [sigreg+proto] epoch 4/5  sigreg=1.0912  proto=3.5127  min_dist=3.59  mean_dist=12.31
  [sigreg+proto] epoch 5/5  sigreg=1.1006  proto=3.2735  min_dist=3.69  mean_dist=12.44
  round 2: pool=2483 purity=0.003 k-hat=4 anchors=8  margin=0.4398  mean-anchor=0.6694  4=0.669
  [simclr] per-event post f=0.02: power=0.030
  [simclr] sparker (post, annealed)
    post-spk f=0.02: power=0.040 [0.014,0.090] (2/50)
  [simclr] maha (post)
    post-maha f=0.02: power=0.000 [0.000,0.036] (0/50)
  [simclr] mmd (post)
    post-mmd f=0.02: power=0.700 [0.622,0.769] (35/50)
  [sigreg+proto] epoch 1/5  sigreg=0.5022  proto=6.7350  min_dist=1.73  mean_dist=7.42
  [sigreg+proto] epoch 2/5  sigreg=0.6035  proto=5.1828  min_dist=2.34  mean_dist=7.97
  [sigreg+proto] epoch 3/5  sigreg=0.6799  proto=4.6544  min_dist=2.90  mean_dist=8.44
  [sigreg+proto] epoch 4/5  sigreg=0.7625  proto=4.1736  min_dist=3.32  mean_dist=8.87
  [sigreg+proto] epoch 5/5  sigreg=0.8381  proto=3.7476  min_dist=3.67  mean_dist=9.24
  round 1: pool=2487 purity=0.005 k-hat=4 anchors=4  margin=0.5125  mean-anchor=0.6525  4=0.652
  [sigreg+proto] epoch 1/5  sigreg=0.8413  proto=4.1836  min_dist=4.17  mean_dist=9.65
  [sigreg+proto] epoch 2/5  sigreg=0.8943  proto=3.3323  min_dist=4.36  mean_dist=10.04
  [sigreg+proto] epoch 3/5  sigreg=0.9533  proto=3.1520  min_dist=4.56  mean_dist=10.39
  [sigreg+proto] epoch 4/5  sigreg=1.0022  proto=2.9388  min_dist=4.77  mean_dist=10.70
  [sigreg+proto] epoch 5/5  sigreg=1.0403  proto=2.7432  min_dist=4.91  mean_dist=10.98
  round 2: pool=2481 purity=0.002 k-hat=4 anchors=8  margin=0.5398  mean-anchor=0.6637  4=0.664
  [visreg] per-event post f=0.02: power=0.010
  [visreg] sparker (post, annealed)
    post-spk f=0.02: power=0.100 [0.058,0.162] (5/50)
  [visreg] maha (post)
    post-maha f=0.02: power=0.000 [0.000,0.036] (0/50)
  [visreg] mmd (post)
    post-mmd f=0.02: power=0.580 [0.500,0.657] (29/50)
    merged 2 -> 1 anchors
  [sigreg+proto] epoch 1/5  sigreg=0.3470  proto=3.5362  min_dist=0.94  mean_dist=1.92
  [sigreg+proto] epoch 2/5  sigreg=0.3188  proto=3.2975  min_dist=1.34  mean_dist=2.41
  [sigreg+proto] epoch 3/5  sigreg=0.3279  proto=3.1945  min_dist=1.64  mean_dist=2.79
  [sigreg+proto] epoch 4/5  sigreg=0.3335  proto=3.1003  min_dist=1.89  mean_dist=3.11
  [sigreg+proto] epoch 5/5  sigreg=0.3384  proto=3.0349  min_dist=2.10  mean_dist=3.39
  round 1: pool=2497 purity=0.009 k-hat=2 anchors=1  margin=0.5997  mean-anchor=0.5796  4=0.580
  [sigreg+proto] epoch 1/5  sigreg=0.3907  proto=3.2425  min_dist=2.89  mean_dist=4.66
  [sigreg+proto] epoch 2/5  sigreg=0.4419  proto=3.1200  min_dist=3.44  mean_dist=5.40
  [sigreg+proto] epoch 3/5  sigreg=0.4841  proto=3.0532  min_dist=3.84  mean_dist=6.00
  [sigreg+proto] epoch 4/5  sigreg=0.5180  proto=2.9863  min_dist=4.19  mean_dist=6.51
  [sigreg+proto] epoch 5/5  sigreg=0.5494  proto=2.9023  min_dist=4.50  mean_dist=6.95
  round 2: pool=2490 purity=0.006 k-hat=4 anchors=5  margin=0.6112  mean-anchor=0.5959  4=0.596
  [nplm] per-event post f=0.02: power=0.070
  [nplm] sparker (post, annealed)
    post-spk f=0.02: power=0.020 [0.003,0.064] (1/50)
  [nplm] maha (post)
    post-maha f=0.02: power=0.000 [0.000,0.036] (0/50)
  [nplm] mmd (post)
    post-mmd f=0.02: power=0.320 [0.249,0.399] (16/50)
  [sigreg+proto] epoch 1/5  sigreg=0.4651  proto=2.7479  min_dist=1.41  mean_dist=7.96
  [sigreg+proto] epoch 2/5  sigreg=0.4408  proto=2.1526  min_dist=1.93  mean_dist=8.62
  [sigreg+proto] epoch 3/5  sigreg=0.4376  proto=1.9601  min_dist=2.35  mean_dist=9.19
  [sigreg+proto] epoch 4/5  sigreg=0.4395  proto=1.9032  min_dist=2.72  mean_dist=9.69
  [sigreg+proto] epoch 5/5  sigreg=0.4527  proto=1.9199  min_dist=3.05  mean_dist=10.14
  round 1: pool=2475 purity=0.000 k-hat=3 anchors=3  margin=0.5110  mean-anchor=0.7119  4=0.712
  [sigreg+proto] epoch 1/5  sigreg=0.4601  proto=2.6879  min_dist=3.85  mean_dist=10.71
  [sigreg+proto] epoch 2/5  sigreg=0.4776  proto=2.3651  min_dist=4.26  mean_dist=11.22
  [sigreg+proto] epoch 3/5  sigreg=0.5081  proto=2.1741  min_dist=4.57  mean_dist=11.64
  [sigreg+proto] epoch 4/5  sigreg=0.5450  proto=2.0131  min_dist=4.82  mean_dist=12.00
  [sigreg+proto] epoch 5/5  sigreg=0.5682  proto=1.9915  min_dist=5.05  mean_dist=12.32
  round 2: pool=2478 purity=0.001 k-hat=4 anchors=7  margin=0.5163  mean-anchor=0.6873  4=0.687
  [supcon] per-event post f=0.02: power=0.000
  [supcon] sparker (post, annealed)
    post-spk f=0.02: power=0.020 [0.003,0.064] (1/50)
  [supcon] maha (post)
    post-maha f=0.02: power=0.000 [0.000,0.036] (0/50)
  [supcon] mmd (post)
    post-mmd f=0.02: power=0.860 [0.793,0.910] (43/50)
  [sigreg+proto] epoch 1/5  sigreg=0.7165  proto=2.5416  min_dist=8.19  mean_dist=16.20
  [sigreg+proto] epoch 2/5  sigreg=0.6806  proto=1.5585  min_dist=8.17  mean_dist=16.16
  [sigreg+proto] epoch 3/5  sigreg=0.6576  proto=1.2519  min_dist=8.14  mean_dist=16.13
  [sigreg+proto] epoch 4/5  sigreg=0.6328  proto=1.1576  min_dist=8.14  mean_dist=16.11
  [sigreg+proto] epoch 5/5  sigreg=0.6290  proto=1.0238  min_dist=8.15  mean_dist=16.10
  round 1: pool=2498 purity=0.009 k-hat=4 anchors=4  margin=0.5573  mean-anchor=0.6665  4=0.666
  [sigreg+proto] epoch 1/5  sigreg=0.6968  proto=2.7147  min_dist=8.17  mean_dist=15.86
  [sigreg+proto] epoch 2/5  sigreg=0.6709  proto=1.8182  min_dist=8.18  mean_dist=15.84
  [sigreg+proto] epoch 3/5  sigreg=0.6583  proto=1.5837  min_dist=8.19  mean_dist=15.83
  [sigreg+proto] epoch 4/5  sigreg=0.6492  proto=1.3474  min_dist=8.21  mean_dist=15.83
  [sigreg+proto] epoch 5/5  sigreg=0.6470  proto=1.2235  min_dist=8.23  mean_dist=15.84
  round 2: pool=2494 purity=0.008 k-hat=4 anchors=8  margin=0.5654  mean-anchor=0.6418  4=0.642
  [supsig] per-event post f=0.02: power=0.030
  [supsig] sparker (post, annealed)
    post-spk f=0.02: power=0.120 [0.074,0.184] (6/50)
  [supsig] maha (post)
    post-maha f=0.02: power=0.020 [0.003,0.064] (1/50)
  [supsig] mmd (post)
    post-mmd f=0.02: power=0.440 [0.362,0.520] (22/50)
  [sigreg+proto] epoch 1/5  sigreg=0.6279  proto=2.1259  min_dist=0.42  mean_dist=2.37
  [sigreg+proto] epoch 2/5  sigreg=0.5134  proto=1.8020  min_dist=0.54  mean_dist=2.89
  [sigreg+proto] epoch 3/5  sigreg=0.4704  proto=1.6665  min_dist=0.64  mean_dist=3.32
  [sigreg+proto] epoch 4/5  sigreg=0.4474  proto=1.5492  min_dist=0.73  mean_dist=3.69
  [sigreg+proto] epoch 5/5  sigreg=0.4329  proto=1.5125  min_dist=0.81  mean_dist=4.02
  round 1: pool=2489 purity=0.006 k-hat=1 anchors=1  margin=0.3000  mean-anchor=0.5716  4=0.572
  [sigreg+proto] epoch 1/5  sigreg=0.4420  proto=1.7705  min_dist=1.73  mean_dist=5.14
  [sigreg+proto] epoch 2/5  sigreg=0.4688  proto=1.6038  min_dist=2.31  mean_dist=5.88
  [sigreg+proto] epoch 3/5  sigreg=0.4975  proto=1.6402  min_dist=2.78  mean_dist=6.50
  [sigreg+proto] epoch 4/5  sigreg=0.5216  proto=1.5636  min_dist=3.19  mean_dist=7.03
  [sigreg+proto] epoch 5/5  sigreg=0.5470  proto=1.5093  min_dist=3.56  mean_dist=7.51
  round 2: pool=2476 purity=0.000 k-hat=4 anchors=5  margin=0.3356  mean-anchor=0.6002  4=0.600
  [nplmcw] per-event post f=0.02: power=0.020
  [nplmcw] sparker (post, annealed)
    post-spk f=0.02: power=0.060 [0.028,0.115] (3/50)
  [nplmcw] maha (post)
    post-maha f=0.02: power=0.000 [0.000,0.036] (0/50)
  [nplmcw] mmd (post)
    post-mmd f=0.02: power=0.420 [0.343,0.500] (21/50)
  [sigreg+proto] epoch 1/5  sigreg=0.3655  proto=3.7737  min_dist=2.26  mean_dist=11.00
  [sigreg+proto] epoch 2/5  sigreg=0.4379  proto=2.8492  min_dist=2.82  mean_dist=11.34
  [sigreg+proto] epoch 3/5  sigreg=0.4900  proto=2.3487  min_dist=3.26  mean_dist=11.66
  [sigreg+proto] epoch 4/5  sigreg=0.5310  proto=2.1585  min_dist=3.57  mean_dist=11.94
  [sigreg+proto] epoch 5/5  sigreg=0.5551  proto=1.8924  min_dist=3.86  mean_dist=12.21
  round 1: pool=2494 purity=0.008 k-hat=4 anchors=4  margin=0.7888  mean-anchor=0.8616  4=0.862
  [sigreg+proto] epoch 1/5  sigreg=0.4491  proto=2.9594  min_dist=4.14  mean_dist=12.25
  [sigreg+proto] epoch 2/5  sigreg=0.4746  proto=2.2164  min_dist=4.27  mean_dist=12.49
  [sigreg+proto] epoch 3/5  sigreg=0.4953  proto=2.1090  min_dist=4.43  mean_dist=12.72
  [sigreg+proto] epoch 4/5  sigreg=0.5141  proto=1.8503  min_dist=4.61  mean_dist=12.94
  [sigreg+proto] epoch 5/5  sigreg=0.5413  proto=1.7868  min_dist=4.78  mean_dist=13.14
  round 2: pool=2509 purity=0.014 k-hat=4 anchors=8  margin=0.7011  mean-anchor=0.7626  4=0.763
  [ssig] per-event post f=0.02: power=0.010
  [ssig] sparker (post, annealed)
    post-spk f=0.02: power=0.080 [0.042,0.138] (4/50)
  [ssig] maha (post)
    post-maha f=0.02: power=0.060 [0.028,0.115] (3/50)
  [ssig] mmd (post)
    post-mmd f=0.02: power=0.940 [0.885,0.972] (47/50)
    merged 2 -> 1 anchors
  [sigreg+proto] epoch 1/5  sigreg=0.7915  proto=2.9199  min_dist=0.25  mean_dist=2.19
  [sigreg+proto] epoch 2/5  sigreg=0.7396  proto=2.7825  min_dist=0.30  mean_dist=2.40
  [sigreg+proto] epoch 3/5  sigreg=0.7107  proto=2.7015  min_dist=0.36  mean_dist=2.60
  [sigreg+proto] epoch 4/5  sigreg=0.6930  proto=2.6145  min_dist=0.41  mean_dist=2.78
  [sigreg+proto] epoch 5/5  sigreg=0.6826  proto=2.5793  min_dist=0.45  mean_dist=2.95
  round 1: pool=2494 purity=0.008 k-hat=2 anchors=1  margin=0.3430  mean-anchor=0.6093  4=0.609
  [sigreg+proto] epoch 1/5  sigreg=0.6703  proto=2.7520  min_dist=1.21  mean_dist=4.17
  [sigreg+proto] epoch 2/5  sigreg=0.6901  proto=2.5453  min_dist=1.64  mean_dist=4.82
  [sigreg+proto] epoch 3/5  sigreg=0.7040  proto=2.5644  min_dist=2.00  mean_dist=5.36
  [sigreg+proto] epoch 4/5  sigreg=0.7227  proto=2.4706  min_dist=2.31  mean_dist=5.82
  [sigreg+proto] epoch 5/5  sigreg=0.7418  proto=2.4417  min_dist=2.55  mean_dist=6.23
  round 2: pool=2476 purity=0.000 k-hat=4 anchors=5  margin=0.2934  mean-anchor=0.5156  4=0.516
  [nplmsd] per-event post f=0.02: power=0.010
  [nplmsd] sparker (post, annealed)
    post-spk f=0.02: power=0.120 [0.074,0.184] (6/50)
  [nplmsd] maha (post)
    post-maha f=0.02: power=0.000 [0.000,0.036] (0/50)
  [nplmsd] mmd (post)
    post-mmd f=0.02: power=0.820 [0.749,0.876] (41/50)

===== POST grid, f=0.05 (500 injected) =====
  [sigreg+proto] epoch 1/5  sigreg=0.5403  proto=14.8752  min_dist=2.73  mean_dist=10.87
  [sigreg+proto] epoch 2/5  sigreg=0.8151  proto=8.4883  min_dist=3.16  mean_dist=11.04
  [sigreg+proto] epoch 3/5  sigreg=1.0314  proto=6.4473  min_dist=3.50  mean_dist=11.22
  [sigreg+proto] epoch 4/5  sigreg=1.2050  proto=5.3919  min_dist=3.68  mean_dist=11.40
  [sigreg+proto] epoch 5/5  sigreg=1.2410  proto=4.4617  min_dist=3.82  mean_dist=11.58
  round 1: pool=2485 purity=0.004 k-hat=4 anchors=4  margin=0.5992  mean-anchor=0.6148  4=0.615
  [sigreg+proto] epoch 1/5  sigreg=0.9452  proto=6.7373  min_dist=3.90  mean_dist=11.86
  [sigreg+proto] epoch 2/5  sigreg=1.0085  proto=4.2756  min_dist=4.07  mean_dist=12.01
  [sigreg+proto] epoch 3/5  sigreg=1.0551  proto=3.8548  min_dist=4.25  mean_dist=12.17
  [sigreg+proto] epoch 4/5  sigreg=1.0797  proto=3.3843  min_dist=4.39  mean_dist=12.32
  [sigreg+proto] epoch 5/5  sigreg=1.1008  proto=3.1955  min_dist=4.54  mean_dist=12.45
  round 2: pool=2486 purity=0.004 k-hat=4 anchors=8  margin=0.4515  mean-anchor=0.6168  4=0.617
  [simclr] per-event post f=0.05: power=0.040
  [simclr] sparker (post, annealed)
    post-spk f=0.05: power=0.960 [0.910,0.986] (48/50)
  [simclr] maha (post)
    post-maha f=0.05: power=0.000 [0.000,0.036] (0/50)
  [simclr] mmd (post)
    post-mmd f=0.05: power=0.940 [0.885,0.972] (47/50)
  [sigreg+proto] epoch 1/5  sigreg=0.5099  proto=6.9684  min_dist=1.73  mean_dist=7.42
  [sigreg+proto] epoch 2/5  sigreg=0.6051  proto=5.2965  min_dist=2.34  mean_dist=7.96
  [sigreg+proto] epoch 3/5  sigreg=0.6758  proto=4.7718  min_dist=2.89  mean_dist=8.43
  [sigreg+proto] epoch 4/5  sigreg=0.7518  proto=4.2163  min_dist=3.32  mean_dist=8.85
  [sigreg+proto] epoch 5/5  sigreg=0.8345  proto=3.7608  min_dist=3.67  mean_dist=9.23
  round 1: pool=2487 purity=0.005 k-hat=4 anchors=4  margin=0.5068  mean-anchor=0.6612  4=0.661
  [sigreg+proto] epoch 1/5  sigreg=0.7995  proto=4.4106  min_dist=4.19  mean_dist=9.63
  [sigreg+proto] epoch 2/5  sigreg=0.8545  proto=3.4577  min_dist=4.44  mean_dist=10.02
  [sigreg+proto] epoch 3/5  sigreg=0.9088  proto=3.2252  min_dist=4.63  mean_dist=10.37
  [sigreg+proto] epoch 4/5  sigreg=0.9584  proto=3.0160  min_dist=4.83  mean_dist=10.68
  [sigreg+proto] epoch 5/5  sigreg=1.0074  proto=2.8480  min_dist=5.03  mean_dist=10.96
  round 2: pool=2479 purity=0.002 k-hat=4 anchors=8  margin=0.5341  mean-anchor=0.6993  4=0.699
  [visreg] per-event post f=0.05: power=0.020
  [visreg] sparker (post, annealed)
    post-spk f=0.05: power=0.960 [0.910,0.986] (48/50)
  [visreg] maha (post)
    post-maha f=0.05: power=0.000 [0.000,0.036] (0/50)
  [visreg] mmd (post)
    post-mmd f=0.05: power=1.000 [0.964,1.000] (50/50)
    merged 2 -> 1 anchors
  [sigreg+proto] epoch 1/5  sigreg=0.3532  proto=3.5568  min_dist=0.94  mean_dist=1.92
  [sigreg+proto] epoch 2/5  sigreg=0.3198  proto=3.3352  min_dist=1.34  mean_dist=2.41
  [sigreg+proto] epoch 3/5  sigreg=0.3293  proto=3.2105  min_dist=1.64  mean_dist=2.79
  [sigreg+proto] epoch 4/5  sigreg=0.3374  proto=3.1021  min_dist=1.89  mean_dist=3.11
  [sigreg+proto] epoch 5/5  sigreg=0.3397  proto=3.0246  min_dist=2.10  mean_dist=3.39
  round 1: pool=2497 purity=0.009 k-hat=2 anchors=1  margin=0.6383  mean-anchor=0.6058  4=0.606
  [sigreg+proto] epoch 1/5  sigreg=0.3884  proto=3.3147  min_dist=2.89  mean_dist=4.67
  [sigreg+proto] epoch 2/5  sigreg=0.4402  proto=3.1270  min_dist=3.43  mean_dist=5.41
  [sigreg+proto] epoch 3/5  sigreg=0.4790  proto=3.0531  min_dist=3.85  mean_dist=6.00
  [sigreg+proto] epoch 4/5  sigreg=0.5208  proto=2.9907  min_dist=4.21  mean_dist=6.51
  [sigreg+proto] epoch 5/5  sigreg=0.5470  proto=2.8773  min_dist=4.53  mean_dist=6.96
  round 2: pool=2493 purity=0.007 k-hat=4 anchors=5  margin=0.6708  mean-anchor=0.7027  4=0.703
  [nplm] per-event post f=0.05: power=0.090
  [nplm] sparker (post, annealed)
    post-spk f=0.05: power=1.000 [0.964,1.000] (50/50)
  [nplm] maha (post)
    post-maha f=0.05: power=0.000 [0.000,0.036] (0/50)
  [nplm] mmd (post)
    post-mmd f=0.05: power=0.640 [0.560,0.714] (32/50)
  [sigreg+proto] epoch 1/5  sigreg=0.4691  proto=2.6461  min_dist=1.40  mean_dist=7.96
  [sigreg+proto] epoch 2/5  sigreg=0.4420  proto=2.1873  min_dist=1.92  mean_dist=8.62
  [sigreg+proto] epoch 3/5  sigreg=0.4339  proto=1.9647  min_dist=2.34  mean_dist=9.19
  [sigreg+proto] epoch 4/5  sigreg=0.4426  proto=1.9566  min_dist=2.71  mean_dist=9.70
  [sigreg+proto] epoch 5/5  sigreg=0.4538  proto=1.8172  min_dist=3.05  mean_dist=10.14
  round 1: pool=2475 purity=0.000 k-hat=3 anchors=3  margin=0.5377  mean-anchor=0.6843  4=0.684
  [sigreg+proto] epoch 1/5  sigreg=0.4565  proto=2.5586  min_dist=3.87  mean_dist=10.80
  [sigreg+proto] epoch 2/5  sigreg=0.4878  proto=2.3148  min_dist=4.25  mean_dist=11.30
  [sigreg+proto] epoch 3/5  sigreg=0.5119  proto=2.1302  min_dist=4.55  mean_dist=11.72
  [sigreg+proto] epoch 4/5  sigreg=0.5525  proto=2.0067  min_dist=4.84  mean_dist=12.07
  [sigreg+proto] epoch 5/5  sigreg=0.5761  proto=1.7894  min_dist=5.10  mean_dist=12.39
  round 2: pool=2478 purity=0.001 k-hat=4 anchors=7  margin=0.5444  mean-anchor=0.7604  4=0.760
  [supcon] per-event post f=0.05: power=0.020
  [supcon] sparker (post, annealed)
    post-spk f=0.05: power=1.000 [0.964,1.000] (50/50)
  [supcon] maha (post)
    post-maha f=0.05: power=0.000 [0.000,0.036] (0/50)
  [supcon] mmd (post)
    post-mmd f=0.05: power=1.000 [0.964,1.000] (50/50)
  [sigreg+proto] epoch 1/5  sigreg=0.7264  proto=2.5926  min_dist=8.20  mean_dist=16.20
  [sigreg+proto] epoch 2/5  sigreg=0.6809  proto=1.5085  min_dist=8.17  mean_dist=16.16
  [sigreg+proto] epoch 3/5  sigreg=0.6604  proto=1.3187  min_dist=8.15  mean_dist=16.13
  [sigreg+proto] epoch 4/5  sigreg=0.6403  proto=1.1276  min_dist=8.14  mean_dist=16.11
  [sigreg+proto] epoch 5/5  sigreg=0.6282  proto=1.0542  min_dist=8.14  mean_dist=16.10
  round 1: pool=2498 purity=0.009 k-hat=4 anchors=4  margin=0.5421  mean-anchor=0.6831  4=0.683
  [sigreg+proto] epoch 1/5  sigreg=0.7056  proto=2.9658  min_dist=8.07  mean_dist=15.86
  [sigreg+proto] epoch 2/5  sigreg=0.6789  proto=1.7989  min_dist=8.18  mean_dist=15.84
  [sigreg+proto] epoch 3/5  sigreg=0.6622  proto=1.5330  min_dist=8.20  mean_dist=15.83
  [sigreg+proto] epoch 4/5  sigreg=0.6558  proto=1.4249  min_dist=8.20  mean_dist=15.83
  [sigreg+proto] epoch 5/5  sigreg=0.6531  proto=1.2725  min_dist=8.24  mean_dist=15.83
  round 2: pool=2506 purity=0.012 k-hat=4 anchors=8  margin=0.5594  mean-anchor=0.6719  4=0.672
  [supsig] per-event post f=0.05: power=0.060
  [supsig] sparker (post, annealed)
    post-spk f=0.05: power=1.000 [0.964,1.000] (50/50)
  [supsig] maha (post)
    post-maha f=0.05: power=0.000 [0.000,0.036] (0/50)
  [supsig] mmd (post)
    post-mmd f=0.05: power=1.000 [0.964,1.000] (50/50)
  [sigreg+proto] epoch 1/5  sigreg=0.6308  proto=2.1718  min_dist=0.42  mean_dist=2.37
  [sigreg+proto] epoch 2/5  sigreg=0.5139  proto=1.7892  min_dist=0.54  mean_dist=2.89
  [sigreg+proto] epoch 3/5  sigreg=0.4694  proto=1.6424  min_dist=0.64  mean_dist=3.32
  [sigreg+proto] epoch 4/5  sigreg=0.4482  proto=1.5596  min_dist=0.73  mean_dist=3.69
  [sigreg+proto] epoch 5/5  sigreg=0.4356  proto=1.4914  min_dist=0.81  mean_dist=4.02
  round 1: pool=2489 purity=0.006 k-hat=1 anchors=1  margin=0.4361  mean-anchor=0.4939  4=0.494
  [sigreg+proto] epoch 1/5  sigreg=0.4410  proto=1.8478  min_dist=1.76  mean_dist=5.15
  [sigreg+proto] epoch 2/5  sigreg=0.4676  proto=1.7445  min_dist=2.36  mean_dist=5.89
  [sigreg+proto] epoch 3/5  sigreg=0.4968  proto=1.6851  min_dist=2.84  mean_dist=6.50
  [sigreg+proto] epoch 4/5  sigreg=0.5236  proto=1.6578  min_dist=3.27  mean_dist=7.04
  [sigreg+proto] epoch 5/5  sigreg=0.5506  proto=1.5334  min_dist=3.65  mean_dist=7.51
  round 2: pool=2484 purity=0.004 k-hat=4 anchors=5  margin=0.3336  mean-anchor=0.5916  4=0.592
  [nplmcw] per-event post f=0.05: power=0.020
  [nplmcw] sparker (post, annealed)
    post-spk f=0.05: power=1.000 [0.964,1.000] (50/50)
  [nplmcw] maha (post)
    post-maha f=0.05: power=0.000 [0.000,0.036] (0/50)
  [nplmcw] mmd (post)
    post-mmd f=0.05: power=1.000 [0.964,1.000] (50/50)
  [sigreg+proto] epoch 1/5  sigreg=0.3612  proto=3.7683  min_dist=2.27  mean_dist=11.00
  [sigreg+proto] epoch 2/5  sigreg=0.4379  proto=2.9150  min_dist=2.82  mean_dist=11.33
  [sigreg+proto] epoch 3/5  sigreg=0.4974  proto=2.4573  min_dist=3.24  mean_dist=11.64
  [sigreg+proto] epoch 4/5  sigreg=0.5421  proto=2.1632  min_dist=3.56  mean_dist=11.92
  [sigreg+proto] epoch 5/5  sigreg=0.5642  proto=1.9822  min_dist=3.83  mean_dist=12.18
  round 1: pool=2494 purity=0.008 k-hat=4 anchors=4  margin=0.7477  mean-anchor=0.8442  4=0.844
  [sigreg+proto] epoch 1/5  sigreg=0.4553  proto=2.8904  min_dist=4.09  mean_dist=12.22
  [sigreg+proto] epoch 2/5  sigreg=0.4723  proto=2.1743  min_dist=4.29  mean_dist=12.47
  [sigreg+proto] epoch 3/5  sigreg=0.4986  proto=2.0541  min_dist=4.46  mean_dist=12.71
  [sigreg+proto] epoch 4/5  sigreg=0.5260  proto=1.9699  min_dist=4.64  mean_dist=12.93
  [sigreg+proto] epoch 5/5  sigreg=0.5548  proto=1.8612  min_dist=4.80  mean_dist=13.13
  round 2: pool=2517 purity=0.017 k-hat=4 anchors=8  margin=0.6365  mean-anchor=0.7091  4=0.709
  [ssig] per-event post f=0.05: power=0.010
  [ssig] sparker (post, annealed)
    post-spk f=0.05: power=1.000 [0.964,1.000] (50/50)
  [ssig] maha (post)
    post-maha f=0.05: power=0.060 [0.028,0.115] (3/50)
  [ssig] mmd (post)
    post-mmd f=0.05: power=1.000 [0.964,1.000] (50/50)
    merged 2 -> 1 anchors
  [sigreg+proto] epoch 1/5  sigreg=0.7912  proto=2.9474  min_dist=0.25  mean_dist=2.19
  [sigreg+proto] epoch 2/5  sigreg=0.7405  proto=2.7912  min_dist=0.30  mean_dist=2.40
  [sigreg+proto] epoch 3/5  sigreg=0.7137  proto=2.7045  min_dist=0.36  mean_dist=2.60
  [sigreg+proto] epoch 4/5  sigreg=0.6962  proto=2.6299  min_dist=0.41  mean_dist=2.78
  [sigreg+proto] epoch 5/5  sigreg=0.6793  proto=2.5768  min_dist=0.45  mean_dist=2.95
  round 1: pool=2494 purity=0.008 k-hat=2 anchors=1  margin=0.3888  mean-anchor=0.5421  4=0.542
  [sigreg+proto] epoch 1/5  sigreg=0.6790  proto=2.9007  min_dist=1.21  mean_dist=4.27
  [sigreg+proto] epoch 2/5  sigreg=0.6875  proto=2.6623  min_dist=1.65  mean_dist=4.90
  [sigreg+proto] epoch 3/5  sigreg=0.7100  proto=2.5754  min_dist=2.01  mean_dist=5.43
  [sigreg+proto] epoch 4/5  sigreg=0.7273  proto=2.5407  min_dist=2.31  mean_dist=5.88
  [sigreg+proto] epoch 5/5  sigreg=0.7441  proto=2.4553  min_dist=2.54  mean_dist=6.29
  round 2: pool=2487 purity=0.005 k-hat=4 anchors=5  margin=0.3476  mean-anchor=0.5889  4=0.589
  [nplmsd] per-event post f=0.05: power=0.000
  [nplmsd] sparker (post, annealed)
    post-spk f=0.05: power=0.900 [0.838,0.942] (45/50)
  [nplmsd] maha (post)
    post-maha f=0.05: power=0.000 [0.000,0.036] (0/50)
  [nplmsd] mmd (post)
    post-mmd f=0.05: power=1.000 [0.964,1.000] (50/50)

===== EXP68 PEREVENT POST POWER =====
  base          0.001    0.003     0.01     0.02     0.05
  simclr        0.030    0.010    0.030    0.030    0.040
  visreg        0.000    0.010    0.000    0.010    0.020
  nplm          0.040    0.070    0.050    0.070    0.090
  supcon        0.010    0.040    0.010    0.000    0.020
  supsig        0.010    0.010    0.090    0.030    0.060
  nplmcw        0.030    0.060    0.030    0.020    0.020
  ssig          0.000    0.020    0.020    0.010    0.010
  nplmsd        0.000    0.000    0.000    0.010    0.000
  saved /home/pharris/sigreg/SuperSig/plots/exp68_perevent_power_cifar100.png

===== EXP68 SPARKER POST POWER =====
  base          0.001    0.003     0.01     0.02     0.05
  simclr        0.020    0.060    0.020    0.040    0.960
  visreg        0.000    0.020    0.020    0.100    0.960
  nplm          0.040    0.080    0.000    0.020    1.000
  supcon        0.000    0.240    0.060    0.020    1.000
  supsig        0.020    0.100    0.100    0.120    1.000
  nplmcw        0.020    0.100    0.060    0.060    1.000
  ssig          0.060    0.040    0.080    0.080    1.000
  nplmsd        0.080    0.060    0.040    0.120    0.900
  saved /home/pharris/sigreg/SuperSig/plots/exp68_sparker_power_cifar100.png

===== EXP68 MAHA POST POWER =====
  base          0.001    0.003     0.01     0.02     0.05
  simclr        0.040    0.040    0.020    0.000    0.000
  visreg        0.060    0.020    0.060    0.000    0.000
  nplm          0.040    0.080    0.040    0.000    0.000
  supcon        0.020    0.020    0.040    0.000    0.000
  supsig        0.040    0.020    0.060    0.020    0.000
  nplmcw        0.100    0.000    0.060    0.000    0.000
  ssig          0.000    0.080    0.080    0.060    0.060
  nplmsd        0.060    0.000    0.020    0.000    0.000
  saved /home/pharris/sigreg/SuperSig/plots/exp68_maha_power_cifar100.png

===== EXP68 MMD POST POWER =====
  base          0.001    0.003     0.01     0.02     0.05
  simclr        0.020    0.080    0.000    0.700    0.940
  visreg        0.020    0.020    0.000    0.580    1.000
  nplm          0.080    0.180    0.000    0.320    0.640
  supcon        0.100    0.080    0.060    0.860    1.000
  supsig        0.160    0.100    0.100    0.440    1.000
  nplmcw        0.080    0.140    0.000    0.420    1.000
  ssig          0.080    0.080    0.040    0.940    1.000
  nplmsd        0.100    0.100    0.020    0.820    1.000
  saved /home/pharris/sigreg/SuperSig/plots/exp68_mmd_power_cifar100.png

===== EXP68 SUMMARY [cifar100] =====
  [simclr  ] probe pre=0.8193 post=0.8892
          round 1: purity=0.004 anchors=4  margin=0.5164  mean-anchor=0.5617
          round 2: purity=0.005 anchors=8  margin=0.4280  mean-anchor=0.6025
  [visreg  ] probe pre=0.8082 post=0.8932
          round 1: purity=0.005 anchors=4  margin=0.5571  mean-anchor=0.6377
          round 2: purity=0.002 anchors=8  margin=0.4736  mean-anchor=0.5886
  [nplm    ] probe pre=0.7570 post=0.8851
          round 1: purity=0.009 anchors=1  margin=0.6450  mean-anchor=0.5525
          round 2: purity=0.007 anchors=5  margin=0.5505  mean-anchor=0.7312
  [supcon  ] probe pre=0.9394 post=0.9296
          round 1: purity=0.000 anchors=3  margin=0.5125  mean-anchor=0.6670
          round 2: purity=0.002 anchors=7  margin=0.5568  mean-anchor=0.7603
  [supsig  ] probe pre=0.8376 post=0.7962
          round 1: purity=0.009 anchors=4  margin=0.5744  mean-anchor=0.7003
          round 2: purity=0.010 anchors=8  margin=0.5964  mean-anchor=0.7135
  [nplmcw  ] probe pre=0.8988 post=0.9368
          round 1: purity=0.006 anchors=1  margin=0.3628  mean-anchor=0.5630
          round 2: purity=0.002 anchors=5  margin=0.4675  mean-anchor=0.5316
  [ssig    ] probe pre=0.9379 post=0.8705
          round 1: purity=0.008 anchors=4  margin=0.7670  mean-anchor=0.8412
          round 2: purity=0.015 anchors=8  margin=0.6846  mean-anchor=0.7437
  [nplmsd  ] probe pre=0.8185 post=0.8567
          round 1: purity=0.008 anchors=1  margin=0.3319  mean-anchor=0.4818
          round 2: purity=0.003 anchors=5  margin=0.3480  mean-anchor=0.4959
Done.
