/home/pharris/venv/lib64/python3.9/site-packages/networkx/utils/backends.py:135: RuntimeWarning: networkx backend defined more than once: nx-loopback
  backends.update(_get_backends("networkx.backends"))

######## [galaxy10_lejepa] discovery on supcon-ft->res concat ########
Fetching 37 files:   0%|          | 0/37 [00:00<?, ?it/s]Fetching 37 files: 100%|██████████| 37/37 [00:00<00:00, 335181.96it/s]
Fetching 37 files:   0%|          | 0/37 [00:00<?, ?it/s]Fetching 37 files: 100%|██████████| 37/37 [00:00<00:00, 480462.07it/s]
  [sigreg+proto] epoch 1/5  sigreg=0.3385  proto=4.2948  min_dist=4.20  mean_dist=9.64
  [sigreg+proto] epoch 2/5  sigreg=0.4043  proto=2.2967  min_dist=4.27  mean_dist=9.70
  [sigreg+proto] epoch 3/5  sigreg=0.4337  proto=1.8250  min_dist=4.35  mean_dist=9.77
  [sigreg+proto] epoch 4/5  sigreg=0.4738  proto=1.2909  min_dist=4.42  mean_dist=9.83
  [sigreg+proto] epoch 5/5  sigreg=0.5014  proto=0.9675  min_dist=4.49  mean_dist=9.90
  round 1: pool=87 purity=0.092 k-hat=4 anchors=4  margin=0.6772  mean-anchor=0.6566  3=0.657
  [sigreg+proto] epoch 1/5  sigreg=0.4962  proto=1.8004  min_dist=4.56  mean_dist=9.97
  [sigreg+proto] epoch 2/5  sigreg=0.5100  proto=1.3113  min_dist=4.62  mean_dist=10.02
  [sigreg+proto] epoch 3/5  sigreg=0.5196  proto=0.9571  min_dist=4.68  mean_dist=10.08
  [sigreg+proto] epoch 4/5  sigreg=0.5235  proto=1.0264  min_dist=4.74  mean_dist=10.14
  [sigreg+proto] epoch 5/5  sigreg=0.5368  proto=0.7837  min_dist=4.81  mean_dist=10.19
  round 2: pool=80 purity=0.013 k-hat=2 anchors=6  margin=0.5696  mean-anchor=0.6373  3=0.637
  [galaxy10_lejepa] supcon-ft->res concat: probe 0.9776+-0.0009 -> 0.9635+-0.0006  eucl 0.5638 -> 0.6167  mahaT 0.7894 -> 0.7631  lid 0.6860 -> 0.6671
          round 1: purity=0.092 anchors=4  margin=0.6772
          round 2: purity=0.013 anchors=6  margin=0.5696
  [sigreg+proto] epoch 1/5  sigreg=0.3493  proto=4.3837  min_dist=4.20  mean_dist=9.80
  [sigreg+proto] epoch 2/5  sigreg=0.4397  proto=2.3163  min_dist=4.27  mean_dist=9.86
  [sigreg+proto] epoch 3/5  sigreg=0.4624  proto=1.7986  min_dist=4.35  mean_dist=9.93
  [sigreg+proto] epoch 4/5  sigreg=0.5016  proto=1.2303  min_dist=4.42  mean_dist=9.99
  [sigreg+proto] epoch 5/5  sigreg=0.5218  proto=0.9387  min_dist=4.50  mean_dist=10.06
  round 1: pool=80 purity=0.013 k-hat=4 anchors=4  margin=0.5957  mean-anchor=0.6294  3=0.629
  [sigreg+proto] epoch 1/5  sigreg=0.5197  proto=1.9031  min_dist=4.56  mean_dist=10.18
  [sigreg+proto] epoch 2/5  sigreg=0.5280  proto=1.2713  min_dist=4.62  mean_dist=10.24
  [sigreg+proto] epoch 3/5  sigreg=0.5394  proto=0.9423  min_dist=4.68  mean_dist=10.29
  [sigreg+proto] epoch 4/5  sigreg=0.5372  proto=1.0386  min_dist=4.74  mean_dist=10.35
  [sigreg+proto] epoch 5/5  sigreg=0.5413  proto=0.7422  min_dist=4.81  mean_dist=10.40
  round 2: pool=79 purity=0.000 k-hat=2 anchors=6  margin=0.5354  mean-anchor=0.6284  3=0.628
    post-spk f=0.003: power=0.020 [0.003,0.064] (1/50)
    post-maha f=0.003: power=0.080 [0.042,0.138] (4/50)
    post-mmd f=0.003: power=0.060 [0.028,0.115] (3/50)
  [galaxy10_lejepa] post f=0.003: perevent=0.041  sparker=0.020  maha=0.080  mmd=0.060
  [sigreg+proto] epoch 1/5  sigreg=0.3570  proto=4.4602  min_dist=4.20  mean_dist=9.75
  [sigreg+proto] epoch 2/5  sigreg=0.4288  proto=2.5281  min_dist=4.27  mean_dist=9.82
  [sigreg+proto] epoch 3/5  sigreg=0.4728  proto=1.5433  min_dist=4.35  mean_dist=9.88
  [sigreg+proto] epoch 4/5  sigreg=0.5091  proto=1.3325  min_dist=4.42  mean_dist=9.95
  [sigreg+proto] epoch 5/5  sigreg=0.5281  proto=0.8703  min_dist=4.50  mean_dist=10.02
  round 1: pool=79 purity=0.000 k-hat=4 anchors=4  margin=0.5320  mean-anchor=0.6106  3=0.611
  [sigreg+proto] epoch 1/5  sigreg=0.5335  proto=1.8909  min_dist=4.56  mean_dist=10.20
  [sigreg+proto] epoch 2/5  sigreg=0.5367  proto=1.0231  min_dist=4.62  mean_dist=10.26
  [sigreg+proto] epoch 3/5  sigreg=0.5473  proto=0.9969  min_dist=4.68  mean_dist=10.31
  [sigreg+proto] epoch 4/5  sigreg=0.5377  proto=0.9358  min_dist=4.74  mean_dist=10.37
  [sigreg+proto] epoch 5/5  sigreg=0.5497  proto=0.7784  min_dist=4.80  mean_dist=10.42
  round 2: pool=79 purity=0.000 k-hat=3 anchors=7  margin=0.5054  mean-anchor=0.4822  3=0.482
    post-spk f=0.01: power=0.020 [0.003,0.064] (1/50)
    post-maha f=0.01: power=0.160 [0.107,0.229] (8/50)
    post-mmd f=0.01: power=0.160 [0.107,0.229] (8/50)
  [galaxy10_lejepa] post f=0.01: perevent=0.043  sparker=0.020  maha=0.160  mmd=0.160
  [sigreg+proto] epoch 1/5  sigreg=0.3257  proto=4.5287  min_dist=4.20  mean_dist=9.37
  [sigreg+proto] epoch 2/5  sigreg=0.3970  proto=2.4280  min_dist=4.27  mean_dist=9.44
  [sigreg+proto] epoch 3/5  sigreg=0.4497  proto=1.4128  min_dist=4.35  mean_dist=9.50
  [sigreg+proto] epoch 4/5  sigreg=0.4948  proto=1.3036  min_dist=4.42  mean_dist=9.57
  [sigreg+proto] epoch 5/5  sigreg=0.5107  proto=0.9116  min_dist=4.50  mean_dist=9.64
  round 1: pool=81 purity=0.025 k-hat=4 anchors=4  margin=0.5847  mean-anchor=0.6856  3=0.686
  [sigreg+proto] epoch 1/5  sigreg=0.5315  proto=1.6861  min_dist=4.56  mean_dist=9.91
  [sigreg+proto] epoch 2/5  sigreg=0.5467  proto=1.1136  min_dist=4.62  mean_dist=9.97
  [sigreg+proto] epoch 3/5  sigreg=0.5369  proto=0.9378  min_dist=4.68  mean_dist=10.02
  [sigreg+proto] epoch 4/5  sigreg=0.5360  proto=0.8441  min_dist=4.74  mean_dist=10.08
  [sigreg+proto] epoch 5/5  sigreg=0.5424  proto=0.6556  min_dist=4.81  mean_dist=10.14
  round 2: pool=79 purity=0.000 k-hat=3 anchors=7  margin=0.5487  mean-anchor=0.6347  3=0.635
    post-spk f=0.02: power=0.060 [0.028,0.115] (3/50)
    post-maha f=0.02: power=0.080 [0.042,0.138] (4/50)
    post-mmd f=0.02: power=0.040 [0.014,0.090] (2/50)
  [galaxy10_lejepa] post f=0.02: perevent=0.038  sparker=0.060  maha=0.080  mmd=0.040
  [sigreg+proto] epoch 1/5  sigreg=0.3153  proto=4.1873  min_dist=4.20  mean_dist=9.07
  [sigreg+proto] epoch 2/5  sigreg=0.3800  proto=2.4979  min_dist=4.27  mean_dist=9.14
  [sigreg+proto] epoch 3/5  sigreg=0.4318  proto=1.7005  min_dist=4.35  mean_dist=9.21
  [sigreg+proto] epoch 4/5  sigreg=0.4575  proto=1.1980  min_dist=4.42  mean_dist=9.27
  [sigreg+proto] epoch 5/5  sigreg=0.4889  proto=0.8815  min_dist=4.50  mean_dist=9.34
  round 1: pool=83 purity=0.048 k-hat=3 anchors=3  margin=0.6675  mean-anchor=0.7085  3=0.709
  [sigreg+proto] epoch 1/5  sigreg=0.5053  proto=1.8921  min_dist=4.56  mean_dist=9.88
  [sigreg+proto] epoch 2/5  sigreg=0.5377  proto=1.4861  min_dist=4.62  mean_dist=9.93
  [sigreg+proto] epoch 3/5  sigreg=0.5286  proto=1.2794  min_dist=4.68  mean_dist=9.99
  [sigreg+proto] epoch 4/5  sigreg=0.5302  proto=0.9880  min_dist=4.75  mean_dist=10.05
  [sigreg+proto] epoch 5/5  sigreg=0.5502  proto=0.7100  min_dist=4.81  mean_dist=10.10
  round 2: pool=79 purity=0.000 k-hat=3 anchors=6  margin=0.6222  mean-anchor=0.6789  3=0.679
    post-spk f=0.05: power=0.500 [0.421,0.579] (25/50)
    post-maha f=0.05: power=0.820 [0.749,0.876] (41/50)
    post-mmd f=0.05: power=0.580 [0.500,0.657] (29/50)
  [galaxy10_lejepa] post f=0.05: perevent=0.056  sparker=0.500  maha=0.820  mmd=0.580

===== EXP72 SUMMARY (discovery on exp-71 winners) =====
  cell              space                          probe pre->post   mahaT pre->post purity r1
  galaxy10_lejepa   supcon-ft->res concat        0.9776->0.9635   0.7894->0.7631     0.092
saved /home/pharris/sigreg/SuperSig/plots/exp72_residual_discovery_h1_d8.png
Done.
