/home/pharris/venv/lib64/python3.9/site-packages/networkx/utils/backends.py:135: RuntimeWarning: networkx backend defined more than once: nx-loopback
  backends.update(_get_backends("networkx.backends"))
Using cache found in /home/pharris/.cache/torch/hub/facebookresearch_dino_main
Using cache found in /home/pharris/.cache/torch/hub/facebookresearch_dino_main
Using cache found in /home/pharris/.cache/torch/hub/facebookresearch_dino_main
Using cache found in /home/pharris/.cache/torch/hub/facebookresearch_dino_main
Using cache found in /home/pharris/.cache/torch/hub/facebookresearch_dino_main
Using cache found in /home/pharris/.cache/torch/hub/facebookresearch_dino_main
exp70 [dtd_dino_ft70_h1_d5] end-to-end ft suite, arms=['simclr-ft', 'sigreg-ssl-ft', 'nplm-bil-ft', 'supcon-ft', 'ss-ft', 'nplm-sup-ft'], ft_epochs=20, emb=100, holdouts 16-16 EXCLUDED from ft
  ft corpus: 3680/3760 train images (holdout classes removed)

===== [simclr-ft] (unsupervised) =====
  loading /home/pharris/sigreg/SuperSig/checkpoints/dtd_ft_dino_simclr-ft_seen_h1_d5.pt
  [simclr-ft     ] probe=0.9481+-0.0043 acc=0.6337 supAUC=0.9515 eucl=0.5763 mahaT=0.6721 mahaPC=0.7788 lid=0.6322

===== [sigreg-ssl-ft] (unsupervised) =====
  loading /home/pharris/sigreg/SuperSig/checkpoints/dtd_ft_dino_sigreg-ssl-ft_seen_h1_d5.pt
  [sigreg-ssl-ft ] probe=0.9052+-0.0051 acc=0.6310 supAUC=0.9649 eucl=0.7128 mahaT=0.7181 mahaPC=0.7864 lid=0.6258

===== [nplm-bil-ft] (unsupervised) =====
  loading /home/pharris/sigreg/SuperSig/checkpoints/dtd_ft_dino_nplm-bil-ft_seen_h1_d5.pt
  [nplm-bil-ft   ] probe=0.7766+-0.0067 acc=0.3130 supAUC=0.8332 eucl=0.4667 mahaT=0.4073 mahaPC=0.3902 lid=0.4131

===== [supcon-ft] (supervised) =====
  loading /home/pharris/sigreg/SuperSig/checkpoints/dtd_ft_dino_supcon-ft_seen_h1_d5.pt
  [supcon-ft     ] probe=0.9144+-0.0078 acc=0.7370 supAUC=0.9777 eucl=0.7043 mahaT=0.5713 mahaPC=0.5371 lid=0.5540

===== [ss-ft] (supervised) =====
  loading /home/pharris/sigreg/SuperSig/checkpoints/dtd_ft_dino_ss-ft_seen_h1_d5.pt
  [ss-ft         ] probe=0.7879+-0.0071 acc=0.7663 supAUC=0.9843 eucl=0.7577 mahaT=0.7011 mahaPC=0.6184 lid=0.5520

===== [nplm-sup-ft] (supervised) =====
  loading /home/pharris/sigreg/SuperSig/checkpoints/dtd_ft_dino_nplm-sup-ft_seen_h1_d5.pt
  [nplm-sup-ft   ] probe=0.8589+-0.0220 acc=0.4527 supAUC=0.9412 eucl=0.5469 mahaT=0.5502 mahaPC=0.5828 lid=0.5402

===== PRE table =====
  arm                        probe     acc  supAUC    eucl   mahaT  mahaPC
  simclr-ft          0.9481+-0.0043  0.6337  0.9515  0.5763  0.6721  0.7788
  sigreg-ssl-ft      0.9052+-0.0051  0.6310  0.9649  0.7128  0.7181  0.7864
  nplm-bil-ft        0.7766+-0.0067  0.3130  0.8332  0.4667  0.4073  0.3902
  supcon-ft          0.9144+-0.0078  0.7370  0.9777  0.7043  0.5713  0.5371
  ss-ft              0.7879+-0.0071  0.7663  0.9843  0.7577  0.7011  0.6184
  nplm-sup-ft        0.8589+-0.0220  0.4527  0.9412  0.5469  0.5502  0.5828

===== gaussianity (seen classes, test set) =====
  metric                         simclr-ft sigreg-ssl-ft   nplm-bil-ft     supcon-ft         ss-ft   nplm-sup-ft
  eig min (class cov)               -0.000        -0.000        -0.000        -0.000        -0.000        -0.000
  eig max (class cov)              159.310        34.592         2.858        87.177        21.522         1.208
  eig cond worst            159310436892672.034592411090944.02857646424064.087177056747520.021522305515520.01207830839296.0
  class RMS min                      0.769         0.369         0.080         0.602         0.395         0.056
  class RMS mean                     1.072         0.564         0.162         0.763         0.506         0.080
  class RMS max                      1.445         0.699         0.240         1.069         0.650         0.116
  max |corr| (worst class)           0.989         0.982         0.949         0.985         0.971         1.000
  SW ratio mean                       1.62          1.95          2.12          1.54          1.62          2.97
  SW ratio worst                      3.11          4.52          4.69          3.28          2.90          7.47
  |skew| mean                        0.418         0.490         0.550         0.417         0.454         0.741
  |ex-kurt| mean                     0.754         0.868         1.060         0.837         0.830         1.368
  centroid dist min                   3.22          1.70          0.34          3.20          2.10          0.11
  centroid dist mean                 13.42          8.27          0.94         15.68         10.30          2.34
  separation (min d/RMS)              3.00          3.02          2.11          4.20          4.14          1.33

===== PRE power batteries =====
  [simclr-ft] per-event pre power=0.000
  [simclr-ft] sparker (annealed)
    pre-spk f=0.003: power=0.000 [0.000,0.036] (0/50)
    pre-spk f=0.01: power=0.040 [0.014,0.090] (2/50)
    pre-spk f=0.02: power=0.040 [0.014,0.090] (2/50)
    pre-spk f=0.05: power=0.560 [0.480,0.638] (28/50)
    pre-spk f=0.1: power=1.000 [0.964,1.000] (50/50)
  [simclr-ft] maha
    pre-maha f=0.003: power=0.060 [0.028,0.115] (3/50)
    pre-maha f=0.01: power=0.180 [0.124,0.251] (9/50)
    pre-maha f=0.02: power=0.300 [0.231,0.378] (15/50)
    pre-maha f=0.05: power=0.840 [0.771,0.893] (42/50)
    pre-maha f=0.1: power=1.000 [0.964,1.000] (50/50)
  [simclr-ft] mmd
    pre-mmd f=0.003: power=0.120 [0.074,0.184] (6/50)
    pre-mmd f=0.01: power=0.160 [0.107,0.229] (8/50)
    pre-mmd f=0.02: power=0.140 [0.090,0.207] (7/50)
    pre-mmd f=0.05: power=0.580 [0.500,0.657] (29/50)
    pre-mmd f=0.1: power=1.000 [0.964,1.000] (50/50)
  [sigreg-ssl-ft] per-event pre power=0.100
  [sigreg-ssl-ft] sparker (annealed)
    pre-spk f=0.003: power=0.180 [0.124,0.251] (9/50)
    pre-spk f=0.01: power=0.120 [0.074,0.184] (6/50)
    pre-spk f=0.02: power=0.060 [0.028,0.115] (3/50)
    pre-spk f=0.05: power=0.540 [0.460,0.618] (27/50)
    pre-spk f=0.1: power=1.000 [0.964,1.000] (50/50)
  [sigreg-ssl-ft] maha
    pre-maha f=0.003: power=0.080 [0.042,0.138] (4/50)
    pre-maha f=0.01: power=0.200 [0.141,0.273] (10/50)
    pre-maha f=0.02: power=0.400 [0.324,0.480] (20/50)
    pre-maha f=0.05: power=0.920 [0.862,0.958] (46/50)
    pre-maha f=0.1: power=1.000 [0.964,1.000] (50/50)
  [sigreg-ssl-ft] mmd
    pre-mmd f=0.003: power=0.080 [0.042,0.138] (4/50)
    pre-mmd f=0.01: power=0.080 [0.042,0.138] (4/50)
    pre-mmd f=0.02: power=0.080 [0.042,0.138] (4/50)
    pre-mmd f=0.05: power=0.500 [0.421,0.579] (25/50)
    pre-mmd f=0.1: power=1.000 [0.964,1.000] (50/50)
  [nplm-bil-ft] per-event pre power=0.000
  [nplm-bil-ft] sparker (annealed)
    pre-spk f=0.003: power=0.040 [0.014,0.090] (2/50)
    pre-spk f=0.01: power=0.080 [0.042,0.138] (4/50)
    pre-spk f=0.02: power=0.060 [0.028,0.115] (3/50)
    pre-spk f=0.05: power=0.800 [0.727,0.859] (40/50)
    pre-spk f=0.1: power=1.000 [0.964,1.000] (50/50)
  [nplm-bil-ft] maha
    pre-maha f=0.003: power=0.060 [0.028,0.115] (3/50)
    pre-maha f=0.01: power=0.000 [0.000,0.036] (0/50)
    pre-maha f=0.02: power=0.020 [0.003,0.064] (1/50)
    pre-maha f=0.05: power=0.000 [0.000,0.036] (0/50)
    pre-maha f=0.1: power=0.000 [0.000,0.036] (0/50)
  [nplm-bil-ft] mmd
    pre-mmd f=0.003: power=0.040 [0.014,0.090] (2/50)
    pre-mmd f=0.01: power=0.080 [0.042,0.138] (4/50)
    pre-mmd f=0.02: power=0.040 [0.014,0.090] (2/50)
    pre-mmd f=0.05: power=0.340 [0.268,0.419] (17/50)
    pre-mmd f=0.1: power=1.000 [0.964,1.000] (50/50)
  [supcon-ft] per-event pre power=0.025
  [supcon-ft] sparker (annealed)
    pre-spk f=0.003: power=0.080 [0.042,0.138] (4/50)
    pre-spk f=0.01: power=0.020 [0.003,0.064] (1/50)
    pre-spk f=0.02: power=0.080 [0.042,0.138] (4/50)
    pre-spk f=0.05: power=0.700 [0.622,0.769] (35/50)
    pre-spk f=0.1: power=1.000 [0.964,1.000] (50/50)
  [supcon-ft] maha
    pre-maha f=0.003: power=0.060 [0.028,0.115] (3/50)
    pre-maha f=0.01: power=0.040 [0.014,0.090] (2/50)
    pre-maha f=0.02: power=0.060 [0.028,0.115] (3/50)
    pre-maha f=0.05: power=0.120 [0.074,0.184] (6/50)
    pre-maha f=0.1: power=0.220 [0.159,0.294] (11/50)
  [supcon-ft] mmd
    pre-mmd f=0.003: power=0.120 [0.074,0.184] (6/50)
    pre-mmd f=0.01: power=0.120 [0.074,0.184] (6/50)
    pre-mmd f=0.02: power=0.240 [0.177,0.315] (12/50)
    pre-mmd f=0.05: power=0.780 [0.706,0.841] (39/50)
    pre-mmd f=0.1: power=1.000 [0.964,1.000] (50/50)
  [ss-ft] per-event pre power=0.150
  [ss-ft] sparker (annealed)
    pre-spk f=0.003: power=0.080 [0.042,0.138] (4/50)
    pre-spk f=0.01: power=0.020 [0.003,0.064] (1/50)
    pre-spk f=0.02: power=0.080 [0.042,0.138] (4/50)
    pre-spk f=0.05: power=0.700 [0.622,0.769] (35/50)
    pre-spk f=0.1: power=1.000 [0.964,1.000] (50/50)
  [ss-ft] maha
    pre-maha f=0.003: power=0.020 [0.003,0.064] (1/50)
    pre-maha f=0.01: power=0.060 [0.028,0.115] (3/50)
    pre-maha f=0.02: power=0.020 [0.003,0.064] (1/50)
    pre-maha f=0.05: power=0.180 [0.124,0.251] (9/50)
    pre-maha f=0.1: power=0.540 [0.460,0.618] (27/50)
  [ss-ft] mmd
    pre-mmd f=0.003: power=0.080 [0.042,0.138] (4/50)
    pre-mmd f=0.01: power=0.200 [0.141,0.273] (10/50)
    pre-mmd f=0.02: power=0.260 [0.194,0.336] (13/50)
    pre-mmd f=0.05: power=0.900 [0.838,0.942] (45/50)
    pre-mmd f=0.1: power=1.000 [0.964,1.000] (50/50)
  [nplm-sup-ft] per-event pre power=0.025
  [nplm-sup-ft] sparker (annealed)
    pre-spk f=0.003: power=0.000 [0.000,0.036] (0/50)
    pre-spk f=0.01: power=0.100 [0.058,0.162] (5/50)
    pre-spk f=0.02: power=0.100 [0.058,0.162] (5/50)
    pre-spk f=0.05: power=0.440 [0.362,0.520] (22/50)
    pre-spk f=0.1: power=1.000 [0.964,1.000] (50/50)
  [nplm-sup-ft] maha
    pre-maha f=0.003: power=0.060 [0.028,0.115] (3/50)
    pre-maha f=0.01: power=0.060 [0.028,0.115] (3/50)
    pre-maha f=0.02: power=0.060 [0.028,0.115] (3/50)
    pre-maha f=0.05: power=0.100 [0.058,0.162] (5/50)
    pre-maha f=0.1: power=0.060 [0.028,0.115] (3/50)
  [nplm-sup-ft] mmd
    pre-mmd f=0.003: power=0.040 [0.014,0.090] (2/50)
    pre-mmd f=0.01: power=0.180 [0.124,0.251] (9/50)
    pre-mmd f=0.02: power=0.260 [0.194,0.336] (13/50)
    pre-mmd f=0.05: power=0.820 [0.749,0.876] (41/50)
    pre-mmd f=0.1: power=1.000 [0.964,1.000] (50/50)

===== EXP70 PEREVENT PRE POWER =====
  arm                 0.003     0.01     0.02     0.05      0.1
  simclr-ft           0.000    0.000    0.000    0.000    0.000
  sigreg-ssl-ft       0.100    0.100    0.100    0.100    0.100
  nplm-bil-ft         0.000    0.000    0.000    0.000    0.000
  supcon-ft           0.025    0.025    0.025    0.025    0.025
  ss-ft               0.150    0.150    0.150    0.150    0.150
  nplm-sup-ft         0.025    0.025    0.025    0.025    0.025
  saved /home/pharris/sigreg/SuperSig/plots/exp70_perevent_power_pre_dtd_dino_ft70_h1_d5.png

===== EXP70 SPARKER PRE POWER =====
  arm                 0.003     0.01     0.02     0.05      0.1
  simclr-ft           0.000    0.040    0.040    0.560    1.000
  sigreg-ssl-ft       0.180    0.120    0.060    0.540    1.000
  nplm-bil-ft         0.040    0.080    0.060    0.800    1.000
  supcon-ft           0.080    0.020    0.080    0.700    1.000
  ss-ft               0.080    0.020    0.080    0.700    1.000
  nplm-sup-ft         0.000    0.100    0.100    0.440    1.000
  saved /home/pharris/sigreg/SuperSig/plots/exp70_sparker_power_pre_dtd_dino_ft70_h1_d5.png

===== EXP70 MAHA PRE POWER =====
  arm                 0.003     0.01     0.02     0.05      0.1
  simclr-ft           0.060    0.180    0.300    0.840    1.000
  sigreg-ssl-ft       0.080    0.200    0.400    0.920    1.000
  nplm-bil-ft         0.060    0.000    0.020    0.000    0.000
  supcon-ft           0.060    0.040    0.060    0.120    0.220
  ss-ft               0.020    0.060    0.020    0.180    0.540
  nplm-sup-ft         0.060    0.060    0.060    0.100    0.060
  saved /home/pharris/sigreg/SuperSig/plots/exp70_maha_power_pre_dtd_dino_ft70_h1_d5.png

===== EXP70 MMD PRE POWER =====
  arm                 0.003     0.01     0.02     0.05      0.1
  simclr-ft           0.120    0.160    0.140    0.580    1.000
  sigreg-ssl-ft       0.080    0.080    0.080    0.500    1.000
  nplm-bil-ft         0.040    0.080    0.040    0.340    1.000
  supcon-ft           0.120    0.120    0.240    0.780    1.000
  ss-ft               0.080    0.200    0.260    0.900    1.000
  nplm-sup-ft         0.040    0.180    0.260    0.820    1.000
  saved /home/pharris/sigreg/SuperSig/plots/exp70_mmd_power_pre_dtd_dino_ft70_h1_d5.png

----- natural discovery: simclr-ft -----
  [sigreg+proto] epoch 1/5  sigreg=0.3188  proto=13.2743  min_dist=3.95  mean_dist=14.73
  [sigreg+proto] epoch 2/5  sigreg=0.3399  proto=8.8285  min_dist=3.97  mean_dist=14.72
  [sigreg+proto] epoch 3/5  sigreg=0.3690  proto=5.7473  min_dist=4.00  mean_dist=14.72
  [sigreg+proto] epoch 4/5  sigreg=0.3986  proto=4.5821  min_dist=4.02  mean_dist=14.72
  [sigreg+proto] epoch 5/5  sigreg=0.4295  proto=3.3622  min_dist=4.05  mean_dist=14.72
  round 1: pool=184 purity=0.000 k-hat=4 anchors=4  margin=0.6566  mean-anchor=0.6085  16=0.609
  [sigreg+proto] epoch 1/5  sigreg=0.4148  proto=4.5055  min_dist=4.08  mean_dist=15.34
  [sigreg+proto] epoch 2/5  sigreg=0.4201  proto=4.1952  min_dist=4.11  mean_dist=15.35
  [sigreg+proto] epoch 3/5  sigreg=0.4140  proto=2.8823  min_dist=4.16  mean_dist=15.36
  [sigreg+proto] epoch 4/5  sigreg=0.4211  proto=2.3105  min_dist=4.20  mean_dist=15.38
  [sigreg+proto] epoch 5/5  sigreg=0.4211  proto=2.1859  min_dist=4.24  mean_dist=15.39
  round 2: pool=184 purity=0.000 k-hat=4 anchors=8  margin=0.6408  mean-anchor=0.5891  16=0.589
  [simclr-ft] probe 0.9481 -> 0.9019  eucl 0.5763 -> 0.6509  mahaT 0.6721 -> 0.6752

----- natural discovery: sigreg-ssl-ft -----
  [sigreg+proto] epoch 1/5  sigreg=0.2993  proto=4.1601  min_dist=1.88  mean_dist=8.92
  [sigreg+proto] epoch 2/5  sigreg=0.4262  proto=2.5401  min_dist=1.97  mean_dist=8.98
  [sigreg+proto] epoch 3/5  sigreg=0.4694  proto=1.8731  min_dist=2.06  mean_dist=9.03
  [sigreg+proto] epoch 4/5  sigreg=0.4649  proto=1.4391  min_dist=2.15  mean_dist=9.09
  [sigreg+proto] epoch 5/5  sigreg=0.4648  proto=1.1369  min_dist=2.23  mean_dist=9.14
  round 1: pool=185 purity=0.005 k-hat=4 anchors=4  margin=0.7959  mean-anchor=0.7118  16=0.712
  [sigreg+proto] epoch 1/5  sigreg=0.4100  proto=1.4638  min_dist=2.32  mean_dist=9.04
  [sigreg+proto] epoch 2/5  sigreg=0.3878  proto=1.1930  min_dist=2.41  mean_dist=9.10
  [sigreg+proto] epoch 3/5  sigreg=0.3858  proto=1.0131  min_dist=2.50  mean_dist=9.16
  [sigreg+proto] epoch 4/5  sigreg=0.3874  proto=0.9128  min_dist=2.58  mean_dist=9.22
  [sigreg+proto] epoch 5/5  sigreg=0.3793  proto=0.6564  min_dist=2.66  mean_dist=9.28
  round 2: pool=184 purity=0.000 k-hat=3 anchors=7  margin=0.7411  mean-anchor=0.6016  16=0.602
  [sigreg-ssl-ft] probe 0.9052 -> 0.7499  eucl 0.7128 -> 0.7625  mahaT 0.7181 -> 0.6891

----- natural discovery: nplm-bil-ft -----
  [sigreg+proto] epoch 1/5  sigreg=0.5710  proto=3.0741  min_dist=0.35  mean_dist=1.15
  [sigreg+proto] epoch 2/5  sigreg=0.4894  proto=2.2370  min_dist=0.42  mean_dist=1.22
  [sigreg+proto] epoch 3/5  sigreg=0.5948  proto=1.7388  min_dist=0.47  mean_dist=1.28
  [sigreg+proto] epoch 4/5  sigreg=0.5868  proto=1.4565  min_dist=0.53  mean_dist=1.35
  [sigreg+proto] epoch 5/5  sigreg=0.5642  proto=1.2021  min_dist=0.58  mean_dist=1.40
  round 1: pool=184 purity=0.000 k-hat=1 anchors=1  margin=0.4040  mean-anchor=0.5817  16=0.582
  [sigreg+proto] epoch 1/5  sigreg=0.4822  proto=2.6281  min_dist=0.65  mean_dist=2.59
  [sigreg+proto] epoch 2/5  sigreg=0.4605  proto=2.2048  min_dist=0.72  mean_dist=2.66
  [sigreg+proto] epoch 3/5  sigreg=0.4391  proto=1.8150  min_dist=0.79  mean_dist=2.72
  [sigreg+proto] epoch 4/5  sigreg=0.4302  proto=1.7545  min_dist=0.85  mean_dist=2.78
  [sigreg+proto] epoch 5/5  sigreg=0.4355  proto=1.3822  min_dist=0.90  mean_dist=2.84
  round 2: pool=184 purity=0.000 k-hat=4 anchors=5  margin=0.4395  mean-anchor=0.5372  16=0.537
  [nplm-bil-ft] probe 0.7766 -> 0.8808  eucl 0.4667 -> 0.6389  mahaT 0.4073 -> 0.5423

----- natural discovery: supcon-ft -----
  [sigreg+proto] epoch 1/5  sigreg=0.3785  proto=5.6747  min_dist=5.10  mean_dist=19.12
  [sigreg+proto] epoch 2/5  sigreg=0.3827  proto=2.5160  min_dist=5.13  mean_dist=19.11
  [sigreg+proto] epoch 3/5  sigreg=0.3688  proto=1.8914  min_dist=5.16  mean_dist=19.11
  [sigreg+proto] epoch 4/5  sigreg=0.3846  proto=2.1413  min_dist=5.20  mean_dist=19.10
  [sigreg+proto] epoch 5/5  sigreg=0.3869  proto=1.8040  min_dist=5.25  mean_dist=19.10
  round 1: pool=188 purity=0.021 k-hat=4 anchors=4  margin=0.7570  mean-anchor=0.7417  16=0.742
  [sigreg+proto] epoch 1/5  sigreg=0.4527  proto=4.1736  min_dist=3.72  mean_dist=19.08
  [sigreg+proto] epoch 2/5  sigreg=0.4372  proto=2.6169  min_dist=3.73  mean_dist=19.07
  [sigreg+proto] epoch 3/5  sigreg=0.4154  proto=3.4463  min_dist=3.75  mean_dist=19.07
  [sigreg+proto] epoch 4/5  sigreg=0.4224  proto=3.0763  min_dist=3.77  mean_dist=19.08
  [sigreg+proto] epoch 5/5  sigreg=0.4341  proto=2.0148  min_dist=3.78  mean_dist=19.08
  round 2: pool=192 purity=0.042 k-hat=4 anchors=8  margin=0.7886  mean-anchor=0.8095  16=0.809
  [supcon-ft] probe 0.9144 -> 0.9144  eucl 0.7043 -> 0.6464  mahaT 0.5713 -> 0.6074

----- natural discovery: ss-ft -----
  [sigreg+proto] epoch 1/5  sigreg=0.4255  proto=1.6838  min_dist=2.89  mean_dist=12.10
  [sigreg+proto] epoch 2/5  sigreg=0.4473  proto=0.6575  min_dist=2.96  mean_dist=12.15
  [sigreg+proto] epoch 3/5  sigreg=0.4017  proto=0.7174  min_dist=3.03  mean_dist=12.21
  [sigreg+proto] epoch 4/5  sigreg=0.3746  proto=0.6648  min_dist=3.10  mean_dist=12.27
  [sigreg+proto] epoch 5/5  sigreg=0.3635  proto=0.6900  min_dist=3.17  mean_dist=12.32
  round 1: pool=228 purity=0.193 k-hat=4 anchors=4  margin=0.8650  mean-anchor=0.8729  16=0.873
    merged 8 -> 6 anchors
  [sigreg+proto] epoch 1/5  sigreg=0.3731  proto=1.2283  min_dist=3.25  mean_dist=12.59
  [sigreg+proto] epoch 2/5  sigreg=0.3578  proto=1.2334  min_dist=3.32  mean_dist=12.64
  [sigreg+proto] epoch 3/5  sigreg=0.3706  proto=0.8985  min_dist=3.40  mean_dist=12.70
  [sigreg+proto] epoch 4/5  sigreg=0.3662  proto=0.8941  min_dist=3.47  mean_dist=12.75
  [sigreg+proto] epoch 5/5  sigreg=0.3675  proto=0.6996  min_dist=3.53  mean_dist=12.80
  round 2: pool=189 purity=0.026 k-hat=4 anchors=6  margin=0.8065  mean-anchor=0.8012  16=0.801
  [ss-ft] probe 0.7879 -> 0.7093  eucl 0.7577 -> 0.7694  mahaT 0.7011 -> 0.7097

----- natural discovery: nplm-sup-ft -----
  [sigreg+proto] epoch 1/5  sigreg=0.8163  proto=1.9860  min_dist=0.25  mean_dist=2.63
  [sigreg+proto] epoch 2/5  sigreg=0.7741  proto=1.7935  min_dist=0.32  mean_dist=2.66
  [sigreg+proto] epoch 3/5  sigreg=0.7481  proto=1.8372  min_dist=0.39  mean_dist=2.70
  [sigreg+proto] epoch 4/5  sigreg=0.7276  proto=1.7733  min_dist=0.44  mean_dist=2.74
  [sigreg+proto] epoch 5/5  sigreg=0.6926  proto=1.5806  min_dist=0.48  mean_dist=2.78
  round 1: pool=188 purity=0.021 k-hat=1 anchors=1  margin=0.4529  mean-anchor=0.5070  16=0.507
  [sigreg+proto] epoch 1/5  sigreg=0.6426  proto=1.9908  min_dist=0.58  mean_dist=3.38
  [sigreg+proto] epoch 2/5  sigreg=0.6258  proto=1.9224  min_dist=0.67  mean_dist=3.43
  [sigreg+proto] epoch 3/5  sigreg=0.6037  proto=1.6009  min_dist=0.72  mean_dist=3.49
  [sigreg+proto] epoch 4/5  sigreg=0.5799  proto=1.7028  min_dist=0.77  mean_dist=3.54
  [sigreg+proto] epoch 5/5  sigreg=0.5610  proto=1.5927  min_dist=0.81  mean_dist=3.60
  round 2: pool=185 purity=0.005 k-hat=4 anchors=5  margin=0.4340  mean-anchor=0.5476  16=0.548
  [nplm-sup-ft] probe 0.8589 -> 0.9086  eucl 0.5469 -> 0.6650  mahaT 0.5502 -> 0.5734

===== POST grid, f=0.003 (11 injected) =====
  [sigreg+proto] epoch 1/5  sigreg=0.3246  proto=12.3952  min_dist=3.95  mean_dist=14.73
  [sigreg+proto] epoch 2/5  sigreg=0.3078  proto=8.0071  min_dist=3.97  mean_dist=14.73
  [sigreg+proto] epoch 3/5  sigreg=0.3611  proto=6.1582  min_dist=4.00  mean_dist=14.72
  [sigreg+proto] epoch 4/5  sigreg=0.3844  proto=4.4802  min_dist=4.03  mean_dist=14.72
  [sigreg+proto] epoch 5/5  sigreg=0.4216  proto=3.5335  min_dist=4.06  mean_dist=14.72
  round 1: pool=184 purity=0.000 k-hat=4 anchors=4  margin=0.6398  mean-anchor=0.5633  16=0.563
  [sigreg+proto] epoch 1/5  sigreg=0.4026  proto=4.5450  min_dist=4.09  mean_dist=15.15
  [sigreg+proto] epoch 2/5  sigreg=0.4026  proto=3.5489  min_dist=4.14  mean_dist=15.16
  [sigreg+proto] epoch 3/5  sigreg=0.4202  proto=2.3991  min_dist=4.18  mean_dist=15.17
  [sigreg+proto] epoch 4/5  sigreg=0.4080  proto=2.5205  min_dist=4.22  mean_dist=15.18
  [sigreg+proto] epoch 5/5  sigreg=0.4255  proto=2.0808  min_dist=4.25  mean_dist=15.20
  round 2: pool=184 purity=0.000 k-hat=4 anchors=8  margin=0.6500  mean-anchor=0.5386  16=0.539
  [simclr-ft] post f=0.003: probe=0.8738 eucl=0.6798 mahaT=0.6653
  [simclr-ft] per-event post f=0.003: power=0.025
  [simclr-ft] sparker (post, annealed)
    post-spk f=0.003: power=0.080 [0.042,0.138] (4/50)
  [simclr-ft] maha (post)
    post-maha f=0.003: power=0.180 [0.124,0.251] (9/50)
  [simclr-ft] mmd (post)
    post-mmd f=0.003: power=0.100 [0.058,0.162] (5/50)
  [sigreg+proto] epoch 1/5  sigreg=0.3030  proto=4.0994  min_dist=1.88  mean_dist=8.91
  [sigreg+proto] epoch 2/5  sigreg=0.4169  proto=2.5402  min_dist=1.97  mean_dist=8.97
  [sigreg+proto] epoch 3/5  sigreg=0.4711  proto=1.6312  min_dist=2.06  mean_dist=9.02
  [sigreg+proto] epoch 4/5  sigreg=0.4757  proto=1.3691  min_dist=2.15  mean_dist=9.08
  [sigreg+proto] epoch 5/5  sigreg=0.4528  proto=1.1197  min_dist=2.23  mean_dist=9.13
  round 1: pool=184 purity=0.000 k-hat=4 anchors=4  margin=0.7873  mean-anchor=0.7147  16=0.715
  [sigreg+proto] epoch 1/5  sigreg=0.4425  proto=1.4210  min_dist=2.32  mean_dist=9.11
  [sigreg+proto] epoch 2/5  sigreg=0.4276  proto=1.0860  min_dist=2.41  mean_dist=9.17
  [sigreg+proto] epoch 3/5  sigreg=0.4121  proto=0.9626  min_dist=2.50  mean_dist=9.23
  [sigreg+proto] epoch 4/5  sigreg=0.4070  proto=0.8406  min_dist=2.58  mean_dist=9.29
  [sigreg+proto] epoch 5/5  sigreg=0.3967  proto=0.5805  min_dist=2.66  mean_dist=9.35
  round 2: pool=184 purity=0.000 k-hat=3 anchors=7  margin=0.7449  mean-anchor=0.6448  16=0.645
  [sigreg-ssl-ft] post f=0.003: probe=0.7480 eucl=0.7482 mahaT=0.7032
  [sigreg-ssl-ft] per-event post f=0.003: power=0.200
  [sigreg-ssl-ft] sparker (post, annealed)
    post-spk f=0.003: power=0.040 [0.014,0.090] (2/50)
  [sigreg-ssl-ft] maha (post)
    post-maha f=0.003: power=0.080 [0.042,0.138] (4/50)
  [sigreg-ssl-ft] mmd (post)
    post-mmd f=0.003: power=0.060 [0.028,0.115] (3/50)
  [sigreg+proto] epoch 1/5  sigreg=0.5771  proto=2.9923  min_dist=0.35  mean_dist=1.15
  [sigreg+proto] epoch 2/5  sigreg=0.5005  proto=2.1179  min_dist=0.42  mean_dist=1.22
  [sigreg+proto] epoch 3/5  sigreg=0.6065  proto=1.8780  min_dist=0.47  mean_dist=1.28
  [sigreg+proto] epoch 4/5  sigreg=0.6063  proto=1.3919  min_dist=0.53  mean_dist=1.35
  [sigreg+proto] epoch 5/5  sigreg=0.5254  proto=1.2169  min_dist=0.58  mean_dist=1.40
  round 1: pool=184 purity=0.000 k-hat=1 anchors=1  margin=0.4047  mean-anchor=0.5394  16=0.539
  [sigreg+proto] epoch 1/5  sigreg=0.5108  proto=2.7232  min_dist=0.65  mean_dist=2.83
  [sigreg+proto] epoch 2/5  sigreg=0.4478  proto=1.7235  min_dist=0.72  mean_dist=2.89
  [sigreg+proto] epoch 3/5  sigreg=0.4461  proto=1.9092  min_dist=0.79  mean_dist=2.96
  [sigreg+proto] epoch 4/5  sigreg=0.4361  proto=1.5829  min_dist=0.85  mean_dist=3.02
  [sigreg+proto] epoch 5/5  sigreg=0.4341  proto=1.6103  min_dist=0.90  mean_dist=3.08
  round 2: pool=184 purity=0.000 k-hat=4 anchors=5  margin=0.4106  mean-anchor=0.5367  16=0.537
  [nplm-bil-ft] post f=0.003: probe=0.8846 eucl=0.6284 mahaT=0.4621
  [nplm-bil-ft] per-event post f=0.003: power=0.025
  [nplm-bil-ft] sparker (post, annealed)
    post-spk f=0.003: power=0.160 [0.107,0.229] (8/50)
  [nplm-bil-ft] maha (post)
    post-maha f=0.003: power=0.040 [0.014,0.090] (2/50)
  [nplm-bil-ft] mmd (post)
    post-mmd f=0.003: power=0.060 [0.028,0.115] (3/50)
  [sigreg+proto] epoch 1/5  sigreg=0.3562  proto=5.6061  min_dist=5.10  mean_dist=19.08
  [sigreg+proto] epoch 2/5  sigreg=0.4083  proto=4.1523  min_dist=5.12  mean_dist=19.07
  [sigreg+proto] epoch 3/5  sigreg=0.3934  proto=1.2224  min_dist=5.14  mean_dist=19.07
  [sigreg+proto] epoch 4/5  sigreg=0.3713  proto=3.1536  min_dist=5.17  mean_dist=19.07
  [sigreg+proto] epoch 5/5  sigreg=0.3749  proto=1.1803  min_dist=5.19  mean_dist=19.06
  round 1: pool=184 purity=0.000 k-hat=4 anchors=4  margin=0.7351  mean-anchor=0.7404  16=0.740
  [sigreg+proto] epoch 1/5  sigreg=0.4495  proto=4.6510  min_dist=4.13  mean_dist=19.00
  [sigreg+proto] epoch 2/5  sigreg=0.4828  proto=4.5448  min_dist=4.15  mean_dist=18.99
  [sigreg+proto] epoch 3/5  sigreg=0.4989  proto=2.3878  min_dist=4.17  mean_dist=18.99
  [sigreg+proto] epoch 4/5  sigreg=0.4432  proto=2.6840  min_dist=4.20  mean_dist=18.98
  [sigreg+proto] epoch 5/5  sigreg=0.4164  proto=1.6331  min_dist=4.22  mean_dist=18.98
  round 2: pool=184 purity=0.000 k-hat=4 anchors=8  margin=0.7445  mean-anchor=0.8332  16=0.833
  [supcon-ft] post f=0.003: probe=0.9143 eucl=0.6512 mahaT=0.6164
  [supcon-ft] per-event post f=0.003: power=0.075
  [supcon-ft] sparker (post, annealed)
    post-spk f=0.003: power=0.000 [0.000,0.036] (0/50)
  [supcon-ft] maha (post)
    post-maha f=0.003: power=0.060 [0.028,0.115] (3/50)
  [supcon-ft] mmd (post)
    post-mmd f=0.003: power=0.060 [0.028,0.115] (3/50)
  [sigreg+proto] epoch 1/5  sigreg=0.4139  proto=1.6073  min_dist=2.80  mean_dist=12.00
  [sigreg+proto] epoch 2/5  sigreg=0.4513  proto=1.4303  min_dist=2.88  mean_dist=12.05
  [sigreg+proto] epoch 3/5  sigreg=0.4592  proto=0.7671  min_dist=2.95  mean_dist=12.10
  [sigreg+proto] epoch 4/5  sigreg=0.4275  proto=0.7400  min_dist=3.03  mean_dist=12.16
  [sigreg+proto] epoch 5/5  sigreg=0.3968  proto=0.5188  min_dist=3.10  mean_dist=12.21
  round 1: pool=187 purity=0.016 k-hat=4 anchors=4  margin=0.8213  mean-anchor=0.9153  16=0.915
    merged 8 -> 7 anchors
  [sigreg+proto] epoch 1/5  sigreg=0.3776  proto=2.1127  min_dist=3.27  mean_dist=12.08
  [sigreg+proto] epoch 2/5  sigreg=0.4128  proto=1.2422  min_dist=3.34  mean_dist=12.13
  [sigreg+proto] epoch 3/5  sigreg=0.4129  proto=1.3206  min_dist=3.41  mean_dist=12.18
  [sigreg+proto] epoch 4/5  sigreg=0.3983  proto=0.9762  min_dist=3.48  mean_dist=12.23
  [sigreg+proto] epoch 5/5  sigreg=0.3727  proto=0.8714  min_dist=3.54  mean_dist=12.28
  round 2: pool=184 purity=0.000 k-hat=4 anchors=7  margin=0.8074  mean-anchor=0.9089  16=0.909
  [ss-ft] post f=0.003: probe=0.7393 eucl=0.7037 mahaT=0.6666
  [ss-ft] per-event post f=0.003: power=0.175
  [ss-ft] sparker (post, annealed)
    post-spk f=0.003: power=0.060 [0.028,0.115] (3/50)
  [ss-ft] maha (post)
    post-maha f=0.003: power=0.040 [0.014,0.090] (2/50)
  [ss-ft] mmd (post)
    post-mmd f=0.003: power=0.080 [0.042,0.138] (4/50)
  [sigreg+proto] epoch 1/5  sigreg=0.8186  proto=1.9349  min_dist=0.25  mean_dist=2.63
  [sigreg+proto] epoch 2/5  sigreg=0.7767  proto=1.7102  min_dist=0.32  mean_dist=2.67
  [sigreg+proto] epoch 3/5  sigreg=0.7459  proto=1.8610  min_dist=0.39  mean_dist=2.70
  [sigreg+proto] epoch 4/5  sigreg=0.7210  proto=1.7361  min_dist=0.44  mean_dist=2.74
  [sigreg+proto] epoch 5/5  sigreg=0.6918  proto=1.5598  min_dist=0.48  mean_dist=2.78
  round 1: pool=184 purity=0.000 k-hat=1 anchors=1  margin=0.4350  mean-anchor=0.4523  16=0.452
  [sigreg+proto] epoch 1/5  sigreg=0.6474  proto=2.0555  min_dist=0.58  mean_dist=3.40
  [sigreg+proto] epoch 2/5  sigreg=0.6280  proto=1.6961  min_dist=0.67  mean_dist=3.45
  [sigreg+proto] epoch 3/5  sigreg=0.6147  proto=1.6765  min_dist=0.72  mean_dist=3.51
  [sigreg+proto] epoch 4/5  sigreg=0.5859  proto=1.5120  min_dist=0.77  mean_dist=3.56
  [sigreg+proto] epoch 5/5  sigreg=0.5589  proto=1.4583  min_dist=0.81  mean_dist=3.62
  round 2: pool=185 purity=0.005 k-hat=4 anchors=5  margin=0.3749  mean-anchor=0.6360  16=0.636
  [nplm-sup-ft] post f=0.003: probe=0.8603 eucl=0.5130 mahaT=0.5180
  [nplm-sup-ft] per-event post f=0.003: power=0.100
  [nplm-sup-ft] sparker (post, annealed)
    post-spk f=0.003: power=0.060 [0.028,0.115] (3/50)
  [nplm-sup-ft] maha (post)
    post-maha f=0.003: power=0.040 [0.014,0.090] (2/50)
  [nplm-sup-ft] mmd (post)
    post-mmd f=0.003: power=0.060 [0.028,0.115] (3/50)

===== POST grid, f=0.01 (37 injected) =====
  [sigreg+proto] epoch 1/5  sigreg=0.3188  proto=13.2743  min_dist=3.95  mean_dist=14.73
  [sigreg+proto] epoch 2/5  sigreg=0.3399  proto=8.8285  min_dist=3.97  mean_dist=14.72
  [sigreg+proto] epoch 3/5  sigreg=0.3690  proto=5.7473  min_dist=4.00  mean_dist=14.72
  [sigreg+proto] epoch 4/5  sigreg=0.3986  proto=4.5821  min_dist=4.02  mean_dist=14.72
  [sigreg+proto] epoch 5/5  sigreg=0.4295  proto=3.3622  min_dist=4.05  mean_dist=14.72
  round 1: pool=184 purity=0.000 k-hat=4 anchors=4  margin=0.6566  mean-anchor=0.6085  16=0.609
  [sigreg+proto] epoch 1/5  sigreg=0.4148  proto=4.5055  min_dist=4.08  mean_dist=15.34
  [sigreg+proto] epoch 2/5  sigreg=0.4201  proto=4.1952  min_dist=4.11  mean_dist=15.35
  [sigreg+proto] epoch 3/5  sigreg=0.4140  proto=2.8823  min_dist=4.16  mean_dist=15.36
  [sigreg+proto] epoch 4/5  sigreg=0.4211  proto=2.3105  min_dist=4.20  mean_dist=15.38
  [sigreg+proto] epoch 5/5  sigreg=0.4211  proto=2.1861  min_dist=4.24  mean_dist=15.39
  round 2: pool=184 purity=0.000 k-hat=4 anchors=8  margin=0.6409  mean-anchor=0.5891  16=0.589
  [simclr-ft] post f=0.01: probe=0.8964 eucl=0.6509 mahaT=0.6752
  [simclr-ft] per-event post f=0.01: power=0.025
  [simclr-ft] sparker (post, annealed)
    post-spk f=0.01: power=0.060 [0.028,0.115] (3/50)
  [simclr-ft] maha (post)
    post-maha f=0.01: power=0.080 [0.042,0.138] (4/50)
  [simclr-ft] mmd (post)
    post-mmd f=0.01: power=0.040 [0.014,0.090] (2/50)
  [sigreg+proto] epoch 1/5  sigreg=0.3040  proto=3.9611  min_dist=1.88  mean_dist=8.91
  [sigreg+proto] epoch 2/5  sigreg=0.4172  proto=2.7297  min_dist=1.97  mean_dist=8.97
  [sigreg+proto] epoch 3/5  sigreg=0.4714  proto=1.9198  min_dist=2.06  mean_dist=9.02
  [sigreg+proto] epoch 4/5  sigreg=0.4655  proto=1.2942  min_dist=2.15  mean_dist=9.07
  [sigreg+proto] epoch 5/5  sigreg=0.4589  proto=1.0848  min_dist=2.23  mean_dist=9.13
  round 1: pool=184 purity=0.000 k-hat=4 anchors=4  margin=0.7711  mean-anchor=0.7407  16=0.741
  [sigreg+proto] epoch 1/5  sigreg=0.4230  proto=1.4764  min_dist=2.32  mean_dist=9.15
  [sigreg+proto] epoch 2/5  sigreg=0.4013  proto=1.1417  min_dist=2.41  mean_dist=9.21
  [sigreg+proto] epoch 3/5  sigreg=0.3900  proto=1.0318  min_dist=2.50  mean_dist=9.27
  [sigreg+proto] epoch 4/5  sigreg=0.3911  proto=0.8937  min_dist=2.58  mean_dist=9.33
  [sigreg+proto] epoch 5/5  sigreg=0.3838  proto=0.6381  min_dist=2.66  mean_dist=9.39
  round 2: pool=184 purity=0.000 k-hat=4 anchors=8  margin=0.7396  mean-anchor=0.6351  16=0.635
  [sigreg-ssl-ft] post f=0.01: probe=0.7685 eucl=0.7529 mahaT=0.7143
  [sigreg-ssl-ft] per-event post f=0.01: power=0.150
  [sigreg-ssl-ft] sparker (post, annealed)
    post-spk f=0.01: power=0.180 [0.124,0.251] (9/50)
  [sigreg-ssl-ft] maha (post)
    post-maha f=0.01: power=0.060 [0.028,0.115] (3/50)
  [sigreg-ssl-ft] mmd (post)
    post-mmd f=0.01: power=0.060 [0.028,0.115] (3/50)
  [sigreg+proto] epoch 1/5  sigreg=0.5814  proto=3.0390  min_dist=0.35  mean_dist=1.15
  [sigreg+proto] epoch 2/5  sigreg=0.4630  proto=2.3343  min_dist=0.42  mean_dist=1.22
  [sigreg+proto] epoch 3/5  sigreg=0.5772  proto=1.7306  min_dist=0.47  mean_dist=1.28
  [sigreg+proto] epoch 4/5  sigreg=0.5969  proto=1.4418  min_dist=0.53  mean_dist=1.35
  [sigreg+proto] epoch 5/5  sigreg=0.5654  proto=1.2511  min_dist=0.58  mean_dist=1.40
  round 1: pool=184 purity=0.000 k-hat=1 anchors=1  margin=0.3902  mean-anchor=0.5253  16=0.525
  [sigreg+proto] epoch 1/5  sigreg=0.4778  proto=2.8175  min_dist=0.65  mean_dist=2.54
  [sigreg+proto] epoch 2/5  sigreg=0.4663  proto=2.7340  min_dist=0.72  mean_dist=2.61
  [sigreg+proto] epoch 3/5  sigreg=0.4347  proto=1.8350  min_dist=0.79  mean_dist=2.67
  [sigreg+proto] epoch 4/5  sigreg=0.4428  proto=1.5642  min_dist=0.85  mean_dist=2.73
  [sigreg+proto] epoch 5/5  sigreg=0.4372  proto=1.3180  min_dist=0.90  mean_dist=2.79
  round 2: pool=185 purity=0.005 k-hat=4 anchors=5  margin=0.3908  mean-anchor=0.4959  16=0.496
  [nplm-bil-ft] post f=0.01: probe=0.8409 eucl=0.6634 mahaT=0.4753
  [nplm-bil-ft] per-event post f=0.01: power=0.000
  [nplm-bil-ft] sparker (post, annealed)
    post-spk f=0.01: power=0.100 [0.058,0.162] (5/50)
  [nplm-bil-ft] maha (post)
    post-maha f=0.01: power=0.040 [0.014,0.090] (2/50)
  [nplm-bil-ft] mmd (post)
    post-mmd f=0.01: power=0.060 [0.028,0.115] (3/50)
  [sigreg+proto] epoch 1/5  sigreg=0.3850  proto=5.7199  min_dist=5.13  mean_dist=18.91
  [sigreg+proto] epoch 2/5  sigreg=0.4355  proto=3.5210  min_dist=5.15  mean_dist=18.90
  [sigreg+proto] epoch 3/5  sigreg=0.4025  proto=2.9526  min_dist=5.18  mean_dist=18.89
  [sigreg+proto] epoch 4/5  sigreg=0.4046  proto=2.9681  min_dist=5.21  mean_dist=18.89
  [sigreg+proto] epoch 5/5  sigreg=0.4207  proto=1.7839  min_dist=5.25  mean_dist=18.89
  round 1: pool=186 purity=0.011 k-hat=4 anchors=4  margin=0.7131  mean-anchor=0.7046  16=0.705
    merged 8 -> 7 anchors
  [sigreg+proto] epoch 1/5  sigreg=0.4672  proto=3.0138  min_dist=4.15  mean_dist=19.41
  [sigreg+proto] epoch 2/5  sigreg=0.4479  proto=3.7194  min_dist=4.14  mean_dist=19.41
  [sigreg+proto] epoch 3/5  sigreg=0.4647  proto=2.7500  min_dist=4.14  mean_dist=19.41
  [sigreg+proto] epoch 4/5  sigreg=0.4441  proto=1.6918  min_dist=4.13  mean_dist=19.42
  [sigreg+proto] epoch 5/5  sigreg=0.4282  proto=1.7594  min_dist=4.13  mean_dist=19.42
  round 2: pool=186 purity=0.011 k-hat=4 anchors=7  margin=0.7858  mean-anchor=0.7763  16=0.776
  [supcon-ft] post f=0.01: probe=0.9038 eucl=0.7197 mahaT=0.6283
  [supcon-ft] per-event post f=0.01: power=0.100
  [supcon-ft] sparker (post, annealed)
    post-spk f=0.01: power=0.080 [0.042,0.138] (4/50)
  [supcon-ft] maha (post)
    post-maha f=0.01: power=0.040 [0.014,0.090] (2/50)
  [supcon-ft] mmd (post)
    post-mmd f=0.01: power=0.060 [0.028,0.115] (3/50)
  [sigreg+proto] epoch 1/5  sigreg=0.4127  proto=1.4960  min_dist=3.29  mean_dist=12.04
  [sigreg+proto] epoch 2/5  sigreg=0.4400  proto=1.0035  min_dist=3.35  mean_dist=12.10
  [sigreg+proto] epoch 3/5  sigreg=0.4173  proto=1.0627  min_dist=3.41  mean_dist=12.15
  [sigreg+proto] epoch 4/5  sigreg=0.4065  proto=0.7692  min_dist=3.48  mean_dist=12.21
  [sigreg+proto] epoch 5/5  sigreg=0.3913  proto=0.5009  min_dist=3.54  mean_dist=12.26
  round 1: pool=206 purity=0.107 k-hat=4 anchors=4  margin=0.8793  mean-anchor=0.8307  16=0.831
    merged 8 -> 7 anchors
  [sigreg+proto] epoch 1/5  sigreg=0.3775  proto=1.5692  min_dist=3.82  mean_dist=12.40
  [sigreg+proto] epoch 2/5  sigreg=0.4011  proto=1.6053  min_dist=3.89  mean_dist=12.45
  [sigreg+proto] epoch 3/5  sigreg=0.3832  proto=1.2518  min_dist=3.96  mean_dist=12.50
  [sigreg+proto] epoch 4/5  sigreg=0.3873  proto=0.8734  min_dist=4.04  mean_dist=12.55
  [sigreg+proto] epoch 5/5  sigreg=0.3796  proto=0.8678  min_dist=4.11  mean_dist=12.60
  round 2: pool=186 purity=0.011 k-hat=4 anchors=7  margin=0.8219  mean-anchor=0.7446  16=0.745
  [ss-ft] post f=0.01: probe=0.7241 eucl=0.7074 mahaT=0.6525
  [ss-ft] per-event post f=0.01: power=0.075
  [ss-ft] sparker (post, annealed)
    post-spk f=0.01: power=0.100 [0.058,0.162] (5/50)
  [ss-ft] maha (post)
    post-maha f=0.01: power=0.080 [0.042,0.138] (4/50)
  [ss-ft] mmd (post)
    post-mmd f=0.01: power=0.140 [0.090,0.207] (7/50)
  [sigreg+proto] epoch 1/5  sigreg=0.8170  proto=1.9364  min_dist=0.25  mean_dist=2.63
  [sigreg+proto] epoch 2/5  sigreg=0.7681  proto=1.8773  min_dist=0.32  mean_dist=2.66
  [sigreg+proto] epoch 3/5  sigreg=0.7536  proto=1.7002  min_dist=0.39  mean_dist=2.70
  [sigreg+proto] epoch 4/5  sigreg=0.7322  proto=1.6764  min_dist=0.44  mean_dist=2.74
  [sigreg+proto] epoch 5/5  sigreg=0.6940  proto=1.6106  min_dist=0.48  mean_dist=2.78
  round 1: pool=187 purity=0.016 k-hat=1 anchors=1  margin=0.5109  mean-anchor=0.4433  16=0.443
  [sigreg+proto] epoch 1/5  sigreg=0.6499  proto=1.9417  min_dist=0.58  mean_dist=3.38
  [sigreg+proto] epoch 2/5  sigreg=0.6522  proto=1.9600  min_dist=0.67  mean_dist=3.44
  [sigreg+proto] epoch 3/5  sigreg=0.6317  proto=1.6898  min_dist=0.72  mean_dist=3.49
  [sigreg+proto] epoch 4/5  sigreg=0.6094  proto=1.6292  min_dist=0.77  mean_dist=3.55
  [sigreg+proto] epoch 5/5  sigreg=0.5917  proto=1.4582  min_dist=0.81  mean_dist=3.61
  round 2: pool=189 purity=0.026 k-hat=4 anchors=5  margin=0.4892  mean-anchor=0.5763  16=0.576
  [nplm-sup-ft] post f=0.01: probe=0.7948 eucl=0.6241 mahaT=0.4675
  [nplm-sup-ft] per-event post f=0.01: power=0.100
  [nplm-sup-ft] sparker (post, annealed)
    post-spk f=0.01: power=0.040 [0.014,0.090] (2/50)
  [nplm-sup-ft] maha (post)
    post-maha f=0.01: power=0.040 [0.014,0.090] (2/50)
  [nplm-sup-ft] mmd (post)
    post-mmd f=0.01: power=0.080 [0.042,0.138] (4/50)

===== POST grid, f=0.02 (75 injected) =====
  [sigreg+proto] epoch 1/5  sigreg=0.3258  proto=13.0591  min_dist=3.96  mean_dist=14.73
  [sigreg+proto] epoch 2/5  sigreg=0.3313  proto=9.8605  min_dist=3.99  mean_dist=14.72
  [sigreg+proto] epoch 3/5  sigreg=0.3617  proto=6.5647  min_dist=4.02  mean_dist=14.72
  [sigreg+proto] epoch 4/5  sigreg=0.3859  proto=3.9682  min_dist=4.05  mean_dist=14.71
  [sigreg+proto] epoch 5/5  sigreg=0.4122  proto=3.8981  min_dist=4.07  mean_dist=14.72
  round 1: pool=184 purity=0.000 k-hat=4 anchors=4  margin=0.6496  mean-anchor=0.5777  16=0.578
  [sigreg+proto] epoch 1/5  sigreg=0.4156  proto=4.3334  min_dist=4.10  mean_dist=15.37
  [sigreg+proto] epoch 2/5  sigreg=0.4166  proto=3.5010  min_dist=4.13  mean_dist=15.38
  [sigreg+proto] epoch 3/5  sigreg=0.4372  proto=3.0589  min_dist=4.17  mean_dist=15.39
  [sigreg+proto] epoch 4/5  sigreg=0.3937  proto=2.2613  min_dist=4.20  mean_dist=15.40
  [sigreg+proto] epoch 5/5  sigreg=0.4194  proto=2.0978  min_dist=4.24  mean_dist=15.41
  round 2: pool=184 purity=0.000 k-hat=4 anchors=8  margin=0.6286  mean-anchor=0.5569  16=0.557
  [simclr-ft] post f=0.02: probe=0.8930 eucl=0.6956 mahaT=0.6707
  [simclr-ft] per-event post f=0.02: power=0.075
  [simclr-ft] sparker (post, annealed)
    post-spk f=0.02: power=0.180 [0.124,0.251] (9/50)
  [simclr-ft] maha (post)
    post-maha f=0.02: power=0.220 [0.159,0.294] (11/50)
  [simclr-ft] mmd (post)
    post-mmd f=0.02: power=0.160 [0.107,0.229] (8/50)
  [sigreg+proto] epoch 1/5  sigreg=0.2951  proto=4.4129  min_dist=1.88  mean_dist=8.92
  [sigreg+proto] epoch 2/5  sigreg=0.4174  proto=2.5980  min_dist=1.97  mean_dist=8.98
  [sigreg+proto] epoch 3/5  sigreg=0.4854  proto=1.9843  min_dist=2.06  mean_dist=9.03
  [sigreg+proto] epoch 4/5  sigreg=0.4719  proto=1.3629  min_dist=2.15  mean_dist=9.08
  [sigreg+proto] epoch 5/5  sigreg=0.4716  proto=1.1853  min_dist=2.23  mean_dist=9.14
  round 1: pool=185 purity=0.005 k-hat=4 anchors=4  margin=0.8107  mean-anchor=0.7109  16=0.711
  [sigreg+proto] epoch 1/5  sigreg=0.4115  proto=1.6830  min_dist=2.32  mean_dist=9.04
  [sigreg+proto] epoch 2/5  sigreg=0.3850  proto=1.1855  min_dist=2.41  mean_dist=9.09
  [sigreg+proto] epoch 3/5  sigreg=0.3824  proto=0.9152  min_dist=2.50  mean_dist=9.15
  [sigreg+proto] epoch 4/5  sigreg=0.3806  proto=0.9132  min_dist=2.58  mean_dist=9.22
  [sigreg+proto] epoch 5/5  sigreg=0.3711  proto=0.7485  min_dist=2.66  mean_dist=9.28
  round 2: pool=184 purity=0.000 k-hat=3 anchors=7  margin=0.7564  mean-anchor=0.7049  16=0.705
  [sigreg-ssl-ft] post f=0.02: probe=0.7394 eucl=0.7546 mahaT=0.6985
  [sigreg-ssl-ft] per-event post f=0.02: power=0.150
  [sigreg-ssl-ft] sparker (post, annealed)
    post-spk f=0.02: power=0.140 [0.090,0.207] (7/50)
  [sigreg-ssl-ft] maha (post)
    post-maha f=0.02: power=0.200 [0.141,0.273] (10/50)
  [sigreg-ssl-ft] mmd (post)
    post-mmd f=0.02: power=0.160 [0.107,0.229] (8/50)
  [sigreg+proto] epoch 1/5  sigreg=0.5733  proto=3.0699  min_dist=0.35  mean_dist=1.15
  [sigreg+proto] epoch 2/5  sigreg=0.4842  proto=2.2240  min_dist=0.42  mean_dist=1.22
  [sigreg+proto] epoch 3/5  sigreg=0.5850  proto=1.6810  min_dist=0.47  mean_dist=1.28
  [sigreg+proto] epoch 4/5  sigreg=0.5760  proto=1.4079  min_dist=0.53  mean_dist=1.35
  [sigreg+proto] epoch 5/5  sigreg=0.5452  proto=1.3000  min_dist=0.58  mean_dist=1.40
  round 1: pool=184 purity=0.000 k-hat=1 anchors=1  margin=0.4252  mean-anchor=0.5490  16=0.549
  [sigreg+proto] epoch 1/5  sigreg=0.5127  proto=2.5801  min_dist=0.65  mean_dist=2.57
  [sigreg+proto] epoch 2/5  sigreg=0.4616  proto=2.2431  min_dist=0.72  mean_dist=2.64
  [sigreg+proto] epoch 3/5  sigreg=0.4515  proto=1.7587  min_dist=0.79  mean_dist=2.70
  [sigreg+proto] epoch 4/5  sigreg=0.4415  proto=1.4720  min_dist=0.85  mean_dist=2.76
  [sigreg+proto] epoch 5/5  sigreg=0.4430  proto=1.3751  min_dist=0.90  mean_dist=2.82
  round 2: pool=184 purity=0.000 k-hat=4 anchors=5  margin=0.4470  mean-anchor=0.5399  16=0.540
  [nplm-bil-ft] post f=0.02: probe=0.8834 eucl=0.6448 mahaT=0.4852
  [nplm-bil-ft] per-event post f=0.02: power=0.000
  [nplm-bil-ft] sparker (post, annealed)
    post-spk f=0.02: power=0.080 [0.042,0.138] (4/50)
  [nplm-bil-ft] maha (post)
    post-maha f=0.02: power=0.060 [0.028,0.115] (3/50)
  [nplm-bil-ft] mmd (post)
    post-mmd f=0.02: power=0.100 [0.058,0.162] (5/50)
  [sigreg+proto] epoch 1/5  sigreg=0.3843  proto=8.9306  min_dist=5.12  mean_dist=18.26
  [sigreg+proto] epoch 2/5  sigreg=0.4717  proto=5.0531  min_dist=5.15  mean_dist=18.24
  [sigreg+proto] epoch 3/5  sigreg=0.5360  proto=3.5122  min_dist=5.20  mean_dist=18.23
  [sigreg+proto] epoch 4/5  sigreg=0.5046  proto=1.4354  min_dist=5.24  mean_dist=18.23
  [sigreg+proto] epoch 5/5  sigreg=0.4614  proto=3.0309  min_dist=5.28  mean_dist=18.23
  round 1: pool=188 purity=0.021 k-hat=4 anchors=4  margin=0.7378  mean-anchor=0.7935  16=0.793
  [sigreg+proto] epoch 1/5  sigreg=0.5202  proto=4.2648  min_dist=5.32  mean_dist=18.66
  [sigreg+proto] epoch 2/5  sigreg=0.5128  proto=2.8901  min_dist=5.35  mean_dist=18.66
  [sigreg+proto] epoch 3/5  sigreg=0.4921  proto=2.0284  min_dist=5.39  mean_dist=18.66
  [sigreg+proto] epoch 4/5  sigreg=0.4636  proto=2.2097  min_dist=5.43  mean_dist=18.66
  [sigreg+proto] epoch 5/5  sigreg=0.4353  proto=1.4969  min_dist=5.46  mean_dist=18.67
  round 2: pool=188 purity=0.021 k-hat=4 anchors=8  margin=0.6874  mean-anchor=0.7963  16=0.796
  [supcon-ft] post f=0.02: probe=0.9125 eucl=0.6937 mahaT=0.6307
  [supcon-ft] per-event post f=0.02: power=0.125
  [supcon-ft] sparker (post, annealed)
    post-spk f=0.02: power=0.040 [0.014,0.090] (2/50)
  [supcon-ft] maha (post)
    post-maha f=0.02: power=0.080 [0.042,0.138] (4/50)
  [supcon-ft] mmd (post)
    post-mmd f=0.02: power=0.140 [0.090,0.207] (7/50)
  [sigreg+proto] epoch 1/5  sigreg=0.4400  proto=1.8473  min_dist=2.80  mean_dist=11.95
  [sigreg+proto] epoch 2/5  sigreg=0.4802  proto=1.0836  min_dist=2.88  mean_dist=12.00
  [sigreg+proto] epoch 3/5  sigreg=0.4405  proto=0.7765  min_dist=2.96  mean_dist=12.05
  [sigreg+proto] epoch 4/5  sigreg=0.3970  proto=0.5039  min_dist=3.03  mean_dist=12.11
  [sigreg+proto] epoch 5/5  sigreg=0.3596  proto=0.5481  min_dist=3.11  mean_dist=12.16
  round 1: pool=226 purity=0.186 k-hat=4 anchors=4  margin=0.9056  mean-anchor=0.9334  16=0.933
    merged 8 -> 7 anchors
  [sigreg+proto] epoch 1/5  sigreg=0.3814  proto=1.7076  min_dist=3.06  mean_dist=12.54
  [sigreg+proto] epoch 2/5  sigreg=0.3984  proto=1.3232  min_dist=3.14  mean_dist=12.59
  [sigreg+proto] epoch 3/5  sigreg=0.4036  proto=1.1036  min_dist=3.21  mean_dist=12.64
  [sigreg+proto] epoch 4/5  sigreg=0.4001  proto=0.8946  min_dist=3.28  mean_dist=12.69
  [sigreg+proto] epoch 5/5  sigreg=0.3722  proto=0.7608  min_dist=3.35  mean_dist=12.74
  round 2: pool=186 purity=0.011 k-hat=4 anchors=7  margin=0.8507  mean-anchor=0.9280  16=0.928
  [ss-ft] post f=0.02: probe=0.6254 eucl=0.7014 mahaT=0.6480
  [ss-ft] per-event post f=0.02: power=0.325
  [ss-ft] sparker (post, annealed)
    post-spk f=0.02: power=0.220 [0.159,0.294] (11/50)
  [ss-ft] maha (post)
    post-maha f=0.02: power=0.200 [0.141,0.273] (10/50)
  [ss-ft] mmd (post)
    post-mmd f=0.02: power=0.260 [0.194,0.336] (13/50)
  [sigreg+proto] epoch 1/5  sigreg=0.8202  proto=1.9590  min_dist=0.25  mean_dist=2.63
  [sigreg+proto] epoch 2/5  sigreg=0.7619  proto=1.8704  min_dist=0.32  mean_dist=2.66
  [sigreg+proto] epoch 3/5  sigreg=0.7601  proto=1.7201  min_dist=0.39  mean_dist=2.70
  [sigreg+proto] epoch 4/5  sigreg=0.7384  proto=1.6267  min_dist=0.44  mean_dist=2.74
  [sigreg+proto] epoch 5/5  sigreg=0.6924  proto=1.6744  min_dist=0.48  mean_dist=2.78
  round 1: pool=188 purity=0.021 k-hat=1 anchors=1  margin=0.4696  mean-anchor=0.5065  16=0.507
  [sigreg+proto] epoch 1/5  sigreg=0.6517  proto=1.8659  min_dist=0.58  mean_dist=3.30
  [sigreg+proto] epoch 2/5  sigreg=0.6266  proto=1.7041  min_dist=0.67  mean_dist=3.36
  [sigreg+proto] epoch 3/5  sigreg=0.5964  proto=1.5733  min_dist=0.72  mean_dist=3.41
  [sigreg+proto] epoch 4/5  sigreg=0.5590  proto=1.5647  min_dist=0.77  mean_dist=3.47
  [sigreg+proto] epoch 5/5  sigreg=0.5406  proto=1.4539  min_dist=0.81  mean_dist=3.53
  round 2: pool=187 purity=0.016 k-hat=4 anchors=5  margin=0.4377  mean-anchor=0.4720  16=0.472
  [nplm-sup-ft] post f=0.02: probe=0.8360 eucl=0.6700 mahaT=0.5878
  [nplm-sup-ft] per-event post f=0.02: power=0.075
  [nplm-sup-ft] sparker (post, annealed)
    post-spk f=0.02: power=0.120 [0.074,0.184] (6/50)
  [nplm-sup-ft] maha (post)
    post-maha f=0.02: power=0.160 [0.107,0.229] (8/50)
  [nplm-sup-ft] mmd (post)
    post-mmd f=0.02: power=0.020 [0.003,0.064] (1/50)

===== POST grid, f=0.05 (80 injected) =====
  [sigreg+proto] epoch 1/5  sigreg=0.3227  proto=12.0679  min_dist=3.96  mean_dist=14.73
  [sigreg+proto] epoch 2/5  sigreg=0.3088  proto=7.9936  min_dist=3.97  mean_dist=14.73
  [sigreg+proto] epoch 3/5  sigreg=0.3710  proto=6.4688  min_dist=3.99  mean_dist=14.72
  [sigreg+proto] epoch 4/5  sigreg=0.3874  proto=3.7409  min_dist=4.02  mean_dist=14.72
  [sigreg+proto] epoch 5/5  sigreg=0.4103  proto=3.9781  min_dist=4.04  mean_dist=14.72
  round 1: pool=184 purity=0.000 k-hat=4 anchors=4  margin=0.6251  mean-anchor=0.5531  16=0.553
  [sigreg+proto] epoch 1/5  sigreg=0.4130  proto=4.3655  min_dist=4.06  mean_dist=15.30
  [sigreg+proto] epoch 2/5  sigreg=0.3958  proto=3.2839  min_dist=4.09  mean_dist=15.31
  [sigreg+proto] epoch 3/5  sigreg=0.3995  proto=2.9203  min_dist=4.12  mean_dist=15.33
  [sigreg+proto] epoch 4/5  sigreg=0.4227  proto=2.2423  min_dist=4.15  mean_dist=15.34
  [sigreg+proto] epoch 5/5  sigreg=0.4190  proto=2.2702  min_dist=4.19  mean_dist=15.35
  round 2: pool=184 purity=0.000 k-hat=4 anchors=8  margin=0.6521  mean-anchor=0.5671  16=0.567
  [simclr-ft] post f=0.05: probe=0.8832 eucl=0.6754 mahaT=0.6778
  [simclr-ft] per-event post f=0.05: power=0.000
  [simclr-ft] sparker (post, annealed)
    post-spk f=0.05: power=0.860 [0.793,0.910] (43/50)
  [simclr-ft] maha (post)
    post-maha f=0.05: power=0.880 [0.816,0.926] (44/50)
  [simclr-ft] mmd (post)
    post-mmd f=0.05: power=0.640 [0.560,0.714] (32/50)
  [sigreg+proto] epoch 1/5  sigreg=0.3035  proto=4.2675  min_dist=1.88  mean_dist=8.92
  [sigreg+proto] epoch 2/5  sigreg=0.4216  proto=2.3885  min_dist=1.97  mean_dist=8.98
  [sigreg+proto] epoch 3/5  sigreg=0.4625  proto=1.9765  min_dist=2.06  mean_dist=9.03
  [sigreg+proto] epoch 4/5  sigreg=0.4736  proto=1.4192  min_dist=2.15  mean_dist=9.08
  [sigreg+proto] epoch 5/5  sigreg=0.4552  proto=1.1122  min_dist=2.23  mean_dist=9.14
  round 1: pool=185 purity=0.005 k-hat=4 anchors=4  margin=0.8256  mean-anchor=0.7222  16=0.722
  [sigreg+proto] epoch 1/5  sigreg=0.4093  proto=1.5294  min_dist=2.32  mean_dist=9.05
  [sigreg+proto] epoch 2/5  sigreg=0.3802  proto=1.2935  min_dist=2.41  mean_dist=9.11
  [sigreg+proto] epoch 3/5  sigreg=0.3901  proto=0.9636  min_dist=2.49  mean_dist=9.17
  [sigreg+proto] epoch 4/5  sigreg=0.3766  proto=0.8815  min_dist=2.58  mean_dist=9.23
  [sigreg+proto] epoch 5/5  sigreg=0.3681  proto=0.7639  min_dist=2.66  mean_dist=9.29
  round 2: pool=184 purity=0.000 k-hat=3 anchors=7  margin=0.7583  mean-anchor=0.6213  16=0.621
  [sigreg-ssl-ft] post f=0.05: probe=0.7431 eucl=0.7550 mahaT=0.7094
  [sigreg-ssl-ft] per-event post f=0.05: power=0.175
  [sigreg-ssl-ft] sparker (post, annealed)
    post-spk f=0.05: power=0.840 [0.771,0.893] (42/50)
  [sigreg-ssl-ft] maha (post)
    post-maha f=0.05: power=0.640 [0.560,0.714] (32/50)
  [sigreg-ssl-ft] mmd (post)
    post-mmd f=0.05: power=0.800 [0.727,0.859] (40/50)
  [sigreg+proto] epoch 1/5  sigreg=0.5795  proto=3.0593  min_dist=0.35  mean_dist=1.15
  [sigreg+proto] epoch 2/5  sigreg=0.4938  proto=2.1906  min_dist=0.42  mean_dist=1.22
  [sigreg+proto] epoch 3/5  sigreg=0.6358  proto=1.7652  min_dist=0.47  mean_dist=1.28
  [sigreg+proto] epoch 4/5  sigreg=0.5993  proto=1.4410  min_dist=0.53  mean_dist=1.35
  [sigreg+proto] epoch 5/5  sigreg=0.5258  proto=1.2484  min_dist=0.58  mean_dist=1.40
  round 1: pool=184 purity=0.000 k-hat=1 anchors=1  margin=0.4100  mean-anchor=0.5438  16=0.544
  [sigreg+proto] epoch 1/5  sigreg=0.4938  proto=2.3012  min_dist=0.65  mean_dist=2.52
  [sigreg+proto] epoch 2/5  sigreg=0.4481  proto=1.8481  min_dist=0.72  mean_dist=2.58
  [sigreg+proto] epoch 3/5  sigreg=0.4400  proto=1.6372  min_dist=0.79  mean_dist=2.65
  [sigreg+proto] epoch 4/5  sigreg=0.4356  proto=1.3907  min_dist=0.85  mean_dist=2.71
  [sigreg+proto] epoch 5/5  sigreg=0.4385  proto=1.3599  min_dist=0.90  mean_dist=2.77
  round 2: pool=184 purity=0.000 k-hat=4 anchors=5  margin=0.3693  mean-anchor=0.5473  16=0.547
  [nplm-bil-ft] post f=0.05: probe=0.8833 eucl=0.6037 mahaT=0.4448
  [nplm-bil-ft] per-event post f=0.05: power=0.000
  [nplm-bil-ft] sparker (post, annealed)
    post-spk f=0.05: power=1.000 [0.964,1.000] (50/50)
  [nplm-bil-ft] maha (post)
    post-maha f=0.05: power=0.120 [0.074,0.184] (6/50)
  [nplm-bil-ft] mmd (post)
    post-mmd f=0.05: power=0.740 [0.664,0.806] (37/50)
  [sigreg+proto] epoch 1/5  sigreg=0.3666  proto=6.7005  min_dist=5.13  mean_dist=18.26
  [sigreg+proto] epoch 2/5  sigreg=0.4163  proto=4.2246  min_dist=5.16  mean_dist=18.25
  [sigreg+proto] epoch 3/5  sigreg=0.4594  proto=3.3472  min_dist=5.18  mean_dist=18.25
  [sigreg+proto] epoch 4/5  sigreg=0.4999  proto=2.6180  min_dist=5.21  mean_dist=18.24
  [sigreg+proto] epoch 5/5  sigreg=0.4927  proto=1.6358  min_dist=5.25  mean_dist=18.24
  round 1: pool=188 purity=0.021 k-hat=4 anchors=4  margin=0.7223  mean-anchor=0.7495  16=0.749
  [sigreg+proto] epoch 1/5  sigreg=0.5088  proto=5.0891  min_dist=4.81  mean_dist=18.38
  [sigreg+proto] epoch 2/5  sigreg=0.4849  proto=2.8469  min_dist=4.82  mean_dist=18.38
  [sigreg+proto] epoch 3/5  sigreg=0.4787  proto=1.9093  min_dist=4.82  mean_dist=18.38
  [sigreg+proto] epoch 4/5  sigreg=0.4330  proto=1.7968  min_dist=4.83  mean_dist=18.38
  [sigreg+proto] epoch 5/5  sigreg=0.4406  proto=2.1368  min_dist=4.84  mean_dist=18.38
  round 2: pool=190 purity=0.032 k-hat=4 anchors=8  margin=0.7016  mean-anchor=0.7716  16=0.772
  [supcon-ft] post f=0.05: probe=0.9310 eucl=0.7261 mahaT=0.6595
  [supcon-ft] per-event post f=0.05: power=0.050
  [supcon-ft] sparker (post, annealed)
    post-spk f=0.05: power=0.900 [0.838,0.942] (45/50)
  [supcon-ft] maha (post)
    post-maha f=0.05: power=0.480 [0.401,0.560] (24/50)
  [supcon-ft] mmd (post)
    post-mmd f=0.05: power=0.560 [0.480,0.638] (28/50)
  [sigreg+proto] epoch 1/5  sigreg=0.4231  proto=1.3986  min_dist=3.34  mean_dist=12.06
  [sigreg+proto] epoch 2/5  sigreg=0.4355  proto=0.8753  min_dist=3.41  mean_dist=12.11
  [sigreg+proto] epoch 3/5  sigreg=0.4065  proto=0.7335  min_dist=3.47  mean_dist=12.17
  [sigreg+proto] epoch 4/5  sigreg=0.4084  proto=0.5341  min_dist=3.53  mean_dist=12.23
  [sigreg+proto] epoch 5/5  sigreg=0.3817  proto=0.4674  min_dist=3.59  mean_dist=12.29
  round 1: pool=228 purity=0.193 k-hat=4 anchors=4  margin=0.8794  mean-anchor=0.8717  16=0.872
    merged 8 -> 7 anchors
  [sigreg+proto] epoch 1/5  sigreg=0.3877  proto=1.9381  min_dist=3.65  mean_dist=12.28
  [sigreg+proto] epoch 2/5  sigreg=0.4139  proto=1.1591  min_dist=3.70  mean_dist=12.33
  [sigreg+proto] epoch 3/5  sigreg=0.3941  proto=1.0170  min_dist=3.76  mean_dist=12.37
  [sigreg+proto] epoch 4/5  sigreg=0.3610  proto=1.1274  min_dist=3.81  mean_dist=12.42
  [sigreg+proto] epoch 5/5  sigreg=0.3617  proto=0.9251  min_dist=3.86  mean_dist=12.47
  round 2: pool=185 purity=0.005 k-hat=4 anchors=7  margin=0.8892  mean-anchor=0.8667  16=0.867
  [ss-ft] post f=0.05: probe=0.7374 eucl=0.7615 mahaT=0.7184
  [ss-ft] per-event post f=0.05: power=0.325
  [ss-ft] sparker (post, annealed)
    post-spk f=0.05: power=0.660 [0.581,0.732] (33/50)
  [ss-ft] maha (post)
    post-maha f=0.05: power=0.300 [0.231,0.378] (15/50)
  [ss-ft] mmd (post)
    post-mmd f=0.05: power=0.840 [0.771,0.893] (42/50)
  [sigreg+proto] epoch 1/5  sigreg=0.8175  proto=1.9257  min_dist=0.25  mean_dist=2.63
  [sigreg+proto] epoch 2/5  sigreg=0.7714  proto=1.8108  min_dist=0.32  mean_dist=2.66
  [sigreg+proto] epoch 3/5  sigreg=0.7530  proto=1.7880  min_dist=0.39  mean_dist=2.70
  [sigreg+proto] epoch 4/5  sigreg=0.7357  proto=1.6858  min_dist=0.44  mean_dist=2.74
  [sigreg+proto] epoch 5/5  sigreg=0.6871  proto=1.6546  min_dist=0.48  mean_dist=2.78
  round 1: pool=188 purity=0.021 k-hat=1 anchors=1  margin=0.4714  mean-anchor=0.5016  16=0.502
  [sigreg+proto] epoch 1/5  sigreg=0.6422  proto=1.8843  min_dist=0.58  mean_dist=3.26
  [sigreg+proto] epoch 2/5  sigreg=0.6237  proto=1.7053  min_dist=0.67  mean_dist=3.31
  [sigreg+proto] epoch 3/5  sigreg=0.5968  proto=1.6806  min_dist=0.72  mean_dist=3.37
  [sigreg+proto] epoch 4/5  sigreg=0.5778  proto=1.5545  min_dist=0.77  mean_dist=3.43
  [sigreg+proto] epoch 5/5  sigreg=0.5471  proto=1.5420  min_dist=0.81  mean_dist=3.48
  round 2: pool=188 purity=0.021 k-hat=4 anchors=5  margin=0.3700  mean-anchor=0.5306  16=0.531
  [nplm-sup-ft] post f=0.05: probe=0.8791 eucl=0.5339 mahaT=0.5160
  [nplm-sup-ft] per-event post f=0.05: power=0.100
  [nplm-sup-ft] sparker (post, annealed)
    post-spk f=0.05: power=0.860 [0.793,0.910] (43/50)
  [nplm-sup-ft] maha (post)
    post-maha f=0.05: power=0.220 [0.159,0.294] (11/50)
  [nplm-sup-ft] mmd (post)
    post-mmd f=0.05: power=0.640 [0.560,0.714] (32/50)

===== EXP70 PEREVENT POST POWER =====
  arm                 0.003     0.01     0.02     0.05
  simclr-ft           0.025    0.025    0.075    0.000
  sigreg-ssl-ft       0.200    0.150    0.150    0.175
  nplm-bil-ft         0.025    0.000    0.000    0.000
  supcon-ft           0.075    0.100    0.125    0.050
  ss-ft               0.175    0.075    0.325    0.325
  nplm-sup-ft         0.100    0.100    0.075    0.100
  saved /home/pharris/sigreg/SuperSig/plots/exp70_perevent_power_post_dtd_dino_ft70_h1_d5.png

===== EXP70 SPARKER POST POWER =====
  arm                 0.003     0.01     0.02     0.05
  simclr-ft           0.080    0.060    0.180    0.860
  sigreg-ssl-ft       0.040    0.180    0.140    0.840
  nplm-bil-ft         0.160    0.100    0.080    1.000
  supcon-ft           0.000    0.080    0.040    0.900
  ss-ft               0.060    0.100    0.220    0.660
  nplm-sup-ft         0.060    0.040    0.120    0.860
  saved /home/pharris/sigreg/SuperSig/plots/exp70_sparker_power_post_dtd_dino_ft70_h1_d5.png

===== EXP70 MAHA POST POWER =====
  arm                 0.003     0.01     0.02     0.05
  simclr-ft           0.180    0.080    0.220    0.880
  sigreg-ssl-ft       0.080    0.060    0.200    0.640
  nplm-bil-ft         0.040    0.040    0.060    0.120
  supcon-ft           0.060    0.040    0.080    0.480
  ss-ft               0.040    0.080    0.200    0.300
  nplm-sup-ft         0.040    0.040    0.160    0.220
  saved /home/pharris/sigreg/SuperSig/plots/exp70_maha_power_post_dtd_dino_ft70_h1_d5.png

===== EXP70 MMD POST POWER =====
  arm                 0.003     0.01     0.02     0.05
  simclr-ft           0.100    0.040    0.160    0.640
  sigreg-ssl-ft       0.060    0.060    0.160    0.800
  nplm-bil-ft         0.060    0.060    0.100    0.740
  supcon-ft           0.060    0.060    0.140    0.560
  ss-ft               0.080    0.140    0.260    0.840
  nplm-sup-ft         0.060    0.080    0.020    0.640
  saved /home/pharris/sigreg/SuperSig/plots/exp70_mmd_power_post_dtd_dino_ft70_h1_d5.png

===== EXP70 SUMMARY [dtd_dino_ft70_h1_d5] =====
  [simclr-ft     ] probe=0.9481+-0.0043 acc=0.6337 eucl=0.5763 mahaT=0.6721  || post: probe=0.9019 eucl=0.6509 mahaT=0.6752
          round 1: purity=0.000 anchors=4  margin=0.6566
          round 2: purity=0.000 anchors=8  margin=0.6408
  [sigreg-ssl-ft ] probe=0.9052+-0.0051 acc=0.6310 eucl=0.7128 mahaT=0.7181  || post: probe=0.7499 eucl=0.7625 mahaT=0.6891
          round 1: purity=0.005 anchors=4  margin=0.7959
          round 2: purity=0.000 anchors=7  margin=0.7411
  [nplm-bil-ft   ] probe=0.7766+-0.0067 acc=0.3130 eucl=0.4667 mahaT=0.4073  || post: probe=0.8808 eucl=0.6389 mahaT=0.5423
          round 1: purity=0.000 anchors=1  margin=0.4040
          round 2: purity=0.000 anchors=5  margin=0.4395
  [supcon-ft     ] probe=0.9144+-0.0078 acc=0.7370 eucl=0.7043 mahaT=0.5713  || post: probe=0.9144 eucl=0.6464 mahaT=0.6074
          round 1: purity=0.021 anchors=4  margin=0.7570
          round 2: purity=0.042 anchors=8  margin=0.7886
  [ss-ft         ] probe=0.7879+-0.0071 acc=0.7663 eucl=0.7577 mahaT=0.7011  || post: probe=0.7093 eucl=0.7694 mahaT=0.7097
          round 1: purity=0.193 anchors=4  margin=0.8650
          round 2: purity=0.026 anchors=6  margin=0.8065
  [nplm-sup-ft   ] probe=0.8589+-0.0220 acc=0.4527 eucl=0.5469 mahaT=0.5502  || post: probe=0.9086 eucl=0.6650 mahaT=0.5734
          round 1: purity=0.021 anchors=1  margin=0.4529
          round 2: purity=0.005 anchors=5  margin=0.4340
saved /home/pharris/sigreg/SuperSig/plots/exp70_probe_dtd_dino_ft70_h1_d5.png
Done.
