/home/pharris/venv/lib64/python3.9/site-packages/networkx/utils/backends.py:135: RuntimeWarning: networkx backend defined more than once: nx-loopback
  backends.update(_get_backends("networkx.backends"))
Using cache found in /home/pharris/.cache/torch/hub/facebookresearch_dino_main
Using cache found in /home/pharris/.cache/torch/hub/facebookresearch_dino_main

######## [galaxy10_dino] discovery on supcon-ft->res concat ########
  [sigreg+proto] epoch 1/5  sigreg=0.3609  proto=9.0612  min_dist=5.55  mean_dist=16.07
  [sigreg+proto] epoch 2/5  sigreg=0.4948  proto=5.5842  min_dist=5.58  mean_dist=16.09
  [sigreg+proto] epoch 3/5  sigreg=0.5497  proto=5.1028  min_dist=5.61  mean_dist=16.12
  [sigreg+proto] epoch 4/5  sigreg=0.5830  proto=3.3224  min_dist=5.65  mean_dist=16.14
  [sigreg+proto] epoch 5/5  sigreg=0.6691  proto=3.1481  min_dist=5.69  mean_dist=16.17
  round 1: pool=96 purity=0.167 k-hat=4 anchors=4  margin=0.4010  mean-anchor=0.2496  6=0.250
  [sigreg+proto] epoch 1/5  sigreg=0.6497  proto=6.1050  min_dist=5.72  mean_dist=16.50
  [sigreg+proto] epoch 2/5  sigreg=0.7019  proto=3.9836  min_dist=5.76  mean_dist=16.53
  [sigreg+proto] epoch 3/5  sigreg=0.7096  proto=3.0065  min_dist=5.81  mean_dist=16.55
  [sigreg+proto] epoch 4/5  sigreg=0.7244  proto=2.8024  min_dist=5.85  mean_dist=16.57
  [sigreg+proto] epoch 5/5  sigreg=0.7180  proto=2.5451  min_dist=5.89  mean_dist=16.59
  round 2: pool=106 purity=0.245 k-hat=3 anchors=7  margin=0.5512  mean-anchor=0.6066  6=0.607
  [galaxy10_dino] supcon-ft->res concat: probe 0.8912+-0.0039 -> 0.8683+-0.0077  eucl 0.5875 -> 0.6148  mahaT 0.5816 -> 0.6086  lid 0.5449 -> 0.5440
          round 1: purity=0.167 anchors=4  margin=0.4010
          round 2: purity=0.245 anchors=7  margin=0.5512
  [sigreg+proto] epoch 1/5  sigreg=0.3863  proto=8.4518  min_dist=5.53  mean_dist=15.94
  [sigreg+proto] epoch 2/5  sigreg=0.5460  proto=5.9406  min_dist=5.57  mean_dist=15.97
  [sigreg+proto] epoch 3/5  sigreg=0.6240  proto=3.9452  min_dist=5.62  mean_dist=15.99
  [sigreg+proto] epoch 4/5  sigreg=0.6635  proto=3.5316  min_dist=5.67  mean_dist=16.02
  [sigreg+proto] epoch 5/5  sigreg=0.6780  proto=3.1944  min_dist=5.73  mean_dist=16.04
  round 1: pool=80 purity=0.000 k-hat=3 anchors=3  margin=0.6738  mean-anchor=0.6722  6=0.672
  [sigreg+proto] epoch 1/5  sigreg=0.6217  proto=6.1840  min_dist=5.77  mean_dist=16.65
  [sigreg+proto] epoch 2/5  sigreg=0.6427  proto=3.9083  min_dist=5.81  mean_dist=16.67
  [sigreg+proto] epoch 3/5  sigreg=0.6583  proto=2.9449  min_dist=5.86  mean_dist=16.69
  [sigreg+proto] epoch 4/5  sigreg=0.6785  proto=2.5064  min_dist=5.90  mean_dist=16.71
  [sigreg+proto] epoch 5/5  sigreg=0.7026  proto=2.3354  min_dist=5.94  mean_dist=16.74
  round 2: pool=80 purity=0.000 k-hat=4 anchors=7  margin=0.4631  mean-anchor=0.4110  6=0.411
    post-spk f=0.003: power=0.040 [0.014,0.090] (2/50)
    post-maha f=0.003: power=0.080 [0.042,0.138] (4/50)
    post-mmd f=0.003: power=0.060 [0.028,0.115] (3/50)
  [galaxy10_dino] post f=0.003: perevent=0.068  sparker=0.040  maha=0.080  mmd=0.060
  [sigreg+proto] epoch 1/5  sigreg=0.4009  proto=8.6244  min_dist=5.54  mean_dist=16.43
  [sigreg+proto] epoch 2/5  sigreg=0.5219  proto=5.7954  min_dist=5.58  mean_dist=16.45
  [sigreg+proto] epoch 3/5  sigreg=0.6132  proto=4.0376  min_dist=5.62  mean_dist=16.47
  [sigreg+proto] epoch 4/5  sigreg=0.6351  proto=3.3531  min_dist=5.67  mean_dist=16.50
  [sigreg+proto] epoch 5/5  sigreg=0.6588  proto=2.7919  min_dist=5.72  mean_dist=16.53
  round 1: pool=82 purity=0.024 k-hat=4 anchors=4  margin=0.5046  mean-anchor=0.6843  6=0.684
  [sigreg+proto] epoch 1/5  sigreg=0.6598  proto=6.3817  min_dist=5.77  mean_dist=16.27
  [sigreg+proto] epoch 2/5  sigreg=0.6585  proto=4.7479  min_dist=5.81  mean_dist=16.29
  [sigreg+proto] epoch 3/5  sigreg=0.6964  proto=3.7718  min_dist=5.85  mean_dist=16.31
  [sigreg+proto] epoch 4/5  sigreg=0.6721  proto=3.0932  min_dist=5.90  mean_dist=16.34
  [sigreg+proto] epoch 5/5  sigreg=0.6571  proto=2.8544  min_dist=5.94  mean_dist=16.36
  round 2: pool=82 purity=0.024 k-hat=3 anchors=7  margin=0.5098  mean-anchor=0.7666  6=0.767
    post-spk f=0.01: power=0.060 [0.028,0.115] (3/50)
    post-maha f=0.01: power=0.020 [0.003,0.064] (1/50)
    post-mmd f=0.01: power=0.100 [0.058,0.162] (5/50)
  [galaxy10_dino] post f=0.01: perevent=0.081  sparker=0.060  maha=0.020  mmd=0.100
  [sigreg+proto] epoch 1/5  sigreg=0.4129  proto=8.0893  min_dist=5.56  mean_dist=16.04
  [sigreg+proto] epoch 2/5  sigreg=0.5310  proto=5.0167  min_dist=5.60  mean_dist=16.06
  [sigreg+proto] epoch 3/5  sigreg=0.5603  proto=3.7602  min_dist=5.64  mean_dist=16.08
  [sigreg+proto] epoch 4/5  sigreg=0.6132  proto=3.1167  min_dist=5.69  mean_dist=16.11
  [sigreg+proto] epoch 5/5  sigreg=0.6745  proto=2.7000  min_dist=5.74  mean_dist=16.14
  round 1: pool=83 purity=0.036 k-hat=4 anchors=4  margin=0.4530  mean-anchor=0.2491  6=0.249
  [sigreg+proto] epoch 1/5  sigreg=0.6643  proto=5.4604  min_dist=5.77  mean_dist=16.32
  [sigreg+proto] epoch 2/5  sigreg=0.6462  proto=4.4384  min_dist=5.81  mean_dist=16.34
  [sigreg+proto] epoch 3/5  sigreg=0.6993  proto=2.7798  min_dist=5.86  mean_dist=16.37
  [sigreg+proto] epoch 4/5  sigreg=0.7201  proto=2.8078  min_dist=5.90  mean_dist=16.39
  [sigreg+proto] epoch 5/5  sigreg=0.7242  proto=2.2644  min_dist=5.95  mean_dist=16.42
  round 2: pool=85 purity=0.059 k-hat=3 anchors=7  margin=0.5624  mean-anchor=0.6898  6=0.690
    post-spk f=0.02: power=0.020 [0.003,0.064] (1/50)
    post-maha f=0.02: power=0.080 [0.042,0.138] (4/50)
    post-mmd f=0.02: power=0.200 [0.141,0.273] (10/50)
  [galaxy10_dino] post f=0.02: perevent=0.107  sparker=0.020  maha=0.080  mmd=0.200
  [sigreg+proto] epoch 1/5  sigreg=0.3629  proto=8.2242  min_dist=5.53  mean_dist=16.35
  [sigreg+proto] epoch 2/5  sigreg=0.4928  proto=5.4474  min_dist=5.57  mean_dist=16.37
  [sigreg+proto] epoch 3/5  sigreg=0.5548  proto=3.9673  min_dist=5.61  mean_dist=16.40
  [sigreg+proto] epoch 4/5  sigreg=0.5940  proto=3.7562  min_dist=5.66  mean_dist=16.42
  [sigreg+proto] epoch 5/5  sigreg=0.6214  proto=3.0830  min_dist=5.72  mean_dist=16.45
  round 1: pool=88 purity=0.091 k-hat=4 anchors=4  margin=0.6750  mean-anchor=0.6544  6=0.654
  [sigreg+proto] epoch 1/5  sigreg=0.6281  proto=5.4219  min_dist=5.75  mean_dist=16.76
  [sigreg+proto] epoch 2/5  sigreg=0.6403  proto=4.0033  min_dist=5.79  mean_dist=16.78
  [sigreg+proto] epoch 3/5  sigreg=0.6772  proto=2.8177  min_dist=5.83  mean_dist=16.81
  [sigreg+proto] epoch 4/5  sigreg=0.7129  proto=2.5690  min_dist=5.88  mean_dist=16.83
  [sigreg+proto] epoch 5/5  sigreg=0.7154  proto=2.1185  min_dist=5.92  mean_dist=16.85
  round 2: pool=92 purity=0.130 k-hat=3 anchors=7  margin=0.4803  mean-anchor=0.5227  6=0.523
    post-spk f=0.05: power=0.340 [0.268,0.419] (17/50)
    post-maha f=0.05: power=0.200 [0.141,0.273] (10/50)
    post-mmd f=0.05: power=0.680 [0.601,0.751] (34/50)
  [galaxy10_dino] post f=0.05: perevent=0.087  sparker=0.340  maha=0.200  mmd=0.680

===== EXP72 SUMMARY (discovery on exp-71 winners) =====
  cell              space                          probe pre->post   mahaT pre->post purity r1
  galaxy10_dino     supcon-ft->res concat        0.8912->0.8683   0.5816->0.6086     0.167
saved /home/pharris/sigreg/SuperSig/plots/exp72_residual_discovery_h1_d3.png
Done.
