/home/pharris/venv/lib64/python3.9/site-packages/networkx/utils/backends.py:135: RuntimeWarning: networkx backend defined more than once: nx-loopback
  backends.update(_get_backends("networkx.backends"))

######## [galaxy10_visreg] discovery on supcon-ft->res residual ########
  [sigreg+proto] epoch 1/5  sigreg=0.2705  proto=3.9437  min_dist=4.16  mean_dist=11.61
  [sigreg+proto] epoch 2/5  sigreg=0.3618  proto=2.5409  min_dist=4.23  mean_dist=11.66
  [sigreg+proto] epoch 3/5  sigreg=0.3895  proto=1.5430  min_dist=4.29  mean_dist=11.70
  [sigreg+proto] epoch 4/5  sigreg=0.4069  proto=1.3725  min_dist=4.35  mean_dist=11.75
  [sigreg+proto] epoch 5/5  sigreg=0.4200  proto=1.1671  min_dist=4.41  mean_dist=11.80
  round 1: pool=104 purity=0.231 k-hat=4 anchors=4  margin=0.6934  mean-anchor=0.6906  6=0.691
  [sigreg+proto] epoch 1/5  sigreg=0.4279  proto=2.2096  min_dist=4.46  mean_dist=11.88
  [sigreg+proto] epoch 2/5  sigreg=0.4333  proto=1.4114  min_dist=4.51  mean_dist=11.92
  [sigreg+proto] epoch 3/5  sigreg=0.4577  proto=1.1364  min_dist=4.56  mean_dist=11.96
  [sigreg+proto] epoch 4/5  sigreg=0.4739  proto=0.8848  min_dist=4.61  mean_dist=12.01
  [sigreg+proto] epoch 5/5  sigreg=0.4655  proto=0.7987  min_dist=4.66  mean_dist=12.05
  round 2: pool=83 purity=0.036 k-hat=4 anchors=8  margin=0.6543  mean-anchor=0.7030  6=0.703
  [galaxy10_visreg] supcon-ft->res residual: probe 0.9260+-0.0043 -> 0.9052+-0.0078  eucl 0.6415 -> 0.6232  mahaT 0.6155 -> 0.6053  lid 0.6244 -> 0.6353
          round 1: purity=0.231 anchors=4  margin=0.6934
          round 2: purity=0.036 anchors=8  margin=0.6543
  [sigreg+proto] epoch 1/5  sigreg=0.2687  proto=4.0160  min_dist=4.17  mean_dist=11.96
  [sigreg+proto] epoch 2/5  sigreg=0.3560  proto=2.4347  min_dist=4.23  mean_dist=12.00
  [sigreg+proto] epoch 3/5  sigreg=0.3690  proto=1.6113  min_dist=4.30  mean_dist=12.05
  [sigreg+proto] epoch 4/5  sigreg=0.3872  proto=1.3974  min_dist=4.37  mean_dist=12.10
  [sigreg+proto] epoch 5/5  sigreg=0.4109  proto=1.1277  min_dist=4.43  mean_dist=12.14
  round 1: pool=80 purity=0.000 k-hat=4 anchors=4  margin=0.7217  mean-anchor=0.7724  6=0.772
  [sigreg+proto] epoch 1/5  sigreg=0.4369  proto=2.1367  min_dist=4.49  mean_dist=12.28
  [sigreg+proto] epoch 2/5  sigreg=0.4284  proto=1.4912  min_dist=4.54  mean_dist=12.32
  [sigreg+proto] epoch 3/5  sigreg=0.4561  proto=1.1567  min_dist=4.60  mean_dist=12.36
  [sigreg+proto] epoch 4/5  sigreg=0.4720  proto=0.9160  min_dist=4.65  mean_dist=12.40
  [sigreg+proto] epoch 5/5  sigreg=0.4630  proto=0.8411  min_dist=4.70  mean_dist=12.44
  round 2: pool=80 purity=0.000 k-hat=4 anchors=8  margin=0.6984  mean-anchor=0.7972  6=0.797
    post-spk f=0.003: power=0.040 [0.014,0.090] (2/50)
    post-maha f=0.003: power=0.080 [0.042,0.138] (4/50)
    post-mmd f=0.003: power=0.060 [0.028,0.115] (3/50)
  [galaxy10_visreg] post f=0.003: perevent=0.162  sparker=0.040  maha=0.080  mmd=0.060
  [sigreg+proto] epoch 1/5  sigreg=0.2550  proto=3.6912  min_dist=4.17  mean_dist=11.46
  [sigreg+proto] epoch 2/5  sigreg=0.3477  proto=2.2484  min_dist=4.23  mean_dist=11.50
  [sigreg+proto] epoch 3/5  sigreg=0.3673  proto=1.5040  min_dist=4.30  mean_dist=11.55
  [sigreg+proto] epoch 4/5  sigreg=0.4014  proto=1.3323  min_dist=4.37  mean_dist=11.60
  [sigreg+proto] epoch 5/5  sigreg=0.4107  proto=1.0576  min_dist=4.43  mean_dist=11.64
  round 1: pool=82 purity=0.024 k-hat=4 anchors=4  margin=0.6847  mean-anchor=0.7805  6=0.781
  [sigreg+proto] epoch 1/5  sigreg=0.4271  proto=2.0013  min_dist=4.48  mean_dist=11.41
  [sigreg+proto] epoch 2/5  sigreg=0.4148  proto=1.2133  min_dist=4.53  mean_dist=11.45
  [sigreg+proto] epoch 3/5  sigreg=0.4145  proto=1.0773  min_dist=4.58  mean_dist=11.49
  [sigreg+proto] epoch 4/5  sigreg=0.4243  proto=0.9004  min_dist=4.64  mean_dist=11.53
  [sigreg+proto] epoch 5/5  sigreg=0.4358  proto=0.7663  min_dist=4.69  mean_dist=11.57
  round 2: pool=82 purity=0.024 k-hat=4 anchors=8  margin=0.6168  mean-anchor=0.7564  6=0.756
    post-spk f=0.01: power=0.000 [0.000,0.036] (0/50)
    post-maha f=0.01: power=0.060 [0.028,0.115] (3/50)
    post-mmd f=0.01: power=0.160 [0.107,0.229] (8/50)
  [galaxy10_visreg] post f=0.01: perevent=0.087  sparker=0.000  maha=0.060  mmd=0.160
  [sigreg+proto] epoch 1/5  sigreg=0.2650  proto=3.7039  min_dist=4.17  mean_dist=11.45
  [sigreg+proto] epoch 2/5  sigreg=0.3373  proto=2.2818  min_dist=4.23  mean_dist=11.49
  [sigreg+proto] epoch 3/5  sigreg=0.3680  proto=1.7200  min_dist=4.30  mean_dist=11.54
  [sigreg+proto] epoch 4/5  sigreg=0.4046  proto=1.3038  min_dist=4.37  mean_dist=11.58
  [sigreg+proto] epoch 5/5  sigreg=0.4161  proto=0.9120  min_dist=4.43  mean_dist=11.63
  round 1: pool=82 purity=0.024 k-hat=4 anchors=4  margin=0.6571  mean-anchor=0.7581  6=0.758
  [sigreg+proto] epoch 1/5  sigreg=0.4512  proto=1.8127  min_dist=4.49  mean_dist=11.72
  [sigreg+proto] epoch 2/5  sigreg=0.4517  proto=0.9998  min_dist=4.54  mean_dist=11.76
  [sigreg+proto] epoch 3/5  sigreg=0.4639  proto=1.1068  min_dist=4.59  mean_dist=11.80
  [sigreg+proto] epoch 4/5  sigreg=0.4641  proto=0.9375  min_dist=4.65  mean_dist=11.84
  [sigreg+proto] epoch 5/5  sigreg=0.4528  proto=0.8450  min_dist=4.70  mean_dist=11.88
  round 2: pool=80 purity=0.000 k-hat=4 anchors=8  margin=0.6195  mean-anchor=0.7493  6=0.749
    post-spk f=0.02: power=0.040 [0.014,0.090] (2/50)
    post-maha f=0.02: power=0.160 [0.107,0.229] (8/50)
    post-mmd f=0.02: power=0.200 [0.141,0.273] (10/50)
  [galaxy10_visreg] post f=0.02: perevent=0.058  sparker=0.040  maha=0.160  mmd=0.200
  [sigreg+proto] epoch 1/5  sigreg=0.2723  proto=4.2324  min_dist=4.16  mean_dist=11.48
  [sigreg+proto] epoch 2/5  sigreg=0.3575  proto=2.3488  min_dist=4.23  mean_dist=11.52
  [sigreg+proto] epoch 3/5  sigreg=0.3868  proto=1.7285  min_dist=4.30  mean_dist=11.57
  [sigreg+proto] epoch 4/5  sigreg=0.4317  proto=1.3973  min_dist=4.36  mean_dist=11.62
  [sigreg+proto] epoch 5/5  sigreg=0.4444  proto=1.0036  min_dist=4.42  mean_dist=11.67
  round 1: pool=91 purity=0.121 k-hat=4 anchors=4  margin=0.6831  mean-anchor=0.7588  6=0.759
  [sigreg+proto] epoch 1/5  sigreg=0.4360  proto=1.5105  min_dist=4.48  mean_dist=11.82
  [sigreg+proto] epoch 2/5  sigreg=0.4315  proto=1.3863  min_dist=4.53  mean_dist=11.86
  [sigreg+proto] epoch 3/5  sigreg=0.4409  proto=1.0527  min_dist=4.58  mean_dist=11.90
  [sigreg+proto] epoch 4/5  sigreg=0.4378  proto=1.0217  min_dist=4.63  mean_dist=11.95
  [sigreg+proto] epoch 5/5  sigreg=0.4361  proto=0.9092  min_dist=4.68  mean_dist=11.99
  round 2: pool=82 purity=0.024 k-hat=3 anchors=7  margin=0.6175  mean-anchor=0.7601  6=0.760
    post-spk f=0.05: power=0.240 [0.177,0.315] (12/50)
    post-maha f=0.05: power=0.280 [0.213,0.357] (14/50)
    post-mmd f=0.05: power=0.360 [0.286,0.440] (18/50)
  [galaxy10_visreg] post f=0.05: perevent=0.114  sparker=0.240  maha=0.280  mmd=0.360

===== EXP72 SUMMARY (discovery on exp-71 winners) =====
  cell              space                          probe pre->post   mahaT pre->post purity r1
  galaxy10_visreg   supcon-ft->res residual      0.9260->0.9052   0.6155->0.6053     0.231
saved /home/pharris/sigreg/SuperSig/plots/exp72_residual_discovery_h1_d3.png
Done.
