/home/pharris/venv/lib64/python3.9/site-packages/networkx/utils/backends.py:135: RuntimeWarning: networkx backend defined more than once: nx-loopback
  backends.update(_get_backends("networkx.backends"))

######## [galaxy10_lejepa] discovery on supcon-ft->res concat ########
Fetching 37 files:   0%|          | 0/37 [00:00<?, ?it/s]Fetching 37 files: 100%|██████████| 37/37 [00:00<00:00, 394883.58it/s]
Fetching 37 files:   0%|          | 0/37 [00:00<?, ?it/s]Fetching 37 files: 100%|██████████| 37/37 [00:00<00:00, 59918.63it/s]
  [sigreg+proto] epoch 1/5  sigreg=0.3295  proto=3.2522  min_dist=4.43  mean_dist=8.92
  [sigreg+proto] epoch 2/5  sigreg=0.4127  proto=2.1531  min_dist=4.51  mean_dist=8.98
  [sigreg+proto] epoch 3/5  sigreg=0.4341  proto=1.6543  min_dist=4.59  mean_dist=9.05
  [sigreg+proto] epoch 4/5  sigreg=0.4587  proto=1.1836  min_dist=4.66  mean_dist=9.12
  [sigreg+proto] epoch 5/5  sigreg=0.4883  proto=0.8309  min_dist=4.74  mean_dist=9.19
  round 1: pool=110 purity=0.273 k-hat=3 anchors=3  margin=0.6769  mean-anchor=0.4642  6=0.464
  [sigreg+proto] epoch 1/5  sigreg=0.4807  proto=1.6541  min_dist=3.87  mean_dist=9.13
  [sigreg+proto] epoch 2/5  sigreg=0.4986  proto=1.1292  min_dist=3.93  mean_dist=9.20
  [sigreg+proto] epoch 3/5  sigreg=0.4967  proto=0.8082  min_dist=3.98  mean_dist=9.27
  [sigreg+proto] epoch 4/5  sigreg=0.5028  proto=0.5809  min_dist=4.03  mean_dist=9.34
  [sigreg+proto] epoch 5/5  sigreg=0.4984  proto=0.4995  min_dist=4.09  mean_dist=9.41
  round 2: pool=81 purity=0.012 k-hat=2 anchors=5  margin=0.6558  mean-anchor=0.5128  6=0.513
  [galaxy10_lejepa] supcon-ft->res concat: probe 0.9290+-0.0003 -> 0.9227+-0.0009  eucl 0.7112 -> 0.7014  mahaT 0.6534 -> 0.6772  lid 0.6200 -> 0.6323
          round 1: purity=0.273 anchors=3  margin=0.6769
          round 2: purity=0.012 anchors=5  margin=0.6558
  [sigreg+proto] epoch 1/5  sigreg=0.3392  proto=3.6801  min_dist=4.44  mean_dist=8.98
  [sigreg+proto] epoch 2/5  sigreg=0.4145  proto=2.1648  min_dist=4.51  mean_dist=9.04
  [sigreg+proto] epoch 3/5  sigreg=0.4512  proto=1.4499  min_dist=4.60  mean_dist=9.11
  [sigreg+proto] epoch 4/5  sigreg=0.4885  proto=0.9345  min_dist=4.68  mean_dist=9.18
  [sigreg+proto] epoch 5/5  sigreg=0.4941  proto=0.7391  min_dist=4.76  mean_dist=9.25
  round 1: pool=80 purity=0.000 k-hat=4 anchors=4  margin=0.6809  mean-anchor=0.8386  6=0.839
  [sigreg+proto] epoch 1/5  sigreg=0.5181  proto=1.4607  min_dist=4.82  mean_dist=9.25
  [sigreg+proto] epoch 2/5  sigreg=0.5307  proto=1.0081  min_dist=4.89  mean_dist=9.31
  [sigreg+proto] epoch 3/5  sigreg=0.5383  proto=0.7798  min_dist=4.96  mean_dist=9.37
  [sigreg+proto] epoch 4/5  sigreg=0.5369  proto=0.6314  min_dist=5.02  mean_dist=9.43
  [sigreg+proto] epoch 5/5  sigreg=0.5356  proto=0.6524  min_dist=5.09  mean_dist=9.48
  round 2: pool=80 purity=0.000 k-hat=3 anchors=7  margin=0.6929  mean-anchor=0.6913  6=0.691
    post-spk f=0.003: power=0.000 [0.000,0.036] (0/50)
    post-maha f=0.003: power=0.040 [0.014,0.090] (2/50)
    post-mmd f=0.003: power=0.060 [0.028,0.115] (3/50)
  [galaxy10_lejepa] post f=0.003: perevent=0.149  sparker=0.000  maha=0.040  mmd=0.060
  [sigreg+proto] epoch 1/5  sigreg=0.3124  proto=3.7411  min_dist=4.43  mean_dist=8.44
  [sigreg+proto] epoch 2/5  sigreg=0.3827  proto=2.4250  min_dist=4.51  mean_dist=8.51
  [sigreg+proto] epoch 3/5  sigreg=0.4265  proto=1.5924  min_dist=4.59  mean_dist=8.58
  [sigreg+proto] epoch 4/5  sigreg=0.4563  proto=0.9392  min_dist=4.67  mean_dist=8.65
  [sigreg+proto] epoch 5/5  sigreg=0.4884  proto=0.7664  min_dist=4.76  mean_dist=8.72
  round 1: pool=82 purity=0.024 k-hat=3 anchors=3  margin=0.7264  mean-anchor=0.6986  6=0.699
  [sigreg+proto] epoch 1/5  sigreg=0.4850  proto=1.5221  min_dist=4.83  mean_dist=8.85
  [sigreg+proto] epoch 2/5  sigreg=0.5021  proto=1.0790  min_dist=4.91  mean_dist=8.92
  [sigreg+proto] epoch 3/5  sigreg=0.4948  proto=0.8698  min_dist=4.99  mean_dist=8.99
  [sigreg+proto] epoch 4/5  sigreg=0.4926  proto=0.7950  min_dist=5.07  mean_dist=9.06
  [sigreg+proto] epoch 5/5  sigreg=0.4945  proto=0.6932  min_dist=5.15  mean_dist=9.13
  round 2: pool=80 purity=0.000 k-hat=2 anchors=5  margin=0.6901  mean-anchor=0.7459  6=0.746
    post-spk f=0.01: power=0.060 [0.028,0.115] (3/50)
    post-maha f=0.01: power=0.080 [0.042,0.138] (4/50)
    post-mmd f=0.01: power=0.100 [0.058,0.162] (5/50)
  [galaxy10_lejepa] post f=0.01: perevent=0.165  sparker=0.060  maha=0.080  mmd=0.100
  [sigreg+proto] epoch 1/5  sigreg=0.3166  proto=4.1049  min_dist=4.44  mean_dist=8.50
  [sigreg+proto] epoch 2/5  sigreg=0.3876  proto=2.2819  min_dist=4.52  mean_dist=8.57
  [sigreg+proto] epoch 3/5  sigreg=0.4198  proto=1.6278  min_dist=4.60  mean_dist=8.63
  [sigreg+proto] epoch 4/5  sigreg=0.4674  proto=1.2868  min_dist=4.68  mean_dist=8.70
  [sigreg+proto] epoch 5/5  sigreg=0.5034  proto=0.8224  min_dist=4.76  mean_dist=8.77
  round 1: pool=84 purity=0.048 k-hat=3 anchors=3  margin=0.6923  mean-anchor=0.8375  6=0.838
  [sigreg+proto] epoch 1/5  sigreg=0.4866  proto=1.5650  min_dist=4.84  mean_dist=8.84
  [sigreg+proto] epoch 2/5  sigreg=0.4890  proto=1.0567  min_dist=4.92  mean_dist=8.91
  [sigreg+proto] epoch 3/5  sigreg=0.4970  proto=0.8986  min_dist=5.01  mean_dist=8.98
  [sigreg+proto] epoch 4/5  sigreg=0.4988  proto=0.7019  min_dist=5.09  mean_dist=9.05
  [sigreg+proto] epoch 5/5  sigreg=0.4872  proto=0.6059  min_dist=5.17  mean_dist=9.13
  round 2: pool=80 purity=0.000 k-hat=2 anchors=5  margin=0.6576  mean-anchor=0.8501  6=0.850
    post-spk f=0.02: power=0.020 [0.003,0.064] (1/50)
    post-maha f=0.02: power=0.200 [0.141,0.273] (10/50)
    post-mmd f=0.02: power=0.080 [0.042,0.138] (4/50)
  [galaxy10_lejepa] post f=0.02: perevent=0.165  sparker=0.020  maha=0.200  mmd=0.080
  [sigreg+proto] epoch 1/5  sigreg=0.3198  proto=3.6195  min_dist=4.43  mean_dist=8.88
  [sigreg+proto] epoch 2/5  sigreg=0.4004  proto=2.1779  min_dist=4.51  mean_dist=8.94
  [sigreg+proto] epoch 3/5  sigreg=0.4244  proto=1.4452  min_dist=4.59  mean_dist=9.01
  [sigreg+proto] epoch 4/5  sigreg=0.4667  proto=1.0894  min_dist=4.67  mean_dist=9.08
  [sigreg+proto] epoch 5/5  sigreg=0.4855  proto=0.6948  min_dist=4.75  mean_dist=9.15
  round 1: pool=97 purity=0.175 k-hat=4 anchors=4  margin=0.7486  mean-anchor=0.8660  6=0.866
  [sigreg+proto] epoch 1/5  sigreg=0.4937  proto=1.5113  min_dist=4.81  mean_dist=9.13
  [sigreg+proto] epoch 2/5  sigreg=0.4953  proto=1.0399  min_dist=4.87  mean_dist=9.19
  [sigreg+proto] epoch 3/5  sigreg=0.5072  proto=0.7557  min_dist=4.93  mean_dist=9.25
  [sigreg+proto] epoch 4/5  sigreg=0.5039  proto=0.7036  min_dist=5.00  mean_dist=9.30
  [sigreg+proto] epoch 5/5  sigreg=0.4991  proto=0.6402  min_dist=5.06  mean_dist=9.36
  round 2: pool=82 purity=0.024 k-hat=2 anchors=6  margin=0.7238  mean-anchor=0.5716  6=0.572
    post-spk f=0.05: power=0.560 [0.480,0.638] (28/50)
    post-maha f=0.05: power=0.500 [0.421,0.579] (25/50)
    post-mmd f=0.05: power=0.240 [0.177,0.315] (12/50)
  [galaxy10_lejepa] post f=0.05: perevent=0.203  sparker=0.560  maha=0.500  mmd=0.240

===== EXP72 SUMMARY (discovery on exp-71 winners) =====
  cell              space                          probe pre->post   mahaT pre->post purity r1
  galaxy10_lejepa   supcon-ft->res concat        0.9290->0.9227   0.6534->0.6772     0.273
saved /home/pharris/sigreg/SuperSig/plots/exp72_residual_discovery_h1_d3.png
Done.
