/home/pharris/venv/lib64/python3.9/site-packages/networkx/utils/backends.py:135: RuntimeWarning: networkx backend defined more than once: nx-loopback
  backends.update(_get_backends("networkx.backends"))
Using cache found in /home/pharris/.cache/torch/hub/facebookresearch_dino_main
Using cache found in /home/pharris/.cache/torch/hub/facebookresearch_dino_main
Using cache found in /home/pharris/.cache/torch/hub/facebookresearch_dino_main
Using cache found in /home/pharris/.cache/torch/hub/facebookresearch_dino_main
Using cache found in /home/pharris/.cache/torch/hub/facebookresearch_dino_main
Using cache found in /home/pharris/.cache/torch/hub/facebookresearch_dino_main
exp70 [dtd_dino_ft70_h1_d1] end-to-end ft suite, arms=['simclr-ft', 'sigreg-ssl-ft', 'nplm-bil-ft', 'supcon-ft', 'ss-ft', 'nplm-sup-ft'], ft_epochs=20, emb=100, holdouts 46-46 EXCLUDED from ft
  ft corpus: 3680/3760 train images (holdout classes removed)

===== [simclr-ft] (unsupervised) =====
  loading /home/pharris/sigreg/SuperSig/checkpoints/dtd_ft_dino_simclr-ft_seen_h1_d1.pt
  [simclr-ft     ] probe=0.9847+-0.0011 acc=0.6348 supAUC=0.9534 eucl=0.5936 mahaT=0.5655 mahaPC=0.6133 lid=0.6340

===== [sigreg-ssl-ft] (unsupervised) =====
  loading /home/pharris/sigreg/SuperSig/checkpoints/dtd_ft_dino_sigreg-ssl-ft_seen_h1_d1.pt
  [sigreg-ssl-ft ] probe=0.9841+-0.0013 acc=0.6130 supAUC=0.9658 eucl=0.7465 mahaT=0.6563 mahaPC=0.6579 lid=0.6029

===== [nplm-bil-ft] (unsupervised) =====
  loading /home/pharris/sigreg/SuperSig/checkpoints/dtd_ft_dino_nplm-bil-ft_seen_h1_d1.pt
  [nplm-bil-ft   ] probe=0.8972+-0.0049 acc=0.4832 supAUC=0.9161 eucl=0.5454 mahaT=0.4770 mahaPC=0.6152 lid=0.4974

===== [supcon-ft] (supervised) =====
  loading /home/pharris/sigreg/SuperSig/checkpoints/dtd_ft_dino_supcon-ft_seen_h1_d1.pt
  [supcon-ft     ] probe=0.8918+-0.0063 acc=0.7332 supAUC=0.9786 eucl=0.7769 mahaT=0.5428 mahaPC=0.5233 lid=0.5394

===== [ss-ft] (supervised) =====
  loading /home/pharris/sigreg/SuperSig/checkpoints/dtd_ft_dino_ss-ft_seen_h1_d1.pt
  [ss-ft         ] probe=0.7803+-0.0110 acc=0.7592 supAUC=0.9824 eucl=0.7967 mahaT=0.6461 mahaPC=0.6352 lid=0.5679

===== [nplm-sup-ft] (supervised) =====
  loading /home/pharris/sigreg/SuperSig/checkpoints/dtd_ft_dino_nplm-sup-ft_seen_h1_d1.pt
  [nplm-sup-ft   ] probe=0.7217+-0.0233 acc=0.4505 supAUC=0.9308 eucl=0.6250 mahaT=0.5872 mahaPC=0.5719 lid=0.6806

===== PRE table =====
  arm                        probe     acc  supAUC    eucl   mahaT  mahaPC
  simclr-ft          0.9847+-0.0011  0.6348  0.9534  0.5936  0.5655  0.6133
  sigreg-ssl-ft      0.9841+-0.0013  0.6130  0.9658  0.7465  0.6563  0.6579
  nplm-bil-ft        0.8972+-0.0049  0.4832  0.9161  0.5454  0.4770  0.6152
  supcon-ft          0.8918+-0.0063  0.7332  0.9786  0.7769  0.5428  0.5233
  ss-ft              0.7803+-0.0110  0.7592  0.9824  0.7967  0.6461  0.6352
  nplm-sup-ft        0.7217+-0.0233  0.4505  0.9308  0.6250  0.5872  0.5719

===== gaussianity (seen classes, test set) =====
  metric                         simclr-ft sigreg-ssl-ft   nplm-bil-ft     supcon-ft         ss-ft   nplm-sup-ft
  eig min (class cov)               -0.000        -0.000        -0.000        -0.000        -0.000        -0.000
  eig max (class cov)              157.733        34.580         1.817        86.577        21.904         1.229
  eig cond worst            157732925603840.034579798818816.01816659755008.086576902176768.021903834087424.01228928974848.0
  class RMS min                      0.754         0.373         0.188         0.529         0.393         0.058
  class RMS mean                     1.091         0.569         0.246         0.733         0.512         0.079
  class RMS max                      1.449         0.710         0.292         1.028         0.664         0.113
  max |corr| (worst class)           0.983         0.982         0.820         0.981         0.960         1.000
  SW ratio mean                       1.58          1.96          1.22          1.50          1.61          2.67
  SW ratio worst                      3.19          5.05          2.32          2.99          2.85          5.82
  |skew| mean                        0.409         0.484         0.339         0.411         0.455         0.679
  |ex-kurt| mean                     0.730         0.854         0.626         0.792         0.826         1.317
  centroid dist min                   3.41          1.88          0.65          3.59          2.28          0.12
  centroid dist mean                 13.68          8.24          1.51         15.17         10.17          2.30
  separation (min d/RMS)              3.12          3.30          2.65          4.90          4.46          1.47

===== PRE power batteries =====
  [simclr-ft] per-event pre power=0.000
  [simclr-ft] sparker (annealed)
    pre-spk f=0.003: power=0.060 [0.028,0.115] (3/50)
    pre-spk f=0.01: power=0.000 [0.000,0.036] (0/50)
    pre-spk f=0.02: power=0.380 [0.305,0.460] (19/50)
    pre-spk f=0.05: power=1.000 [0.964,1.000] (50/50)
    pre-spk f=0.1: power=1.000 [0.964,1.000] (50/50)
  [simclr-ft] maha
    pre-maha f=0.003: power=0.100 [0.058,0.162] (5/50)
    pre-maha f=0.01: power=0.080 [0.042,0.138] (4/50)
    pre-maha f=0.02: power=0.100 [0.058,0.162] (5/50)
    pre-maha f=0.05: power=0.280 [0.213,0.357] (14/50)
    pre-maha f=0.1: power=0.580 [0.500,0.657] (29/50)
  [simclr-ft] mmd
    pre-mmd f=0.003: power=0.120 [0.074,0.184] (6/50)
    pre-mmd f=0.01: power=0.080 [0.042,0.138] (4/50)
    pre-mmd f=0.02: power=0.280 [0.213,0.357] (14/50)
    pre-mmd f=0.05: power=0.980 [0.936,0.997] (49/50)
    pre-mmd f=0.1: power=1.000 [0.964,1.000] (50/50)
  [sigreg-ssl-ft] per-event pre power=0.025
  [sigreg-ssl-ft] sparker (annealed)
    pre-spk f=0.003: power=0.040 [0.014,0.090] (2/50)
    pre-spk f=0.01: power=0.100 [0.058,0.162] (5/50)
    pre-spk f=0.02: power=0.480 [0.401,0.560] (24/50)
    pre-spk f=0.05: power=1.000 [0.964,1.000] (50/50)
    pre-spk f=0.1: power=1.000 [0.964,1.000] (50/50)
  [sigreg-ssl-ft] maha
    pre-maha f=0.003: power=0.040 [0.014,0.090] (2/50)
    pre-maha f=0.01: power=0.180 [0.124,0.251] (9/50)
    pre-maha f=0.02: power=0.080 [0.042,0.138] (4/50)
    pre-maha f=0.05: power=0.440 [0.362,0.520] (22/50)
    pre-maha f=0.1: power=0.820 [0.749,0.876] (41/50)
  [sigreg-ssl-ft] mmd
    pre-mmd f=0.003: power=0.120 [0.074,0.184] (6/50)
    pre-mmd f=0.01: power=0.120 [0.074,0.184] (6/50)
    pre-mmd f=0.02: power=0.200 [0.141,0.273] (10/50)
    pre-mmd f=0.05: power=1.000 [0.964,1.000] (50/50)
    pre-mmd f=0.1: power=1.000 [0.964,1.000] (50/50)
  [nplm-bil-ft] per-event pre power=0.050
  [nplm-bil-ft] sparker (annealed)
    pre-spk f=0.003: power=0.080 [0.042,0.138] (4/50)
    pre-spk f=0.01: power=0.220 [0.159,0.294] (11/50)
    pre-spk f=0.02: power=0.520 [0.440,0.599] (26/50)
    pre-spk f=0.05: power=1.000 [0.964,1.000] (50/50)
    pre-spk f=0.1: power=1.000 [0.964,1.000] (50/50)
  [nplm-bil-ft] maha
    pre-maha f=0.003: power=0.060 [0.028,0.115] (3/50)
    pre-maha f=0.01: power=0.120 [0.074,0.184] (6/50)
    pre-maha f=0.02: power=0.080 [0.042,0.138] (4/50)
    pre-maha f=0.05: power=0.220 [0.159,0.294] (11/50)
    pre-maha f=0.1: power=0.360 [0.286,0.440] (18/50)
  [nplm-bil-ft] mmd
    pre-mmd f=0.003: power=0.020 [0.003,0.064] (1/50)
    pre-mmd f=0.01: power=0.040 [0.014,0.090] (2/50)
    pre-mmd f=0.02: power=0.080 [0.042,0.138] (4/50)
    pre-mmd f=0.05: power=1.000 [0.964,1.000] (50/50)
    pre-mmd f=0.1: power=1.000 [0.964,1.000] (50/50)
  [supcon-ft] per-event pre power=0.000
  [supcon-ft] sparker (annealed)
    pre-spk f=0.003: power=0.100 [0.058,0.162] (5/50)
    pre-spk f=0.01: power=0.200 [0.141,0.273] (10/50)
    pre-spk f=0.02: power=0.380 [0.305,0.460] (19/50)
    pre-spk f=0.05: power=1.000 [0.964,1.000] (50/50)
    pre-spk f=0.1: power=1.000 [0.964,1.000] (50/50)
  [supcon-ft] maha
    pre-maha f=0.003: power=0.080 [0.042,0.138] (4/50)
    pre-maha f=0.01: power=0.080 [0.042,0.138] (4/50)
    pre-maha f=0.02: power=0.000 [0.000,0.036] (0/50)
    pre-maha f=0.05: power=0.060 [0.028,0.115] (3/50)
    pre-maha f=0.1: power=0.040 [0.014,0.090] (2/50)
  [supcon-ft] mmd
    pre-mmd f=0.003: power=0.040 [0.014,0.090] (2/50)
    pre-mmd f=0.01: power=0.120 [0.074,0.184] (6/50)
    pre-mmd f=0.02: power=0.460 [0.382,0.540] (23/50)
    pre-mmd f=0.05: power=0.960 [0.910,0.986] (48/50)
    pre-mmd f=0.1: power=1.000 [0.964,1.000] (50/50)
  [ss-ft] per-event pre power=0.275
  [ss-ft] sparker (annealed)
    pre-spk f=0.003: power=0.080 [0.042,0.138] (4/50)
    pre-spk f=0.01: power=0.140 [0.090,0.207] (7/50)
    pre-spk f=0.02: power=0.160 [0.107,0.229] (8/50)
    pre-spk f=0.05: power=1.000 [0.964,1.000] (50/50)
    pre-spk f=0.1: power=1.000 [0.964,1.000] (50/50)
  [ss-ft] maha
    pre-maha f=0.003: power=0.120 [0.074,0.184] (6/50)
    pre-maha f=0.01: power=0.100 [0.058,0.162] (5/50)
    pre-maha f=0.02: power=0.080 [0.042,0.138] (4/50)
    pre-maha f=0.05: power=0.220 [0.159,0.294] (11/50)
    pre-maha f=0.1: power=0.660 [0.581,0.732] (33/50)
  [ss-ft] mmd
    pre-mmd f=0.003: power=0.080 [0.042,0.138] (4/50)
    pre-mmd f=0.01: power=0.180 [0.124,0.251] (9/50)
    pre-mmd f=0.02: power=0.520 [0.440,0.599] (26/50)
    pre-mmd f=0.05: power=1.000 [0.964,1.000] (50/50)
    pre-mmd f=0.1: power=1.000 [0.964,1.000] (50/50)
  [nplm-sup-ft] per-event pre power=0.050
  [nplm-sup-ft] sparker (annealed)
    pre-spk f=0.003: power=0.000 [0.000,0.036] (0/50)
    pre-spk f=0.01: power=0.040 [0.014,0.090] (2/50)
    pre-spk f=0.02: power=0.220 [0.159,0.294] (11/50)
    pre-spk f=0.05: power=0.940 [0.885,0.972] (47/50)
    pre-spk f=0.1: power=1.000 [0.964,1.000] (50/50)
  [nplm-sup-ft] maha
    pre-maha f=0.003: power=0.040 [0.014,0.090] (2/50)
    pre-maha f=0.01: power=0.080 [0.042,0.138] (4/50)
    pre-maha f=0.02: power=0.060 [0.028,0.115] (3/50)
    pre-maha f=0.05: power=0.000 [0.000,0.036] (0/50)
    pre-maha f=0.1: power=0.000 [0.000,0.036] (0/50)
  [nplm-sup-ft] mmd
    pre-mmd f=0.003: power=0.040 [0.014,0.090] (2/50)
    pre-mmd f=0.01: power=0.060 [0.028,0.115] (3/50)
    pre-mmd f=0.02: power=0.140 [0.090,0.207] (7/50)
    pre-mmd f=0.05: power=0.680 [0.601,0.751] (34/50)
    pre-mmd f=0.1: power=1.000 [0.964,1.000] (50/50)

===== EXP70 PEREVENT PRE POWER =====
  arm                 0.003     0.01     0.02     0.05      0.1
  simclr-ft           0.000    0.000    0.000    0.000    0.000
  sigreg-ssl-ft       0.025    0.025    0.025    0.025    0.025
  nplm-bil-ft         0.050    0.050    0.050    0.050    0.050
  supcon-ft           0.000    0.000    0.000    0.000    0.000
  ss-ft               0.275    0.275    0.275    0.275    0.275
  nplm-sup-ft         0.050    0.050    0.050    0.050    0.050
  saved /home/pharris/sigreg/SuperSig/plots/exp70_perevent_power_pre_dtd_dino_ft70_h1_d1.png

===== EXP70 SPARKER PRE POWER =====
  arm                 0.003     0.01     0.02     0.05      0.1
  simclr-ft           0.060    0.000    0.380    1.000    1.000
  sigreg-ssl-ft       0.040    0.100    0.480    1.000    1.000
  nplm-bil-ft         0.080    0.220    0.520    1.000    1.000
  supcon-ft           0.100    0.200    0.380    1.000    1.000
  ss-ft               0.080    0.140    0.160    1.000    1.000
  nplm-sup-ft         0.000    0.040    0.220    0.940    1.000
  saved /home/pharris/sigreg/SuperSig/plots/exp70_sparker_power_pre_dtd_dino_ft70_h1_d1.png

===== EXP70 MAHA PRE POWER =====
  arm                 0.003     0.01     0.02     0.05      0.1
  simclr-ft           0.100    0.080    0.100    0.280    0.580
  sigreg-ssl-ft       0.040    0.180    0.080    0.440    0.820
  nplm-bil-ft         0.060    0.120    0.080    0.220    0.360
  supcon-ft           0.080    0.080    0.000    0.060    0.040
  ss-ft               0.120    0.100    0.080    0.220    0.660
  nplm-sup-ft         0.040    0.080    0.060    0.000    0.000
  saved /home/pharris/sigreg/SuperSig/plots/exp70_maha_power_pre_dtd_dino_ft70_h1_d1.png

===== EXP70 MMD PRE POWER =====
  arm                 0.003     0.01     0.02     0.05      0.1
  simclr-ft           0.120    0.080    0.280    0.980    1.000
  sigreg-ssl-ft       0.120    0.120    0.200    1.000    1.000
  nplm-bil-ft         0.020    0.040    0.080    1.000    1.000
  supcon-ft           0.040    0.120    0.460    0.960    1.000
  ss-ft               0.080    0.180    0.520    1.000    1.000
  nplm-sup-ft         0.040    0.060    0.140    0.680    1.000
  saved /home/pharris/sigreg/SuperSig/plots/exp70_mmd_power_pre_dtd_dino_ft70_h1_d1.png

----- natural discovery: simclr-ft -----
  [sigreg+proto] epoch 1/5  sigreg=0.3177  proto=12.8619  min_dist=4.10  mean_dist=15.14
  [sigreg+proto] epoch 2/5  sigreg=0.3783  proto=8.7026  min_dist=4.08  mean_dist=15.14
  [sigreg+proto] epoch 3/5  sigreg=0.3970  proto=6.7217  min_dist=4.08  mean_dist=15.13
  [sigreg+proto] epoch 4/5  sigreg=0.4047  proto=4.4785  min_dist=4.09  mean_dist=15.13
  [sigreg+proto] epoch 5/5  sigreg=0.4155  proto=3.8027  min_dist=4.11  mean_dist=15.12
  round 1: pool=184 purity=0.000 k-hat=3 anchors=3  margin=0.6954  mean-anchor=0.4953  46=0.495
  [sigreg+proto] epoch 1/5  sigreg=0.3960  proto=4.4340  min_dist=4.17  mean_dist=15.02
  [sigreg+proto] epoch 2/5  sigreg=0.3944  proto=3.8026  min_dist=4.21  mean_dist=15.03
  [sigreg+proto] epoch 3/5  sigreg=0.3947  proto=3.3711  min_dist=4.25  mean_dist=15.03
  [sigreg+proto] epoch 4/5  sigreg=0.4074  proto=3.3099  min_dist=4.29  mean_dist=15.04
  [sigreg+proto] epoch 5/5  sigreg=0.4036  proto=2.3821  min_dist=4.33  mean_dist=15.06
  round 2: pool=187 purity=0.016 k-hat=4 anchors=7  margin=0.8595  mean-anchor=0.6887  46=0.689
  [simclr-ft] probe 0.9847 -> 0.9522  eucl 0.5936 -> 0.6551  mahaT 0.5655 -> 0.5416

----- natural discovery: sigreg-ssl-ft -----
  [sigreg+proto] epoch 1/5  sigreg=0.3093  proto=4.3868  min_dist=1.98  mean_dist=8.89
  [sigreg+proto] epoch 2/5  sigreg=0.4308  proto=2.5256  min_dist=2.07  mean_dist=8.94
  [sigreg+proto] epoch 3/5  sigreg=0.4667  proto=1.8556  min_dist=2.15  mean_dist=9.00
  [sigreg+proto] epoch 4/5  sigreg=0.4516  proto=1.4717  min_dist=2.23  mean_dist=9.05
  [sigreg+proto] epoch 5/5  sigreg=0.4329  proto=1.1748  min_dist=2.30  mean_dist=9.11
  round 1: pool=185 purity=0.005 k-hat=4 anchors=4  margin=0.8433  mean-anchor=0.6848  46=0.685
  [sigreg+proto] epoch 1/5  sigreg=0.4192  proto=1.4839  min_dist=2.38  mean_dist=9.05
  [sigreg+proto] epoch 2/5  sigreg=0.4019  proto=1.1798  min_dist=2.46  mean_dist=9.11
  [sigreg+proto] epoch 3/5  sigreg=0.3966  proto=1.0019  min_dist=2.53  mean_dist=9.17
  [sigreg+proto] epoch 4/5  sigreg=0.3822  proto=0.7922  min_dist=2.60  mean_dist=9.23
  [sigreg+proto] epoch 5/5  sigreg=0.3795  proto=0.7048  min_dist=2.67  mean_dist=9.29
  round 2: pool=184 purity=0.000 k-hat=3 anchors=7  margin=0.8975  mean-anchor=0.8099  46=0.810
  [sigreg-ssl-ft] probe 0.9841 -> 0.9483  eucl 0.7465 -> 0.7060  mahaT 0.6563 -> 0.5272

----- natural discovery: nplm-bil-ft -----
  [sigreg+proto] epoch 1/5  sigreg=0.4767  proto=2.2580  min_dist=0.59  mean_dist=1.64
  [sigreg+proto] epoch 2/5  sigreg=0.5278  proto=1.3542  min_dist=0.66  mean_dist=1.71
  [sigreg+proto] epoch 3/5  sigreg=0.5580  proto=1.0141  min_dist=0.73  mean_dist=1.78
  [sigreg+proto] epoch 4/5  sigreg=0.4724  proto=0.8772  min_dist=0.79  mean_dist=1.84
  [sigreg+proto] epoch 5/5  sigreg=0.4185  proto=0.7464  min_dist=0.85  mean_dist=1.90
  round 1: pool=186 purity=0.011 k-hat=1 anchors=1  margin=0.5565  mean-anchor=0.5862  46=0.586
  [sigreg+proto] epoch 1/5  sigreg=0.4250  proto=2.0915  min_dist=0.92  mean_dist=2.79
  [sigreg+proto] epoch 2/5  sigreg=0.3985  proto=1.6116  min_dist=1.00  mean_dist=2.85
  [sigreg+proto] epoch 3/5  sigreg=0.4040  proto=1.1110  min_dist=1.07  mean_dist=2.92
  [sigreg+proto] epoch 4/5  sigreg=0.3857  proto=1.1711  min_dist=1.14  mean_dist=2.99
  [sigreg+proto] epoch 5/5  sigreg=0.3766  proto=0.9712  min_dist=1.19  mean_dist=3.05
  round 2: pool=184 purity=0.000 k-hat=4 anchors=5  margin=0.5119  mean-anchor=0.6034  46=0.603
  [nplm-bil-ft] probe 0.8972 -> 0.9553  eucl 0.5454 -> 0.8319  mahaT 0.4770 -> 0.7869

----- natural discovery: supcon-ft -----
  [sigreg+proto] epoch 1/5  sigreg=0.3868  proto=7.7722  min_dist=5.01  mean_dist=18.22
  [sigreg+proto] epoch 2/5  sigreg=0.4170  proto=3.2903  min_dist=5.04  mean_dist=18.21
  [sigreg+proto] epoch 3/5  sigreg=0.4340  proto=2.1824  min_dist=5.08  mean_dist=18.20
  [sigreg+proto] epoch 4/5  sigreg=0.4354  proto=2.5296  min_dist=5.12  mean_dist=18.20
  [sigreg+proto] epoch 5/5  sigreg=0.4285  proto=2.0230  min_dist=5.17  mean_dist=18.20
  round 1: pool=189 purity=0.026 k-hat=4 anchors=4  margin=0.8956  mean-anchor=0.8823  46=0.882
  [sigreg+proto] epoch 1/5  sigreg=0.4786  proto=3.6853  min_dist=3.51  mean_dist=18.10
  [sigreg+proto] epoch 2/5  sigreg=0.4632  proto=2.8149  min_dist=3.51  mean_dist=18.10
  [sigreg+proto] epoch 3/5  sigreg=0.4410  proto=3.1109  min_dist=3.53  mean_dist=18.11
  [sigreg+proto] epoch 4/5  sigreg=0.4584  proto=2.0579  min_dist=3.54  mean_dist=18.12
  [sigreg+proto] epoch 5/5  sigreg=0.4357  proto=2.2823  min_dist=3.54  mean_dist=18.12
  round 2: pool=187 purity=0.016 k-hat=4 anchors=8  margin=0.8870  mean-anchor=0.8903  46=0.890
  [supcon-ft] probe 0.8918 -> 0.9404  eucl 0.7769 -> 0.8225  mahaT 0.5428 -> 0.7656

----- natural discovery: ss-ft -----
  [sigreg+proto] epoch 1/5  sigreg=0.4106  proto=1.5085  min_dist=3.33  mean_dist=12.13
  [sigreg+proto] epoch 2/5  sigreg=0.4357  proto=0.7945  min_dist=3.41  mean_dist=12.18
  [sigreg+proto] epoch 3/5  sigreg=0.4121  proto=0.6578  min_dist=3.48  mean_dist=12.23
  [sigreg+proto] epoch 4/5  sigreg=0.3724  proto=0.7538  min_dist=3.56  mean_dist=12.29
  [sigreg+proto] epoch 5/5  sigreg=0.3665  proto=0.5725  min_dist=3.62  mean_dist=12.34
  round 1: pool=236 purity=0.220 k-hat=4 anchors=4  margin=0.8674  mean-anchor=0.9031  46=0.903
    merged 8 -> 7 anchors
  [sigreg+proto] epoch 1/5  sigreg=0.3566  proto=1.1450  min_dist=3.46  mean_dist=12.51
  [sigreg+proto] epoch 2/5  sigreg=0.3655  proto=1.5400  min_dist=3.50  mean_dist=12.56
  [sigreg+proto] epoch 3/5  sigreg=0.3687  proto=0.7880  min_dist=3.53  mean_dist=12.61
  [sigreg+proto] epoch 4/5  sigreg=0.3551  proto=0.9195  min_dist=3.55  mean_dist=12.66
  [sigreg+proto] epoch 5/5  sigreg=0.3549  proto=0.8871  min_dist=3.58  mean_dist=12.72
  round 2: pool=185 purity=0.005 k-hat=4 anchors=7  margin=0.9107  mean-anchor=0.9390  46=0.939
  [ss-ft] probe 0.7803 -> 0.7471  eucl 0.7967 -> 0.7071  mahaT 0.6461 -> 0.5820

----- natural discovery: nplm-sup-ft -----
  [sigreg+proto] epoch 1/5  sigreg=0.8183  proto=2.1096  min_dist=0.14  mean_dist=2.58
  [sigreg+proto] epoch 2/5  sigreg=0.7785  proto=1.9162  min_dist=0.19  mean_dist=2.62
  [sigreg+proto] epoch 3/5  sigreg=0.7592  proto=1.8345  min_dist=0.24  mean_dist=2.66
  [sigreg+proto] epoch 4/5  sigreg=0.7266  proto=1.8468  min_dist=0.28  mean_dist=2.70
  [sigreg+proto] epoch 5/5  sigreg=0.6920  proto=1.7308  min_dist=0.32  mean_dist=2.74
  round 1: pool=191 purity=0.037 k-hat=1 anchors=1  margin=0.7424  mean-anchor=0.7663  46=0.766
  [sigreg+proto] epoch 1/5  sigreg=0.6481  proto=2.0576  min_dist=0.39  mean_dist=3.41
  [sigreg+proto] epoch 2/5  sigreg=0.6308  proto=1.9984  min_dist=0.46  mean_dist=3.46
  [sigreg+proto] epoch 3/5  sigreg=0.6018  proto=1.8174  min_dist=0.53  mean_dist=3.52
  [sigreg+proto] epoch 4/5  sigreg=0.5784  proto=1.7269  min_dist=0.58  mean_dist=3.57
  [sigreg+proto] epoch 5/5  sigreg=0.5501  proto=1.6624  min_dist=0.63  mean_dist=3.62
  round 2: pool=184 purity=0.000 k-hat=4 anchors=5  margin=0.7548  mean-anchor=0.8171  46=0.817
  [nplm-sup-ft] probe 0.7217 -> 0.8670  eucl 0.6250 -> 0.3991  mahaT 0.5872 -> 0.5106

===== POST grid, f=0.003 (11 injected) =====
  [sigreg+proto] epoch 1/5  sigreg=0.3278  proto=12.5489  min_dist=4.14  mean_dist=15.14
  [sigreg+proto] epoch 2/5  sigreg=0.3475  proto=9.4956  min_dist=4.11  mean_dist=15.13
  [sigreg+proto] epoch 3/5  sigreg=0.3734  proto=6.6081  min_dist=4.10  mean_dist=15.12
  [sigreg+proto] epoch 4/5  sigreg=0.3873  proto=5.0988  min_dist=4.09  mean_dist=15.12
  [sigreg+proto] epoch 5/5  sigreg=0.4226  proto=3.6640  min_dist=4.10  mean_dist=15.12
  round 1: pool=184 purity=0.000 k-hat=3 anchors=3  margin=0.7268  mean-anchor=0.5035  46=0.503
  [sigreg+proto] epoch 1/5  sigreg=0.4092  proto=5.3039  min_dist=4.14  mean_dist=15.07
  [sigreg+proto] epoch 2/5  sigreg=0.4052  proto=3.2833  min_dist=4.19  mean_dist=15.08
  [sigreg+proto] epoch 3/5  sigreg=0.3959  proto=2.9711  min_dist=4.23  mean_dist=15.09
  [sigreg+proto] epoch 4/5  sigreg=0.4110  proto=2.2829  min_dist=4.26  mean_dist=15.10
  [sigreg+proto] epoch 5/5  sigreg=0.3983  proto=1.7983  min_dist=4.30  mean_dist=15.11
  round 2: pool=185 purity=0.005 k-hat=4 anchors=7  margin=0.8877  mean-anchor=0.7201  46=0.720
  [simclr-ft] post f=0.003: probe=0.9537 eucl=0.6597 mahaT=0.5547
  [simclr-ft] per-event post f=0.003: power=0.325
  [simclr-ft] sparker (post, annealed)
    post-spk f=0.003: power=0.020 [0.003,0.064] (1/50)
  [simclr-ft] maha (post)
    post-maha f=0.003: power=0.120 [0.074,0.184] (6/50)
  [simclr-ft] mmd (post)
    post-mmd f=0.003: power=0.020 [0.003,0.064] (1/50)
  [sigreg+proto] epoch 1/5  sigreg=0.2987  proto=4.4508  min_dist=1.98  mean_dist=8.90
  [sigreg+proto] epoch 2/5  sigreg=0.4202  proto=2.7212  min_dist=2.07  mean_dist=8.95
  [sigreg+proto] epoch 3/5  sigreg=0.4665  proto=1.7881  min_dist=2.15  mean_dist=9.00
  [sigreg+proto] epoch 4/5  sigreg=0.4769  proto=1.4494  min_dist=2.23  mean_dist=9.06
  [sigreg+proto] epoch 5/5  sigreg=0.4582  proto=1.1795  min_dist=2.30  mean_dist=9.11
  round 1: pool=184 purity=0.000 k-hat=4 anchors=4  margin=0.8125  mean-anchor=0.8356  46=0.836
  [sigreg+proto] epoch 1/5  sigreg=0.4147  proto=1.4679  min_dist=2.38  mean_dist=9.01
  [sigreg+proto] epoch 2/5  sigreg=0.3816  proto=1.2422  min_dist=2.46  mean_dist=9.07
  [sigreg+proto] epoch 3/5  sigreg=0.4032  proto=0.9417  min_dist=2.54  mean_dist=9.13
  [sigreg+proto] epoch 4/5  sigreg=0.3811  proto=0.8542  min_dist=2.61  mean_dist=9.19
  [sigreg+proto] epoch 5/5  sigreg=0.3683  proto=0.7462  min_dist=2.68  mean_dist=9.25
  round 2: pool=184 purity=0.000 k-hat=4 anchors=8  margin=0.8235  mean-anchor=0.6996  46=0.700
  [sigreg-ssl-ft] post f=0.003: probe=0.9348 eucl=0.7313 mahaT=0.6850
  [sigreg-ssl-ft] per-event post f=0.003: power=0.200
  [sigreg-ssl-ft] sparker (post, annealed)
    post-spk f=0.003: power=0.040 [0.014,0.090] (2/50)
  [sigreg-ssl-ft] maha (post)
    post-maha f=0.003: power=0.020 [0.003,0.064] (1/50)
  [sigreg-ssl-ft] mmd (post)
    post-mmd f=0.003: power=0.040 [0.014,0.090] (2/50)
  [sigreg+proto] epoch 1/5  sigreg=0.4806  proto=2.1988  min_dist=0.59  mean_dist=1.64
  [sigreg+proto] epoch 2/5  sigreg=0.5441  proto=1.2270  min_dist=0.66  mean_dist=1.71
  [sigreg+proto] epoch 3/5  sigreg=0.5477  proto=1.1110  min_dist=0.73  mean_dist=1.78
  [sigreg+proto] epoch 4/5  sigreg=0.4781  proto=0.8801  min_dist=0.79  mean_dist=1.84
  [sigreg+proto] epoch 5/5  sigreg=0.4284  proto=0.7380  min_dist=0.85  mean_dist=1.90
  round 1: pool=185 purity=0.005 k-hat=1 anchors=1  margin=0.5949  mean-anchor=0.5040  46=0.504
  [sigreg+proto] epoch 1/5  sigreg=0.4490  proto=2.0169  min_dist=0.92  mean_dist=2.76
  [sigreg+proto] epoch 2/5  sigreg=0.3935  proto=1.3625  min_dist=1.00  mean_dist=2.83
  [sigreg+proto] epoch 3/5  sigreg=0.3819  proto=1.1774  min_dist=1.07  mean_dist=2.89
  [sigreg+proto] epoch 4/5  sigreg=0.3813  proto=1.0885  min_dist=1.14  mean_dist=2.96
  [sigreg+proto] epoch 5/5  sigreg=0.3769  proto=0.8743  min_dist=1.19  mean_dist=3.02
  round 2: pool=184 purity=0.000 k-hat=4 anchors=5  margin=0.5610  mean-anchor=0.5828  46=0.583
  [nplm-bil-ft] post f=0.003: probe=0.9574 eucl=0.8040 mahaT=0.7344
  [nplm-bil-ft] per-event post f=0.003: power=0.000
  [nplm-bil-ft] sparker (post, annealed)
    post-spk f=0.003: power=0.140 [0.090,0.207] (7/50)
  [nplm-bil-ft] maha (post)
    post-maha f=0.003: power=0.060 [0.028,0.115] (3/50)
  [nplm-bil-ft] mmd (post)
    post-mmd f=0.003: power=0.020 [0.003,0.064] (1/50)
  [sigreg+proto] epoch 1/5  sigreg=0.3977  proto=6.9796  min_dist=5.00  mean_dist=17.91
  [sigreg+proto] epoch 2/5  sigreg=0.5096  proto=4.3376  min_dist=5.02  mean_dist=17.91
  [sigreg+proto] epoch 3/5  sigreg=0.4905  proto=3.6883  min_dist=5.04  mean_dist=17.90
  [sigreg+proto] epoch 4/5  sigreg=0.4859  proto=2.4836  min_dist=5.06  mean_dist=17.90
  [sigreg+proto] epoch 5/5  sigreg=0.4475  proto=1.6541  min_dist=5.08  mean_dist=17.90
  round 1: pool=185 purity=0.005 k-hat=4 anchors=4  margin=0.8529  mean-anchor=0.8442  46=0.844
  [sigreg+proto] epoch 1/5  sigreg=0.5261  proto=4.2982  min_dist=3.04  mean_dist=18.05
  [sigreg+proto] epoch 2/5  sigreg=0.5404  proto=2.8643  min_dist=3.05  mean_dist=18.06
  [sigreg+proto] epoch 3/5  sigreg=0.5107  proto=2.4383  min_dist=3.05  mean_dist=18.06
  [sigreg+proto] epoch 4/5  sigreg=0.4856  proto=2.0660  min_dist=3.05  mean_dist=18.07
  [sigreg+proto] epoch 5/5  sigreg=0.4708  proto=2.0557  min_dist=3.04  mean_dist=18.08
  round 2: pool=184 purity=0.000 k-hat=4 anchors=8  margin=0.8626  mean-anchor=0.8715  46=0.871
  [supcon-ft] post f=0.003: probe=0.9087 eucl=0.7360 mahaT=0.5636
  [supcon-ft] per-event post f=0.003: power=0.200
  [supcon-ft] sparker (post, annealed)
    post-spk f=0.003: power=0.040 [0.014,0.090] (2/50)
  [supcon-ft] maha (post)
    post-maha f=0.003: power=0.060 [0.028,0.115] (3/50)
  [supcon-ft] mmd (post)
    post-mmd f=0.003: power=0.120 [0.074,0.184] (6/50)
  [sigreg+proto] epoch 1/5  sigreg=0.3953  proto=1.3015  min_dist=2.27  mean_dist=12.06
  [sigreg+proto] epoch 2/5  sigreg=0.4064  proto=1.2135  min_dist=2.35  mean_dist=12.11
  [sigreg+proto] epoch 3/5  sigreg=0.4280  proto=0.6856  min_dist=2.44  mean_dist=12.17
  [sigreg+proto] epoch 4/5  sigreg=0.4119  proto=0.6155  min_dist=2.52  mean_dist=12.22
  [sigreg+proto] epoch 5/5  sigreg=0.3839  proto=0.4812  min_dist=2.60  mean_dist=12.28
  round 1: pool=190 purity=0.032 k-hat=4 anchors=4  margin=0.8586  mean-anchor=0.8658  46=0.866
    merged 8 -> 7 anchors
  [sigreg+proto] epoch 1/5  sigreg=0.3635  proto=1.3499  min_dist=2.68  mean_dist=12.35
  [sigreg+proto] epoch 2/5  sigreg=0.3724  proto=1.1400  min_dist=2.77  mean_dist=12.40
  [sigreg+proto] epoch 3/5  sigreg=0.3647  proto=0.8976  min_dist=2.85  mean_dist=12.46
  [sigreg+proto] epoch 4/5  sigreg=0.3649  proto=0.7490  min_dist=2.93  mean_dist=12.51
  [sigreg+proto] epoch 5/5  sigreg=0.3362  proto=0.7821  min_dist=3.01  mean_dist=12.56
  round 2: pool=184 purity=0.000 k-hat=4 anchors=7  margin=0.8632  mean-anchor=0.8889  46=0.889
  [ss-ft] post f=0.003: probe=0.8056 eucl=0.7650 mahaT=0.6355
  [ss-ft] per-event post f=0.003: power=0.450
  [ss-ft] sparker (post, annealed)
    post-spk f=0.003: power=0.040 [0.014,0.090] (2/50)
  [ss-ft] maha (post)
    post-maha f=0.003: power=0.060 [0.028,0.115] (3/50)
  [ss-ft] mmd (post)
    post-mmd f=0.003: power=0.080 [0.042,0.138] (4/50)
  [sigreg+proto] epoch 1/5  sigreg=0.8192  proto=2.0681  min_dist=0.14  mean_dist=2.58
  [sigreg+proto] epoch 2/5  sigreg=0.7819  proto=1.8327  min_dist=0.19  mean_dist=2.62
  [sigreg+proto] epoch 3/5  sigreg=0.7523  proto=1.9663  min_dist=0.24  mean_dist=2.66
  [sigreg+proto] epoch 4/5  sigreg=0.7332  proto=1.8679  min_dist=0.28  mean_dist=2.70
  [sigreg+proto] epoch 5/5  sigreg=0.6967  proto=1.7072  min_dist=0.31  mean_dist=2.74
  round 1: pool=184 purity=0.000 k-hat=1 anchors=1  margin=0.6410  mean-anchor=0.6590  46=0.659
  [sigreg+proto] epoch 1/5  sigreg=0.6432  proto=2.2387  min_dist=0.39  mean_dist=3.37
  [sigreg+proto] epoch 2/5  sigreg=0.6322  proto=1.9333  min_dist=0.46  mean_dist=3.43
  [sigreg+proto] epoch 3/5  sigreg=0.6082  proto=1.8632  min_dist=0.53  mean_dist=3.48
  [sigreg+proto] epoch 4/5  sigreg=0.5856  proto=1.7333  min_dist=0.58  mean_dist=3.54
  [sigreg+proto] epoch 5/5  sigreg=0.5676  proto=1.6151  min_dist=0.63  mean_dist=3.59
  round 2: pool=184 purity=0.000 k-hat=4 anchors=5  margin=0.4954  mean-anchor=0.7752  46=0.775
  [nplm-sup-ft] post f=0.003: probe=0.7983 eucl=0.5217 mahaT=0.5040
  [nplm-sup-ft] per-event post f=0.003: power=0.025
  [nplm-sup-ft] sparker (post, annealed)
    post-spk f=0.003: power=0.020 [0.003,0.064] (1/50)
  [nplm-sup-ft] maha (post)
    post-maha f=0.003: power=0.020 [0.003,0.064] (1/50)
  [nplm-sup-ft] mmd (post)
    post-mmd f=0.003: power=0.060 [0.028,0.115] (3/50)

===== POST grid, f=0.01 (37 injected) =====
  [sigreg+proto] epoch 1/5  sigreg=0.3177  proto=12.8619  min_dist=4.10  mean_dist=15.14
  [sigreg+proto] epoch 2/5  sigreg=0.3783  proto=8.7026  min_dist=4.08  mean_dist=15.14
  [sigreg+proto] epoch 3/5  sigreg=0.3970  proto=6.7217  min_dist=4.08  mean_dist=15.13
  [sigreg+proto] epoch 4/5  sigreg=0.4047  proto=4.4785  min_dist=4.09  mean_dist=15.13
  [sigreg+proto] epoch 5/5  sigreg=0.4155  proto=3.8027  min_dist=4.11  mean_dist=15.12
  round 1: pool=184 purity=0.000 k-hat=3 anchors=3  margin=0.6954  mean-anchor=0.4953  46=0.495
  [sigreg+proto] epoch 1/5  sigreg=0.3979  proto=4.7638  min_dist=4.18  mean_dist=15.13
  [sigreg+proto] epoch 2/5  sigreg=0.3928  proto=3.4368  min_dist=4.22  mean_dist=15.14
  [sigreg+proto] epoch 3/5  sigreg=0.3944  proto=3.2200  min_dist=4.26  mean_dist=15.14
  [sigreg+proto] epoch 4/5  sigreg=0.4065  proto=3.1337  min_dist=4.30  mean_dist=15.15
  [sigreg+proto] epoch 5/5  sigreg=0.4044  proto=2.0376  min_dist=4.34  mean_dist=15.17
  round 2: pool=186 purity=0.011 k-hat=4 anchors=7  margin=0.8576  mean-anchor=0.6423  46=0.642
  [simclr-ft] post f=0.01: probe=0.9451 eucl=0.6640 mahaT=0.5720
  [simclr-ft] per-event post f=0.01: power=0.100
  [simclr-ft] sparker (post, annealed)
    post-spk f=0.01: power=0.200 [0.141,0.273] (10/50)
  [simclr-ft] maha (post)
    post-maha f=0.01: power=0.040 [0.014,0.090] (2/50)
  [simclr-ft] mmd (post)
    post-mmd f=0.01: power=0.060 [0.028,0.115] (3/50)
  [sigreg+proto] epoch 1/5  sigreg=0.3071  proto=4.2409  min_dist=1.98  mean_dist=8.97
  [sigreg+proto] epoch 2/5  sigreg=0.4251  proto=2.7434  min_dist=2.07  mean_dist=9.02
  [sigreg+proto] epoch 3/5  sigreg=0.4538  proto=1.9854  min_dist=2.15  mean_dist=9.07
  [sigreg+proto] epoch 4/5  sigreg=0.4572  proto=1.3795  min_dist=2.23  mean_dist=9.13
  [sigreg+proto] epoch 5/5  sigreg=0.4471  proto=1.0482  min_dist=2.30  mean_dist=9.18
  round 1: pool=185 purity=0.005 k-hat=4 anchors=4  margin=0.8585  mean-anchor=0.7553  46=0.755
  [sigreg+proto] epoch 1/5  sigreg=0.4117  proto=1.7432  min_dist=2.39  mean_dist=9.09
  [sigreg+proto] epoch 2/5  sigreg=0.4084  proto=1.2515  min_dist=2.47  mean_dist=9.15
  [sigreg+proto] epoch 3/5  sigreg=0.3991  proto=1.1119  min_dist=2.54  mean_dist=9.21
  [sigreg+proto] epoch 4/5  sigreg=0.3876  proto=0.8320  min_dist=2.61  mean_dist=9.27
  [sigreg+proto] epoch 5/5  sigreg=0.3761  proto=0.8088  min_dist=2.68  mean_dist=9.33
  round 2: pool=184 purity=0.000 k-hat=4 anchors=8  margin=0.8678  mean-anchor=0.7632  46=0.763
  [sigreg-ssl-ft] post f=0.01: probe=0.9601 eucl=0.7302 mahaT=0.6219
  [sigreg-ssl-ft] per-event post f=0.01: power=0.275
  [sigreg-ssl-ft] sparker (post, annealed)
    post-spk f=0.01: power=0.080 [0.042,0.138] (4/50)
  [sigreg-ssl-ft] maha (post)
    post-maha f=0.01: power=0.080 [0.042,0.138] (4/50)
  [sigreg-ssl-ft] mmd (post)
    post-mmd f=0.01: power=0.020 [0.003,0.064] (1/50)
  [sigreg+proto] epoch 1/5  sigreg=0.4843  proto=2.1809  min_dist=0.59  mean_dist=1.64
  [sigreg+proto] epoch 2/5  sigreg=0.5027  proto=1.4579  min_dist=0.66  mean_dist=1.71
  [sigreg+proto] epoch 3/5  sigreg=0.5832  proto=1.0035  min_dist=0.73  mean_dist=1.78
  [sigreg+proto] epoch 4/5  sigreg=0.4956  proto=0.8588  min_dist=0.79  mean_dist=1.84
  [sigreg+proto] epoch 5/5  sigreg=0.4407  proto=0.7663  min_dist=0.85  mean_dist=1.90
  round 1: pool=184 purity=0.000 k-hat=1 anchors=1  margin=0.5532  mean-anchor=0.5139  46=0.514
  [sigreg+proto] epoch 1/5  sigreg=0.4185  proto=1.6623  min_dist=0.92  mean_dist=2.76
  [sigreg+proto] epoch 2/5  sigreg=0.3940  proto=1.5247  min_dist=1.00  mean_dist=2.83
  [sigreg+proto] epoch 3/5  sigreg=0.3890  proto=1.2289  min_dist=1.07  mean_dist=2.90
  [sigreg+proto] epoch 4/5  sigreg=0.3902  proto=0.8956  min_dist=1.14  mean_dist=2.96
  [sigreg+proto] epoch 5/5  sigreg=0.3790  proto=0.8999  min_dist=1.19  mean_dist=3.03
  round 2: pool=184 purity=0.000 k-hat=4 anchors=5  margin=0.5185  mean-anchor=0.6281  46=0.628
  [nplm-bil-ft] post f=0.01: probe=0.9627 eucl=0.6986 mahaT=0.7230
  [nplm-bil-ft] per-event post f=0.01: power=0.000
  [nplm-bil-ft] sparker (post, annealed)
    post-spk f=0.01: power=0.120 [0.074,0.184] (6/50)
  [nplm-bil-ft] maha (post)
    post-maha f=0.01: power=0.160 [0.107,0.229] (8/50)
  [nplm-bil-ft] mmd (post)
    post-mmd f=0.01: power=0.080 [0.042,0.138] (4/50)
  [sigreg+proto] epoch 1/5  sigreg=0.3661  proto=5.2093  min_dist=5.05  mean_dist=18.91
  [sigreg+proto] epoch 2/5  sigreg=0.3963  proto=4.8589  min_dist=5.08  mean_dist=18.90
  [sigreg+proto] epoch 3/5  sigreg=0.4011  proto=1.9798  min_dist=5.11  mean_dist=18.90
  [sigreg+proto] epoch 4/5  sigreg=0.3762  proto=1.8336  min_dist=5.13  mean_dist=18.89
  [sigreg+proto] epoch 5/5  sigreg=0.3657  proto=2.1266  min_dist=5.16  mean_dist=18.90
  round 1: pool=187 purity=0.016 k-hat=4 anchors=4  margin=0.9155  mean-anchor=0.9071  46=0.907
  [sigreg+proto] epoch 1/5  sigreg=0.4165  proto=4.1944  min_dist=4.70  mean_dist=18.57
  [sigreg+proto] epoch 2/5  sigreg=0.4294  proto=3.1960  min_dist=4.72  mean_dist=18.57
  [sigreg+proto] epoch 3/5  sigreg=0.4468  proto=2.9572  min_dist=4.72  mean_dist=18.57
  [sigreg+proto] epoch 4/5  sigreg=0.4068  proto=3.0412  min_dist=4.74  mean_dist=18.58
  [sigreg+proto] epoch 5/5  sigreg=0.3836  proto=2.1373  min_dist=4.75  mean_dist=18.58
  round 2: pool=184 purity=0.000 k-hat=4 anchors=8  margin=0.8995  mean-anchor=0.9093  46=0.909
  [supcon-ft] post f=0.01: probe=0.9165 eucl=0.8180 mahaT=0.6415
  [supcon-ft] per-event post f=0.01: power=0.525
  [supcon-ft] sparker (post, annealed)
    post-spk f=0.01: power=0.140 [0.090,0.207] (7/50)
  [supcon-ft] maha (post)
    post-maha f=0.01: power=0.100 [0.058,0.162] (5/50)
  [supcon-ft] mmd (post)
    post-mmd f=0.01: power=0.100 [0.058,0.162] (5/50)
  [sigreg+proto] epoch 1/5  sigreg=0.4213  proto=1.5208  min_dist=3.34  mean_dist=12.00
  [sigreg+proto] epoch 2/5  sigreg=0.4458  proto=0.9828  min_dist=3.41  mean_dist=12.05
  [sigreg+proto] epoch 3/5  sigreg=0.4180  proto=0.9237  min_dist=3.48  mean_dist=12.11
  [sigreg+proto] epoch 4/5  sigreg=0.3908  proto=0.7317  min_dist=3.55  mean_dist=12.16
  [sigreg+proto] epoch 5/5  sigreg=0.3817  proto=0.4644  min_dist=3.62  mean_dist=12.22
  round 1: pool=208 purity=0.115 k-hat=4 anchors=4  margin=0.8788  mean-anchor=0.8972  46=0.897
  [sigreg+proto] epoch 1/5  sigreg=0.3683  proto=1.8282  min_dist=3.13  mean_dist=12.11
  [sigreg+proto] epoch 2/5  sigreg=0.4166  proto=1.1864  min_dist=3.15  mean_dist=12.16
  [sigreg+proto] epoch 3/5  sigreg=0.3981  proto=1.3377  min_dist=3.17  mean_dist=12.21
  [sigreg+proto] epoch 4/5  sigreg=0.3714  proto=0.6965  min_dist=3.20  mean_dist=12.26
  [sigreg+proto] epoch 5/5  sigreg=0.3533  proto=0.8724  min_dist=3.23  mean_dist=12.31
  round 2: pool=186 purity=0.011 k-hat=4 anchors=8  margin=0.8191  mean-anchor=0.8818  46=0.882
  [ss-ft] post f=0.01: probe=0.8069 eucl=0.8097 mahaT=0.6671
  [ss-ft] per-event post f=0.01: power=0.275
  [ss-ft] sparker (post, annealed)
    post-spk f=0.01: power=0.120 [0.074,0.184] (6/50)
  [ss-ft] maha (post)
    post-maha f=0.01: power=0.120 [0.074,0.184] (6/50)
  [ss-ft] mmd (post)
    post-mmd f=0.01: power=0.080 [0.042,0.138] (4/50)
  [sigreg+proto] epoch 1/5  sigreg=0.8174  proto=2.0116  min_dist=0.14  mean_dist=2.58
  [sigreg+proto] epoch 2/5  sigreg=0.7701  proto=1.9958  min_dist=0.19  mean_dist=2.62
  [sigreg+proto] epoch 3/5  sigreg=0.7605  proto=1.8335  min_dist=0.24  mean_dist=2.66
  [sigreg+proto] epoch 4/5  sigreg=0.7375  proto=1.7889  min_dist=0.28  mean_dist=2.70
  [sigreg+proto] epoch 5/5  sigreg=0.6905  proto=1.6617  min_dist=0.32  mean_dist=2.74
  round 1: pool=188 purity=0.021 k-hat=1 anchors=1  margin=0.6524  mean-anchor=0.7414  46=0.741
  [sigreg+proto] epoch 1/5  sigreg=0.6312  proto=1.9075  min_dist=0.39  mean_dist=3.24
  [sigreg+proto] epoch 2/5  sigreg=0.6109  proto=1.8250  min_dist=0.46  mean_dist=3.30
  [sigreg+proto] epoch 3/5  sigreg=0.5764  proto=1.7864  min_dist=0.53  mean_dist=3.35
  [sigreg+proto] epoch 4/5  sigreg=0.5409  proto=1.8112  min_dist=0.58  mean_dist=3.41
  [sigreg+proto] epoch 5/5  sigreg=0.5199  proto=1.5917  min_dist=0.63  mean_dist=3.46
  round 2: pool=184 purity=0.000 k-hat=3 anchors=4  margin=0.6488  mean-anchor=0.8605  46=0.861
  [nplm-sup-ft] post f=0.01: probe=0.8843 eucl=0.5206 mahaT=0.5062
  [nplm-sup-ft] per-event post f=0.01: power=0.050
  [nplm-sup-ft] sparker (post, annealed)
    post-spk f=0.01: power=0.080 [0.042,0.138] (4/50)
  [nplm-sup-ft] maha (post)
    post-maha f=0.01: power=0.060 [0.028,0.115] (3/50)
  [nplm-sup-ft] mmd (post)
    post-mmd f=0.01: power=0.100 [0.058,0.162] (5/50)

===== POST grid, f=0.02 (75 injected) =====
  [sigreg+proto] epoch 1/5  sigreg=0.3206  proto=12.7155  min_dist=4.17  mean_dist=15.14
  [sigreg+proto] epoch 2/5  sigreg=0.3380  proto=7.5391  min_dist=4.19  mean_dist=15.13
  [sigreg+proto] epoch 3/5  sigreg=0.3696  proto=5.8997  min_dist=4.19  mean_dist=15.12
  [sigreg+proto] epoch 4/5  sigreg=0.3722  proto=4.3383  min_dist=4.20  mean_dist=15.12
  [sigreg+proto] epoch 5/5  sigreg=0.4179  proto=3.7986  min_dist=4.21  mean_dist=15.12
  round 1: pool=184 purity=0.000 k-hat=3 anchors=3  margin=0.6980  mean-anchor=0.4831  46=0.483
  [sigreg+proto] epoch 1/5  sigreg=0.4374  proto=4.4080  min_dist=4.24  mean_dist=15.76
  [sigreg+proto] epoch 2/5  sigreg=0.4234  proto=3.9893  min_dist=4.29  mean_dist=15.77
  [sigreg+proto] epoch 3/5  sigreg=0.4223  proto=2.5466  min_dist=4.31  mean_dist=15.78
  [sigreg+proto] epoch 4/5  sigreg=0.4185  proto=2.3121  min_dist=4.34  mean_dist=15.79
  [sigreg+proto] epoch 5/5  sigreg=0.3988  proto=2.2291  min_dist=4.38  mean_dist=15.80
  round 2: pool=189 purity=0.026 k-hat=4 anchors=7  margin=0.8080  mean-anchor=0.6378  46=0.638
  [simclr-ft] post f=0.02: probe=0.9362 eucl=0.6595 mahaT=0.5806
  [simclr-ft] per-event post f=0.02: power=0.025
  [simclr-ft] sparker (post, annealed)
    post-spk f=0.02: power=0.720 [0.643,0.787] (36/50)
  [simclr-ft] maha (post)
    post-maha f=0.02: power=0.120 [0.074,0.184] (6/50)
  [simclr-ft] mmd (post)
    post-mmd f=0.02: power=0.220 [0.159,0.294] (11/50)
  [sigreg+proto] epoch 1/5  sigreg=0.2966  proto=3.9520  min_dist=1.99  mean_dist=8.97
  [sigreg+proto] epoch 2/5  sigreg=0.4080  proto=2.5452  min_dist=2.07  mean_dist=9.02
  [sigreg+proto] epoch 3/5  sigreg=0.4546  proto=1.9788  min_dist=2.15  mean_dist=9.07
  [sigreg+proto] epoch 4/5  sigreg=0.4695  proto=1.3822  min_dist=2.23  mean_dist=9.13
  [sigreg+proto] epoch 5/5  sigreg=0.4666  proto=1.1884  min_dist=2.31  mean_dist=9.18
  round 1: pool=185 purity=0.005 k-hat=4 anchors=4  margin=0.8114  mean-anchor=0.6830  46=0.683
  [sigreg+proto] epoch 1/5  sigreg=0.4164  proto=1.5610  min_dist=2.39  mean_dist=9.11
  [sigreg+proto] epoch 2/5  sigreg=0.3966  proto=1.3439  min_dist=2.47  mean_dist=9.17
  [sigreg+proto] epoch 3/5  sigreg=0.4016  proto=1.1041  min_dist=2.54  mean_dist=9.23
  [sigreg+proto] epoch 4/5  sigreg=0.3918  proto=0.8609  min_dist=2.62  mean_dist=9.29
  [sigreg+proto] epoch 5/5  sigreg=0.3784  proto=0.7591  min_dist=2.69  mean_dist=9.35
  round 2: pool=184 purity=0.000 k-hat=4 anchors=8  margin=0.8860  mean-anchor=0.7667  46=0.767
  [sigreg-ssl-ft] post f=0.02: probe=0.9387 eucl=0.7549 mahaT=0.6338
  [sigreg-ssl-ft] per-event post f=0.02: power=0.350
  [sigreg-ssl-ft] sparker (post, annealed)
    post-spk f=0.02: power=0.680 [0.601,0.751] (34/50)
  [sigreg-ssl-ft] maha (post)
    post-maha f=0.02: power=0.120 [0.074,0.184] (6/50)
  [sigreg-ssl-ft] mmd (post)
    post-mmd f=0.02: power=0.280 [0.213,0.357] (14/50)
  [sigreg+proto] epoch 1/5  sigreg=0.4736  proto=2.2677  min_dist=0.59  mean_dist=1.64
  [sigreg+proto] epoch 2/5  sigreg=0.5295  proto=1.4388  min_dist=0.66  mean_dist=1.71
  [sigreg+proto] epoch 3/5  sigreg=0.5435  proto=1.0204  min_dist=0.73  mean_dist=1.78
  [sigreg+proto] epoch 4/5  sigreg=0.4916  proto=0.8127  min_dist=0.79  mean_dist=1.84
  [sigreg+proto] epoch 5/5  sigreg=0.4528  proto=0.7531  min_dist=0.85  mean_dist=1.90
  round 1: pool=186 purity=0.011 k-hat=1 anchors=1  margin=0.6248  mean-anchor=0.6436  46=0.644
  [sigreg+proto] epoch 1/5  sigreg=0.4736  proto=2.4236  min_dist=0.92  mean_dist=2.75
  [sigreg+proto] epoch 2/5  sigreg=0.4079  proto=1.5199  min_dist=1.00  mean_dist=2.82
  [sigreg+proto] epoch 3/5  sigreg=0.4082  proto=1.2640  min_dist=1.07  mean_dist=2.88
  [sigreg+proto] epoch 4/5  sigreg=0.3902  proto=1.0025  min_dist=1.14  mean_dist=2.95
  [sigreg+proto] epoch 5/5  sigreg=0.3900  proto=0.9346  min_dist=1.19  mean_dist=3.02
  round 2: pool=184 purity=0.000 k-hat=4 anchors=5  margin=0.6212  mean-anchor=0.6165  46=0.616
  [nplm-bil-ft] post f=0.02: probe=0.9358 eucl=0.7476 mahaT=0.7034
  [nplm-bil-ft] per-event post f=0.02: power=0.025
  [nplm-bil-ft] sparker (post, annealed)
    post-spk f=0.02: power=0.760 [0.685,0.823] (38/50)
  [nplm-bil-ft] maha (post)
    post-maha f=0.02: power=0.260 [0.194,0.336] (13/50)
  [nplm-bil-ft] mmd (post)
    post-mmd f=0.02: power=0.460 [0.382,0.540] (23/50)
  [sigreg+proto] epoch 1/5  sigreg=0.4063  proto=7.8900  min_dist=5.04  mean_dist=18.56
  [sigreg+proto] epoch 2/5  sigreg=0.4589  proto=3.4531  min_dist=5.06  mean_dist=18.56
  [sigreg+proto] epoch 3/5  sigreg=0.4233  proto=2.4732  min_dist=5.09  mean_dist=18.55
  [sigreg+proto] epoch 4/5  sigreg=0.3928  proto=1.2100  min_dist=5.13  mean_dist=18.55
  [sigreg+proto] epoch 5/5  sigreg=0.3836  proto=1.4159  min_dist=5.17  mean_dist=18.56
  round 1: pool=189 purity=0.026 k-hat=4 anchors=4  margin=0.9042  mean-anchor=0.8992  46=0.899
  [sigreg+proto] epoch 1/5  sigreg=0.4616  proto=4.0453  min_dist=3.96  mean_dist=18.47
  [sigreg+proto] epoch 2/5  sigreg=0.4757  proto=3.0818  min_dist=3.99  mean_dist=18.47
  [sigreg+proto] epoch 3/5  sigreg=0.4554  proto=2.3459  min_dist=4.01  mean_dist=18.47
  [sigreg+proto] epoch 4/5  sigreg=0.4494  proto=2.3514  min_dist=4.03  mean_dist=18.47
  [sigreg+proto] epoch 5/5  sigreg=0.4554  proto=1.7384  min_dist=4.05  mean_dist=18.48
  round 2: pool=186 purity=0.011 k-hat=4 anchors=8  margin=0.8614  mean-anchor=0.8714  46=0.871
  [supcon-ft] post f=0.02: probe=0.9582 eucl=0.7964 mahaT=0.7376
  [supcon-ft] per-event post f=0.02: power=0.250
  [supcon-ft] sparker (post, annealed)
    post-spk f=0.02: power=0.260 [0.194,0.336] (13/50)
  [supcon-ft] maha (post)
    post-maha f=0.02: power=0.240 [0.177,0.315] (12/50)
  [supcon-ft] mmd (post)
    post-mmd f=0.02: power=0.480 [0.401,0.560] (24/50)
  [sigreg+proto] epoch 1/5  sigreg=0.4158  proto=1.7193  min_dist=3.34  mean_dist=12.00
  [sigreg+proto] epoch 2/5  sigreg=0.4517  proto=0.7510  min_dist=3.40  mean_dist=12.05
  [sigreg+proto] epoch 3/5  sigreg=0.4105  proto=0.7641  min_dist=3.47  mean_dist=12.10
  [sigreg+proto] epoch 4/5  sigreg=0.3861  proto=0.5030  min_dist=3.52  mean_dist=12.16
  [sigreg+proto] epoch 5/5  sigreg=0.3569  proto=0.7957  min_dist=3.58  mean_dist=12.22
  round 1: pool=232 purity=0.207 k-hat=4 anchors=4  margin=0.8956  mean-anchor=0.9271  46=0.927
  [sigreg+proto] epoch 1/5  sigreg=0.3760  proto=2.3095  min_dist=3.64  mean_dist=12.22
  [sigreg+proto] epoch 2/5  sigreg=0.4172  proto=1.3497  min_dist=3.70  mean_dist=12.26
  [sigreg+proto] epoch 3/5  sigreg=0.4134  proto=1.0903  min_dist=3.75  mean_dist=12.31
  [sigreg+proto] epoch 4/5  sigreg=0.3860  proto=1.1440  min_dist=3.80  mean_dist=12.36
  [sigreg+proto] epoch 5/5  sigreg=0.3624  proto=0.7773  min_dist=3.86  mean_dist=12.41
  round 2: pool=184 purity=0.000 k-hat=4 anchors=8  margin=0.8977  mean-anchor=0.9374  46=0.937
  [ss-ft] post f=0.02: probe=0.7912 eucl=0.7780 mahaT=0.6701
  [ss-ft] per-event post f=0.02: power=0.575
  [ss-ft] sparker (post, annealed)
    post-spk f=0.02: power=0.460 [0.382,0.540] (23/50)
  [ss-ft] maha (post)
    post-maha f=0.02: power=0.140 [0.090,0.207] (7/50)
  [ss-ft] mmd (post)
    post-mmd f=0.02: power=0.560 [0.480,0.638] (28/50)
  [sigreg+proto] epoch 1/5  sigreg=0.8192  proto=2.0859  min_dist=0.14  mean_dist=2.58
  [sigreg+proto] epoch 2/5  sigreg=0.7655  proto=1.9971  min_dist=0.19  mean_dist=2.62
  [sigreg+proto] epoch 3/5  sigreg=0.7558  proto=1.8243  min_dist=0.24  mean_dist=2.66
  [sigreg+proto] epoch 4/5  sigreg=0.7316  proto=1.7927  min_dist=0.28  mean_dist=2.70
  [sigreg+proto] epoch 5/5  sigreg=0.6875  proto=1.8294  min_dist=0.32  mean_dist=2.74
  round 1: pool=190 purity=0.032 k-hat=1 anchors=1  margin=0.7477  mean-anchor=0.7328  46=0.733
  [sigreg+proto] epoch 1/5  sigreg=0.6374  proto=2.1181  min_dist=0.39  mean_dist=3.35
  [sigreg+proto] epoch 2/5  sigreg=0.6029  proto=1.8061  min_dist=0.46  mean_dist=3.40
  [sigreg+proto] epoch 3/5  sigreg=0.5845  proto=1.7298  min_dist=0.53  mean_dist=3.46
  [sigreg+proto] epoch 4/5  sigreg=0.5629  proto=1.6195  min_dist=0.58  mean_dist=3.51
  [sigreg+proto] epoch 5/5  sigreg=0.5242  proto=1.6226  min_dist=0.63  mean_dist=3.57
  round 2: pool=184 purity=0.000 k-hat=4 anchors=5  margin=0.5486  mean-anchor=0.8529  46=0.853
  [nplm-sup-ft] post f=0.02: probe=0.8962 eucl=0.4746 mahaT=0.4566
  [nplm-sup-ft] per-event post f=0.02: power=0.000
  [nplm-sup-ft] sparker (post, annealed)
    post-spk f=0.02: power=0.120 [0.074,0.184] (6/50)
  [nplm-sup-ft] maha (post)
    post-maha f=0.02: power=0.040 [0.014,0.090] (2/50)
  [nplm-sup-ft] mmd (post)
    post-mmd f=0.02: power=0.240 [0.177,0.315] (12/50)

===== POST grid, f=0.05 (80 injected) =====
  [sigreg+proto] epoch 1/5  sigreg=0.3112  proto=13.6696  min_dist=4.09  mean_dist=15.14
  [sigreg+proto] epoch 2/5  sigreg=0.3450  proto=9.1431  min_dist=4.06  mean_dist=15.13
  [sigreg+proto] epoch 3/5  sigreg=0.3933  proto=7.2901  min_dist=4.06  mean_dist=15.12
  [sigreg+proto] epoch 4/5  sigreg=0.4068  proto=4.8682  min_dist=4.06  mean_dist=15.12
  [sigreg+proto] epoch 5/5  sigreg=0.4216  proto=3.9034  min_dist=4.08  mean_dist=15.11
  round 1: pool=184 purity=0.000 k-hat=3 anchors=3  margin=0.7208  mean-anchor=0.5664  46=0.566
  [sigreg+proto] epoch 1/5  sigreg=0.4192  proto=4.6723  min_dist=4.10  mean_dist=15.23
  [sigreg+proto] epoch 2/5  sigreg=0.4154  proto=3.1676  min_dist=4.13  mean_dist=15.24
  [sigreg+proto] epoch 3/5  sigreg=0.4149  proto=3.3813  min_dist=4.17  mean_dist=15.25
  [sigreg+proto] epoch 4/5  sigreg=0.4262  proto=2.7465  min_dist=4.21  mean_dist=15.26
  [sigreg+proto] epoch 5/5  sigreg=0.4111  proto=2.3424  min_dist=4.26  mean_dist=15.27
  round 2: pool=186 purity=0.011 k-hat=4 anchors=7  margin=0.7004  mean-anchor=0.5812  46=0.581
  [simclr-ft] post f=0.05: probe=0.9577 eucl=0.6001 mahaT=0.5331
  [simclr-ft] per-event post f=0.05: power=0.000
  [simclr-ft] sparker (post, annealed)
    post-spk f=0.05: power=1.000 [0.964,1.000] (50/50)
  [simclr-ft] maha (post)
    post-maha f=0.05: power=0.640 [0.560,0.714] (32/50)
  [simclr-ft] mmd (post)
    post-mmd f=0.05: power=0.960 [0.910,0.986] (48/50)
  [sigreg+proto] epoch 1/5  sigreg=0.3077  proto=4.1311  min_dist=1.99  mean_dist=8.96
  [sigreg+proto] epoch 2/5  sigreg=0.4180  proto=2.4123  min_dist=2.07  mean_dist=9.02
  [sigreg+proto] epoch 3/5  sigreg=0.4510  proto=1.9492  min_dist=2.15  mean_dist=9.07
  [sigreg+proto] epoch 4/5  sigreg=0.4603  proto=1.5586  min_dist=2.23  mean_dist=9.13
  [sigreg+proto] epoch 5/5  sigreg=0.4440  proto=1.1781  min_dist=2.30  mean_dist=9.18
  round 1: pool=185 purity=0.005 k-hat=4 anchors=4  margin=0.8870  mean-anchor=0.7771  46=0.777
  [sigreg+proto] epoch 1/5  sigreg=0.4175  proto=1.5630  min_dist=2.38  mean_dist=9.09
  [sigreg+proto] epoch 2/5  sigreg=0.4033  proto=1.1616  min_dist=2.46  mean_dist=9.15
  [sigreg+proto] epoch 3/5  sigreg=0.4010  proto=1.0414  min_dist=2.53  mean_dist=9.21
  [sigreg+proto] epoch 4/5  sigreg=0.3937  proto=0.8641  min_dist=2.61  mean_dist=9.27
  [sigreg+proto] epoch 5/5  sigreg=0.3839  proto=0.7258  min_dist=2.68  mean_dist=9.33
  round 2: pool=184 purity=0.000 k-hat=4 anchors=8  margin=0.8517  mean-anchor=0.7616  46=0.762
  [sigreg-ssl-ft] post f=0.05: probe=0.9306 eucl=0.7183 mahaT=0.5654
  [sigreg-ssl-ft] per-event post f=0.05: power=0.250
  [sigreg-ssl-ft] sparker (post, annealed)
    post-spk f=0.05: power=1.000 [0.964,1.000] (50/50)
  [sigreg-ssl-ft] maha (post)
    post-maha f=0.05: power=0.460 [0.382,0.540] (23/50)
  [sigreg-ssl-ft] mmd (post)
    post-mmd f=0.05: power=0.980 [0.936,0.997] (49/50)
  [sigreg+proto] epoch 1/5  sigreg=0.4826  proto=2.2373  min_dist=0.59  mean_dist=1.64
  [sigreg+proto] epoch 2/5  sigreg=0.5133  proto=1.4091  min_dist=0.66  mean_dist=1.71
  [sigreg+proto] epoch 3/5  sigreg=0.5496  proto=1.0522  min_dist=0.73  mean_dist=1.78
  [sigreg+proto] epoch 4/5  sigreg=0.4720  proto=0.8766  min_dist=0.79  mean_dist=1.84
  [sigreg+proto] epoch 5/5  sigreg=0.4125  proto=0.7490  min_dist=0.85  mean_dist=1.90
  round 1: pool=186 purity=0.011 k-hat=1 anchors=1  margin=0.6055  mean-anchor=0.5516  46=0.552
  [sigreg+proto] epoch 1/5  sigreg=0.4373  proto=1.8643  min_dist=0.92  mean_dist=2.74
  [sigreg+proto] epoch 2/5  sigreg=0.3785  proto=1.2865  min_dist=1.00  mean_dist=2.81
  [sigreg+proto] epoch 3/5  sigreg=0.3768  proto=1.1116  min_dist=1.07  mean_dist=2.88
  [sigreg+proto] epoch 4/5  sigreg=0.3837  proto=0.9806  min_dist=1.14  mean_dist=2.94
  [sigreg+proto] epoch 5/5  sigreg=0.3761  proto=0.8576  min_dist=1.19  mean_dist=3.01
  round 2: pool=184 purity=0.000 k-hat=4 anchors=5  margin=0.5037  mean-anchor=0.5243  46=0.524
  [nplm-bil-ft] post f=0.05: probe=0.9640 eucl=0.7876 mahaT=0.7668
  [nplm-bil-ft] per-event post f=0.05: power=0.000
  [nplm-bil-ft] sparker (post, annealed)
    post-spk f=0.05: power=1.000 [0.964,1.000] (50/50)
  [nplm-bil-ft] maha (post)
    post-maha f=0.05: power=0.960 [0.910,0.986] (48/50)
  [nplm-bil-ft] mmd (post)
    post-mmd f=0.05: power=1.000 [0.964,1.000] (50/50)
  [sigreg+proto] epoch 1/5  sigreg=0.3801  proto=5.2976  min_dist=5.02  mean_dist=18.57
  [sigreg+proto] epoch 2/5  sigreg=0.4193  proto=3.0703  min_dist=5.04  mean_dist=18.56
  [sigreg+proto] epoch 3/5  sigreg=0.4231  proto=4.1502  min_dist=5.06  mean_dist=18.56
  [sigreg+proto] epoch 4/5  sigreg=0.4390  proto=1.5449  min_dist=5.09  mean_dist=18.56
  [sigreg+proto] epoch 5/5  sigreg=0.4118  proto=1.3008  min_dist=5.12  mean_dist=18.56
  round 1: pool=189 purity=0.026 k-hat=4 anchors=4  margin=0.9244  mean-anchor=0.9220  46=0.922
  [sigreg+proto] epoch 1/5  sigreg=0.4836  proto=5.1857  min_dist=4.49  mean_dist=18.31
  [sigreg+proto] epoch 2/5  sigreg=0.5045  proto=2.8767  min_dist=4.50  mean_dist=18.31
  [sigreg+proto] epoch 3/5  sigreg=0.4785  proto=2.2082  min_dist=4.51  mean_dist=18.31
  [sigreg+proto] epoch 4/5  sigreg=0.4182  proto=2.0388  min_dist=4.53  mean_dist=18.31
  [sigreg+proto] epoch 5/5  sigreg=0.4586  proto=1.9585  min_dist=4.54  mean_dist=18.32
  round 2: pool=187 purity=0.016 k-hat=4 anchors=8  margin=0.8783  mean-anchor=0.9006  46=0.901
  [supcon-ft] post f=0.05: probe=0.9377 eucl=0.7810 mahaT=0.7408
  [supcon-ft] per-event post f=0.05: power=0.325
  [supcon-ft] sparker (post, annealed)
    post-spk f=0.05: power=1.000 [0.964,1.000] (50/50)
  [supcon-ft] maha (post)
    post-maha f=0.05: power=0.940 [0.885,0.972] (47/50)
  [supcon-ft] mmd (post)
    post-mmd f=0.05: power=0.940 [0.885,0.972] (47/50)
  [sigreg+proto] epoch 1/5  sigreg=0.4154  proto=1.1999  min_dist=2.17  mean_dist=12.07
  [sigreg+proto] epoch 2/5  sigreg=0.4067  proto=0.7954  min_dist=2.26  mean_dist=12.12
  [sigreg+proto] epoch 3/5  sigreg=0.3759  proto=0.7715  min_dist=2.35  mean_dist=12.18
  [sigreg+proto] epoch 4/5  sigreg=0.3711  proto=0.4328  min_dist=2.43  mean_dist=12.23
  [sigreg+proto] epoch 5/5  sigreg=0.3476  proto=0.5659  min_dist=2.52  mean_dist=12.29
  round 1: pool=236 purity=0.220 k-hat=4 anchors=4  margin=0.8784  mean-anchor=0.9007  46=0.901
  [sigreg+proto] epoch 1/5  sigreg=0.3747  proto=2.4433  min_dist=2.61  mean_dist=12.39
  [sigreg+proto] epoch 2/5  sigreg=0.4023  proto=1.3162  min_dist=2.69  mean_dist=12.43
  [sigreg+proto] epoch 3/5  sigreg=0.3835  proto=1.1056  min_dist=2.78  mean_dist=12.48
  [sigreg+proto] epoch 4/5  sigreg=0.3536  proto=0.8664  min_dist=2.86  mean_dist=12.53
  [sigreg+proto] epoch 5/5  sigreg=0.3511  proto=0.8878  min_dist=2.94  mean_dist=12.58
  round 2: pool=187 purity=0.016 k-hat=4 anchors=8  margin=0.8470  mean-anchor=0.8784  46=0.878
  [ss-ft] post f=0.05: probe=0.7600 eucl=0.8084 mahaT=0.6724
  [ss-ft] per-event post f=0.05: power=0.400
  [ss-ft] sparker (post, annealed)
    post-spk f=0.05: power=0.980 [0.936,0.997] (49/50)
  [ss-ft] maha (post)
    post-maha f=0.05: power=0.260 [0.194,0.336] (13/50)
  [ss-ft] mmd (post)
    post-mmd f=0.05: power=0.980 [0.936,0.997] (49/50)
  [sigreg+proto] epoch 1/5  sigreg=0.8211  proto=2.0452  min_dist=0.14  mean_dist=2.58
  [sigreg+proto] epoch 2/5  sigreg=0.7717  proto=2.0143  min_dist=0.19  mean_dist=2.62
  [sigreg+proto] epoch 3/5  sigreg=0.7570  proto=1.9987  min_dist=0.24  mean_dist=2.66
  [sigreg+proto] epoch 4/5  sigreg=0.7380  proto=1.7587  min_dist=0.28  mean_dist=2.70
  [sigreg+proto] epoch 5/5  sigreg=0.6852  proto=1.8205  min_dist=0.32  mean_dist=2.74
  round 1: pool=191 purity=0.037 k-hat=1 anchors=1  margin=0.7137  mean-anchor=0.7814  46=0.781
  [sigreg+proto] epoch 1/5  sigreg=0.6375  proto=2.0247  min_dist=0.39  mean_dist=3.31
  [sigreg+proto] epoch 2/5  sigreg=0.6130  proto=1.9090  min_dist=0.46  mean_dist=3.37
  [sigreg+proto] epoch 3/5  sigreg=0.5899  proto=1.8110  min_dist=0.53  mean_dist=3.42
  [sigreg+proto] epoch 4/5  sigreg=0.5577  proto=1.7881  min_dist=0.58  mean_dist=3.48
  [sigreg+proto] epoch 5/5  sigreg=0.5253  proto=1.6719  min_dist=0.63  mean_dist=3.53
  round 2: pool=184 purity=0.000 k-hat=4 anchors=5  margin=0.6588  mean-anchor=0.8590  46=0.859
  [nplm-sup-ft] post f=0.05: probe=0.9226 eucl=0.4586 mahaT=0.3459
  [nplm-sup-ft] per-event post f=0.05: power=0.050
  [nplm-sup-ft] sparker (post, annealed)
    post-spk f=0.05: power=0.960 [0.910,0.986] (48/50)
  [nplm-sup-ft] maha (post)
    post-maha f=0.05: power=0.200 [0.141,0.273] (10/50)
  [nplm-sup-ft] mmd (post)
    post-mmd f=0.05: power=1.000 [0.964,1.000] (50/50)

===== EXP70 PEREVENT POST POWER =====
  arm                 0.003     0.01     0.02     0.05
  simclr-ft           0.325    0.100    0.025    0.000
  sigreg-ssl-ft       0.200    0.275    0.350    0.250
  nplm-bil-ft         0.000    0.000    0.025    0.000
  supcon-ft           0.200    0.525    0.250    0.325
  ss-ft               0.450    0.275    0.575    0.400
  nplm-sup-ft         0.025    0.050    0.000    0.050
  saved /home/pharris/sigreg/SuperSig/plots/exp70_perevent_power_post_dtd_dino_ft70_h1_d1.png

===== EXP70 SPARKER POST POWER =====
  arm                 0.003     0.01     0.02     0.05
  simclr-ft           0.020    0.200    0.720    1.000
  sigreg-ssl-ft       0.040    0.080    0.680    1.000
  nplm-bil-ft         0.140    0.120    0.760    1.000
  supcon-ft           0.040    0.140    0.260    1.000
  ss-ft               0.040    0.120    0.460    0.980
  nplm-sup-ft         0.020    0.080    0.120    0.960
  saved /home/pharris/sigreg/SuperSig/plots/exp70_sparker_power_post_dtd_dino_ft70_h1_d1.png

===== EXP70 MAHA POST POWER =====
  arm                 0.003     0.01     0.02     0.05
  simclr-ft           0.120    0.040    0.120    0.640
  sigreg-ssl-ft       0.020    0.080    0.120    0.460
  nplm-bil-ft         0.060    0.160    0.260    0.960
  supcon-ft           0.060    0.100    0.240    0.940
  ss-ft               0.060    0.120    0.140    0.260
  nplm-sup-ft         0.020    0.060    0.040    0.200
  saved /home/pharris/sigreg/SuperSig/plots/exp70_maha_power_post_dtd_dino_ft70_h1_d1.png

===== EXP70 MMD POST POWER =====
  arm                 0.003     0.01     0.02     0.05
  simclr-ft           0.020    0.060    0.220    0.960
  sigreg-ssl-ft       0.040    0.020    0.280    0.980
  nplm-bil-ft         0.020    0.080    0.460    1.000
  supcon-ft           0.120    0.100    0.480    0.940
  ss-ft               0.080    0.080    0.560    0.980
  nplm-sup-ft         0.060    0.100    0.240    1.000
  saved /home/pharris/sigreg/SuperSig/plots/exp70_mmd_power_post_dtd_dino_ft70_h1_d1.png

===== EXP70 SUMMARY [dtd_dino_ft70_h1_d1] =====
  [simclr-ft     ] probe=0.9847+-0.0011 acc=0.6348 eucl=0.5936 mahaT=0.5655  || post: probe=0.9522 eucl=0.6551 mahaT=0.5416
          round 1: purity=0.000 anchors=3  margin=0.6954
          round 2: purity=0.016 anchors=7  margin=0.8595
  [sigreg-ssl-ft ] probe=0.9841+-0.0013 acc=0.6130 eucl=0.7465 mahaT=0.6563  || post: probe=0.9483 eucl=0.7060 mahaT=0.5272
          round 1: purity=0.005 anchors=4  margin=0.8433
          round 2: purity=0.000 anchors=7  margin=0.8975
  [nplm-bil-ft   ] probe=0.8972+-0.0049 acc=0.4832 eucl=0.5454 mahaT=0.4770  || post: probe=0.9553 eucl=0.8319 mahaT=0.7869
          round 1: purity=0.011 anchors=1  margin=0.5565
          round 2: purity=0.000 anchors=5  margin=0.5119
  [supcon-ft     ] probe=0.8918+-0.0063 acc=0.7332 eucl=0.7769 mahaT=0.5428  || post: probe=0.9404 eucl=0.8225 mahaT=0.7656
          round 1: purity=0.026 anchors=4  margin=0.8956
          round 2: purity=0.016 anchors=8  margin=0.8870
  [ss-ft         ] probe=0.7803+-0.0110 acc=0.7592 eucl=0.7967 mahaT=0.6461  || post: probe=0.7471 eucl=0.7071 mahaT=0.5820
          round 1: purity=0.220 anchors=4  margin=0.8674
          round 2: purity=0.005 anchors=7  margin=0.9107
  [nplm-sup-ft   ] probe=0.7217+-0.0233 acc=0.4505 eucl=0.6250 mahaT=0.5872  || post: probe=0.8670 eucl=0.3991 mahaT=0.5106
          round 1: purity=0.037 anchors=1  margin=0.7424
          round 2: purity=0.000 anchors=5  margin=0.7548
saved /home/pharris/sigreg/SuperSig/plots/exp70_probe_dtd_dino_ft70_h1_d1.png
Done.
