/home/pharris/venv/lib64/python3.9/site-packages/networkx/utils/backends.py:135: RuntimeWarning: networkx backend defined more than once: nx-loopback
  backends.update(_get_backends("networkx.backends"))
exp70 [dtd_visreg_ft70_h1_d0] end-to-end ft suite, arms=['simclr-ft', 'sigreg-ssl-ft', 'nplm-bil-ft', 'supcon-ft', 'ss-ft', 'nplm-sup-ft'], ft_epochs=20, emb=100, holdouts 8-8 EXCLUDED from ft
  ft corpus: 3680/3760 train images (holdout classes removed)

===== [simclr-ft] (unsupervised) =====
  [simclr-ft] epoch 1/20  main=2.4916  aux=0.0000
  [simclr-ft] epoch 5/20  main=2.3484  aux=0.0000
  [simclr-ft] epoch 10/20  main=2.3249  aux=0.0000
  [simclr-ft] epoch 15/20  main=2.3094  aux=0.0000
  [simclr-ft] epoch 20/20  main=2.3072  aux=0.0000
  extracted ft70_simclr-ft train: (3760, 768)
  extracted ft70_simclr-ft test: (1880, 768)
  [simclr-ft     ] probe=0.7417+-0.0229 acc=0.6092 supAUC=0.9470 eucl=0.4216 mahaT=0.4311 mahaPC=0.6996 lid=0.7999

===== [sigreg-ssl-ft] (unsupervised) =====
  [sigreg-ssl-ft] epoch 1/20  main=0.0374  aux=0.1875
  [sigreg-ssl-ft] epoch 5/20  main=0.0251  aux=0.1045
  [sigreg-ssl-ft] epoch 10/20  main=0.0198  aux=0.0988
  [sigreg-ssl-ft] epoch 15/20  main=0.0168  aux=0.0936
  [sigreg-ssl-ft] epoch 20/20  main=0.0167  aux=0.0899
  extracted ft70_sigreg-ssl-ft train: (3760, 768)
  extracted ft70_sigreg-ssl-ft test: (1880, 768)
  [sigreg-ssl-ft ] probe=0.8231+-0.0075 acc=0.6152 supAUC=0.9617 eucl=0.5380 mahaT=0.5245 mahaPC=0.7052 lid=0.7535

===== [nplm-bil-ft] (unsupervised) =====
  [nplm-bil-ft] epoch 1/20  main=67.9381  aux=0.7894
  [nplm-bil-ft] epoch 5/20  main=-2.5008  aux=0.6537
  [nplm-bil-ft] epoch 10/20  main=-2.5313  aux=0.6452
  [nplm-bil-ft] epoch 15/20  main=-3.4536  aux=0.6073
  [nplm-bil-ft] epoch 20/20  main=-3.6221  aux=0.6036
  extracted ft70_nplm-bil-ft train: (3760, 768)
  extracted ft70_nplm-bil-ft test: (1880, 768)
  [nplm-bil-ft   ] probe=0.6376+-0.0072 acc=0.5255 supAUC=0.9413 eucl=0.6174 mahaT=0.5606 mahaPC=0.6631 lid=0.7289

===== [supcon-ft] (supervised) =====
  [supcon-ft] epoch 1/20  main=1.6478  aux=0.0000
  [supcon-ft] epoch 5/20  main=1.0990  aux=0.0000
  [supcon-ft] epoch 10/20  main=0.8786  aux=0.0000
  [supcon-ft] epoch 15/20  main=0.7513  aux=0.0000
  [supcon-ft] epoch 20/20  main=0.7512  aux=0.0000
  extracted ft70_supcon-ft train: (3760, 768)
  extracted ft70_supcon-ft test: (1880, 768)
  [supcon-ft     ] probe=0.6011+-0.0138 acc=0.7630 supAUC=0.9844 eucl=0.7501 mahaT=0.6887 mahaPC=0.6508 lid=0.6934

===== [ss-ft] (supervised) =====
  [ss-ft] epoch 1/20  main=1.8029  aux=1.1030
  [ss-ft] epoch 5/20  main=1.1678  aux=0.5827
  [ss-ft] epoch 10/20  main=0.8848  aux=0.5142
  [ss-ft] epoch 15/20  main=0.7992  aux=0.4887
  [ss-ft] epoch 20/20  main=0.7638  aux=0.4740
  extracted ft70_ss-ft train: (3760, 768)
  extracted ft70_ss-ft test: (1880, 768)
  [ss-ft         ] probe=0.8419+-0.0088 acc=0.7880 supAUC=0.9848 eucl=0.7778 mahaT=0.7377 mahaPC=0.7451 lid=0.6739

===== [nplm-sup-ft] (supervised) =====
  [nplm-sup-ft] epoch 1/20  main=-0.2852  aux=0.7488
  [nplm-sup-ft] epoch 5/20  main=-0.5621  aux=0.6812
  [nplm-sup-ft] epoch 10/20  main=-0.6675  aux=0.5811
  [nplm-sup-ft] epoch 15/20  main=-0.7178  aux=0.5093
  [nplm-sup-ft] epoch 20/20  main=-0.7320  aux=0.4867
  extracted ft70_nplm-sup-ft train: (3760, 768)
  extracted ft70_nplm-sup-ft test: (1880, 768)
  [nplm-sup-ft   ] probe=0.5275+-0.0498 acc=0.5799 supAUC=0.9571 eucl=0.8053 mahaT=0.8012 mahaPC=0.8048 lid=0.6156

===== PRE table =====
  arm                        probe     acc  supAUC    eucl   mahaT  mahaPC
  simclr-ft          0.7417+-0.0229  0.6092  0.9470  0.4216  0.4311  0.6996
  sigreg-ssl-ft      0.8231+-0.0075  0.6152  0.9617  0.5380  0.5245  0.7052
  nplm-bil-ft        0.6376+-0.0072  0.5255  0.9413  0.6174  0.5606  0.6631
  supcon-ft          0.6011+-0.0138  0.7630  0.9844  0.7501  0.6887  0.6508
  ss-ft              0.8419+-0.0088  0.7880  0.9848  0.7778  0.7377  0.7451
  nplm-sup-ft        0.5275+-0.0498  0.5799  0.9571  0.8053  0.8012  0.8048

===== gaussianity (seen classes, test set) =====
  metric                         simclr-ft sigreg-ssl-ft   nplm-bil-ft     supcon-ft         ss-ft   nplm-sup-ft
  eig min (class cov)               -0.000        -0.000        -0.000        -0.000        -0.000        -0.000
  eig max (class cov)               27.556        32.576         1.295        19.662        15.202         4.598
  eig cond worst            27555639853056.032576290947072.01294792654848.019661586432000.015202219196416.04597955428352.0
  class RMS min                      0.243         0.357         0.122         0.284         0.322         0.041
  class RMS mean                     0.402         0.602         0.185         0.413         0.458         0.112
  class RMS max                      0.650         0.723         0.209         0.605         0.623         0.226
  max |corr| (worst class)           0.993         0.991         0.916         0.994         0.989         1.000
  SW ratio mean                       2.30          2.68          1.39          2.49          2.56          7.36
  SW ratio worst                      6.98         10.77          5.37         10.48         12.52         20.82
  |skew| mean                        0.528         0.591         0.365         0.629         0.651         1.456
  |ex-kurt| mean                     0.949         1.019         0.670         1.181         1.152         4.092
  centroid dist min                   1.16          2.04          0.49          2.41          2.92          0.07
  centroid dist mean                  4.65          8.71          1.63         10.06         10.55          4.41
  separation (min d/RMS)              2.90          3.40          2.65          5.83          6.38          0.65

===== PRE power batteries =====
  [simclr-ft] per-event pre power=0.025
  [simclr-ft] sparker (annealed)
    pre-spk f=0.003: power=0.020 [0.003,0.064] (1/50)
    pre-spk f=0.01: power=0.040 [0.014,0.090] (2/50)
    pre-spk f=0.02: power=0.080 [0.042,0.138] (4/50)
    pre-spk f=0.05: power=0.820 [0.749,0.876] (41/50)
    pre-spk f=0.1: power=1.000 [0.964,1.000] (50/50)
  [simclr-ft] maha
    pre-maha f=0.003: power=0.100 [0.058,0.162] (5/50)
    pre-maha f=0.01: power=0.060 [0.028,0.115] (3/50)
    pre-maha f=0.02: power=0.200 [0.141,0.273] (10/50)
    pre-maha f=0.05: power=0.300 [0.231,0.378] (15/50)
    pre-maha f=0.1: power=0.780 [0.706,0.841] (39/50)
  [simclr-ft] mmd
    pre-mmd f=0.003: power=0.020 [0.003,0.064] (1/50)
    pre-mmd f=0.01: power=0.120 [0.074,0.184] (6/50)
    pre-mmd f=0.02: power=0.160 [0.107,0.229] (8/50)
    pre-mmd f=0.05: power=0.360 [0.286,0.440] (18/50)
    pre-mmd f=0.1: power=0.980 [0.936,0.997] (49/50)
  [sigreg-ssl-ft] per-event pre power=0.025
  [sigreg-ssl-ft] sparker (annealed)
    pre-spk f=0.003: power=0.020 [0.003,0.064] (1/50)
    pre-spk f=0.01: power=0.120 [0.074,0.184] (6/50)
    pre-spk f=0.02: power=0.040 [0.014,0.090] (2/50)
    pre-spk f=0.05: power=0.900 [0.838,0.942] (45/50)
    pre-spk f=0.1: power=1.000 [0.964,1.000] (50/50)
  [sigreg-ssl-ft] maha
    pre-maha f=0.003: power=0.060 [0.028,0.115] (3/50)
    pre-maha f=0.01: power=0.120 [0.074,0.184] (6/50)
    pre-maha f=0.02: power=0.300 [0.231,0.378] (15/50)
    pre-maha f=0.05: power=0.320 [0.249,0.399] (16/50)
    pre-maha f=0.1: power=0.760 [0.685,0.823] (38/50)
  [sigreg-ssl-ft] mmd
    pre-mmd f=0.003: power=0.040 [0.014,0.090] (2/50)
    pre-mmd f=0.01: power=0.140 [0.090,0.207] (7/50)
    pre-mmd f=0.02: power=0.160 [0.107,0.229] (8/50)
    pre-mmd f=0.05: power=0.860 [0.793,0.910] (43/50)
    pre-mmd f=0.1: power=1.000 [0.964,1.000] (50/50)
  [nplm-bil-ft] per-event pre power=0.050
  [nplm-bil-ft] sparker (annealed)
    pre-spk f=0.003: power=0.040 [0.014,0.090] (2/50)
    pre-spk f=0.01: power=0.040 [0.014,0.090] (2/50)
    pre-spk f=0.02: power=0.040 [0.014,0.090] (2/50)
    pre-spk f=0.05: power=0.960 [0.910,0.986] (48/50)
    pre-spk f=0.1: power=1.000 [0.964,1.000] (50/50)
  [nplm-bil-ft] maha
    pre-maha f=0.003: power=0.060 [0.028,0.115] (3/50)
    pre-maha f=0.01: power=0.080 [0.042,0.138] (4/50)
    pre-maha f=0.02: power=0.220 [0.159,0.294] (11/50)
    pre-maha f=0.05: power=0.340 [0.268,0.419] (17/50)
    pre-maha f=0.1: power=0.740 [0.664,0.806] (37/50)
  [nplm-bil-ft] mmd
    pre-mmd f=0.003: power=0.080 [0.042,0.138] (4/50)
    pre-mmd f=0.01: power=0.060 [0.028,0.115] (3/50)
    pre-mmd f=0.02: power=0.080 [0.042,0.138] (4/50)
    pre-mmd f=0.05: power=0.140 [0.090,0.207] (7/50)
    pre-mmd f=0.1: power=0.980 [0.936,0.997] (49/50)
  [supcon-ft] per-event pre power=0.125
  [supcon-ft] sparker (annealed)
    pre-spk f=0.003: power=0.040 [0.014,0.090] (2/50)
    pre-spk f=0.01: power=0.140 [0.090,0.207] (7/50)
    pre-spk f=0.02: power=0.280 [0.213,0.357] (14/50)
    pre-spk f=0.05: power=0.800 [0.727,0.859] (40/50)
    pre-spk f=0.1: power=1.000 [0.964,1.000] (50/50)
  [supcon-ft] maha
    pre-maha f=0.003: power=0.060 [0.028,0.115] (3/50)
    pre-maha f=0.01: power=0.020 [0.003,0.064] (1/50)
    pre-maha f=0.02: power=0.100 [0.058,0.162] (5/50)
    pre-maha f=0.05: power=0.140 [0.090,0.207] (7/50)
    pre-maha f=0.1: power=0.380 [0.305,0.460] (19/50)
  [supcon-ft] mmd
    pre-mmd f=0.003: power=0.180 [0.124,0.251] (9/50)
    pre-mmd f=0.01: power=0.160 [0.107,0.229] (8/50)
    pre-mmd f=0.02: power=0.460 [0.382,0.540] (23/50)
    pre-mmd f=0.05: power=0.780 [0.706,0.841] (39/50)
    pre-mmd f=0.1: power=1.000 [0.964,1.000] (50/50)
  [ss-ft] per-event pre power=0.175
  [ss-ft] sparker (annealed)
    pre-spk f=0.003: power=0.120 [0.074,0.184] (6/50)
    pre-spk f=0.01: power=0.100 [0.058,0.162] (5/50)
    pre-spk f=0.02: power=0.100 [0.058,0.162] (5/50)
    pre-spk f=0.05: power=0.740 [0.664,0.806] (37/50)
    pre-spk f=0.1: power=1.000 [0.964,1.000] (50/50)
  [ss-ft] maha
    pre-maha f=0.003: power=0.120 [0.074,0.184] (6/50)
    pre-maha f=0.01: power=0.160 [0.107,0.229] (8/50)
    pre-maha f=0.02: power=0.240 [0.177,0.315] (12/50)
    pre-maha f=0.05: power=0.540 [0.460,0.618] (27/50)
    pre-maha f=0.1: power=1.000 [0.964,1.000] (50/50)
  [ss-ft] mmd
    pre-mmd f=0.003: power=0.120 [0.074,0.184] (6/50)
    pre-mmd f=0.01: power=0.180 [0.124,0.251] (9/50)
    pre-mmd f=0.02: power=0.560 [0.480,0.638] (28/50)
    pre-mmd f=0.05: power=0.880 [0.816,0.926] (44/50)
    pre-mmd f=0.1: power=1.000 [0.964,1.000] (50/50)
  [nplm-sup-ft] per-event pre power=0.200
  [nplm-sup-ft] sparker (annealed)
    pre-spk f=0.003: power=0.040 [0.014,0.090] (2/50)
    pre-spk f=0.01: power=0.160 [0.107,0.229] (8/50)
    pre-spk f=0.02: power=0.220 [0.159,0.294] (11/50)
    pre-spk f=0.05: power=0.680 [0.601,0.751] (34/50)
    pre-spk f=0.1: power=1.000 [0.964,1.000] (50/50)
  [nplm-sup-ft] maha
    pre-maha f=0.003: power=0.100 [0.058,0.162] (5/50)
    pre-maha f=0.01: power=0.200 [0.141,0.273] (10/50)
    pre-maha f=0.02: power=0.260 [0.194,0.336] (13/50)
    pre-maha f=0.05: power=0.660 [0.581,0.732] (33/50)
    pre-maha f=0.1: power=1.000 [0.964,1.000] (50/50)
  [nplm-sup-ft] mmd
    pre-mmd f=0.003: power=0.060 [0.028,0.115] (3/50)
    pre-mmd f=0.01: power=0.080 [0.042,0.138] (4/50)
    pre-mmd f=0.02: power=0.220 [0.159,0.294] (11/50)
    pre-mmd f=0.05: power=0.560 [0.480,0.638] (28/50)
    pre-mmd f=0.1: power=0.960 [0.910,0.986] (48/50)

===== EXP70 PEREVENT PRE POWER =====
  arm                 0.003     0.01     0.02     0.05      0.1
  simclr-ft           0.025    0.025    0.025    0.025    0.025
  sigreg-ssl-ft       0.025    0.025    0.025    0.025    0.025
  nplm-bil-ft         0.050    0.050    0.050    0.050    0.050
  supcon-ft           0.125    0.125    0.125    0.125    0.125
  ss-ft               0.175    0.175    0.175    0.175    0.175
  nplm-sup-ft         0.200    0.200    0.200    0.200    0.200
  saved /home/pharris/sigreg/SuperSig/plots/exp70_perevent_power_pre_dtd_visreg_ft70_h1_d0.png

===== EXP70 SPARKER PRE POWER =====
  arm                 0.003     0.01     0.02     0.05      0.1
  simclr-ft           0.020    0.040    0.080    0.820    1.000
  sigreg-ssl-ft       0.020    0.120    0.040    0.900    1.000
  nplm-bil-ft         0.040    0.040    0.040    0.960    1.000
  supcon-ft           0.040    0.140    0.280    0.800    1.000
  ss-ft               0.120    0.100    0.100    0.740    1.000
  nplm-sup-ft         0.040    0.160    0.220    0.680    1.000
  saved /home/pharris/sigreg/SuperSig/plots/exp70_sparker_power_pre_dtd_visreg_ft70_h1_d0.png

===== EXP70 MAHA PRE POWER =====
  arm                 0.003     0.01     0.02     0.05      0.1
  simclr-ft           0.100    0.060    0.200    0.300    0.780
  sigreg-ssl-ft       0.060    0.120    0.300    0.320    0.760
  nplm-bil-ft         0.060    0.080    0.220    0.340    0.740
  supcon-ft           0.060    0.020    0.100    0.140    0.380
  ss-ft               0.120    0.160    0.240    0.540    1.000
  nplm-sup-ft         0.100    0.200    0.260    0.660    1.000
  saved /home/pharris/sigreg/SuperSig/plots/exp70_maha_power_pre_dtd_visreg_ft70_h1_d0.png

===== EXP70 MMD PRE POWER =====
  arm                 0.003     0.01     0.02     0.05      0.1
  simclr-ft           0.020    0.120    0.160    0.360    0.980
  sigreg-ssl-ft       0.040    0.140    0.160    0.860    1.000
  nplm-bil-ft         0.080    0.060    0.080    0.140    0.980
  supcon-ft           0.180    0.160    0.460    0.780    1.000
  ss-ft               0.120    0.180    0.560    0.880    1.000
  nplm-sup-ft         0.060    0.080    0.220    0.560    0.960
  saved /home/pharris/sigreg/SuperSig/plots/exp70_mmd_power_pre_dtd_visreg_ft70_h1_d0.png

----- natural discovery: simclr-ft -----
  [sigreg+proto] epoch 1/5  sigreg=0.4038  proto=2.2229  min_dist=1.69  mean_dist=5.40
  [sigreg+proto] epoch 2/5  sigreg=0.4165  proto=2.0344  min_dist=1.75  mean_dist=5.47
  [sigreg+proto] epoch 3/5  sigreg=0.4047  proto=1.5835  min_dist=1.80  mean_dist=5.53
  [sigreg+proto] epoch 4/5  sigreg=0.4067  proto=1.1581  min_dist=1.85  mean_dist=5.59
  [sigreg+proto] epoch 5/5  sigreg=0.4029  proto=1.0253  min_dist=1.91  mean_dist=5.66
  round 1: pool=184 purity=0.000 k-hat=3 anchors=3  margin=0.7849  mean-anchor=0.7132  8=0.713
  [sigreg+proto] epoch 1/5  sigreg=0.3957  proto=1.3603  min_dist=1.96  mean_dist=6.04
  [sigreg+proto] epoch 2/5  sigreg=0.3914  proto=1.1521  min_dist=2.02  mean_dist=6.10
  [sigreg+proto] epoch 3/5  sigreg=0.3804  proto=0.9713  min_dist=2.08  mean_dist=6.17
  [sigreg+proto] epoch 4/5  sigreg=0.3846  proto=0.8823  min_dist=2.14  mean_dist=6.23
  [sigreg+proto] epoch 5/5  sigreg=0.3692  proto=0.7776  min_dist=2.20  mean_dist=6.30
  round 2: pool=185 purity=0.005 k-hat=4 anchors=7  margin=0.7521  mean-anchor=0.7538  8=0.754
  [simclr-ft] probe 0.7417 -> 0.7877  eucl 0.4216 -> 0.5040  mahaT 0.4311 -> 0.5344

----- natural discovery: sigreg-ssl-ft -----
  [sigreg+proto] epoch 1/5  sigreg=0.3202  proto=4.8626  min_dist=2.11  mean_dist=8.90
  [sigreg+proto] epoch 2/5  sigreg=0.4916  proto=3.0395  min_dist=2.19  mean_dist=8.96
  [sigreg+proto] epoch 3/5  sigreg=0.5711  proto=2.3952  min_dist=2.27  mean_dist=9.01
  [sigreg+proto] epoch 4/5  sigreg=0.5665  proto=1.9047  min_dist=2.35  mean_dist=9.06
  [sigreg+proto] epoch 5/5  sigreg=0.5613  proto=1.5187  min_dist=2.42  mean_dist=9.11
  round 1: pool=184 purity=0.000 k-hat=4 anchors=4  margin=0.7942  mean-anchor=0.8080  8=0.808
  [sigreg+proto] epoch 1/5  sigreg=0.5231  proto=2.3071  min_dist=2.50  mean_dist=9.12
  [sigreg+proto] epoch 2/5  sigreg=0.4992  proto=1.8303  min_dist=2.58  mean_dist=9.18
  [sigreg+proto] epoch 3/5  sigreg=0.5095  proto=1.5115  min_dist=2.65  mean_dist=9.24
  [sigreg+proto] epoch 4/5  sigreg=0.5196  proto=1.2908  min_dist=2.72  mean_dist=9.29
  [sigreg+proto] epoch 5/5  sigreg=0.5104  proto=0.9721  min_dist=2.78  mean_dist=9.35
  round 2: pool=184 purity=0.000 k-hat=3 anchors=7  margin=0.8186  mean-anchor=0.7602  8=0.760
  [sigreg-ssl-ft] probe 0.8231 -> 0.8312  eucl 0.5380 -> 0.5547  mahaT 0.5245 -> 0.5477

----- natural discovery: nplm-bil-ft -----
  [sigreg+proto] epoch 1/5  sigreg=0.5759  proto=2.2685  min_dist=0.55  mean_dist=1.77
  [sigreg+proto] epoch 2/5  sigreg=0.5255  proto=1.6687  min_dist=0.63  mean_dist=1.83
  [sigreg+proto] epoch 3/5  sigreg=0.5238  proto=1.4194  min_dist=0.70  mean_dist=1.90
  [sigreg+proto] epoch 4/5  sigreg=0.5065  proto=1.2117  min_dist=0.76  mean_dist=1.96
  [sigreg+proto] epoch 5/5  sigreg=0.4937  proto=1.0632  min_dist=0.82  mean_dist=2.03
  round 1: pool=186 purity=0.011 k-hat=1 anchors=1  margin=0.7059  mean-anchor=0.6963  8=0.696
  [sigreg+proto] epoch 1/5  sigreg=0.4879  proto=2.1442  min_dist=0.90  mean_dist=3.02
  [sigreg+proto] epoch 2/5  sigreg=0.4579  proto=1.8521  min_dist=0.97  mean_dist=3.09
  [sigreg+proto] epoch 3/5  sigreg=0.4697  proto=1.5092  min_dist=1.04  mean_dist=3.16
  [sigreg+proto] epoch 4/5  sigreg=0.4578  proto=1.3234  min_dist=1.11  mean_dist=3.22
  [sigreg+proto] epoch 5/5  sigreg=0.4448  proto=1.2274  min_dist=1.18  mean_dist=3.29
  round 2: pool=184 purity=0.000 k-hat=4 anchors=5  margin=0.6842  mean-anchor=0.6838  8=0.684
  [nplm-bil-ft] probe 0.6376 -> 0.8018  eucl 0.6174 -> 0.6101  mahaT 0.5606 -> 0.5651

----- natural discovery: supcon-ft -----
  [sigreg+proto] epoch 1/5  sigreg=0.5545  proto=1.6371  min_dist=3.59  mean_dist=11.65
  [sigreg+proto] epoch 2/5  sigreg=0.5670  proto=0.7944  min_dist=3.65  mean_dist=11.70
  [sigreg+proto] epoch 3/5  sigreg=0.5267  proto=0.7455  min_dist=3.69  mean_dist=11.76
  [sigreg+proto] epoch 4/5  sigreg=0.5224  proto=0.7360  min_dist=3.75  mean_dist=11.81
  [sigreg+proto] epoch 5/5  sigreg=0.5305  proto=0.6032  min_dist=3.80  mean_dist=11.87
  round 1: pool=223 purity=0.175 k-hat=4 anchors=4  margin=0.8448  mean-anchor=0.8511  8=0.851
  [sigreg+proto] epoch 1/5  sigreg=0.5398  proto=1.6350  min_dist=3.22  mean_dist=11.77
  [sigreg+proto] epoch 2/5  sigreg=0.5608  proto=1.2293  min_dist=3.28  mean_dist=11.82
  [sigreg+proto] epoch 3/5  sigreg=0.5401  proto=1.0058  min_dist=3.35  mean_dist=11.87
  [sigreg+proto] epoch 4/5  sigreg=0.5353  proto=1.0870  min_dist=3.42  mean_dist=11.92
  [sigreg+proto] epoch 5/5  sigreg=0.5129  proto=0.9001  min_dist=3.48  mean_dist=11.98
  round 2: pool=189 purity=0.026 k-hat=4 anchors=8  margin=0.7684  mean-anchor=0.7796  8=0.780
  [supcon-ft] probe 0.6011 -> 0.6170  eucl 0.7501 -> 0.7947  mahaT 0.6887 -> 0.7535

----- natural discovery: ss-ft -----
  [sigreg+proto] epoch 1/5  sigreg=0.4983  proto=0.9949  min_dist=1.99  mean_dist=12.20
  [sigreg+proto] epoch 2/5  sigreg=0.5199  proto=0.5917  min_dist=2.08  mean_dist=12.26
  [sigreg+proto] epoch 3/5  sigreg=0.4872  proto=0.5308  min_dist=2.17  mean_dist=12.32
  [sigreg+proto] epoch 4/5  sigreg=0.4611  proto=0.5125  min_dist=2.26  mean_dist=12.38
  [sigreg+proto] epoch 5/5  sigreg=0.4620  proto=0.3985  min_dist=2.35  mean_dist=12.44
  round 1: pool=251 purity=0.267 k-hat=4 anchors=4  margin=0.8503  mean-anchor=0.8482  8=0.848
    merged 8 -> 7 anchors
  [sigreg+proto] epoch 1/5  sigreg=0.4556  proto=0.7671  min_dist=2.19  mean_dist=12.22
  [sigreg+proto] epoch 2/5  sigreg=0.4543  proto=1.1379  min_dist=2.29  mean_dist=12.28
  [sigreg+proto] epoch 3/5  sigreg=0.4907  proto=0.8813  min_dist=2.38  mean_dist=12.34
  [sigreg+proto] epoch 4/5  sigreg=0.4600  proto=0.6639  min_dist=2.47  mean_dist=12.39
  [sigreg+proto] epoch 5/5  sigreg=0.4310  proto=0.6668  min_dist=2.55  mean_dist=12.44
  round 2: pool=196 purity=0.061 k-hat=4 anchors=7  margin=0.8207  mean-anchor=0.8150  8=0.815
  [ss-ft] probe 0.8419 -> 0.5547  eucl 0.7778 -> 0.7670  mahaT 0.7377 -> 0.7317

----- natural discovery: nplm-sup-ft -----
  [sigreg+proto] epoch 1/5  sigreg=0.8550  proto=1.3017  min_dist=0.23  mean_dist=4.79
  [sigreg+proto] epoch 2/5  sigreg=0.8342  proto=1.2166  min_dist=0.32  mean_dist=4.81
  [sigreg+proto] epoch 3/5  sigreg=0.8066  proto=1.2600  min_dist=0.38  mean_dist=4.84
  [sigreg+proto] epoch 4/5  sigreg=0.8062  proto=1.0832  min_dist=0.43  mean_dist=4.87
  [sigreg+proto] epoch 5/5  sigreg=0.7826  proto=1.1130  min_dist=0.47  mean_dist=4.90
  round 1: pool=229 purity=0.197 k-hat=2 anchors=2  margin=0.8691  mean-anchor=0.7776  8=0.778
  [sigreg+proto] epoch 1/5  sigreg=0.7778  proto=1.3635  min_dist=0.58  mean_dist=5.18
  [sigreg+proto] epoch 2/5  sigreg=0.7859  proto=1.1701  min_dist=0.69  mean_dist=5.22
  [sigreg+proto] epoch 3/5  sigreg=0.7809  proto=1.1338  min_dist=0.78  mean_dist=5.26
  [sigreg+proto] epoch 4/5  sigreg=0.7713  proto=1.0729  min_dist=0.85  mean_dist=5.30
  [sigreg+proto] epoch 5/5  sigreg=0.7645  proto=1.0699  min_dist=0.91  mean_dist=5.34
  round 2: pool=184 purity=0.000 k-hat=4 anchors=6  margin=0.8101  mean-anchor=0.8016  8=0.802
  [nplm-sup-ft] probe 0.5275 -> 0.7740  eucl 0.8053 -> 0.7859  mahaT 0.8012 -> 0.7534

===== POST grid, f=0.003 (11 injected) =====
  [sigreg+proto] epoch 1/5  sigreg=0.3913  proto=2.3390  min_dist=1.70  mean_dist=5.40
  [sigreg+proto] epoch 2/5  sigreg=0.4134  proto=1.7014  min_dist=1.75  mean_dist=5.47
  [sigreg+proto] epoch 3/5  sigreg=0.4163  proto=1.4187  min_dist=1.80  mean_dist=5.53
  [sigreg+proto] epoch 4/5  sigreg=0.4005  proto=1.2752  min_dist=1.86  mean_dist=5.60
  [sigreg+proto] epoch 5/5  sigreg=0.3912  proto=1.0074  min_dist=1.92  mean_dist=5.66
  round 1: pool=184 purity=0.000 k-hat=3 anchors=3  margin=0.8014  mean-anchor=0.6802  8=0.680
  [sigreg+proto] epoch 1/5  sigreg=0.3835  proto=1.6607  min_dist=1.97  mean_dist=5.94
  [sigreg+proto] epoch 2/5  sigreg=0.3922  proto=1.0834  min_dist=2.03  mean_dist=6.01
  [sigreg+proto] epoch 3/5  sigreg=0.3845  proto=0.9045  min_dist=2.09  mean_dist=6.07
  [sigreg+proto] epoch 4/5  sigreg=0.3897  proto=0.8579  min_dist=2.15  mean_dist=6.14
  [sigreg+proto] epoch 5/5  sigreg=0.3713  proto=0.7381  min_dist=2.21  mean_dist=6.20
  round 2: pool=184 purity=0.000 k-hat=4 anchors=7  margin=0.7175  mean-anchor=0.7430  8=0.743
  [simclr-ft] per-event post f=0.003: power=0.075
  [simclr-ft] sparker (post, annealed)
    post-spk f=0.003: power=0.060 [0.028,0.115] (3/50)
  [simclr-ft] maha (post)
    post-maha f=0.003: power=0.000 [0.000,0.036] (0/50)
  [simclr-ft] mmd (post)
    post-mmd f=0.003: power=0.140 [0.090,0.207] (7/50)
  [sigreg+proto] epoch 1/5  sigreg=0.3281  proto=5.0185  min_dist=2.11  mean_dist=8.90
  [sigreg+proto] epoch 2/5  sigreg=0.4984  proto=3.2489  min_dist=2.19  mean_dist=8.95
  [sigreg+proto] epoch 3/5  sigreg=0.5724  proto=2.1636  min_dist=2.27  mean_dist=9.00
  [sigreg+proto] epoch 4/5  sigreg=0.5741  proto=2.0539  min_dist=2.34  mean_dist=9.06
  [sigreg+proto] epoch 5/5  sigreg=0.5637  proto=1.4605  min_dist=2.42  mean_dist=9.11
  round 1: pool=184 purity=0.000 k-hat=4 anchors=4  margin=0.7862  mean-anchor=0.7416  8=0.742
  [sigreg+proto] epoch 1/5  sigreg=0.5303  proto=2.2346  min_dist=2.49  mean_dist=9.11
  [sigreg+proto] epoch 2/5  sigreg=0.5174  proto=1.7155  min_dist=2.56  mean_dist=9.17
  [sigreg+proto] epoch 3/5  sigreg=0.5417  proto=1.2849  min_dist=2.64  mean_dist=9.23
  [sigreg+proto] epoch 4/5  sigreg=0.5323  proto=1.1959  min_dist=2.71  mean_dist=9.28
  [sigreg+proto] epoch 5/5  sigreg=0.5233  proto=1.0957  min_dist=2.78  mean_dist=9.34
  round 2: pool=184 purity=0.000 k-hat=4 anchors=8  margin=0.8344  mean-anchor=0.8644  8=0.864
  [sigreg-ssl-ft] per-event post f=0.003: power=0.250
  [sigreg-ssl-ft] sparker (post, annealed)
    post-spk f=0.003: power=0.040 [0.014,0.090] (2/50)
  [sigreg-ssl-ft] maha (post)
    post-maha f=0.003: power=0.060 [0.028,0.115] (3/50)
  [sigreg-ssl-ft] mmd (post)
    post-mmd f=0.003: power=0.060 [0.028,0.115] (3/50)
  [sigreg+proto] epoch 1/5  sigreg=0.5794  proto=2.2438  min_dist=0.55  mean_dist=1.77
  [sigreg+proto] epoch 2/5  sigreg=0.5231  proto=1.6074  min_dist=0.63  mean_dist=1.83
  [sigreg+proto] epoch 3/5  sigreg=0.5178  proto=1.4169  min_dist=0.70  mean_dist=1.90
  [sigreg+proto] epoch 4/5  sigreg=0.4926  proto=1.2902  min_dist=0.76  mean_dist=1.96
  [sigreg+proto] epoch 5/5  sigreg=0.4946  proto=1.0622  min_dist=0.82  mean_dist=2.03
  round 1: pool=185 purity=0.005 k-hat=1 anchors=1  margin=0.6476  mean-anchor=0.6188  8=0.619
  [sigreg+proto] epoch 1/5  sigreg=0.4665  proto=1.9028  min_dist=0.90  mean_dist=2.89
  [sigreg+proto] epoch 2/5  sigreg=0.4374  proto=1.5865  min_dist=0.97  mean_dist=2.96
  [sigreg+proto] epoch 3/5  sigreg=0.4493  proto=1.2362  min_dist=1.04  mean_dist=3.03
  [sigreg+proto] epoch 4/5  sigreg=0.4495  proto=1.2160  min_dist=1.11  mean_dist=3.09
  [sigreg+proto] epoch 5/5  sigreg=0.4361  proto=1.0962  min_dist=1.18  mean_dist=3.16
  round 2: pool=184 purity=0.000 k-hat=4 anchors=5  margin=0.6555  mean-anchor=0.5881  8=0.588
  [nplm-bil-ft] per-event post f=0.003: power=0.100
  [nplm-bil-ft] sparker (post, annealed)
    post-spk f=0.003: power=0.060 [0.028,0.115] (3/50)
  [nplm-bil-ft] maha (post)
    post-maha f=0.003: power=0.040 [0.014,0.090] (2/50)
  [nplm-bil-ft] mmd (post)
    post-mmd f=0.003: power=0.120 [0.074,0.184] (6/50)
  [sigreg+proto] epoch 1/5  sigreg=0.5380  proto=1.3443  min_dist=3.59  mean_dist=11.68
  [sigreg+proto] epoch 2/5  sigreg=0.5499  proto=1.1866  min_dist=3.65  mean_dist=11.74
  [sigreg+proto] epoch 3/5  sigreg=0.5649  proto=0.7487  min_dist=3.71  mean_dist=11.79
  [sigreg+proto] epoch 4/5  sigreg=0.5377  proto=0.7717  min_dist=3.78  mean_dist=11.84
  [sigreg+proto] epoch 5/5  sigreg=0.5200  proto=0.5840  min_dist=3.84  mean_dist=11.90
  round 1: pool=188 purity=0.021 k-hat=4 anchors=4  margin=0.8257  mean-anchor=0.7630  8=0.763
  [sigreg+proto] epoch 1/5  sigreg=0.5292  proto=2.1873  min_dist=3.89  mean_dist=11.96
  [sigreg+proto] epoch 2/5  sigreg=0.5789  proto=2.1372  min_dist=3.95  mean_dist=12.01
  [sigreg+proto] epoch 3/5  sigreg=0.5831  proto=1.1189  min_dist=4.00  mean_dist=12.05
  [sigreg+proto] epoch 4/5  sigreg=0.5649  proto=1.0502  min_dist=4.06  mean_dist=12.10
  [sigreg+proto] epoch 5/5  sigreg=0.5388  proto=0.9504  min_dist=4.12  mean_dist=12.15
  round 2: pool=185 purity=0.005 k-hat=4 anchors=8  margin=0.7582  mean-anchor=0.7905  8=0.791
  [supcon-ft] per-event post f=0.003: power=0.100
  [supcon-ft] sparker (post, annealed)
    post-spk f=0.003: power=0.000 [0.000,0.036] (0/50)
  [supcon-ft] maha (post)
    post-maha f=0.003: power=0.000 [0.000,0.036] (0/50)
  [supcon-ft] mmd (post)
    post-mmd f=0.003: power=0.040 [0.014,0.090] (2/50)
  [sigreg+proto] epoch 1/5  sigreg=0.4942  proto=0.9431  min_dist=1.87  mean_dist=12.29
  [sigreg+proto] epoch 2/5  sigreg=0.5110  proto=0.8000  min_dist=1.97  mean_dist=12.34
  [sigreg+proto] epoch 3/5  sigreg=0.5128  proto=0.5734  min_dist=2.06  mean_dist=12.40
  [sigreg+proto] epoch 4/5  sigreg=0.4977  proto=0.4151  min_dist=2.15  mean_dist=12.45
  [sigreg+proto] epoch 5/5  sigreg=0.4531  proto=0.5241  min_dist=2.24  mean_dist=12.51
  round 1: pool=192 purity=0.042 k-hat=4 anchors=4  margin=0.8359  mean-anchor=0.8477  8=0.848
    merged 8 -> 6 anchors
  [sigreg+proto] epoch 1/5  sigreg=0.4615  proto=1.0358  min_dist=2.22  mean_dist=12.59
  [sigreg+proto] epoch 2/5  sigreg=0.4838  proto=0.9146  min_dist=2.31  mean_dist=12.64
  [sigreg+proto] epoch 3/5  sigreg=0.4803  proto=0.9424  min_dist=2.40  mean_dist=12.69
  [sigreg+proto] epoch 4/5  sigreg=0.4703  proto=0.7309  min_dist=2.49  mean_dist=12.75
  [sigreg+proto] epoch 5/5  sigreg=0.4739  proto=0.6470  min_dist=2.57  mean_dist=12.80
  round 2: pool=186 purity=0.011 k-hat=4 anchors=6  margin=0.8180  mean-anchor=0.8298  8=0.830
  [ss-ft] per-event post f=0.003: power=0.225
  [ss-ft] sparker (post, annealed)
    post-spk f=0.003: power=0.060 [0.028,0.115] (3/50)
  [ss-ft] maha (post)
    post-maha f=0.003: power=0.000 [0.000,0.036] (0/50)
  [ss-ft] mmd (post)
    post-mmd f=0.003: power=0.040 [0.014,0.090] (2/50)
  [sigreg+proto] epoch 1/5  sigreg=0.8511  proto=1.3321  min_dist=0.23  mean_dist=4.79
  [sigreg+proto] epoch 2/5  sigreg=0.8268  proto=1.2172  min_dist=0.32  mean_dist=4.82
  [sigreg+proto] epoch 3/5  sigreg=0.8131  proto=1.1449  min_dist=0.38  mean_dist=4.85
  [sigreg+proto] epoch 4/5  sigreg=0.7968  proto=1.1005  min_dist=0.43  mean_dist=4.88
  [sigreg+proto] epoch 5/5  sigreg=0.7797  proto=1.1301  min_dist=0.47  mean_dist=4.90
  round 1: pool=190 purity=0.032 k-hat=2 anchors=2  margin=0.8284  mean-anchor=0.7802  8=0.780
  [sigreg+proto] epoch 1/5  sigreg=0.7746  proto=1.3578  min_dist=0.58  mean_dist=5.31
  [sigreg+proto] epoch 2/5  sigreg=0.7712  proto=1.2196  min_dist=0.69  mean_dist=5.35
  [sigreg+proto] epoch 3/5  sigreg=0.7573  proto=1.1168  min_dist=0.78  mean_dist=5.39
  [sigreg+proto] epoch 4/5  sigreg=0.7559  proto=1.0624  min_dist=0.85  mean_dist=5.43
  [sigreg+proto] epoch 5/5  sigreg=0.7452  proto=1.0466  min_dist=0.91  mean_dist=5.47
  round 2: pool=184 purity=0.000 k-hat=4 anchors=6  margin=0.8315  mean-anchor=0.7706  8=0.771
  [nplm-sup-ft] per-event post f=0.003: power=0.325
  [nplm-sup-ft] sparker (post, annealed)
    post-spk f=0.003: power=0.040 [0.014,0.090] (2/50)
  [nplm-sup-ft] maha (post)
    post-maha f=0.003: power=0.020 [0.003,0.064] (1/50)
  [nplm-sup-ft] mmd (post)
    post-mmd f=0.003: power=0.040 [0.014,0.090] (2/50)

===== POST grid, f=0.01 (37 injected) =====
  [sigreg+proto] epoch 1/5  sigreg=0.4038  proto=2.2229  min_dist=1.69  mean_dist=5.40
  [sigreg+proto] epoch 2/5  sigreg=0.4165  proto=2.0344  min_dist=1.75  mean_dist=5.47
  [sigreg+proto] epoch 3/5  sigreg=0.4047  proto=1.5835  min_dist=1.80  mean_dist=5.53
  [sigreg+proto] epoch 4/5  sigreg=0.4067  proto=1.1581  min_dist=1.85  mean_dist=5.59
  [sigreg+proto] epoch 5/5  sigreg=0.4029  proto=1.0253  min_dist=1.91  mean_dist=5.66
  round 1: pool=184 purity=0.000 k-hat=3 anchors=3  margin=0.7849  mean-anchor=0.7132  8=0.713
  [sigreg+proto] epoch 1/5  sigreg=0.3924  proto=1.2555  min_dist=1.96  mean_dist=6.15
  [sigreg+proto] epoch 2/5  sigreg=0.4001  proto=1.4508  min_dist=2.02  mean_dist=6.22
  [sigreg+proto] epoch 3/5  sigreg=0.3904  proto=1.0216  min_dist=2.08  mean_dist=6.28
  [sigreg+proto] epoch 4/5  sigreg=0.3898  proto=0.9204  min_dist=2.14  mean_dist=6.34
  [sigreg+proto] epoch 5/5  sigreg=0.3769  proto=0.8839  min_dist=2.20  mean_dist=6.41
  round 2: pool=184 purity=0.000 k-hat=4 anchors=7  margin=0.7488  mean-anchor=0.7754  8=0.775
  [simclr-ft] per-event post f=0.01: power=0.100
  [simclr-ft] sparker (post, annealed)
    post-spk f=0.01: power=0.100 [0.058,0.162] (5/50)
  [simclr-ft] maha (post)
    post-maha f=0.01: power=0.120 [0.074,0.184] (6/50)
  [simclr-ft] mmd (post)
    post-mmd f=0.01: power=0.020 [0.003,0.064] (1/50)
  [sigreg+proto] epoch 1/5  sigreg=0.3272  proto=4.8770  min_dist=2.11  mean_dist=8.90
  [sigreg+proto] epoch 2/5  sigreg=0.4915  proto=3.3063  min_dist=2.19  mean_dist=8.95
  [sigreg+proto] epoch 3/5  sigreg=0.5639  proto=2.6509  min_dist=2.27  mean_dist=9.00
  [sigreg+proto] epoch 4/5  sigreg=0.5683  proto=2.0913  min_dist=2.35  mean_dist=9.05
  [sigreg+proto] epoch 5/5  sigreg=0.5616  proto=1.6228  min_dist=2.42  mean_dist=9.11
  round 1: pool=184 purity=0.000 k-hat=4 anchors=4  margin=0.7883  mean-anchor=0.7502  8=0.750
  [sigreg+proto] epoch 1/5  sigreg=0.5324  proto=2.1182  min_dist=2.50  mean_dist=9.15
  [sigreg+proto] epoch 2/5  sigreg=0.5157  proto=1.6911  min_dist=2.57  mean_dist=9.21
  [sigreg+proto] epoch 3/5  sigreg=0.5322  proto=1.3585  min_dist=2.64  mean_dist=9.26
  [sigreg+proto] epoch 4/5  sigreg=0.5196  proto=1.2706  min_dist=2.71  mean_dist=9.32
  [sigreg+proto] epoch 5/5  sigreg=0.5293  proto=1.0167  min_dist=2.78  mean_dist=9.38
  round 2: pool=184 purity=0.000 k-hat=3 anchors=7  margin=0.8410  mean-anchor=0.8038  8=0.804
  [sigreg-ssl-ft] per-event post f=0.01: power=0.300
  [sigreg-ssl-ft] sparker (post, annealed)
    post-spk f=0.01: power=0.060 [0.028,0.115] (3/50)
  [sigreg-ssl-ft] maha (post)
    post-maha f=0.01: power=0.080 [0.042,0.138] (4/50)
  [sigreg-ssl-ft] mmd (post)
    post-mmd f=0.01: power=0.040 [0.014,0.090] (2/50)
  [sigreg+proto] epoch 1/5  sigreg=0.5801  proto=2.2124  min_dist=0.55  mean_dist=1.77
  [sigreg+proto] epoch 2/5  sigreg=0.5174  proto=1.7373  min_dist=0.63  mean_dist=1.83
  [sigreg+proto] epoch 3/5  sigreg=0.5305  proto=1.4031  min_dist=0.70  mean_dist=1.90
  [sigreg+proto] epoch 4/5  sigreg=0.5047  proto=1.1728  min_dist=0.76  mean_dist=1.96
  [sigreg+proto] epoch 5/5  sigreg=0.4879  proto=1.0620  min_dist=0.82  mean_dist=2.03
  round 1: pool=185 purity=0.005 k-hat=1 anchors=1  margin=0.6472  mean-anchor=0.6886  8=0.689
  [sigreg+proto] epoch 1/5  sigreg=0.4671  proto=1.9256  min_dist=0.90  mean_dist=2.99
  [sigreg+proto] epoch 2/5  sigreg=0.4592  proto=1.6039  min_dist=0.97  mean_dist=3.06
  [sigreg+proto] epoch 3/5  sigreg=0.4487  proto=1.3748  min_dist=1.04  mean_dist=3.13
  [sigreg+proto] epoch 4/5  sigreg=0.4448  proto=1.2335  min_dist=1.11  mean_dist=3.19
  [sigreg+proto] epoch 5/5  sigreg=0.4407  proto=1.1841  min_dist=1.18  mean_dist=3.26
  round 2: pool=184 purity=0.000 k-hat=4 anchors=5  margin=0.6576  mean-anchor=0.6818  8=0.682
  [nplm-bil-ft] per-event post f=0.01: power=0.050
  [nplm-bil-ft] sparker (post, annealed)
    post-spk f=0.01: power=0.020 [0.003,0.064] (1/50)
  [nplm-bil-ft] maha (post)
    post-maha f=0.01: power=0.020 [0.003,0.064] (1/50)
  [nplm-bil-ft] mmd (post)
    post-mmd f=0.01: power=0.040 [0.014,0.090] (2/50)
  [sigreg+proto] epoch 1/5  sigreg=0.5356  proto=1.1948  min_dist=3.59  mean_dist=12.01
  [sigreg+proto] epoch 2/5  sigreg=0.5310  proto=0.7316  min_dist=3.66  mean_dist=12.06
  [sigreg+proto] epoch 3/5  sigreg=0.5336  proto=1.0826  min_dist=3.72  mean_dist=12.12
  [sigreg+proto] epoch 4/5  sigreg=0.5341  proto=0.6766  min_dist=3.78  mean_dist=12.17
  [sigreg+proto] epoch 5/5  sigreg=0.5285  proto=0.4304  min_dist=3.84  mean_dist=12.22
  round 1: pool=205 purity=0.102 k-hat=4 anchors=4  margin=0.8379  mean-anchor=0.8423  8=0.842
    merged 7 -> 6 anchors
  [sigreg+proto] epoch 1/5  sigreg=0.5213  proto=1.5893  min_dist=3.90  mean_dist=12.25
  [sigreg+proto] epoch 2/5  sigreg=0.5701  proto=1.1823  min_dist=3.96  mean_dist=12.30
  [sigreg+proto] epoch 3/5  sigreg=0.5494  proto=0.8851  min_dist=4.01  mean_dist=12.35
  [sigreg+proto] epoch 4/5  sigreg=0.5565  proto=0.6894  min_dist=4.07  mean_dist=12.40
  [sigreg+proto] epoch 5/5  sigreg=0.5360  proto=0.8075  min_dist=4.12  mean_dist=12.45
  round 2: pool=190 purity=0.032 k-hat=3 anchors=6  margin=0.8401  mean-anchor=0.8634  8=0.863
  [supcon-ft] per-event post f=0.01: power=0.275
  [supcon-ft] sparker (post, annealed)
    post-spk f=0.01: power=0.020 [0.003,0.064] (1/50)
  [supcon-ft] maha (post)
    post-maha f=0.01: power=0.180 [0.124,0.251] (9/50)
  [supcon-ft] mmd (post)
    post-mmd f=0.01: power=0.120 [0.074,0.184] (6/50)
  [sigreg+proto] epoch 1/5  sigreg=0.4935  proto=1.1541  min_dist=1.78  mean_dist=12.22
  [sigreg+proto] epoch 2/5  sigreg=0.5191  proto=0.7498  min_dist=1.88  mean_dist=12.27
  [sigreg+proto] epoch 3/5  sigreg=0.4919  proto=0.7588  min_dist=1.97  mean_dist=12.33
  [sigreg+proto] epoch 4/5  sigreg=0.4830  proto=0.5203  min_dist=2.06  mean_dist=12.39
  [sigreg+proto] epoch 5/5  sigreg=0.4838  proto=0.3795  min_dist=2.15  mean_dist=12.44
  round 1: pool=216 purity=0.148 k-hat=4 anchors=4  margin=0.8293  mean-anchor=0.8056  8=0.806
    merged 8 -> 6 anchors
  [sigreg+proto] epoch 1/5  sigreg=0.4590  proto=0.9874  min_dist=2.04  mean_dist=12.56
  [sigreg+proto] epoch 2/5  sigreg=0.4786  proto=0.7180  min_dist=2.14  mean_dist=12.61
  [sigreg+proto] epoch 3/5  sigreg=0.4937  proto=0.7510  min_dist=2.23  mean_dist=12.66
  [sigreg+proto] epoch 4/5  sigreg=0.4859  proto=0.6475  min_dist=2.32  mean_dist=12.72
  [sigreg+proto] epoch 5/5  sigreg=0.4540  proto=0.5089  min_dist=2.40  mean_dist=12.77
  round 2: pool=200 purity=0.080 k-hat=4 anchors=6  margin=0.8153  mean-anchor=0.7793  8=0.779
  [ss-ft] per-event post f=0.01: power=0.175
  [ss-ft] sparker (post, annealed)
    post-spk f=0.01: power=0.080 [0.042,0.138] (4/50)
  [ss-ft] maha (post)
    post-maha f=0.01: power=0.180 [0.124,0.251] (9/50)
  [ss-ft] mmd (post)
    post-mmd f=0.01: power=0.080 [0.042,0.138] (4/50)
  [sigreg+proto] epoch 1/5  sigreg=0.8532  proto=1.2447  min_dist=0.23  mean_dist=4.79
  [sigreg+proto] epoch 2/5  sigreg=0.8265  proto=1.2615  min_dist=0.32  mean_dist=4.82
  [sigreg+proto] epoch 3/5  sigreg=0.8069  proto=1.2498  min_dist=0.38  mean_dist=4.84
  [sigreg+proto] epoch 4/5  sigreg=0.7988  proto=1.1026  min_dist=0.43  mean_dist=4.87
  [sigreg+proto] epoch 5/5  sigreg=0.7838  proto=1.1583  min_dist=0.47  mean_dist=4.90
  round 1: pool=201 purity=0.085 k-hat=2 anchors=2  margin=0.8621  mean-anchor=0.7520  8=0.752
  [sigreg+proto] epoch 1/5  sigreg=0.7748  proto=1.3991  min_dist=0.58  mean_dist=5.17
  [sigreg+proto] epoch 2/5  sigreg=0.7825  proto=1.2991  min_dist=0.69  mean_dist=5.21
  [sigreg+proto] epoch 3/5  sigreg=0.7668  proto=1.1847  min_dist=0.78  mean_dist=5.25
  [sigreg+proto] epoch 4/5  sigreg=0.7520  proto=1.2527  min_dist=0.85  mean_dist=5.29
  [sigreg+proto] epoch 5/5  sigreg=0.7451  proto=1.1935  min_dist=0.91  mean_dist=5.33
  round 2: pool=184 purity=0.000 k-hat=3 anchors=5  margin=0.8452  mean-anchor=0.7450  8=0.745
  [nplm-sup-ft] per-event post f=0.01: power=0.275
  [nplm-sup-ft] sparker (post, annealed)
    post-spk f=0.01: power=0.060 [0.028,0.115] (3/50)
  [nplm-sup-ft] maha (post)
    post-maha f=0.01: power=0.140 [0.090,0.207] (7/50)
  [nplm-sup-ft] mmd (post)
    post-mmd f=0.01: power=0.040 [0.014,0.090] (2/50)

===== POST grid, f=0.02 (75 injected) =====
  [sigreg+proto] epoch 1/5  sigreg=0.3935  proto=2.2754  min_dist=1.69  mean_dist=5.40
  [sigreg+proto] epoch 2/5  sigreg=0.4123  proto=1.5614  min_dist=1.75  mean_dist=5.47
  [sigreg+proto] epoch 3/5  sigreg=0.4118  proto=1.3820  min_dist=1.80  mean_dist=5.53
  [sigreg+proto] epoch 4/5  sigreg=0.4002  proto=1.2578  min_dist=1.85  mean_dist=5.59
  [sigreg+proto] epoch 5/5  sigreg=0.3970  proto=1.0592  min_dist=1.91  mean_dist=5.66
  round 1: pool=184 purity=0.000 k-hat=3 anchors=3  margin=0.7719  mean-anchor=0.6600  8=0.660
  [sigreg+proto] epoch 1/5  sigreg=0.4028  proto=1.5072  min_dist=1.96  mean_dist=6.42
  [sigreg+proto] epoch 2/5  sigreg=0.4081  proto=1.1763  min_dist=2.02  mean_dist=6.48
  [sigreg+proto] epoch 3/5  sigreg=0.3990  proto=1.0190  min_dist=2.08  mean_dist=6.54
  [sigreg+proto] epoch 4/5  sigreg=0.3796  proto=0.8661  min_dist=2.14  mean_dist=6.60
  [sigreg+proto] epoch 5/5  sigreg=0.3828  proto=0.7423  min_dist=2.19  mean_dist=6.66
  round 2: pool=185 purity=0.005 k-hat=4 anchors=7  margin=0.7407  mean-anchor=0.6955  8=0.696
  [simclr-ft] per-event post f=0.02: power=0.100
  [simclr-ft] sparker (post, annealed)
    post-spk f=0.02: power=0.160 [0.107,0.229] (8/50)
  [simclr-ft] maha (post)
    post-maha f=0.02: power=0.160 [0.107,0.229] (8/50)
  [simclr-ft] mmd (post)
    post-mmd f=0.02: power=0.200 [0.141,0.273] (10/50)
  [sigreg+proto] epoch 1/5  sigreg=0.3200  proto=5.3694  min_dist=2.11  mean_dist=8.90
  [sigreg+proto] epoch 2/5  sigreg=0.5028  proto=3.2141  min_dist=2.19  mean_dist=8.95
  [sigreg+proto] epoch 3/5  sigreg=0.5860  proto=2.5536  min_dist=2.27  mean_dist=9.00
  [sigreg+proto] epoch 4/5  sigreg=0.5641  proto=1.8902  min_dist=2.35  mean_dist=9.05
  [sigreg+proto] epoch 5/5  sigreg=0.5691  proto=1.8737  min_dist=2.42  mean_dist=9.11
  round 1: pool=184 purity=0.000 k-hat=4 anchors=4  margin=0.8284  mean-anchor=0.8124  8=0.812
  [sigreg+proto] epoch 1/5  sigreg=0.5206  proto=2.2746  min_dist=2.50  mean_dist=9.28
  [sigreg+proto] epoch 2/5  sigreg=0.5178  proto=1.7638  min_dist=2.57  mean_dist=9.33
  [sigreg+proto] epoch 3/5  sigreg=0.5402  proto=1.4598  min_dist=2.64  mean_dist=9.39
  [sigreg+proto] epoch 4/5  sigreg=0.5312  proto=1.2433  min_dist=2.71  mean_dist=9.45
  [sigreg+proto] epoch 5/5  sigreg=0.5281  proto=1.0941  min_dist=2.77  mean_dist=9.50
  round 2: pool=185 purity=0.005 k-hat=4 anchors=8  margin=0.8036  mean-anchor=0.7696  8=0.770
  [sigreg-ssl-ft] per-event post f=0.02: power=0.150
  [sigreg-ssl-ft] sparker (post, annealed)
    post-spk f=0.02: power=0.080 [0.042,0.138] (4/50)
  [sigreg-ssl-ft] maha (post)
    post-maha f=0.02: power=0.220 [0.159,0.294] (11/50)
  [sigreg-ssl-ft] mmd (post)
    post-mmd f=0.02: power=0.300 [0.231,0.378] (15/50)
  [sigreg+proto] epoch 1/5  sigreg=0.5688  proto=2.2681  min_dist=0.55  mean_dist=1.77
  [sigreg+proto] epoch 2/5  sigreg=0.5197  proto=1.6331  min_dist=0.63  mean_dist=1.83
  [sigreg+proto] epoch 3/5  sigreg=0.5279  proto=1.3371  min_dist=0.70  mean_dist=1.90
  [sigreg+proto] epoch 4/5  sigreg=0.5097  proto=1.1978  min_dist=0.76  mean_dist=1.96
  [sigreg+proto] epoch 5/5  sigreg=0.4917  proto=1.1077  min_dist=0.82  mean_dist=2.03
  round 1: pool=186 purity=0.011 k-hat=1 anchors=1  margin=0.6648  mean-anchor=0.6188  8=0.619
  [sigreg+proto] epoch 1/5  sigreg=0.5359  proto=2.6787  min_dist=0.90  mean_dist=3.00
  [sigreg+proto] epoch 2/5  sigreg=0.4802  proto=1.7847  min_dist=0.97  mean_dist=3.06
  [sigreg+proto] epoch 3/5  sigreg=0.4680  proto=1.5545  min_dist=1.04  mean_dist=3.13
  [sigreg+proto] epoch 4/5  sigreg=0.4447  proto=1.5318  min_dist=1.11  mean_dist=3.20
  [sigreg+proto] epoch 5/5  sigreg=0.4454  proto=1.2487  min_dist=1.18  mean_dist=3.26
  round 2: pool=185 purity=0.005 k-hat=4 anchors=5  margin=0.6555  mean-anchor=0.6471  8=0.647
  [nplm-bil-ft] per-event post f=0.02: power=0.050
  [nplm-bil-ft] sparker (post, annealed)
    post-spk f=0.02: power=0.060 [0.028,0.115] (3/50)
  [nplm-bil-ft] maha (post)
    post-maha f=0.02: power=0.200 [0.141,0.273] (10/50)
  [nplm-bil-ft] mmd (post)
    post-mmd f=0.02: power=0.080 [0.042,0.138] (4/50)
  [sigreg+proto] epoch 1/5  sigreg=0.5221  proto=1.3195  min_dist=3.53  mean_dist=11.94
  [sigreg+proto] epoch 2/5  sigreg=0.5540  proto=0.8257  min_dist=3.58  mean_dist=11.99
  [sigreg+proto] epoch 3/5  sigreg=0.5390  proto=0.5732  min_dist=3.63  mean_dist=12.04
  [sigreg+proto] epoch 4/5  sigreg=0.5392  proto=0.5795  min_dist=3.68  mean_dist=12.10
  [sigreg+proto] epoch 5/5  sigreg=0.5232  proto=0.6861  min_dist=3.73  mean_dist=12.15
  round 1: pool=219 purity=0.160 k-hat=4 anchors=4  margin=0.8500  mean-anchor=0.8451  8=0.845
  [sigreg+proto] epoch 1/5  sigreg=0.5175  proto=1.4911  min_dist=3.79  mean_dist=12.05
  [sigreg+proto] epoch 2/5  sigreg=0.5614  proto=1.4101  min_dist=3.83  mean_dist=12.10
  [sigreg+proto] epoch 3/5  sigreg=0.5610  proto=1.2055  min_dist=3.87  mean_dist=12.15
  [sigreg+proto] epoch 4/5  sigreg=0.5463  proto=0.6005  min_dist=3.92  mean_dist=12.20
  [sigreg+proto] epoch 5/5  sigreg=0.5219  proto=0.8282  min_dist=3.97  mean_dist=12.25
  round 2: pool=191 purity=0.037 k-hat=3 anchors=7  margin=0.8049  mean-anchor=0.7936  8=0.794
  [supcon-ft] per-event post f=0.02: power=0.175
  [supcon-ft] sparker (post, annealed)
    post-spk f=0.02: power=0.220 [0.159,0.294] (11/50)
  [supcon-ft] maha (post)
    post-maha f=0.02: power=0.360 [0.286,0.440] (18/50)
  [supcon-ft] mmd (post)
    post-mmd f=0.02: power=0.140 [0.090,0.207] (7/50)
  [sigreg+proto] epoch 1/5  sigreg=0.4743  proto=1.0519  min_dist=1.77  mean_dist=12.28
  [sigreg+proto] epoch 2/5  sigreg=0.5192  proto=0.5899  min_dist=1.87  mean_dist=12.34
  [sigreg+proto] epoch 3/5  sigreg=0.4939  proto=0.5336  min_dist=1.97  mean_dist=12.39
  [sigreg+proto] epoch 4/5  sigreg=0.4692  proto=0.5218  min_dist=2.06  mean_dist=12.45
  [sigreg+proto] epoch 5/5  sigreg=0.4539  proto=0.5370  min_dist=2.15  mean_dist=12.51
  round 1: pool=246 purity=0.252 k-hat=4 anchors=4  margin=0.8491  mean-anchor=0.8709  8=0.871
    merged 7 -> 6 anchors
  [sigreg+proto] epoch 1/5  sigreg=0.4628  proto=1.3979  min_dist=2.25  mean_dist=12.59
  [sigreg+proto] epoch 2/5  sigreg=0.5015  proto=0.8181  min_dist=2.35  mean_dist=12.65
  [sigreg+proto] epoch 3/5  sigreg=0.4767  proto=0.7278  min_dist=2.45  mean_dist=12.70
  [sigreg+proto] epoch 4/5  sigreg=0.4740  proto=0.5829  min_dist=2.54  mean_dist=12.75
  [sigreg+proto] epoch 5/5  sigreg=0.4613  proto=0.5449  min_dist=2.63  mean_dist=12.80
  round 2: pool=193 purity=0.047 k-hat=3 anchors=6  margin=0.8250  mean-anchor=0.8233  8=0.823
  [ss-ft] per-event post f=0.02: power=0.325
  [ss-ft] sparker (post, annealed)
    post-spk f=0.02: power=0.120 [0.074,0.184] (6/50)
  [ss-ft] maha (post)
    post-maha f=0.02: power=0.200 [0.141,0.273] (10/50)
  [ss-ft] mmd (post)
    post-mmd f=0.02: power=0.400 [0.324,0.480] (20/50)
  [sigreg+proto] epoch 1/5  sigreg=0.8544  proto=1.2734  min_dist=0.23  mean_dist=4.79
  [sigreg+proto] epoch 2/5  sigreg=0.8357  proto=1.2016  min_dist=0.32  mean_dist=4.81
  [sigreg+proto] epoch 3/5  sigreg=0.8173  proto=1.1620  min_dist=0.38  mean_dist=4.84
  [sigreg+proto] epoch 4/5  sigreg=0.7983  proto=1.2152  min_dist=0.43  mean_dist=4.87
  [sigreg+proto] epoch 5/5  sigreg=0.7900  proto=1.1776  min_dist=0.47  mean_dist=4.90
  round 1: pool=228 purity=0.193 k-hat=2 anchors=2  margin=0.8339  mean-anchor=0.7846  8=0.785
  [sigreg+proto] epoch 1/5  sigreg=0.7778  proto=1.2537  min_dist=0.58  mean_dist=5.08
  [sigreg+proto] epoch 2/5  sigreg=0.7724  proto=1.2969  min_dist=0.69  mean_dist=5.12
  [sigreg+proto] epoch 3/5  sigreg=0.7718  proto=1.1381  min_dist=0.78  mean_dist=5.16
  [sigreg+proto] epoch 4/5  sigreg=0.7503  proto=1.1704  min_dist=0.85  mean_dist=5.20
  [sigreg+proto] epoch 5/5  sigreg=0.7551  proto=1.0050  min_dist=0.91  mean_dist=5.24
  round 2: pool=184 purity=0.000 k-hat=3 anchors=5  margin=0.8287  mean-anchor=0.7927  8=0.793
  [nplm-sup-ft] per-event post f=0.02: power=0.325
  [nplm-sup-ft] sparker (post, annealed)
    post-spk f=0.02: power=0.180 [0.124,0.251] (9/50)
  [nplm-sup-ft] maha (post)
    post-maha f=0.02: power=0.520 [0.440,0.599] (26/50)
  [nplm-sup-ft] mmd (post)
    post-mmd f=0.02: power=0.280 [0.213,0.357] (14/50)

===== POST grid, f=0.05 (80 injected) =====
  [sigreg+proto] epoch 1/5  sigreg=0.3922  proto=2.5229  min_dist=1.69  mean_dist=5.40
  [sigreg+proto] epoch 2/5  sigreg=0.4072  proto=1.8356  min_dist=1.75  mean_dist=5.47
  [sigreg+proto] epoch 3/5  sigreg=0.3992  proto=1.5416  min_dist=1.80  mean_dist=5.53
  [sigreg+proto] epoch 4/5  sigreg=0.4165  proto=1.1691  min_dist=1.86  mean_dist=5.59
  [sigreg+proto] epoch 5/5  sigreg=0.4069  proto=1.0499  min_dist=1.91  mean_dist=5.66
  round 1: pool=184 purity=0.000 k-hat=3 anchors=3  margin=0.8005  mean-anchor=0.6489  8=0.649
  [sigreg+proto] epoch 1/5  sigreg=0.4061  proto=1.3702  min_dist=1.97  mean_dist=5.98
  [sigreg+proto] epoch 2/5  sigreg=0.3948  proto=1.0508  min_dist=2.03  mean_dist=6.05
  [sigreg+proto] epoch 3/5  sigreg=0.3799  proto=0.9937  min_dist=2.09  mean_dist=6.12
  [sigreg+proto] epoch 4/5  sigreg=0.3952  proto=0.8670  min_dist=2.14  mean_dist=6.18
  [sigreg+proto] epoch 5/5  sigreg=0.3682  proto=0.7704  min_dist=2.20  mean_dist=6.25
  round 2: pool=185 purity=0.005 k-hat=4 anchors=7  margin=0.7382  mean-anchor=0.7188  8=0.719
  [simclr-ft] per-event post f=0.05: power=0.075
  [simclr-ft] sparker (post, annealed)
    post-spk f=0.05: power=0.960 [0.910,0.986] (48/50)
  [simclr-ft] maha (post)
    post-maha f=0.05: power=0.740 [0.664,0.806] (37/50)
  [simclr-ft] mmd (post)
    post-mmd f=0.05: power=0.520 [0.440,0.599] (26/50)
  [sigreg+proto] epoch 1/5  sigreg=0.3275  proto=4.8465  min_dist=2.11  mean_dist=8.90
  [sigreg+proto] epoch 2/5  sigreg=0.4894  proto=3.1199  min_dist=2.19  mean_dist=8.96
  [sigreg+proto] epoch 3/5  sigreg=0.5592  proto=2.5616  min_dist=2.26  mean_dist=9.01
  [sigreg+proto] epoch 4/5  sigreg=0.5883  proto=2.0265  min_dist=2.34  mean_dist=9.06
  [sigreg+proto] epoch 5/5  sigreg=0.5816  proto=1.6450  min_dist=2.41  mean_dist=9.11
  round 1: pool=184 purity=0.000 k-hat=4 anchors=4  margin=0.7889  mean-anchor=0.7999  8=0.800
  [sigreg+proto] epoch 1/5  sigreg=0.5423  proto=2.2314  min_dist=2.49  mean_dist=9.13
  [sigreg+proto] epoch 2/5  sigreg=0.5221  proto=1.7051  min_dist=2.56  mean_dist=9.19
  [sigreg+proto] epoch 3/5  sigreg=0.5387  proto=1.2969  min_dist=2.63  mean_dist=9.25
  [sigreg+proto] epoch 4/5  sigreg=0.5221  proto=1.3106  min_dist=2.70  mean_dist=9.30
  [sigreg+proto] epoch 5/5  sigreg=0.5197  proto=1.0992  min_dist=2.77  mean_dist=9.36
  round 2: pool=184 purity=0.000 k-hat=4 anchors=8  margin=0.8191  mean-anchor=0.8216  8=0.822
  [sigreg-ssl-ft] per-event post f=0.05: power=0.275
  [sigreg-ssl-ft] sparker (post, annealed)
    post-spk f=0.05: power=0.860 [0.793,0.910] (43/50)
  [sigreg-ssl-ft] maha (post)
    post-maha f=0.05: power=0.740 [0.664,0.806] (37/50)
  [sigreg-ssl-ft] mmd (post)
    post-mmd f=0.05: power=0.820 [0.749,0.876] (41/50)
  [sigreg+proto] epoch 1/5  sigreg=0.5745  proto=2.2384  min_dist=0.55  mean_dist=1.77
  [sigreg+proto] epoch 2/5  sigreg=0.5122  proto=1.6731  min_dist=0.63  mean_dist=1.83
  [sigreg+proto] epoch 3/5  sigreg=0.5407  proto=1.4233  min_dist=0.70  mean_dist=1.90
  [sigreg+proto] epoch 4/5  sigreg=0.5157  proto=1.2127  min_dist=0.76  mean_dist=1.96
  [sigreg+proto] epoch 5/5  sigreg=0.4866  proto=1.0916  min_dist=0.82  mean_dist=2.03
  round 1: pool=186 purity=0.011 k-hat=1 anchors=1  margin=0.6415  mean-anchor=0.6422  8=0.642
  [sigreg+proto] epoch 1/5  sigreg=0.4932  proto=2.1950  min_dist=0.90  mean_dist=2.98
  [sigreg+proto] epoch 2/5  sigreg=0.4380  proto=1.5445  min_dist=0.97  mean_dist=3.05
  [sigreg+proto] epoch 3/5  sigreg=0.4480  proto=1.3831  min_dist=1.04  mean_dist=3.11
  [sigreg+proto] epoch 4/5  sigreg=0.4417  proto=1.1539  min_dist=1.11  mean_dist=3.18
  [sigreg+proto] epoch 5/5  sigreg=0.4325  proto=1.1487  min_dist=1.18  mean_dist=3.24
  round 2: pool=184 purity=0.000 k-hat=4 anchors=5  margin=0.6361  mean-anchor=0.6643  8=0.664
  [nplm-bil-ft] per-event post f=0.05: power=0.050
  [nplm-bil-ft] sparker (post, annealed)
    post-spk f=0.05: power=0.940 [0.885,0.972] (47/50)
  [nplm-bil-ft] maha (post)
    post-maha f=0.05: power=0.480 [0.401,0.560] (24/50)
  [nplm-bil-ft] mmd (post)
    post-mmd f=0.05: power=0.260 [0.194,0.336] (13/50)
  [sigreg+proto] epoch 1/5  sigreg=0.5337  proto=0.9489  min_dist=1.29  mean_dist=11.82
  [sigreg+proto] epoch 2/5  sigreg=0.5350  proto=0.8233  min_dist=1.39  mean_dist=11.88
  [sigreg+proto] epoch 3/5  sigreg=0.5196  proto=0.7739  min_dist=1.49  mean_dist=11.93
  [sigreg+proto] epoch 4/5  sigreg=0.5373  proto=0.5907  min_dist=1.58  mean_dist=11.98
  [sigreg+proto] epoch 5/5  sigreg=0.5218  proto=0.5100  min_dist=1.67  mean_dist=12.04
  round 1: pool=223 purity=0.175 k-hat=4 anchors=4  margin=0.8272  mean-anchor=0.7899  8=0.790
  [sigreg+proto] epoch 1/5  sigreg=0.5318  proto=1.9606  min_dist=1.78  mean_dist=11.96
  [sigreg+proto] epoch 2/5  sigreg=0.5774  proto=1.2683  min_dist=1.89  mean_dist=12.00
  [sigreg+proto] epoch 3/5  sigreg=0.5429  proto=0.9643  min_dist=1.99  mean_dist=12.05
  [sigreg+proto] epoch 4/5  sigreg=0.5374  proto=0.9574  min_dist=2.09  mean_dist=12.11
  [sigreg+proto] epoch 5/5  sigreg=0.5246  proto=0.6877  min_dist=2.19  mean_dist=12.16
  round 2: pool=194 purity=0.052 k-hat=4 anchors=8  margin=0.8158  mean-anchor=0.8193  8=0.819
  [supcon-ft] per-event post f=0.05: power=0.150
  [supcon-ft] sparker (post, annealed)
    post-spk f=0.05: power=0.880 [0.816,0.926] (44/50)
  [supcon-ft] maha (post)
    post-maha f=0.05: power=0.660 [0.581,0.732] (33/50)
  [supcon-ft] mmd (post)
    post-mmd f=0.05: power=0.720 [0.643,0.787] (36/50)
  [sigreg+proto] epoch 1/5  sigreg=0.4968  proto=0.8719  min_dist=2.32  mean_dist=12.20
  [sigreg+proto] epoch 2/5  sigreg=0.5109  proto=0.5953  min_dist=2.41  mean_dist=12.26
  [sigreg+proto] epoch 3/5  sigreg=0.4833  proto=0.6105  min_dist=2.50  mean_dist=12.32
  [sigreg+proto] epoch 4/5  sigreg=0.4959  proto=0.3878  min_dist=2.59  mean_dist=12.38
  [sigreg+proto] epoch 5/5  sigreg=0.4712  proto=0.3694  min_dist=2.67  mean_dist=12.44
  round 1: pool=251 purity=0.267 k-hat=4 anchors=4  margin=0.8573  mean-anchor=0.8786  8=0.879
    merged 8 -> 7 anchors
  [sigreg+proto] epoch 1/5  sigreg=0.4610  proto=1.4628  min_dist=2.12  mean_dist=12.57
  [sigreg+proto] epoch 2/5  sigreg=0.5139  proto=0.8981  min_dist=2.21  mean_dist=12.62
  [sigreg+proto] epoch 3/5  sigreg=0.4887  proto=0.6272  min_dist=2.30  mean_dist=12.67
  [sigreg+proto] epoch 4/5  sigreg=0.4647  proto=0.6935  min_dist=2.39  mean_dist=12.72
  [sigreg+proto] epoch 5/5  sigreg=0.4482  proto=0.4687  min_dist=2.47  mean_dist=12.78
  round 2: pool=198 purity=0.071 k-hat=4 anchors=7  margin=0.8216  mean-anchor=0.8491  8=0.849
  [ss-ft] per-event post f=0.05: power=0.175
  [ss-ft] sparker (post, annealed)
    post-spk f=0.05: power=0.720 [0.643,0.787] (36/50)
  [ss-ft] maha (post)
    post-maha f=0.05: power=0.800 [0.727,0.859] (40/50)
  [ss-ft] mmd (post)
    post-mmd f=0.05: power=0.940 [0.885,0.972] (47/50)
  [sigreg+proto] epoch 1/5  sigreg=0.8529  proto=1.3842  min_dist=0.23  mean_dist=4.79
  [sigreg+proto] epoch 2/5  sigreg=0.8266  proto=1.3513  min_dist=0.32  mean_dist=4.81
  [sigreg+proto] epoch 3/5  sigreg=0.8222  proto=1.1676  min_dist=0.38  mean_dist=4.84
  [sigreg+proto] epoch 4/5  sigreg=0.8117  proto=1.1130  min_dist=0.43  mean_dist=4.87
  [sigreg+proto] epoch 5/5  sigreg=0.7882  proto=1.1440  min_dist=0.47  mean_dist=4.90
  round 1: pool=229 purity=0.197 k-hat=2 anchors=2  margin=0.8558  mean-anchor=0.7813  8=0.781
  [sigreg+proto] epoch 1/5  sigreg=0.7778  proto=1.3751  min_dist=0.58  mean_dist=5.13
  [sigreg+proto] epoch 2/5  sigreg=0.7846  proto=1.2807  min_dist=0.69  mean_dist=5.17
  [sigreg+proto] epoch 3/5  sigreg=0.7770  proto=1.1519  min_dist=0.78  mean_dist=5.21
  [sigreg+proto] epoch 4/5  sigreg=0.7654  proto=1.1649  min_dist=0.85  mean_dist=5.25
  [sigreg+proto] epoch 5/5  sigreg=0.7599  proto=1.0399  min_dist=0.91  mean_dist=5.29
  round 2: pool=184 purity=0.000 k-hat=3 anchors=5  margin=0.8378  mean-anchor=0.7706  8=0.771
  [nplm-sup-ft] per-event post f=0.05: power=0.200
  [nplm-sup-ft] sparker (post, annealed)
    post-spk f=0.05: power=0.820 [0.749,0.876] (41/50)
  [nplm-sup-ft] maha (post)
    post-maha f=0.05: power=0.740 [0.664,0.806] (37/50)
  [nplm-sup-ft] mmd (post)
    post-mmd f=0.05: power=0.420 [0.343,0.500] (21/50)

===== EXP70 PEREVENT POST POWER =====
  arm                 0.003     0.01     0.02     0.05
  simclr-ft           0.075    0.100    0.100    0.075
  sigreg-ssl-ft       0.250    0.300    0.150    0.275
  nplm-bil-ft         0.100    0.050    0.050    0.050
  supcon-ft           0.100    0.275    0.175    0.150
  ss-ft               0.225    0.175    0.325    0.175
  nplm-sup-ft         0.325    0.275    0.325    0.200
  saved /home/pharris/sigreg/SuperSig/plots/exp70_perevent_power_post_dtd_visreg_ft70_h1_d0.png

===== EXP70 SPARKER POST POWER =====
  arm                 0.003     0.01     0.02     0.05
  simclr-ft           0.060    0.100    0.160    0.960
  sigreg-ssl-ft       0.040    0.060    0.080    0.860
  nplm-bil-ft         0.060    0.020    0.060    0.940
  supcon-ft           0.000    0.020    0.220    0.880
  ss-ft               0.060    0.080    0.120    0.720
  nplm-sup-ft         0.040    0.060    0.180    0.820
  saved /home/pharris/sigreg/SuperSig/plots/exp70_sparker_power_post_dtd_visreg_ft70_h1_d0.png

===== EXP70 MAHA POST POWER =====
  arm                 0.003     0.01     0.02     0.05
  simclr-ft           0.000    0.120    0.160    0.740
  sigreg-ssl-ft       0.060    0.080    0.220    0.740
  nplm-bil-ft         0.040    0.020    0.200    0.480
  supcon-ft           0.000    0.180    0.360    0.660
  ss-ft               0.000    0.180    0.200    0.800
  nplm-sup-ft         0.020    0.140    0.520    0.740
  saved /home/pharris/sigreg/SuperSig/plots/exp70_maha_power_post_dtd_visreg_ft70_h1_d0.png

===== EXP70 MMD POST POWER =====
  arm                 0.003     0.01     0.02     0.05
  simclr-ft           0.140    0.020    0.200    0.520
  sigreg-ssl-ft       0.060    0.040    0.300    0.820
  nplm-bil-ft         0.120    0.040    0.080    0.260
  supcon-ft           0.040    0.120    0.140    0.720
  ss-ft               0.040    0.080    0.400    0.940
  nplm-sup-ft         0.040    0.040    0.280    0.420
  saved /home/pharris/sigreg/SuperSig/plots/exp70_mmd_power_post_dtd_visreg_ft70_h1_d0.png

===== EXP70 SUMMARY [dtd_visreg_ft70_h1_d0] =====
  [simclr-ft     ] probe=0.7417+-0.0229 acc=0.6092 eucl=0.4216 mahaT=0.4311  || post: probe=0.7877 eucl=0.5040 mahaT=0.5344
          round 1: purity=0.000 anchors=3  margin=0.7849
          round 2: purity=0.005 anchors=7  margin=0.7521
  [sigreg-ssl-ft ] probe=0.8231+-0.0075 acc=0.6152 eucl=0.5380 mahaT=0.5245  || post: probe=0.8312 eucl=0.5547 mahaT=0.5477
          round 1: purity=0.000 anchors=4  margin=0.7942
          round 2: purity=0.000 anchors=7  margin=0.8186
  [nplm-bil-ft   ] probe=0.6376+-0.0072 acc=0.5255 eucl=0.6174 mahaT=0.5606  || post: probe=0.8018 eucl=0.6101 mahaT=0.5651
          round 1: purity=0.011 anchors=1  margin=0.7059
          round 2: purity=0.000 anchors=5  margin=0.6842
  [supcon-ft     ] probe=0.6011+-0.0138 acc=0.7630 eucl=0.7501 mahaT=0.6887  || post: probe=0.6170 eucl=0.7947 mahaT=0.7535
          round 1: purity=0.175 anchors=4  margin=0.8448
          round 2: purity=0.026 anchors=8  margin=0.7684
  [ss-ft         ] probe=0.8419+-0.0088 acc=0.7880 eucl=0.7778 mahaT=0.7377  || post: probe=0.5547 eucl=0.7670 mahaT=0.7317
          round 1: purity=0.267 anchors=4  margin=0.8503
          round 2: purity=0.061 anchors=7  margin=0.8207
  [nplm-sup-ft   ] probe=0.5275+-0.0498 acc=0.5799 eucl=0.8053 mahaT=0.8012  || post: probe=0.7740 eucl=0.7859 mahaT=0.7534
          round 1: purity=0.197 anchors=2  margin=0.8691
          round 2: purity=0.000 anchors=6  margin=0.8101
saved /home/pharris/sigreg/SuperSig/plots/exp70_probe_dtd_visreg_ft70_h1_d0.png
Done.
