/home/pharris/venv/lib64/python3.9/site-packages/networkx/utils/backends.py:135: RuntimeWarning: networkx backend defined more than once: nx-loopback
  backends.update(_get_backends("networkx.backends"))
Using cache found in /home/pharris/.cache/torch/hub/facebookresearch_dino_main
Using cache found in /home/pharris/.cache/torch/hub/facebookresearch_dino_main

######## [galaxy10_dino] discovery on supcon-ft->res concat ########
  [sigreg+proto] epoch 1/5  sigreg=0.3896  proto=8.0227  min_dist=4.79  mean_dist=15.21
  [sigreg+proto] epoch 2/5  sigreg=0.4840  proto=4.7643  min_dist=4.86  mean_dist=15.23
  [sigreg+proto] epoch 3/5  sigreg=0.5795  proto=4.7085  min_dist=4.93  mean_dist=15.26
  [sigreg+proto] epoch 4/5  sigreg=0.6443  proto=3.0059  min_dist=5.00  mean_dist=15.29
  [sigreg+proto] epoch 5/5  sigreg=0.7103  proto=2.8851  min_dist=5.07  mean_dist=15.31
  round 1: pool=87 purity=0.000 k-hat=4 anchors=4  margin=0.6443  mean-anchor=0.4949  4=0.495
  [sigreg+proto] epoch 1/5  sigreg=0.5938  proto=6.7810  min_dist=5.14  mean_dist=15.48
  [sigreg+proto] epoch 2/5  sigreg=0.6058  proto=4.2202  min_dist=5.20  mean_dist=15.51
  [sigreg+proto] epoch 3/5  sigreg=0.6329  proto=3.1131  min_dist=5.26  mean_dist=15.54
  [sigreg+proto] epoch 4/5  sigreg=0.6361  proto=2.6613  min_dist=5.33  mean_dist=15.57
  [sigreg+proto] epoch 5/5  sigreg=0.6471  proto=2.4762  min_dist=5.39  mean_dist=15.60
  round 2: pool=88 purity=0.011 k-hat=4 anchors=8  margin=0.7087  mean-anchor=0.6932  4=0.693
  [galaxy10_dino] supcon-ft->res concat: probe 0.9318+-0.0086 -> 0.9024+-0.0255  eucl 0.5520 -> 0.5827  mahaT 0.5538 -> 0.4967  lid 0.6251 -> 0.5661
          round 1: purity=0.000 anchors=4  margin=0.6443
          round 2: purity=0.011 anchors=8  margin=0.7087
  [sigreg+proto] epoch 1/5  sigreg=0.3896  proto=8.0227  min_dist=4.79  mean_dist=15.21
  [sigreg+proto] epoch 2/5  sigreg=0.4840  proto=4.7643  min_dist=4.86  mean_dist=15.23
  [sigreg+proto] epoch 3/5  sigreg=0.5795  proto=4.7085  min_dist=4.93  mean_dist=15.26
  [sigreg+proto] epoch 4/5  sigreg=0.6443  proto=3.0059  min_dist=5.00  mean_dist=15.29
  [sigreg+proto] epoch 5/5  sigreg=0.7103  proto=2.8851  min_dist=5.07  mean_dist=15.31
  round 1: pool=87 purity=0.000 k-hat=4 anchors=4  margin=0.6443  mean-anchor=0.4949  4=0.495
  [sigreg+proto] epoch 1/5  sigreg=0.6341  proto=5.9317  min_dist=5.16  mean_dist=15.40
  [sigreg+proto] epoch 2/5  sigreg=0.6552  proto=3.6277  min_dist=5.23  mean_dist=15.44
  [sigreg+proto] epoch 3/5  sigreg=0.7140  proto=2.6134  min_dist=5.31  mean_dist=15.47
  [sigreg+proto] epoch 4/5  sigreg=0.7320  proto=2.2001  min_dist=5.40  mean_dist=15.51
  [sigreg+proto] epoch 5/5  sigreg=0.7073  proto=2.1976  min_dist=5.48  mean_dist=15.55
  round 2: pool=88 purity=0.011 k-hat=3 anchors=7  margin=0.6673  mean-anchor=0.6892  4=0.689
    post-spk f=0.003: power=0.040 [0.014,0.090] (2/50)
    post-maha f=0.003: power=0.060 [0.028,0.115] (3/50)
    post-mmd f=0.003: power=0.020 [0.003,0.064] (1/50)
  [galaxy10_dino] post f=0.003: perevent=0.013  sparker=0.040  maha=0.060  mmd=0.020
  [sigreg+proto] epoch 1/5  sigreg=0.3766  proto=7.9272  min_dist=4.79  mean_dist=15.21
  [sigreg+proto] epoch 2/5  sigreg=0.4636  proto=4.7524  min_dist=4.86  mean_dist=15.23
  [sigreg+proto] epoch 3/5  sigreg=0.5902  proto=3.6290  min_dist=4.94  mean_dist=15.26
  [sigreg+proto] epoch 4/5  sigreg=0.6208  proto=2.8966  min_dist=5.01  mean_dist=15.29
  [sigreg+proto] epoch 5/5  sigreg=0.6376  proto=2.6554  min_dist=5.08  mean_dist=15.32
  round 1: pool=87 purity=0.000 k-hat=4 anchors=4  margin=0.6431  mean-anchor=0.5246  4=0.525
  [sigreg+proto] epoch 1/5  sigreg=0.5487  proto=7.0552  min_dist=5.14  mean_dist=15.50
  [sigreg+proto] epoch 2/5  sigreg=0.5564  proto=4.8988  min_dist=5.20  mean_dist=15.53
  [sigreg+proto] epoch 3/5  sigreg=0.6186  proto=3.3869  min_dist=5.27  mean_dist=15.55
  [sigreg+proto] epoch 4/5  sigreg=0.6099  proto=2.8293  min_dist=5.33  mean_dist=15.58
  [sigreg+proto] epoch 5/5  sigreg=0.6027  proto=2.7499  min_dist=5.38  mean_dist=15.61
  round 2: pool=87 purity=0.000 k-hat=4 anchors=8  margin=0.5804  mean-anchor=0.7565  4=0.756
    post-spk f=0.01: power=0.100 [0.058,0.162] (5/50)
    post-maha f=0.01: power=0.260 [0.194,0.336] (13/50)
    post-mmd f=0.01: power=0.000 [0.000,0.036] (0/50)
  [galaxy10_dino] post f=0.01: perevent=0.003  sparker=0.100  maha=0.260  mmd=0.000
  [sigreg+proto] epoch 1/5  sigreg=0.3632  proto=8.3583  min_dist=4.79  mean_dist=15.21
  [sigreg+proto] epoch 2/5  sigreg=0.4364  proto=5.5134  min_dist=4.86  mean_dist=15.24
  [sigreg+proto] epoch 3/5  sigreg=0.5800  proto=4.1992  min_dist=4.94  mean_dist=15.26
  [sigreg+proto] epoch 4/5  sigreg=0.6558  proto=3.1899  min_dist=5.01  mean_dist=15.29
  [sigreg+proto] epoch 5/5  sigreg=0.6840  proto=2.5230  min_dist=5.08  mean_dist=15.32
  round 1: pool=87 purity=0.000 k-hat=4 anchors=4  margin=0.6690  mean-anchor=0.6098  4=0.610
  [sigreg+proto] epoch 1/5  sigreg=0.6285  proto=5.8691  min_dist=5.14  mean_dist=15.56
  [sigreg+proto] epoch 2/5  sigreg=0.6180  proto=3.9692  min_dist=5.20  mean_dist=15.59
  [sigreg+proto] epoch 3/5  sigreg=0.6589  proto=3.5017  min_dist=5.27  mean_dist=15.62
  [sigreg+proto] epoch 4/5  sigreg=0.6431  proto=2.6884  min_dist=5.33  mean_dist=15.64
  [sigreg+proto] epoch 5/5  sigreg=0.6371  proto=2.5469  min_dist=5.39  mean_dist=15.67
  round 2: pool=87 purity=0.000 k-hat=4 anchors=8  margin=0.5836  mean-anchor=0.7973  4=0.797
    post-spk f=0.02: power=0.020 [0.003,0.064] (1/50)
    post-maha f=0.02: power=0.100 [0.058,0.162] (5/50)
    post-mmd f=0.02: power=0.020 [0.003,0.064] (1/50)
  [galaxy10_dino] post f=0.02: perevent=0.003  sparker=0.020  maha=0.100  mmd=0.020
  [sigreg+proto] epoch 1/5  sigreg=0.3485  proto=8.4213  min_dist=4.79  mean_dist=15.21
  [sigreg+proto] epoch 2/5  sigreg=0.4551  proto=6.0204  min_dist=4.86  mean_dist=15.24
  [sigreg+proto] epoch 3/5  sigreg=0.5370  proto=4.6981  min_dist=4.93  mean_dist=15.26
  [sigreg+proto] epoch 4/5  sigreg=0.5850  proto=3.5931  min_dist=5.00  mean_dist=15.28
  [sigreg+proto] epoch 5/5  sigreg=0.6162  proto=3.1260  min_dist=5.08  mean_dist=15.31
  round 1: pool=87 purity=0.000 k-hat=4 anchors=4  margin=0.6365  mean-anchor=0.5268  4=0.527
  [sigreg+proto] epoch 1/5  sigreg=0.5770  proto=5.8480  min_dist=5.14  mean_dist=15.72
  [sigreg+proto] epoch 2/5  sigreg=0.5768  proto=3.9966  min_dist=5.20  mean_dist=15.75
  [sigreg+proto] epoch 3/5  sigreg=0.6649  proto=3.1544  min_dist=5.26  mean_dist=15.77
  [sigreg+proto] epoch 4/5  sigreg=0.6268  proto=3.2286  min_dist=5.33  mean_dist=15.80
  [sigreg+proto] epoch 5/5  sigreg=0.6560  proto=2.4071  min_dist=5.39  mean_dist=15.82
  round 2: pool=87 purity=0.000 k-hat=4 anchors=8  margin=0.5476  mean-anchor=0.3635  4=0.363
    post-spk f=0.05: power=0.260 [0.194,0.336] (13/50)
    post-maha f=0.05: power=0.020 [0.003,0.064] (1/50)
    post-mmd f=0.05: power=0.280 [0.213,0.357] (14/50)
  [galaxy10_dino] post f=0.05: perevent=0.010  sparker=0.260  maha=0.020  mmd=0.280

===== EXP72 SUMMARY (discovery on exp-71 winners) =====
  cell              space                          probe pre->post   mahaT pre->post purity r1
  galaxy10_dino     supcon-ft->res concat        0.9318->0.9024   0.5538->0.4967     0.000
saved /home/pharris/sigreg/SuperSig/plots/exp72_residual_discovery_h1_d7.png
Done.
