/home/pharris/venv/lib64/python3.9/site-packages/networkx/utils/backends.py:135: RuntimeWarning: networkx backend defined more than once: nx-loopback
  backends.update(_get_backends("networkx.backends"))
exp71 [galaxy10_visreg_ft71_h1_d3] residual ft on exp-70 parents, runs=[('supcon-ft', 'res'), ('ss-ft', 'res'), ('supcon-ft', 'res-nplm')], epochs=20

===== [galaxy10_visreg_ft71_h1_d3] supcon-ft->res =====
  [supcon-ft (parent)          ] probe=0.8961+-0.0080 acc=0.7965 eucl=0.6463 mahaT=0.6806 lid=0.5717 perevt=0.089
  [supcon-ft-res] epoch 1/20  main=2.8730  aux=1.1371
  [supcon-ft-res] epoch 5/20  main=2.5347  aux=0.6017
  [supcon-ft-res] epoch 10/20  main=2.4903  aux=0.5414
  [supcon-ft-res] epoch 15/20  main=2.4548  aux=0.4898
  [supcon-ft-res] epoch 20/20  main=2.4345  aux=0.4488
  extracted ft70_supcon-ft_res train: (1772, 768)
  extracted ft70_supcon-ft_res test: (15964, 768)
  [supcon-ft->res (residual)   ] probe=0.9260+-0.0043 acc=0.7127 eucl=0.6415 mahaT=0.6155 lid=0.6244 perevt=0.150
  [supcon-ft->res (concat)     ] probe=0.9381+-0.0045 acc=0.7898 eucl=0.6698 mahaT=0.6627 lid=0.6423 perevt=0.143

===== [galaxy10_visreg_ft71_h1_d3] ss-ft->res =====
  [ss-ft (parent)              ] probe=0.8440+-0.0042 acc=0.7629 eucl=0.5826 mahaT=0.5717 lid=0.5892 perevt=0.070
  [ss-ft-res] epoch 1/20  main=2.8641  aux=0.8921
  [ss-ft-res] epoch 5/20  main=2.5319  aux=0.5816
  [ss-ft-res] epoch 10/20  main=2.4741  aux=0.4953
  [ss-ft-res] epoch 15/20  main=2.4474  aux=0.4731
  [ss-ft-res] epoch 20/20  main=2.4327  aux=0.4322
  extracted ft70_ss-ft_res train: (1772, 768)
  extracted ft70_ss-ft_res test: (15964, 768)
  [ss-ft->res (residual)       ] probe=0.8852+-0.0053 acc=0.6670 eucl=0.5965 mahaT=0.5323 lid=0.5842 perevt=0.061
  [ss-ft->res (concat)         ] probe=0.8920+-0.0017 acc=0.7608 eucl=0.6060 mahaT=0.5835 lid=0.5982 perevt=0.094

===== [galaxy10_visreg_ft71_h1_d3] supcon-ft->res-nplm =====
  [supcon-ft-res-nplm] epoch 1/20  main=142375576671.3469  aux=0.4055
  [supcon-ft-res-nplm] epoch 5/20  main=396901108371.2449  aux=0.3675
  [supcon-ft-res-nplm] epoch 10/20  main=43451127224.1071  aux=0.4144
  [supcon-ft-res-nplm] epoch 15/20  main=20979505710.5147  aux=0.4387
  [supcon-ft-res-nplm] epoch 20/20  main=13242983136.1549  aux=0.4457
  extracted ft70_supcon-ft_resnplm train: (1772, 768)
  extracted ft70_supcon-ft_resnplm test: (15964, 768)
  [supcon-ft->res-nplm (residual)] probe=0.8794+-0.0056 acc=0.7952 eucl=0.6003 mahaT=0.6679 lid=0.6498 perevt=0.082
  [supcon-ft->res-nplm (concat)] probe=0.9095+-0.0128 acc=0.8033 eucl=0.6357 mahaT=0.6864 lid=0.6091 perevt=0.087

===== EXP71 SUMMARY [galaxy10_visreg_ft71_h1_d3] =====
  space                                    probe     acc    eucl   mahaT     lid  perevt
  supcon-ft (parent)               0.8961+-0.0080  0.7965  0.6463  0.6806  0.5717   0.089
  supcon-ft->res (residual)        0.9260+-0.0043  0.7127  0.6415  0.6155  0.6244   0.150
  supcon-ft->res (concat)          0.9381+-0.0045  0.7898  0.6698  0.6627  0.6423   0.143
  ss-ft (parent)                   0.8440+-0.0042  0.7629  0.5826  0.5717  0.5892   0.070
  ss-ft->res (residual)            0.8852+-0.0053  0.6670  0.5965  0.5323  0.5842   0.061
  ss-ft->res (concat)              0.8920+-0.0017  0.7608  0.6060  0.5835  0.5982   0.094
  supcon-ft->res-nplm (residual)   0.8794+-0.0056  0.7952  0.6003  0.6679  0.6498   0.082
  supcon-ft->res-nplm (concat)     0.9095+-0.0128  0.8033  0.6357  0.6864  0.6091   0.087
saved /home/pharris/sigreg/SuperSig/plots/exp71_probe_galaxy10_visreg_ft71_h1_d3.png
Done.
