/home/pharris/venv/lib64/python3.9/site-packages/networkx/utils/backends.py:135: RuntimeWarning: networkx backend defined more than once: nx-loopback
  backends.update(_get_backends("networkx.backends"))
Using cache found in /home/pharris/.cache/torch/hub/facebookresearch_dino_main
Using cache found in /home/pharris/.cache/torch/hub/facebookresearch_dino_main

######## [galaxy10_dino] discovery on supcon-ft->res concat ########
  [sigreg+proto] epoch 1/5  sigreg=0.3761  proto=8.2198  min_dist=4.97  mean_dist=15.49
  [sigreg+proto] epoch 2/5  sigreg=0.5042  proto=5.5278  min_dist=5.04  mean_dist=15.51
  [sigreg+proto] epoch 3/5  sigreg=0.5467  proto=4.9851  min_dist=5.11  mean_dist=15.54
  [sigreg+proto] epoch 4/5  sigreg=0.6238  proto=3.2784  min_dist=5.18  mean_dist=15.57
  [sigreg+proto] epoch 5/5  sigreg=0.6404  proto=2.8105  min_dist=5.25  mean_dist=15.60
  round 1: pool=79 purity=0.000 k-hat=4 anchors=4  margin=0.4029  mean-anchor=0.5100  3=0.510
  [sigreg+proto] epoch 1/5  sigreg=0.5627  proto=6.4661  min_dist=5.30  mean_dist=15.70
  [sigreg+proto] epoch 2/5  sigreg=0.5988  proto=4.0723  min_dist=5.36  mean_dist=15.73
  [sigreg+proto] epoch 3/5  sigreg=0.6257  proto=3.0347  min_dist=5.41  mean_dist=15.75
  [sigreg+proto] epoch 4/5  sigreg=0.6286  proto=2.5054  min_dist=5.46  mean_dist=15.78
  [sigreg+proto] epoch 5/5  sigreg=0.6509  proto=2.3076  min_dist=5.51  mean_dist=15.81
  round 2: pool=79 purity=0.000 k-hat=3 anchors=7  margin=0.3479  mean-anchor=0.4246  3=0.425
  [galaxy10_dino] supcon-ft->res concat: probe 0.9023+-0.0048 -> 0.8815+-0.0054  eucl 0.3147 -> 0.3155  mahaT 0.3018 -> 0.2616  lid 0.5513 -> 0.5769
          round 1: purity=0.000 anchors=4  margin=0.4029
          round 2: purity=0.000 anchors=7  margin=0.3479
  [sigreg+proto] epoch 1/5  sigreg=0.3761  proto=8.2198  min_dist=4.97  mean_dist=15.49
  [sigreg+proto] epoch 2/5  sigreg=0.5042  proto=5.5278  min_dist=5.04  mean_dist=15.51
  [sigreg+proto] epoch 3/5  sigreg=0.5467  proto=4.9851  min_dist=5.11  mean_dist=15.54
  [sigreg+proto] epoch 4/5  sigreg=0.6239  proto=3.2784  min_dist=5.18  mean_dist=15.57
  [sigreg+proto] epoch 5/5  sigreg=0.6404  proto=2.8105  min_dist=5.25  mean_dist=15.60
  round 1: pool=79 purity=0.000 k-hat=4 anchors=4  margin=0.4029  mean-anchor=0.5100  3=0.510
  [sigreg+proto] epoch 1/5  sigreg=0.5627  proto=6.4661  min_dist=5.30  mean_dist=15.70
  [sigreg+proto] epoch 2/5  sigreg=0.5988  proto=4.0723  min_dist=5.36  mean_dist=15.73
  [sigreg+proto] epoch 3/5  sigreg=0.6257  proto=3.0347  min_dist=5.41  mean_dist=15.75
  [sigreg+proto] epoch 4/5  sigreg=0.6286  proto=2.5054  min_dist=5.46  mean_dist=15.78
  [sigreg+proto] epoch 5/5  sigreg=0.6509  proto=2.3076  min_dist=5.51  mean_dist=15.81
  round 2: pool=79 purity=0.000 k-hat=3 anchors=7  margin=0.3479  mean-anchor=0.4246  3=0.425
    post-spk f=0.003: power=0.120 [0.074,0.184] (6/50)
    post-maha f=0.003: power=0.100 [0.058,0.162] (5/50)
    post-mmd f=0.003: power=0.060 [0.028,0.115] (3/50)
  [galaxy10_dino] post f=0.003: perevent=0.003  sparker=0.120  maha=0.100  mmd=0.060
  [sigreg+proto] epoch 1/5  sigreg=0.3849  proto=9.4185  min_dist=4.97  mean_dist=15.49
  [sigreg+proto] epoch 2/5  sigreg=0.4913  proto=4.7741  min_dist=5.04  mean_dist=15.51
  [sigreg+proto] epoch 3/5  sigreg=0.5592  proto=3.9809  min_dist=5.11  mean_dist=15.54
  [sigreg+proto] epoch 4/5  sigreg=0.6267  proto=3.2004  min_dist=5.17  mean_dist=15.57
  [sigreg+proto] epoch 5/5  sigreg=0.6694  proto=2.3664  min_dist=5.24  mean_dist=15.60
  round 1: pool=79 purity=0.000 k-hat=4 anchors=4  margin=0.4351  mean-anchor=0.5157  3=0.516
  [sigreg+proto] epoch 1/5  sigreg=0.6178  proto=6.4012  min_dist=5.29  mean_dist=15.77
  [sigreg+proto] epoch 2/5  sigreg=0.5825  proto=4.2427  min_dist=5.35  mean_dist=15.79
  [sigreg+proto] epoch 3/5  sigreg=0.6448  proto=2.8434  min_dist=5.40  mean_dist=15.81
  [sigreg+proto] epoch 4/5  sigreg=0.6531  proto=2.3421  min_dist=5.46  mean_dist=15.84
  [sigreg+proto] epoch 5/5  sigreg=0.6721  proto=2.4714  min_dist=5.51  mean_dist=15.86
  round 2: pool=79 purity=0.000 k-hat=3 anchors=7  margin=0.4010  mean-anchor=0.5106  3=0.511
    post-spk f=0.01: power=0.100 [0.058,0.162] (5/50)
    post-maha f=0.01: power=0.020 [0.003,0.064] (1/50)
    post-mmd f=0.01: power=0.020 [0.003,0.064] (1/50)
  [galaxy10_dino] post f=0.01: perevent=0.003  sparker=0.100  maha=0.020  mmd=0.020
  [sigreg+proto] epoch 1/5  sigreg=0.3864  proto=9.0094  min_dist=4.98  mean_dist=15.49
  [sigreg+proto] epoch 2/5  sigreg=0.5211  proto=5.7693  min_dist=5.05  mean_dist=15.51
  [sigreg+proto] epoch 3/5  sigreg=0.5715  proto=4.3477  min_dist=5.11  mean_dist=15.54
  [sigreg+proto] epoch 4/5  sigreg=0.6453  proto=2.9794  min_dist=5.18  mean_dist=15.57
  [sigreg+proto] epoch 5/5  sigreg=0.6655  proto=2.4717  min_dist=5.24  mean_dist=15.60
  round 1: pool=79 purity=0.000 k-hat=4 anchors=4  margin=0.4607  mean-anchor=0.5306  3=0.531
  [sigreg+proto] epoch 1/5  sigreg=0.6155  proto=6.1551  min_dist=5.30  mean_dist=15.69
  [sigreg+proto] epoch 2/5  sigreg=0.6140  proto=3.8758  min_dist=5.35  mean_dist=15.71
  [sigreg+proto] epoch 3/5  sigreg=0.6136  proto=3.0570  min_dist=5.40  mean_dist=15.74
  [sigreg+proto] epoch 4/5  sigreg=0.6403  proto=2.7211  min_dist=5.45  mean_dist=15.77
  [sigreg+proto] epoch 5/5  sigreg=0.6579  proto=2.1714  min_dist=5.50  mean_dist=15.80
  round 2: pool=79 purity=0.000 k-hat=4 anchors=8  margin=0.5128  mean-anchor=0.7615  3=0.762
    post-spk f=0.02: power=0.060 [0.028,0.115] (3/50)
    post-maha f=0.02: power=0.000 [0.000,0.036] (0/50)
    post-mmd f=0.02: power=0.000 [0.000,0.036] (0/50)
  [galaxy10_dino] post f=0.02: perevent=0.008  sparker=0.060  maha=0.000  mmd=0.000
  [sigreg+proto] epoch 1/5  sigreg=0.3885  proto=8.8216  min_dist=4.97  mean_dist=15.49
  [sigreg+proto] epoch 2/5  sigreg=0.5376  proto=5.9669  min_dist=5.04  mean_dist=15.52
  [sigreg+proto] epoch 3/5  sigreg=0.5535  proto=4.2898  min_dist=5.11  mean_dist=15.54
  [sigreg+proto] epoch 4/5  sigreg=0.5783  proto=3.2328  min_dist=5.17  mean_dist=15.57
  [sigreg+proto] epoch 5/5  sigreg=0.6293  proto=2.9336  min_dist=5.24  mean_dist=15.60
  round 1: pool=79 purity=0.000 k-hat=4 anchors=4  margin=0.4736  mean-anchor=0.4964  3=0.496
  [sigreg+proto] epoch 1/5  sigreg=0.5630  proto=5.9690  min_dist=5.30  mean_dist=15.47
  [sigreg+proto] epoch 2/5  sigreg=0.5544  proto=4.6064  min_dist=5.35  mean_dist=15.50
  [sigreg+proto] epoch 3/5  sigreg=0.5942  proto=3.0688  min_dist=5.41  mean_dist=15.53
  [sigreg+proto] epoch 4/5  sigreg=0.6288  proto=2.2422  min_dist=5.46  mean_dist=15.55
  [sigreg+proto] epoch 5/5  sigreg=0.6335  proto=2.1723  min_dist=5.51  mean_dist=15.58
  round 2: pool=79 purity=0.000 k-hat=3 anchors=7  margin=0.5718  mean-anchor=0.7349  3=0.735
    post-spk f=0.05: power=0.040 [0.014,0.090] (2/50)
    post-maha f=0.05: power=0.000 [0.000,0.036] (0/50)
    post-mmd f=0.05: power=0.160 [0.107,0.229] (8/50)
  [galaxy10_dino] post f=0.05: perevent=0.020  sparker=0.040  maha=0.000  mmd=0.160

===== EXP72 SUMMARY (discovery on exp-71 winners) =====
  cell              space                          probe pre->post   mahaT pre->post purity r1
  galaxy10_dino     supcon-ft->res concat        0.9023->0.8815   0.3018->0.2616     0.000
saved /home/pharris/sigreg/SuperSig/plots/exp72_residual_discovery_h1_d8.png
Done.
