/home/pharris/venv/lib64/python3.9/site-packages/networkx/utils/backends.py:135: RuntimeWarning: networkx backend defined more than once: nx-loopback
  backends.update(_get_backends("networkx.backends"))

######## [galaxy10_lejepa] discovery on supcon-ft->res concat ########
Fetching 37 files:   0%|          | 0/37 [00:00<?, ?it/s]Fetching 37 files: 100%|██████████| 37/37 [00:00<00:00, 234071.26it/s]
Fetching 37 files:   0%|          | 0/37 [00:00<?, ?it/s]Fetching 37 files: 100%|██████████| 37/37 [00:00<00:00, 25642.64it/s]
  [sigreg+proto] epoch 1/5  sigreg=0.3530  proto=3.9977  min_dist=4.10  mean_dist=9.21
  [sigreg+proto] epoch 2/5  sigreg=0.4420  proto=2.4892  min_dist=4.18  mean_dist=9.27
  [sigreg+proto] epoch 3/5  sigreg=0.4692  proto=1.7017  min_dist=4.26  mean_dist=9.34
  [sigreg+proto] epoch 4/5  sigreg=0.4977  proto=1.3165  min_dist=4.34  mean_dist=9.41
  [sigreg+proto] epoch 5/5  sigreg=0.5188  proto=0.9320  min_dist=4.42  mean_dist=9.47
  round 1: pool=115 purity=0.339 k-hat=4 anchors=4  margin=0.7163  mean-anchor=0.8526  2=0.853
  [sigreg+proto] epoch 1/5  sigreg=0.5184  proto=1.9869  min_dist=4.48  mean_dist=9.46
  [sigreg+proto] epoch 2/5  sigreg=0.5330  proto=1.3345  min_dist=4.54  mean_dist=9.52
  [sigreg+proto] epoch 3/5  sigreg=0.5293  proto=0.9449  min_dist=4.60  mean_dist=9.57
  [sigreg+proto] epoch 4/5  sigreg=0.5421  proto=0.9022  min_dist=4.67  mean_dist=9.63
  [sigreg+proto] epoch 5/5  sigreg=0.5515  proto=0.7775  min_dist=4.73  mean_dist=9.68
  round 2: pool=79 purity=0.038 k-hat=2 anchors=6  margin=0.8319  mean-anchor=0.6561  2=0.656
  [galaxy10_lejepa] supcon-ft->res concat: probe 0.9817+-0.0008 -> 0.9855+-0.0003  eucl 0.6479 -> 0.6593  mahaT 0.7302 -> 0.8586  lid 0.4055 -> 0.4547
          round 1: purity=0.339 anchors=4  margin=0.7163
          round 2: purity=0.038 anchors=6  margin=0.8319
  [sigreg+proto] epoch 1/5  sigreg=0.3196  proto=4.0131  min_dist=4.09  mean_dist=8.77
  [sigreg+proto] epoch 2/5  sigreg=0.3883  proto=2.6914  min_dist=4.17  mean_dist=8.83
  [sigreg+proto] epoch 3/5  sigreg=0.4271  proto=1.8733  min_dist=4.26  mean_dist=8.90
  [sigreg+proto] epoch 4/5  sigreg=0.4611  proto=1.3999  min_dist=4.34  mean_dist=8.96
  [sigreg+proto] epoch 5/5  sigreg=0.4937  proto=0.9537  min_dist=4.42  mean_dist=9.03
  round 1: pool=76 purity=0.000 k-hat=3 anchors=3  margin=0.8298  mean-anchor=0.7585  2=0.759
  [sigreg+proto] epoch 1/5  sigreg=0.5047  proto=2.2519  min_dist=4.48  mean_dist=9.29
  [sigreg+proto] epoch 2/5  sigreg=0.5299  proto=1.5516  min_dist=4.55  mean_dist=9.34
  [sigreg+proto] epoch 3/5  sigreg=0.5305  proto=1.1561  min_dist=4.61  mean_dist=9.40
  [sigreg+proto] epoch 4/5  sigreg=0.5330  proto=0.9235  min_dist=4.67  mean_dist=9.45
  [sigreg+proto] epoch 5/5  sigreg=0.5401  proto=0.6862  min_dist=4.74  mean_dist=9.51
  round 2: pool=76 purity=0.000 k-hat=3 anchors=6  margin=0.6904  mean-anchor=0.8246  2=0.825
    post-spk f=0.003: power=0.060 [0.028,0.115] (3/50)
    post-maha f=0.003: power=0.000 [0.000,0.036] (0/50)
    post-mmd f=0.003: power=0.040 [0.014,0.090] (2/50)
  [galaxy10_lejepa] post f=0.003: perevent=0.286  sparker=0.060  maha=0.000  mmd=0.040
  [sigreg+proto] epoch 1/5  sigreg=0.3378  proto=4.0787  min_dist=4.09  mean_dist=9.02
  [sigreg+proto] epoch 2/5  sigreg=0.4321  proto=2.2331  min_dist=4.18  mean_dist=9.09
  [sigreg+proto] epoch 3/5  sigreg=0.4610  proto=1.5991  min_dist=4.25  mean_dist=9.15
  [sigreg+proto] epoch 4/5  sigreg=0.4879  proto=1.1442  min_dist=4.33  mean_dist=9.22
  [sigreg+proto] epoch 5/5  sigreg=0.5099  proto=0.9825  min_dist=4.41  mean_dist=9.29
  round 1: pool=80 purity=0.050 k-hat=4 anchors=4  margin=0.7834  mean-anchor=0.7120  2=0.712
  [sigreg+proto] epoch 1/5  sigreg=0.5124  proto=1.6339  min_dist=4.48  mean_dist=9.52
  [sigreg+proto] epoch 2/5  sigreg=0.5126  proto=1.0507  min_dist=4.54  mean_dist=9.57
  [sigreg+proto] epoch 3/5  sigreg=0.5047  proto=0.8967  min_dist=4.60  mean_dist=9.63
  [sigreg+proto] epoch 4/5  sigreg=0.5143  proto=0.8549  min_dist=4.67  mean_dist=9.68
  [sigreg+proto] epoch 5/5  sigreg=0.5215  proto=0.7029  min_dist=4.73  mean_dist=9.74
  round 2: pool=77 purity=0.013 k-hat=2 anchors=6  margin=0.7564  mean-anchor=0.7174  2=0.717
    post-spk f=0.01: power=0.240 [0.177,0.315] (12/50)
    post-maha f=0.01: power=0.120 [0.074,0.184] (6/50)
    post-mmd f=0.01: power=0.100 [0.058,0.162] (5/50)
  [galaxy10_lejepa] post f=0.01: perevent=0.244  sparker=0.240  maha=0.120  mmd=0.100
  [sigreg+proto] epoch 1/5  sigreg=0.3155  proto=3.9567  min_dist=4.09  mean_dist=8.74
  [sigreg+proto] epoch 2/5  sigreg=0.3908  proto=2.6536  min_dist=4.17  mean_dist=8.81
  [sigreg+proto] epoch 3/5  sigreg=0.4155  proto=1.9140  min_dist=4.25  mean_dist=8.87
  [sigreg+proto] epoch 4/5  sigreg=0.4537  proto=1.3098  min_dist=4.32  mean_dist=8.94
  [sigreg+proto] epoch 5/5  sigreg=0.4833  proto=1.0891  min_dist=4.40  mean_dist=9.01
  round 1: pool=81 purity=0.062 k-hat=3 anchors=3  margin=0.7430  mean-anchor=0.5436  2=0.544
  [sigreg+proto] epoch 1/5  sigreg=0.4942  proto=2.0035  min_dist=4.47  mean_dist=9.33
  [sigreg+proto] epoch 2/5  sigreg=0.5057  proto=1.3914  min_dist=4.53  mean_dist=9.39
  [sigreg+proto] epoch 3/5  sigreg=0.5109  proto=1.2844  min_dist=4.59  mean_dist=9.44
  [sigreg+proto] epoch 4/5  sigreg=0.5290  proto=0.9513  min_dist=4.65  mean_dist=9.50
  [sigreg+proto] epoch 5/5  sigreg=0.5334  proto=0.8510  min_dist=4.72  mean_dist=9.56
  round 2: pool=83 purity=0.084 k-hat=3 anchors=6  margin=0.7303  mean-anchor=0.9153  2=0.915
    post-spk f=0.02: power=0.320 [0.249,0.399] (16/50)
    post-maha f=0.02: power=0.160 [0.107,0.229] (8/50)
    post-mmd f=0.02: power=0.460 [0.382,0.540] (23/50)
  [galaxy10_lejepa] post f=0.02: perevent=0.315  sparker=0.320  maha=0.160  mmd=0.460
  [sigreg+proto] epoch 1/5  sigreg=0.3334  proto=3.8104  min_dist=4.10  mean_dist=9.09
  [sigreg+proto] epoch 2/5  sigreg=0.4126  proto=2.1559  min_dist=4.18  mean_dist=9.15
  [sigreg+proto] epoch 3/5  sigreg=0.4526  proto=1.6882  min_dist=4.26  mean_dist=9.22
  [sigreg+proto] epoch 4/5  sigreg=0.4708  proto=1.2202  min_dist=4.34  mean_dist=9.28
  [sigreg+proto] epoch 5/5  sigreg=0.4949  proto=1.0298  min_dist=4.42  mean_dist=9.35
  round 1: pool=86 purity=0.116 k-hat=4 anchors=4  margin=0.7830  mean-anchor=0.8611  2=0.861
  [sigreg+proto] epoch 1/5  sigreg=0.5265  proto=2.0577  min_dist=4.49  mean_dist=9.77
  [sigreg+proto] epoch 2/5  sigreg=0.5430  proto=1.5639  min_dist=4.55  mean_dist=9.83
  [sigreg+proto] epoch 3/5  sigreg=0.5512  proto=1.0409  min_dist=4.61  mean_dist=9.88
  [sigreg+proto] epoch 4/5  sigreg=0.5516  proto=1.0264  min_dist=4.68  mean_dist=9.94
  [sigreg+proto] epoch 5/5  sigreg=0.5597  proto=0.7646  min_dist=4.74  mean_dist=9.99
  round 2: pool=76 purity=0.000 k-hat=4 anchors=8  margin=0.7040  mean-anchor=0.8876  2=0.888
    post-spk f=0.05: power=1.000 [0.964,1.000] (50/50)
    post-maha f=0.05: power=0.420 [0.343,0.500] (21/50)
    post-mmd f=0.05: power=0.980 [0.936,0.997] (49/50)
  [galaxy10_lejepa] post f=0.05: perevent=0.147  sparker=1.000  maha=0.420  mmd=0.980

===== EXP72 SUMMARY (discovery on exp-71 winners) =====
  cell              space                          probe pre->post   mahaT pre->post purity r1
  galaxy10_lejepa   supcon-ft->res concat        0.9817->0.9855   0.7302->0.8586     0.339
saved /home/pharris/sigreg/SuperSig/plots/exp72_residual_discovery_h1_d0.png
Done.
