/home/pharris/venv/lib64/python3.9/site-packages/networkx/utils/backends.py:135: RuntimeWarning: networkx backend defined more than once: nx-loopback
  backends.update(_get_backends("networkx.backends"))
exp88 realizable classwise C100, dims=[100, 128, 200], 3 paired seeds, 20 ep

----- cw_100d_s0 -----
Using cache found in /home/pharris/.cache/torch/hub/chenyaofo_pytorch-cifar-models_master
  cifar100 balanced two-view loader (no {4}): 49500 images, 82 batches of 25x24
  [nplm/distance/cw] epoch 1/20  interaction=0.0026  classwise=1.0020
  [nplm/distance/cw] epoch 2/20  interaction=-0.2163  classwise=1.0097
  [nplm/distance/cw] epoch 3/20  interaction=-0.2451  classwise=1.0082
  [nplm/distance/cw] epoch 4/20  interaction=-0.2583  classwise=1.0070
  [nplm/distance/cw] epoch 5/20  interaction=-0.2758  classwise=1.0060
  [nplm/distance/cw] epoch 6/20  interaction=-0.2917  classwise=1.0056
  [nplm/distance/cw] epoch 7/20  interaction=-0.3013  classwise=1.0050
  [nplm/distance/cw] epoch 8/20  interaction=-0.3094  classwise=1.0054
  [nplm/distance/cw] epoch 9/20  interaction=-0.3197  classwise=1.0044
  [nplm/distance/cw] epoch 10/20  interaction=-0.3199  classwise=1.0038
  [nplm/distance/cw] epoch 11/20  interaction=-0.3407  classwise=1.0051
  [nplm/distance/cw] epoch 12/20  interaction=-0.3272  classwise=1.0035
  [nplm/distance/cw] epoch 13/20  interaction=-0.3372  classwise=1.0047
  [nplm/distance/cw] epoch 14/20  interaction=-0.3366  classwise=1.0039
  [nplm/distance/cw] epoch 15/20  interaction=-0.3444  classwise=1.0046
  [nplm/distance/cw] epoch 16/20  interaction=-0.3541  classwise=1.0047
  [nplm/distance/cw] epoch 17/20  interaction=-0.3483  classwise=1.0038
  [nplm/distance/cw] epoch 18/20  interaction=-0.3577  classwise=1.0046
  [nplm/distance/cw] epoch 19/20  interaction=-0.3500  classwise=1.0043
  [nplm/distance/cw] epoch 20/20  interaction=-0.3592  classwise=1.0060
  [cw_100d_s0] probe=0.8363 eucl=0.5315 mahaT=0.4751 lid=0.5860 perevt=0.020 cent->anchor=3.46

----- global_100d_s0 -----
Using cache found in /home/pharris/.cache/torch/hub/chenyaofo_pytorch-cifar-models_master
  CIFAR two-view embedding-train images (no {4}): 49500
  [nplm/distance] epoch 1/20  interaction=-0.1514  marginal=0.8149
  [nplm/distance] epoch 2/20  interaction=-0.2798  marginal=0.7946
  [nplm/distance] epoch 3/20  interaction=-0.3035  marginal=0.7877
  [nplm/distance] epoch 4/20  interaction=-0.3188  marginal=0.7839
  [nplm/distance] epoch 5/20  interaction=-0.3332  marginal=0.7801
  [nplm/distance] epoch 6/20  interaction=-0.3416  marginal=0.7760
  [nplm/distance] epoch 7/20  interaction=-0.3510  marginal=0.7742
  [nplm/distance] epoch 8/20  interaction=-0.3531  marginal=0.7710
  [nplm/distance] epoch 9/20  interaction=-0.3613  marginal=0.7699
  [nplm/distance] epoch 10/20  interaction=-0.3661  marginal=0.7684
  [nplm/distance] epoch 11/20  interaction=-0.3707  marginal=0.7680
  [nplm/distance] epoch 12/20  interaction=-0.3737  marginal=0.7665
  [nplm/distance] epoch 13/20  interaction=-0.3806  marginal=0.7641
  [nplm/distance] epoch 14/20  interaction=-0.3881  marginal=0.7629
  [nplm/distance] epoch 15/20  interaction=-0.3867  marginal=0.7625
  [nplm/distance] epoch 16/20  interaction=-0.3893  marginal=0.7606
  [nplm/distance] epoch 17/20  interaction=-0.3977  marginal=0.7593
  [nplm/distance] epoch 18/20  interaction=-0.3973  marginal=0.7575
  [nplm/distance] epoch 19/20  interaction=-0.3960  marginal=0.7595
  [nplm/distance] epoch 20/20  interaction=-0.4022  marginal=0.7589
  [global_100d_s0] probe=0.8012 eucl=0.4370 mahaT=0.3874 lid=0.6477 perevt=0.020 cent->anchor=nan

----- softmax_100d_s0 -----
Using cache found in /home/pharris/.cache/torch/hub/chenyaofo_pytorch-cifar-models_master
  CIFAR two-view embedding-train images (no {4}): 49500
  [softmax/cosine] epoch 1/20  interaction=5.7005  marginal=0.1056
  [softmax/cosine] epoch 2/20  interaction=5.6336  marginal=0.0669
  [softmax/cosine] epoch 3/20  interaction=5.6146  marginal=0.0655
  [softmax/cosine] epoch 4/20  interaction=5.6024  marginal=0.0629
  [softmax/cosine] epoch 5/20  interaction=5.5941  marginal=0.0626
  [softmax/cosine] epoch 6/20  interaction=5.5855  marginal=0.0631
  [softmax/cosine] epoch 7/20  interaction=5.5777  marginal=0.0624
  [softmax/cosine] epoch 8/20  interaction=5.5738  marginal=0.0627
  [softmax/cosine] epoch 9/20  interaction=5.5690  marginal=0.0623
  [softmax/cosine] epoch 10/20  interaction=5.5647  marginal=0.0622
  [softmax/cosine] epoch 11/20  interaction=5.5620  marginal=0.0618
  [softmax/cosine] epoch 12/20  interaction=5.5585  marginal=0.0615
  [softmax/cosine] epoch 13/20  interaction=5.5550  marginal=0.0617
  [softmax/cosine] epoch 14/20  interaction=5.5497  marginal=0.0619
  [softmax/cosine] epoch 15/20  interaction=5.5479  marginal=0.0612
  [softmax/cosine] epoch 16/20  interaction=5.5467  marginal=0.0610
  [softmax/cosine] epoch 17/20  interaction=5.5435  marginal=0.0604
  [softmax/cosine] epoch 18/20  interaction=5.5408  marginal=0.0604
  [softmax/cosine] epoch 19/20  interaction=5.5399  marginal=0.0603
  [softmax/cosine] epoch 20/20  interaction=5.5379  marginal=0.0592
  [softmax_100d_s0] probe=0.9259 eucl=0.5738 mahaT=0.5339 lid=0.6594 perevt=0.010 cent->anchor=nan

----- cw_100d_s1 -----
Using cache found in /home/pharris/.cache/torch/hub/chenyaofo_pytorch-cifar-models_master
  cifar100 balanced two-view loader (no {4}): 49500 images, 82 batches of 25x24
  [nplm/distance/cw] epoch 1/20  interaction=-0.0037  classwise=1.0050
  [nplm/distance/cw] epoch 2/20  interaction=-0.2049  classwise=1.0095
  [nplm/distance/cw] epoch 3/20  interaction=-0.2399  classwise=1.0088
  [nplm/distance/cw] epoch 4/20  interaction=-0.2646  classwise=1.0095
  [nplm/distance/cw] epoch 5/20  interaction=-0.2691  classwise=1.0073
  [nplm/distance/cw] epoch 6/20  interaction=-0.2814  classwise=1.0069
  [nplm/distance/cw] epoch 7/20  interaction=-0.2908  classwise=1.0060
  [nplm/distance/cw] epoch 8/20  interaction=-0.3040  classwise=1.0066
  [nplm/distance/cw] epoch 9/20  interaction=-0.3108  classwise=1.0063
  [nplm/distance/cw] epoch 10/20  interaction=-0.3229  classwise=1.0068
  [nplm/distance/cw] epoch 11/20  interaction=-0.3284  classwise=1.0050
  [nplm/distance/cw] epoch 12/20  interaction=-0.3292  classwise=1.0049
  [nplm/distance/cw] epoch 13/20  interaction=-0.3302  classwise=1.0056
  [nplm/distance/cw] epoch 14/20  interaction=-0.3411  classwise=1.0060
  [nplm/distance/cw] epoch 15/20  interaction=-0.3479  classwise=1.0055
  [nplm/distance/cw] epoch 16/20  interaction=-0.3485  classwise=1.0071
  [nplm/distance/cw] epoch 17/20  interaction=-0.3432  classwise=1.0055
  [nplm/distance/cw] epoch 18/20  interaction=-0.3565  classwise=1.0063
  [nplm/distance/cw] epoch 19/20  interaction=-0.3450  classwise=1.0044
  [nplm/distance/cw] epoch 20/20  interaction=-0.3576  classwise=1.0052
  [cw_100d_s1] probe=0.8452 eucl=0.4069 mahaT=0.4132 lid=0.5793 perevt=0.020 cent->anchor=3.46

----- global_100d_s1 -----
Using cache found in /home/pharris/.cache/torch/hub/chenyaofo_pytorch-cifar-models_master
  CIFAR two-view embedding-train images (no {4}): 49500
  [nplm/distance] epoch 1/20  interaction=-0.1500  marginal=0.8162
  [nplm/distance] epoch 2/20  interaction=-0.2790  marginal=0.7942
  [nplm/distance] epoch 3/20  interaction=-0.3068  marginal=0.7840
  [nplm/distance] epoch 4/20  interaction=-0.3202  marginal=0.7833
  [nplm/distance] epoch 5/20  interaction=-0.3337  marginal=0.7791
  [nplm/distance] epoch 6/20  interaction=-0.3423  marginal=0.7766
  [nplm/distance] epoch 7/20  interaction=-0.3531  marginal=0.7728
  [nplm/distance] epoch 8/20  interaction=-0.3584  marginal=0.7706
  [nplm/distance] epoch 9/20  interaction=-0.3635  marginal=0.7687
  [nplm/distance] epoch 10/20  interaction=-0.3666  marginal=0.7675
  [nplm/distance] epoch 11/20  interaction=-0.3749  marginal=0.7682
  [nplm/distance] epoch 12/20  interaction=-0.3773  marginal=0.7663
  [nplm/distance] epoch 13/20  interaction=-0.3829  marginal=0.7638
  [nplm/distance] epoch 14/20  interaction=-0.3858  marginal=0.7640
  [nplm/distance] epoch 15/20  interaction=-0.3860  marginal=0.7623
  [nplm/distance] epoch 16/20  interaction=-0.3914  marginal=0.7602
  [nplm/distance] epoch 17/20  interaction=-0.3940  marginal=0.7623
  [nplm/distance] epoch 18/20  interaction=-0.3965  marginal=0.7592
  [nplm/distance] epoch 19/20  interaction=-0.4022  marginal=0.7585
  [nplm/distance] epoch 20/20  interaction=-0.4006  marginal=0.7573
  [global_100d_s1] probe=0.8608 eucl=0.3294 mahaT=0.3323 lid=0.6328 perevt=0.000 cent->anchor=nan

----- softmax_100d_s1 -----
Using cache found in /home/pharris/.cache/torch/hub/chenyaofo_pytorch-cifar-models_master
  CIFAR two-view embedding-train images (no {4}): 49500
  [softmax/cosine] epoch 1/20  interaction=5.7065  marginal=0.1090
  [softmax/cosine] epoch 2/20  interaction=5.6350  marginal=0.0688
  [softmax/cosine] epoch 3/20  interaction=5.6151  marginal=0.0670
  [softmax/cosine] epoch 4/20  interaction=5.6014  marginal=0.0652
  [softmax/cosine] epoch 5/20  interaction=5.5935  marginal=0.0646
  [softmax/cosine] epoch 6/20  interaction=5.5834  marginal=0.0634
  [softmax/cosine] epoch 7/20  interaction=5.5766  marginal=0.0643
  [softmax/cosine] epoch 8/20  interaction=5.5736  marginal=0.0635
  [softmax/cosine] epoch 9/20  interaction=5.5691  marginal=0.0627
  [softmax/cosine] epoch 10/20  interaction=5.5628  marginal=0.0628
  [softmax/cosine] epoch 11/20  interaction=5.5588  marginal=0.0631
  [softmax/cosine] epoch 12/20  interaction=5.5558  marginal=0.0630
  [softmax/cosine] epoch 13/20  interaction=5.5528  marginal=0.0615
  [softmax/cosine] epoch 14/20  interaction=5.5514  marginal=0.0613
  [softmax/cosine] epoch 15/20  interaction=5.5487  marginal=0.0607
  [softmax/cosine] epoch 16/20  interaction=5.5449  marginal=0.0615
  [softmax/cosine] epoch 17/20  interaction=5.5426  marginal=0.0618
  [softmax/cosine] epoch 18/20  interaction=5.5420  marginal=0.0608
  [softmax/cosine] epoch 19/20  interaction=5.5370  marginal=0.0611
  [softmax/cosine] epoch 20/20  interaction=5.5356  marginal=0.0598
  [softmax_100d_s1] probe=0.8939 eucl=0.6149 mahaT=0.5652 lid=0.6742 perevt=0.030 cent->anchor=nan

----- cw_100d_s2 -----
Using cache found in /home/pharris/.cache/torch/hub/chenyaofo_pytorch-cifar-models_master
  cifar100 balanced two-view loader (no {4}): 49500 images, 82 batches of 25x24
  [nplm/distance/cw] epoch 1/20  interaction=0.0028  classwise=1.0030
  [nplm/distance/cw] epoch 2/20  interaction=-0.2124  classwise=1.0067
  [nplm/distance/cw] epoch 3/20  interaction=-0.2408  classwise=1.0072
  [nplm/distance/cw] epoch 4/20  interaction=-0.2597  classwise=1.0070
  [nplm/distance/cw] epoch 5/20  interaction=-0.2757  classwise=1.0058
  [nplm/distance/cw] epoch 6/20  interaction=-0.2827  classwise=1.0059
  [nplm/distance/cw] epoch 7/20  interaction=-0.2942  classwise=1.0057
  [nplm/distance/cw] epoch 8/20  interaction=-0.3062  classwise=1.0039
  [nplm/distance/cw] epoch 9/20  interaction=-0.3244  classwise=1.0052
  [nplm/distance/cw] epoch 10/20  interaction=-0.3192  classwise=1.0049
  [nplm/distance/cw] epoch 11/20  interaction=-0.3237  classwise=1.0029
  [nplm/distance/cw] epoch 12/20  interaction=-0.3370  classwise=1.0035
  [nplm/distance/cw] epoch 13/20  interaction=-0.3395  classwise=1.0040
  [nplm/distance/cw] epoch 14/20  interaction=-0.3411  classwise=1.0037
  [nplm/distance/cw] epoch 15/20  interaction=-0.3428  classwise=1.0035
  [nplm/distance/cw] epoch 16/20  interaction=-0.3549  classwise=1.0047
  [nplm/distance/cw] epoch 17/20  interaction=-0.3473  classwise=1.0046
  [nplm/distance/cw] epoch 18/20  interaction=-0.3532  classwise=1.0053
  [nplm/distance/cw] epoch 19/20  interaction=-0.3515  classwise=1.0042
  [nplm/distance/cw] epoch 20/20  interaction=-0.3533  classwise=1.0041
  [cw_100d_s2] probe=0.8526 eucl=0.5121 mahaT=0.5157 lid=0.5979 perevt=0.030 cent->anchor=3.45

----- global_100d_s2 -----
Using cache found in /home/pharris/.cache/torch/hub/chenyaofo_pytorch-cifar-models_master
  CIFAR two-view embedding-train images (no {4}): 49500
  [nplm/distance] epoch 1/20  interaction=-0.1413  marginal=0.8163
  [nplm/distance] epoch 2/20  interaction=-0.2777  marginal=0.7933
  [nplm/distance] epoch 3/20  interaction=-0.3023  marginal=0.7872
  [nplm/distance] epoch 4/20  interaction=-0.3201  marginal=0.7815
  [nplm/distance] epoch 5/20  interaction=-0.3286  marginal=0.7800
  [nplm/distance] epoch 6/20  interaction=-0.3427  marginal=0.7754
  [nplm/distance] epoch 7/20  interaction=-0.3506  marginal=0.7727
  [nplm/distance] epoch 8/20  interaction=-0.3585  marginal=0.7699
  [nplm/distance] epoch 9/20  interaction=-0.3629  marginal=0.7689
  [nplm/distance] epoch 10/20  interaction=-0.3682  marginal=0.7693
  [nplm/distance] epoch 11/20  interaction=-0.3739  marginal=0.7691
  [nplm/distance] epoch 12/20  interaction=-0.3790  marginal=0.7647
  [nplm/distance] epoch 13/20  interaction=-0.3819  marginal=0.7636
  [nplm/distance] epoch 14/20  interaction=-0.3851  marginal=0.7641
  [nplm/distance] epoch 15/20  interaction=-0.3891  marginal=0.7626
  [nplm/distance] epoch 16/20  interaction=-0.3917  marginal=0.7623
  [nplm/distance] epoch 17/20  interaction=-0.3921  marginal=0.7605
  [nplm/distance] epoch 18/20  interaction=-0.3974  marginal=0.7594
  [nplm/distance] epoch 19/20  interaction=-0.3979  marginal=0.7588
  [nplm/distance] epoch 20/20  interaction=-0.4006  marginal=0.7583
  [global_100d_s2] probe=0.8175 eucl=0.3972 mahaT=0.3858 lid=0.6162 perevt=0.000 cent->anchor=nan

----- softmax_100d_s2 -----
Using cache found in /home/pharris/.cache/torch/hub/chenyaofo_pytorch-cifar-models_master
  CIFAR two-view embedding-train images (no {4}): 49500
  [softmax/cosine] epoch 1/20  interaction=5.7040  marginal=0.1065
  [softmax/cosine] epoch 2/20  interaction=5.6329  marginal=0.0692
  [softmax/cosine] epoch 3/20  interaction=5.6152  marginal=0.0657
  [softmax/cosine] epoch 4/20  interaction=5.6034  marginal=0.0649
  [softmax/cosine] epoch 5/20  interaction=5.5931  marginal=0.0639
  [softmax/cosine] epoch 6/20  interaction=5.5838  marginal=0.0634
  [softmax/cosine] epoch 7/20  interaction=5.5781  marginal=0.0630
  [softmax/cosine] epoch 8/20  interaction=5.5723  marginal=0.0640
  [softmax/cosine] epoch 9/20  interaction=5.5694  marginal=0.0638
  [softmax/cosine] epoch 10/20  interaction=5.5623  marginal=0.0623
  [softmax/cosine] epoch 11/20  interaction=5.5601  marginal=0.0629
  [softmax/cosine] epoch 12/20  interaction=5.5545  marginal=0.0625
  [softmax/cosine] epoch 13/20  interaction=5.5510  marginal=0.0620
  [softmax/cosine] epoch 14/20  interaction=5.5498  marginal=0.0618
  [softmax/cosine] epoch 15/20  interaction=5.5451  marginal=0.0627
  [softmax/cosine] epoch 16/20  interaction=5.5443  marginal=0.0603
  [softmax/cosine] epoch 17/20  interaction=5.5437  marginal=0.0613
  [softmax/cosine] epoch 18/20  interaction=5.5423  marginal=0.0611
  [softmax/cosine] epoch 19/20  interaction=5.5397  marginal=0.0609
  [softmax/cosine] epoch 20/20  interaction=5.5386  marginal=0.0606
  [softmax_100d_s2] probe=0.9175 eucl=0.5824 mahaT=0.5351 lid=0.6710 perevt=0.030 cent->anchor=nan

----- cw_128d_s0 -----
Using cache found in /home/pharris/.cache/torch/hub/chenyaofo_pytorch-cifar-models_master
  cifar100 balanced two-view loader (no {4}): 49500 images, 82 batches of 25x24
  [nplm/distance/cw] epoch 1/20  interaction=0.0611  classwise=0.9841
  [nplm/distance/cw] epoch 2/20  interaction=-0.2007  classwise=0.9922
  [nplm/distance/cw] epoch 3/20  interaction=-0.2389  classwise=0.9914
  [nplm/distance/cw] epoch 4/20  interaction=-0.2619  classwise=0.9930
  [nplm/distance/cw] epoch 5/20  interaction=-0.2679  classwise=0.9927
  [nplm/distance/cw] epoch 6/20  interaction=-0.2940  classwise=0.9922
  [nplm/distance/cw] epoch 7/20  interaction=-0.2911  classwise=0.9915
  [nplm/distance/cw] epoch 8/20  interaction=-0.3134  classwise=0.9908
  [nplm/distance/cw] epoch 9/20  interaction=-0.3103  classwise=0.9917
  [nplm/distance/cw] epoch 10/20  interaction=-0.3231  classwise=0.9916
  [nplm/distance/cw] epoch 11/20  interaction=-0.3323  classwise=0.9904
  [nplm/distance/cw] epoch 12/20  interaction=-0.3361  classwise=0.9907
  [nplm/distance/cw] epoch 13/20  interaction=-0.3350  classwise=0.9912
  [nplm/distance/cw] epoch 14/20  interaction=-0.3392  classwise=0.9906
  [nplm/distance/cw] epoch 15/20  interaction=-0.3429  classwise=0.9900
  [nplm/distance/cw] epoch 16/20  interaction=-0.3443  classwise=0.9909
  [nplm/distance/cw] epoch 17/20  interaction=-0.3556  classwise=0.9905
  [nplm/distance/cw] epoch 18/20  interaction=-0.3478  classwise=0.9905
  [nplm/distance/cw] epoch 19/20  interaction=-0.3617  classwise=0.9906
  [nplm/distance/cw] epoch 20/20  interaction=-0.3557  classwise=0.9907
  [cw_128d_s0] probe=0.8674 eucl=0.4625 mahaT=0.4684 lid=0.6214 perevt=0.000 cent->anchor=3.47

----- global_128d_s0 -----
Using cache found in /home/pharris/.cache/torch/hub/chenyaofo_pytorch-cifar-models_master
  CIFAR two-view embedding-train images (no {4}): 49500
  [nplm/distance] epoch 1/20  interaction=-0.1185  marginal=0.8403
  [nplm/distance] epoch 2/20  interaction=-0.2792  marginal=0.8199
  [nplm/distance] epoch 3/20  interaction=-0.3034  marginal=0.8135
  [nplm/distance] epoch 4/20  interaction=-0.3210  marginal=0.8094
  [nplm/distance] epoch 5/20  interaction=-0.3321  marginal=0.8053
  [nplm/distance] epoch 6/20  interaction=-0.3428  marginal=0.8031
  [nplm/distance] epoch 7/20  interaction=-0.3502  marginal=0.8014
  [nplm/distance] epoch 8/20  interaction=-0.3581  marginal=0.8002
  [nplm/distance] epoch 9/20  interaction=-0.3609  marginal=0.7976
  [nplm/distance] epoch 10/20  interaction=-0.3677  marginal=0.7966
  [nplm/distance] epoch 11/20  interaction=-0.3734  marginal=0.7966
  [nplm/distance] epoch 12/20  interaction=-0.3772  marginal=0.7947
  [nplm/distance] epoch 13/20  interaction=-0.3813  marginal=0.7930
  [nplm/distance] epoch 14/20  interaction=-0.3873  marginal=0.7922
  [nplm/distance] epoch 15/20  interaction=-0.3915  marginal=0.7900
  [nplm/distance] epoch 16/20  interaction=-0.3895  marginal=0.7907
  [nplm/distance] epoch 17/20  interaction=-0.3950  marginal=0.7896
  [nplm/distance] epoch 18/20  interaction=-0.4018  marginal=0.7882
  [nplm/distance] epoch 19/20  interaction=-0.4038  marginal=0.7878
  [nplm/distance] epoch 20/20  interaction=-0.4027  marginal=0.7881
  [global_128d_s0] probe=0.8535 eucl=0.4250 mahaT=0.4720 lid=0.6396 perevt=0.020 cent->anchor=nan

----- softmax_128d_s0 -----
Using cache found in /home/pharris/.cache/torch/hub/chenyaofo_pytorch-cifar-models_master
  CIFAR two-view embedding-train images (no {4}): 49500
  [softmax/cosine] epoch 1/20  interaction=5.7020  marginal=0.1053
  [softmax/cosine] epoch 2/20  interaction=5.6360  marginal=0.0692
  [softmax/cosine] epoch 3/20  interaction=5.6139  marginal=0.0676
  [softmax/cosine] epoch 4/20  interaction=5.6027  marginal=0.0658
  [softmax/cosine] epoch 5/20  interaction=5.5918  marginal=0.0657
  [softmax/cosine] epoch 6/20  interaction=5.5849  marginal=0.0641
  [softmax/cosine] epoch 7/20  interaction=5.5783  marginal=0.0636
  [softmax/cosine] epoch 8/20  interaction=5.5733  marginal=0.0631
  [softmax/cosine] epoch 9/20  interaction=5.5681  marginal=0.0627
  [softmax/cosine] epoch 10/20  interaction=5.5652  marginal=0.0630
  [softmax/cosine] epoch 11/20  interaction=5.5609  marginal=0.0626
  [softmax/cosine] epoch 12/20  interaction=5.5565  marginal=0.0621
  [softmax/cosine] epoch 13/20  interaction=5.5523  marginal=0.0614
  [softmax/cosine] epoch 14/20  interaction=5.5500  marginal=0.0626
  [softmax/cosine] epoch 15/20  interaction=5.5485  marginal=0.0618
  [softmax/cosine] epoch 16/20  interaction=5.5458  marginal=0.0614
  [softmax/cosine] epoch 17/20  interaction=5.5439  marginal=0.0601
  [softmax/cosine] epoch 18/20  interaction=5.5402  marginal=0.0609
  [softmax/cosine] epoch 19/20  interaction=5.5369  marginal=0.0617
  [softmax/cosine] epoch 20/20  interaction=5.5354  marginal=0.0610
  [softmax_128d_s0] probe=0.9145 eucl=0.6456 mahaT=0.5862 lid=0.6776 perevt=0.070 cent->anchor=nan

----- cw_128d_s1 -----
Using cache found in /home/pharris/.cache/torch/hub/chenyaofo_pytorch-cifar-models_master
  cifar100 balanced two-view loader (no {4}): 49500 images, 82 batches of 25x24
  [nplm/distance/cw] epoch 1/20  interaction=0.0455  classwise=0.9858
  [nplm/distance/cw] epoch 2/20  interaction=-0.2074  classwise=0.9918
  [nplm/distance/cw] epoch 3/20  interaction=-0.2357  classwise=0.9919
  [nplm/distance/cw] epoch 4/20  interaction=-0.2505  classwise=0.9920
  [nplm/distance/cw] epoch 5/20  interaction=-0.2767  classwise=0.9924
  [nplm/distance/cw] epoch 6/20  interaction=-0.2848  classwise=0.9918
  [nplm/distance/cw] epoch 7/20  interaction=-0.2843  classwise=0.9903
  [nplm/distance/cw] epoch 8/20  interaction=-0.3094  classwise=0.9912
  [nplm/distance/cw] epoch 9/20  interaction=-0.3154  classwise=0.9920
  [nplm/distance/cw] epoch 10/20  interaction=-0.3041  classwise=0.9913
  [nplm/distance/cw] epoch 11/20  interaction=-0.3192  classwise=0.9911
  [nplm/distance/cw] epoch 12/20  interaction=-0.3369  classwise=0.9907
  [nplm/distance/cw] epoch 13/20  interaction=-0.3315  classwise=0.9914
  [nplm/distance/cw] epoch 14/20  interaction=-0.3427  classwise=0.9914
  [nplm/distance/cw] epoch 15/20  interaction=-0.3461  classwise=0.9906
  [nplm/distance/cw] epoch 16/20  interaction=-0.3456  classwise=0.9912
  [nplm/distance/cw] epoch 17/20  interaction=-0.3466  classwise=0.9907
  [nplm/distance/cw] epoch 18/20  interaction=-0.3492  classwise=0.9911
  [nplm/distance/cw] epoch 19/20  interaction=-0.3640  classwise=0.9910
  [nplm/distance/cw] epoch 20/20  interaction=-0.3548  classwise=0.9905
  [cw_128d_s1] probe=0.8467 eucl=0.3431 mahaT=0.3061 lid=0.4594 perevt=0.010 cent->anchor=3.47

----- global_128d_s1 -----
Using cache found in /home/pharris/.cache/torch/hub/chenyaofo_pytorch-cifar-models_master
  CIFAR two-view embedding-train images (no {4}): 49500
  [nplm/distance] epoch 1/20  interaction=-0.1166  marginal=0.8451
  [nplm/distance] epoch 2/20  interaction=-0.2693  marginal=0.8227
  [nplm/distance] epoch 3/20  interaction=-0.2999  marginal=0.8139
  [nplm/distance] epoch 4/20  interaction=-0.3156  marginal=0.8122
  [nplm/distance] epoch 5/20  interaction=-0.3286  marginal=0.8076
  [nplm/distance] epoch 6/20  interaction=-0.3367  marginal=0.8063
  [nplm/distance] epoch 7/20  interaction=-0.3482  marginal=0.8028
  [nplm/distance] epoch 8/20  interaction=-0.3539  marginal=0.8007
  [nplm/distance] epoch 9/20  interaction=-0.3608  marginal=0.7971
  [nplm/distance] epoch 10/20  interaction=-0.3663  marginal=0.7976
  [nplm/distance] epoch 11/20  interaction=-0.3703  marginal=0.7965
  [nplm/distance] epoch 12/20  interaction=-0.3729  marginal=0.7959
  [nplm/distance] epoch 13/20  interaction=-0.3825  marginal=0.7938
  [nplm/distance] epoch 14/20  interaction=-0.3842  marginal=0.7922
  [nplm/distance] epoch 15/20  interaction=-0.3843  marginal=0.7932
  [nplm/distance] epoch 16/20  interaction=-0.3886  marginal=0.7924
  [nplm/distance] epoch 17/20  interaction=-0.3931  marginal=0.7903
  [nplm/distance] epoch 18/20  interaction=-0.3971  marginal=0.7895
  [nplm/distance] epoch 19/20  interaction=-0.3989  marginal=0.7887
  [nplm/distance] epoch 20/20  interaction=-0.4056  marginal=0.7884
  [global_128d_s1] probe=0.8269 eucl=0.4250 mahaT=0.3995 lid=0.5647 perevt=0.050 cent->anchor=nan

----- softmax_128d_s1 -----
Using cache found in /home/pharris/.cache/torch/hub/chenyaofo_pytorch-cifar-models_master
  CIFAR two-view embedding-train images (no {4}): 49500
  [softmax/cosine] epoch 1/20  interaction=5.7087  marginal=0.1096
  [softmax/cosine] epoch 2/20  interaction=5.6353  marginal=0.0704
  [softmax/cosine] epoch 3/20  interaction=5.6180  marginal=0.0682
  [softmax/cosine] epoch 4/20  interaction=5.6029  marginal=0.0673
  [softmax/cosine] epoch 5/20  interaction=5.5948  marginal=0.0662
  [softmax/cosine] epoch 6/20  interaction=5.5864  marginal=0.0668
  [softmax/cosine] epoch 7/20  interaction=5.5792  marginal=0.0652
  [softmax/cosine] epoch 8/20  interaction=5.5733  marginal=0.0645
  [softmax/cosine] epoch 9/20  interaction=5.5692  marginal=0.0644
  [softmax/cosine] epoch 10/20  interaction=5.5639  marginal=0.0640
  [softmax/cosine] epoch 11/20  interaction=5.5608  marginal=0.0632
  [softmax/cosine] epoch 12/20  interaction=5.5584  marginal=0.0639
  [softmax/cosine] epoch 13/20  interaction=5.5536  marginal=0.0627
  [softmax/cosine] epoch 14/20  interaction=5.5496  marginal=0.0625
  [softmax/cosine] epoch 15/20  interaction=5.5486  marginal=0.0617
  [softmax/cosine] epoch 16/20  interaction=5.5465  marginal=0.0624
  [softmax/cosine] epoch 17/20  interaction=5.5444  marginal=0.0621
  [softmax/cosine] epoch 18/20  interaction=5.5424  marginal=0.0622
  [softmax/cosine] epoch 19/20  interaction=5.5395  marginal=0.0619
  [softmax/cosine] epoch 20/20  interaction=5.5363  marginal=0.0618
  [softmax_128d_s1] probe=0.9074 eucl=0.6235 mahaT=0.5660 lid=0.6632 perevt=0.080 cent->anchor=nan

----- cw_128d_s2 -----
Using cache found in /home/pharris/.cache/torch/hub/chenyaofo_pytorch-cifar-models_master
  cifar100 balanced two-view loader (no {4}): 49500 images, 82 batches of 25x24
  [nplm/distance/cw] epoch 1/20  interaction=0.0629  classwise=0.9891
  [nplm/distance/cw] epoch 2/20  interaction=-0.2012  classwise=0.9908
  [nplm/distance/cw] epoch 3/20  interaction=-0.2331  classwise=0.9914
  [nplm/distance/cw] epoch 4/20  interaction=-0.2528  classwise=0.9915
  [nplm/distance/cw] epoch 5/20  interaction=-0.2745  classwise=0.9925
  [nplm/distance/cw] epoch 6/20  interaction=-0.2854  classwise=0.9906
  [nplm/distance/cw] epoch 7/20  interaction=-0.2940  classwise=0.9914
  [nplm/distance/cw] epoch 8/20  interaction=-0.3072  classwise=0.9909
  [nplm/distance/cw] epoch 9/20  interaction=-0.3101  classwise=0.9906
  [nplm/distance/cw] epoch 10/20  interaction=-0.3114  classwise=0.9895
  [nplm/distance/cw] epoch 11/20  interaction=-0.3214  classwise=0.9907
  [nplm/distance/cw] epoch 12/20  interaction=-0.3207  classwise=0.9893
  [nplm/distance/cw] epoch 13/20  interaction=-0.3338  classwise=0.9897
  [nplm/distance/cw] epoch 14/20  interaction=-0.3303  classwise=0.9894
  [nplm/distance/cw] epoch 15/20  interaction=-0.3372  classwise=0.9895
  [nplm/distance/cw] epoch 16/20  interaction=-0.3448  classwise=0.9896
  [nplm/distance/cw] epoch 17/20  interaction=-0.3460  classwise=0.9887
  [nplm/distance/cw] epoch 18/20  interaction=-0.3441  classwise=0.9888
  [nplm/distance/cw] epoch 19/20  interaction=-0.3506  classwise=0.9901
  [nplm/distance/cw] epoch 20/20  interaction=-0.3555  classwise=0.9888
  [cw_128d_s2] probe=0.8227 eucl=0.4885 mahaT=0.4914 lid=0.6261 perevt=0.060 cent->anchor=3.48

----- global_128d_s2 -----
Using cache found in /home/pharris/.cache/torch/hub/chenyaofo_pytorch-cifar-models_master
  CIFAR two-view embedding-train images (no {4}): 49500
  [nplm/distance] epoch 1/20  interaction=-0.1158  marginal=0.8432
  [nplm/distance] epoch 2/20  interaction=-0.2745  marginal=0.8203
  [nplm/distance] epoch 3/20  interaction=-0.3021  marginal=0.8139
  [nplm/distance] epoch 4/20  interaction=-0.3179  marginal=0.8096
  [nplm/distance] epoch 5/20  interaction=-0.3316  marginal=0.8057
  [nplm/distance] epoch 6/20  interaction=-0.3411  marginal=0.8044
  [nplm/distance] epoch 7/20  interaction=-0.3513  marginal=0.8025
  [nplm/distance] epoch 8/20  interaction=-0.3545  marginal=0.7992
  [nplm/distance] epoch 9/20  interaction=-0.3630  marginal=0.7977
  [nplm/distance] epoch 10/20  interaction=-0.3693  marginal=0.7963
  [nplm/distance] epoch 11/20  interaction=-0.3733  marginal=0.7967
  [nplm/distance] epoch 12/20  interaction=-0.3755  marginal=0.7949
  [nplm/distance] epoch 13/20  interaction=-0.3815  marginal=0.7931
  [nplm/distance] epoch 14/20  interaction=-0.3867  marginal=0.7922
  [nplm/distance] epoch 15/20  interaction=-0.3917  marginal=0.7912
  [nplm/distance] epoch 16/20  interaction=-0.3913  marginal=0.7915
  [nplm/distance] epoch 17/20  interaction=-0.3959  marginal=0.7879
  [nplm/distance] epoch 18/20  interaction=-0.3990  marginal=0.7884
  [nplm/distance] epoch 19/20  interaction=-0.4003  marginal=0.7880
  [nplm/distance] epoch 20/20  interaction=-0.4002  marginal=0.7876
  [global_128d_s2] probe=0.8489 eucl=0.3471 mahaT=0.2984 lid=0.6004 perevt=0.010 cent->anchor=nan

----- softmax_128d_s2 -----
Using cache found in /home/pharris/.cache/torch/hub/chenyaofo_pytorch-cifar-models_master
  CIFAR two-view embedding-train images (no {4}): 49500
  [softmax/cosine] epoch 1/20  interaction=5.7054  marginal=0.1099
  [softmax/cosine] epoch 2/20  interaction=5.6365  marginal=0.0702
  [softmax/cosine] epoch 3/20  interaction=5.6156  marginal=0.0676
  [softmax/cosine] epoch 4/20  interaction=5.6034  marginal=0.0653
  [softmax/cosine] epoch 5/20  interaction=5.5935  marginal=0.0648
  [softmax/cosine] epoch 6/20  interaction=5.5860  marginal=0.0650
  [softmax/cosine] epoch 7/20  interaction=5.5780  marginal=0.0642
  [softmax/cosine] epoch 8/20  interaction=5.5735  marginal=0.0641
  [softmax/cosine] epoch 9/20  interaction=5.5674  marginal=0.0641
  [softmax/cosine] epoch 10/20  interaction=5.5638  marginal=0.0636
  [softmax/cosine] epoch 11/20  interaction=5.5600  marginal=0.0630
  [softmax/cosine] epoch 12/20  interaction=5.5568  marginal=0.0641
  [softmax/cosine] epoch 13/20  interaction=5.5519  marginal=0.0631
  [softmax/cosine] epoch 14/20  interaction=5.5494  marginal=0.0623
  [softmax/cosine] epoch 15/20  interaction=5.5461  marginal=0.0624
  [softmax/cosine] epoch 16/20  interaction=5.5448  marginal=0.0619
  [softmax/cosine] epoch 17/20  interaction=5.5422  marginal=0.0616
  [softmax/cosine] epoch 18/20  interaction=5.5408  marginal=0.0616
  [softmax/cosine] epoch 19/20  interaction=5.5386  marginal=0.0628
  [softmax/cosine] epoch 20/20  interaction=5.5382  marginal=0.0613
  [softmax_128d_s2] probe=0.8913 eucl=0.5705 mahaT=0.5222 lid=0.6768 perevt=0.030 cent->anchor=nan

----- cw_200d_s0 -----
Using cache found in /home/pharris/.cache/torch/hub/chenyaofo_pytorch-cifar-models_master
  cifar100 balanced two-view loader (no {4}): 49500 images, 82 batches of 25x24
  [nplm/distance/cw] epoch 1/20  interaction=0.2013  classwise=0.9665
  [nplm/distance/cw] epoch 2/20  interaction=-0.1827  classwise=0.9735
  [nplm/distance/cw] epoch 3/20  interaction=-0.2223  classwise=0.9738
  [nplm/distance/cw] epoch 4/20  interaction=-0.2473  classwise=0.9744
  [nplm/distance/cw] epoch 5/20  interaction=-0.2657  classwise=0.9750
  [nplm/distance/cw] epoch 6/20  interaction=-0.2746  classwise=0.9748
  [nplm/distance/cw] epoch 7/20  interaction=-0.2926  classwise=0.9748
  [nplm/distance/cw] epoch 8/20  interaction=-0.2976  classwise=0.9753
  [nplm/distance/cw] epoch 9/20  interaction=-0.3037  classwise=0.9749
  [nplm/distance/cw] epoch 10/20  interaction=-0.3139  classwise=0.9750
  [nplm/distance/cw] epoch 11/20  interaction=-0.3176  classwise=0.9754
  [nplm/distance/cw] epoch 12/20  interaction=-0.3265  classwise=0.9754
  [nplm/distance/cw] epoch 13/20  interaction=-0.3288  classwise=0.9754
  [nplm/distance/cw] epoch 14/20  interaction=-0.3345  classwise=0.9745
  [nplm/distance/cw] epoch 15/20  interaction=-0.3292  classwise=0.9743
  [nplm/distance/cw] epoch 16/20  interaction=-0.3348  classwise=0.9742
  [nplm/distance/cw] epoch 17/20  interaction=-0.3407  classwise=0.9744
  [nplm/distance/cw] epoch 18/20  interaction=-0.3487  classwise=0.9750
  [nplm/distance/cw] epoch 19/20  interaction=-0.3564  classwise=0.9747
  [nplm/distance/cw] epoch 20/20  interaction=-0.3538  classwise=0.9751
  [cw_200d_s0] probe=0.8657 eucl=0.3024 mahaT=0.2748 lid=0.6110 perevt=0.000 cent->anchor=3.51

----- global_200d_s0 -----
Using cache found in /home/pharris/.cache/torch/hub/chenyaofo_pytorch-cifar-models_master
  CIFAR two-view embedding-train images (no {4}): 49500
  [nplm/distance] epoch 1/20  interaction=-0.0612  marginal=0.8757
  [nplm/distance] epoch 2/20  interaction=-0.2746  marginal=0.8582
  [nplm/distance] epoch 3/20  interaction=-0.3003  marginal=0.8526
  [nplm/distance] epoch 4/20  interaction=-0.3199  marginal=0.8505
  [nplm/distance] epoch 5/20  interaction=-0.3328  marginal=0.8461
  [nplm/distance] epoch 6/20  interaction=-0.3381  marginal=0.8455
  [nplm/distance] epoch 7/20  interaction=-0.3471  marginal=0.8434
  [nplm/distance] epoch 8/20  interaction=-0.3566  marginal=0.8419
  [nplm/distance] epoch 9/20  interaction=-0.3599  marginal=0.8399
  [nplm/distance] epoch 10/20  interaction=-0.3680  marginal=0.8391
  [nplm/distance] epoch 11/20  interaction=-0.3755  marginal=0.8377
  [nplm/distance] epoch 12/20  interaction=-0.3760  marginal=0.8370
  [nplm/distance] epoch 13/20  interaction=-0.3831  marginal=0.8359
  [nplm/distance] epoch 14/20  interaction=-0.3855  marginal=0.8364
  [nplm/distance] epoch 15/20  interaction=-0.3887  marginal=0.8351
  [nplm/distance] epoch 16/20  interaction=-0.3957  marginal=0.8329
  [nplm/distance] epoch 17/20  interaction=-0.3975  marginal=0.8328
  [nplm/distance] epoch 18/20  interaction=-0.4004  marginal=0.8322
  [nplm/distance] epoch 19/20  interaction=-0.3999  marginal=0.8324
  [nplm/distance] epoch 20/20  interaction=-0.4010  marginal=0.8313
  [global_200d_s0] probe=0.8382 eucl=0.3190 mahaT=0.3409 lid=0.6051 perevt=0.020 cent->anchor=nan

----- softmax_200d_s0 -----
Using cache found in /home/pharris/.cache/torch/hub/chenyaofo_pytorch-cifar-models_master
  CIFAR two-view embedding-train images (no {4}): 49500
  [softmax/cosine] epoch 1/20  interaction=5.7005  marginal=0.1108
  [softmax/cosine] epoch 2/20  interaction=5.6366  marginal=0.0735
  [softmax/cosine] epoch 3/20  interaction=5.6165  marginal=0.0693
  [softmax/cosine] epoch 4/20  interaction=5.6036  marginal=0.0676
  [softmax/cosine] epoch 5/20  interaction=5.5924  marginal=0.0682
  [softmax/cosine] epoch 6/20  interaction=5.5859  marginal=0.0664
  [softmax/cosine] epoch 7/20  interaction=5.5797  marginal=0.0663
  [softmax/cosine] epoch 8/20  interaction=5.5736  marginal=0.0657
  [softmax/cosine] epoch 9/20  interaction=5.5698  marginal=0.0650
  [softmax/cosine] epoch 10/20  interaction=5.5642  marginal=0.0641
  [softmax/cosine] epoch 11/20  interaction=5.5620  marginal=0.0645
  [softmax/cosine] epoch 12/20  interaction=5.5573  marginal=0.0643
  [softmax/cosine] epoch 13/20  interaction=5.5540  marginal=0.0636
  [softmax/cosine] epoch 14/20  interaction=5.5525  marginal=0.0639
  [softmax/cosine] epoch 15/20  interaction=5.5486  marginal=0.0629
  [softmax/cosine] epoch 16/20  interaction=5.5446  marginal=0.0631
  [softmax/cosine] epoch 17/20  interaction=5.5417  marginal=0.0637
  [softmax/cosine] epoch 18/20  interaction=5.5409  marginal=0.0621
  [softmax/cosine] epoch 19/20  interaction=5.5391  marginal=0.0636
  [softmax/cosine] epoch 20/20  interaction=5.5378  marginal=0.0634
  [softmax_200d_s0] probe=0.9030 eucl=0.5635 mahaT=0.5123 lid=0.6947 perevt=0.060 cent->anchor=nan

----- cw_200d_s1 -----
Using cache found in /home/pharris/.cache/torch/hub/chenyaofo_pytorch-cifar-models_master
  cifar100 balanced two-view loader (no {4}): 49500 images, 82 batches of 25x24
  [nplm/distance/cw] epoch 1/20  interaction=0.2040  classwise=0.9676
  [nplm/distance/cw] epoch 2/20  interaction=-0.1829  classwise=0.9732
  [nplm/distance/cw] epoch 3/20  interaction=-0.2254  classwise=0.9738
  [nplm/distance/cw] epoch 4/20  interaction=-0.2466  classwise=0.9745
  [nplm/distance/cw] epoch 5/20  interaction=-0.2597  classwise=0.9740
  [nplm/distance/cw] epoch 6/20  interaction=-0.2702  classwise=0.9738
  [nplm/distance/cw] epoch 7/20  interaction=-0.2816  classwise=0.9737
  [nplm/distance/cw] epoch 8/20  interaction=-0.2955  classwise=0.9748
  [nplm/distance/cw] epoch 9/20  interaction=-0.2974  classwise=0.9740
  [nplm/distance/cw] epoch 10/20  interaction=-0.3106  classwise=0.9742
  [nplm/distance/cw] epoch 11/20  interaction=-0.3142  classwise=0.9745
  [nplm/distance/cw] epoch 12/20  interaction=-0.3250  classwise=0.9740
  [nplm/distance/cw] epoch 13/20  interaction=-0.3236  classwise=0.9742
  [nplm/distance/cw] epoch 14/20  interaction=-0.3303  classwise=0.9744
  [nplm/distance/cw] epoch 15/20  interaction=-0.3406  classwise=0.9738
  [nplm/distance/cw] epoch 16/20  interaction=-0.3368  classwise=0.9740
  [nplm/distance/cw] epoch 17/20  interaction=-0.3549  classwise=0.9748
  [nplm/distance/cw] epoch 18/20  interaction=-0.3435  classwise=0.9738
  [nplm/distance/cw] epoch 19/20  interaction=-0.3567  classwise=0.9744
  [nplm/distance/cw] epoch 20/20  interaction=-0.3523  classwise=0.9740
  [cw_200d_s1] probe=0.8584 eucl=0.2739 mahaT=0.3209 lid=0.5484 perevt=0.000 cent->anchor=3.50

----- global_200d_s1 -----
Using cache found in /home/pharris/.cache/torch/hub/chenyaofo_pytorch-cifar-models_master
  CIFAR two-view embedding-train images (no {4}): 49500
  [nplm/distance] epoch 1/20  interaction=-0.0441  marginal=0.8792
  [nplm/distance] epoch 2/20  interaction=-0.2651  marginal=0.8607
  [nplm/distance] epoch 3/20  interaction=-0.2960  marginal=0.8527
  [nplm/distance] epoch 4/20  interaction=-0.3161  marginal=0.8494
  [nplm/distance] epoch 5/20  interaction=-0.3281  marginal=0.8463
  [nplm/distance] epoch 6/20  interaction=-0.3383  marginal=0.8460
  [nplm/distance] epoch 7/20  interaction=-0.3503  marginal=0.8420
  [nplm/distance] epoch 8/20  interaction=-0.3551  marginal=0.8407
  [nplm/distance] epoch 9/20  interaction=-0.3640  marginal=0.8395
  [nplm/distance] epoch 10/20  interaction=-0.3669  marginal=0.8397
  [nplm/distance] epoch 11/20  interaction=-0.3710  marginal=0.8396
  [nplm/distance] epoch 12/20  interaction=-0.3779  marginal=0.8365
  [nplm/distance] epoch 13/20  interaction=-0.3784  marginal=0.8365
  [nplm/distance] epoch 14/20  interaction=-0.3857  marginal=0.8359
  [nplm/distance] epoch 15/20  interaction=-0.3907  marginal=0.8349
  [nplm/distance] epoch 16/20  interaction=-0.3925  marginal=0.8338
  [nplm/distance] epoch 17/20  interaction=-0.3938  marginal=0.8331
  [nplm/distance] epoch 18/20  interaction=-0.4006  marginal=0.8309
  [nplm/distance] epoch 19/20  interaction=-0.4021  marginal=0.8315
  [nplm/distance] epoch 20/20  interaction=-0.4028  marginal=0.8309
  [global_200d_s1] probe=0.8237 eucl=0.3935 mahaT=0.3765 lid=0.6079 perevt=0.040 cent->anchor=nan

----- softmax_200d_s1 -----
Using cache found in /home/pharris/.cache/torch/hub/chenyaofo_pytorch-cifar-models_master
  CIFAR two-view embedding-train images (no {4}): 49500
  [softmax/cosine] epoch 1/20  interaction=5.7066  marginal=0.1158
  [softmax/cosine] epoch 2/20  interaction=5.6366  marginal=0.0737
  [softmax/cosine] epoch 3/20  interaction=5.6150  marginal=0.0709
  [softmax/cosine] epoch 4/20  interaction=5.6013  marginal=0.0693
  [softmax/cosine] epoch 5/20  interaction=5.5920  marginal=0.0674
  [softmax/cosine] epoch 6/20  interaction=5.5853  marginal=0.0665
  [softmax/cosine] epoch 7/20  interaction=5.5794  marginal=0.0660
  [softmax/cosine] epoch 8/20  interaction=5.5744  marginal=0.0663
  [softmax/cosine] epoch 9/20  interaction=5.5693  marginal=0.0648
  [softmax/cosine] epoch 10/20  interaction=5.5650  marginal=0.0648
  [softmax/cosine] epoch 11/20  interaction=5.5614  marginal=0.0632
  [softmax/cosine] epoch 12/20  interaction=5.5568  marginal=0.0653
  [softmax/cosine] epoch 13/20  interaction=5.5542  marginal=0.0640
  [softmax/cosine] epoch 14/20  interaction=5.5518  marginal=0.0640
  [softmax/cosine] epoch 15/20  interaction=5.5480  marginal=0.0637
  [softmax/cosine] epoch 16/20  interaction=5.5465  marginal=0.0644
  [softmax/cosine] epoch 17/20  interaction=5.5442  marginal=0.0631
  [softmax/cosine] epoch 18/20  interaction=5.5403  marginal=0.0630
  [softmax/cosine] epoch 19/20  interaction=5.5381  marginal=0.0633
  [softmax/cosine] epoch 20/20  interaction=5.5377  marginal=0.0636
  [softmax_200d_s1] probe=0.9048 eucl=0.5842 mahaT=0.5300 lid=0.6707 perevt=0.070 cent->anchor=nan

----- cw_200d_s2 -----
Using cache found in /home/pharris/.cache/torch/hub/chenyaofo_pytorch-cifar-models_master
  cifar100 balanced two-view loader (no {4}): 49500 images, 82 batches of 25x24
  [nplm/distance/cw] epoch 1/20  interaction=0.2158  classwise=0.9712
  [nplm/distance/cw] epoch 2/20  interaction=-0.1785  classwise=0.9726
  [nplm/distance/cw] epoch 3/20  interaction=-0.2240  classwise=0.9730
  [nplm/distance/cw] epoch 4/20  interaction=-0.2422  classwise=0.9733
  [nplm/distance/cw] epoch 5/20  interaction=-0.2701  classwise=0.9747
  [nplm/distance/cw] epoch 6/20  interaction=-0.2824  classwise=0.9748
  [nplm/distance/cw] epoch 7/20  interaction=-0.2822  classwise=0.9746
  [nplm/distance/cw] epoch 8/20  interaction=-0.2936  classwise=0.9741
  [nplm/distance/cw] epoch 9/20  interaction=-0.3001  classwise=0.9744
  [nplm/distance/cw] epoch 10/20  interaction=-0.3063  classwise=0.9741
  [nplm/distance/cw] epoch 11/20  interaction=-0.3157  classwise=0.9742
  [nplm/distance/cw] epoch 12/20  interaction=-0.3237  classwise=0.9734
  [nplm/distance/cw] epoch 13/20  interaction=-0.3290  classwise=0.9740
  [nplm/distance/cw] epoch 14/20  interaction=-0.3159  classwise=0.9732
  [nplm/distance/cw] epoch 15/20  interaction=-0.3298  classwise=0.9731
  [nplm/distance/cw] epoch 16/20  interaction=-0.3471  classwise=0.9734
  [nplm/distance/cw] epoch 17/20  interaction=-0.3463  classwise=0.9735
  [nplm/distance/cw] epoch 18/20  interaction=-0.3479  classwise=0.9741
  [nplm/distance/cw] epoch 19/20  interaction=-0.3402  classwise=0.9727
  [nplm/distance/cw] epoch 20/20  interaction=-0.3542  classwise=0.9740
  [cw_200d_s2] probe=0.8788 eucl=0.4016 mahaT=0.3814 lid=0.5888 perevt=0.010 cent->anchor=3.52

----- global_200d_s2 -----
Using cache found in /home/pharris/.cache/torch/hub/chenyaofo_pytorch-cifar-models_master
  CIFAR two-view embedding-train images (no {4}): 49500
  [nplm/distance] epoch 1/20  interaction=-0.0373  marginal=0.8814
  [nplm/distance] epoch 2/20  interaction=-0.2683  marginal=0.8580
  [nplm/distance] epoch 3/20  interaction=-0.2964  marginal=0.8524
  [nplm/distance] epoch 4/20  interaction=-0.3164  marginal=0.8490
  [nplm/distance] epoch 5/20  interaction=-0.3306  marginal=0.8452
  [nplm/distance] epoch 6/20  interaction=-0.3370  marginal=0.8460
  [nplm/distance] epoch 7/20  interaction=-0.3474  marginal=0.8432
  [nplm/distance] epoch 8/20  interaction=-0.3543  marginal=0.8405
  [nplm/distance] epoch 9/20  interaction=-0.3619  marginal=0.8411
  [nplm/distance] epoch 10/20  interaction=-0.3672  marginal=0.8396
  [nplm/distance] epoch 11/20  interaction=-0.3719  marginal=0.8394
  [nplm/distance] epoch 12/20  interaction=-0.3775  marginal=0.8373
  [nplm/distance] epoch 13/20  interaction=-0.3800  marginal=0.8366
  [nplm/distance] epoch 14/20  interaction=-0.3863  marginal=0.8356
  [nplm/distance] epoch 15/20  interaction=-0.3851  marginal=0.8352
  [nplm/distance] epoch 16/20  interaction=-0.3908  marginal=0.8338
  [nplm/distance] epoch 17/20  interaction=-0.3972  marginal=0.8317
  [nplm/distance] epoch 18/20  interaction=-0.3992  marginal=0.8322
  [nplm/distance] epoch 19/20  interaction=-0.3989  marginal=0.8320
  [nplm/distance] epoch 20/20  interaction=-0.4055  marginal=0.8306
  [global_200d_s2] probe=0.8596 eucl=0.4287 mahaT=0.4333 lid=0.6346 perevt=0.050 cent->anchor=nan

----- softmax_200d_s2 -----
Using cache found in /home/pharris/.cache/torch/hub/chenyaofo_pytorch-cifar-models_master
  CIFAR two-view embedding-train images (no {4}): 49500
  [softmax/cosine] epoch 1/20  interaction=5.7063  marginal=0.1103
  [softmax/cosine] epoch 2/20  interaction=5.6343  marginal=0.0716
  [softmax/cosine] epoch 3/20  interaction=5.6157  marginal=0.0696
  [softmax/cosine] epoch 4/20  interaction=5.6023  marginal=0.0671
  [softmax/cosine] epoch 5/20  interaction=5.5929  marginal=0.0673
  [softmax/cosine] epoch 6/20  interaction=5.5855  marginal=0.0663
  [softmax/cosine] epoch 7/20  interaction=5.5780  marginal=0.0659
  [softmax/cosine] epoch 8/20  interaction=5.5741  marginal=0.0649
  [softmax/cosine] epoch 9/20  interaction=5.5695  marginal=0.0651
  [softmax/cosine] epoch 10/20  interaction=5.5642  marginal=0.0641
  [softmax/cosine] epoch 11/20  interaction=5.5598  marginal=0.0646
  [softmax/cosine] epoch 12/20  interaction=5.5567  marginal=0.0637
  [softmax/cosine] epoch 13/20  interaction=5.5553  marginal=0.0642
  [softmax/cosine] epoch 14/20  interaction=5.5503  marginal=0.0637
  [softmax/cosine] epoch 15/20  interaction=5.5493  marginal=0.0631
  [softmax/cosine] epoch 16/20  interaction=5.5466  marginal=0.0638
  [softmax/cosine] epoch 17/20  interaction=5.5426  marginal=0.0627
  [softmax/cosine] epoch 18/20  interaction=5.5390  marginal=0.0635
  [softmax/cosine] epoch 19/20  interaction=5.5400  marginal=0.0628
  [softmax/cosine] epoch 20/20  interaction=5.5371  marginal=0.0620
  [softmax_200d_s2] probe=0.9110 eucl=0.5063 mahaT=0.4750 lid=0.6296 perevt=0.040 cent->anchor=nan

===== EXP88 SUMMARY (C100; 32-D refs: cw mahaT 0.372, cent->anchor ~3.5) =====
  arm        dim   probe mean+-sd   eucl  mahaT perevt cent->anchor
  cw         100   0.8447+-0.0067  0.483  0.468  0.023         3.46
  cw         128   0.8456+-0.0183  0.431  0.422  0.023         3.47
  cw         200   0.8676+-0.0084  0.326  0.326  0.003         3.51
  global     100   0.8265+-0.0251  0.388  0.368  0.007          nan
  global     128   0.8431+-0.0116  0.399  0.390  0.027          nan
  global     200   0.8405+-0.0148  0.380  0.384  0.037          nan
  softmax    100   0.9125+-0.0135  0.590  0.545  0.023          nan
  softmax    128   0.9044+-0.0097  0.613  0.558  0.060          nan
  softmax    200   0.9063+-0.0035  0.551  0.506  0.057          nan
EXP88 DONE.
EXP88 CHAIN DONE
