/home/pharris/venv/lib64/python3.9/site-packages/networkx/utils/backends.py:135: RuntimeWarning: networkx backend defined more than once: nx-loopback
  backends.update(_get_backends("networkx.backends"))

######## [cars:visreg_s0] iterated residual ########
  [resnplm2] epoch 1/20  main=62058152473.7650  aux=0.2831
  [resnplm2] epoch 5/20  main=39542681033.3169  aux=0.2869
  [resnplm2] epoch 10/20  main=20760229555.9007  aux=0.3059
  [resnplm2] epoch 15/20  main=8462800935.5461  aux=0.3309
  [resnplm2] epoch 20/20  main=6090704446.4127  aux=0.3370
  extracted ft70_supcon-ft_resnplm2 train: (8144, 768)
  extracted ft70_supcon-ft_resnplm2 test: (8041, 768)
  [resnplmW] epoch 1/20  main=2356770576494.4731  aux=0.1544
  [resnplmW] epoch 5/20  main=264177774625.9917  aux=0.2493
  [resnplmW] epoch 10/20  main=107393690131.1203  aux=0.2927
  [resnplmW] epoch 15/20  main=53141472898.6888  aux=0.3213
  [resnplmW] epoch 20/20  main=39598958787.3900  aux=0.3290
  extracted ft70_supcon-ft_resnplmW200 train: (8144, 768)
  extracted ft70_supcon-ft_resnplmW200 test: (8041, 768)
  [cars:visreg_s0 2way [p;r1]    ] probe=0.8545 eucl=0.7466 mahaT=0.6779 lid=0.7133 perevt=0.263
  [cars:visreg_s0 3way [p;r1;r2] ] probe=0.8921 eucl=0.7619 mahaT=0.6570 lid=0.7287 perevt=0.286
  [cars:visreg_s0 wide [p;rW200] ] probe=0.8855 eucl=0.7521 mahaT=0.6925 lid=0.7187 perevt=0.268

######## [cars:visreg_s1] iterated residual ########
  [resnplm2_s1] epoch 1/20  main=45321394314.7034  aux=0.3035
  [resnplm2_s1] epoch 5/20  main=32786534502.5138  aux=0.3030
  [resnplm2_s1] epoch 10/20  main=13168639591.5855  aux=0.3293
  [resnplm2_s1] epoch 15/20  main=7057653810.3201  aux=0.3443
  [resnplm2_s1] epoch 20/20  main=4723394800.0012  aux=0.3484
  extracted ft70_supcon-ft_resnplm2 train: (8144, 768)
  extracted ft70_supcon-ft_resnplm2 test: (8041, 768)
  [resnplmW_s1] epoch 1/20  main=1907333244885.5103  aux=0.1599
  [resnplmW_s1] epoch 5/20  main=165159459474.5892  aux=0.2656
  [resnplmW_s1] epoch 10/20  main=71497767299.7759  aux=0.3132
  [resnplmW_s1] epoch 15/20  main=32572621931.7254  aux=0.3387
  [resnplmW_s1] epoch 20/20  main=22540524159.4865  aux=0.3477
  extracted ft70_supcon-ft_resnplmW200 train: (8144, 768)
  extracted ft70_supcon-ft_resnplmW200 test: (8041, 768)
  [cars:visreg_s1 2way [p;r1]    ] probe=0.8118 eucl=0.7202 mahaT=0.6325 lid=0.7002 perevt=0.256
  [cars:visreg_s1 3way [p;r1;r2] ] probe=0.8730 eucl=0.7321 mahaT=0.6183 lid=0.7098 perevt=0.277
  [cars:visreg_s1 wide [p;rW200] ] probe=0.8796 eucl=0.7287 mahaT=0.6762 lid=0.6997 perevt=0.270

######## [cars:visreg_s2] iterated residual ########
  [resnplm2_s2] epoch 1/20  main=48750126043.8489  aux=0.3137
  [resnplm2_s2] epoch 5/20  main=42822586550.5796  aux=0.3185
  [resnplm2_s2] epoch 10/20  main=15512315472.4303  aux=0.3315
  [resnplm2_s2] epoch 15/20  main=4819967608.6254  aux=0.3606
  [resnplm2_s2] epoch 20/20  main=3057154890.8985  aux=0.3642
  extracted ft70_supcon-ft_resnplm2 train: (8144, 768)
  extracted ft70_supcon-ft_resnplm2 test: (8041, 768)
  [resnplmW_s2] epoch 1/20  main=1810653297940.1826  aux=0.1724
  [resnplmW_s2] epoch 5/20  main=138413048002.9212  aux=0.2916
  [resnplmW_s2] epoch 10/20  main=65219794429.3444  aux=0.3253
  [resnplmW_s2] epoch 15/20  main=27128504684.1037  aux=0.3513
  [resnplmW_s2] epoch 20/20  main=19608050783.7984  aux=0.3584
  extracted ft70_supcon-ft_resnplmW200 train: (8144, 768)
  extracted ft70_supcon-ft_resnplmW200 test: (8041, 768)
  [cars:visreg_s2 2way [p;r1]    ] probe=0.8327 eucl=0.7015 mahaT=0.6410 lid=0.6860 perevt=0.246
  [cars:visreg_s2 3way [p;r1;r2] ] probe=0.8782 eucl=0.7104 mahaT=0.6324 lid=0.7003 perevt=0.268
  [cars:visreg_s2 wide [p;rW200] ] probe=0.8865 eucl=0.7075 mahaT=0.6663 lid=0.6887 perevt=0.242

######## [flowers:dino_s0] iterated residual ########
Using cache found in /home/pharris/.cache/torch/hub/facebookresearch_dino_main
Using cache found in /home/pharris/.cache/torch/hub/facebookresearch_dino_main
  [resnplm2] epoch 1/20  main=2936802124.3587  aux=0.3824
  [resnplm2] epoch 5/20  main=23127453130.0877  aux=0.2708
  [resnplm2] epoch 10/20  main=5824518449.9196  aux=0.3094
  [resnplm2] epoch 15/20  main=1028109636.9795  aux=0.3242
  [resnplm2] epoch 20/20  main=1105049942.5483  aux=0.3313
  extracted ft70_supcon-ft_resnplm2 train: (2040, 768)
Using cache found in /home/pharris/.cache/torch/hub/facebookresearch_dino_main
  extracted ft70_supcon-ft_resnplm2 test: (6149, 768)
  [resnplmW] epoch 1/20  main=3891387099531.2280  aux=0.2345
  [resnplmW] epoch 5/20  main=260836935500.3509  aux=0.1849
  [resnplmW] epoch 10/20  main=164664387332.4912  aux=0.1978
  [resnplmW] epoch 15/20  main=135994810224.2807  aux=0.2004
  [resnplmW] epoch 20/20  main=125885675591.8596  aux=0.2044
  extracted ft70_supcon-ft_resnplmW200 train: (2040, 768)
  extracted ft70_supcon-ft_resnplmW200 test: (6149, 768)
  [flowers:dino_s0 2way [p;r1]    ] probe=0.8852 eucl=0.8966 mahaT=0.8429 lid=0.9512 perevt=0.334
  [flowers:dino_s0 3way [p;r1;r2] ] probe=0.9237 eucl=0.8658 mahaT=0.8077 lid=0.9507 perevt=0.253
  [flowers:dino_s0 wide [p;rW200] ] probe=0.8639 eucl=0.8964 mahaT=0.8113 lid=0.9572 perevt=0.349

######## [flowers:dino_s1] iterated residual ########
Using cache found in /home/pharris/.cache/torch/hub/facebookresearch_dino_main
Using cache found in /home/pharris/.cache/torch/hub/facebookresearch_dino_main
  [resnplm2_s1] epoch 1/20  main=4361667065.0358  aux=0.3511
  [resnplm2_s1] epoch 5/20  main=39290640543.1096  aux=0.2550
  [resnplm2_s1] epoch 10/20  main=4357721826.5642  aux=0.2892
  [resnplm2_s1] epoch 15/20  main=3914735778.4473  aux=0.2999
  [resnplm2_s1] epoch 20/20  main=2501792750.8651  aux=0.3019
  extracted ft70_supcon-ft_resnplm2 train: (2040, 768)
Using cache found in /home/pharris/.cache/torch/hub/facebookresearch_dino_main
  extracted ft70_supcon-ft_resnplm2 test: (6149, 768)
  [resnplmW_s1] epoch 1/20  main=6362538366868.2109  aux=0.2860
  [resnplmW_s1] epoch 5/20  main=326042687092.7719  aux=0.1664
  [resnplmW_s1] epoch 10/20  main=196640515125.8947  aux=0.1829
  [resnplmW_s1] epoch 15/20  main=150998063068.0702  aux=0.1919
  [resnplmW_s1] epoch 20/20  main=147973036499.0877  aux=0.1962
  extracted ft70_supcon-ft_resnplmW200 train: (2040, 768)
  extracted ft70_supcon-ft_resnplmW200 test: (6149, 768)
  [flowers:dino_s1 2way [p;r1]    ] probe=0.7874 eucl=0.8947 mahaT=0.8297 lid=0.9553 perevt=0.373
  [flowers:dino_s1 3way [p;r1;r2] ] probe=0.9106 eucl=0.8763 mahaT=0.8021 lid=0.9564 perevt=0.282
  [flowers:dino_s1 wide [p;rW200] ] probe=0.8596 eucl=0.9040 mahaT=0.8041 lid=0.9571 perevt=0.411

######## [flowers:dino_s2] iterated residual ########
Using cache found in /home/pharris/.cache/torch/hub/facebookresearch_dino_main
Using cache found in /home/pharris/.cache/torch/hub/facebookresearch_dino_main
  [resnplm2_s2] epoch 1/20  main=4107444086.4893  aux=0.3813
  [resnplm2_s2] epoch 5/20  main=35075568942.7922  aux=0.2603
  [resnplm2_s2] epoch 10/20  main=6047301620.5061  aux=0.2996
  [resnplm2_s2] epoch 15/20  main=3287723326.1317  aux=0.3200
  [resnplm2_s2] epoch 20/20  main=2615042082.3821  aux=0.3316
  extracted ft70_supcon-ft_resnplm2 train: (2040, 768)
Using cache found in /home/pharris/.cache/torch/hub/facebookresearch_dino_main
  extracted ft70_supcon-ft_resnplm2 test: (6149, 768)
  [resnplmW_s2] epoch 1/20  main=6481067025390.0352  aux=0.2956
  [resnplmW_s2] epoch 5/20  main=326468331915.2281  aux=0.1745
  [resnplmW_s2] epoch 10/20  main=195746475169.6842  aux=0.1918
  [resnplmW_s2] epoch 15/20  main=175537679342.0351  aux=0.1942
  [resnplmW_s2] epoch 20/20  main=171532664832.0000  aux=0.1960
  extracted ft70_supcon-ft_resnplmW200 train: (2040, 768)
  extracted ft70_supcon-ft_resnplmW200 test: (6149, 768)
  [flowers:dino_s2 2way [p;r1]    ] probe=0.8278 eucl=0.8858 mahaT=0.8294 lid=0.9541 perevt=0.351
  [flowers:dino_s2 3way [p;r1;r2] ] probe=0.8950 eucl=0.8610 mahaT=0.7961 lid=0.9562 perevt=0.310
  [flowers:dino_s2 wide [p;rW200] ] probe=0.8543 eucl=0.8986 mahaT=0.8089 lid=0.9587 perevt=0.391

===== EXP85 SUMMARY (per-seed; 2way vs 3way vs width ctrl) ====
  cell:space                             probe   eucl  mahaT  perevt
  cars:visreg_s0:2way [p;r1]            0.8545  0.747  0.678   0.263
  cars:visreg_s0:3way [p;r1;r2]         0.8921  0.762  0.657   0.286
  cars:visreg_s0:wide [p;rW200]         0.8855  0.752  0.693   0.268
  cars:visreg_s1:2way [p;r1]            0.8118  0.720  0.633   0.256
  cars:visreg_s1:3way [p;r1;r2]         0.8730  0.732  0.618   0.277
  cars:visreg_s1:wide [p;rW200]         0.8796  0.729  0.676   0.270
  cars:visreg_s2:2way [p;r1]            0.8327  0.701  0.641   0.246
  cars:visreg_s2:3way [p;r1;r2]         0.8782  0.710  0.632   0.268
  cars:visreg_s2:wide [p;rW200]         0.8865  0.708  0.666   0.242
  flowers:dino_s0:2way [p;r1]           0.8852  0.897  0.843   0.334
  flowers:dino_s0:3way [p;r1;r2]        0.9237  0.866  0.808   0.253
  flowers:dino_s0:wide [p;rW200]        0.8639  0.896  0.811   0.349
  flowers:dino_s1:2way [p;r1]           0.7874  0.895  0.830   0.373
  flowers:dino_s1:3way [p;r1;r2]        0.9106  0.876  0.802   0.282
  flowers:dino_s1:wide [p;rW200]        0.8596  0.904  0.804   0.411
  flowers:dino_s2:2way [p;r1]           0.8278  0.886  0.829   0.351
  flowers:dino_s2:3way [p;r1;r2]        0.8950  0.861  0.796   0.310
  flowers:dino_s2:wide [p;rW200]        0.8543  0.899  0.809   0.391
  cars:visreg 2way [p;r1]: probe 0.8330+-0.0175
  cars:visreg 3way [p;r1;r2]: probe 0.8811+-0.0081
  cars:visreg wide [p;rW200]: probe 0.8839+-0.0030
  flowers:dino 2way [p;r1]: probe 0.8335+-0.0401
  flowers:dino 3way [p;r1;r2]: probe 0.9097+-0.0117
  flowers:dino wide [p;rW200]: probe 0.8593+-0.0039
EXP85 DONE.
EXP85 CHAIN DONE
