/home/pharris/venv/lib64/python3.9/site-packages/networkx/utils/backends.py:135: RuntimeWarning: networkx backend defined more than once: nx-loopback
  backends.update(_get_backends("networkx.backends"))

######## holdout size 1 ([4]) ########
Using cache found in /home/pharris/.cache/torch/hub/chenyaofo_pytorch-cifar-models_master
  CIFAR two-view embedding-train images (no {4}): 49500
  [supcon] epoch 1/20  loss=4.2065
  [supcon] epoch 2/20  loss=3.9864
  [supcon] epoch 3/20  loss=3.8934
  [supcon] epoch 4/20  loss=3.8549
  [supcon] epoch 5/20  loss=3.8066
  [supcon] epoch 6/20  loss=3.7725
  [supcon] epoch 7/20  loss=3.7435
  [supcon] epoch 8/20  loss=3.7229
  [supcon] epoch 9/20  loss=3.7009
  [supcon] epoch 10/20  loss=3.6826
  [supcon] epoch 11/20  loss=3.6621
  [supcon] epoch 12/20  loss=3.6505
  [supcon] epoch 13/20  loss=3.6329
  [supcon] epoch 14/20  loss=3.6157
  [supcon] epoch 15/20  loss=3.6099
  [supcon] epoch 16/20  loss=3.5861
  [supcon] epoch 17/20  loss=3.5843
  [supcon] epoch 18/20  loss=3.5734
  [supcon] epoch 19/20  loss=3.5655
  [supcon] epoch 20/20  loss=3.5544
  CIFAR two-view embedding-train images (no {4}): 49500
  [exp89-resnplm] epoch 1/20  loss=4052166301.8446
  [exp89-resnplm] epoch 5/20  loss=2821429162.7772
  [exp89-resnplm] epoch 10/20  loss=2237050139.6891
  [exp89-resnplm] epoch 15/20  loss=2298206627.3990
  [exp89-resnplm] epoch 20/20  loss=2098853983.5855
  pre probe=0.9539
  [sigreg+proto] epoch 1/5  sigreg=0.5445  proto=3.9217  min_dist=2.36  mean_dist=10.66
  [sigreg+proto] epoch 2/5  sigreg=0.6145  proto=2.5842  min_dist=3.08  mean_dist=11.15
  [sigreg+proto] epoch 3/5  sigreg=0.6398  proto=2.1749  min_dist=3.65  mean_dist=11.59
  [sigreg+proto] epoch 4/5  sigreg=0.6615  proto=1.7617  min_dist=4.13  mean_dist=11.97
  [sigreg+proto] epoch 5/5  sigreg=0.6610  proto=1.5949  min_dist=4.39  mean_dist=12.32
  round 1: pool=2475 purity=0.000 k-hat=4 anchors=4  margin=0.5744  mean-anchor=0.7073  4=0.707
  [sigreg+proto] epoch 1/5  sigreg=0.6432  proto=2.4964  min_dist=4.52  mean_dist=12.68
  [sigreg+proto] epoch 2/5  sigreg=0.6624  proto=1.6708  min_dist=4.74  mean_dist=12.98
  [sigreg+proto] epoch 3/5  sigreg=0.6740  proto=1.5410  min_dist=4.90  mean_dist=13.25
  [sigreg+proto] epoch 4/5  sigreg=0.6795  proto=1.3479  min_dist=5.06  mean_dist=13.51
  [sigreg+proto] epoch 5/5  sigreg=0.6877  proto=1.3305  min_dist=5.19  mean_dist=13.74
  round 2: pool=2484 purity=0.004 k-hat=4 anchors=8  margin=0.3947  mean-anchor=0.6890  4=0.689
  [h1 q=0.95] purity r1=0.000(n=2475) r2=0.004(n=2484)  probe 0.9539->0.9464
  [sigreg+proto] epoch 1/5  sigreg=0.5518  proto=3.9606  min_dist=2.32  mean_dist=10.96
  [sigreg+proto] epoch 2/5  sigreg=0.6104  proto=2.4524  min_dist=3.03  mean_dist=11.44
  [sigreg+proto] epoch 3/5  sigreg=0.6145  proto=1.9161  min_dist=3.57  mean_dist=11.86
  [sigreg+proto] epoch 4/5  sigreg=0.6198  proto=1.7837  min_dist=4.05  mean_dist=12.24
  [sigreg+proto] epoch 5/5  sigreg=0.6123  proto=1.3831  min_dist=4.38  mean_dist=12.58
  round 1: pool=495 purity=0.000 k-hat=4 anchors=4  margin=0.6135  mean-anchor=0.7175  4=0.717
  [sigreg+proto] epoch 1/5  sigreg=0.5781  proto=2.1025  min_dist=4.52  mean_dist=13.03
  [sigreg+proto] epoch 2/5  sigreg=0.5806  proto=1.5709  min_dist=4.73  mean_dist=13.33
  [sigreg+proto] epoch 3/5  sigreg=0.5838  proto=1.3642  min_dist=4.88  mean_dist=13.61
  [sigreg+proto] epoch 4/5  sigreg=0.5812  proto=1.1956  min_dist=5.03  mean_dist=13.87
  [sigreg+proto] epoch 5/5  sigreg=0.5842  proto=1.1518  min_dist=5.17  mean_dist=14.10
  round 2: pool=496 purity=0.002 k-hat=4 anchors=8  margin=0.5946  mean-anchor=0.7105  4=0.711
  [h1 q=0.99] purity r1=0.000(n=495) r2=0.002(n=496)  probe 0.9539->0.9495
  [sigreg+proto] epoch 1/5  sigreg=0.5750  proto=3.8939  min_dist=2.30  mean_dist=11.10
  [sigreg+proto] epoch 2/5  sigreg=0.6347  proto=2.3099  min_dist=2.98  mean_dist=11.55
  [sigreg+proto] epoch 3/5  sigreg=0.6288  proto=1.8497  min_dist=3.51  mean_dist=11.97
  [sigreg+proto] epoch 4/5  sigreg=0.6241  proto=1.6329  min_dist=3.98  mean_dist=12.33
  [sigreg+proto] epoch 5/5  sigreg=0.5988  proto=1.3003  min_dist=4.29  mean_dist=12.67
  round 1: pool=248 purity=0.000 k-hat=4 anchors=4  margin=0.5897  mean-anchor=0.7977  4=0.798
  [sigreg+proto] epoch 1/5  sigreg=0.5707  proto=1.8051  min_dist=4.50  mean_dist=13.22
  [sigreg+proto] epoch 2/5  sigreg=0.5665  proto=1.3247  min_dist=4.72  mean_dist=13.53
  [sigreg+proto] epoch 3/5  sigreg=0.5729  proto=1.2879  min_dist=4.86  mean_dist=13.79
  [sigreg+proto] epoch 4/5  sigreg=0.5719  proto=1.1530  min_dist=5.03  mean_dist=14.03
  [sigreg+proto] epoch 5/5  sigreg=0.5624  proto=1.0736  min_dist=5.19  mean_dist=14.26
  round 2: pool=249 purity=0.004 k-hat=4 anchors=8  margin=0.7382  mean-anchor=0.7436  4=0.744
  [h1 q=0.995] purity r1=0.000(n=248) r2=0.004(n=249)  probe 0.9539->0.9550

######## holdout size 5 ([95, 96, 97]...) ########
Using cache found in /home/pharris/.cache/torch/hub/chenyaofo_pytorch-cifar-models_master
  CIFAR two-view embedding-train images (no {96, 97, 98, 99, 95}): 47500
  [supcon] epoch 1/20  loss=4.2586
  [supcon] epoch 2/20  loss=4.0098
  [supcon] epoch 3/20  loss=3.9285
  [supcon] epoch 4/20  loss=3.8680
  [supcon] epoch 5/20  loss=3.8331
  [supcon] epoch 6/20  loss=3.8009
  [supcon] epoch 7/20  loss=3.7718
  [supcon] epoch 8/20  loss=3.7433
  [supcon] epoch 9/20  loss=3.7287
  [supcon] epoch 10/20  loss=3.7114
  [supcon] epoch 11/20  loss=3.6918
  [supcon] epoch 12/20  loss=3.6645
  [supcon] epoch 13/20  loss=3.6549
  [supcon] epoch 14/20  loss=3.6399
  [supcon] epoch 15/20  loss=3.6306
  [supcon] epoch 16/20  loss=3.6102
  [supcon] epoch 17/20  loss=3.6113
  [supcon] epoch 18/20  loss=3.5944
  [supcon] epoch 19/20  loss=3.5824
  [supcon] epoch 20/20  loss=3.5701
  CIFAR two-view embedding-train images (no {96, 97, 98, 99, 95}): 47500
  [exp89-resnplm] epoch 1/20  loss=4880913586.1622
  [exp89-resnplm] epoch 5/20  loss=2833062648.9081
  [exp89-resnplm] epoch 10/20  loss=2402832082.5081
  [exp89-resnplm] epoch 15/20  loss=2716721663.6541
  [exp89-resnplm] epoch 20/20  loss=2496394996.2378
  pre probe=0.8815
  [sigreg+proto] epoch 1/5  sigreg=0.5600  proto=4.4845  min_dist=2.24  mean_dist=11.03
  [sigreg+proto] epoch 2/5  sigreg=0.6152  proto=2.6748  min_dist=2.86  mean_dist=11.51
  [sigreg+proto] epoch 3/5  sigreg=0.6328  proto=2.1908  min_dist=3.33  mean_dist=11.95
  [sigreg+proto] epoch 4/5  sigreg=0.6506  proto=1.9169  min_dist=3.72  mean_dist=12.34
  [sigreg+proto] epoch 5/5  sigreg=0.6442  proto=1.6530  min_dist=4.08  mean_dist=12.69
  round 1: pool=2410 purity=0.015 k-hat=7 anchors=7  margin=0.5824  mean-anchor=0.5358  95=0.531  96=0.298  97=0.467  98=0.773  99=0.609
  [sigreg+proto] epoch 1/5  sigreg=0.6311  proto=2.8316  min_dist=4.34  mean_dist=13.20
  [sigreg+proto] epoch 2/5  sigreg=0.6635  proto=2.0471  min_dist=4.37  mean_dist=13.52
  [sigreg+proto] epoch 3/5  sigreg=0.6787  proto=1.8226  min_dist=4.40  mean_dist=13.81
  [sigreg+proto] epoch 4/5  sigreg=0.6846  proto=1.6434  min_dist=4.42  mean_dist=14.07
  [sigreg+proto] epoch 5/5  sigreg=0.6857  proto=1.4299  min_dist=4.43  mean_dist=14.31
  round 2: pool=2622 purity=0.094 k-hat=7 anchors=14  margin=0.5785  mean-anchor=0.7358  95=0.476  96=0.748  97=0.856  98=0.783  99=0.816
  [h5 q=0.95] purity r1=0.015(n=2410) r2=0.094(n=2622)  probe 0.8815->0.8504
  [sigreg+proto] epoch 1/5  sigreg=0.5826  proto=4.7225  min_dist=2.18  mean_dist=11.47
  [sigreg+proto] epoch 2/5  sigreg=0.6488  proto=2.5859  min_dist=2.80  mean_dist=11.92
  [sigreg+proto] epoch 3/5  sigreg=0.6482  proto=2.2428  min_dist=3.26  mean_dist=12.32
  [sigreg+proto] epoch 4/5  sigreg=0.6509  proto=1.8413  min_dist=3.67  mean_dist=12.68
  [sigreg+proto] epoch 5/5  sigreg=0.6329  proto=1.6917  min_dist=4.02  mean_dist=13.01
  round 1: pool=476 purity=0.002 k-hat=7 anchors=7  margin=0.5122  mean-anchor=0.5036  95=0.421  96=0.236  97=0.343  98=0.788  99=0.729
  [sigreg+proto] epoch 1/5  sigreg=0.6132  proto=2.4634  min_dist=4.29  mean_dist=13.87
  [sigreg+proto] epoch 2/5  sigreg=0.6191  proto=1.6668  min_dist=4.53  mean_dist=14.17
  [sigreg+proto] epoch 3/5  sigreg=0.6190  proto=1.5849  min_dist=4.72  mean_dist=14.44
  [sigreg+proto] epoch 4/5  sigreg=0.6223  proto=1.5108  min_dist=4.92  mean_dist=14.69
  [sigreg+proto] epoch 5/5  sigreg=0.6209  proto=1.4809  min_dist=5.02  mean_dist=14.91
  round 2: pool=505 purity=0.059 k-hat=7 anchors=14  margin=0.5733  mean-anchor=0.7219  95=0.666  96=0.491  97=0.905  98=0.793  99=0.755
  [h5 q=0.99] purity r1=0.002(n=476) r2=0.059(n=505)  probe 0.8815->0.8503
  [sigreg+proto] epoch 1/5  sigreg=0.5831  proto=4.3468  min_dist=2.20  mean_dist=11.58
  [sigreg+proto] epoch 2/5  sigreg=0.6293  proto=2.5342  min_dist=2.80  mean_dist=12.03
  [sigreg+proto] epoch 3/5  sigreg=0.6360  proto=2.0203  min_dist=3.30  mean_dist=12.44
  [sigreg+proto] epoch 4/5  sigreg=0.6254  proto=1.8929  min_dist=3.70  mean_dist=12.80
  [sigreg+proto] epoch 5/5  sigreg=0.6121  proto=1.6242  min_dist=4.02  mean_dist=13.14
  round 1: pool=238 purity=0.000 k-hat=6 anchors=6  margin=0.5341  mean-anchor=0.4737  95=0.272  96=0.646  97=0.309  98=0.534  99=0.607
  [sigreg+proto] epoch 1/5  sigreg=0.5894  proto=2.2355  min_dist=4.33  mean_dist=13.87
  [sigreg+proto] epoch 2/5  sigreg=0.5897  proto=1.7915  min_dist=4.53  mean_dist=14.17
  [sigreg+proto] epoch 3/5  sigreg=0.5762  proto=1.4422  min_dist=4.70  mean_dist=14.45
  [sigreg+proto] epoch 4/5  sigreg=0.5886  proto=1.4879  min_dist=4.89  mean_dist=14.70
  [sigreg+proto] epoch 5/5  sigreg=0.5846  proto=1.2232  min_dist=5.04  mean_dist=14.92
  round 2: pool=266 purity=0.105 k-hat=7 anchors=13  margin=0.6243  mean-anchor=0.6145  95=0.445  96=0.498  97=0.925  98=0.688  99=0.517
  [h5 q=0.995] purity r1=0.000(n=238) r2=0.105(n=266)  probe 0.8815->0.8467

######## holdout size 10 ([90, 91, 92]...) ########
Using cache found in /home/pharris/.cache/torch/hub/chenyaofo_pytorch-cifar-models_master
  CIFAR two-view embedding-train images (no {96, 97, 98, 99, 90, 91, 92, 93, 94, 95}): 45000
  [supcon] epoch 1/20  loss=4.2904
  [supcon] epoch 2/20  loss=4.0477
  [supcon] epoch 3/20  loss=3.9635
  [supcon] epoch 4/20  loss=3.8985
  [supcon] epoch 5/20  loss=3.8509
  [supcon] epoch 6/20  loss=3.8146
  [supcon] epoch 7/20  loss=3.8059
  [supcon] epoch 8/20  loss=3.7647
  [supcon] epoch 9/20  loss=3.7451
  [supcon] epoch 10/20  loss=3.7300
  [supcon] epoch 11/20  loss=3.7095
  [supcon] epoch 12/20  loss=3.6892
  [supcon] epoch 13/20  loss=3.6728
  [supcon] epoch 14/20  loss=3.6542
  [supcon] epoch 15/20  loss=3.6413
  [supcon] epoch 16/20  loss=3.6281
  [supcon] epoch 17/20  loss=3.6187
  [supcon] epoch 18/20  loss=3.6032
  [supcon] epoch 19/20  loss=3.5943
  [supcon] epoch 20/20  loss=3.5894
  CIFAR two-view embedding-train images (no {96, 97, 98, 99, 90, 91, 92, 93, 94, 95}): 45000
  [exp89-resnplm] epoch 1/20  loss=4084979413.0286
  [exp89-resnplm] epoch 5/20  loss=2751225226.0571
  [exp89-resnplm] epoch 10/20  loss=2255785612.3429
  [exp89-resnplm] epoch 15/20  loss=1970887950.9029
  [exp89-resnplm] epoch 20/20  loss=1845190643.0171
  pre probe=0.7969
  [sigreg+proto] epoch 1/5  sigreg=0.5364  proto=4.8821  min_dist=2.12  mean_dist=11.70
  [sigreg+proto] epoch 2/5  sigreg=0.6028  proto=3.1768  min_dist=2.81  mean_dist=12.17
  [sigreg+proto] epoch 3/5  sigreg=0.6357  proto=2.4689  min_dist=3.35  mean_dist=12.59
  [sigreg+proto] epoch 4/5  sigreg=0.6543  proto=2.4521  min_dist=3.63  mean_dist=12.96
  [sigreg+proto] epoch 5/5  sigreg=0.6481  proto=1.9513  min_dist=3.88  mean_dist=13.29
  round 1: pool=2333 purity=0.036 k-hat=12 anchors=12  margin=0.5858  mean-anchor=0.7686  
  [sigreg+proto] epoch 1/5  sigreg=0.6142  proto=3.4139  min_dist=4.19  mean_dist=13.81
  [sigreg+proto] epoch 2/5  sigreg=0.6457  proto=2.4641  min_dist=4.41  mean_dist=14.11
  [sigreg+proto] epoch 3/5  sigreg=0.6613  proto=2.0823  min_dist=4.57  mean_dist=14.39
  [sigreg+proto] epoch 4/5  sigreg=0.6722  proto=1.9122  min_dist=4.72  mean_dist=14.65
  [sigreg+proto] epoch 5/5  sigreg=0.6757  proto=1.7649  min_dist=4.70  mean_dist=14.88
  round 2: pool=2557 purity=0.120 k-hat=12 anchors=24  margin=0.6105  mean-anchor=0.7902  
  [h10 q=0.95] purity r1=0.036(n=2333) r2=0.120(n=2557)  probe 0.7969->0.7587
  [sigreg+proto] epoch 1/5  sigreg=0.5458  proto=4.2793  min_dist=2.11  mean_dist=11.93
  [sigreg+proto] epoch 2/5  sigreg=0.6094  proto=2.8583  min_dist=2.76  mean_dist=12.37
  [sigreg+proto] epoch 3/5  sigreg=0.6028  proto=2.1765  min_dist=3.32  mean_dist=12.77
  [sigreg+proto] epoch 4/5  sigreg=0.6029  proto=1.7659  min_dist=3.62  mean_dist=13.14
  [sigreg+proto] epoch 5/5  sigreg=0.5907  proto=1.7363  min_dist=3.84  mean_dist=13.47
  round 1: pool=451 purity=0.002 k-hat=11 anchors=11  margin=0.6663  mean-anchor=0.6634  
  [sigreg+proto] epoch 1/5  sigreg=0.5794  proto=2.5056  min_dist=4.29  mean_dist=14.47
  [sigreg+proto] epoch 2/5  sigreg=0.5825  proto=1.8494  min_dist=4.46  mean_dist=14.77
  [sigreg+proto] epoch 3/5  sigreg=0.5874  proto=1.5721  min_dist=4.65  mean_dist=15.05
  [sigreg+proto] epoch 4/5  sigreg=0.5882  proto=1.4982  min_dist=4.83  mean_dist=15.29
  [sigreg+proto] epoch 5/5  sigreg=0.5930  proto=1.3344  min_dist=4.97  mean_dist=15.52
  round 2: pool=492 purity=0.085 k-hat=12 anchors=23  margin=0.6423  mean-anchor=0.7423  
  [h10 q=0.99] purity r1=0.002(n=451) r2=0.085(n=492)  probe 0.7969->0.7557
  [sigreg+proto] epoch 1/5  sigreg=0.5408  proto=4.1789  min_dist=2.12  mean_dist=12.01
  [sigreg+proto] epoch 2/5  sigreg=0.5799  proto=2.6416  min_dist=2.81  mean_dist=12.46
  [sigreg+proto] epoch 3/5  sigreg=0.5871  proto=1.9656  min_dist=3.31  mean_dist=12.87
  [sigreg+proto] epoch 4/5  sigreg=0.5898  proto=1.8192  min_dist=3.71  mean_dist=13.23
  [sigreg+proto] epoch 5/5  sigreg=0.5794  proto=1.5617  min_dist=3.96  mean_dist=13.57
  round 1: pool=225 purity=0.000 k-hat=9 anchors=9  margin=0.6562  mean-anchor=0.5854  
  [sigreg+proto] epoch 1/5  sigreg=0.5658  proto=2.1414  min_dist=4.25  mean_dist=14.47
  [sigreg+proto] epoch 2/5  sigreg=0.5701  proto=1.5557  min_dist=4.46  mean_dist=14.78
  [sigreg+proto] epoch 3/5  sigreg=0.5746  proto=1.5176  min_dist=4.62  mean_dist=15.05
  [sigreg+proto] epoch 4/5  sigreg=0.5618  proto=1.3177  min_dist=4.79  mean_dist=15.29
  [sigreg+proto] epoch 5/5  sigreg=0.5651  proto=1.2988  min_dist=4.92  mean_dist=15.51
  round 2: pool=256 purity=0.121 k-hat=6 anchors=15  margin=0.6516  mean-anchor=0.7064  
  [h10 q=0.995] purity r1=0.000(n=225) r2=0.121(n=256)  probe 0.7969->0.7632

===== EXP89 SUMMARY (C100 purity gate grid) =====
  cfg           pur r1  pur r2  pool r1   probe pre->post
  h1:q0.95       0.000   0.004     2475   0.9539->0.9464
  h1:q0.99       0.000   0.002      495   0.9539->0.9495
  h1:q0.995      0.000   0.004      248   0.9539->0.9550
  h5:q0.95       0.015   0.094     2410   0.8815->0.8504
  h5:q0.99       0.002   0.059      476   0.8815->0.8503
  h5:q0.995      0.000   0.105      238   0.8815->0.8467
  h10:q0.95      0.036   0.120     2333   0.7969->0.7587
  h10:q0.99      0.002   0.085      451   0.7969->0.7557
  h10:q0.995     0.000   0.121      225   0.7969->0.7632
EXP89 DONE.
EXP89 CHAIN DONE
