/home/pharris/venv/lib64/python3.9/site-packages/networkx/utils/backends.py:135: RuntimeWarning: networkx backend defined more than once: nx-loopback
  backends.update(_get_backends("networkx.backends"))

######## [cars_dino] SparKer-centre vs distance discovery on supcon-ft->resnplm concat ########
Using cache found in /home/pharris/.cache/torch/hub/facebookresearch_dino_main
Using cache found in /home/pharris/.cache/torch/hub/facebookresearch_dino_main
  pre: probe=0.8211 eucl=0.6025 mahaT=0.5478
  [sigreg+proto] epoch 1/5  sigreg=0.5432  proto=19.1543  min_dist=5.03  mean_dist=30.64
  [sigreg+proto] epoch 2/5  sigreg=0.5765  proto=15.5929  min_dist=5.06  mean_dist=30.62
  [sigreg+proto] epoch 3/5  sigreg=0.5789  proto=12.7236  min_dist=5.08  mean_dist=30.60
  [sigreg+proto] epoch 4/5  sigreg=0.5994  proto=12.1418  min_dist=5.10  mean_dist=30.58
  [sigreg+proto] epoch 5/5  sigreg=0.5862  proto=10.2220  min_dist=5.12  mean_dist=30.56
  round 1: pool=460 purity=0.161 k-hat=12 anchors=12  margin=0.6633  mean-anchor=0.8703  
  [sigreg+proto] epoch 1/5  sigreg=0.6178  proto=12.2865  min_dist=5.15  mean_dist=31.47
  [sigreg+proto] epoch 2/5  sigreg=0.5912  proto=11.4056  min_dist=5.18  mean_dist=31.45
  [sigreg+proto] epoch 3/5  sigreg=0.6144  proto=10.3171  min_dist=5.21  mean_dist=31.43
  [sigreg+proto] epoch 4/5  sigreg=0.6068  proto=9.2886  min_dist=5.24  mean_dist=31.41
  [sigreg+proto] epoch 5/5  sigreg=0.5673  proto=7.9303  min_dist=5.27  mean_dist=31.39
  round 2: pool=410 purity=0.059 k-hat=11 anchors=23  margin=0.6295  mean-anchor=0.8908  
  [distance ] purity r1=0.161(n=460) r2=0.059(n=410)  probe 0.8211->0.8205  mahaT 0.5478->0.5430
  [sigreg+proto] epoch 1/5  sigreg=0.5671  proto=15.1144  min_dist=5.03  mean_dist=31.75
  [sigreg+proto] epoch 2/5  sigreg=0.5123  proto=11.7656  min_dist=5.05  mean_dist=31.72
  [sigreg+proto] epoch 3/5  sigreg=0.5172  proto=9.2200  min_dist=5.08  mean_dist=31.70
  [sigreg+proto] epoch 4/5  sigreg=0.5633  proto=8.6910  min_dist=5.10  mean_dist=31.67
  [sigreg+proto] epoch 5/5  sigreg=0.5615  proto=7.6888  min_dist=5.12  mean_dist=31.64
  round 1: pool=491 purity=0.214 centres-kept=6 anchors=6  margin=0.7785  mean-anchor=0.7742
  [sigreg+proto] epoch 1/5  sigreg=0.6091  proto=8.2635  min_dist=5.15  mean_dist=33.10
  [sigreg+proto] epoch 2/5  sigreg=0.6113  proto=7.3250  min_dist=5.18  mean_dist=33.07
  [sigreg+proto] epoch 3/5  sigreg=0.5409  proto=5.2422  min_dist=5.21  mean_dist=33.04
  [sigreg+proto] epoch 4/5  sigreg=0.5766  proto=5.6649  min_dist=5.24  mean_dist=33.01
  [sigreg+proto] epoch 5/5  sigreg=0.5412  proto=4.5505  min_dist=5.26  mean_dist=32.98
  round 2: pool=490 purity=0.212 centres-kept=8 anchors=14  margin=0.8362  mean-anchor=0.8681
  [sparker  ] purity r1=0.214(n=491) r2=0.212(n=490)  probe 0.8211->0.8291  mahaT 0.5478->0.5423

######## [aircraft_visreg] SparKer-centre vs distance discovery on supcon-ft->resnplm concat ########
  pre: probe=0.8634 eucl=0.7922 mahaT=0.7651
  [sigreg+proto] epoch 1/5  sigreg=0.3116  proto=2.9701  min_dist=2.14  mean_dist=18.80
  [sigreg+proto] epoch 2/5  sigreg=0.3448  proto=2.7240  min_dist=2.31  mean_dist=18.80
  [sigreg+proto] epoch 3/5  sigreg=0.3428  proto=2.1509  min_dist=2.45  mean_dist=18.80
  [sigreg+proto] epoch 4/5  sigreg=0.3589  proto=1.7933  min_dist=2.58  mean_dist=18.80
  [sigreg+proto] epoch 5/5  sigreg=0.3449  proto=1.6973  min_dist=2.70  mean_dist=18.81
  round 1: pool=632 purity=0.525 k-hat=11 anchors=11  margin=0.8732  mean-anchor=0.9789  
  [sigreg+proto] epoch 1/5  sigreg=0.3306  proto=2.6352  min_dist=2.88  mean_dist=18.75
  [sigreg+proto] epoch 2/5  sigreg=0.3409  proto=1.9582  min_dist=3.01  mean_dist=18.76
  [sigreg+proto] epoch 3/5  sigreg=0.3383  proto=1.4498  min_dist=3.11  mean_dist=18.77
  [sigreg+proto] epoch 4/5  sigreg=0.3213  proto=1.4905  min_dist=3.21  mean_dist=18.78
  [sigreg+proto] epoch 5/5  sigreg=0.3154  proto=1.2359  min_dist=3.30  mean_dist=18.79
  round 2: pool=321 purity=0.065 k-hat=10 anchors=21  margin=0.8675  mean-anchor=0.9797  
  [distance ] purity r1=0.525(n=632) r2=0.065(n=321)  probe 0.8634->0.8511  mahaT 0.7651->0.7823
  [sigreg+proto] epoch 1/5  sigreg=0.3227  proto=2.3845  min_dist=2.18  mean_dist=21.23
  [sigreg+proto] epoch 2/5  sigreg=0.3440  proto=1.6597  min_dist=2.36  mean_dist=21.22
  [sigreg+proto] epoch 3/5  sigreg=0.3439  proto=1.3374  min_dist=2.52  mean_dist=21.21
  [sigreg+proto] epoch 4/5  sigreg=0.3393  proto=1.1508  min_dist=2.64  mean_dist=21.20
  [sigreg+proto] epoch 5/5  sigreg=0.3427  proto=0.8648  min_dist=2.75  mean_dist=21.19
  round 1: pool=734 purity=0.591 centres-kept=8 anchors=8  margin=0.8910  mean-anchor=0.9487
    merged 16 -> 15 anchors
  [sigreg+proto] epoch 1/5  sigreg=0.3513  proto=1.4309  min_dist=2.98  mean_dist=22.72
  [sigreg+proto] epoch 2/5  sigreg=0.3727  proto=1.2070  min_dist=3.10  mean_dist=22.71
  [sigreg+proto] epoch 3/5  sigreg=0.3419  proto=0.9829  min_dist=3.19  mean_dist=22.70
  [sigreg+proto] epoch 4/5  sigreg=0.3380  proto=0.8590  min_dist=3.27  mean_dist=22.69
  [sigreg+proto] epoch 5/5  sigreg=0.3284  proto=0.5879  min_dist=3.35  mean_dist=22.68
  round 2: pool=790 purity=0.620 centres-kept=8 anchors=15  margin=0.9446  mean-anchor=0.9738
  [sparker  ] purity r1=0.591(n=734) r2=0.620(n=790)  probe 0.8634->0.8397  mahaT 0.7651->0.7472

######## [flowers_dino] SparKer-centre vs distance discovery on supcon-ft->resnplm concat ########
Using cache found in /home/pharris/.cache/torch/hub/facebookresearch_dino_main
Using cache found in /home/pharris/.cache/torch/hub/facebookresearch_dino_main
  pre: probe=0.8852 eucl=0.8966 mahaT=0.8429
  [sigreg+proto] epoch 1/5  sigreg=0.4509  proto=2.1000  min_dist=2.17  mean_dist=19.00
  [sigreg+proto] epoch 2/5  sigreg=0.5373  proto=3.4511  min_dist=2.23  mean_dist=19.01
  [sigreg+proto] epoch 3/5  sigreg=0.5478  proto=2.0236  min_dist=2.28  mean_dist=19.02
  [sigreg+proto] epoch 4/5  sigreg=0.5218  proto=1.8509  min_dist=2.30  mean_dist=19.03
  [sigreg+proto] epoch 5/5  sigreg=0.5118  proto=1.6944  min_dist=2.31  mean_dist=19.04
  round 1: pool=235 purity=0.609 k-hat=9 anchors=9  margin=0.9456  mean-anchor=0.9150  
  [sigreg+proto] epoch 1/5  sigreg=0.5172  proto=2.6070  min_dist=2.37  mean_dist=19.29
  [sigreg+proto] epoch 2/5  sigreg=0.5634  proto=2.7418  min_dist=2.43  mean_dist=19.30
  [sigreg+proto] epoch 3/5  sigreg=0.5628  proto=2.6171  min_dist=2.48  mean_dist=19.31
  [sigreg+proto] epoch 4/5  sigreg=0.5719  proto=4.1863  min_dist=2.51  mean_dist=19.33
  [sigreg+proto] epoch 5/5  sigreg=0.5716  proto=2.0158  min_dist=2.53  mean_dist=19.34
  round 2: pool=121 purity=0.240 k-hat=8 anchors=17  margin=0.9308  mean-anchor=0.9026  
  [distance ] purity r1=0.609(n=235) r2=0.240(n=121)  probe 0.8852->0.9061  mahaT 0.8429->0.8525
  [sigreg+proto] epoch 1/5  sigreg=0.4403  proto=0.1761  min_dist=5.01  mean_dist=18.88
  [sigreg+proto] epoch 2/5  sigreg=0.4794  proto=0.0888  min_dist=5.02  mean_dist=18.89
  [sigreg+proto] epoch 3/5  sigreg=0.4747  proto=0.6569  min_dist=5.03  mean_dist=18.90
  [sigreg+proto] epoch 4/5  sigreg=0.5018  proto=0.2913  min_dist=5.03  mean_dist=18.91
  [sigreg+proto] epoch 5/5  sigreg=0.5181  proto=0.3023  min_dist=5.04  mean_dist=18.92
  round 1: pool=241 purity=0.618 centres-kept=6 anchors=6  margin=0.9536  mean-anchor=0.8530
  [sigreg+proto] epoch 1/5  sigreg=0.5298  proto=0.6261  min_dist=4.39  mean_dist=21.85
  [sigreg+proto] epoch 2/5  sigreg=0.5232  proto=0.6694  min_dist=4.38  mean_dist=21.86
  [sigreg+proto] epoch 3/5  sigreg=0.5372  proto=1.2259  min_dist=4.37  mean_dist=21.86
  [sigreg+proto] epoch 4/5  sigreg=0.5656  proto=0.8752  min_dist=4.37  mean_dist=21.87
  [sigreg+proto] epoch 5/5  sigreg=0.5483  proto=0.9811  min_dist=4.36  mean_dist=21.87
  round 2: pool=236 purity=0.610 centres-kept=8 anchors=14  margin=0.9576  mean-anchor=0.9103
  [sparker  ] purity r1=0.618(n=241) r2=0.610(n=236)  probe 0.8852->0.9015  mahaT 0.8429->0.8386

===== EXP92 SUMMARY (distance vs SparKer-centre discovery) ====
  cell              variant     pur r1  pur r2 probe post mahaT post
  cars_dino         distance     0.161   0.059     0.8205     0.5430
  cars_dino         sparker      0.214   0.212     0.8291     0.5423
  aircraft_visreg   distance     0.525   0.065     0.8511     0.7823
  aircraft_visreg   sparker      0.591   0.620     0.8397     0.7472
  flowers_dino      distance     0.609   0.240     0.9061     0.8525
  flowers_dino      sparker      0.618   0.610     0.9015     0.8386
EXP92 DONE.
EXP92 CHAIN DONE
