/home/pharris/venv/lib64/python3.9/site-packages/networkx/utils/backends.py:135: RuntimeWarning: networkx backend defined more than once: nx-loopback
  backends.update(_get_backends("networkx.backends"))

----- reproducing nplm_sup_dist (exp-55 seed-exact) -----
Using cache found in /home/pharris/.cache/torch/hub/chenyaofo_pytorch-cifar-models_master
  CIFAR two-view embedding-train images (no {4}): 45000
  [nplm/distance] epoch 1/20  interaction=-0.4535  marginal=0.5764
  [nplm/distance] epoch 2/20  interaction=-0.5032  marginal=0.5525
  [nplm/distance] epoch 3/20  interaction=-0.5249  marginal=0.5372
  [nplm/distance] epoch 4/20  interaction=-0.5319  marginal=0.5327
  [nplm/distance] epoch 5/20  interaction=-0.5377  marginal=0.5255
  [nplm/distance] epoch 6/20  interaction=-0.5462  marginal=0.5226
  [nplm/distance] epoch 7/20  interaction=-0.5565  marginal=0.5125
  [nplm/distance] epoch 8/20  interaction=-0.5589  marginal=0.5081
  [nplm/distance] epoch 9/20  interaction=-0.5615  marginal=0.5058
  [nplm/distance] epoch 10/20  interaction=-0.5671  marginal=0.5035
  [nplm/distance] epoch 11/20  interaction=-0.5736  marginal=0.4970
  [nplm/distance] epoch 12/20  interaction=-0.5765  marginal=0.4929
  [nplm/distance] epoch 13/20  interaction=-0.5789  marginal=0.4931
  [nplm/distance] epoch 14/20  interaction=-0.5834  marginal=0.4860
  [nplm/distance] epoch 15/20  interaction=-0.5860  marginal=0.4849
  [nplm/distance] epoch 16/20  interaction=-0.5841  marginal=0.4816
  [nplm/distance] epoch 17/20  interaction=-0.5896  marginal=0.4840
  [nplm/distance] epoch 18/20  interaction=-0.5879  marginal=0.4808
  [nplm/distance] epoch 19/20  interaction=-0.6004  marginal=0.4744
  [nplm/distance] epoch 20/20  interaction=-0.5962  marginal=0.4716
  [nplm_sup_dist] t_NP trajectory (6 sigma checkpoints):
    cold:     34.5     85.7    105.7    120.9    122.2    104.1
    warm:     30.2     81.3    111.9    129.3    120.5    134.5
  [nplm_sup_dist] power@steps=50 f=0.02 (cold) = 0.800
  [nplm_sup_dist] power@steps=50 f=0.02 (warm) = 0.560

----- reproducing nplm_distance (exp-55 seed-exact) -----
Using cache found in /home/pharris/.cache/torch/hub/chenyaofo_pytorch-cifar-models_master
  CIFAR two-view embedding-train images (no {4}): 45000
  [nplm/distance] epoch 1/20  interaction=-0.6101  marginal=0.3607
  [nplm/distance] epoch 2/20  interaction=-0.6553  marginal=0.3068
  [nplm/distance] epoch 3/20  interaction=-0.6725  marginal=0.2878
  [nplm/distance] epoch 4/20  interaction=-0.6803  marginal=0.2794
  [nplm/distance] epoch 5/20  interaction=-0.6866  marginal=0.2733
  [nplm/distance] epoch 6/20  interaction=-0.6943  marginal=0.2629
  [nplm/distance] epoch 7/20  interaction=-0.6981  marginal=0.2593
  [nplm/distance] epoch 8/20  interaction=-0.7046  marginal=0.2531
  [nplm/distance] epoch 9/20  interaction=-0.7078  marginal=0.2511
  [nplm/distance] epoch 10/20  interaction=-0.7098  marginal=0.2477
  [nplm/distance] epoch 11/20  interaction=-0.7137  marginal=0.2442
  [nplm/distance] epoch 12/20  interaction=-0.7158  marginal=0.2415
  [nplm/distance] epoch 13/20  interaction=-0.7154  marginal=0.2404
  [nplm/distance] epoch 14/20  interaction=-0.7199  marginal=0.2361
  [nplm/distance] epoch 15/20  interaction=-0.7239  marginal=0.2322
  [nplm/distance] epoch 16/20  interaction=-0.7248  marginal=0.2319
  [nplm/distance] epoch 17/20  interaction=-0.7259  marginal=0.2294
  [nplm/distance] epoch 18/20  interaction=-0.7293  marginal=0.2280
  [nplm/distance] epoch 19/20  interaction=-0.7299  marginal=0.2248
  [nplm/distance] epoch 20/20  interaction=-0.7298  marginal=0.2247
  [nplm_distance] t_NP trajectory (6 sigma checkpoints):
    cold:     36.6     61.5     88.5    106.5    120.2    163.4
    warm:     41.0     65.8     81.9     97.2    113.5    148.2
  [nplm_distance] power@steps=50 f=0.02 (cold) = 0.120
  [nplm_distance] power@steps=50 f=0.02 (warm) = 0.080

----- reproducing supcon (exp-55 seed-exact) -----
Using cache found in /home/pharris/.cache/torch/hub/chenyaofo_pytorch-cifar-models_master
  CIFAR two-view embedding-train images (no {4}): 45000
  [supcon] epoch 1/20  loss=4.7548
  [supcon] epoch 2/20  loss=4.6754
  [supcon] epoch 3/20  loss=4.6326
  [supcon] epoch 4/20  loss=4.6241
  [supcon] epoch 5/20  loss=4.6040
  [supcon] epoch 6/20  loss=4.5795
  [supcon] epoch 7/20  loss=4.5754
  [supcon] epoch 8/20  loss=4.5630
  [supcon] epoch 9/20  loss=4.5511
  [supcon] epoch 10/20  loss=4.5467
  [supcon] epoch 11/20  loss=4.5369
  [supcon] epoch 12/20  loss=4.5215
  [supcon] epoch 13/20  loss=4.5194
  [supcon] epoch 14/20  loss=4.5058
  [supcon] epoch 15/20  loss=4.5064
  [supcon] epoch 16/20  loss=4.4991
  [supcon] epoch 17/20  loss=4.4956
  [supcon] epoch 18/20  loss=4.4869
  [supcon] epoch 19/20  loss=4.4841
  [supcon] epoch 20/20  loss=4.4754
  [supcon] t_NP trajectory (6 sigma checkpoints):
    cold:     76.6     99.6    134.4    162.0    190.3    204.1
    warm:     81.9    116.3    146.5    169.3    186.3    177.0
  [supcon] power@steps=50 f=0.02 (cold) = 1.000
  [supcon] power@steps=50 f=0.02 (warm) = 1.000

===== EXP96 SUMMARY (cold vs warm-start SparKer) =====
  arm                t_NP final c/w     power c/w
  nplm_sup_dist     104.1/134.5   0.800/0.560
  nplm_distance     163.4/148.2   0.120/0.080
  supcon            204.1/177.0   1.000/1.000
EXP96 DONE.
EXP96 CHAIN DONE
