/home/pharris/venv/lib64/python3.9/site-packages/networkx/utils/backends.py:135: RuntimeWarning: networkx backend defined more than once: nx-loopback
  backends.update(_get_backends("networkx.backends"))
Using cache found in /home/pharris/.cache/torch/hub/chenyaofo_pytorch-cifar-models_master
exp55 [cifar100] NPLM discovery, dim=32, epochs=20, holdout=[4], rounds=2, arms=['nplm_dist_sup_cw']

===== training: nplm_dist_sup_cw =====
  cifar100 balanced two-view loader (no {4}): 49500 images, 82 batches of 25x24
  [nplm/distance/cw] epoch 1/20  interaction=0.2538  classwise=1.0258
  [nplm/distance/cw] epoch 2/20  interaction=0.2475  classwise=0.9874
  [nplm/distance/cw] epoch 3/20  interaction=0.2502  classwise=0.9702
  [nplm/distance/cw] epoch 4/20  interaction=0.2619  classwise=0.9605
  [nplm/distance/cw] epoch 5/20  interaction=0.2686  classwise=0.9491
  [nplm/distance/cw] epoch 6/20  interaction=0.2608  classwise=0.9408
  [nplm/distance/cw] epoch 7/20  interaction=0.2583  classwise=0.9401
  [nplm/distance/cw] epoch 8/20  interaction=0.2779  classwise=0.9343
  [nplm/distance/cw] epoch 9/20  interaction=0.2708  classwise=0.9329
  [nplm/distance/cw] epoch 10/20  interaction=0.2775  classwise=0.9292
  [nplm/distance/cw] epoch 11/20  interaction=0.2824  classwise=0.9232
  [nplm/distance/cw] epoch 12/20  interaction=0.2852  classwise=0.9186
  [nplm/distance/cw] epoch 13/20  interaction=0.2817  classwise=0.9189
  [nplm/distance/cw] epoch 14/20  interaction=0.2935  classwise=0.9169
  [nplm/distance/cw] epoch 15/20  interaction=0.2856  classwise=0.9155
  [nplm/distance/cw] epoch 16/20  interaction=0.2923  classwise=0.9081
  [nplm/distance/cw] epoch 17/20  interaction=0.2908  classwise=0.9082
  [nplm/distance/cw] epoch 18/20  interaction=0.2810  classwise=0.9076
  [nplm/distance/cw] epoch 19/20  interaction=0.2918  classwise=0.9076
  [nplm/distance/cw] epoch 20/20  interaction=0.2854  classwise=0.9045

----- natural discovery: nplm_dist_sup_cw -----
    merged 4 -> 1 anchors
  [sigreg+proto] epoch 1/5  sigreg=0.4975  proto=2.0533  min_dist=0.63  mean_dist=2.32
  [sigreg+proto] epoch 2/5  sigreg=0.4283  proto=1.6164  min_dist=0.85  mean_dist=2.72
  [sigreg+proto] epoch 3/5  sigreg=0.3858  proto=1.4835  min_dist=1.04  mean_dist=3.05
  [sigreg+proto] epoch 4/5  sigreg=0.3649  proto=1.3681  min_dist=1.21  mean_dist=3.34
  [sigreg+proto] epoch 5/5  sigreg=0.3471  proto=1.2503  min_dist=1.36  mean_dist=3.60
  round 1: pool=2481 purity=0.002 k-hat=4 anchors=1  margin=0.6416  mean-anchor=0.6782  4=0.678
  [sigreg+proto] epoch 1/5  sigreg=0.3353  proto=1.4258  min_dist=1.85  mean_dist=4.30
  [sigreg+proto] epoch 2/5  sigreg=0.3316  proto=1.3674  min_dist=2.20  mean_dist=4.81
  [sigreg+proto] epoch 3/5  sigreg=0.3374  proto=1.3255  min_dist=2.52  mean_dist=5.25
  [sigreg+proto] epoch 4/5  sigreg=0.3491  proto=1.3013  min_dist=2.81  mean_dist=5.64
  [sigreg+proto] epoch 5/5  sigreg=0.3599  proto=1.2293  min_dist=3.06  mean_dist=5.99
  round 2: pool=2477 purity=0.001 k-hat=4 anchors=5  margin=0.5277  mean-anchor=0.5949  4=0.595
  probe pre=0.8585 post=0.8995

===== POST grid, f=0.001 (50 injected) =====
    merged 4 -> 1 anchors
  [sigreg+proto] epoch 1/5  sigreg=0.5006  proto=2.0772  min_dist=0.63  mean_dist=2.32
  [sigreg+proto] epoch 2/5  sigreg=0.4274  proto=1.6424  min_dist=0.85  mean_dist=2.72
  [sigreg+proto] epoch 3/5  sigreg=0.3845  proto=1.5040  min_dist=1.04  mean_dist=3.05
  [sigreg+proto] epoch 4/5  sigreg=0.3640  proto=1.3450  min_dist=1.21  mean_dist=3.34
  [sigreg+proto] epoch 5/5  sigreg=0.3485  proto=1.2495  min_dist=1.36  mean_dist=3.60
  round 1: pool=2475 purity=0.000 k-hat=4 anchors=1  margin=0.6401  mean-anchor=0.6285  4=0.628
  [sigreg+proto] epoch 1/5  sigreg=0.3410  proto=1.4496  min_dist=1.85  mean_dist=4.33
  [sigreg+proto] epoch 2/5  sigreg=0.3383  proto=1.3233  min_dist=2.20  mean_dist=4.83
  [sigreg+proto] epoch 3/5  sigreg=0.3485  proto=1.3355  min_dist=2.52  mean_dist=5.27
  [sigreg+proto] epoch 4/5  sigreg=0.3545  proto=1.2469  min_dist=2.81  mean_dist=5.66
  [sigreg+proto] epoch 5/5  sigreg=0.3705  proto=1.2467  min_dist=3.06  mean_dist=6.01
  round 2: pool=2475 purity=0.000 k-hat=4 anchors=5  margin=0.4809  mean-anchor=0.5859  4=0.586
  [nplm_dist_sup_cw] per-event post f=0.001: power=0.020
  [nplm_dist_sup_cw] sparker (post)
    post-spk f=0.001: power=0.000 [0.000,0.036] (0/50)
  [nplm_dist_sup_cw] maha (post)
    post-maha f=0.001: power=0.020 [0.003,0.064] (1/50)
  [nplm_dist_sup_cw] mmd (post)
    post-mmd f=0.001: power=0.060 [0.028,0.115] (3/50)

===== POST grid, f=0.003 (149 injected) =====
    merged 4 -> 1 anchors
  [sigreg+proto] epoch 1/5  sigreg=0.5017  proto=2.0685  min_dist=0.63  mean_dist=2.32
  [sigreg+proto] epoch 2/5  sigreg=0.4226  proto=1.6394  min_dist=0.85  mean_dist=2.72
  [sigreg+proto] epoch 3/5  sigreg=0.3934  proto=1.4315  min_dist=1.04  mean_dist=3.05
  [sigreg+proto] epoch 4/5  sigreg=0.3707  proto=1.3607  min_dist=1.21  mean_dist=3.34
  [sigreg+proto] epoch 5/5  sigreg=0.3536  proto=1.2317  min_dist=1.36  mean_dist=3.60
  round 1: pool=2478 purity=0.001 k-hat=4 anchors=1  margin=0.6791  mean-anchor=0.7644  4=0.764
    merged 5 -> 4 anchors
  [sigreg+proto] epoch 1/5  sigreg=0.3365  proto=1.3157  min_dist=1.85  mean_dist=4.30
  [sigreg+proto] epoch 2/5  sigreg=0.3357  proto=1.2998  min_dist=2.20  mean_dist=4.81
  [sigreg+proto] epoch 3/5  sigreg=0.3404  proto=1.2339  min_dist=2.52  mean_dist=5.25
  [sigreg+proto] epoch 4/5  sigreg=0.3504  proto=1.1735  min_dist=2.81  mean_dist=5.63
  [sigreg+proto] epoch 5/5  sigreg=0.3618  proto=1.1904  min_dist=3.05  mean_dist=5.99
  round 2: pool=2476 purity=0.000 k-hat=4 anchors=4  margin=0.4076  mean-anchor=0.5776  4=0.578
  [nplm_dist_sup_cw] per-event post f=0.003: power=0.020
  [nplm_dist_sup_cw] sparker (post)
    post-spk f=0.003: power=0.000 [0.000,0.036] (0/50)
  [nplm_dist_sup_cw] maha (post)
    post-maha f=0.003: power=0.040 [0.014,0.090] (2/50)
  [nplm_dist_sup_cw] mmd (post)
    post-mmd f=0.003: power=0.180 [0.124,0.251] (9/50)

===== POST grid, f=0.01 (500 injected) =====
    merged 4 -> 1 anchors
  [sigreg+proto] epoch 1/5  sigreg=0.5048  proto=2.0725  min_dist=0.63  mean_dist=2.32
  [sigreg+proto] epoch 2/5  sigreg=0.4249  proto=1.6482  min_dist=0.85  mean_dist=2.72
  [sigreg+proto] epoch 3/5  sigreg=0.3895  proto=1.4524  min_dist=1.04  mean_dist=3.05
  [sigreg+proto] epoch 4/5  sigreg=0.3709  proto=1.3502  min_dist=1.21  mean_dist=3.34
  [sigreg+proto] epoch 5/5  sigreg=0.3498  proto=1.2731  min_dist=1.36  mean_dist=3.60
  round 1: pool=2481 purity=0.002 k-hat=4 anchors=1  margin=0.6367  mean-anchor=0.6591  4=0.659
  [sigreg+proto] epoch 1/5  sigreg=0.3385  proto=1.4195  min_dist=1.85  mean_dist=4.32
  [sigreg+proto] epoch 2/5  sigreg=0.3335  proto=1.2788  min_dist=2.20  mean_dist=4.83
  [sigreg+proto] epoch 3/5  sigreg=0.3436  proto=1.3187  min_dist=2.52  mean_dist=5.26
  [sigreg+proto] epoch 4/5  sigreg=0.3556  proto=1.2946  min_dist=2.81  mean_dist=5.65
  [sigreg+proto] epoch 5/5  sigreg=0.3664  proto=1.2404  min_dist=3.05  mean_dist=6.00
  round 2: pool=2482 purity=0.003 k-hat=4 anchors=5  margin=0.6131  mean-anchor=0.7367  4=0.737
  [nplm_dist_sup_cw] per-event post f=0.01: power=0.040
  [nplm_dist_sup_cw] sparker (post)
    post-spk f=0.01: power=0.120 [0.074,0.184] (6/50)
  [nplm_dist_sup_cw] maha (post)
    post-maha f=0.01: power=0.020 [0.003,0.064] (1/50)
  [nplm_dist_sup_cw] mmd (post)
    post-mmd f=0.01: power=0.100 [0.058,0.162] (5/50)
  NOTE: requested 1010 injected but only 500 available -- fraction clamped

===== POST grid, f=0.02 (500 injected) =====
    merged 4 -> 1 anchors
  [sigreg+proto] epoch 1/5  sigreg=0.5052  proto=2.0748  min_dist=0.63  mean_dist=2.32
  [sigreg+proto] epoch 2/5  sigreg=0.4183  proto=1.6667  min_dist=0.85  mean_dist=2.72
  [sigreg+proto] epoch 3/5  sigreg=0.3908  proto=1.4551  min_dist=1.04  mean_dist=3.05
  [sigreg+proto] epoch 4/5  sigreg=0.3640  proto=1.3750  min_dist=1.21  mean_dist=3.34
  [sigreg+proto] epoch 5/5  sigreg=0.3553  proto=1.2601  min_dist=1.36  mean_dist=3.60
  round 1: pool=2481 purity=0.002 k-hat=4 anchors=1  margin=0.6384  mean-anchor=0.6938  4=0.694
    merged 5 -> 4 anchors
  [sigreg+proto] epoch 1/5  sigreg=0.3398  proto=1.4076  min_dist=1.84  mean_dist=4.31
  [sigreg+proto] epoch 2/5  sigreg=0.3265  proto=1.2638  min_dist=2.20  mean_dist=4.81
  [sigreg+proto] epoch 3/5  sigreg=0.3350  proto=1.2064  min_dist=2.51  mean_dist=5.25
  [sigreg+proto] epoch 4/5  sigreg=0.3410  proto=1.1749  min_dist=2.80  mean_dist=5.64
  [sigreg+proto] epoch 5/5  sigreg=0.3568  proto=1.1727  min_dist=3.06  mean_dist=5.99
  round 2: pool=2482 purity=0.003 k-hat=4 anchors=4  margin=0.6228  mean-anchor=0.7998  4=0.800
  [nplm_dist_sup_cw] per-event post f=0.02: power=0.130
  [nplm_dist_sup_cw] sparker (post)
    post-spk f=0.02: power=0.060 [0.028,0.115] (3/50)
  [nplm_dist_sup_cw] maha (post)
    post-maha f=0.02: power=0.000 [0.000,0.036] (0/50)
  [nplm_dist_sup_cw] mmd (post)
    post-mmd f=0.02: power=0.660 [0.581,0.732] (33/50)
  NOTE: requested 2605 injected but only 500 available -- fraction clamped

===== POST grid, f=0.05 (500 injected) =====
    merged 4 -> 1 anchors
  [sigreg+proto] epoch 1/5  sigreg=0.5001  proto=2.0427  min_dist=0.63  mean_dist=2.32
  [sigreg+proto] epoch 2/5  sigreg=0.4281  proto=1.6356  min_dist=0.85  mean_dist=2.72
  [sigreg+proto] epoch 3/5  sigreg=0.3887  proto=1.4878  min_dist=1.04  mean_dist=3.05
  [sigreg+proto] epoch 4/5  sigreg=0.3704  proto=1.3242  min_dist=1.21  mean_dist=3.34
  [sigreg+proto] epoch 5/5  sigreg=0.3514  proto=1.2712  min_dist=1.36  mean_dist=3.60
  round 1: pool=2481 purity=0.002 k-hat=4 anchors=1  margin=0.6637  mean-anchor=0.6728  4=0.673
  [sigreg+proto] epoch 1/5  sigreg=0.3381  proto=1.4222  min_dist=1.85  mean_dist=4.28
  [sigreg+proto] epoch 2/5  sigreg=0.3371  proto=1.2882  min_dist=2.21  mean_dist=4.79
  [sigreg+proto] epoch 3/5  sigreg=0.3483  proto=1.3247  min_dist=2.52  mean_dist=5.23
  [sigreg+proto] epoch 4/5  sigreg=0.3517  proto=1.2375  min_dist=2.81  mean_dist=5.61
  [sigreg+proto] epoch 5/5  sigreg=0.3698  proto=1.2109  min_dist=3.06  mean_dist=5.96
  round 2: pool=2477 purity=0.001 k-hat=4 anchors=5  margin=0.5366  mean-anchor=0.7044  4=0.704
  [nplm_dist_sup_cw] per-event post f=0.05: power=0.030
  [nplm_dist_sup_cw] sparker (post)
    post-spk f=0.05: power=0.800 [0.727,0.859] (40/50)
  [nplm_dist_sup_cw] maha (post)
    post-maha f=0.05: power=0.000 [0.000,0.036] (0/50)
  [nplm_dist_sup_cw] mmd (post)
    post-mmd f=0.05: power=1.000 [0.964,1.000] (50/50)

===== EXP55 PEREVENT POST POWER (alpha=0.05) =====
  arm                   0.001    0.003     0.01     0.02     0.05
  nplm_dist_sup_cw      0.020    0.020    0.040    0.130    0.030
  saved /home/pharris/sigreg/SuperSig/plots/exp55_perevent_power_cifar100_lam5.png

===== EXP55 SPARKER POST POWER (alpha=0.05) =====
  arm                   0.001    0.003     0.01     0.02     0.05
  nplm_dist_sup_cw      0.000    0.000    0.120    0.060    0.800
  saved /home/pharris/sigreg/SuperSig/plots/exp55_sparker_power_cifar100_lam5.png

===== EXP55 MAHA POST POWER (alpha=0.05) =====
  arm                   0.001    0.003     0.01     0.02     0.05
  nplm_dist_sup_cw      0.020    0.040    0.020    0.000    0.000
  saved /home/pharris/sigreg/SuperSig/plots/exp55_maha_power_cifar100_lam5.png

===== EXP55 MMD POST POWER (alpha=0.05) =====
  arm                   0.001    0.003     0.01     0.02     0.05
  nplm_dist_sup_cw      0.060    0.180    0.100    0.660    1.000
  saved /home/pharris/sigreg/SuperSig/plots/exp55_mmd_power_cifar100_lam5.png

===== EXP55 SUMMARY [cifar100] =====
  [nplm_dist_sup_cw] probe pre=0.8585 post=0.8995
          round 1: purity=0.002 anchors=1  margin=0.6416  mean-anchor=0.6782
          round 2: purity=0.001 anchors=5  margin=0.5277  mean-anchor=0.5949
Done.
