/home/pharris/venv/lib64/python3.9/site-packages/networkx/utils/backends.py:135: RuntimeWarning: networkx backend defined more than once: nx-loopback
  backends.update(_get_backends("networkx.backends"))
Using cache found in /home/pharris/.cache/torch/hub/facebookresearch_dino_main
Using cache found in /home/pharris/.cache/torch/hub/facebookresearch_dino_main

######## [aircraft_dino] discovery on supcon-ft->resnplm concat ########
  [sigreg+proto] epoch 1/5  sigreg=0.3312  proto=7.6582  min_dist=2.25  mean_dist=22.93
  [sigreg+proto] epoch 2/5  sigreg=0.3867  proto=7.7954  min_dist=2.35  mean_dist=22.93
  [sigreg+proto] epoch 3/5  sigreg=0.4100  proto=5.7801  min_dist=2.44  mean_dist=22.94
  [sigreg+proto] epoch 4/5  sigreg=0.4122  proto=5.2502  min_dist=2.52  mean_dist=22.94
  [sigreg+proto] epoch 5/5  sigreg=0.4068  proto=4.8341  min_dist=2.59  mean_dist=22.95
  round 1: pool=471 purity=0.363 k-hat=11 anchors=11  margin=0.7411  mean-anchor=0.8369  
  [sigreg+proto] epoch 1/5  sigreg=0.4434  proto=7.0988  min_dist=2.66  mean_dist=25.30
  [sigreg+proto] epoch 2/5  sigreg=0.4989  proto=6.2699  min_dist=2.73  mean_dist=25.30
  [sigreg+proto] epoch 3/5  sigreg=0.4599  proto=4.9877  min_dist=2.78  mean_dist=25.30
  [sigreg+proto] epoch 4/5  sigreg=0.4605  proto=4.8231  min_dist=2.83  mean_dist=25.31
  [sigreg+proto] epoch 5/5  sigreg=0.4201  proto=4.2076  min_dist=2.87  mean_dist=25.31
  round 2: pool=393 purity=0.237 k-hat=12 anchors=23  margin=0.7909  mean-anchor=0.8818  
  [aircraft_dino] supcon-ft->resnplm concat: probe 0.8162+-0.0593 -> 0.7794+-0.0828  eucl 0.7138 -> 0.7096  mahaT 0.6666 -> 0.6637
          round 1: purity=0.363 anchors=11  margin=0.7411
          round 2: purity=0.237 anchors=23  margin=0.7909
  [sigreg+proto] epoch 1/5  sigreg=0.3884  proto=9.1339  min_dist=2.22  mean_dist=22.69
  [sigreg+proto] epoch 2/5  sigreg=0.4326  proto=9.9560  min_dist=2.32  mean_dist=22.69
  [sigreg+proto] epoch 3/5  sigreg=0.4798  proto=5.9033  min_dist=2.42  mean_dist=22.70
  [sigreg+proto] epoch 4/5  sigreg=0.4682  proto=5.6819  min_dist=2.52  mean_dist=22.70
  [sigreg+proto] epoch 5/5  sigreg=0.4304  proto=5.3684  min_dist=2.61  mean_dist=22.71
  round 1: pool=304 purity=0.013 k-hat=12 anchors=12  margin=0.7530  mean-anchor=0.8401  
  [sigreg+proto] epoch 1/5  sigreg=0.4694  proto=7.7546  min_dist=2.69  mean_dist=26.19
  [sigreg+proto] epoch 2/5  sigreg=0.4580  proto=5.9490  min_dist=2.76  mean_dist=26.18
  [sigreg+proto] epoch 3/5  sigreg=0.4801  proto=5.2217  min_dist=2.82  mean_dist=26.19
  [sigreg+proto] epoch 4/5  sigreg=0.4412  proto=4.6380  min_dist=2.85  mean_dist=26.19
  [sigreg+proto] epoch 5/5  sigreg=0.4385  proto=4.9214  min_dist=2.88  mean_dist=26.19
  round 2: pool=302 purity=0.007 k-hat=12 anchors=24  margin=0.7677  mean-anchor=0.8903  
    post-spk f=0.003: power=0.060 [0.028,0.115] (3/50)
    post-maha f=0.003: power=0.120 [0.074,0.184] (6/50)
    post-mmd f=0.003: power=0.080 [0.042,0.138] (4/50)
  [aircraft_dino] post f=0.003: perevent=0.282  sparker=0.060  maha=0.120  mmd=0.080
  [sigreg+proto] epoch 1/5  sigreg=0.3521  proto=8.1789  min_dist=2.24  mean_dist=22.62
  [sigreg+proto] epoch 2/5  sigreg=0.4000  proto=6.7608  min_dist=2.25  mean_dist=22.63
  [sigreg+proto] epoch 3/5  sigreg=0.4017  proto=5.8103  min_dist=2.27  mean_dist=22.63
  [sigreg+proto] epoch 4/5  sigreg=0.4176  proto=5.9283  min_dist=2.30  mean_dist=22.64
  [sigreg+proto] epoch 5/5  sigreg=0.4297  proto=4.4483  min_dist=2.32  mean_dist=22.64
  round 1: pool=317 purity=0.054 k-hat=12 anchors=12  margin=0.7534  mean-anchor=0.8864  
  [sigreg+proto] epoch 1/5  sigreg=0.4637  proto=6.2206  min_dist=2.36  mean_dist=25.21
  [sigreg+proto] epoch 2/5  sigreg=0.4439  proto=5.4593  min_dist=2.40  mean_dist=25.22
  [sigreg+proto] epoch 3/5  sigreg=0.4331  proto=5.2658  min_dist=2.43  mean_dist=25.22
  [sigreg+proto] epoch 4/5  sigreg=0.4050  proto=4.3419  min_dist=2.45  mean_dist=25.22
  [sigreg+proto] epoch 5/5  sigreg=0.4446  proto=5.3618  min_dist=2.49  mean_dist=25.23
  round 2: pool=317 purity=0.054 k-hat=12 anchors=24  margin=0.7524  mean-anchor=0.7962  
    post-spk f=0.01: power=0.140 [0.090,0.207] (7/50)
    post-maha f=0.01: power=0.180 [0.124,0.251] (9/50)
    post-mmd f=0.01: power=0.100 [0.058,0.162] (5/50)
  [aircraft_dino] post f=0.01: perevent=0.219  sparker=0.140  maha=0.180  mmd=0.100
  [sigreg+proto] epoch 1/5  sigreg=0.3552  proto=10.5115  min_dist=2.20  mean_dist=22.89
  [sigreg+proto] epoch 2/5  sigreg=0.3960  proto=9.0494  min_dist=2.30  mean_dist=22.89
  [sigreg+proto] epoch 3/5  sigreg=0.4442  proto=7.0433  min_dist=2.40  mean_dist=22.89
  [sigreg+proto] epoch 4/5  sigreg=0.4457  proto=6.3829  min_dist=2.50  mean_dist=22.90
  [sigreg+proto] epoch 5/5  sigreg=0.4217  proto=5.0349  min_dist=2.59  mean_dist=22.90
  round 1: pool=333 purity=0.099 k-hat=12 anchors=12  margin=0.7755  mean-anchor=0.8602  
  [sigreg+proto] epoch 1/5  sigreg=0.4567  proto=6.9019  min_dist=2.65  mean_dist=24.90
  [sigreg+proto] epoch 2/5  sigreg=0.5105  proto=5.8590  min_dist=2.71  mean_dist=24.91
  [sigreg+proto] epoch 3/5  sigreg=0.4562  proto=5.3688  min_dist=2.77  mean_dist=24.91
  [sigreg+proto] epoch 4/5  sigreg=0.4668  proto=5.1628  min_dist=2.83  mean_dist=24.91
  [sigreg+proto] epoch 5/5  sigreg=0.5039  proto=4.9237  min_dist=2.88  mean_dist=24.92
  round 2: pool=332 purity=0.096 k-hat=12 anchors=24  margin=0.7659  mean-anchor=0.8376  
    post-spk f=0.02: power=0.160 [0.107,0.229] (8/50)
    post-maha f=0.02: power=0.280 [0.213,0.357] (14/50)
    post-mmd f=0.02: power=0.080 [0.042,0.138] (4/50)
  [aircraft_dino] post f=0.02: perevent=0.321  sparker=0.160  maha=0.280  mmd=0.080
  [sigreg+proto] epoch 1/5  sigreg=0.3547  proto=9.5075  min_dist=2.22  mean_dist=23.18
  [sigreg+proto] epoch 2/5  sigreg=0.3743  proto=7.0789  min_dist=2.31  mean_dist=23.18
  [sigreg+proto] epoch 3/5  sigreg=0.4124  proto=5.5118  min_dist=2.40  mean_dist=23.19
  [sigreg+proto] epoch 4/5  sigreg=0.4207  proto=6.6524  min_dist=2.48  mean_dist=23.19
  [sigreg+proto] epoch 5/5  sigreg=0.4021  proto=4.8622  min_dist=2.55  mean_dist=23.19
  round 1: pool=383 purity=0.217 k-hat=11 anchors=11  margin=0.7863  mean-anchor=0.8927  
  [sigreg+proto] epoch 1/5  sigreg=0.4261  proto=5.9330  min_dist=2.64  mean_dist=25.05
  [sigreg+proto] epoch 2/5  sigreg=0.3907  proto=5.5039  min_dist=2.72  mean_dist=25.05
  [sigreg+proto] epoch 3/5  sigreg=0.4116  proto=4.6068  min_dist=2.78  mean_dist=25.05
  [sigreg+proto] epoch 4/5  sigreg=0.4212  proto=3.9586  min_dist=2.84  mean_dist=25.05
  [sigreg+proto] epoch 5/5  sigreg=0.4068  proto=3.5056  min_dist=2.90  mean_dist=25.05
  round 2: pool=352 purity=0.148 k-hat=11 anchors=22  margin=0.7315  mean-anchor=0.9040  
    post-spk f=0.05: power=0.240 [0.177,0.315] (12/50)
    post-maha f=0.05: power=0.240 [0.177,0.315] (12/50)
    post-mmd f=0.05: power=0.300 [0.231,0.378] (15/50)
  [aircraft_dino] post f=0.05: perevent=0.306  sparker=0.240  maha=0.240  mmd=0.300

######## [aircraft_lejepa] discovery on supcon-ft->resnplm concat ########
Fetching 37 files:   0%|          | 0/37 [00:00<?, ?it/s]Fetching 37 files: 100%|██████████| 37/37 [00:00<00:00, 387005.61it/s]
Fetching 37 files:   0%|          | 0/37 [00:00<?, ?it/s]Fetching 37 files: 100%|██████████| 37/37 [00:00<00:00, 45995.63it/s]
  [sigreg+proto] epoch 1/5  sigreg=0.6404  proto=1.2467  min_dist=0.79  mean_dist=4.47
  [sigreg+proto] epoch 2/5  sigreg=0.5913  proto=1.1737  min_dist=0.96  mean_dist=4.59
  [sigreg+proto] epoch 3/5  sigreg=0.5616  proto=1.1528  min_dist=1.11  mean_dist=4.71
  [sigreg+proto] epoch 4/5  sigreg=0.5423  proto=0.8956  min_dist=1.25  mean_dist=4.83
  [sigreg+proto] epoch 5/5  sigreg=0.5156  proto=0.9645  min_dist=1.37  mean_dist=4.94
  round 1: pool=440 purity=0.318 k-hat=2 anchors=2  margin=0.8217  mean-anchor=0.7691  
  [sigreg+proto] epoch 1/5  sigreg=0.5019  proto=1.2079  min_dist=1.58  mean_dist=5.21
  [sigreg+proto] epoch 2/5  sigreg=0.4994  proto=1.1216  min_dist=1.72  mean_dist=5.36
  [sigreg+proto] epoch 3/5  sigreg=0.4927  proto=1.0126  min_dist=1.84  mean_dist=5.52
  [sigreg+proto] epoch 4/5  sigreg=0.4833  proto=1.0823  min_dist=1.97  mean_dist=5.67
  [sigreg+proto] epoch 5/5  sigreg=0.4809  proto=0.9672  min_dist=2.09  mean_dist=5.81
  round 2: pool=312 purity=0.038 k-hat=4 anchors=6  margin=0.7780  mean-anchor=0.8811  
  [aircraft_lejepa] supcon-ft->resnplm concat: probe 0.8478+-0.0023 -> 0.8315+-0.0062  eucl 0.7110 -> 0.6207  mahaT 0.7110 -> 0.7324
          round 1: purity=0.318 anchors=2  margin=0.8217
          round 2: purity=0.038 anchors=6  margin=0.7780
  [sigreg+proto] epoch 1/5  sigreg=0.6402  proto=1.2607  min_dist=0.79  mean_dist=4.51
  [sigreg+proto] epoch 2/5  sigreg=0.5905  proto=1.2017  min_dist=0.96  mean_dist=4.62
  [sigreg+proto] epoch 3/5  sigreg=0.5609  proto=1.1645  min_dist=1.11  mean_dist=4.74
  [sigreg+proto] epoch 4/5  sigreg=0.5452  proto=0.9008  min_dist=1.25  mean_dist=4.86
  [sigreg+proto] epoch 5/5  sigreg=0.5182  proto=0.9777  min_dist=1.37  mean_dist=4.98
  round 1: pool=304 purity=0.013 k-hat=2 anchors=2  margin=0.7242  mean-anchor=0.7493  
  [sigreg+proto] epoch 1/5  sigreg=0.5029  proto=1.1793  min_dist=1.56  mean_dist=5.23
  [sigreg+proto] epoch 2/5  sigreg=0.5010  proto=1.1227  min_dist=1.69  mean_dist=5.37
  [sigreg+proto] epoch 3/5  sigreg=0.4974  proto=1.0488  min_dist=1.81  mean_dist=5.51
  [sigreg+proto] epoch 4/5  sigreg=0.4896  proto=1.0653  min_dist=1.93  mean_dist=5.65
  [sigreg+proto] epoch 5/5  sigreg=0.4883  proto=0.9211  min_dist=2.03  mean_dist=5.79
  round 2: pool=300 purity=0.000 k-hat=4 anchors=6  margin=0.6628  mean-anchor=0.7915  
    post-spk f=0.003: power=0.040 [0.014,0.090] (2/50)
    post-maha f=0.003: power=0.100 [0.058,0.162] (5/50)
    post-mmd f=0.003: power=0.080 [0.042,0.138] (4/50)
  [aircraft_lejepa] post f=0.003: perevent=0.141  sparker=0.040  maha=0.100  mmd=0.080
  [sigreg+proto] epoch 1/5  sigreg=0.6443  proto=1.3897  min_dist=0.79  mean_dist=4.49
  [sigreg+proto] epoch 2/5  sigreg=0.5981  proto=1.2490  min_dist=0.96  mean_dist=4.61
  [sigreg+proto] epoch 3/5  sigreg=0.5839  proto=1.0873  min_dist=1.11  mean_dist=4.73
  [sigreg+proto] epoch 4/5  sigreg=0.5534  proto=1.0028  min_dist=1.25  mean_dist=4.85
  [sigreg+proto] epoch 5/5  sigreg=0.5290  proto=0.9893  min_dist=1.37  mean_dist=4.96
  round 1: pool=314 purity=0.045 k-hat=2 anchors=2  margin=0.7632  mean-anchor=0.7568  
  [sigreg+proto] epoch 1/5  sigreg=0.5153  proto=1.2297  min_dist=1.55  mean_dist=5.21
  [sigreg+proto] epoch 2/5  sigreg=0.5249  proto=1.0703  min_dist=1.71  mean_dist=5.35
  [sigreg+proto] epoch 3/5  sigreg=0.5111  proto=1.0479  min_dist=1.83  mean_dist=5.49
  [sigreg+proto] epoch 4/5  sigreg=0.4981  proto=1.0742  min_dist=1.95  mean_dist=5.63
  [sigreg+proto] epoch 5/5  sigreg=0.5038  proto=0.9476  min_dist=2.06  mean_dist=5.76
  round 2: pool=301 purity=0.003 k-hat=4 anchors=6  margin=0.6985  mean-anchor=0.7919  
    post-spk f=0.01: power=0.200 [0.141,0.273] (10/50)
    post-maha f=0.01: power=0.200 [0.141,0.273] (10/50)
    post-mmd f=0.01: power=0.060 [0.028,0.115] (3/50)
  [aircraft_lejepa] post f=0.01: perevent=0.228  sparker=0.200  maha=0.200  mmd=0.060
  [sigreg+proto] epoch 1/5  sigreg=0.6449  proto=1.3207  min_dist=0.79  mean_dist=4.49
  [sigreg+proto] epoch 2/5  sigreg=0.6011  proto=1.1768  min_dist=0.96  mean_dist=4.61
  [sigreg+proto] epoch 3/5  sigreg=0.5703  proto=1.1071  min_dist=1.11  mean_dist=4.73
  [sigreg+proto] epoch 4/5  sigreg=0.5507  proto=0.9911  min_dist=1.25  mean_dist=4.85
  [sigreg+proto] epoch 5/5  sigreg=0.5227  proto=1.0595  min_dist=1.37  mean_dist=4.96
  round 1: pool=326 purity=0.080 k-hat=2 anchors=2  margin=0.7675  mean-anchor=0.7556  
  [sigreg+proto] epoch 1/5  sigreg=0.5155  proto=1.2221  min_dist=1.56  mean_dist=5.23
  [sigreg+proto] epoch 2/5  sigreg=0.5164  proto=1.0819  min_dist=1.69  mean_dist=5.37
  [sigreg+proto] epoch 3/5  sigreg=0.5078  proto=1.2399  min_dist=1.81  mean_dist=5.51
  [sigreg+proto] epoch 4/5  sigreg=0.5064  proto=1.0191  min_dist=1.93  mean_dist=5.65
  [sigreg+proto] epoch 5/5  sigreg=0.5005  proto=0.9578  min_dist=2.04  mean_dist=5.78
  round 2: pool=302 purity=0.007 k-hat=4 anchors=6  margin=0.7321  mean-anchor=0.8089  
    post-spk f=0.02: power=0.140 [0.090,0.207] (7/50)
    post-maha f=0.02: power=0.280 [0.213,0.357] (14/50)
    post-mmd f=0.02: power=0.160 [0.107,0.229] (8/50)
  [aircraft_lejepa] post f=0.02: perevent=0.240  sparker=0.140  maha=0.280  mmd=0.160
  [sigreg+proto] epoch 1/5  sigreg=0.6410  proto=1.3597  min_dist=0.79  mean_dist=4.48
  [sigreg+proto] epoch 2/5  sigreg=0.5948  proto=1.2664  min_dist=0.96  mean_dist=4.59
  [sigreg+proto] epoch 3/5  sigreg=0.5734  proto=0.9847  min_dist=1.11  mean_dist=4.71
  [sigreg+proto] epoch 4/5  sigreg=0.5436  proto=1.0089  min_dist=1.25  mean_dist=4.83
  [sigreg+proto] epoch 5/5  sigreg=0.5204  proto=0.9669  min_dist=1.37  mean_dist=4.95
  round 1: pool=371 purity=0.191 k-hat=2 anchors=2  margin=0.7854  mean-anchor=0.7501  
  [sigreg+proto] epoch 1/5  sigreg=0.5182  proto=1.3633  min_dist=1.58  mean_dist=5.26
  [sigreg+proto] epoch 2/5  sigreg=0.5161  proto=1.0749  min_dist=1.72  mean_dist=5.41
  [sigreg+proto] epoch 3/5  sigreg=0.5078  proto=1.1972  min_dist=1.85  mean_dist=5.56
  [sigreg+proto] epoch 4/5  sigreg=0.5053  proto=0.9252  min_dist=1.97  mean_dist=5.71
  [sigreg+proto] epoch 5/5  sigreg=0.4947  proto=0.9052  min_dist=2.09  mean_dist=5.86
  round 2: pool=306 purity=0.020 k-hat=4 anchors=6  margin=0.7291  mean-anchor=0.7981  
    post-spk f=0.05: power=0.180 [0.124,0.251] (9/50)
    post-maha f=0.05: power=0.720 [0.643,0.787] (36/50)
    post-mmd f=0.05: power=0.200 [0.141,0.273] (10/50)
  [aircraft_lejepa] post f=0.05: perevent=0.222  sparker=0.180  maha=0.720  mmd=0.200

######## [aircraft_visreg] discovery on supcon-ft->resnplm concat ########
  [sigreg+proto] epoch 1/5  sigreg=0.3116  proto=2.9701  min_dist=2.14  mean_dist=18.80
  [sigreg+proto] epoch 2/5  sigreg=0.3448  proto=2.7240  min_dist=2.31  mean_dist=18.80
  [sigreg+proto] epoch 3/5  sigreg=0.3428  proto=2.1509  min_dist=2.45  mean_dist=18.80
  [sigreg+proto] epoch 4/5  sigreg=0.3589  proto=1.7933  min_dist=2.58  mean_dist=18.80
  [sigreg+proto] epoch 5/5  sigreg=0.3449  proto=1.6973  min_dist=2.70  mean_dist=18.81
  round 1: pool=632 purity=0.525 k-hat=11 anchors=11  margin=0.8732  mean-anchor=0.9789  
  [sigreg+proto] epoch 1/5  sigreg=0.3306  proto=2.6352  min_dist=2.88  mean_dist=18.75
  [sigreg+proto] epoch 2/5  sigreg=0.3409  proto=1.9582  min_dist=3.01  mean_dist=18.76
  [sigreg+proto] epoch 3/5  sigreg=0.3383  proto=1.4498  min_dist=3.11  mean_dist=18.77
  [sigreg+proto] epoch 4/5  sigreg=0.3213  proto=1.4905  min_dist=3.21  mean_dist=18.78
  [sigreg+proto] epoch 5/5  sigreg=0.3154  proto=1.2359  min_dist=3.30  mean_dist=18.79
  round 2: pool=321 purity=0.065 k-hat=10 anchors=21  margin=0.8675  mean-anchor=0.9797  
  [aircraft_visreg] supcon-ft->resnplm concat: probe 0.8634+-0.0102 -> 0.8511+-0.0119  eucl 0.7922 -> 0.8025  mahaT 0.7651 -> 0.7823
          round 1: purity=0.525 anchors=11  margin=0.8732
          round 2: purity=0.065 anchors=21  margin=0.8675
  [sigreg+proto] epoch 1/5  sigreg=0.3027  proto=3.5563  min_dist=2.13  mean_dist=18.81
  [sigreg+proto] epoch 2/5  sigreg=0.3483  proto=2.8699  min_dist=2.26  mean_dist=18.81
  [sigreg+proto] epoch 3/5  sigreg=0.3523  proto=2.1836  min_dist=2.39  mean_dist=18.81
  [sigreg+proto] epoch 4/5  sigreg=0.3512  proto=2.0829  min_dist=2.50  mean_dist=18.81
  [sigreg+proto] epoch 5/5  sigreg=0.3368  proto=1.6386  min_dist=2.61  mean_dist=18.81
  round 1: pool=308 purity=0.026 k-hat=10 anchors=10  margin=0.7788  mean-anchor=0.9553  
  [sigreg+proto] epoch 1/5  sigreg=0.3458  proto=2.8739  min_dist=2.71  mean_dist=18.73
  [sigreg+proto] epoch 2/5  sigreg=0.3466  proto=2.0998  min_dist=2.79  mean_dist=18.74
  [sigreg+proto] epoch 3/5  sigreg=0.3447  proto=2.0371  min_dist=2.87  mean_dist=18.74
  [sigreg+proto] epoch 4/5  sigreg=0.3373  proto=1.6822  min_dist=2.95  mean_dist=18.75
  [sigreg+proto] epoch 5/5  sigreg=0.3339  proto=1.3929  min_dist=3.03  mean_dist=18.76
  round 2: pool=302 purity=0.007 k-hat=10 anchors=20  margin=0.7472  mean-anchor=0.9587  
    post-spk f=0.003: power=0.020 [0.003,0.064] (1/50)
    post-maha f=0.003: power=0.080 [0.042,0.138] (4/50)
    post-mmd f=0.003: power=0.060 [0.028,0.115] (3/50)
  [aircraft_visreg] post f=0.003: perevent=0.303  sparker=0.020  maha=0.080  mmd=0.060
  [sigreg+proto] epoch 1/5  sigreg=0.3201  proto=3.3639  min_dist=2.10  mean_dist=19.37
  [sigreg+proto] epoch 2/5  sigreg=0.3608  proto=2.5060  min_dist=2.23  mean_dist=19.37
  [sigreg+proto] epoch 3/5  sigreg=0.3574  proto=2.3173  min_dist=2.36  mean_dist=19.37
  [sigreg+proto] epoch 4/5  sigreg=0.3455  proto=1.9095  min_dist=2.48  mean_dist=19.37
  [sigreg+proto] epoch 5/5  sigreg=0.3482  proto=1.5923  min_dist=2.58  mean_dist=19.37
  round 1: pool=329 purity=0.088 k-hat=12 anchors=12  margin=0.7779  mean-anchor=0.9439  
  [sigreg+proto] epoch 1/5  sigreg=0.3514  proto=2.5558  min_dist=2.72  mean_dist=19.29
  [sigreg+proto] epoch 2/5  sigreg=0.3500  proto=2.0887  min_dist=2.82  mean_dist=19.30
  [sigreg+proto] epoch 3/5  sigreg=0.3578  proto=1.8116  min_dist=2.90  mean_dist=19.31
  [sigreg+proto] epoch 4/5  sigreg=0.3477  proto=1.8516  min_dist=2.97  mean_dist=19.32
  [sigreg+proto] epoch 5/5  sigreg=0.3473  proto=1.4936  min_dist=3.04  mean_dist=19.32
  round 2: pool=302 purity=0.007 k-hat=11 anchors=23  margin=0.7487  mean-anchor=0.9573  
    post-spk f=0.01: power=0.060 [0.028,0.115] (3/50)
    post-maha f=0.01: power=0.280 [0.213,0.357] (14/50)
    post-mmd f=0.01: power=0.020 [0.003,0.064] (1/50)
  [aircraft_visreg] post f=0.01: perevent=0.342  sparker=0.060  maha=0.280  mmd=0.020
  [sigreg+proto] epoch 1/5  sigreg=0.3119  proto=3.3901  min_dist=2.18  mean_dist=18.77
  [sigreg+proto] epoch 2/5  sigreg=0.3431  proto=2.5407  min_dist=2.34  mean_dist=18.77
  [sigreg+proto] epoch 3/5  sigreg=0.3506  proto=2.7933  min_dist=2.46  mean_dist=18.77
  [sigreg+proto] epoch 4/5  sigreg=0.3429  proto=2.0697  min_dist=2.55  mean_dist=18.77
  [sigreg+proto] epoch 5/5  sigreg=0.3535  proto=1.9137  min_dist=2.63  mean_dist=18.77
  round 1: pool=362 purity=0.171 k-hat=11 anchors=11  margin=0.8073  mean-anchor=0.9664  
  [sigreg+proto] epoch 1/5  sigreg=0.3571  proto=2.7907  min_dist=2.76  mean_dist=18.82
  [sigreg+proto] epoch 2/5  sigreg=0.3574  proto=2.3369  min_dist=2.84  mean_dist=18.83
  [sigreg+proto] epoch 3/5  sigreg=0.3721  proto=1.7908  min_dist=2.91  mean_dist=18.84
  [sigreg+proto] epoch 4/5  sigreg=0.3515  proto=1.8930  min_dist=2.99  mean_dist=18.85
  [sigreg+proto] epoch 5/5  sigreg=0.3576  proto=1.7071  min_dist=3.05  mean_dist=18.86
  round 2: pool=317 purity=0.054 k-hat=10 anchors=21  margin=0.8267  mean-anchor=0.9647  
    post-spk f=0.02: power=0.160 [0.107,0.229] (8/50)
    post-maha f=0.02: power=0.180 [0.124,0.251] (9/50)
    post-mmd f=0.02: power=0.120 [0.074,0.184] (6/50)
  [aircraft_visreg] post f=0.02: perevent=0.402  sparker=0.160  maha=0.180  mmd=0.120
  [sigreg+proto] epoch 1/5  sigreg=0.3033  proto=3.5539  min_dist=2.15  mean_dist=18.86
  [sigreg+proto] epoch 2/5  sigreg=0.3465  proto=3.0784  min_dist=2.27  mean_dist=18.86
  [sigreg+proto] epoch 3/5  sigreg=0.3450  proto=2.0732  min_dist=2.38  mean_dist=18.86
  [sigreg+proto] epoch 4/5  sigreg=0.3424  proto=1.9111  min_dist=2.47  mean_dist=18.86
  [sigreg+proto] epoch 5/5  sigreg=0.3353  proto=1.7419  min_dist=2.57  mean_dist=18.86
  round 1: pool=459 purity=0.346 k-hat=10 anchors=10  margin=0.8485  mean-anchor=0.9690  
  [sigreg+proto] epoch 1/5  sigreg=0.3350  proto=2.5345  min_dist=2.69  mean_dist=18.91
  [sigreg+proto] epoch 2/5  sigreg=0.3470  proto=2.1079  min_dist=2.78  mean_dist=18.92
  [sigreg+proto] epoch 3/5  sigreg=0.3398  proto=1.6828  min_dist=2.88  mean_dist=18.93
  [sigreg+proto] epoch 4/5  sigreg=0.3286  proto=1.5372  min_dist=2.96  mean_dist=18.94
  [sigreg+proto] epoch 5/5  sigreg=0.3269  proto=1.3312  min_dist=3.02  mean_dist=18.95
  round 2: pool=329 purity=0.088 k-hat=11 anchors=21  margin=0.8411  mean-anchor=0.9647  
    post-spk f=0.05: power=0.580 [0.500,0.657] (29/50)
    post-maha f=0.05: power=0.840 [0.771,0.893] (42/50)
    post-mmd f=0.05: power=0.280 [0.213,0.357] (14/50)
  [aircraft_visreg] post f=0.05: perevent=0.495  sparker=0.580  maha=0.840  mmd=0.280

===== EXP72 SUMMARY (discovery on exp-71 winners) =====
  cell              space                          probe pre->post   mahaT pre->post purity r1
  aircraft_dino     supcon-ft->resnplm concat    0.8162->0.7794   0.6666->0.6637     0.363
  aircraft_lejepa   supcon-ft->resnplm concat    0.8478->0.8315   0.7110->0.7324     0.318
  aircraft_visreg   supcon-ft->resnplm concat    0.8634->0.8511   0.7651->0.7823     0.525
saved /home/pharris/sigreg/SuperSig/plots/exp72_residual_discovery.png
Done.
