/home/pharris/venv/lib64/python3.9/site-packages/networkx/utils/backends.py:135: RuntimeWarning: networkx backend defined more than once: nx-loopback
  backends.update(_get_backends("networkx.backends"))
Using cache found in /home/pharris/.cache/torch/hub/facebookresearch_dino_main
Using cache found in /home/pharris/.cache/torch/hub/facebookresearch_dino_main

######## [cars_dino] discovery on supcon-ft->resnplm concat ########
  [sigreg+proto] epoch 1/5  sigreg=0.5432  proto=19.1543  min_dist=5.03  mean_dist=30.64
  [sigreg+proto] epoch 2/5  sigreg=0.5765  proto=15.5929  min_dist=5.06  mean_dist=30.62
  [sigreg+proto] epoch 3/5  sigreg=0.5789  proto=12.7236  min_dist=5.08  mean_dist=30.60
  [sigreg+proto] epoch 4/5  sigreg=0.5994  proto=12.1418  min_dist=5.10  mean_dist=30.58
  [sigreg+proto] epoch 5/5  sigreg=0.5862  proto=10.2220  min_dist=5.12  mean_dist=30.56
  round 1: pool=460 purity=0.161 k-hat=12 anchors=12  margin=0.6633  mean-anchor=0.8703  
  [sigreg+proto] epoch 1/5  sigreg=0.6178  proto=12.2865  min_dist=5.15  mean_dist=31.47
  [sigreg+proto] epoch 2/5  sigreg=0.5912  proto=11.4056  min_dist=5.18  mean_dist=31.45
  [sigreg+proto] epoch 3/5  sigreg=0.6144  proto=10.3171  min_dist=5.21  mean_dist=31.43
  [sigreg+proto] epoch 4/5  sigreg=0.6068  proto=9.2886  min_dist=5.24  mean_dist=31.41
  [sigreg+proto] epoch 5/5  sigreg=0.5673  proto=7.9303  min_dist=5.27  mean_dist=31.39
  round 2: pool=410 purity=0.059 k-hat=11 anchors=23  margin=0.6295  mean-anchor=0.8908  
  [cars_dino] supcon-ft->resnplm concat: probe 0.8211+-0.0102 -> 0.8205+-0.0051  eucl 0.6025 -> 0.5966  mahaT 0.5478 -> 0.5430
          round 1: purity=0.161 anchors=12  margin=0.6633
          round 2: purity=0.059 anchors=23  margin=0.6295
  [sigreg+proto] epoch 1/5  sigreg=0.5508  proto=18.9737  min_dist=5.03  mean_dist=31.13
  [sigreg+proto] epoch 2/5  sigreg=0.5749  proto=15.3969  min_dist=5.06  mean_dist=31.11
  [sigreg+proto] epoch 3/5  sigreg=0.5838  proto=12.2620  min_dist=5.08  mean_dist=31.09
  [sigreg+proto] epoch 4/5  sigreg=0.6079  proto=11.8165  min_dist=5.11  mean_dist=31.07
  [sigreg+proto] epoch 5/5  sigreg=0.5504  proto=9.4651  min_dist=5.13  mean_dist=31.05
  round 1: pool=390 purity=0.010 k-hat=12 anchors=12  margin=0.5944  mean-anchor=0.8125  
  [sigreg+proto] epoch 1/5  sigreg=0.6228  proto=13.0632  min_dist=5.16  mean_dist=32.42
  [sigreg+proto] epoch 2/5  sigreg=0.5885  proto=10.9221  min_dist=5.18  mean_dist=32.39
  [sigreg+proto] epoch 3/5  sigreg=0.5980  proto=11.1060  min_dist=5.21  mean_dist=32.37
  [sigreg+proto] epoch 4/5  sigreg=0.5851  proto=9.0225  min_dist=5.23  mean_dist=32.35
  [sigreg+proto] epoch 5/5  sigreg=0.5384  proto=7.5806  min_dist=5.25  mean_dist=32.33
  round 2: pool=389 purity=0.008 k-hat=12 anchors=24  margin=0.6327  mean-anchor=0.8155  
    post-spk f=0.003: power=0.040 [0.014,0.090] (2/50)
    post-maha f=0.003: power=0.100 [0.058,0.162] (5/50)
    post-mmd f=0.003: power=0.060 [0.028,0.115] (3/50)
  [cars_dino] post f=0.003: perevent=0.115  sparker=0.040  maha=0.100  mmd=0.060
  [sigreg+proto] epoch 1/5  sigreg=0.5582  proto=18.3347  min_dist=5.03  mean_dist=30.83
  [sigreg+proto] epoch 2/5  sigreg=0.5771  proto=15.1345  min_dist=5.06  mean_dist=30.80
  [sigreg+proto] epoch 3/5  sigreg=0.5564  proto=12.2493  min_dist=5.08  mean_dist=30.78
  [sigreg+proto] epoch 4/5  sigreg=0.5827  proto=11.7120  min_dist=5.10  mean_dist=30.76
  [sigreg+proto] epoch 5/5  sigreg=0.5556  proto=9.8056  min_dist=5.13  mean_dist=30.74
  round 1: pool=402 purity=0.040 k-hat=12 anchors=12  margin=0.6000  mean-anchor=0.7951  
  [sigreg+proto] epoch 1/5  sigreg=0.6234  proto=11.9132  min_dist=5.15  mean_dist=31.27
  [sigreg+proto] epoch 2/5  sigreg=0.6089  proto=11.4231  min_dist=5.18  mean_dist=31.25
  [sigreg+proto] epoch 3/5  sigreg=0.6088  proto=11.1089  min_dist=5.20  mean_dist=31.23
  [sigreg+proto] epoch 4/5  sigreg=0.5732  proto=8.4294  min_dist=5.23  mean_dist=31.21
  [sigreg+proto] epoch 5/5  sigreg=0.5595  proto=9.3512  min_dist=5.25  mean_dist=31.19
  round 2: pool=395 purity=0.023 k-hat=12 anchors=24  margin=0.6293  mean-anchor=0.8511  
    post-spk f=0.01: power=0.020 [0.003,0.064] (1/50)
    post-maha f=0.01: power=0.160 [0.107,0.229] (8/50)
    post-mmd f=0.01: power=0.140 [0.090,0.207] (7/50)
  [cars_dino] post f=0.01: perevent=0.204  sparker=0.020  maha=0.160  mmd=0.140
  [sigreg+proto] epoch 1/5  sigreg=0.5684  proto=17.5175  min_dist=5.03  mean_dist=30.92
  [sigreg+proto] epoch 2/5  sigreg=0.5993  proto=15.4952  min_dist=5.06  mean_dist=30.90
  [sigreg+proto] epoch 3/5  sigreg=0.5935  proto=13.0203  min_dist=5.08  mean_dist=30.87
  [sigreg+proto] epoch 4/5  sigreg=0.5286  proto=10.7916  min_dist=5.10  mean_dist=30.85
  [sigreg+proto] epoch 5/5  sigreg=0.5464  proto=10.3862  min_dist=5.13  mean_dist=30.83
  round 1: pool=415 purity=0.070 k-hat=12 anchors=12  margin=0.6601  mean-anchor=0.8118  
  [sigreg+proto] epoch 1/5  sigreg=0.6377  proto=14.5743  min_dist=5.16  mean_dist=31.78
  [sigreg+proto] epoch 2/5  sigreg=0.5962  proto=10.9612  min_dist=5.19  mean_dist=31.76
  [sigreg+proto] epoch 3/5  sigreg=0.5921  proto=11.0837  min_dist=5.21  mean_dist=31.74
  [sigreg+proto] epoch 4/5  sigreg=0.6103  proto=8.1630  min_dist=5.23  mean_dist=31.72
  [sigreg+proto] epoch 5/5  sigreg=0.5938  proto=7.9769  min_dist=5.25  mean_dist=31.71
  round 2: pool=403 purity=0.042 k-hat=11 anchors=23  margin=0.6764  mean-anchor=0.8424  
    post-spk f=0.02: power=0.040 [0.014,0.090] (2/50)
    post-maha f=0.02: power=0.180 [0.124,0.251] (9/50)
    post-mmd f=0.02: power=0.140 [0.090,0.207] (7/50)
  [cars_dino] post f=0.02: perevent=0.207  sparker=0.040  maha=0.180  mmd=0.140
  [sigreg+proto] epoch 1/5  sigreg=0.5204  proto=17.8279  min_dist=5.03  mean_dist=30.66
  [sigreg+proto] epoch 2/5  sigreg=0.5261  proto=13.5253  min_dist=5.06  mean_dist=30.63
  [sigreg+proto] epoch 3/5  sigreg=0.5695  proto=13.0420  min_dist=5.08  mean_dist=30.61
  [sigreg+proto] epoch 4/5  sigreg=0.5710  proto=10.7370  min_dist=5.11  mean_dist=30.59
  [sigreg+proto] epoch 5/5  sigreg=0.5913  proto=9.8568  min_dist=5.13  mean_dist=30.57
  round 1: pool=455 purity=0.152 k-hat=12 anchors=12  margin=0.6823  mean-anchor=0.8689  
  [sigreg+proto] epoch 1/5  sigreg=0.6618  proto=13.0845  min_dist=5.16  mean_dist=31.53
  [sigreg+proto] epoch 2/5  sigreg=0.6188  proto=10.9679  min_dist=5.19  mean_dist=31.51
  [sigreg+proto] epoch 3/5  sigreg=0.5728  proto=8.2282  min_dist=5.21  mean_dist=31.49
  [sigreg+proto] epoch 4/5  sigreg=0.5881  proto=8.8649  min_dist=5.24  mean_dist=31.47
  [sigreg+proto] epoch 5/5  sigreg=0.5914  proto=8.7301  min_dist=5.27  mean_dist=31.45
  round 2: pool=413 purity=0.065 k-hat=12 anchors=24  margin=0.6701  mean-anchor=0.8776  
    post-spk f=0.05: power=0.540 [0.460,0.618] (27/50)
    post-maha f=0.05: power=0.700 [0.622,0.769] (35/50)
    post-mmd f=0.05: power=0.260 [0.194,0.336] (13/50)
  [cars_dino] post f=0.05: perevent=0.235  sparker=0.540  maha=0.700  mmd=0.260

######## [cars_lejepa] discovery on supcon-ft->resnplm concat ########
Fetching 37 files:   0%|          | 0/37 [00:00<?, ?it/s]Fetching 37 files: 100%|██████████| 37/37 [00:00<00:00, 292258.47it/s]
Fetching 37 files:   0%|          | 0/37 [00:00<?, ?it/s]Fetching 37 files: 100%|██████████| 37/37 [00:00<00:00, 21997.06it/s]
  [sigreg+proto] epoch 1/5  sigreg=0.5704  proto=1.5245  min_dist=1.24  mean_dist=5.36
  [sigreg+proto] epoch 2/5  sigreg=0.5267  proto=1.2793  min_dist=1.44  mean_dist=5.52
  [sigreg+proto] epoch 3/5  sigreg=0.4989  proto=1.2549  min_dist=1.57  mean_dist=5.69
  [sigreg+proto] epoch 4/5  sigreg=0.4821  proto=1.1351  min_dist=1.69  mean_dist=5.85
  [sigreg+proto] epoch 5/5  sigreg=0.4586  proto=1.0741  min_dist=1.81  mean_dist=6.01
  round 1: pool=431 purity=0.104 k-hat=3 anchors=3  margin=0.6324  mean-anchor=0.5749  
  [sigreg+proto] epoch 1/5  sigreg=0.4537  proto=1.2352  min_dist=1.98  mean_dist=6.23
  [sigreg+proto] epoch 2/5  sigreg=0.4525  proto=1.1077  min_dist=2.14  mean_dist=6.43
  [sigreg+proto] epoch 3/5  sigreg=0.4475  proto=1.0432  min_dist=2.29  mean_dist=6.62
  [sigreg+proto] epoch 4/5  sigreg=0.4366  proto=0.8602  min_dist=2.43  mean_dist=6.81
  [sigreg+proto] epoch 5/5  sigreg=0.4257  proto=0.9921  min_dist=2.55  mean_dist=6.99
  round 2: pool=412 purity=0.063 k-hat=3 anchors=6  margin=0.6448  mean-anchor=0.7321  
  [cars_lejepa] supcon-ft->resnplm concat: probe 0.7793+-0.0010 -> 0.7865+-0.0031  eucl 0.6084 -> 0.6569  mahaT 0.5144 -> 0.5340
          round 1: purity=0.104 anchors=3  margin=0.6324
          round 2: purity=0.063 anchors=6  margin=0.6448
  [sigreg+proto] epoch 1/5  sigreg=0.5704  proto=1.5285  min_dist=1.24  mean_dist=5.37
  [sigreg+proto] epoch 2/5  sigreg=0.5265  proto=1.3112  min_dist=1.44  mean_dist=5.53
  [sigreg+proto] epoch 3/5  sigreg=0.4990  proto=1.2518  min_dist=1.57  mean_dist=5.70
  [sigreg+proto] epoch 4/5  sigreg=0.4810  proto=1.1339  min_dist=1.69  mean_dist=5.86
  [sigreg+proto] epoch 5/5  sigreg=0.4583  proto=1.0208  min_dist=1.81  mean_dist=6.02
  round 1: pool=390 purity=0.010 k-hat=3 anchors=3  margin=0.6069  mean-anchor=0.5572  
  [sigreg+proto] epoch 1/5  sigreg=0.4547  proto=1.2669  min_dist=1.97  mean_dist=6.23
  [sigreg+proto] epoch 2/5  sigreg=0.4551  proto=1.1264  min_dist=2.11  mean_dist=6.41
  [sigreg+proto] epoch 3/5  sigreg=0.4482  proto=1.1304  min_dist=2.25  mean_dist=6.59
  [sigreg+proto] epoch 4/5  sigreg=0.4439  proto=0.9848  min_dist=2.38  mean_dist=6.77
  [sigreg+proto] epoch 5/5  sigreg=0.4335  proto=1.0072  min_dist=2.50  mean_dist=6.93
  round 2: pool=388 purity=0.005 k-hat=3 anchors=6  margin=0.5811  mean-anchor=0.6202  
    post-spk f=0.003: power=0.200 [0.141,0.273] (10/50)
    post-maha f=0.003: power=0.080 [0.042,0.138] (4/50)
    post-mmd f=0.003: power=0.040 [0.014,0.090] (2/50)
  [cars_lejepa] post f=0.003: perevent=0.059  sparker=0.200  maha=0.080  mmd=0.040
  [sigreg+proto] epoch 1/5  sigreg=0.5647  proto=1.4405  min_dist=1.24  mean_dist=5.37
  [sigreg+proto] epoch 2/5  sigreg=0.5175  proto=1.2882  min_dist=1.44  mean_dist=5.53
  [sigreg+proto] epoch 3/5  sigreg=0.4886  proto=1.2557  min_dist=1.57  mean_dist=5.70
  [sigreg+proto] epoch 4/5  sigreg=0.4767  proto=1.1479  min_dist=1.71  mean_dist=5.86
  [sigreg+proto] epoch 5/5  sigreg=0.4587  proto=1.0413  min_dist=1.84  mean_dist=6.02
  round 1: pool=397 purity=0.028 k-hat=3 anchors=3  margin=0.6067  mean-anchor=0.5688  
  [sigreg+proto] epoch 1/5  sigreg=0.4541  proto=1.1441  min_dist=1.99  mean_dist=6.22
  [sigreg+proto] epoch 2/5  sigreg=0.4455  proto=1.1128  min_dist=2.14  mean_dist=6.40
  [sigreg+proto] epoch 3/5  sigreg=0.4426  proto=1.0003  min_dist=2.29  mean_dist=6.58
  [sigreg+proto] epoch 4/5  sigreg=0.4372  proto=0.8704  min_dist=2.41  mean_dist=6.76
  [sigreg+proto] epoch 5/5  sigreg=0.4300  proto=0.8549  min_dist=2.48  mean_dist=6.93
  round 2: pool=391 purity=0.013 k-hat=3 anchors=6  margin=0.5835  mean-anchor=0.6593  
    post-spk f=0.01: power=0.040 [0.014,0.090] (2/50)
    post-maha f=0.01: power=0.200 [0.141,0.273] (10/50)
    post-mmd f=0.01: power=0.100 [0.058,0.162] (5/50)
  [cars_lejepa] post f=0.01: perevent=0.049  sparker=0.040  maha=0.200  mmd=0.100
  [sigreg+proto] epoch 1/5  sigreg=0.5652  proto=1.4613  min_dist=1.25  mean_dist=5.37
  [sigreg+proto] epoch 2/5  sigreg=0.5199  proto=1.2989  min_dist=1.43  mean_dist=5.53
  [sigreg+proto] epoch 3/5  sigreg=0.4953  proto=1.1044  min_dist=1.56  mean_dist=5.70
  [sigreg+proto] epoch 4/5  sigreg=0.4731  proto=1.0633  min_dist=1.68  mean_dist=5.86
  [sigreg+proto] epoch 5/5  sigreg=0.4616  proto=0.9450  min_dist=1.80  mean_dist=6.02
  round 1: pool=406 purity=0.049 k-hat=3 anchors=3  margin=0.6246  mean-anchor=0.5839  
  [sigreg+proto] epoch 1/5  sigreg=0.4489  proto=1.1834  min_dist=1.95  mean_dist=6.25
  [sigreg+proto] epoch 2/5  sigreg=0.4546  proto=1.1002  min_dist=2.11  mean_dist=6.43
  [sigreg+proto] epoch 3/5  sigreg=0.4462  proto=1.0419  min_dist=2.25  mean_dist=6.61
  [sigreg+proto] epoch 4/5  sigreg=0.4390  proto=1.0408  min_dist=2.38  mean_dist=6.78
  [sigreg+proto] epoch 5/5  sigreg=0.4336  proto=0.9503  min_dist=2.52  mean_dist=6.95
  round 2: pool=401 purity=0.037 k-hat=5 anchors=8  margin=0.6236  mean-anchor=0.7364  
    post-spk f=0.02: power=0.140 [0.090,0.207] (7/50)
    post-maha f=0.02: power=0.160 [0.107,0.229] (8/50)
    post-mmd f=0.02: power=0.140 [0.090,0.207] (7/50)
  [cars_lejepa] post f=0.02: perevent=0.085  sparker=0.140  maha=0.160  mmd=0.140
  [sigreg+proto] epoch 1/5  sigreg=0.5672  proto=1.3905  min_dist=1.24  mean_dist=5.37
  [sigreg+proto] epoch 2/5  sigreg=0.5231  proto=1.2848  min_dist=1.43  mean_dist=5.53
  [sigreg+proto] epoch 3/5  sigreg=0.4958  proto=1.2151  min_dist=1.56  mean_dist=5.70
  [sigreg+proto] epoch 4/5  sigreg=0.4717  proto=1.1724  min_dist=1.68  mean_dist=5.86
  [sigreg+proto] epoch 5/5  sigreg=0.4600  proto=1.1277  min_dist=1.80  mean_dist=6.02
  round 1: pool=427 purity=0.096 k-hat=3 anchors=3  margin=0.6299  mean-anchor=0.5668  
  [sigreg+proto] epoch 1/5  sigreg=0.4565  proto=1.2105  min_dist=1.95  mean_dist=6.21
  [sigreg+proto] epoch 2/5  sigreg=0.4518  proto=1.1045  min_dist=2.10  mean_dist=6.39
  [sigreg+proto] epoch 3/5  sigreg=0.4443  proto=0.9838  min_dist=2.24  mean_dist=6.57
  [sigreg+proto] epoch 4/5  sigreg=0.4398  proto=0.8996  min_dist=2.38  mean_dist=6.75
  [sigreg+proto] epoch 5/5  sigreg=0.4289  proto=0.9501  min_dist=2.43  mean_dist=6.92
  round 2: pool=411 purity=0.061 k-hat=3 anchors=6  margin=0.6988  mean-anchor=0.8422  
    post-spk f=0.05: power=0.300 [0.231,0.378] (15/50)
    post-maha f=0.05: power=0.480 [0.401,0.560] (24/50)
    post-mmd f=0.05: power=0.260 [0.194,0.336] (13/50)
  [cars_lejepa] post f=0.05: perevent=0.131  sparker=0.300  maha=0.480  mmd=0.260

######## [cars_visreg] discovery on supcon-ft->resnplm concat ########
  [sigreg+proto] epoch 1/5  sigreg=0.2619  proto=5.7809  min_dist=3.52  mean_dist=24.50
  [sigreg+proto] epoch 2/5  sigreg=0.3217  proto=4.1732  min_dist=3.54  mean_dist=24.47
  [sigreg+proto] epoch 3/5  sigreg=0.3670  proto=3.6397  min_dist=3.55  mean_dist=24.44
  [sigreg+proto] epoch 4/5  sigreg=0.3626  proto=3.1146  min_dist=3.53  mean_dist=24.42
  [sigreg+proto] epoch 5/5  sigreg=0.3638  proto=2.5153  min_dist=3.53  mean_dist=24.40
  round 1: pool=523 purity=0.262 k-hat=12 anchors=12  margin=0.8284  mean-anchor=0.9298  
  [sigreg+proto] epoch 1/5  sigreg=0.3287  proto=3.9110  min_dist=3.56  mean_dist=24.13
  [sigreg+proto] epoch 2/5  sigreg=0.3457  proto=3.2295  min_dist=3.57  mean_dist=24.10
  [sigreg+proto] epoch 3/5  sigreg=0.3377  proto=2.6969  min_dist=3.58  mean_dist=24.08
  [sigreg+proto] epoch 4/5  sigreg=0.3311  proto=2.3070  min_dist=3.60  mean_dist=24.06
  [sigreg+proto] epoch 5/5  sigreg=0.3325  proto=1.9592  min_dist=3.61  mean_dist=24.04
  round 2: pool=415 purity=0.070 k-hat=11 anchors=23  margin=0.7997  mean-anchor=0.9396  
  [cars_visreg] supcon-ft->resnplm concat: probe 0.8545+-0.0135 -> 0.8509+-0.0052  eucl 0.7466 -> 0.7216  mahaT 0.6779 -> 0.6730
          round 1: purity=0.262 anchors=12  margin=0.8284
          round 2: purity=0.070 anchors=23  margin=0.7997
  [sigreg+proto] epoch 1/5  sigreg=0.2595  proto=5.6533  min_dist=3.52  mean_dist=24.47
  [sigreg+proto] epoch 2/5  sigreg=0.3267  proto=4.8186  min_dist=3.56  mean_dist=24.44
  [sigreg+proto] epoch 3/5  sigreg=0.3699  proto=4.0468  min_dist=3.57  mean_dist=24.42
  [sigreg+proto] epoch 4/5  sigreg=0.3755  proto=3.2945  min_dist=3.55  mean_dist=24.39
  [sigreg+proto] epoch 5/5  sigreg=0.3677  proto=2.8284  min_dist=3.54  mean_dist=24.37
  round 1: pool=394 purity=0.020 k-hat=12 anchors=12  margin=0.7489  mean-anchor=0.9149  
  [sigreg+proto] epoch 1/5  sigreg=0.3336  proto=4.0674  min_dist=3.60  mean_dist=24.06
  [sigreg+proto] epoch 2/5  sigreg=0.3575  proto=3.3320  min_dist=3.61  mean_dist=24.04
  [sigreg+proto] epoch 3/5  sigreg=0.3550  proto=3.2201  min_dist=3.62  mean_dist=24.02
  [sigreg+proto] epoch 4/5  sigreg=0.3520  proto=2.7122  min_dist=3.64  mean_dist=24.00
  [sigreg+proto] epoch 5/5  sigreg=0.3405  proto=2.0219  min_dist=3.66  mean_dist=23.98
  round 2: pool=390 purity=0.010 k-hat=11 anchors=23  margin=0.7821  mean-anchor=0.9237  
    post-spk f=0.003: power=0.080 [0.042,0.138] (4/50)
    post-maha f=0.003: power=0.140 [0.090,0.207] (7/50)
    post-mmd f=0.003: power=0.000 [0.000,0.036] (0/50)
  [cars_visreg] post f=0.003: perevent=0.237  sparker=0.080  maha=0.140  mmd=0.000
  [sigreg+proto] epoch 1/5  sigreg=0.2374  proto=5.6750  min_dist=3.51  mean_dist=24.48
  [sigreg+proto] epoch 2/5  sigreg=0.3220  proto=4.3586  min_dist=3.49  mean_dist=24.45
  [sigreg+proto] epoch 3/5  sigreg=0.3398  proto=3.7466  min_dist=3.48  mean_dist=24.43
  [sigreg+proto] epoch 4/5  sigreg=0.3501  proto=3.2153  min_dist=3.48  mean_dist=24.41
  [sigreg+proto] epoch 5/5  sigreg=0.3598  proto=2.6212  min_dist=3.48  mean_dist=24.38
  round 1: pool=412 purity=0.063 k-hat=12 anchors=12  margin=0.7634  mean-anchor=0.9025  
  [sigreg+proto] epoch 1/5  sigreg=0.3378  proto=4.2203  min_dist=3.54  mean_dist=24.12
  [sigreg+proto] epoch 2/5  sigreg=0.3485  proto=3.4882  min_dist=3.58  mean_dist=24.10
  [sigreg+proto] epoch 3/5  sigreg=0.3467  proto=3.0707  min_dist=3.60  mean_dist=24.08
  [sigreg+proto] epoch 4/5  sigreg=0.3426  proto=2.7376  min_dist=3.62  mean_dist=24.06
  [sigreg+proto] epoch 5/5  sigreg=0.3423  proto=2.4439  min_dist=3.64  mean_dist=24.04
  round 2: pool=395 purity=0.023 k-hat=11 anchors=23  margin=0.7693  mean-anchor=0.9099  
    post-spk f=0.01: power=0.100 [0.058,0.162] (5/50)
    post-maha f=0.01: power=0.320 [0.249,0.399] (16/50)
    post-mmd f=0.01: power=0.100 [0.058,0.162] (5/50)
  [cars_visreg] post f=0.01: perevent=0.225  sparker=0.100  maha=0.320  mmd=0.100
  [sigreg+proto] epoch 1/5  sigreg=0.2533  proto=5.1526  min_dist=3.59  mean_dist=24.48
  [sigreg+proto] epoch 2/5  sigreg=0.2977  proto=4.8290  min_dist=3.62  mean_dist=24.46
  [sigreg+proto] epoch 3/5  sigreg=0.3471  proto=3.6744  min_dist=3.64  mean_dist=24.43
  [sigreg+proto] epoch 4/5  sigreg=0.3711  proto=3.0468  min_dist=3.65  mean_dist=24.41
  [sigreg+proto] epoch 5/5  sigreg=0.3788  proto=2.8224  min_dist=3.66  mean_dist=24.38
  round 1: pool=437 purity=0.117 k-hat=12 anchors=12  margin=0.7962  mean-anchor=0.9104  
  [sigreg+proto] epoch 1/5  sigreg=0.3460  proto=4.1814  min_dist=3.68  mean_dist=24.08
  [sigreg+proto] epoch 2/5  sigreg=0.3626  proto=3.4556  min_dist=3.67  mean_dist=24.06
  [sigreg+proto] epoch 3/5  sigreg=0.3676  proto=3.1355  min_dist=3.68  mean_dist=24.05
  [sigreg+proto] epoch 4/5  sigreg=0.3435  proto=2.2998  min_dist=3.68  mean_dist=24.02
  [sigreg+proto] epoch 5/5  sigreg=0.3331  proto=2.1955  min_dist=3.69  mean_dist=24.01
  round 2: pool=401 purity=0.037 k-hat=11 anchors=23  margin=0.7977  mean-anchor=0.9324  
    post-spk f=0.02: power=0.280 [0.213,0.357] (14/50)
    post-maha f=0.02: power=0.240 [0.177,0.315] (12/50)
    post-mmd f=0.02: power=0.160 [0.107,0.229] (8/50)
  [cars_visreg] post f=0.02: perevent=0.286  sparker=0.280  maha=0.240  mmd=0.160
  [sigreg+proto] epoch 1/5  sigreg=0.2474  proto=5.9893  min_dist=3.52  mean_dist=24.49
  [sigreg+proto] epoch 2/5  sigreg=0.3076  proto=4.3029  min_dist=3.54  mean_dist=24.46
  [sigreg+proto] epoch 3/5  sigreg=0.3394  proto=3.6424  min_dist=3.56  mean_dist=24.44
  [sigreg+proto] epoch 4/5  sigreg=0.3449  proto=3.1828  min_dist=3.57  mean_dist=24.41
  [sigreg+proto] epoch 5/5  sigreg=0.3611  proto=2.7863  min_dist=3.58  mean_dist=24.39
  round 1: pool=515 purity=0.250 k-hat=12 anchors=12  margin=0.8344  mean-anchor=0.9300  
  [sigreg+proto] epoch 1/5  sigreg=0.3416  proto=3.8177  min_dist=3.59  mean_dist=24.02
  [sigreg+proto] epoch 2/5  sigreg=0.3333  proto=3.0725  min_dist=3.61  mean_dist=24.00
  [sigreg+proto] epoch 3/5  sigreg=0.3443  proto=2.4143  min_dist=3.61  mean_dist=23.98
  [sigreg+proto] epoch 4/5  sigreg=0.3275  proto=2.5269  min_dist=3.62  mean_dist=23.95
Using cache found in /home/pharris/.cache/torch/hub/facebookresearch_dino_main
Using cache found in /home/pharris/.cache/torch/hub/facebookresearch_dino_main
  [sigreg+proto] epoch 5/5  sigreg=0.3207  proto=2.1166  min_dist=3.62  mean_dist=23.93
  round 2: pool=409 purity=0.056 k-hat=12 anchors=24  margin=0.8144  mean-anchor=0.9438  
    post-spk f=0.05: power=0.720 [0.643,0.787] (36/50)
    post-maha f=0.05: power=0.860 [0.793,0.910] (43/50)
    post-mmd f=0.05: power=0.440 [0.362,0.520] (22/50)
  [cars_visreg] post f=0.05: perevent=0.272  sparker=0.720  maha=0.860  mmd=0.440

######## [flowers_dino] discovery on supcon-ft->resnplm concat ########
  [sigreg+proto] epoch 1/5  sigreg=0.4509  proto=2.1000  min_dist=2.17  mean_dist=19.00
  [sigreg+proto] epoch 2/5  sigreg=0.5373  proto=3.4511  min_dist=2.23  mean_dist=19.01
  [sigreg+proto] epoch 3/5  sigreg=0.5478  proto=2.0236  min_dist=2.28  mean_dist=19.02
  [sigreg+proto] epoch 4/5  sigreg=0.5218  proto=1.8509  min_dist=2.30  mean_dist=19.03
  [sigreg+proto] epoch 5/5  sigreg=0.5118  proto=1.6944  min_dist=2.31  mean_dist=19.04
  round 1: pool=235 purity=0.609 k-hat=9 anchors=9  margin=0.9456  mean-anchor=0.9150  
  [sigreg+proto] epoch 1/5  sigreg=0.5172  proto=2.6070  min_dist=2.37  mean_dist=19.29
  [sigreg+proto] epoch 2/5  sigreg=0.5634  proto=2.7418  min_dist=2.43  mean_dist=19.30
  [sigreg+proto] epoch 3/5  sigreg=0.5628  proto=2.6171  min_dist=2.48  mean_dist=19.31
  [sigreg+proto] epoch 4/5  sigreg=0.5719  proto=4.1863  min_dist=2.51  mean_dist=19.33
  [sigreg+proto] epoch 5/5  sigreg=0.5716  proto=2.0158  min_dist=2.53  mean_dist=19.34
  round 2: pool=121 purity=0.240 k-hat=8 anchors=17  margin=0.9308  mean-anchor=0.9026  
  [flowers_dino] supcon-ft->resnplm concat: probe 0.8852+-0.0037 -> 0.9061+-0.0044  eucl 0.8966 -> 0.8965  mahaT 0.8429 -> 0.8525
          round 1: purity=0.609 anchors=9  margin=0.9456
          round 2: purity=0.240 anchors=17  margin=0.9308
  [sigreg+proto] epoch 1/5  sigreg=0.4620  proto=0.6987  min_dist=2.13  mean_dist=19.59
  [sigreg+proto] epoch 2/5  sigreg=0.5127  proto=2.2183  min_dist=2.12  mean_dist=19.60
  [sigreg+proto] epoch 3/5  sigreg=0.5096  proto=1.7106  min_dist=2.12  mean_dist=19.62
  [sigreg+proto] epoch 4/5  sigreg=0.5109  proto=3.5451  min_dist=2.13  mean_dist=19.63
  [sigreg+proto] epoch 5/5  sigreg=0.5567  proto=2.0127  min_dist=2.14  mean_dist=19.64
  round 1: pool=97 purity=0.052 k-hat=12 anchors=12  margin=0.9065  mean-anchor=0.8213  
  [sigreg+proto] epoch 1/5  sigreg=0.5487  proto=1.9429  min_dist=2.19  mean_dist=20.01
  [sigreg+proto] epoch 2/5  sigreg=0.5699  proto=4.2765  min_dist=2.21  mean_dist=20.02
  [sigreg+proto] epoch 3/5  sigreg=0.5362  proto=1.0505  min_dist=2.21  mean_dist=20.03
  [sigreg+proto] epoch 4/5  sigreg=0.5687  proto=2.3780  min_dist=2.21  mean_dist=20.05
  [sigreg+proto] epoch 5/5  sigreg=0.6080  proto=5.1460  min_dist=2.23  mean_dist=20.06
  round 2: pool=94 purity=0.021 k-hat=6 anchors=18  margin=0.8742  mean-anchor=0.7952  
    post-spk f=0.003: power=0.080 [0.042,0.138] (4/50)
    post-maha f=0.003: power=0.100 [0.058,0.162] (5/50)
    post-mmd f=0.003: power=0.160 [0.107,0.229] (8/50)
  [flowers_dino] post f=0.003: perevent=0.272  sparker=0.080  maha=0.100  mmd=0.160
  [sigreg+proto] epoch 1/5  sigreg=0.4686  proto=2.1137  min_dist=2.15  mean_dist=19.44
  [sigreg+proto] epoch 2/5  sigreg=0.4865  proto=1.3363  min_dist=2.15  mean_dist=19.46
  [sigreg+proto] epoch 3/5  sigreg=0.4812  proto=1.6903  min_dist=2.15  mean_dist=19.47
  [sigreg+proto] epoch 4/5  sigreg=0.5159  proto=1.5705  min_dist=2.17  mean_dist=19.48
  [sigreg+proto] epoch 5/5  sigreg=0.5040  proto=1.7037  min_dist=2.19  mean_dist=19.50
  round 1: pool=106 purity=0.132 k-hat=10 anchors=10  margin=0.9138  mean-anchor=0.8211  
  [sigreg+proto] epoch 1/5  sigreg=0.5607  proto=3.8395  min_dist=2.25  mean_dist=19.84
  [sigreg+proto] epoch 2/5  sigreg=0.5779  proto=3.2306  min_dist=2.28  mean_dist=19.85
  [sigreg+proto] epoch 3/5  sigreg=0.6101  proto=2.5343  min_dist=2.31  mean_dist=19.86
  [sigreg+proto] epoch 4/5  sigreg=0.5935  proto=3.1974  min_dist=2.35  mean_dist=19.87
  [sigreg+proto] epoch 5/5  sigreg=0.6050  proto=1.9004  min_dist=2.39  mean_dist=19.88
  round 2: pool=95 purity=0.032 k-hat=10 anchors=20  margin=0.8994  mean-anchor=0.8264  
    post-spk f=0.01: power=0.020 [0.003,0.064] (1/50)
    post-maha f=0.01: power=0.300 [0.231,0.378] (15/50)
    post-mmd f=0.01: power=0.060 [0.028,0.115] (3/50)
  [flowers_dino] post f=0.01: perevent=0.329  sparker=0.020  maha=0.300  mmd=0.060
  [sigreg+proto] epoch 1/5  sigreg=0.4717  proto=1.8132  min_dist=2.17  mean_dist=19.44
  [sigreg+proto] epoch 2/5  sigreg=0.5112  proto=2.7125  min_dist=2.20  mean_dist=19.45
  [sigreg+proto] epoch 3/5  sigreg=0.5256  proto=2.3732  min_dist=2.22  mean_dist=19.47
  [sigreg+proto] epoch 4/5  sigreg=0.5169  proto=1.5163  min_dist=2.25  mean_dist=19.48
  [sigreg+proto] epoch 5/5  sigreg=0.5279  proto=1.7123  min_dist=2.27  mean_dist=19.49
  round 1: pool=117 purity=0.214 k-hat=9 anchors=9  margin=0.9251  mean-anchor=0.8027  
  [sigreg+proto] epoch 1/5  sigreg=0.5098  proto=5.1976  min_dist=2.34  mean_dist=20.11
  [sigreg+proto] epoch 2/5  sigreg=0.6123  proto=5.5794  min_dist=2.40  mean_dist=20.12
  [sigreg+proto] epoch 3/5  sigreg=0.6617  proto=4.5883  min_dist=2.44  mean_dist=20.13
  [sigreg+proto] epoch 4/5  sigreg=0.6221  proto=2.9366  min_dist=2.48  mean_dist=20.13
  [sigreg+proto] epoch 5/5  sigreg=0.6040  proto=1.6815  min_dist=2.51  mean_dist=20.14
  round 2: pool=107 purity=0.140 k-hat=9 anchors=18  margin=0.8847  mean-anchor=0.8221  
    post-spk f=0.02: power=0.080 [0.042,0.138] (4/50)
    post-maha f=0.02: power=0.320 [0.249,0.399] (16/50)
    post-mmd f=0.02: power=0.140 [0.090,0.207] (7/50)
  [flowers_dino] post f=0.02: perevent=0.396  sparker=0.080  maha=0.320  mmd=0.140
  [sigreg+proto] epoch 1/5  sigreg=0.4747  proto=5.2235  min_dist=2.16  mean_dist=19.35
  [sigreg+proto] epoch 2/5  sigreg=0.5463  proto=1.4761  min_dist=2.20  mean_dist=19.36
  [sigreg+proto] epoch 3/5  sigreg=0.5826  proto=2.5908  min_dist=2.21  mean_dist=19.38
  [sigreg+proto] epoch 4/5  sigreg=0.6080  proto=2.6223  min_dist=2.22  mean_dist=19.39
  [sigreg+proto] epoch 5/5  sigreg=0.5788  proto=2.5734  min_dist=2.23  mean_dist=19.40
  round 1: pool=167 purity=0.449 k-hat=9 anchors=9  margin=0.9159  mean-anchor=0.8317  
  [sigreg+proto] epoch 1/5  sigreg=0.5976  proto=4.1276  min_dist=2.30  mean_dist=20.13
  [sigreg+proto] epoch 2/5  sigreg=0.5882  proto=3.0604  min_dist=2.35  mean_dist=20.14
  [sigreg+proto] epoch 3/5  sigreg=0.6263  proto=3.1987  min_dist=2.38  mean_dist=20.15
  [sigreg+proto] epoch 4/5  sigreg=0.6088  proto=1.3875  min_dist=2.41  mean_dist=20.16
  [sigreg+proto] epoch 5/5  sigreg=0.6425  proto=5.0979  min_dist=2.43  mean_dist=20.18
  round 2: pool=113 purity=0.186 k-hat=10 anchors=19  margin=0.9185  mean-anchor=0.8259  
    post-spk f=0.05: power=0.260 [0.194,0.336] (13/50)
    post-maha f=0.05: power=0.940 [0.885,0.972] (47/50)
    post-mmd f=0.05: power=0.500 [0.421,0.579] (25/50)
  [flowers_dino] post f=0.05: perevent=0.536  sparker=0.260  maha=0.940  mmd=0.500

######## [flowers_lejepa] discovery on ss-ft->res concat ########
Fetching 37 files:   0%|          | 0/37 [00:00<?, ?it/s]Fetching 37 files: 100%|██████████| 37/37 [00:00<00:00, 102300.10it/s]
Fetching 37 files:   0%|          | 0/37 [00:00<?, ?it/s]Fetching 37 files: 100%|██████████| 37/37 [00:00<00:00, 24822.34it/s]
  [sigreg+proto] epoch 1/5  sigreg=0.3652  proto=1.4766  min_dist=5.01  mean_dist=16.85
  [sigreg+proto] epoch 2/5  sigreg=0.3623  proto=1.8498  min_dist=5.02  mean_dist=16.86
  [sigreg+proto] epoch 3/5  sigreg=0.3970  proto=1.4105  min_dist=5.03  mean_dist=16.86
  [sigreg+proto] epoch 4/5  sigreg=0.4176  proto=1.0013  min_dist=5.03  mean_dist=16.86
  [sigreg+proto] epoch 5/5  sigreg=0.4236  proto=0.9365  min_dist=5.04  mean_dist=16.87
  round 1: pool=164 purity=0.439 k-hat=6 anchors=6  margin=0.9148  mean-anchor=0.9164  
  [sigreg+proto] epoch 1/5  sigreg=0.4088  proto=1.4824  min_dist=5.05  mean_dist=16.61
  [sigreg+proto] epoch 2/5  sigreg=0.4367  proto=1.0396  min_dist=5.06  mean_dist=16.62
  [sigreg+proto] epoch 3/5  sigreg=0.4321  proto=1.3652  min_dist=5.07  mean_dist=16.63
  [sigreg+proto] epoch 4/5  sigreg=0.4166  proto=1.1198  min_dist=5.08  mean_dist=16.64
  [sigreg+proto] epoch 5/5  sigreg=0.4423  proto=0.7769  min_dist=5.09  mean_dist=16.64
  round 2: pool=137 purity=0.328 k-hat=5 anchors=11  margin=0.9222  mean-anchor=0.9382  
  [flowers_lejepa] ss-ft->res concat: probe 0.8132+-0.0131 -> 0.8127+-0.0021  eucl 0.8435 -> 0.8565  mahaT 0.8861 -> 0.8817
          round 1: purity=0.439 anchors=6  margin=0.9148
          round 2: purity=0.328 anchors=11  margin=0.9222
  [sigreg+proto] epoch 1/5  sigreg=0.3443  proto=1.6603  min_dist=5.01  mean_dist=16.92
  [sigreg+proto] epoch 2/5  sigreg=0.3824  proto=1.8376  min_dist=5.01  mean_dist=16.92
  [sigreg+proto] epoch 3/5  sigreg=0.4250  proto=0.8281  min_dist=5.02  mean_dist=16.92
  [sigreg+proto] epoch 4/5  sigreg=0.4275  proto=0.9960  min_dist=5.03  mean_dist=16.92
  [sigreg+proto] epoch 5/5  sigreg=0.4502  proto=0.5238  min_dist=5.04  mean_dist=16.92
  round 1: pool=94 purity=0.021 k-hat=4 anchors=4  margin=0.8569  mean-anchor=0.8042  
  [sigreg+proto] epoch 1/5  sigreg=0.4279  proto=0.9075  min_dist=5.05  mean_dist=16.78
  [sigreg+proto] epoch 2/5  sigreg=0.4214  proto=1.2391  min_dist=5.06  mean_dist=16.79
  [sigreg+proto] epoch 3/5  sigreg=0.4213  proto=0.7942  min_dist=5.07  mean_dist=16.80
  [sigreg+proto] epoch 4/5  sigreg=0.4260  proto=1.1145  min_dist=5.08  mean_dist=16.80
  [sigreg+proto] epoch 5/5  sigreg=0.4538  proto=0.8420  min_dist=5.08  mean_dist=16.81
  round 2: pool=95 purity=0.032 k-hat=2 anchors=6  margin=0.8376  mean-anchor=0.7947  
    post-spk f=0.003: power=0.160 [0.107,0.229] (8/50)
    post-maha f=0.003: power=0.080 [0.042,0.138] (4/50)
    post-mmd f=0.003: power=0.120 [0.074,0.184] (6/50)
  [flowers_lejepa] post f=0.003: perevent=0.268  sparker=0.160  maha=0.080  mmd=0.120
  [sigreg+proto] epoch 1/5  sigreg=0.3411  proto=1.7285  min_dist=5.01  mean_dist=16.94
  [sigreg+proto] epoch 2/5  sigreg=0.3681  proto=2.0805  min_dist=5.02  mean_dist=16.94
  [sigreg+proto] epoch 3/5  sigreg=0.4110  proto=0.9826  min_dist=5.03  mean_dist=16.94
  [sigreg+proto] epoch 4/5  sigreg=0.4220  proto=0.4924  min_dist=5.03  mean_dist=16.94
  [sigreg+proto] epoch 5/5  sigreg=0.4271  proto=0.7130  min_dist=5.04  mean_dist=16.94
  round 1: pool=98 purity=0.061 k-hat=3 anchors=3  margin=0.8783  mean-anchor=0.8288  
  [sigreg+proto] epoch 1/5  sigreg=0.4356  proto=1.3752  min_dist=5.05  mean_dist=16.74
  [sigreg+proto] epoch 2/5  sigreg=0.4590  proto=1.2630  min_dist=5.06  mean_dist=16.75
  [sigreg+proto] epoch 3/5  sigreg=0.4371  proto=1.3191  min_dist=5.07  mean_dist=16.76
  [sigreg+proto] epoch 4/5  sigreg=0.4523  proto=0.9109  min_dist=5.08  mean_dist=16.76
  [sigreg+proto] epoch 5/5  sigreg=0.4475  proto=0.9834  min_dist=5.09  mean_dist=16.76
  round 2: pool=99 purity=0.071 k-hat=3 anchors=6  margin=0.8816  mean-anchor=0.8288  
    post-spk f=0.01: power=0.020 [0.003,0.064] (1/50)
    post-maha f=0.01: power=0.160 [0.107,0.229] (8/50)
    post-mmd f=0.01: power=0.060 [0.028,0.115] (3/50)
  [flowers_lejepa] post f=0.01: perevent=0.361  sparker=0.020  maha=0.160  mmd=0.060
  [sigreg+proto] epoch 1/5  sigreg=0.3433  proto=1.7654  min_dist=5.01  mean_dist=16.90
  [sigreg+proto] epoch 2/5  sigreg=0.4000  proto=1.1792  min_dist=5.02  mean_dist=16.90
  [sigreg+proto] epoch 3/5  sigreg=0.3889  proto=1.0610  min_dist=5.03  mean_dist=16.91
  [sigreg+proto] epoch 4/5  sigreg=0.4186  proto=0.9934  min_dist=5.03  mean_dist=16.91
  [sigreg+proto] epoch 5/5  sigreg=0.4511  proto=0.5728  min_dist=5.04  mean_dist=16.91
  round 1: pool=104 purity=0.115 k-hat=4 anchors=4  margin=0.8915  mean-anchor=0.8628  
  [sigreg+proto] epoch 1/5  sigreg=0.4115  proto=0.8314  min_dist=4.97  mean_dist=16.78
  [sigreg+proto] epoch 2/5  sigreg=0.4111  proto=1.6174  min_dist=4.97  mean_dist=16.79
  [sigreg+proto] epoch 3/5  sigreg=0.4362  proto=1.1673  min_dist=4.97  mean_dist=16.79
  [sigreg+proto] epoch 4/5  sigreg=0.4530  proto=0.8849  min_dist=4.97  mean_dist=16.80
  [sigreg+proto] epoch 5/5  sigreg=0.4419  proto=0.9798  min_dist=4.98  mean_dist=16.80
  round 2: pool=100 purity=0.080 k-hat=2 anchors=6  margin=0.8919  mean-anchor=0.8871  
    post-spk f=0.02: power=0.020 [0.003,0.064] (1/50)
    post-maha f=0.02: power=0.220 [0.159,0.294] (11/50)
    post-mmd f=0.02: power=0.100 [0.058,0.162] (5/50)
  [flowers_lejepa] post f=0.02: perevent=0.369  sparker=0.020  maha=0.220  mmd=0.100
  [sigreg+proto] epoch 1/5  sigreg=0.3333  proto=1.4845  min_dist=5.01  mean_dist=16.90
  [sigreg+proto] epoch 2/5  sigreg=0.3735  proto=1.7553  min_dist=5.02  mean_dist=16.91
  [sigreg+proto] epoch 3/5  sigreg=0.3908  proto=1.1251  min_dist=5.03  mean_dist=16.91
  [sigreg+proto] epoch 4/5  sigreg=0.4257  proto=0.7158  min_dist=5.03  mean_dist=16.91
  [sigreg+proto] epoch 5/5  sigreg=0.4253  proto=0.5771  min_dist=5.04  mean_dist=16.91
  round 1: pool=129 purity=0.287 k-hat=4 anchors=4  margin=0.9050  mean-anchor=0.8701  
  [sigreg+proto] epoch 1/5  sigreg=0.4322  proto=1.1360  min_dist=5.05  mean_dist=16.69
  [sigreg+proto] epoch 2/5  sigreg=0.4235  proto=1.4450  min_dist=5.06  mean_dist=16.70
  [sigreg+proto] epoch 3/5  sigreg=0.4255  proto=0.8279  min_dist=5.07  mean_dist=16.70
  [sigreg+proto] epoch 4/5  sigreg=0.4257  proto=1.0616  min_dist=5.08  mean_dist=16.71
  [sigreg+proto] epoch 5/5  sigreg=0.4199  proto=0.8104  min_dist=5.09  mean_dist=16.72
  round 2: pool=121 purity=0.240 k-hat=4 anchors=8  margin=0.8944  mean-anchor=0.8889  
    post-spk f=0.05: power=0.140 [0.090,0.207] (7/50)
    post-maha f=0.05: power=0.760 [0.685,0.823] (38/50)
    post-mmd f=0.05: power=0.300 [0.231,0.378] (15/50)
  [flowers_lejepa] post f=0.05: perevent=0.440  sparker=0.140  maha=0.760  mmd=0.300

######## [flowers_visreg] discovery on supcon-ft->resnplm concat ########
  [sigreg+proto] epoch 1/5  sigreg=0.7137  proto=0.1902  min_dist=0.71  mean_dist=7.87
  [sigreg+proto] epoch 2/5  sigreg=0.6913  proto=0.0172  min_dist=0.78  mean_dist=7.91
  [sigreg+proto] epoch 3/5  sigreg=0.6691  proto=0.1984  min_dist=0.85  mean_dist=7.95
  [sigreg+proto] epoch 4/5  sigreg=0.6722  proto=0.0600  min_dist=0.91  mean_dist=7.99
  [sigreg+proto] epoch 5/5  sigreg=0.6457  proto=0.1269  min_dist=0.98  mean_dist=8.03
  round 1: pool=258 purity=0.643 k-hat=2 anchors=2  margin=0.9712  mean-anchor=0.8590  
  [sigreg+proto] epoch 1/5  sigreg=0.6380  proto=0.5408  min_dist=1.05  mean_dist=8.31
  [sigreg+proto] epoch 2/5  sigreg=0.6487  proto=0.8501  min_dist=1.13  mean_dist=8.35
  [sigreg+proto] epoch 3/5  sigreg=0.6507  proto=0.5899  min_dist=1.20  mean_dist=8.39
  [sigreg+proto] epoch 4/5  sigreg=0.6491  proto=0.7434  min_dist=1.27  mean_dist=8.43
  [sigreg+proto] epoch 5/5  sigreg=0.6436  proto=0.5987  min_dist=1.34  mean_dist=8.47
  round 2: pool=112 purity=0.179 k-hat=4 anchors=6  margin=0.9327  mean-anchor=0.8879  
  [flowers_visreg] supcon-ft->resnplm concat: probe 0.8575+-0.0017 -> 0.8664+-0.0060  eucl 0.9215 -> 0.8745  mahaT 0.8696 -> 0.8747
          round 1: purity=0.643 anchors=2  margin=0.9712
          round 2: purity=0.179 anchors=6  margin=0.9327
  [sigreg+proto] epoch 1/5  sigreg=0.7192  proto=0.3267  min_dist=0.71  mean_dist=7.87
  [sigreg+proto] epoch 2/5  sigreg=0.7074  proto=0.0186  min_dist=0.78  mean_dist=7.91
  [sigreg+proto] epoch 3/5  sigreg=0.6775  proto=0.3103  min_dist=0.85  mean_dist=7.95
  [sigreg+proto] epoch 4/5  sigreg=0.6772  proto=0.0697  min_dist=0.91  mean_dist=7.99
  [sigreg+proto] epoch 5/5  sigreg=0.6532  proto=0.2116  min_dist=0.98  mean_dist=8.03
  round 1: pool=98 purity=0.061 k-hat=2 anchors=2  margin=0.9393  mean-anchor=0.8674  
  [sigreg+proto] epoch 1/5  sigreg=0.6469  proto=0.8976  min_dist=1.05  mean_dist=8.21
  [sigreg+proto] epoch 2/5  sigreg=0.6621  proto=0.8106  min_dist=1.13  mean_dist=8.25
  [sigreg+proto] epoch 3/5  sigreg=0.6673  proto=0.7652  min_dist=1.20  mean_dist=8.29
  [sigreg+proto] epoch 4/5  sigreg=0.6692  proto=0.7620  min_dist=1.27  mean_dist=8.33
  [sigreg+proto] epoch 5/5  sigreg=0.6779  proto=0.5793  min_dist=1.34  mean_dist=8.37
  round 2: pool=93 purity=0.011 k-hat=4 anchors=6  margin=0.8469  mean-anchor=0.8159  
    post-spk f=0.003: power=0.100 [0.058,0.162] (5/50)
    post-maha f=0.003: power=0.140 [0.090,0.207] (7/50)
    post-mmd f=0.003: power=0.120 [0.074,0.184] (6/50)
  [flowers_visreg] post f=0.003: perevent=0.344  sparker=0.100  maha=0.140  mmd=0.120
  [sigreg+proto] epoch 1/5  sigreg=0.6962  proto=0.0821  min_dist=0.71  mean_dist=7.87
  [sigreg+proto] epoch 2/5  sigreg=0.6514  proto=0.0591  min_dist=0.78  mean_dist=7.91
  [sigreg+proto] epoch 3/5  sigreg=0.6385  proto=0.0484  min_dist=0.85  mean_dist=7.95
  [sigreg+proto] epoch 4/5  sigreg=0.6221  proto=0.0606  min_dist=0.91  mean_dist=7.99
  [sigreg+proto] epoch 5/5  sigreg=0.6005  proto=0.8394  min_dist=0.98  mean_dist=8.03
  round 1: pool=107 purity=0.140 k-hat=2 anchors=2  margin=0.9409  mean-anchor=0.8410  
  [sigreg+proto] epoch 1/5  sigreg=0.5938  proto=1.0045  min_dist=1.05  mean_dist=8.32
  [sigreg+proto] epoch 2/5  sigreg=0.6035  proto=1.3195  min_dist=1.13  mean_dist=8.36
  [sigreg+proto] epoch 3/5  sigreg=0.6507  proto=0.9319  min_dist=1.20  mean_dist=8.40
  [sigreg+proto] epoch 4/5  sigreg=0.6212  proto=0.9823  min_dist=1.27  mean_dist=8.43
  [sigreg+proto] epoch 5/5  sigreg=0.6362  proto=0.6179  min_dist=1.34  mean_dist=8.47
  round 2: pool=94 purity=0.021 k-hat=5 anchors=7  margin=0.8816  mean-anchor=0.8431  
    post-spk f=0.01: power=0.000 [0.000,0.036] (0/50)
    post-maha f=0.01: power=0.200 [0.141,0.273] (10/50)
    post-mmd f=0.01: power=0.040 [0.014,0.090] (2/50)
  [flowers_visreg] post f=0.01: perevent=0.369  sparker=0.000  maha=0.200  mmd=0.040
  [sigreg+proto] epoch 1/5  sigreg=0.7113  proto=0.2894  min_dist=0.71  mean_dist=7.87
  [sigreg+proto] epoch 2/5  sigreg=0.7112  proto=0.1336  min_dist=0.78  mean_dist=7.91
  [sigreg+proto] epoch 3/5  sigreg=0.6856  proto=0.2411  min_dist=0.85  mean_dist=7.95
  [sigreg+proto] epoch 4/5  sigreg=0.6792  proto=0.3398  min_dist=0.92  mean_dist=7.99
  [sigreg+proto] epoch 5/5  sigreg=0.6727  proto=0.4059  min_dist=0.98  mean_dist=8.03
  round 1: pool=123 purity=0.252 k-hat=2 anchors=2  margin=0.9422  mean-anchor=0.8568  
    merged 4 -> 3 anchors
  [sigreg+proto] epoch 1/5  sigreg=0.6702  proto=0.5785  min_dist=1.05  mean_dist=8.26
  [sigreg+proto] epoch 2/5  sigreg=0.6721  proto=0.3649  min_dist=1.11  mean_dist=8.30
  [sigreg+proto] epoch 3/5  sigreg=0.6734  proto=1.1490  min_dist=1.17  mean_dist=8.34
  [sigreg+proto] epoch 4/5  sigreg=0.6827  proto=0.0599  min_dist=1.24  mean_dist=8.38
  [sigreg+proto] epoch 5/5  sigreg=0.6657  proto=0.2324  min_dist=1.30  mean_dist=8.42
  round 2: pool=94 purity=0.021 k-hat=2 anchors=3  margin=0.9264  mean-anchor=0.8684  
    post-spk f=0.02: power=0.040 [0.014,0.090] (2/50)
    post-maha f=0.02: power=0.180 [0.124,0.251] (9/50)
    post-mmd f=0.02: power=0.080 [0.042,0.138] (4/50)
  [flowers_visreg] post f=0.02: perevent=0.609  sparker=0.040  maha=0.180  mmd=0.080
  [sigreg+proto] epoch 1/5  sigreg=0.7226  proto=0.2198  min_dist=0.71  mean_dist=7.87
  [sigreg+proto] epoch 2/5  sigreg=0.7082  proto=0.1432  min_dist=0.78  mean_dist=7.91
  [sigreg+proto] epoch 3/5  sigreg=0.6635  proto=0.3079  min_dist=0.85  mean_dist=7.95
  [sigreg+proto] epoch 4/5  sigreg=0.6550  proto=0.4152  min_dist=0.91  mean_dist=7.99
  [sigreg+proto] epoch 5/5  sigreg=0.6540  proto=0.3350  min_dist=0.98  mean_dist=8.03
  round 1: pool=178 purity=0.483 k-hat=2 anchors=2  margin=0.9557  mean-anchor=0.8919  
    merged 4 -> 3 anchors
  [sigreg+proto] epoch 1/5  sigreg=0.6428  proto=0.3985  min_dist=1.05  mean_dist=8.24
  [sigreg+proto] epoch 2/5  sigreg=0.6472  proto=0.2516  min_dist=1.12  mean_dist=8.28
  [sigreg+proto] epoch 3/5  sigreg=0.6639  proto=0.1126  min_dist=1.19  mean_dist=8.32
  [sigreg+proto] epoch 4/5  sigreg=0.6627  proto=0.4669  min_dist=1.26  mean_dist=8.36
Using cache found in /home/pharris/.cache/torch/hub/facebookresearch_dino_main
Using cache found in /home/pharris/.cache/torch/hub/facebookresearch_dino_main
  [sigreg+proto] epoch 5/5  sigreg=0.6443  proto=0.5118  min_dist=1.33  mean_dist=8.40
  round 2: pool=100 purity=0.080 k-hat=2 anchors=3  margin=0.9356  mean-anchor=0.8411  
    post-spk f=0.05: power=0.160 [0.107,0.229] (8/50)
    post-maha f=0.05: power=0.860 [0.793,0.910] (43/50)
    post-mmd f=0.05: power=0.640 [0.560,0.714] (32/50)
  [flowers_visreg] post f=0.05: perevent=0.609  sparker=0.160  maha=0.860  mmd=0.640

######## [dtd_dino] discovery on supcon-ft->res concat ########
  [sigreg+proto] epoch 1/5  sigreg=0.3253  proto=7.3407  min_dist=5.01  mean_dist=22.35
  [sigreg+proto] epoch 2/5  sigreg=0.3601  proto=5.2064  min_dist=5.03  mean_dist=22.33
  [sigreg+proto] epoch 3/5  sigreg=0.3667  proto=4.4064  min_dist=5.04  mean_dist=22.33
  [sigreg+proto] epoch 4/5  sigreg=0.3819  proto=3.4620  min_dist=5.06  mean_dist=22.32
  [sigreg+proto] epoch 5/5  sigreg=0.3758  proto=2.9550  min_dist=5.07  mean_dist=22.31
  round 1: pool=171 purity=0.135 k-hat=12 anchors=12  margin=0.6987  mean-anchor=0.7458  
  [sigreg+proto] epoch 1/5  sigreg=0.4129  proto=4.9473  min_dist=5.09  mean_dist=22.77
  [sigreg+proto] epoch 2/5  sigreg=0.4821  proto=4.9238  min_dist=5.10  mean_dist=22.76
  [sigreg+proto] epoch 3/5  sigreg=0.3905  proto=3.5893  min_dist=5.11  mean_dist=22.76
  [sigreg+proto] epoch 4/5  sigreg=0.4225  proto=3.2451  min_dist=5.13  mean_dist=22.76
  [sigreg+proto] epoch 5/5  sigreg=0.4566  proto=3.3384  min_dist=5.14  mean_dist=22.76
  round 2: pool=192 purity=0.229 k-hat=12 anchors=24  margin=0.6973  mean-anchor=0.8300  
  [dtd_dino] supcon-ft->res concat: probe 0.8447+-0.0031 -> 0.8382+-0.0034  eucl 0.6830 -> 0.6945  mahaT 0.6036 -> 0.6456
          round 1: purity=0.135 anchors=12  margin=0.6987
          round 2: purity=0.229 anchors=24  margin=0.6973
  [sigreg+proto] epoch 1/5  sigreg=0.3152  proto=7.1794  min_dist=3.36  mean_dist=22.02
  [sigreg+proto] epoch 2/5  sigreg=0.3705  proto=5.5525  min_dist=3.37  mean_dist=22.01
  [sigreg+proto] epoch 3/5  sigreg=0.3819  proto=4.0325  min_dist=3.39  mean_dist=22.00
  [sigreg+proto] epoch 4/5  sigreg=0.3609  proto=2.7279  min_dist=3.43  mean_dist=22.00
  [sigreg+proto] epoch 5/5  sigreg=0.3516  proto=1.7902  min_dist=3.46  mean_dist=21.99
  round 1: pool=148 purity=0.000 k-hat=10 anchors=10  margin=0.7338  mean-anchor=0.6915  
  [sigreg+proto] epoch 1/5  sigreg=0.3814  proto=7.0096  min_dist=3.50  mean_dist=23.39
  [sigreg+proto] epoch 2/5  sigreg=0.4439  proto=4.2921  min_dist=3.55  mean_dist=23.39
  [sigreg+proto] epoch 3/5  sigreg=0.4425  proto=2.9934  min_dist=3.60  mean_dist=23.39
  [sigreg+proto] epoch 4/5  sigreg=0.4131  proto=4.5208  min_dist=3.65  mean_dist=23.39
  [sigreg+proto] epoch 5/5  sigreg=0.4109  proto=3.1136  min_dist=3.70  mean_dist=23.39
  round 2: pool=148 purity=0.000 k-hat=11 anchors=21  margin=0.7109  mean-anchor=0.7454  
    post-spk f=0.003: power=0.060 [0.028,0.115] (3/50)
    post-maha f=0.003: power=0.160 [0.107,0.229] (8/50)
    post-mmd f=0.003: power=0.120 [0.074,0.184] (6/50)
  [dtd_dino] post f=0.003: perevent=0.070  sparker=0.060  maha=0.160  mmd=0.120
  [sigreg+proto] epoch 1/5  sigreg=0.3005  proto=7.4727  min_dist=3.31  mean_dist=22.02
  [sigreg+proto] epoch 2/5  sigreg=0.3619  proto=3.5664  min_dist=3.33  mean_dist=22.01
  [sigreg+proto] epoch 3/5  sigreg=0.3641  proto=3.5229  min_dist=3.37  mean_dist=22.00
  [sigreg+proto] epoch 4/5  sigreg=0.3323  proto=2.6543  min_dist=3.41  mean_dist=22.00
  [sigreg+proto] epoch 5/5  sigreg=0.3698  proto=2.5293  min_dist=3.46  mean_dist=21.99
  round 1: pool=148 purity=0.000 k-hat=10 anchors=10  margin=0.7248  mean-anchor=0.6868  
  [sigreg+proto] epoch 1/5  sigreg=0.4290  proto=4.6398  min_dist=3.56  mean_dist=23.66
  [sigreg+proto] epoch 2/5  sigreg=0.4124  proto=4.7137  min_dist=3.63  mean_dist=23.66
  [sigreg+proto] epoch 3/5  sigreg=0.4214  proto=4.1430  min_dist=3.69  mean_dist=23.66
  [sigreg+proto] epoch 4/5  sigreg=0.3890  proto=3.1948  min_dist=3.75  mean_dist=23.65
  [sigreg+proto] epoch 5/5  sigreg=0.4143  proto=2.8802  min_dist=3.81  mean_dist=23.65
  round 2: pool=150 purity=0.013 k-hat=12 anchors=22  margin=0.7380  mean-anchor=0.7111  
    post-spk f=0.01: power=0.100 [0.058,0.162] (5/50)
    post-maha f=0.01: power=0.040 [0.014,0.090] (2/50)
    post-mmd f=0.01: power=0.140 [0.090,0.207] (7/50)
  [dtd_dino] post f=0.01: perevent=0.077  sparker=0.100  maha=0.040  mmd=0.140
  [sigreg+proto] epoch 1/5  sigreg=0.3200  proto=8.7130  min_dist=3.33  mean_dist=22.02
  [sigreg+proto] epoch 2/5  sigreg=0.3578  proto=3.7714  min_dist=3.34  mean_dist=22.00
  [sigreg+proto] epoch 3/5  sigreg=0.3848  proto=3.1396  min_dist=3.36  mean_dist=21.99
  [sigreg+proto] epoch 4/5  sigreg=0.3602  proto=2.1589  min_dist=3.38  mean_dist=21.99
  [sigreg+proto] epoch 5/5  sigreg=0.3513  proto=2.2627  min_dist=3.40  mean_dist=21.98
  round 1: pool=148 purity=0.000 k-hat=10 anchors=10  margin=0.7545  mean-anchor=0.7073  
  [sigreg+proto] epoch 1/5  sigreg=0.3767  proto=4.5410  min_dist=3.46  mean_dist=23.46
  [sigreg+proto] epoch 2/5  sigreg=0.4129  proto=4.6533  min_dist=3.53  mean_dist=23.46
  [sigreg+proto] epoch 3/5  sigreg=0.3975  proto=4.7752  min_dist=3.60  mean_dist=23.46
  [sigreg+proto] epoch 4/5  sigreg=0.4098  proto=3.8073  min_dist=3.67  mean_dist=23.46
  [sigreg+proto] epoch 5/5  sigreg=0.4057  proto=2.5260  min_dist=3.73  mean_dist=23.47
  round 2: pool=148 purity=0.000 k-hat=11 anchors=21  margin=0.6853  mean-anchor=0.7075  
    post-spk f=0.02: power=0.200 [0.141,0.273] (10/50)
    post-maha f=0.02: power=0.260 [0.194,0.336] (13/50)
    post-mmd f=0.02: power=0.240 [0.177,0.315] (12/50)
  [dtd_dino] post f=0.02: perevent=0.050  sparker=0.200  maha=0.260  mmd=0.240
  [sigreg+proto] epoch 1/5  sigreg=0.3285  proto=8.0901  min_dist=3.37  mean_dist=22.06
  [sigreg+proto] epoch 2/5  sigreg=0.3947  proto=4.6304  min_dist=3.37  mean_dist=22.05
  [sigreg+proto] epoch 3/5  sigreg=0.3864  proto=3.3974  min_dist=3.39  mean_dist=22.05
  [sigreg+proto] epoch 4/5  sigreg=0.3814  proto=2.8795  min_dist=3.42  mean_dist=22.04
  [sigreg+proto] epoch 5/5  sigreg=0.3839  proto=2.1635  min_dist=3.46  mean_dist=22.04
  round 1: pool=152 purity=0.026 k-hat=12 anchors=12  margin=0.7213  mean-anchor=0.6887  
  [sigreg+proto] epoch 1/5  sigreg=0.3919  proto=4.0339  min_dist=3.53  mean_dist=23.39
  [sigreg+proto] epoch 2/5  sigreg=0.4309  proto=5.6933  min_dist=3.59  mean_dist=23.39
  [sigreg+proto] epoch 3/5  sigreg=0.3886  proto=4.2214  min_dist=3.65  mean_dist=23.39
  [sigreg+proto] epoch 4/5  sigreg=0.4285  proto=2.8613  min_dist=3.72  mean_dist=23.39
  [sigreg+proto] epoch 5/5  sigreg=0.4674  proto=3.9796  min_dist=3.79  mean_dist=23.40
  round 2: pool=155 purity=0.045 k-hat=12 anchors=24  margin=0.6808  mean-anchor=0.7384  
    post-spk f=0.05: power=0.580 [0.500,0.657] (29/50)
    post-maha f=0.05: power=0.900 [0.838,0.942] (45/50)
    post-mmd f=0.05: power=0.640 [0.560,0.714] (32/50)
  [dtd_dino] post f=0.05: perevent=0.058  sparker=0.580  maha=0.900  mmd=0.640

######## [dtd_lejepa] discovery on ss-ft->res concat ########
Fetching 37 files:   0%|          | 0/37 [00:00<?, ?it/s]Fetching 37 files: 100%|██████████| 37/37 [00:00<00:00, 33605.29it/s]
Fetching 37 files:   0%|          | 0/37 [00:00<?, ?it/s]Fetching 37 files: 100%|██████████| 37/37 [00:00<00:00, 23449.57it/s]
  [sigreg+proto] epoch 1/5  sigreg=0.3119  proto=2.1839  min_dist=5.01  mean_dist=15.15
  [sigreg+proto] epoch 2/5  sigreg=0.3250  proto=1.5245  min_dist=5.03  mean_dist=15.18
  [sigreg+proto] epoch 3/5  sigreg=0.3366  proto=1.1070  min_dist=5.04  mean_dist=15.20
  [sigreg+proto] epoch 4/5  sigreg=0.3458  proto=0.8978  min_dist=5.06  mean_dist=15.23
  [sigreg+proto] epoch 5/5  sigreg=0.3503  proto=0.6433  min_dist=5.07  mean_dist=15.26
  round 1: pool=359 purity=0.588 k-hat=8 anchors=8  margin=0.8573  mean-anchor=0.8844  
  [sigreg+proto] epoch 1/5  sigreg=0.3559  proto=1.3315  min_dist=3.24  mean_dist=14.89
  [sigreg+proto] epoch 2/5  sigreg=0.3494  proto=1.0023  min_dist=3.26  mean_dist=14.93
  [sigreg+proto] epoch 3/5  sigreg=0.3453  proto=0.9913  min_dist=3.27  mean_dist=14.96
  [sigreg+proto] epoch 4/5  sigreg=0.3618  proto=0.6781  min_dist=3.28  mean_dist=15.00
  [sigreg+proto] epoch 5/5  sigreg=0.3441  proto=0.7951  min_dist=3.30  mean_dist=15.03
  round 2: pool=190 purity=0.221 k-hat=5 anchors=13  margin=0.8554  mean-anchor=0.8952  
  [dtd_lejepa] ss-ft->res concat: probe 0.8312+-0.0085 -> 0.8376+-0.0033  eucl 0.7634 -> 0.7738  mahaT 0.7906 -> 0.7960
          round 1: purity=0.588 anchors=8  margin=0.8573
          round 2: purity=0.221 anchors=13  margin=0.8554
  [sigreg+proto] epoch 1/5  sigreg=0.2970  proto=2.2719  min_dist=4.39  mean_dist=15.31
  [sigreg+proto] epoch 2/5  sigreg=0.3219  proto=1.6028  min_dist=4.46  mean_dist=15.33
  [sigreg+proto] epoch 3/5  sigreg=0.3379  proto=1.4488  min_dist=4.51  mean_dist=15.35
  [sigreg+proto] epoch 4/5  sigreg=0.3441  proto=1.1155  min_dist=4.52  mean_dist=15.36
  [sigreg+proto] epoch 5/5  sigreg=0.3483  proto=0.7608  min_dist=4.54  mean_dist=15.39
  round 1: pool=149 purity=0.007 k-hat=5 anchors=5  margin=0.8071  mean-anchor=0.7788  
  [sigreg+proto] epoch 1/5  sigreg=0.3385  proto=1.6299  min_dist=3.96  mean_dist=15.09
  [sigreg+proto] epoch 2/5  sigreg=0.3597  proto=1.3420  min_dist=4.00  mean_dist=15.11
  [sigreg+proto] epoch 3/5  sigreg=0.3606  proto=1.0902  min_dist=4.03  mean_dist=15.14
  [sigreg+proto] epoch 4/5  sigreg=0.3471  proto=1.1305  min_dist=4.05  mean_dist=15.16
  [sigreg+proto] epoch 5/5  sigreg=0.3398  proto=0.8637  min_dist=4.09  mean_dist=15.19
  round 2: pool=150 purity=0.013 k-hat=4 anchors=9  margin=0.8212  mean-anchor=0.8571  
    post-spk f=0.003: power=0.100 [0.058,0.162] (5/50)
    post-maha f=0.003: power=0.040 [0.014,0.090] (2/50)
    post-mmd f=0.003: power=0.080 [0.042,0.138] (4/50)
  [dtd_lejepa] post f=0.003: perevent=0.225  sparker=0.100  maha=0.040  mmd=0.080
  [sigreg+proto] epoch 1/5  sigreg=0.3068  proto=2.2335  min_dist=4.57  mean_dist=15.38
  [sigreg+proto] epoch 2/5  sigreg=0.3471  proto=1.2816  min_dist=4.64  mean_dist=15.40
  [sigreg+proto] epoch 3/5  sigreg=0.3465  proto=1.0938  min_dist=4.69  mean_dist=15.42
  [sigreg+proto] epoch 4/5  sigreg=0.3480  proto=1.2302  min_dist=4.73  mean_dist=15.44
  [sigreg+proto] epoch 5/5  sigreg=0.3498  proto=0.9398  min_dist=4.77  mean_dist=15.46
  round 1: pool=159 purity=0.069 k-hat=5 anchors=5  margin=0.8254  mean-anchor=0.8054  
  [sigreg+proto] epoch 1/5  sigreg=0.3588  proto=1.5066  min_dist=4.80  mean_dist=15.30
  [sigreg+proto] epoch 2/5  sigreg=0.3706  proto=1.0930  min_dist=4.84  mean_dist=15.33
  [sigreg+proto] epoch 3/5  sigreg=0.3725  proto=0.9488  min_dist=4.89  mean_dist=15.36
  [sigreg+proto] epoch 4/5  sigreg=0.3588  proto=1.0380  min_dist=4.94  mean_dist=15.39
  [sigreg+proto] epoch 5/5  sigreg=0.3544  proto=0.8950  min_dist=4.99  mean_dist=15.42
  round 2: pool=153 purity=0.033 k-hat=6 anchors=11  margin=0.8241  mean-anchor=0.8641  
    post-spk f=0.01: power=0.060 [0.028,0.115] (3/50)
    post-maha f=0.01: power=0.060 [0.028,0.115] (3/50)
    post-mmd f=0.01: power=0.160 [0.107,0.229] (8/50)
  [dtd_lejepa] post f=0.01: perevent=0.253  sparker=0.060  maha=0.060  mmd=0.160
  [sigreg+proto] epoch 1/5  sigreg=0.3086  proto=2.5060  min_dist=5.01  mean_dist=15.28
  [sigreg+proto] epoch 2/5  sigreg=0.3347  proto=1.6202  min_dist=5.03  mean_dist=15.30
  [sigreg+proto] epoch 3/5  sigreg=0.3501  proto=1.1677  min_dist=5.04  mean_dist=15.32
  [sigreg+proto] epoch 4/5  sigreg=0.3511  proto=0.8405  min_dist=5.06  mean_dist=15.34
  [sigreg+proto] epoch 5/5  sigreg=0.3549  proto=0.7457  min_dist=5.07  mean_dist=15.36
  round 1: pool=162 purity=0.086 k-hat=7 anchors=7  margin=0.8130  mean-anchor=0.8282  
  [sigreg+proto] epoch 1/5  sigreg=0.3530  proto=1.9262  min_dist=5.09  mean_dist=15.06
  [sigreg+proto] epoch 2/5  sigreg=0.3640  proto=1.3528  min_dist=5.10  mean_dist=15.08
  [sigreg+proto] epoch 3/5  sigreg=0.3677  proto=1.0942  min_dist=5.12  mean_dist=15.11
  [sigreg+proto] epoch 4/5  sigreg=0.3579  proto=1.0796  min_dist=5.14  mean_dist=15.14
  [sigreg+proto] epoch 5/5  sigreg=0.3633  proto=0.6713  min_dist=5.15  mean_dist=15.17
  round 2: pool=154 purity=0.039 k-hat=5 anchors=12  margin=0.8340  mean-anchor=0.8872  
    post-spk f=0.02: power=0.120 [0.074,0.184] (6/50)
    post-maha f=0.02: power=0.160 [0.107,0.229] (8/50)
    post-mmd f=0.02: power=0.140 [0.090,0.207] (7/50)
  [dtd_lejepa] post f=0.02: perevent=0.285  sparker=0.120  maha=0.160  mmd=0.140
  [sigreg+proto] epoch 1/5  sigreg=0.3098  proto=2.0637  min_dist=4.34  mean_dist=15.35
  [sigreg+proto] epoch 2/5  sigreg=0.3254  proto=1.4852  min_dist=4.41  mean_dist=15.37
  [sigreg+proto] epoch 3/5  sigreg=0.3482  proto=1.1554  min_dist=4.48  mean_dist=15.38
  [sigreg+proto] epoch 4/5  sigreg=0.3509  proto=1.1366  min_dist=4.55  mean_dist=15.40
  [sigreg+proto] epoch 5/5  sigreg=0.3434  proto=0.9099  min_dist=4.63  mean_dist=15.42
  round 1: pool=184 purity=0.196 k-hat=5 anchors=5  margin=0.8209  mean-anchor=0.8134  
  [sigreg+proto] epoch 1/5  sigreg=0.3528  proto=1.5337  min_dist=3.87  mean_dist=15.11
  [sigreg+proto] epoch 2/5  sigreg=0.3517  proto=0.9831  min_dist=3.90  mean_dist=15.13
  [sigreg+proto] epoch 3/5  sigreg=0.3445  proto=1.3217  min_dist=3.93  mean_dist=15.16
  [sigreg+proto] epoch 4/5  sigreg=0.3526  proto=0.8821  min_dist=3.97  mean_dist=15.19
  [sigreg+proto] epoch 5/5  sigreg=0.3459  proto=0.8267  min_dist=4.00  mean_dist=15.22
  round 2: pool=159 purity=0.069 k-hat=4 anchors=9  margin=0.8355  mean-anchor=0.8584  
    post-spk f=0.05: power=0.340 [0.268,0.419] (17/50)
    post-maha f=0.05: power=0.920 [0.862,0.958] (46/50)
    post-mmd f=0.05: power=0.960 [0.910,0.986] (48/50)
  [dtd_lejepa] post f=0.05: perevent=0.265  sparker=0.340  maha=0.920  mmd=0.960

######## [dtd_visreg] discovery on supcon-ft->res concat ########
  [sigreg+proto] epoch 1/5  sigreg=0.3465  proto=2.7153  min_dist=4.18  mean_dist=14.38
  [sigreg+proto] epoch 2/5  sigreg=0.3885  proto=1.5533  min_dist=4.24  mean_dist=14.41
  [sigreg+proto] epoch 3/5  sigreg=0.4141  proto=1.1757  min_dist=4.30  mean_dist=14.44
  [sigreg+proto] epoch 4/5  sigreg=0.4261  proto=0.9378  min_dist=4.36  mean_dist=14.47
  [sigreg+proto] epoch 5/5  sigreg=0.4108  proto=0.7289  min_dist=4.42  mean_dist=14.50
  round 1: pool=209 purity=0.292 k-hat=6 anchors=6  margin=0.8339  mean-anchor=0.7671  
  [sigreg+proto] epoch 1/5  sigreg=0.4254  proto=2.0015  min_dist=4.49  mean_dist=15.73
  [sigreg+proto] epoch 2/5  sigreg=0.4392  proto=1.6822  min_dist=4.56  mean_dist=15.76
  [sigreg+proto] epoch 3/5  sigreg=0.4627  proto=1.6300  min_dist=4.62  mean_dist=15.79
  [sigreg+proto] epoch 4/5  sigreg=0.4632  proto=1.2286  min_dist=4.70  mean_dist=15.82
  [sigreg+proto] epoch 5/5  sigreg=0.4320  proto=0.9791  min_dist=4.77  mean_dist=15.85
  round 2: pool=160 purity=0.075 k-hat=10 anchors=16  margin=0.8198  mean-anchor=0.7813  
  [dtd_visreg] supcon-ft->res concat: probe 0.8471+-0.0025 -> 0.8621+-0.0014  eucl 0.7162 -> 0.7198  mahaT 0.7580 -> 0.7775
          round 1: purity=0.292 anchors=6  margin=0.8339
          round 2: purity=0.075 anchors=16  margin=0.8198
  [sigreg+proto] epoch 1/5  sigreg=0.3375  proto=2.6388  min_dist=4.81  mean_dist=14.45
  [sigreg+proto] epoch 2/5  sigreg=0.3755  proto=2.0893  min_dist=4.89  mean_dist=14.47
  [sigreg+proto] epoch 3/5  sigreg=0.4013  proto=1.4404  min_dist=4.96  mean_dist=14.50
  [sigreg+proto] epoch 4/5  sigreg=0.4167  proto=1.0464  min_dist=5.03  mean_dist=14.53
  [sigreg+proto] epoch 5/5  sigreg=0.4275  proto=0.7537  min_dist=5.07  mean_dist=14.56
  round 1: pool=148 purity=0.000 k-hat=5 anchors=5  margin=0.8276  mean-anchor=0.7693  
  [sigreg+proto] epoch 1/5  sigreg=0.4270  proto=2.4806  min_dist=5.09  mean_dist=15.56
  [sigreg+proto] epoch 2/5  sigreg=0.4293  proto=1.9815  min_dist=5.10  mean_dist=15.59
  [sigreg+proto] epoch 3/5  sigreg=0.4340  proto=1.3451  min_dist=5.12  mean_dist=15.62
  [sigreg+proto] epoch 4/5  sigreg=0.4491  proto=1.3268  min_dist=5.13  mean_dist=15.65
  [sigreg+proto] epoch 5/5  sigreg=0.4154  proto=1.4173  min_dist=5.15  mean_dist=15.67
  round 2: pool=148 purity=0.000 k-hat=7 anchors=12  margin=0.7954  mean-anchor=0.7913  
    post-spk f=0.003: power=0.120 [0.074,0.184] (6/50)
    post-maha f=0.003: power=0.120 [0.074,0.184] (6/50)
    post-mmd f=0.003: power=0.060 [0.028,0.115] (3/50)
  [dtd_visreg] post f=0.003: perevent=0.142  sparker=0.120  maha=0.120  mmd=0.060
  [sigreg+proto] epoch 1/5  sigreg=0.3502  proto=2.5373  min_dist=4.95  mean_dist=14.52
  [sigreg+proto] epoch 2/5  sigreg=0.3699  proto=1.8939  min_dist=4.96  mean_dist=14.55
  [sigreg+proto] epoch 3/5  sigreg=0.4079  proto=1.0347  min_dist=4.97  mean_dist=14.57
  [sigreg+proto] epoch 4/5  sigreg=0.4218  proto=0.9981  min_dist=4.98  mean_dist=14.61
  [sigreg+proto] epoch 5/5  sigreg=0.4188  proto=0.7684  min_dist=4.99  mean_dist=14.64
  round 1: pool=150 purity=0.013 k-hat=8 anchors=8  margin=0.8192  mean-anchor=0.7992  
  [sigreg+proto] epoch 1/5  sigreg=0.4369  proto=2.1886  min_dist=4.97  mean_dist=15.95
  [sigreg+proto] epoch 2/5  sigreg=0.4378  proto=1.9766  min_dist=4.99  mean_dist=15.98
  [sigreg+proto] epoch 3/5  sigreg=0.4247  proto=1.4625  min_dist=5.01  mean_dist=16.01
  [sigreg+proto] epoch 4/5  sigreg=0.4311  proto=1.4563  min_dist=5.03  mean_dist=16.04
  [sigreg+proto] epoch 5/5  sigreg=0.4271  proto=1.0723  min_dist=5.05  mean_dist=16.07
  round 2: pool=148 purity=0.000 k-hat=9 anchors=17  margin=0.8074  mean-anchor=0.8208  
    post-spk f=0.01: power=0.120 [0.074,0.184] (6/50)
    post-maha f=0.01: power=0.100 [0.058,0.162] (5/50)
    post-mmd f=0.01: power=0.080 [0.042,0.138] (4/50)
  [dtd_visreg] post f=0.01: perevent=0.253  sparker=0.120  maha=0.100  mmd=0.080
  [sigreg+proto] epoch 1/5  sigreg=0.3353  proto=2.6070  min_dist=4.42  mean_dist=14.38
  [sigreg+proto] epoch 2/5  sigreg=0.3929  proto=1.8637  min_dist=4.49  mean_dist=14.41
  [sigreg+proto] epoch 3/5  sigreg=0.3890  proto=1.4547  min_dist=4.57  mean_dist=14.45
  [sigreg+proto] epoch 4/5  sigreg=0.4118  proto=0.9887  min_dist=4.64  mean_dist=14.48
  [sigreg+proto] epoch 5/5  sigreg=0.3873  proto=0.9462  min_dist=4.71  mean_dist=14.51
  round 1: pool=151 purity=0.020 k-hat=8 anchors=8  margin=0.8203  mean-anchor=0.7634  
  [sigreg+proto] epoch 1/5  sigreg=0.4216  proto=3.0341  min_dist=4.78  mean_dist=15.41
  [sigreg+proto] epoch 2/5  sigreg=0.4376  proto=1.7721  min_dist=4.86  mean_dist=15.43
  [sigreg+proto] epoch 3/5  sigreg=0.4242  proto=1.6936  min_dist=4.93  mean_dist=15.46
  [sigreg+proto] epoch 4/5  sigreg=0.4245  proto=1.4507  min_dist=5.01  mean_dist=15.48
  [sigreg+proto] epoch 5/5  sigreg=0.4121  proto=1.1662  min_dist=5.08  mean_dist=15.51
  round 2: pool=149 purity=0.007 k-hat=8 anchors=16  margin=0.8116  mean-anchor=0.7623  
    post-spk f=0.02: power=0.120 [0.074,0.184] (6/50)
    post-maha f=0.02: power=0.340 [0.268,0.419] (17/50)
    post-mmd f=0.02: power=0.360 [0.286,0.440] (18/50)
  [dtd_visreg] post f=0.02: perevent=0.225  sparker=0.120  maha=0.340  mmd=0.360
  [sigreg+proto] epoch 1/5  sigreg=0.3562  proto=2.0127  min_dist=4.62  mean_dist=14.46
  [sigreg+proto] epoch 2/5  sigreg=0.3651  proto=1.6352  min_dist=4.69  mean_dist=14.50
  [sigreg+proto] epoch 3/5  sigreg=0.3957  proto=1.3299  min_dist=4.76  mean_dist=14.53
  [sigreg+proto] epoch 4/5  sigreg=0.4016  proto=1.1712  min_dist=4.83  mean_dist=14.56
  [sigreg+proto] epoch 5/5  sigreg=0.4015  proto=0.7534  min_dist=4.91  mean_dist=14.59
  round 1: pool=157 purity=0.057 k-hat=5 anchors=5  margin=0.8296  mean-anchor=0.7795  
  [sigreg+proto] epoch 1/5  sigreg=0.4084  proto=2.4758  min_dist=4.98  mean_dist=15.55
  [sigreg+proto] epoch 2/5  sigreg=0.4255  proto=1.5815  min_dist=5.05  mean_dist=15.58
  [sigreg+proto] epoch 3/5  sigreg=0.4268  proto=1.1658  min_dist=5.12  mean_dist=15.60
  [sigreg+proto] epoch 4/5  sigreg=0.4224  proto=1.1457  min_dist=5.13  mean_dist=15.63
Using cache found in /home/pharris/.cache/torch/hub/facebookresearch_dino_main
Using cache found in /home/pharris/.cache/torch/hub/facebookresearch_dino_main
  [sigreg+proto] epoch 5/5  sigreg=0.4081  proto=1.1561  min_dist=5.15  mean_dist=15.66
  round 2: pool=153 purity=0.033 k-hat=8 anchors=13  margin=0.8294  mean-anchor=0.7894  
    post-spk f=0.05: power=0.700 [0.622,0.769] (35/50)
    post-maha f=0.05: power=0.900 [0.838,0.942] (45/50)
    post-mmd f=0.05: power=0.880 [0.816,0.926] (44/50)
  [dtd_visreg] post f=0.05: perevent=0.290  sparker=0.700  maha=0.900  mmd=0.880

######## [galaxy10_dino] discovery on supcon-ft->res concat ########
  [sigreg+proto] epoch 1/5  sigreg=0.3718  proto=10.3936  min_dist=5.47  mean_dist=16.20
  [sigreg+proto] epoch 2/5  sigreg=0.5105  proto=7.9134  min_dist=5.52  mean_dist=16.22
  [sigreg+proto] epoch 3/5  sigreg=0.5193  proto=5.5155  min_dist=5.57  mean_dist=16.24
  [sigreg+proto] epoch 4/5  sigreg=0.6082  proto=3.9080  min_dist=5.63  mean_dist=16.26
  [sigreg+proto] epoch 5/5  sigreg=0.6364  proto=3.6373  min_dist=5.68  mean_dist=16.28
  round 1: pool=84 purity=0.048 k-hat=4 anchors=4  margin=0.8430  mean-anchor=0.8552  9=0.855
  [sigreg+proto] epoch 1/5  sigreg=0.6623  proto=7.6092  min_dist=5.72  mean_dist=16.21
  [sigreg+proto] epoch 2/5  sigreg=0.6218  proto=6.3904  min_dist=5.77  mean_dist=16.23
  [sigreg+proto] epoch 3/5  sigreg=0.6351  proto=4.5656  min_dist=5.82  mean_dist=16.25
  [sigreg+proto] epoch 4/5  sigreg=0.6319  proto=4.2117  min_dist=5.86  mean_dist=16.27
  [sigreg+proto] epoch 5/5  sigreg=0.6322  proto=3.1559  min_dist=5.91  mean_dist=16.29
  round 2: pool=129 purity=0.380 k-hat=3 anchors=7  margin=0.8311  mean-anchor=0.8860  9=0.886
  [galaxy10_dino] supcon-ft->res concat: probe 0.9549+-0.0003 -> 0.9548+-0.0026  eucl 0.5595 -> 0.6234  mahaT 0.7624 -> 0.7036
          round 1: purity=0.048 anchors=4  margin=0.8430
          round 2: purity=0.380 anchors=7  margin=0.8311
  [sigreg+proto] epoch 1/5  sigreg=0.3556  proto=10.3950  min_dist=5.48  mean_dist=17.09
  [sigreg+proto] epoch 2/5  sigreg=0.4283  proto=6.9429  min_dist=5.54  mean_dist=17.11
  [sigreg+proto] epoch 3/5  sigreg=0.5466  proto=4.5799  min_dist=5.60  mean_dist=17.13
  [sigreg+proto] epoch 4/5  sigreg=0.6228  proto=3.6124  min_dist=5.65  mean_dist=17.15
  [sigreg+proto] epoch 5/5  sigreg=0.6573  proto=2.8796  min_dist=5.71  mean_dist=17.18
  round 1: pool=80 purity=0.000 k-hat=3 anchors=3  margin=0.4983  mean-anchor=0.1970  9=0.197
  [sigreg+proto] epoch 1/5  sigreg=0.6431  proto=6.5351  min_dist=5.76  mean_dist=17.15
  [sigreg+proto] epoch 2/5  sigreg=0.6180  proto=4.1128  min_dist=5.81  mean_dist=17.17
  [sigreg+proto] epoch 3/5  sigreg=0.7111  proto=3.2279  min_dist=5.86  mean_dist=17.19
  [sigreg+proto] epoch 4/5  sigreg=0.7091  proto=2.6376  min_dist=5.90  mean_dist=17.21
  [sigreg+proto] epoch 5/5  sigreg=0.7285  proto=2.1959  min_dist=5.95  mean_dist=17.24
  round 2: pool=80 purity=0.000 k-hat=4 anchors=7  margin=0.6533  mean-anchor=0.5353  9=0.535
    post-spk f=0.003: power=0.000 [0.000,0.036] (0/50)
    post-maha f=0.003: power=0.140 [0.090,0.207] (7/50)
    post-mmd f=0.003: power=0.080 [0.042,0.138] (4/50)
  [galaxy10_dino] post f=0.003: perevent=0.032  sparker=0.000  maha=0.140  mmd=0.080
  [sigreg+proto] epoch 1/5  sigreg=0.3578  proto=9.2052  min_dist=5.48  mean_dist=17.09
  [sigreg+proto] epoch 2/5  sigreg=0.4579  proto=6.2160  min_dist=5.53  mean_dist=17.11
  [sigreg+proto] epoch 3/5  sigreg=0.5967  proto=4.2815  min_dist=5.59  mean_dist=17.13
  [sigreg+proto] epoch 4/5  sigreg=0.6452  proto=3.7865  min_dist=5.65  mean_dist=17.15
  [sigreg+proto] epoch 5/5  sigreg=0.7053  proto=3.1328  min_dist=5.71  mean_dist=17.18
  round 1: pool=80 purity=0.000 k-hat=3 anchors=3  margin=0.5086  mean-anchor=0.1943  9=0.194
  [sigreg+proto] epoch 1/5  sigreg=0.6106  proto=6.2814  min_dist=5.76  mean_dist=17.19
  [sigreg+proto] epoch 2/5  sigreg=0.6405  proto=3.7113  min_dist=5.82  mean_dist=17.21
  [sigreg+proto] epoch 3/5  sigreg=0.6635  proto=3.2430  min_dist=5.87  mean_dist=17.24
  [sigreg+proto] epoch 4/5  sigreg=0.6844  proto=2.6164  min_dist=5.93  mean_dist=17.27
  [sigreg+proto] epoch 5/5  sigreg=0.6947  proto=2.2364  min_dist=5.98  mean_dist=17.30
  round 2: pool=81 purity=0.012 k-hat=3 anchors=6  margin=0.7254  mean-anchor=0.7575  9=0.758
    post-spk f=0.01: power=0.020 [0.003,0.064] (1/50)
    post-maha f=0.01: power=0.100 [0.058,0.162] (5/50)
    post-mmd f=0.01: power=0.040 [0.014,0.090] (2/50)
  [galaxy10_dino] post f=0.01: perevent=0.056  sparker=0.020  maha=0.100  mmd=0.040
  [sigreg+proto] epoch 1/5  sigreg=0.3660  proto=10.7009  min_dist=5.47  mean_dist=17.08
  [sigreg+proto] epoch 2/5  sigreg=0.4867  proto=6.6553  min_dist=5.51  mean_dist=17.10
  [sigreg+proto] epoch 3/5  sigreg=0.5898  proto=4.7076  min_dist=5.56  mean_dist=17.12
  [sigreg+proto] epoch 4/5  sigreg=0.6475  proto=4.1430  min_dist=5.63  mean_dist=17.14
  [sigreg+proto] epoch 5/5  sigreg=0.7057  proto=3.3774  min_dist=5.69  mean_dist=17.17
  round 1: pool=80 purity=0.000 k-hat=3 anchors=3  margin=0.4436  mean-anchor=0.1762  9=0.176
  [sigreg+proto] epoch 1/5  sigreg=0.6327  proto=6.7696  min_dist=5.75  mean_dist=17.26
  [sigreg+proto] epoch 2/5  sigreg=0.6485  proto=5.0723  min_dist=5.80  mean_dist=17.28
  [sigreg+proto] epoch 3/5  sigreg=0.6838  proto=3.6244  min_dist=5.84  mean_dist=17.30
  [sigreg+proto] epoch 4/5  sigreg=0.7331  proto=3.3427  min_dist=5.89  mean_dist=17.31
  [sigreg+proto] epoch 5/5  sigreg=0.6967  proto=2.9406  min_dist=5.93  mean_dist=17.33
  round 2: pool=82 purity=0.024 k-hat=4 anchors=7  margin=0.6762  mean-anchor=0.7529  9=0.753
    post-spk f=0.02: power=0.020 [0.003,0.064] (1/50)
    post-maha f=0.02: power=0.220 [0.159,0.294] (11/50)
    post-mmd f=0.02: power=0.100 [0.058,0.162] (5/50)
  [galaxy10_dino] post f=0.02: perevent=0.024  sparker=0.020  maha=0.220  mmd=0.100
  [sigreg+proto] epoch 1/5  sigreg=0.3341  proto=9.7214  min_dist=5.47  mean_dist=16.18
  [sigreg+proto] epoch 2/5  sigreg=0.4870  proto=6.7610  min_dist=5.51  mean_dist=16.20
  [sigreg+proto] epoch 3/5  sigreg=0.5659  proto=4.6050  min_dist=5.57  mean_dist=16.23
  [sigreg+proto] epoch 4/5  sigreg=0.6201  proto=4.4801  min_dist=5.63  mean_dist=16.25
  [sigreg+proto] epoch 5/5  sigreg=0.6245  proto=3.7100  min_dist=5.70  mean_dist=16.27
  round 1: pool=82 purity=0.024 k-hat=4 anchors=4  margin=0.7928  mean-anchor=0.8218  9=0.822
  [sigreg+proto] epoch 1/5  sigreg=0.6841  proto=7.9040  min_dist=5.74  mean_dist=16.29
  [sigreg+proto] epoch 2/5  sigreg=0.6773  proto=5.5227  min_dist=5.79  mean_dist=16.31
  [sigreg+proto] epoch 3/5  sigreg=0.6440  proto=3.9054  min_dist=5.84  mean_dist=16.33
  [sigreg+proto] epoch 4/5  sigreg=0.6806  proto=3.4292  min_dist=5.89  mean_dist=16.35
  [sigreg+proto] epoch 5/5  sigreg=0.6806  proto=3.0622  min_dist=5.94  mean_dist=16.37
  round 2: pool=98 purity=0.184 k-hat=3 anchors=7  margin=0.8279  mean-anchor=0.8419  9=0.842
    post-spk f=0.05: power=0.100 [0.058,0.162] (5/50)
    post-maha f=0.05: power=0.500 [0.421,0.579] (25/50)
    post-mmd f=0.05: power=1.000 [0.964,1.000] (50/50)
  [galaxy10_dino] post f=0.05: perevent=0.160  sparker=0.100  maha=0.500  mmd=1.000

######## [galaxy10_lejepa] discovery on supcon-ft->res concat ########
Fetching 37 files:   0%|          | 0/37 [00:00<?, ?it/s]Fetching 37 files: 100%|██████████| 37/37 [00:00<00:00, 29045.34it/s]
Fetching 37 files:   0%|          | 0/37 [00:00<?, ?it/s]Fetching 37 files: 100%|██████████| 37/37 [00:00<00:00, 57863.25it/s]
  [sigreg+proto] epoch 1/5  sigreg=0.3172  proto=3.7955  min_dist=3.83  mean_dist=8.23
  [sigreg+proto] epoch 2/5  sigreg=0.3847  proto=2.2696  min_dist=3.91  mean_dist=8.32
  [sigreg+proto] epoch 3/5  sigreg=0.4482  proto=1.5127  min_dist=3.99  mean_dist=8.40
  [sigreg+proto] epoch 4/5  sigreg=0.4678  proto=1.0082  min_dist=4.08  mean_dist=8.48
  [sigreg+proto] epoch 5/5  sigreg=0.4979  proto=0.7814  min_dist=4.16  mean_dist=8.57
  round 1: pool=80 purity=0.000 k-hat=2 anchors=2  margin=0.4665  mean-anchor=0.5278  9=0.528
  [sigreg+proto] epoch 1/5  sigreg=0.5039  proto=1.5587  min_dist=4.24  mean_dist=8.76
  [sigreg+proto] epoch 2/5  sigreg=0.5186  proto=1.1299  min_dist=4.31  mean_dist=8.84
  [sigreg+proto] epoch 3/5  sigreg=0.5301  proto=0.8774  min_dist=4.39  mean_dist=8.91
  [sigreg+proto] epoch 4/5  sigreg=0.5318  proto=0.6657  min_dist=4.47  mean_dist=8.98
  [sigreg+proto] epoch 5/5  sigreg=0.5322  proto=0.6592  min_dist=4.54  mean_dist=9.05
  round 2: pool=90 purity=0.111 k-hat=2 anchors=4  margin=0.5007  mean-anchor=0.5146  9=0.515
  [galaxy10_lejepa] supcon-ft->res concat: probe 0.9746+-0.0003 -> 0.9699+-0.0004  eucl 0.2883 -> 0.4925  mahaT 0.6250 -> 0.6728
          round 1: purity=0.000 anchors=2  margin=0.4665
          round 2: purity=0.111 anchors=4  margin=0.5007
  [sigreg+proto] epoch 1/5  sigreg=0.3172  proto=3.7955  min_dist=3.83  mean_dist=8.23
  [sigreg+proto] epoch 2/5  sigreg=0.3847  proto=2.2696  min_dist=3.91  mean_dist=8.32
  [sigreg+proto] epoch 3/5  sigreg=0.4482  proto=1.5127  min_dist=3.99  mean_dist=8.40
  [sigreg+proto] epoch 4/5  sigreg=0.4678  proto=1.0082  min_dist=4.08  mean_dist=8.48
  [sigreg+proto] epoch 5/5  sigreg=0.4979  proto=0.7814  min_dist=4.16  mean_dist=8.57
  round 1: pool=80 purity=0.000 k-hat=2 anchors=2  margin=0.4665  mean-anchor=0.5278  9=0.528
  [sigreg+proto] epoch 1/5  sigreg=0.5199  proto=1.8340  min_dist=4.24  mean_dist=8.81
  [sigreg+proto] epoch 2/5  sigreg=0.5455  proto=1.1475  min_dist=4.32  mean_dist=8.88
  [sigreg+proto] epoch 3/5  sigreg=0.5494  proto=0.8498  min_dist=4.39  mean_dist=8.96
  [sigreg+proto] epoch 4/5  sigreg=0.5504  proto=0.6908  min_dist=4.47  mean_dist=9.03
  [sigreg+proto] epoch 5/5  sigreg=0.5543  proto=0.6141  min_dist=4.55  mean_dist=9.10
  round 2: pool=80 purity=0.000 k-hat=3 anchors=5  margin=0.4861  mean-anchor=0.5776  9=0.578
    post-spk f=0.003: power=0.060 [0.028,0.115] (3/50)
    post-maha f=0.003: power=0.100 [0.058,0.162] (5/50)
    post-mmd f=0.003: power=0.020 [0.003,0.064] (1/50)
  [galaxy10_lejepa] post f=0.003: perevent=0.049  sparker=0.060  maha=0.100  mmd=0.020
  [sigreg+proto] epoch 1/5  sigreg=0.3121  proto=4.2227  min_dist=3.83  mean_dist=8.23
  [sigreg+proto] epoch 2/5  sigreg=0.3982  proto=1.9627  min_dist=3.91  mean_dist=8.31
  [sigreg+proto] epoch 3/5  sigreg=0.4459  proto=1.3826  min_dist=3.99  mean_dist=8.40
  [sigreg+proto] epoch 4/5  sigreg=0.4883  proto=0.9965  min_dist=4.08  mean_dist=8.48
  [sigreg+proto] epoch 5/5  sigreg=0.4997  proto=0.7426  min_dist=4.17  mean_dist=8.56
  round 1: pool=80 purity=0.000 k-hat=2 anchors=2  margin=0.4151  mean-anchor=0.4742  9=0.474
  [sigreg+proto] epoch 1/5  sigreg=0.5549  proto=1.9037  min_dist=4.23  mean_dist=9.10
  [sigreg+proto] epoch 2/5  sigreg=0.5861  proto=1.0217  min_dist=4.29  mean_dist=9.16
  [sigreg+proto] epoch 3/5  sigreg=0.5775  proto=0.8758  min_dist=4.35  mean_dist=9.21
  [sigreg+proto] epoch 4/5  sigreg=0.5829  proto=0.7093  min_dist=4.41  mean_dist=9.27
  [sigreg+proto] epoch 5/5  sigreg=0.5920  proto=0.6620  min_dist=4.48  mean_dist=9.33
  round 2: pool=80 purity=0.000 k-hat=4 anchors=6  margin=0.4954  mean-anchor=0.5302  9=0.530
    post-spk f=0.01: power=0.040 [0.014,0.090] (2/50)
    post-maha f=0.01: power=0.180 [0.124,0.251] (9/50)
    post-mmd f=0.01: power=0.020 [0.003,0.064] (1/50)
  [galaxy10_lejepa] post f=0.01: perevent=0.027  sparker=0.040  maha=0.180  mmd=0.020
  [sigreg+proto] epoch 1/5  sigreg=0.3210  proto=3.7349  min_dist=3.83  mean_dist=8.23
  [sigreg+proto] epoch 2/5  sigreg=0.3825  proto=2.1543  min_dist=3.91  mean_dist=8.31
  [sigreg+proto] epoch 3/5  sigreg=0.4431  proto=1.2914  min_dist=3.99  mean_dist=8.40
  [sigreg+proto] epoch 4/5  sigreg=0.4660  proto=1.0045  min_dist=4.08  mean_dist=8.48
  [sigreg+proto] epoch 5/5  sigreg=0.4914  proto=0.8691  min_dist=4.16  mean_dist=8.57
  round 1: pool=80 purity=0.000 k-hat=2 anchors=2  margin=0.4292  mean-anchor=0.4712  9=0.471
  [sigreg+proto] epoch 1/5  sigreg=0.5322  proto=2.1570  min_dist=4.22  mean_dist=9.11
  [sigreg+proto] epoch 2/5  sigreg=0.5719  proto=1.1077  min_dist=4.28  mean_dist=9.16
  [sigreg+proto] epoch 3/5  sigreg=0.5739  proto=0.8986  min_dist=4.34  mean_dist=9.22
  [sigreg+proto] epoch 4/5  sigreg=0.5732  proto=0.7487  min_dist=4.41  mean_dist=9.28
  [sigreg+proto] epoch 5/5  sigreg=0.5687  proto=0.6593  min_dist=4.47  mean_dist=9.33
  round 2: pool=81 purity=0.012 k-hat=4 anchors=6  margin=0.4523  mean-anchor=0.5012  9=0.501
    post-spk f=0.02: power=0.120 [0.074,0.184] (6/50)
    post-maha f=0.02: power=0.300 [0.231,0.378] (15/50)
    post-mmd f=0.02: power=0.060 [0.028,0.115] (3/50)
  [galaxy10_lejepa] post f=0.02: perevent=0.018  sparker=0.120  maha=0.300  mmd=0.060
  [sigreg+proto] epoch 1/5  sigreg=0.3207  proto=4.0930  min_dist=3.83  mean_dist=8.23
  [sigreg+proto] epoch 2/5  sigreg=0.3869  proto=2.1185  min_dist=3.91  mean_dist=8.31
  [sigreg+proto] epoch 3/5  sigreg=0.4494  proto=1.3871  min_dist=3.99  mean_dist=8.40
  [sigreg+proto] epoch 4/5  sigreg=0.4735  proto=0.9876  min_dist=4.08  mean_dist=8.48
  [sigreg+proto] epoch 5/5  sigreg=0.4876  proto=0.8752  min_dist=4.16  mean_dist=8.56
  round 1: pool=80 purity=0.000 k-hat=2 anchors=2  margin=0.4932  mean-anchor=0.5292  9=0.529
  [sigreg+proto] epoch 1/5  sigreg=0.5189  proto=1.4464  min_dist=4.24  mean_dist=8.79
  [sigreg+proto] epoch 2/5  sigreg=0.5296  proto=1.1520  min_dist=4.31  mean_dist=8.86
  [sigreg+proto] epoch 3/5  sigreg=0.5384  proto=0.7113  min_dist=4.39  mean_dist=8.94
  [sigreg+proto] epoch 4/5  sigreg=0.5395  proto=0.6390  min_dist=4.47  mean_dist=9.01
  [sigreg+proto] epoch 5/5  sigreg=0.5345  proto=0.5801  min_dist=4.55  mean_dist=9.08
  round 2: pool=84 purity=0.048 k-hat=3 anchors=5  margin=0.5539  mean-anchor=0.6136  9=0.614
    post-spk f=0.05: power=0.800 [0.727,0.859] (40/50)
    post-maha f=0.05: power=0.520 [0.440,0.599] (26/50)
    post-mmd f=0.05: power=0.880 [0.816,0.926] (44/50)
  [galaxy10_lejepa] post f=0.05: perevent=0.084  sparker=0.800  maha=0.520  mmd=0.880

######## [galaxy10_visreg] discovery on supcon-ft->res residual ########
  [sigreg+proto] epoch 1/5  sigreg=0.2793  proto=5.7808  min_dist=4.97  mean_dist=14.36
  [sigreg+proto] epoch 2/5  sigreg=0.3892  proto=4.0777  min_dist=5.04  mean_dist=14.39
  [sigreg+proto] epoch 3/5  sigreg=0.4228  proto=3.0945  min_dist=5.10  mean_dist=14.42
  [sigreg+proto] epoch 4/5  sigreg=0.4813  proto=2.5882  min_dist=5.17  mean_dist=14.44
  [sigreg+proto] epoch 5/5  sigreg=0.5124  proto=1.8495  min_dist=5.24  mean_dist=14.47
  round 1: pool=122 purity=0.344 k-hat=4 anchors=4  margin=0.6892  mean-anchor=0.9363  9=0.936
  [sigreg+proto] epoch 1/5  sigreg=0.5198  proto=3.3042  min_dist=5.29  mean_dist=15.22
  [sigreg+proto] epoch 2/5  sigreg=0.5146  proto=2.1019  min_dist=5.35  mean_dist=15.25
  [sigreg+proto] epoch 3/5  sigreg=0.5434  proto=1.6128  min_dist=5.41  mean_dist=15.28
  [sigreg+proto] epoch 4/5  sigreg=0.5381  proto=1.5471  min_dist=5.46  mean_dist=15.30
  [sigreg+proto] epoch 5/5  sigreg=0.5453  proto=1.3346  min_dist=5.52  mean_dist=15.33
  round 2: pool=81 purity=0.012 k-hat=4 anchors=8  margin=0.5987  mean-anchor=0.8982  9=0.898
  [galaxy10_visreg] supcon-ft->res residual: probe 0.9645+-0.0007 -> 0.9511+-0.0014  eucl 0.6181 -> 0.7080  mahaT 0.8352 -> 0.8193
          round 1: purity=0.344 anchors=4  margin=0.6892
          round 2: purity=0.012 anchors=8  margin=0.5987
  [sigreg+proto] epoch 1/5  sigreg=0.2785  proto=6.2664  min_dist=4.43  mean_dist=14.46
  [sigreg+proto] epoch 2/5  sigreg=0.3798  proto=4.1114  min_dist=4.50  mean_dist=14.49
  [sigreg+proto] epoch 3/5  sigreg=0.4234  proto=3.5317  min_dist=4.58  mean_dist=14.51
  [sigreg+proto] epoch 4/5  sigreg=0.5015  proto=2.7918  min_dist=4.65  mean_dist=14.54
  [sigreg+proto] epoch 5/5  sigreg=0.5065  proto=1.8865  min_dist=4.72  mean_dist=14.57
  round 1: pool=81 purity=0.012 k-hat=4 anchors=4  margin=0.7089  mean-anchor=0.9328  9=0.933
  [sigreg+proto] epoch 1/5  sigreg=0.4951  proto=3.0514  min_dist=4.78  mean_dist=15.00
  [sigreg+proto] epoch 2/5  sigreg=0.5045  proto=2.4226  min_dist=4.84  mean_dist=15.03
  [sigreg+proto] epoch 3/5  sigreg=0.5087  proto=1.8619  min_dist=4.90  mean_dist=15.06
  [sigreg+proto] epoch 4/5  sigreg=0.5280  proto=1.7748  min_dist=4.96  mean_dist=15.08
  [sigreg+proto] epoch 5/5  sigreg=0.5373  proto=1.4691  min_dist=5.02  mean_dist=15.11
  round 2: pool=81 purity=0.012 k-hat=4 anchors=8  margin=0.7683  mean-anchor=0.9306  9=0.931
    post-spk f=0.003: power=0.040 [0.014,0.090] (2/50)
    post-maha f=0.003: power=0.040 [0.014,0.090] (2/50)
    post-mmd f=0.003: power=0.120 [0.074,0.184] (6/50)
  [galaxy10_visreg] post f=0.003: perevent=0.449  sparker=0.040  maha=0.040  mmd=0.120
  [sigreg+proto] epoch 1/5  sigreg=0.2922  proto=6.8355  min_dist=5.30  mean_dist=14.49
  [sigreg+proto] epoch 2/5  sigreg=0.3855  proto=5.2081  min_dist=5.35  mean_dist=14.51
  [sigreg+proto] epoch 3/5  sigreg=0.4539  proto=3.5879  min_dist=5.41  mean_dist=14.53
  [sigreg+proto] epoch 4/5  sigreg=0.4878  proto=2.8991  min_dist=5.47  mean_dist=14.56
  [sigreg+proto] epoch 5/5  sigreg=0.4973  proto=2.4561  min_dist=5.52  mean_dist=14.59
  round 1: pool=85 purity=0.059 k-hat=4 anchors=4  margin=0.6991  mean-anchor=0.9373  9=0.937
  [sigreg+proto] epoch 1/5  sigreg=0.5050  proto=3.3563  min_dist=5.57  mean_dist=14.63
  [sigreg+proto] epoch 2/5  sigreg=0.5066  proto=2.3168  min_dist=5.62  mean_dist=14.66
  [sigreg+proto] epoch 3/5  sigreg=0.5352  proto=1.9452  min_dist=5.67  mean_dist=14.68
  [sigreg+proto] epoch 4/5  sigreg=0.5255  proto=1.6962  min_dist=5.71  mean_dist=14.72
  [sigreg+proto] epoch 5/5  sigreg=0.5525  proto=1.7558  min_dist=5.76  mean_dist=14.75
  round 2: pool=80 purity=0.000 k-hat=4 anchors=8  margin=0.7729  mean-anchor=0.9412  9=0.941
    post-spk f=0.01: power=0.080 [0.042,0.138] (4/50)
    post-maha f=0.01: power=0.140 [0.090,0.207] (7/50)
    post-mmd f=0.01: power=0.040 [0.014,0.090] (2/50)
  [galaxy10_visreg] post f=0.01: perevent=0.431  sparker=0.080  maha=0.140  mmd=0.040
  [sigreg+proto] epoch 1/5  sigreg=0.3141  proto=5.7997  min_dist=5.16  mean_dist=14.94
  [sigreg+proto] epoch 2/5  sigreg=0.4059  proto=4.2460  min_dist=5.22  mean_dist=14.96
  [sigreg+proto] epoch 3/5  sigreg=0.4582  proto=3.3883  min_dist=5.27  mean_dist=14.99
  [sigreg+proto] epoch 4/5  sigreg=0.4939  proto=2.4365  min_dist=5.33  mean_dist=15.02
  [sigreg+proto] epoch 5/5  sigreg=0.4937  proto=1.9707  min_dist=5.39  mean_dist=15.04
  round 1: pool=89 purity=0.101 k-hat=4 anchors=4  margin=0.6594  mean-anchor=0.9169  9=0.917
  [sigreg+proto] epoch 1/5  sigreg=0.4730  proto=3.1339  min_dist=5.44  mean_dist=15.00
  [sigreg+proto] epoch 2/5  sigreg=0.5184  proto=2.2610  min_dist=5.48  mean_dist=15.03
  [sigreg+proto] epoch 3/5  sigreg=0.5321  proto=2.0639  min_dist=5.53  mean_dist=15.06
  [sigreg+proto] epoch 4/5  sigreg=0.5318  proto=1.6310  min_dist=5.58  mean_dist=15.09
  [sigreg+proto] epoch 5/5  sigreg=0.5257  proto=1.4067  min_dist=5.63  mean_dist=15.12
  round 2: pool=80 purity=0.000 k-hat=4 anchors=8  margin=0.7227  mean-anchor=0.9256  9=0.926
    post-spk f=0.02: power=0.160 [0.107,0.229] (8/50)
    post-maha f=0.02: power=0.320 [0.249,0.399] (16/50)
    post-mmd f=0.02: power=0.200 [0.141,0.273] (10/50)
  [galaxy10_visreg] post f=0.02: perevent=0.348  sparker=0.160  maha=0.320  mmd=0.200
  [sigreg+proto] epoch 1/5  sigreg=0.2817  proto=5.8103  min_dist=5.30  mean_dist=14.33
  [sigreg+proto] epoch 2/5  sigreg=0.3631  proto=5.0011  min_dist=5.35  mean_dist=14.35
  [sigreg+proto] epoch 3/5  sigreg=0.4092  proto=3.3908  min_dist=5.41  mean_dist=14.38
  [sigreg+proto] epoch 4/5  sigreg=0.4534  proto=2.7261  min_dist=5.46  mean_dist=14.40
  [sigreg+proto] epoch 5/5  sigreg=0.4960  proto=2.1170  min_dist=5.52  mean_dist=14.43
  round 1: pool=103 purity=0.223 k-hat=4 anchors=4  margin=0.6785  mean-anchor=0.9272  9=0.927
  [sigreg+proto] epoch 1/5  sigreg=0.4881  proto=2.9446  min_dist=5.57  mean_dist=14.87
  [sigreg+proto] epoch 2/5  sigreg=0.5154  proto=2.3114  min_dist=5.62  mean_dist=14.90
  [sigreg+proto] epoch 3/5  sigreg=0.5361  proto=1.6824  min_dist=5.66  mean_dist=14.92
  [sigreg+proto] epoch 4/5  sigreg=0.5541  proto=1.5094  min_dist=5.71  mean_dist=14.95
  [sigreg+proto] epoch 5/5  sigreg=0.5798  proto=1.4438  min_dist=5.75  mean_dist=14.98
  round 2: pool=82 purity=0.024 k-hat=3 anchors=7  margin=0.7210  mean-anchor=0.9308  9=0.931
    post-spk f=0.05: power=0.780 [0.706,0.841] (39/50)
    post-maha f=0.05: power=0.600 [0.520,0.676] (30/50)
    post-mmd f=0.05: power=1.000 [0.964,1.000] (50/50)
  [galaxy10_visreg] post f=0.05: perevent=0.317  sparker=0.780  maha=0.600  mmd=1.000

===== EXP72 SUMMARY (discovery on exp-71 winners) =====
  cell              space                          probe pre->post   mahaT pre->post purity r1
  cars_dino         supcon-ft->resnplm concat    0.8211->0.8205   0.5478->0.5430     0.161
  cars_lejepa       supcon-ft->resnplm concat    0.7793->0.7865   0.5144->0.5340     0.104
  cars_visreg       supcon-ft->resnplm concat    0.8545->0.8509   0.6779->0.6730     0.262
  flowers_dino      supcon-ft->resnplm concat    0.8852->0.9061   0.8429->0.8525     0.609
  flowers_lejepa    ss-ft->res concat            0.8132->0.8127   0.8861->0.8817     0.439
  flowers_visreg    supcon-ft->resnplm concat    0.8575->0.8664   0.8696->0.8747     0.643
  dtd_dino          supcon-ft->res concat        0.8447->0.8382   0.6036->0.6456     0.135
  dtd_lejepa        ss-ft->res concat            0.8312->0.8376   0.7906->0.7960     0.588
  dtd_visreg        supcon-ft->res concat        0.8471->0.8621   0.7580->0.7775     0.292
  galaxy10_dino     supcon-ft->res concat        0.9549->0.9548   0.7624->0.7036     0.048
  galaxy10_lejepa   supcon-ft->res concat        0.9746->0.9699   0.6250->0.6728     0.000
  galaxy10_visreg   supcon-ft->res residual      0.9645->0.9511   0.8352->0.8193     0.344
saved /home/pharris/sigreg/SuperSig/plots/exp72_residual_discovery.png
Done.
