/home/pharris/venv/lib64/python3.9/site-packages/networkx/utils/backends.py:135: RuntimeWarning: networkx backend defined more than once: nx-loopback
  backends.update(_get_backends("networkx.backends"))
exp71 [cars_visreg_ft71] residual ft on exp-70 parents, runs=[('supcon-ft', 'res-nplm')], epochs=20

===== [cars_visreg_ft71] supcon-ft->res-nplm =====
  [supcon-ft (parent)          ] probe=0.6693+-0.0068 acc=0.5412 eucl=0.6878 mahaT=0.6145 perevt=0.225
  [supcon-ft-res-nplm] epoch 1/20  main=424160051939.3195  aux=0.1208
  [supcon-ft-res-nplm] epoch 5/20  main=123917126609.2614  aux=0.1705
  [supcon-ft-res-nplm] epoch 10/20  main=61625305484.3485  aux=0.1912
  [supcon-ft-res-nplm] epoch 15/20  main=29500158128.9544  aux=0.2049
  [supcon-ft-res-nplm] epoch 20/20  main=21387201730.8278  aux=0.2117
  extracted ft70_supcon-ft_resnplm train: (8144, 768)
  extracted ft70_supcon-ft_resnplm test: (8041, 768)
  [supcon-ft->res-nplm (residual)] probe=0.8066+-0.0112 acc=0.5840 eucl=0.6938 mahaT=0.6098 perevt=0.242
  [supcon-ft->res-nplm (concat)] probe=0.8118+-0.0183 acc=0.5923 eucl=0.7202 mahaT=0.6325 perevt=0.256

===== EXP71 SUMMARY [cars_visreg_ft71] =====
  space                                    probe     acc    eucl   mahaT  perevt
  supcon-ft (parent)               0.6693+-0.0068  0.5412  0.6878  0.6145   0.225
  supcon-ft->res-nplm (residual)   0.8066+-0.0112  0.5840  0.6938  0.6098   0.242
  supcon-ft->res-nplm (concat)     0.8118+-0.0183  0.5923  0.7202  0.6325   0.256
saved /home/pharris/sigreg/SuperSig/plots/exp71_probe_cars_visreg_ft71.png
Done.
