/home/pharris/venv/lib64/python3.9/site-packages/networkx/utils/backends.py:135: RuntimeWarning: networkx backend defined more than once: nx-loopback
  backends.update(_get_backends("networkx.backends"))
Using cache found in /home/pharris/.cache/torch/hub/chenyaofo_pytorch-cifar-models_master
exp58 [cifar10] NPLM-ft discovery A/B, arms=['nplm_sup_dist', 'nplm_dist_sup_cw'], fts=['proto', 'nplm'], annealed-sigma sparker

===== training: nplm_sup_dist =====
  CIFAR two-view embedding-train images (no {4}): 45000
  [nplm/distance] epoch 1/20  interaction=-0.4529  marginal=0.5765
  [nplm/distance] epoch 2/20  interaction=-0.5039  marginal=0.5519
  [nplm/distance] epoch 3/20  interaction=-0.5226  marginal=0.5385
  [nplm/distance] epoch 4/20  interaction=-0.5337  marginal=0.5320
  [nplm/distance] epoch 5/20  interaction=-0.5382  marginal=0.5260
  [nplm/distance] epoch 6/20  interaction=-0.5435  marginal=0.5245
  [nplm/distance] epoch 7/20  interaction=-0.5557  marginal=0.5132
  [nplm/distance] epoch 8/20  interaction=-0.5586  marginal=0.5086
  [nplm/distance] epoch 9/20  interaction=-0.5620  marginal=0.5053
  [nplm/distance] epoch 10/20  interaction=-0.5647  marginal=0.5046
  [nplm/distance] epoch 11/20  interaction=-0.5729  marginal=0.4968
  [nplm/distance] epoch 12/20  interaction=-0.5754  marginal=0.4936
  [nplm/distance] epoch 13/20  interaction=-0.5793  marginal=0.4931
  [nplm/distance] epoch 14/20  interaction=-0.5836  marginal=0.4882
  [nplm/distance] epoch 15/20  interaction=-0.5859  marginal=0.4855
  [nplm/distance] epoch 16/20  interaction=-0.5828  marginal=0.4855
  [nplm/distance] epoch 17/20  interaction=-0.5918  marginal=0.4835
  [nplm/distance] epoch 18/20  interaction=-0.5877  marginal=0.4800
  [nplm/distance] epoch 19/20  interaction=-0.5957  marginal=0.4782
  [nplm/distance] epoch 20/20  interaction=-0.5964  marginal=0.4728

----- natural discovery: nplm_sup_dist ft=proto -----
    merged 4 -> 1 anchors
  [sigreg+proto] epoch 1/5  sigreg=0.2338  proto=1.9173  min_dist=1.31  mean_dist=3.86
  [sigreg+proto] epoch 2/5  sigreg=0.1736  proto=1.0574  min_dist=1.79  mean_dist=4.58
  [sigreg+proto] epoch 3/5  sigreg=0.1640  proto=0.8399  min_dist=2.16  mean_dist=5.20
  [sigreg+proto] epoch 4/5  sigreg=0.1505  proto=0.6971  min_dist=2.46  mean_dist=5.74
  [sigreg+proto] epoch 5/5  sigreg=0.1438  proto=0.6216  min_dist=2.73  mean_dist=6.24
  round 1: pool=3514 purity=0.360 k-hat=4 anchors=1  margin=0.9217  mean-anchor=0.8615  deer=0.862
  [sigreg+proto] epoch 1/5  sigreg=0.1476  proto=1.2283  min_dist=3.59  mean_dist=7.55
  [sigreg+proto] epoch 2/5  sigreg=0.1461  proto=1.0816  min_dist=4.23  mean_dist=8.34
  [sigreg+proto] epoch 3/5  sigreg=0.1491  proto=1.0576  min_dist=4.75  mean_dist=9.02
  [sigreg+proto] epoch 4/5  sigreg=0.1500  proto=1.0546  min_dist=5.20  mean_dist=9.64
  [sigreg+proto] epoch 5/5  sigreg=0.1533  proto=1.1276  min_dist=5.62  mean_dist=10.19
  round 2: pool=2320 purity=0.030 k-hat=4 anchors=5  margin=0.9030  mean-anchor=0.9212  deer=0.921
  probe pre=0.7396 post=0.9661

----- natural discovery: nplm_sup_dist ft=nplm -----
    merged 4 -> 1 anchors
  [nplm-ft/distance] epoch 1/5  interaction=-0.5887  marginal=0.4905
  [nplm-ft/distance] epoch 2/5  interaction=-0.6116  marginal=0.4709
  [nplm-ft/distance] epoch 3/5  interaction=-0.6258  marginal=0.4575
  [nplm-ft/distance] epoch 4/5  interaction=-0.6291  marginal=0.4533
  [nplm-ft/distance] epoch 5/5  interaction=-0.6356  marginal=0.4488
  round 1: pool=3514 purity=0.360 k-hat=4 anchors=1  margin=0.9205  mean-anchor=0.9090
    merged 5 -> 1 anchors
  [nplm-ft/distance] epoch 1/5  interaction=-0.6279  marginal=0.4571
  [nplm-ft/distance] epoch 2/5  interaction=-0.6361  marginal=0.4510
  [nplm-ft/distance] epoch 3/5  interaction=-0.6397  marginal=0.4489
  [nplm-ft/distance] epoch 4/5  interaction=-0.6410  marginal=0.4484
  [nplm-ft/distance] epoch 5/5  interaction=-0.6476  marginal=0.4424
  round 2: pool=3202 purity=0.297 k-hat=4 anchors=1  margin=0.9541  mean-anchor=0.9590
Using cache found in /home/pharris/.cache/torch/hub/chenyaofo_pytorch-cifar-models_master
  probe pre=0.7396 post=0.8117

===== training: nplm_dist_sup_cw =====
  cifar10 balanced two-view loader (no {4}): 45000 images, 208 batches of 9x24
  [nplm/distance/cw] epoch 1/20  interaction=-0.4737  classwise=0.9950
  [nplm/distance/cw] epoch 2/20  interaction=-0.5420  classwise=0.9696
  [nplm/distance/cw] epoch 3/20  interaction=-0.5630  classwise=0.9719
  [nplm/distance/cw] epoch 4/20  interaction=-0.5760  classwise=0.9717
  [nplm/distance/cw] epoch 5/20  interaction=-0.5914  classwise=0.9713
  [nplm/distance/cw] epoch 6/20  interaction=-0.5963  classwise=0.9720
  [nplm/distance/cw] epoch 7/20  interaction=-0.6019  classwise=0.9707
  [nplm/distance/cw] epoch 8/20  interaction=-0.6098  classwise=0.9705
  [nplm/distance/cw] epoch 9/20  interaction=-0.6164  classwise=0.9699
  [nplm/distance/cw] epoch 10/20  interaction=-0.6261  classwise=0.9696
  [nplm/distance/cw] epoch 11/20  interaction=-0.6354  classwise=0.9697
  [nplm/distance/cw] epoch 12/20  interaction=-0.6340  classwise=0.9696
  [nplm/distance/cw] epoch 13/20  interaction=-0.6390  classwise=0.9688
  [nplm/distance/cw] epoch 14/20  interaction=-0.6443  classwise=0.9686
  [nplm/distance/cw] epoch 15/20  interaction=-0.6497  classwise=0.9675
  [nplm/distance/cw] epoch 16/20  interaction=-0.6517  classwise=0.9684
  [nplm/distance/cw] epoch 17/20  interaction=-0.6525  classwise=0.9679
  [nplm/distance/cw] epoch 18/20  interaction=-0.6570  classwise=0.9677
  [nplm/distance/cw] epoch 19/20  interaction=-0.6591  classwise=0.9666
  [nplm/distance/cw] epoch 20/20  interaction=-0.6619  classwise=0.9674

----- natural discovery: nplm_dist_sup_cw ft=proto -----
    merged 4 -> 1 anchors
  [sigreg+proto] epoch 1/5  sigreg=0.2106  proto=1.7791  min_dist=2.05  mean_dist=3.58
  [sigreg+proto] epoch 2/5  sigreg=0.1586  proto=0.9484  min_dist=2.85  mean_dist=4.46
  [sigreg+proto] epoch 3/5  sigreg=0.1519  proto=0.7165  min_dist=3.47  mean_dist=5.20
  [sigreg+proto] epoch 4/5  sigreg=0.1408  proto=0.6372  min_dist=3.99  mean_dist=5.84
  [sigreg+proto] epoch 5/5  sigreg=0.1365  proto=0.5620  min_dist=4.44  mean_dist=6.42
  round 1: pool=3549 purity=0.366 k-hat=4 anchors=1  margin=0.9443  mean-anchor=0.8477  deer=0.848
  [sigreg+proto] epoch 1/5  sigreg=0.1444  proto=1.2013  min_dist=4.99  mean_dist=7.37
  [sigreg+proto] epoch 2/5  sigreg=0.1446  proto=1.0467  min_dist=5.67  mean_dist=8.19
  [sigreg+proto] epoch 3/5  sigreg=0.1481  proto=1.0335  min_dist=6.28  mean_dist=8.89
  [sigreg+proto] epoch 4/5  sigreg=0.1539  proto=1.1081  min_dist=6.82  mean_dist=9.52
  [sigreg+proto] epoch 5/5  sigreg=0.1557  proto=1.1736  min_dist=7.28  mean_dist=10.08
  round 2: pool=2518 purity=0.106 k-hat=4 anchors=5  margin=0.9431  mean-anchor=0.9227  deer=0.923
  probe pre=0.8802 post=0.9676

----- natural discovery: nplm_dist_sup_cw ft=nplm -----
    merged 4 -> 1 anchors
  [nplm-ft/distance] epoch 1/5  interaction=-0.6227  marginal=0.4842
  [nplm-ft/distance] epoch 2/5  interaction=-0.6385  marginal=0.4650
  [nplm-ft/distance] epoch 3/5  interaction=-0.6469  marginal=0.4556
  [nplm-ft/distance] epoch 4/5  interaction=-0.6523  marginal=0.4511
  [nplm-ft/distance] epoch 5/5  interaction=-0.6585  marginal=0.4429
  round 1: pool=3549 purity=0.366 k-hat=4 anchors=1  margin=0.9358  mean-anchor=0.9256
    merged 5 -> 1 anchors
  [nplm-ft/distance] epoch 1/5  interaction=-0.6381  marginal=0.4670
  [nplm-ft/distance] epoch 2/5  interaction=-0.6436  marginal=0.4634
  [nplm-ft/distance] epoch 3/5  interaction=-0.6516  marginal=0.4573
  [nplm-ft/distance] epoch 4/5  interaction=-0.6519  marginal=0.4599
  [nplm-ft/distance] epoch 5/5  interaction=-0.6590  marginal=0.4555
  round 2: pool=2905 purity=0.225 k-hat=4 anchors=1  margin=0.9603  mean-anchor=0.9622
  probe pre=0.8802 post=0.8364

===== POST grid, f=0.001 (45 injected) =====
    merged 4 -> 1 anchors
  [sigreg+proto] epoch 1/5  sigreg=0.2395  proto=1.9150  min_dist=1.30  mean_dist=3.85
  [sigreg+proto] epoch 2/5  sigreg=0.1868  proto=1.1494  min_dist=1.75  mean_dist=4.56
  [sigreg+proto] epoch 3/5  sigreg=0.1649  proto=0.9196  min_dist=2.10  mean_dist=5.17
  [sigreg+proto] epoch 4/5  sigreg=0.1519  proto=0.7910  min_dist=2.39  mean_dist=5.70
  [sigreg+proto] epoch 5/5  sigreg=0.1446  proto=0.6896  min_dist=2.65  mean_dist=6.19
  round 1: pool=2253 purity=0.001 k-hat=4 anchors=1  margin=0.7833  mean-anchor=0.7572  deer=0.757
  [sigreg+proto] epoch 1/5  sigreg=0.1490  proto=1.2472  min_dist=3.70  mean_dist=7.48
  [sigreg+proto] epoch 2/5  sigreg=0.1500  proto=1.0763  min_dist=4.52  mean_dist=8.28
  [sigreg+proto] epoch 3/5  sigreg=0.1528  proto=1.1177  min_dist=5.21  mean_dist=8.96
  [sigreg+proto] epoch 4/5  sigreg=0.1581  proto=1.1367  min_dist=5.80  mean_dist=9.57
  [sigreg+proto] epoch 5/5  sigreg=0.1604  proto=1.1940  min_dist=6.33  mean_dist=10.11
  round 2: pool=2252 purity=0.001 k-hat=4 anchors=5  margin=0.6775  mean-anchor=0.6761  deer=0.676
  [nplm_sup_dist/proto] per-event post f=0.001: power=0.079
  [nplm_sup_dist/proto] sparker (post, annealed)
    post-spk f=0.001: power=0.020 [0.003,0.064] (1/50)
  [nplm_sup_dist/proto] maha (post)
    post-maha f=0.001: power=0.100 [0.058,0.162] (5/50)
  [nplm_sup_dist/proto] mmd (post)
    post-mmd f=0.001: power=0.020 [0.003,0.064] (1/50)
    merged 4 -> 1 anchors
  [nplm-ft/distance] epoch 1/5  interaction=-0.5646  marginal=0.5105
  [nplm-ft/distance] epoch 2/5  interaction=-0.5949  marginal=0.4865
  [nplm-ft/distance] epoch 3/5  interaction=-0.6017  marginal=0.4798
  [nplm-ft/distance] epoch 4/5  interaction=-0.6067  marginal=0.4741
  [nplm-ft/distance] epoch 5/5  interaction=-0.6167  marginal=0.4646
  round 1: pool=2253 purity=0.001 k-hat=4 anchors=1  margin=0.8463  mean-anchor=0.8302
    merged 5 -> 1 anchors
  [nplm-ft/distance] epoch 1/5  interaction=-0.5937  marginal=0.4923
  [nplm-ft/distance] epoch 2/5  interaction=-0.6051  marginal=0.4884
  [nplm-ft/distance] epoch 3/5  interaction=-0.6117  marginal=0.4874
  [nplm-ft/distance] epoch 4/5  interaction=-0.6175  marginal=0.4806
  [nplm-ft/distance] epoch 5/5  interaction=-0.6218  marginal=0.4791
  round 2: pool=2261 purity=0.005 k-hat=4 anchors=1  margin=0.8234  mean-anchor=0.8155
  [nplm_sup_dist/nplm] per-event post f=0.001: power=0.312
  [nplm_sup_dist/nplm] sparker (post, annealed)
    post-spk f=0.001: power=0.020 [0.003,0.064] (1/50)
  [nplm_sup_dist/nplm] maha (post)
    post-maha f=0.001: power=0.100 [0.058,0.162] (5/50)
  [nplm_sup_dist/nplm] mmd (post)
    post-mmd f=0.001: power=0.020 [0.003,0.064] (1/50)
    merged 4 -> 1 anchors
  [sigreg+proto] epoch 1/5  sigreg=0.2095  proto=1.7567  min_dist=2.07  mean_dist=3.56
  [sigreg+proto] epoch 2/5  sigreg=0.1592  proto=0.9831  min_dist=2.88  mean_dist=4.42
  [sigreg+proto] epoch 3/5  sigreg=0.1532  proto=0.7630  min_dist=3.51  mean_dist=5.15
  [sigreg+proto] epoch 4/5  sigreg=0.1448  proto=0.6616  min_dist=4.04  mean_dist=5.79
  [sigreg+proto] epoch 5/5  sigreg=0.1389  proto=0.5836  min_dist=4.45  mean_dist=6.35
  round 1: pool=2267 purity=0.007 k-hat=4 anchors=1  margin=0.7797  mean-anchor=0.7313  deer=0.731
  [sigreg+proto] epoch 1/5  sigreg=0.1458  proto=1.1753  min_dist=4.94  mean_dist=7.28
  [sigreg+proto] epoch 2/5  sigreg=0.1453  proto=1.0396  min_dist=5.46  mean_dist=8.08
  [sigreg+proto] epoch 3/5  sigreg=0.1506  proto=1.0538  min_dist=5.97  mean_dist=8.77
  [sigreg+proto] epoch 4/5  sigreg=0.1554  proto=1.1153  min_dist=6.44  mean_dist=9.38
  [sigreg+proto] epoch 5/5  sigreg=0.1573  proto=1.1458  min_dist=6.88  mean_dist=9.94
  round 2: pool=2250 purity=0.000 k-hat=4 anchors=5  margin=0.7592  mean-anchor=0.7429  deer=0.743
  [nplm_dist_sup_cw/proto] per-event post f=0.001: power=0.208
  [nplm_dist_sup_cw/proto] sparker (post, annealed)
    post-spk f=0.001: power=0.060 [0.028,0.115] (3/50)
  [nplm_dist_sup_cw/proto] maha (post)
    post-maha f=0.001: power=0.060 [0.028,0.115] (3/50)
  [nplm_dist_sup_cw/proto] mmd (post)
    post-mmd f=0.001: power=0.180 [0.124,0.251] (9/50)
    merged 4 -> 1 anchors
  [nplm-ft/distance] epoch 1/5  interaction=-0.5920  marginal=0.5060
  [nplm-ft/distance] epoch 2/5  interaction=-0.6209  marginal=0.4850
  [nplm-ft/distance] epoch 3/5  interaction=-0.6211  marginal=0.4768
  [nplm-ft/distance] epoch 4/5  interaction=-0.6317  marginal=0.4696
  [nplm-ft/distance] epoch 5/5  interaction=-0.6376  marginal=0.4573
  round 1: pool=2267 purity=0.007 k-hat=4 anchors=1  margin=0.8058  mean-anchor=0.7694
    merged 5 -> 1 anchors
  [nplm-ft/distance] epoch 1/5  interaction=-0.6075  marginal=0.4902
  [nplm-ft/distance] epoch 2/5  interaction=-0.6200  marginal=0.4865
  [nplm-ft/distance] epoch 3/5  interaction=-0.6246  marginal=0.4854
  [nplm-ft/distance] epoch 4/5  interaction=-0.6333  marginal=0.4784
  [nplm-ft/distance] epoch 5/5  interaction=-0.6356  marginal=0.4780
  round 2: pool=2265 purity=0.007 k-hat=4 anchors=1  margin=0.8298  mean-anchor=0.7986
  [nplm_dist_sup_cw/nplm] per-event post f=0.001: power=0.289
  [nplm_dist_sup_cw/nplm] sparker (post, annealed)
    post-spk f=0.001: power=0.060 [0.028,0.115] (3/50)
  [nplm_dist_sup_cw/nplm] maha (post)
    post-maha f=0.001: power=0.120 [0.074,0.184] (6/50)
  [nplm_dist_sup_cw/nplm] mmd (post)
    post-mmd f=0.001: power=0.080 [0.042,0.138] (4/50)

===== POST grid, f=0.003 (135 injected) =====
    merged 4 -> 1 anchors
  [sigreg+proto] epoch 1/5  sigreg=0.2377  proto=1.8305  min_dist=1.30  mean_dist=3.85
  [sigreg+proto] epoch 2/5  sigreg=0.1788  proto=1.0876  min_dist=1.75  mean_dist=4.56
  [sigreg+proto] epoch 3/5  sigreg=0.1643  proto=0.8707  min_dist=2.10  mean_dist=5.17
  [sigreg+proto] epoch 4/5  sigreg=0.1553  proto=0.7487  min_dist=2.39  mean_dist=5.71
  [sigreg+proto] epoch 5/5  sigreg=0.1488  proto=0.6796  min_dist=2.65  mean_dist=6.20
  round 1: pool=2283 purity=0.014 k-hat=4 anchors=1  margin=0.7653  mean-anchor=0.7691  deer=0.769
  [sigreg+proto] epoch 1/5  sigreg=0.1538  proto=1.2099  min_dist=3.74  mean_dist=7.80
  [sigreg+proto] epoch 2/5  sigreg=0.1536  proto=1.0588  min_dist=4.28  mean_dist=8.59
  [sigreg+proto] epoch 3/5  sigreg=0.1565  proto=1.0756  min_dist=4.76  mean_dist=9.28
  [sigreg+proto] epoch 4/5  sigreg=0.1584  proto=1.1131  min_dist=5.20  mean_dist=9.88
  [sigreg+proto] epoch 5/5  sigreg=0.1615  proto=1.1599  min_dist=5.60  mean_dist=10.43
  round 2: pool=2251 purity=0.000 k-hat=4 anchors=5  margin=0.6953  mean-anchor=0.7550  deer=0.755
  [nplm_sup_dist/proto] per-event post f=0.003: power=0.086
  [nplm_sup_dist/proto] sparker (post, annealed)
    post-spk f=0.003: power=0.020 [0.003,0.064] (1/50)
  [nplm_sup_dist/proto] maha (post)
    post-maha f=0.003: power=0.140 [0.090,0.207] (7/50)
  [nplm_sup_dist/proto] mmd (post)
    post-mmd f=0.003: power=0.080 [0.042,0.138] (4/50)
    merged 4 -> 1 anchors
  [nplm-ft/distance] epoch 1/5  interaction=-0.5672  marginal=0.5099
  [nplm-ft/distance] epoch 2/5  interaction=-0.5895  marginal=0.4910
  [nplm-ft/distance] epoch 3/5  interaction=-0.6051  marginal=0.4771
  [nplm-ft/distance] epoch 4/5  interaction=-0.6126  marginal=0.4719
  [nplm-ft/distance] epoch 5/5  interaction=-0.6190  marginal=0.4645
  round 1: pool=2283 purity=0.014 k-hat=4 anchors=1  margin=0.8237  mean-anchor=0.8004
    merged 4 -> 1 anchors
  [nplm-ft/distance] epoch 1/5  interaction=-0.5934  marginal=0.4901
  [nplm-ft/distance] epoch 2/5  interaction=-0.6116  marginal=0.4814
  [nplm-ft/distance] epoch 3/5  interaction=-0.6141  marginal=0.4798
  [nplm-ft/distance] epoch 4/5  interaction=-0.6199  marginal=0.4724
  [nplm-ft/distance] epoch 5/5  interaction=-0.6217  marginal=0.4724
  round 2: pool=2276 purity=0.011 k-hat=3 anchors=1  margin=0.8453  mean-anchor=0.8421
  [nplm_sup_dist/nplm] per-event post f=0.003: power=0.320
  [nplm_sup_dist/nplm] sparker (post, annealed)
    post-spk f=0.003: power=0.040 [0.014,0.090] (2/50)
  [nplm_sup_dist/nplm] maha (post)
    post-maha f=0.003: power=0.100 [0.058,0.162] (5/50)
  [nplm_sup_dist/nplm] mmd (post)
    post-mmd f=0.003: power=0.060 [0.028,0.115] (3/50)
    merged 4 -> 1 anchors
  [sigreg+proto] epoch 1/5  sigreg=0.2110  proto=1.8056  min_dist=2.07  mean_dist=3.56
  [sigreg+proto] epoch 2/5  sigreg=0.1584  proto=0.9973  min_dist=2.89  mean_dist=4.43
  [sigreg+proto] epoch 3/5  sigreg=0.1526  proto=0.7623  min_dist=3.52  mean_dist=5.16
  [sigreg+proto] epoch 4/5  sigreg=0.1424  proto=0.6589  min_dist=4.05  mean_dist=5.80
  [sigreg+proto] epoch 5/5  sigreg=0.1388  proto=0.6007  min_dist=4.52  mean_dist=6.37
  round 1: pool=2290 purity=0.017 k-hat=4 anchors=1  margin=0.7984  mean-anchor=0.7514  deer=0.751
  [sigreg+proto] epoch 1/5  sigreg=0.1460  proto=1.1160  min_dist=4.82  mean_dist=7.37
  [sigreg+proto] epoch 2/5  sigreg=0.1460  proto=0.9680  min_dist=5.42  mean_dist=8.16
  [sigreg+proto] epoch 3/5  sigreg=0.1513  proto=1.0267  min_dist=5.90  mean_dist=8.85
  [sigreg+proto] epoch 4/5  sigreg=0.1550  proto=1.0783  min_dist=6.29  mean_dist=9.47
  [sigreg+proto] epoch 5/5  sigreg=0.1601  proto=1.1530  min_dist=6.66  mean_dist=10.01
  round 2: pool=2259 purity=0.004 k-hat=4 anchors=5  margin=0.7819  mean-anchor=0.7822  deer=0.782
  [nplm_dist_sup_cw/proto] per-event post f=0.003: power=0.247
  [nplm_dist_sup_cw/proto] sparker (post, annealed)
    post-spk f=0.003: power=0.080 [0.042,0.138] (4/50)
  [nplm_dist_sup_cw/proto] maha (post)
    post-maha f=0.003: power=0.100 [0.058,0.162] (5/50)
  [nplm_dist_sup_cw/proto] mmd (post)
    post-mmd f=0.003: power=0.060 [0.028,0.115] (3/50)
    merged 4 -> 1 anchors
  [nplm-ft/distance] epoch 1/5  interaction=-0.5987  marginal=0.5060
  [nplm-ft/distance] epoch 2/5  interaction=-0.6160  marginal=0.4859
  [nplm-ft/distance] epoch 3/5  interaction=-0.6274  marginal=0.4748
  [nplm-ft/distance] epoch 4/5  interaction=-0.6331  marginal=0.4664
  [nplm-ft/distance] epoch 5/5  interaction=-0.6367  marginal=0.4612
  round 1: pool=2290 purity=0.017 k-hat=4 anchors=1  margin=0.8357  mean-anchor=0.8147
    merged 5 -> 1 anchors
  [nplm-ft/distance] epoch 1/5  interaction=-0.6065  marginal=0.4938
  [nplm-ft/distance] epoch 2/5  interaction=-0.6228  marginal=0.4907
  [nplm-ft/distance] epoch 3/5  interaction=-0.6273  marginal=0.4867
  [nplm-ft/distance] epoch 4/5  interaction=-0.6342  marginal=0.4829
  [nplm-ft/distance] epoch 5/5  interaction=-0.6331  marginal=0.4843
  round 2: pool=2285 purity=0.015 k-hat=4 anchors=1  margin=0.8659  mean-anchor=0.8646
  [nplm_dist_sup_cw/nplm] per-event post f=0.003: power=0.362
  [nplm_dist_sup_cw/nplm] sparker (post, annealed)
    post-spk f=0.003: power=0.080 [0.042,0.138] (4/50)
  [nplm_dist_sup_cw/nplm] maha (post)
    post-maha f=0.003: power=0.200 [0.141,0.273] (10/50)
  [nplm_dist_sup_cw/nplm] mmd (post)
    post-mmd f=0.003: power=0.060 [0.028,0.115] (3/50)

===== POST grid, f=0.01 (455 injected) =====
    merged 4 -> 1 anchors
  [sigreg+proto] epoch 1/5  sigreg=0.2397  proto=1.9464  min_dist=1.30  mean_dist=3.85
  [sigreg+proto] epoch 2/5  sigreg=0.1826  proto=1.1613  min_dist=1.75  mean_dist=4.56
  [sigreg+proto] epoch 3/5  sigreg=0.1624  proto=0.9160  min_dist=2.10  mean_dist=5.17
  [sigreg+proto] epoch 4/5  sigreg=0.1536  proto=0.7554  min_dist=2.40  mean_dist=5.71
  [sigreg+proto] epoch 5/5  sigreg=0.1483  proto=0.6881  min_dist=2.66  mean_dist=6.20
  round 1: pool=2357 purity=0.045 k-hat=4 anchors=1  margin=0.8340  mean-anchor=0.7589  deer=0.759
  [sigreg+proto] epoch 1/5  sigreg=0.1539  proto=1.2557  min_dist=3.72  mean_dist=7.59
  [sigreg+proto] epoch 2/5  sigreg=0.1523  proto=1.0860  min_dist=4.55  mean_dist=8.37
  [sigreg+proto] epoch 3/5  sigreg=0.1547  proto=1.0684  min_dist=5.07  mean_dist=9.04
  [sigreg+proto] epoch 4/5  sigreg=0.1589  proto=1.1430  min_dist=5.51  mean_dist=9.64
  [sigreg+proto] epoch 5/5  sigreg=0.1599  proto=1.1715  min_dist=5.90  mean_dist=10.18
  round 2: pool=2267 purity=0.007 k-hat=4 anchors=5  margin=0.8067  mean-anchor=0.8391  deer=0.839
  [nplm_sup_dist/proto] per-event post f=0.01: power=0.237
  [nplm_sup_dist/proto] sparker (post, annealed)
    post-spk f=0.01: power=0.060 [0.028,0.115] (3/50)
  [nplm_sup_dist/proto] maha (post)
    post-maha f=0.01: power=0.180 [0.124,0.251] (9/50)
  [nplm_sup_dist/proto] mmd (post)
    post-mmd f=0.01: power=0.200 [0.141,0.273] (10/50)
    merged 4 -> 1 anchors
  [nplm-ft/distance] epoch 1/5  interaction=-0.5689  marginal=0.5070
  [nplm-ft/distance] epoch 2/5  interaction=-0.5962  marginal=0.4866
  [nplm-ft/distance] epoch 3/5  interaction=-0.6037  marginal=0.4792
  [nplm-ft/distance] epoch 4/5  interaction=-0.6164  marginal=0.4662
  [nplm-ft/distance] epoch 5/5  interaction=-0.6185  marginal=0.4602
  round 1: pool=2357 purity=0.045 k-hat=4 anchors=1  margin=0.8530  mean-anchor=0.8319
    merged 5 -> 1 anchors
  [nplm-ft/distance] epoch 1/5  interaction=-0.5990  marginal=0.4864
  [nplm-ft/distance] epoch 2/5  interaction=-0.6146  marginal=0.4817
  [nplm-ft/distance] epoch 3/5  interaction=-0.6172  marginal=0.4759
  [nplm-ft/distance] epoch 4/5  interaction=-0.6175  marginal=0.4766
  [nplm-ft/distance] epoch 5/5  interaction=-0.6218  marginal=0.4741
  round 2: pool=2359 purity=0.046 k-hat=4 anchors=1  margin=0.8615  mean-anchor=0.8714
  [nplm_sup_dist/nplm] per-event post f=0.01: power=0.348
  [nplm_sup_dist/nplm] sparker (post, annealed)
    post-spk f=0.01: power=0.320 [0.249,0.399] (16/50)
  [nplm_sup_dist/nplm] maha (post)
    post-maha f=0.01: power=0.300 [0.231,0.378] (15/50)
  [nplm_sup_dist/nplm] mmd (post)
    post-mmd f=0.01: power=0.220 [0.159,0.294] (11/50)
    merged 4 -> 1 anchors
  [sigreg+proto] epoch 1/5  sigreg=0.2105  proto=1.7887  min_dist=2.07  mean_dist=3.56
  [sigreg+proto] epoch 2/5  sigreg=0.1581  proto=0.9645  min_dist=2.89  mean_dist=4.43
  [sigreg+proto] epoch 3/5  sigreg=0.1518  proto=0.7494  min_dist=3.52  mean_dist=5.16
  [sigreg+proto] epoch 4/5  sigreg=0.1403  proto=0.6569  min_dist=4.05  mean_dist=5.79
  [sigreg+proto] epoch 5/5  sigreg=0.1384  proto=0.5694  min_dist=4.52  mean_dist=6.36
  round 1: pool=2362 purity=0.047 k-hat=4 anchors=1  margin=0.8311  mean-anchor=0.7743  deer=0.774
  [sigreg+proto] epoch 1/5  sigreg=0.1443  proto=1.1038  min_dist=4.36  mean_dist=7.19
  [sigreg+proto] epoch 2/5  sigreg=0.1449  proto=0.9619  min_dist=5.03  mean_dist=7.99
  [sigreg+proto] epoch 3/5  sigreg=0.1482  proto=1.0227  min_dist=5.62  mean_dist=8.68
  [sigreg+proto] epoch 4/5  sigreg=0.1516  proto=1.1014  min_dist=6.14  mean_dist=9.30
  [sigreg+proto] epoch 5/5  sigreg=0.1552  proto=1.1354  min_dist=6.61  mean_dist=9.85
  round 2: pool=2270 purity=0.009 k-hat=4 anchors=5  margin=0.8083  mean-anchor=0.8145  deer=0.814
  [nplm_dist_sup_cw/proto] per-event post f=0.01: power=0.266
  [nplm_dist_sup_cw/proto] sparker (post, annealed)
    post-spk f=0.01: power=0.260 [0.194,0.336] (13/50)
  [nplm_dist_sup_cw/proto] maha (post)
    post-maha f=0.01: power=0.080 [0.042,0.138] (4/50)
  [nplm_dist_sup_cw/proto] mmd (post)
    post-mmd f=0.01: power=0.160 [0.107,0.229] (8/50)
    merged 4 -> 1 anchors
  [nplm-ft/distance] epoch 1/5  interaction=-0.6003  marginal=0.5018
  [nplm-ft/distance] epoch 2/5  interaction=-0.6169  marginal=0.4853
  [nplm-ft/distance] epoch 3/5  interaction=-0.6287  marginal=0.4708
  [nplm-ft/distance] epoch 4/5  interaction=-0.6296  marginal=0.4664
  [nplm-ft/distance] epoch 5/5  interaction=-0.6350  marginal=0.4607
  round 1: pool=2362 purity=0.047 k-hat=4 anchors=1  margin=0.8486  mean-anchor=0.8253
    merged 5 -> 1 anchors
  [nplm-ft/distance] epoch 1/5  interaction=-0.6173  marginal=0.4821
  [nplm-ft/distance] epoch 2/5  interaction=-0.6289  marginal=0.4834
  [nplm-ft/distance] epoch 3/5  interaction=-0.6320  marginal=0.4789
  [nplm-ft/distance] epoch 4/5  interaction=-0.6341  marginal=0.4782
  [nplm-ft/distance] epoch 5/5  interaction=-0.6421  marginal=0.4746
  round 2: pool=2385 purity=0.057 k-hat=4 anchors=1  margin=0.8850  mean-anchor=0.8886
  [nplm_dist_sup_cw/nplm] per-event post f=0.01: power=0.408
  [nplm_dist_sup_cw/nplm] sparker (post, annealed)
    post-spk f=0.01: power=0.660 [0.581,0.732] (33/50)
  [nplm_dist_sup_cw/nplm] maha (post)
    post-maha f=0.01: power=0.320 [0.249,0.399] (16/50)
  [nplm_dist_sup_cw/nplm] mmd (post)
    post-mmd f=0.01: power=0.380 [0.305,0.460] (19/50)

===== POST grid, f=0.02 (918 injected) =====
    merged 4 -> 1 anchors
  [sigreg+proto] epoch 1/5  sigreg=0.2391  proto=1.9138  min_dist=1.30  mean_dist=3.84
  [sigreg+proto] epoch 2/5  sigreg=0.1844  proto=1.1076  min_dist=1.75  mean_dist=4.56
  [sigreg+proto] epoch 3/5  sigreg=0.1667  proto=0.8919  min_dist=2.10  mean_dist=5.16
  [sigreg+proto] epoch 4/5  sigreg=0.1530  proto=0.7522  min_dist=2.39  mean_dist=5.70
  [sigreg+proto] epoch 5/5  sigreg=0.1442  proto=0.6658  min_dist=2.66  mean_dist=6.19
  round 1: pool=2492 purity=0.097 k-hat=4 anchors=1  margin=0.8649  mean-anchor=0.8062  deer=0.806
  [sigreg+proto] epoch 1/5  sigreg=0.1514  proto=1.3152  min_dist=3.70  mean_dist=7.43
  [sigreg+proto] epoch 2/5  sigreg=0.1498  proto=1.0892  min_dist=4.52  mean_dist=8.22
  [sigreg+proto] epoch 3/5  sigreg=0.1542  proto=1.1138  min_dist=5.19  mean_dist=8.90
  [sigreg+proto] epoch 4/5  sigreg=0.1565  proto=1.1233  min_dist=5.67  mean_dist=9.50
  [sigreg+proto] epoch 5/5  sigreg=0.1605  proto=1.1794  min_dist=6.11  mean_dist=10.05
  round 2: pool=2285 purity=0.015 k-hat=4 anchors=5  margin=0.8089  mean-anchor=0.8404  deer=0.840
  [nplm_sup_dist/proto] per-event post f=0.02: power=0.299
  [nplm_sup_dist/proto] sparker (post, annealed)
    post-spk f=0.02: power=0.520 [0.440,0.599] (26/50)
  [nplm_sup_dist/proto] maha (post)
    post-maha f=0.02: power=0.400 [0.324,0.480] (20/50)
  [nplm_sup_dist/proto] mmd (post)
    post-mmd f=0.02: power=0.340 [0.268,0.419] (17/50)
    merged 4 -> 1 anchors
  [nplm-ft/distance] epoch 1/5  interaction=-0.5696  marginal=0.5063
  [nplm-ft/distance] epoch 2/5  interaction=-0.5929  marginal=0.4875
  [nplm-ft/distance] epoch 3/5  interaction=-0.6085  marginal=0.4750
  [nplm-ft/distance] epoch 4/5  interaction=-0.6143  marginal=0.4671
  [nplm-ft/distance] epoch 5/5  interaction=-0.6233  marginal=0.4590
  round 1: pool=2492 purity=0.097 k-hat=4 anchors=1  margin=0.8617  mean-anchor=0.8497
    merged 5 -> 1 anchors
  [nplm-ft/distance] epoch 1/5  interaction=-0.6003  marginal=0.4910
  [nplm-ft/distance] epoch 2/5  interaction=-0.6117  marginal=0.4852
  [nplm-ft/distance] epoch 3/5  interaction=-0.6183  marginal=0.4816
  [nplm-ft/distance] epoch 4/5  interaction=-0.6243  marginal=0.4769
  [nplm-ft/distance] epoch 5/5  interaction=-0.6259  marginal=0.4755
  round 2: pool=2507 purity=0.103 k-hat=4 anchors=1  margin=0.8873  mean-anchor=0.8851
  [nplm_sup_dist/nplm] per-event post f=0.02: power=0.572
  [nplm_sup_dist/nplm] sparker (post, annealed)
    post-spk f=0.02: power=1.000 [0.964,1.000] (50/50)
  [nplm_sup_dist/nplm] maha (post)
    post-maha f=0.02: power=0.900 [0.838,0.942] (45/50)
  [nplm_sup_dist/nplm] mmd (post)
    post-mmd f=0.02: power=0.740 [0.664,0.806] (37/50)
    merged 4 -> 1 anchors
  [sigreg+proto] epoch 1/5  sigreg=0.2102  proto=1.8095  min_dist=2.07  mean_dist=3.56
  [sigreg+proto] epoch 2/5  sigreg=0.1604  proto=0.9963  min_dist=2.89  mean_dist=4.43
  [sigreg+proto] epoch 3/5  sigreg=0.1521  proto=0.7658  min_dist=3.53  mean_dist=5.16
  [sigreg+proto] epoch 4/5  sigreg=0.1407  proto=0.6548  min_dist=4.06  mean_dist=5.79
  [sigreg+proto] epoch 5/5  sigreg=0.1377  proto=0.5851  min_dist=4.52  mean_dist=6.36
  round 1: pool=2485 purity=0.095 k-hat=4 anchors=1  margin=0.8861  mean-anchor=0.7842  deer=0.784
  [sigreg+proto] epoch 1/5  sigreg=0.1462  proto=1.1486  min_dist=4.75  mean_dist=7.55
  [sigreg+proto] epoch 2/5  sigreg=0.1462  proto=1.0038  min_dist=5.35  mean_dist=8.35
  [sigreg+proto] epoch 3/5  sigreg=0.1516  proto=1.0397  min_dist=5.87  mean_dist=9.05
  [sigreg+proto] epoch 4/5  sigreg=0.1581  proto=1.1271  min_dist=6.34  mean_dist=9.66
  [sigreg+proto] epoch 5/5  sigreg=0.1629  proto=1.2166  min_dist=6.77  mean_dist=10.21
  round 2: pool=2345 purity=0.041 k-hat=4 anchors=5  margin=0.8854  mean-anchor=0.8524  deer=0.852
  [nplm_dist_sup_cw/proto] per-event post f=0.02: power=0.483
  [nplm_dist_sup_cw/proto] sparker (post, annealed)
    post-spk f=0.02: power=0.800 [0.727,0.859] (40/50)
  [nplm_dist_sup_cw/proto] maha (post)
    post-maha f=0.02: power=0.620 [0.540,0.695] (31/50)
  [nplm_dist_sup_cw/proto] mmd (post)
    post-mmd f=0.02: power=0.420 [0.343,0.500] (21/50)
    merged 4 -> 1 anchors
  [nplm-ft/distance] epoch 1/5  interaction=-0.6016  marginal=0.5027
  [nplm-ft/distance] epoch 2/5  interaction=-0.6226  marginal=0.4812
  [nplm-ft/distance] epoch 3/5  interaction=-0.6322  marginal=0.4711
  [nplm-ft/distance] epoch 4/5  interaction=-0.6326  marginal=0.4663
  [nplm-ft/distance] epoch 5/5  interaction=-0.6418  marginal=0.4580
  round 1: pool=2485 purity=0.095 k-hat=4 anchors=1  margin=0.8851  mean-anchor=0.8664
    merged 5 -> 1 anchors
  [nplm-ft/distance] epoch 1/5  interaction=-0.6205  marginal=0.4828
  [nplm-ft/distance] epoch 2/5  interaction=-0.6277  marginal=0.4801
  [nplm-ft/distance] epoch 3/5  interaction=-0.6347  marginal=0.4780
  [nplm-ft/distance] epoch 4/5  interaction=-0.6408  marginal=0.4764
  [nplm-ft/distance] epoch 5/5  interaction=-0.6469  marginal=0.4675
  round 2: pool=2524 purity=0.109 k-hat=4 anchors=1  margin=0.9222  mean-anchor=0.9297
  [nplm_dist_sup_cw/nplm] per-event post f=0.02: power=0.575
  [nplm_dist_sup_cw/nplm] sparker (post, annealed)
    post-spk f=0.02: power=0.920 [0.862,0.958] (46/50)
  [nplm_dist_sup_cw/nplm] maha (post)
    post-maha f=0.02: power=0.560 [0.480,0.638] (28/50)
  [nplm_dist_sup_cw/nplm] mmd (post)
    post-mmd f=0.02: power=0.720 [0.643,0.787] (36/50)

===== POST grid, f=0.03 (1392 injected) =====
    merged 4 -> 1 anchors
  [sigreg+proto] epoch 1/5  sigreg=0.2426  proto=1.9037  min_dist=1.30  mean_dist=3.85
  [sigreg+proto] epoch 2/5  sigreg=0.1825  proto=1.1273  min_dist=1.75  mean_dist=4.56
  [sigreg+proto] epoch 3/5  sigreg=0.1651  proto=0.8706  min_dist=2.11  mean_dist=5.17
  [sigreg+proto] epoch 4/5  sigreg=0.1519  proto=0.7327  min_dist=2.41  mean_dist=5.71
  [sigreg+proto] epoch 5/5  sigreg=0.1432  proto=0.6577  min_dist=2.67  mean_dist=6.20
  round 1: pool=2577 purity=0.127 k-hat=4 anchors=1  margin=0.8944  mean-anchor=0.8309  deer=0.831
  [sigreg+proto] epoch 1/5  sigreg=0.1490  proto=1.2259  min_dist=3.73  mean_dist=7.53
  [sigreg+proto] epoch 2/5  sigreg=0.1489  proto=1.0759  min_dist=4.56  mean_dist=8.33
  [sigreg+proto] epoch 3/5  sigreg=0.1533  proto=1.0958  min_dist=5.18  mean_dist=9.02
  [sigreg+proto] epoch 4/5  sigreg=0.1551  proto=1.1172  min_dist=5.69  mean_dist=9.63
  [sigreg+proto] epoch 5/5  sigreg=0.1562  proto=1.1664  min_dist=6.14  mean_dist=10.18
  round 2: pool=2274 purity=0.011 k-hat=4 anchors=5  margin=0.8670  mean-anchor=0.8856  deer=0.886
  [nplm_sup_dist/proto] per-event post f=0.03: power=0.437
  [nplm_sup_dist/proto] sparker (post, annealed)
    post-spk f=0.03: power=0.920 [0.862,0.958] (46/50)
  [nplm_sup_dist/proto] maha (post)
    post-maha f=0.03: power=0.740 [0.664,0.806] (37/50)
  [nplm_sup_dist/proto] mmd (post)
    post-mmd f=0.03: power=0.940 [0.885,0.972] (47/50)
    merged 4 -> 1 anchors
  [nplm-ft/distance] epoch 1/5  interaction=-0.5715  marginal=0.5038
  [nplm-ft/distance] epoch 2/5  interaction=-0.5979  marginal=0.4853
  [nplm-ft/distance] epoch 3/5  interaction=-0.6054  marginal=0.4755
  [nplm-ft/distance] epoch 4/5  interaction=-0.6151  marginal=0.4666
  [nplm-ft/distance] epoch 5/5  interaction=-0.6232  marginal=0.4594
  round 1: pool=2577 purity=0.127 k-hat=4 anchors=1  margin=0.8951  mean-anchor=0.8877
    merged 5 -> 1 anchors
  [nplm-ft/distance] epoch 1/5  interaction=-0.6002  marginal=0.4908
  [nplm-ft/distance] epoch 2/5  interaction=-0.6142  marginal=0.4837
  [nplm-ft/distance] epoch 3/5  interaction=-0.6197  marginal=0.4807
  [nplm-ft/distance] epoch 4/5  interaction=-0.6192  marginal=0.4812
  [nplm-ft/distance] epoch 5/5  interaction=-0.6281  marginal=0.4772
  round 2: pool=2497 purity=0.099 k-hat=4 anchors=1  margin=0.9344  mean-anchor=0.9429
  [nplm_sup_dist/nplm] per-event post f=0.03: power=0.639
  [nplm_sup_dist/nplm] sparker (post, annealed)
    post-spk f=0.03: power=1.000 [0.964,1.000] (50/50)
  [nplm_sup_dist/nplm] maha (post)
    post-maha f=0.03: power=0.960 [0.910,0.986] (48/50)
  [nplm_sup_dist/nplm] mmd (post)
    post-mmd f=0.03: power=1.000 [0.964,1.000] (50/50)
    merged 4 -> 1 anchors
  [sigreg+proto] epoch 1/5  sigreg=0.2107  proto=1.7779  min_dist=2.08  mean_dist=3.56
  [sigreg+proto] epoch 2/5  sigreg=0.1598  proto=0.9953  min_dist=2.90  mean_dist=4.43
  [sigreg+proto] epoch 3/5  sigreg=0.1537  proto=0.7723  min_dist=3.54  mean_dist=5.17
  [sigreg+proto] epoch 4/5  sigreg=0.1432  proto=0.6610  min_dist=4.07  mean_dist=5.80
  [sigreg+proto] epoch 5/5  sigreg=0.1380  proto=0.5980  min_dist=4.54  mean_dist=6.37
  round 1: pool=2618 purity=0.141 k-hat=4 anchors=1  margin=0.8930  mean-anchor=0.8027  deer=0.803
  [sigreg+proto] epoch 1/5  sigreg=0.1463  proto=1.1977  min_dist=4.83  mean_dist=7.40
  [sigreg+proto] epoch 2/5  sigreg=0.1486  proto=1.0656  min_dist=5.43  mean_dist=8.21
  [sigreg+proto] epoch 3/5  sigreg=0.1531  proto=1.0607  min_dist=5.98  mean_dist=8.91
  [sigreg+proto] epoch 4/5  sigreg=0.1571  proto=1.1120  min_dist=6.48  mean_dist=9.52
  [sigreg+proto] epoch 5/5  sigreg=0.1589  proto=1.1885  min_dist=6.94  mean_dist=10.08
  round 2: pool=2348 purity=0.042 k-hat=4 anchors=5  margin=0.8919  mean-anchor=0.8564  deer=0.856
  [nplm_dist_sup_cw/proto] per-event post f=0.03: power=0.476
  [nplm_dist_sup_cw/proto] sparker (post, annealed)
    post-spk f=0.03: power=1.000 [0.964,1.000] (50/50)
  [nplm_dist_sup_cw/proto] maha (post)
    post-maha f=0.03: power=0.980 [0.936,0.997] (49/50)
  [nplm_dist_sup_cw/proto] mmd (post)
    post-mmd f=0.03: power=1.000 [0.964,1.000] (50/50)
    merged 4 -> 1 anchors
  [nplm-ft/distance] epoch 1/5  interaction=-0.6037  marginal=0.5008
  [nplm-ft/distance] epoch 2/5  interaction=-0.6204  marginal=0.4837
  [nplm-ft/distance] epoch 3/5  interaction=-0.6299  marginal=0.4702
  [nplm-ft/distance] epoch 4/5  interaction=-0.6389  marginal=0.4624
  [nplm-ft/distance] epoch 5/5  interaction=-0.6415  marginal=0.4573
  round 1: pool=2618 purity=0.141 k-hat=4 anchors=1  margin=0.8986  mean-anchor=0.8861
    merged 5 -> 1 anchors
  [nplm-ft/distance] epoch 1/5  interaction=-0.6162  marginal=0.4858
  [nplm-ft/distance] epoch 2/5  interaction=-0.6241  marginal=0.4844
  [nplm-ft/distance] epoch 3/5  interaction=-0.6285  marginal=0.4820
  [nplm-ft/distance] epoch 4/5  interaction=-0.6366  marginal=0.4808
  [nplm-ft/distance] epoch 5/5  interaction=-0.6378  marginal=0.4795
  round 2: pool=2495 purity=0.098 k-hat=4 anchors=1  margin=0.9346  mean-anchor=0.9374
  [nplm_dist_sup_cw/nplm] per-event post f=0.03: power=0.677
  [nplm_dist_sup_cw/nplm] sparker (post, annealed)
    post-spk f=0.03: power=1.000 [0.964,1.000] (50/50)
  [nplm_dist_sup_cw/nplm] maha (post)
    post-maha f=0.03: power=0.980 [0.936,0.997] (49/50)
  [nplm_dist_sup_cw/nplm] mmd (post)
    post-mmd f=0.03: power=1.000 [0.964,1.000] (50/50)

===== POST grid, f=0.1 (5000 injected) =====
    merged 4 -> 1 anchors
  [sigreg+proto] epoch 1/5  sigreg=0.2378  proto=1.9899  min_dist=1.31  mean_dist=3.86
  [sigreg+proto] epoch 2/5  sigreg=0.1765  proto=1.0717  min_dist=1.79  mean_dist=4.58
  [sigreg+proto] epoch 3/5  sigreg=0.1612  proto=0.8012  min_dist=2.16  mean_dist=5.20
  [sigreg+proto] epoch 4/5  sigreg=0.1479  proto=0.6604  min_dist=2.47  mean_dist=5.74
  [sigreg+proto] epoch 5/5  sigreg=0.1390  proto=0.5887  min_dist=2.73  mean_dist=6.24
  round 1: pool=3514 purity=0.360 k-hat=4 anchors=1  margin=0.9460  mean-anchor=0.8592  deer=0.859
  [sigreg+proto] epoch 1/5  sigreg=0.1458  proto=1.2523  min_dist=3.74  mean_dist=7.38
  [sigreg+proto] epoch 2/5  sigreg=0.1429  proto=1.0815  min_dist=4.55  mean_dist=8.19
  [sigreg+proto] epoch 3/5  sigreg=0.1452  proto=1.0422  min_dist=5.24  mean_dist=8.89
  [sigreg+proto] epoch 4/5  sigreg=0.1475  proto=1.0623  min_dist=5.85  mean_dist=9.52
  [sigreg+proto] epoch 5/5  sigreg=0.1495  proto=1.1432  min_dist=6.41  mean_dist=10.08
  round 2: pool=2423 purity=0.071 k-hat=4 anchors=5  margin=0.9334  mean-anchor=0.9084  deer=0.908
  [nplm_sup_dist/proto] per-event post f=0.1: power=0.715
  [nplm_sup_dist/proto] sparker (post, annealed)
    post-spk f=0.1: power=1.000 [0.964,1.000] (50/50)
  [nplm_sup_dist/proto] maha (post)
    post-maha f=0.1: power=1.000 [0.964,1.000] (50/50)
  [nplm_sup_dist/proto] mmd (post)
    post-mmd f=0.1: power=1.000 [0.964,1.000] (50/50)
    merged 4 -> 1 anchors
  [nplm-ft/distance] epoch 1/5  interaction=-0.5861  marginal=0.4892
  [nplm-ft/distance] epoch 2/5  interaction=-0.6106  marginal=0.4719
  [nplm-ft/distance] epoch 3/5  interaction=-0.6241  marginal=0.4607
  [nplm-ft/distance] epoch 4/5  interaction=-0.6296  marginal=0.4518
  [nplm-ft/distance] epoch 5/5  interaction=-0.6371  marginal=0.4484
  round 1: pool=3514 purity=0.360 k-hat=4 anchors=1  margin=0.9524  mean-anchor=0.9507
    merged 5 -> 1 anchors
  [nplm-ft/distance] epoch 1/5  interaction=-0.6212  marginal=0.4690
  [nplm-ft/distance] epoch 2/5  interaction=-0.6258  marginal=0.4651
  [nplm-ft/distance] epoch 3/5  interaction=-0.6345  marginal=0.4644
  [nplm-ft/distance] epoch 4/5  interaction=-0.6407  marginal=0.4556
  [nplm-ft/distance] epoch 5/5  interaction=-0.6452  marginal=0.4547
  round 2: pool=2807 purity=0.198 k-hat=4 anchors=1  margin=0.9596  mean-anchor=0.9568
  [nplm_sup_dist/nplm] per-event post f=0.1: power=0.800
  [nplm_sup_dist/nplm] sparker (post, annealed)
    post-spk f=0.1: power=1.000 [0.964,1.000] (50/50)
  [nplm_sup_dist/nplm] maha (post)
    post-maha f=0.1: power=1.000 [0.964,1.000] (50/50)
  [nplm_sup_dist/nplm] mmd (post)
    post-mmd f=0.1: power=1.000 [0.964,1.000] (50/50)
    merged 4 -> 1 anchors
  [sigreg+proto] epoch 1/5  sigreg=0.2080  proto=1.7607  min_dist=2.07  mean_dist=3.58
  [sigreg+proto] epoch 2/5  sigreg=0.1581  proto=0.9426  min_dist=2.89  mean_dist=4.46
  [sigreg+proto] epoch 3/5  sigreg=0.1512  proto=0.6975  min_dist=3.52  mean_dist=5.20
  [sigreg+proto] epoch 4/5  sigreg=0.1400  proto=0.6215  min_dist=4.05  mean_dist=5.84
  [sigreg+proto] epoch 5/5  sigreg=0.1348  proto=0.5617  min_dist=4.51  mean_dist=6.42
  round 1: pool=3549 purity=0.366 k-hat=4 anchors=1  margin=0.9478  mean-anchor=0.8814  deer=0.881
  [sigreg+proto] epoch 1/5  sigreg=0.1435  proto=1.1614  min_dist=4.85  mean_dist=7.36
  [sigreg+proto] epoch 2/5  sigreg=0.1420  proto=0.9753  min_dist=5.64  mean_dist=8.18
  [sigreg+proto] epoch 3/5  sigreg=0.1477  proto=1.0257  min_dist=6.27  mean_dist=8.90
  [sigreg+proto] epoch 4/5  sigreg=0.1495  proto=1.0531  min_dist=6.75  mean_dist=9.53
  [sigreg+proto] epoch 5/5  sigreg=0.1535  proto=1.1099  min_dist=7.13  mean_dist=10.09
  round 2: pool=2417 purity=0.069 k-hat=4 anchors=5  margin=0.9152  mean-anchor=0.9266  deer=0.927
  [nplm_dist_sup_cw/proto] per-event post f=0.1: power=0.656
  [nplm_dist_sup_cw/proto] sparker (post, annealed)
    post-spk f=0.1: power=1.000 [0.964,1.000] (50/50)
  [nplm_dist_sup_cw/proto] maha (post)
    post-maha f=0.1: power=1.000 [0.964,1.000] (50/50)
  [nplm_dist_sup_cw/proto] mmd (post)
    post-mmd f=0.1: power=1.000 [0.964,1.000] (50/50)
    merged 4 -> 1 anchors
  [nplm-ft/distance] epoch 1/5  interaction=-0.6186  marginal=0.4889
  [nplm-ft/distance] epoch 2/5  interaction=-0.6345  marginal=0.4694
  [nplm-ft/distance] epoch 3/5  interaction=-0.6479  marginal=0.4571
  [nplm-ft/distance] epoch 4/5  interaction=-0.6550  marginal=0.4499
  [nplm-ft/distance] epoch 5/5  interaction=-0.6598  marginal=0.4407
  round 1: pool=3549 purity=0.366 k-hat=4 anchors=1  margin=0.9417  mean-anchor=0.9305
    merged 5 -> 1 anchors
  [nplm-ft/distance] epoch 1/5  interaction=-0.6329  marginal=0.4689
  [nplm-ft/distance] epoch 2/5  interaction=-0.6430  marginal=0.4610
  [nplm-ft/distance] epoch 3/5  interaction=-0.6463  marginal=0.4595
  [nplm-ft/distance] epoch 4/5  interaction=-0.6534  marginal=0.4541
  [nplm-ft/distance] epoch 5/5  interaction=-0.6554  marginal=0.4493
  round 2: pool=2853 purity=0.211 k-hat=4 anchors=1  margin=0.9614  mean-anchor=0.9568
  [nplm_dist_sup_cw/nplm] per-event post f=0.1: power=0.821
  [nplm_dist_sup_cw/nplm] sparker (post, annealed)
    post-spk f=0.1: power=1.000 [0.964,1.000] (50/50)
  [nplm_dist_sup_cw/nplm] maha (post)
    post-maha f=0.1: power=1.000 [0.964,1.000] (50/50)
  [nplm_dist_sup_cw/nplm] mmd (post)
    post-mmd f=0.1: power=1.000 [0.964,1.000] (50/50)

===== EXP58 PEREVENT POST POWER (annealed sigma) =====
  config                        0.001    0.003     0.01     0.02     0.03      0.1
  nplm_sup_dist/proto           0.079    0.086    0.237    0.299    0.437    0.715
  nplm_sup_dist/nplm            0.312    0.320    0.348    0.572    0.639    0.800
  nplm_dist_sup_cw/proto        0.208    0.247    0.266    0.483    0.476    0.656
  nplm_dist_sup_cw/nplm         0.289    0.362    0.408    0.575    0.677    0.821
  saved /home/pharris/sigreg/SuperSig/plots/exp58_perevent_power_cifar10.png

===== EXP58 SPARKER POST POWER (annealed sigma) =====
  config                        0.001    0.003     0.01     0.02     0.03      0.1
  nplm_sup_dist/proto           0.020    0.020    0.060    0.520    0.920    1.000
  nplm_sup_dist/nplm            0.020    0.040    0.320    1.000    1.000    1.000
  nplm_dist_sup_cw/proto        0.060    0.080    0.260    0.800    1.000    1.000
  nplm_dist_sup_cw/nplm         0.060    0.080    0.660    0.920    1.000    1.000
  saved /home/pharris/sigreg/SuperSig/plots/exp58_sparker_power_cifar10.png

===== EXP58 MAHA POST POWER (annealed sigma) =====
  config                        0.001    0.003     0.01     0.02     0.03      0.1
  nplm_sup_dist/proto           0.100    0.140    0.180    0.400    0.740    1.000
  nplm_sup_dist/nplm            0.100    0.100    0.300    0.900    0.960    1.000
  nplm_dist_sup_cw/proto        0.060    0.100    0.080    0.620    0.980    1.000
  nplm_dist_sup_cw/nplm         0.120    0.200    0.320    0.560    0.980    1.000
  saved /home/pharris/sigreg/SuperSig/plots/exp58_maha_power_cifar10.png

===== EXP58 MMD POST POWER (annealed sigma) =====
  config                        0.001    0.003     0.01     0.02     0.03      0.1
  nplm_sup_dist/proto           0.020    0.080    0.200    0.340    0.940    1.000
  nplm_sup_dist/nplm            0.020    0.060    0.220    0.740    1.000    1.000
  nplm_dist_sup_cw/proto        0.180    0.060    0.160    0.420    1.000    1.000
  nplm_dist_sup_cw/nplm         0.080    0.060    0.380    0.720    1.000    1.000
  saved /home/pharris/sigreg/SuperSig/plots/exp58_mmd_power_cifar10.png

===== EXP58 SUMMARY [cifar10] =====
  [nplm_sup_dist/proto ] probe pre=0.7396 post=0.9661
          round 1: purity=0.360 anchors=1  margin=0.9217  mean-anchor=0.8615
          round 2: purity=0.030 anchors=5  margin=0.9030  mean-anchor=0.9212
  [nplm_sup_dist/nplm  ] probe pre=0.7396 post=0.8117
          round 1: purity=0.360 anchors=1  margin=0.9205  mean-anchor=0.9090
          round 2: purity=0.297 anchors=1  margin=0.9541  mean-anchor=0.9590
  [nplm_dist_sup_cw/proto ] probe pre=0.8802 post=0.9676
          round 1: purity=0.366 anchors=1  margin=0.9443  mean-anchor=0.8477
          round 2: purity=0.106 anchors=5  margin=0.9431  mean-anchor=0.9227
  [nplm_dist_sup_cw/nplm  ] probe pre=0.8802 post=0.8364
          round 1: purity=0.366 anchors=1  margin=0.9358  mean-anchor=0.9256
          round 2: purity=0.225 anchors=1  margin=0.9603  mean-anchor=0.9622
Done.
