/home/pharris/venv/lib64/python3.9/site-packages/networkx/utils/backends.py:135: RuntimeWarning: networkx backend defined more than once: nx-loopback
  backends.update(_get_backends("networkx.backends"))
Using cache found in /home/pharris/.cache/torch/hub/chenyaofo_pytorch-cifar-models_master
exp50 [cifar100] NPLM suite, dim=100, epochs=20, holdout=[4], lam=1.0, arms=['simclr', 'lejepa', 'simclr_sigreg', 'supcon', 'supcon_sigreg', 'nplm_bilinear', 'nplm_distance', 'nplm_sup_dist']

----- simclr (augmentations only) -----
  init from checkpoints/scratch_nplmcw_cifar100_100d.pt
  CIFAR two-view embedding-train images (no {4}): 49500
  [simclr] epoch 1/20  loss=4.6237
  [simclr] epoch 2/20  loss=4.5657
  [simclr] epoch 3/20  loss=4.5471
  [simclr] epoch 4/20  loss=4.5368
  [simclr] epoch 5/20  loss=4.5273
  [simclr] epoch 6/20  loss=4.5207
  [simclr] epoch 7/20  loss=4.5157
  [simclr] epoch 8/20  loss=4.5104
  [simclr] epoch 9/20  loss=4.5065
  [simclr] epoch 10/20  loss=4.5030
  [simclr] epoch 11/20  loss=4.5002
  [simclr] epoch 12/20  loss=4.4988
  [simclr] epoch 13/20  loss=4.4937
  [simclr] epoch 14/20  loss=4.4936
  [simclr] epoch 15/20  loss=4.4904
  [simclr] epoch 16/20  loss=4.4898
  [simclr] epoch 17/20  loss=4.4865
  [simclr] epoch 18/20  loss=4.4837
  [simclr] epoch 19/20  loss=4.4835
  [simclr] epoch 20/20  loss=4.4812
Using cache found in /home/pharris/.cache/torch/hub/chenyaofo_pytorch-cifar-models_master
  [simclr        ] probe=0.8917+-0.0018 acc=0.3360 supAUC=0.9303 eucl=0.4154 mahaT=0.2859 mahaPC=0.4296

----- lejepa (augmentations only) -----
  init from checkpoints/scratch_nplmcw_cifar100_100d.pt
  CIFAR two-view embedding-train images (no {4}): 49500
  [sigreg-ssl] epoch 1/20  inv=0.0878  sigreg=0.1330
  [sigreg-ssl] epoch 2/20  inv=0.0882  sigreg=0.0797
  [sigreg-ssl] epoch 3/20  inv=0.0860  sigreg=0.0737
  [sigreg-ssl] epoch 4/20  inv=0.0831  sigreg=0.0713
  [sigreg-ssl] epoch 5/20  inv=0.0818  sigreg=0.0700
  [sigreg-ssl] epoch 6/20  inv=0.0803  sigreg=0.0680
  [sigreg-ssl] epoch 7/20  inv=0.0794  sigreg=0.0663
  [sigreg-ssl] epoch 8/20  inv=0.0782  sigreg=0.0649
  [sigreg-ssl] epoch 9/20  inv=0.0776  sigreg=0.0647
  [sigreg-ssl] epoch 10/20  inv=0.0771  sigreg=0.0643
  [sigreg-ssl] epoch 11/20  inv=0.0761  sigreg=0.0633
  [sigreg-ssl] epoch 12/20  inv=0.0757  sigreg=0.0633
  [sigreg-ssl] epoch 13/20  inv=0.0750  sigreg=0.0620
  [sigreg-ssl] epoch 14/20  inv=0.0738  sigreg=0.0621
  [sigreg-ssl] epoch 15/20  inv=0.0737  sigreg=0.0609
  [sigreg-ssl] epoch 16/20  inv=0.0737  sigreg=0.0606
  [sigreg-ssl] epoch 17/20  inv=0.0729  sigreg=0.0604
  [sigreg-ssl] epoch 18/20  inv=0.0729  sigreg=0.0606
  [sigreg-ssl] epoch 19/20  inv=0.0722  sigreg=0.0595
  [sigreg-ssl] epoch 20/20  inv=0.0721  sigreg=0.0592
Using cache found in /home/pharris/.cache/torch/hub/chenyaofo_pytorch-cifar-models_master
  [lejepa        ] probe=0.8539+-0.0103 acc=0.2687 supAUC=0.8997 eucl=0.4303 mahaT=0.2843 mahaPC=0.4017

----- simclr_sigreg (augmentations only) -----
  init from checkpoints/scratch_nplmcw_cifar100_100d.pt
  CIFAR two-view embedding-train images (no {4}): 49500
  [softmax/cosine] epoch 1/20  interaction=4.6390  marginal=0.1251
  [softmax/cosine] epoch 2/20  interaction=4.5703  marginal=0.0358
  [softmax/cosine] epoch 3/20  interaction=4.5474  marginal=0.0318
  [softmax/cosine] epoch 4/20  interaction=4.5352  marginal=0.0300
  [softmax/cosine] epoch 5/20  interaction=4.5267  marginal=0.0292
  [softmax/cosine] epoch 6/20  interaction=4.5206  marginal=0.0282
  [softmax/cosine] epoch 7/20  interaction=4.5137  marginal=0.0274
  [softmax/cosine] epoch 8/20  interaction=4.5099  marginal=0.0269
  [softmax/cosine] epoch 9/20  interaction=4.5057  marginal=0.0262
  [softmax/cosine] epoch 10/20  interaction=4.5020  marginal=0.0262
  [softmax/cosine] epoch 11/20  interaction=4.4986  marginal=0.0262
  [softmax/cosine] epoch 12/20  interaction=4.4952  marginal=0.0251
  [softmax/cosine] epoch 13/20  interaction=4.4925  marginal=0.0254
  [softmax/cosine] epoch 14/20  interaction=4.4904  marginal=0.0247
  [softmax/cosine] epoch 15/20  interaction=4.4882  marginal=0.0246
  [softmax/cosine] epoch 16/20  interaction=4.4860  marginal=0.0241
  [softmax/cosine] epoch 17/20  interaction=4.4843  marginal=0.0242
  [softmax/cosine] epoch 18/20  interaction=4.4819  marginal=0.0245
  [softmax/cosine] epoch 19/20  interaction=4.4795  marginal=0.0240
  [softmax/cosine] epoch 20/20  interaction=4.4770  marginal=0.0234
Using cache found in /home/pharris/.cache/torch/hub/chenyaofo_pytorch-cifar-models_master
  [simclr_sigreg ] probe=0.8446+-0.0040 acc=0.3127 supAUC=0.9181 eucl=0.4273 mahaT=0.2919 mahaPC=0.4201

----- supcon (labels) -----
  init from checkpoints/scratch_nplmcw_cifar100_100d.pt
  CIFAR two-view embedding-train images (no {4}): 49500
  [supcon] epoch 1/20  loss=3.8651
  [supcon] epoch 2/20  loss=3.8191
  [supcon] epoch 3/20  loss=3.7899
  [supcon] epoch 4/20  loss=3.7843
  [supcon] epoch 5/20  loss=3.7677
  [supcon] epoch 6/20  loss=3.7743
  [supcon] epoch 7/20  loss=3.7574
  [supcon] epoch 8/20  loss=3.7554
  [supcon] epoch 9/20  loss=3.7325
  [supcon] epoch 10/20  loss=3.7367
  [supcon] epoch 11/20  loss=3.7294
  [supcon] epoch 12/20  loss=3.7255
  [supcon] epoch 13/20  loss=3.7103
  [supcon] epoch 14/20  loss=3.7008
  [supcon] epoch 15/20  loss=3.7013
  [supcon] epoch 16/20  loss=3.6964
  [supcon] epoch 17/20  loss=3.6906
  [supcon] epoch 18/20  loss=3.6942
  [supcon] epoch 19/20  loss=3.6930
  [supcon] epoch 20/20  loss=3.6818
Using cache found in /home/pharris/.cache/torch/hub/chenyaofo_pytorch-cifar-models_master
  [supcon        ] probe=0.9290+-0.0012 acc=0.5326 supAUC=0.9658 eucl=0.4618 mahaT=0.4057 mahaPC=0.5554

----- supcon_sigreg (labels) -----
  init from checkpoints/scratch_nplmcw_cifar100_100d.pt
  CIFAR two-view embedding-train images (no {4}): 49500
  [softmax/cosine] epoch 1/20  interaction=3.9174  marginal=0.5414
  [softmax/cosine] epoch 2/20  interaction=3.9285  marginal=0.2064
  [softmax/cosine] epoch 3/20  interaction=3.9254  marginal=0.1329
  [softmax/cosine] epoch 4/20  interaction=3.8998  marginal=0.1151
  [softmax/cosine] epoch 5/20  interaction=3.8827  marginal=0.1078
  [softmax/cosine] epoch 6/20  interaction=3.8668  marginal=0.1009
  [softmax/cosine] epoch 7/20  interaction=3.8617  marginal=0.0991
  [softmax/cosine] epoch 8/20  interaction=3.8507  marginal=0.0953
  [softmax/cosine] epoch 9/20  interaction=3.8331  marginal=0.0938
  [softmax/cosine] epoch 10/20  interaction=3.8248  marginal=0.0906
  [softmax/cosine] epoch 11/20  interaction=3.8096  marginal=0.0890
  [softmax/cosine] epoch 12/20  interaction=3.8137  marginal=0.0892
  [softmax/cosine] epoch 13/20  interaction=3.8042  marginal=0.0875
  [softmax/cosine] epoch 14/20  interaction=3.7898  marginal=0.0854
  [softmax/cosine] epoch 15/20  interaction=3.7738  marginal=0.0832
  [softmax/cosine] epoch 16/20  interaction=3.7837  marginal=0.0846
  [softmax/cosine] epoch 17/20  interaction=3.7628  marginal=0.0831
  [softmax/cosine] epoch 18/20  interaction=3.7716  marginal=0.0825
  [softmax/cosine] epoch 19/20  interaction=3.7532  marginal=0.0810
  [softmax/cosine] epoch 20/20  interaction=3.7573  marginal=0.0808
Using cache found in /home/pharris/.cache/torch/hub/chenyaofo_pytorch-cifar-models_master
  [supcon_sigreg ] probe=0.9302+-0.0021 acc=0.5248 supAUC=0.9723 eucl=0.3952 mahaT=0.3224 mahaPC=0.4678

----- nplm_bilinear (augmentations only) -----
  init from checkpoints/scratch_nplmcw_cifar100_100d.pt
  CIFAR two-view embedding-train images (no {4}): 49500
  [nplm/bilinear] epoch 1/20  interaction=-2.8527  marginal=0.6112
  [nplm/bilinear] epoch 2/20  interaction=-3.7202  marginal=0.5586
  [nplm/bilinear] epoch 3/20  interaction=-4.0854  marginal=0.5387
  [nplm/bilinear] epoch 4/20  interaction=-4.2830  marginal=0.5304
  [nplm/bilinear] epoch 5/20  interaction=-4.6086  marginal=0.5176
  [nplm/bilinear] epoch 6/20  interaction=-4.5550  marginal=0.5181
  [nplm/bilinear] epoch 7/20  interaction=-4.8973  marginal=0.5057
  [nplm/bilinear] epoch 8/20  interaction=-4.9366  marginal=0.5029
  [nplm/bilinear] epoch 9/20  interaction=-4.5099  marginal=0.5174
  [nplm/bilinear] epoch 10/20  interaction=-4.3493  marginal=0.5176
  [nplm/bilinear] epoch 11/20  interaction=-4.4515  marginal=0.5148
  [nplm/bilinear] epoch 12/20  interaction=-4.9525  marginal=0.5001
  [nplm/bilinear] epoch 13/20  interaction=-5.0679  marginal=0.4970
  [nplm/bilinear] epoch 14/20  interaction=-4.3984  marginal=0.5160
  [nplm/bilinear] epoch 15/20  interaction=-4.7278  marginal=0.5050
  [nplm/bilinear] epoch 16/20  interaction=-4.9410  marginal=0.5011
  [nplm/bilinear] epoch 17/20  interaction=-5.2404  marginal=0.4912
  [nplm/bilinear] epoch 18/20  interaction=-5.4627  marginal=0.4835
  [nplm/bilinear] epoch 19/20  interaction=-5.3360  marginal=0.4870
  [nplm/bilinear] epoch 20/20  interaction=-5.0644  marginal=0.4936
Using cache found in /home/pharris/.cache/torch/hub/chenyaofo_pytorch-cifar-models_master
  [nplm_bilinear ] probe=0.8344+-0.0034 acc=0.2754 supAUC=0.8865 eucl=0.4554 mahaT=0.4667 mahaPC=0.5043

----- nplm_distance (augmentations only) -----
  init from checkpoints/scratch_nplmcw_cifar100_100d.pt
  CIFAR two-view embedding-train images (no {4}): 49500
  [nplm/distance] epoch 1/20  interaction=-0.6247  marginal=0.6219
  [nplm/distance] epoch 2/20  interaction=-0.6547  marginal=0.5925
  [nplm/distance] epoch 3/20  interaction=-0.6631  marginal=0.5791
  [nplm/distance] epoch 4/20  interaction=-0.6724  marginal=0.5719
  [nplm/distance] epoch 5/20  interaction=-0.6749  marginal=0.5673
  [nplm/distance] epoch 6/20  interaction=-0.6799  marginal=0.5659
  [nplm/distance] epoch 7/20  interaction=-0.6835  marginal=0.5636
  [nplm/distance] epoch 8/20  interaction=-0.6852  marginal=0.5561
  [nplm/distance] epoch 9/20  interaction=-0.6861  marginal=0.5520
  [nplm/distance] epoch 10/20  interaction=-0.6912  marginal=0.5569
  [nplm/distance] epoch 11/20  interaction=-0.6892  marginal=0.5473
  [nplm/distance] epoch 12/20  interaction=-0.6923  marginal=0.5455
  [nplm/distance] epoch 13/20  interaction=-0.6943  marginal=0.5459
  [nplm/distance] epoch 14/20  interaction=-0.6955  marginal=0.5439
  [nplm/distance] epoch 15/20  interaction=-0.6968  marginal=0.5417
  [nplm/distance] epoch 16/20  interaction=-0.6967  marginal=0.5394
  [nplm/distance] epoch 17/20  interaction=-0.6957  marginal=0.5380
  [nplm/distance] epoch 18/20  interaction=-0.6997  marginal=0.5368
  [nplm/distance] epoch 19/20  interaction=-0.6986  marginal=0.5333
  [nplm/distance] epoch 20/20  interaction=-0.6998  marginal=0.5308
Using cache found in /home/pharris/.cache/torch/hub/chenyaofo_pytorch-cifar-models_master
  [nplm_distance ] probe=0.7541+-0.0038 acc=0.1632 supAUC=0.8580 eucl=0.4469 mahaT=0.3224 mahaPC=0.3716

----- nplm_sup_dist (labels) -----
  init from checkpoints/scratch_nplmcw_cifar100_100d.pt
  CIFAR two-view embedding-train images (no {4}): 49500
  [nplm/distance] epoch 1/20  interaction=-0.3904  marginal=0.7526
  [nplm/distance] epoch 2/20  interaction=-0.4127  marginal=0.7480
  [nplm/distance] epoch 3/20  interaction=-0.4167  marginal=0.7499
  [nplm/distance] epoch 4/20  interaction=-0.4198  marginal=0.7467
  [nplm/distance] epoch 5/20  interaction=-0.4210  marginal=0.7464
  [nplm/distance] epoch 6/20  interaction=-0.4248  marginal=0.7466
  [nplm/distance] epoch 7/20  interaction=-0.4233  marginal=0.7444
  [nplm/distance] epoch 8/20  interaction=-0.4271  marginal=0.7457
  [nplm/distance] epoch 9/20  interaction=-0.4277  marginal=0.7451
  [nplm/distance] epoch 10/20  interaction=-0.4281  marginal=0.7464
  [nplm/distance] epoch 11/20  interaction=-0.4322  marginal=0.7439
  [nplm/distance] epoch 12/20  interaction=-0.4306  marginal=0.7446
  [nplm/distance] epoch 13/20  interaction=-0.4350  marginal=0.7446
  [nplm/distance] epoch 14/20  interaction=-0.4342  marginal=0.7438
  [nplm/distance] epoch 15/20  interaction=-0.4316  marginal=0.7446
  [nplm/distance] epoch 16/20  interaction=-0.4366  marginal=0.7428
  [nplm/distance] epoch 17/20  interaction=-0.4378  marginal=0.7423
  [nplm/distance] epoch 18/20  interaction=-0.4364  marginal=0.7422
  [nplm/distance] epoch 19/20  interaction=-0.4385  marginal=0.7415
  [nplm/distance] epoch 20/20  interaction=-0.4352  marginal=0.7427
  [nplm_sup_dist ] probe=0.8390+-0.0003 acc=0.3010 supAUC=0.9231 eucl=0.4178 mahaT=0.3626 mahaPC=0.4482

===== performance / novelty table =====
  arm                        probe     acc  supAUC    eucl   mahaT  mahaPC
  simclr             0.8917+-0.0018  0.3360  0.9303  0.4154  0.2859  0.4296
  lejepa             0.8539+-0.0103  0.2687  0.8997  0.4303  0.2843  0.4017
  simclr_sigreg      0.8446+-0.0040  0.3127  0.9181  0.4273  0.2919  0.4201
  supcon             0.9290+-0.0012  0.5326  0.9658  0.4618  0.4057  0.5554
  supcon_sigreg      0.9302+-0.0021  0.5248  0.9723  0.3952  0.3224  0.4678
  nplm_bilinear      0.8344+-0.0034  0.2754  0.8865  0.4554  0.4667  0.5043
  nplm_distance      0.7541+-0.0038  0.1632  0.8580  0.4469  0.3224  0.3716
  nplm_sup_dist      0.8390+-0.0003  0.3010  0.9231  0.4178  0.3626  0.4482

===== gaussianity (seen classes, test set) =====
  metric                            simclr        lejepa simclr_sigreg        supcon supcon_sigreg nplm_bilinear nplm_distance nplm_sup_dist
  eig min (class cov)               -0.000        -0.000        -0.000        -0.000        -0.000        -0.000        -0.000        -0.000
  eig max (class cov)               13.100        39.839        28.898         2.056        28.749         1.271         7.065         0.562
  eig cond worst            13099514986496.039839307137024.028898035236864.02056329232384.028748858523648.01270597287936.07064636620800.0562330533888.0
  class RMS min                      0.252         0.419         0.491         0.078         0.458         0.233         0.125         0.037
  class RMS mean                     0.380         0.683         0.775         0.112         0.576         0.269         0.207         0.063
  class RMS max                      0.489         0.929         0.902         0.163         0.697         0.300         0.316         0.092
  max |corr| (worst class)           0.996         0.988         0.980         0.985         0.986         0.883         0.999         0.999
  SW ratio mean                       1.92          2.63          1.79          2.10          1.76          1.15          3.15         12.25
  SW ratio worst                      6.52          7.84          4.83          4.91          3.66          1.82         11.52         41.30
  |skew| mean                        0.347         0.437         0.330         0.392         0.340         0.222         0.511         1.383
  |ex-kurt| mean                     0.593         0.733         0.548         0.764         0.622         0.395         0.833         4.438
  centroid dist min                   0.52          1.03          1.33          0.24          1.23          0.46          0.16          0.05
  centroid dist mean                  4.03          8.45          7.11          1.95         10.13          1.35          3.01          1.84
  separation (min d/RMS)              1.37          1.50          1.72          2.14          2.13          1.71          0.76          0.84
saved /home/pharris/sigreg/SuperSig/plots/exp50_probe_cifar100_100d_scr-nplmcw.png

===== PRE power batteries (all statistics) =====
  [simclr] per-event pre power=0.000
  [simclr] sparker
    pre-spk f=0.001: power=0.080 [0.042,0.138] (4/50)
    pre-spk f=0.003: power=0.040 [0.014,0.090] (2/50)
    pre-spk f=0.01: power=0.080 [0.042,0.138] (4/50)
    pre-spk f=0.02: power=0.120 [0.074,0.184] (6/50)
    pre-spk f=0.05: power=0.940 [0.885,0.972] (47/50)
  [simclr] maha
    pre-maha f=0.001: power=0.040 [0.014,0.090] (2/50)
    pre-maha f=0.003: power=0.000 [0.000,0.036] (0/50)
    pre-maha f=0.01: power=0.040 [0.014,0.090] (2/50)
    pre-maha f=0.02: power=0.000 [0.000,0.036] (0/50)
    pre-maha f=0.05: power=0.000 [0.000,0.036] (0/50)
  [simclr] mmd
    pre-mmd f=0.001: power=0.060 [0.028,0.115] (3/50)
    pre-mmd f=0.003: power=0.120 [0.074,0.184] (6/50)
    pre-mmd f=0.01: power=0.160 [0.107,0.229] (8/50)
    pre-mmd f=0.02: power=0.380 [0.305,0.460] (19/50)
    pre-mmd f=0.05: power=1.000 [0.964,1.000] (50/50)
  [lejepa] per-event pre power=0.000
  [lejepa] sparker
    pre-spk f=0.001: power=0.040 [0.014,0.090] (2/50)
    pre-spk f=0.003: power=0.060 [0.028,0.115] (3/50)
    pre-spk f=0.01: power=0.060 [0.028,0.115] (3/50)
    pre-spk f=0.02: power=0.060 [0.028,0.115] (3/50)
    pre-spk f=0.05: power=0.700 [0.622,0.769] (35/50)
  [lejepa] maha
    pre-maha f=0.001: power=0.060 [0.028,0.115] (3/50)
    pre-maha f=0.003: power=0.020 [0.003,0.064] (1/50)
    pre-maha f=0.01: power=0.040 [0.014,0.090] (2/50)
    pre-maha f=0.02: power=0.000 [0.000,0.036] (0/50)
    pre-maha f=0.05: power=0.000 [0.000,0.036] (0/50)
  [lejepa] mmd
    pre-mmd f=0.001: power=0.080 [0.042,0.138] (4/50)
    pre-mmd f=0.003: power=0.100 [0.058,0.162] (5/50)
    pre-mmd f=0.01: power=0.160 [0.107,0.229] (8/50)
    pre-mmd f=0.02: power=0.260 [0.194,0.336] (13/50)
    pre-mmd f=0.05: power=1.000 [0.964,1.000] (50/50)
  [simclr_sigreg] per-event pre power=0.000
  [simclr_sigreg] sparker
    pre-spk f=0.001: power=0.100 [0.058,0.162] (5/50)
    pre-spk f=0.003: power=0.040 [0.014,0.090] (2/50)
    pre-spk f=0.01: power=0.080 [0.042,0.138] (4/50)
    pre-spk f=0.02: power=0.040 [0.014,0.090] (2/50)
    pre-spk f=0.05: power=0.580 [0.500,0.657] (29/50)
  [simclr_sigreg] maha
    pre-maha f=0.001: power=0.060 [0.028,0.115] (3/50)
    pre-maha f=0.003: power=0.040 [0.014,0.090] (2/50)
    pre-maha f=0.01: power=0.020 [0.003,0.064] (1/50)
    pre-maha f=0.02: power=0.000 [0.000,0.036] (0/50)
    pre-maha f=0.05: power=0.000 [0.000,0.036] (0/50)
  [simclr_sigreg] mmd
    pre-mmd f=0.001: power=0.060 [0.028,0.115] (3/50)
    pre-mmd f=0.003: power=0.080 [0.042,0.138] (4/50)
    pre-mmd f=0.01: power=0.060 [0.028,0.115] (3/50)
    pre-mmd f=0.02: power=0.260 [0.194,0.336] (13/50)
    pre-mmd f=0.05: power=1.000 [0.964,1.000] (50/50)
  [supcon] per-event pre power=0.000
  [supcon] sparker
    pre-spk f=0.001: power=0.020 [0.003,0.064] (1/50)
    pre-spk f=0.003: power=0.060 [0.028,0.115] (3/50)
    pre-spk f=0.01: power=0.040 [0.014,0.090] (2/50)
    pre-spk f=0.02: power=0.100 [0.058,0.162] (5/50)
    pre-spk f=0.05: power=0.760 [0.685,0.823] (38/50)
  [supcon] maha
    pre-maha f=0.001: power=0.080 [0.042,0.138] (4/50)
    pre-maha f=0.003: power=0.020 [0.003,0.064] (1/50)
    pre-maha f=0.01: power=0.040 [0.014,0.090] (2/50)
    pre-maha f=0.02: power=0.040 [0.014,0.090] (2/50)
    pre-maha f=0.05: power=0.060 [0.028,0.115] (3/50)
  [supcon] mmd
    pre-mmd f=0.001: power=0.020 [0.003,0.064] (1/50)
    pre-mmd f=0.003: power=0.140 [0.090,0.207] (7/50)
    pre-mmd f=0.01: power=0.120 [0.074,0.184] (6/50)
    pre-mmd f=0.02: power=0.400 [0.324,0.480] (20/50)
    pre-mmd f=0.05: power=1.000 [0.964,1.000] (50/50)
  [supcon_sigreg] per-event pre power=0.000
  [supcon_sigreg] sparker
    pre-spk f=0.001: power=0.060 [0.028,0.115] (3/50)
    pre-spk f=0.003: power=0.080 [0.042,0.138] (4/50)
    pre-spk f=0.01: power=0.020 [0.003,0.064] (1/50)
    pre-spk f=0.02: power=0.080 [0.042,0.138] (4/50)
    pre-spk f=0.05: power=0.600 [0.520,0.676] (30/50)
  [supcon_sigreg] maha
    pre-maha f=0.001: power=0.060 [0.028,0.115] (3/50)
    pre-maha f=0.003: power=0.040 [0.014,0.090] (2/50)
    pre-maha f=0.01: power=0.020 [0.003,0.064] (1/50)
    pre-maha f=0.02: power=0.060 [0.028,0.115] (3/50)
    pre-maha f=0.05: power=0.020 [0.003,0.064] (1/50)
  [supcon_sigreg] mmd
    pre-mmd f=0.001: power=0.020 [0.003,0.064] (1/50)
    pre-mmd f=0.003: power=0.180 [0.124,0.251] (9/50)
    pre-mmd f=0.01: power=0.240 [0.177,0.315] (12/50)
    pre-mmd f=0.02: power=0.460 [0.382,0.540] (23/50)
    pre-mmd f=0.05: power=1.000 [0.964,1.000] (50/50)
  [nplm_bilinear] per-event pre power=0.020
  [nplm_bilinear] sparker
    pre-spk f=0.001: power=0.040 [0.014,0.090] (2/50)
    pre-spk f=0.003: power=0.040 [0.014,0.090] (2/50)
    pre-spk f=0.01: power=0.080 [0.042,0.138] (4/50)
    pre-spk f=0.02: power=0.060 [0.028,0.115] (3/50)
    pre-spk f=0.05: power=1.000 [0.964,1.000] (50/50)
  [nplm_bilinear] maha
    pre-maha f=0.001: power=0.060 [0.028,0.115] (3/50)
    pre-maha f=0.003: power=0.080 [0.042,0.138] (4/50)
    pre-maha f=0.01: power=0.060 [0.028,0.115] (3/50)
    pre-maha f=0.02: power=0.000 [0.000,0.036] (0/50)
    pre-maha f=0.05: power=0.000 [0.000,0.036] (0/50)
  [nplm_bilinear] mmd
    pre-mmd f=0.001: power=0.060 [0.028,0.115] (3/50)
    pre-mmd f=0.003: power=0.040 [0.014,0.090] (2/50)
    pre-mmd f=0.01: power=0.100 [0.058,0.162] (5/50)
    pre-mmd f=0.02: power=0.080 [0.042,0.138] (4/50)
    pre-mmd f=0.05: power=0.960 [0.910,0.986] (48/50)
  [nplm_distance] per-event pre power=0.000
  [nplm_distance] sparker
    pre-spk f=0.001: power=0.040 [0.014,0.090] (2/50)
    pre-spk f=0.003: power=0.060 [0.028,0.115] (3/50)
    pre-spk f=0.01: power=0.020 [0.003,0.064] (1/50)
    pre-spk f=0.02: power=0.020 [0.003,0.064] (1/50)
    pre-spk f=0.05: power=0.740 [0.664,0.806] (37/50)
  [nplm_distance] maha
    pre-maha f=0.001: power=0.040 [0.014,0.090] (2/50)
    pre-maha f=0.003: power=0.020 [0.003,0.064] (1/50)
    pre-maha f=0.01: power=0.020 [0.003,0.064] (1/50)
    pre-maha f=0.02: power=0.020 [0.003,0.064] (1/50)
    pre-maha f=0.05: power=0.000 [0.000,0.036] (0/50)
  [nplm_distance] mmd
    pre-mmd f=0.001: power=0.060 [0.028,0.115] (3/50)
    pre-mmd f=0.003: power=0.100 [0.058,0.162] (5/50)
    pre-mmd f=0.01: power=0.220 [0.159,0.294] (11/50)
    pre-mmd f=0.02: power=0.420 [0.343,0.500] (21/50)
    pre-mmd f=0.05: power=1.000 [0.964,1.000] (50/50)
  [nplm_sup_dist] per-event pre power=0.030
  [nplm_sup_dist] sparker
    pre-spk f=0.001: power=0.040 [0.014,0.090] (2/50)
    pre-spk f=0.003: power=0.040 [0.014,0.090] (2/50)
    pre-spk f=0.01: power=0.080 [0.042,0.138] (4/50)
    pre-spk f=0.02: power=0.120 [0.074,0.184] (6/50)
    pre-spk f=0.05: power=0.920 [0.862,0.958] (46/50)
  [nplm_sup_dist] maha
    pre-maha f=0.001: power=0.000 [0.000,0.036] (0/50)
    pre-maha f=0.003: power=0.040 [0.014,0.090] (2/50)
    pre-maha f=0.01: power=0.020 [0.003,0.064] (1/50)
    pre-maha f=0.02: power=0.000 [0.000,0.036] (0/50)
    pre-maha f=0.05: power=0.000 [0.000,0.036] (0/50)
  [nplm_sup_dist] mmd
    pre-mmd f=0.001: power=0.060 [0.028,0.115] (3/50)
    pre-mmd f=0.003: power=0.060 [0.028,0.115] (3/50)
    pre-mmd f=0.01: power=0.180 [0.124,0.251] (9/50)
    pre-mmd f=0.02: power=0.400 [0.324,0.480] (20/50)
    pre-mmd f=0.05: power=1.000 [0.964,1.000] (50/50)

===== EXP50 PEREVENT PRE POWER (alpha=0.05) =====
  arm                 0.001    0.003     0.01     0.02     0.05
  simclr              0.000    0.000    0.000    0.000    0.000
  lejepa              0.000    0.000    0.000    0.000    0.000
  simclr_sigreg       0.000    0.000    0.000    0.000    0.000
  supcon              0.000    0.000    0.000    0.000    0.000
  supcon_sigreg       0.000    0.000    0.000    0.000    0.000
  nplm_bilinear       0.020    0.020    0.020    0.020    0.020
  nplm_distance       0.000    0.000    0.000    0.000    0.000
  nplm_sup_dist       0.030    0.030    0.030    0.030    0.030
  saved /home/pharris/sigreg/SuperSig/plots/exp50_perevent_power_cifar100_100d_scr-nplmcw.png

===== EXP50 SPARKER PRE POWER (alpha=0.05) =====
  arm                 0.001    0.003     0.01     0.02     0.05
  simclr              0.080    0.040    0.080    0.120    0.940
  lejepa              0.040    0.060    0.060    0.060    0.700
  simclr_sigreg       0.100    0.040    0.080    0.040    0.580
  supcon              0.020    0.060    0.040    0.100    0.760
  supcon_sigreg       0.060    0.080    0.020    0.080    0.600
  nplm_bilinear       0.040    0.040    0.080    0.060    1.000
  nplm_distance       0.040    0.060    0.020    0.020    0.740
  nplm_sup_dist       0.040    0.040    0.080    0.120    0.920
  saved /home/pharris/sigreg/SuperSig/plots/exp50_sparker_power_cifar100_100d_scr-nplmcw.png

===== EXP50 MAHA PRE POWER (alpha=0.05) =====
  arm                 0.001    0.003     0.01     0.02     0.05
  simclr              0.040    0.000    0.040    0.000    0.000
  lejepa              0.060    0.020    0.040    0.000    0.000
  simclr_sigreg       0.060    0.040    0.020    0.000    0.000
  supcon              0.080    0.020    0.040    0.040    0.060
  supcon_sigreg       0.060    0.040    0.020    0.060    0.020
  nplm_bilinear       0.060    0.080    0.060    0.000    0.000
  nplm_distance       0.040    0.020    0.020    0.020    0.000
  nplm_sup_dist       0.000    0.040    0.020    0.000    0.000
  saved /home/pharris/sigreg/SuperSig/plots/exp50_maha_power_cifar100_100d_scr-nplmcw.png

===== EXP50 MMD PRE POWER (alpha=0.05) =====
  arm                 0.001    0.003     0.01     0.02     0.05
  simclr              0.060    0.120    0.160    0.380    1.000
  lejepa              0.080    0.100    0.160    0.260    1.000
  simclr_sigreg       0.060    0.080    0.060    0.260    1.000
  supcon              0.020    0.140    0.120    0.400    1.000
  supcon_sigreg       0.020    0.180    0.240    0.460    1.000
  nplm_bilinear       0.060    0.040    0.100    0.080    0.960
  nplm_distance       0.060    0.100    0.220    0.420    1.000
  nplm_sup_dist       0.060    0.060    0.180    0.400    1.000
  saved /home/pharris/sigreg/SuperSig/plots/exp50_mmd_power_cifar100_100d_scr-nplmcw.png

===== EXP50 SUMMARY =====
  [simclr        ] probe=0.8917+-0.0018  acc=0.3360  eucl=0.4154  mahaT=0.2859
  [lejepa        ] probe=0.8539+-0.0103  acc=0.2687  eucl=0.4303  mahaT=0.2843
  [simclr_sigreg ] probe=0.8446+-0.0040  acc=0.3127  eucl=0.4273  mahaT=0.2919
  [supcon        ] probe=0.9290+-0.0012  acc=0.5326  eucl=0.4618  mahaT=0.4057
  [supcon_sigreg ] probe=0.9302+-0.0021  acc=0.5248  eucl=0.3952  mahaT=0.3224
  [nplm_bilinear ] probe=0.8344+-0.0034  acc=0.2754  eucl=0.4554  mahaT=0.4667
  [nplm_distance ] probe=0.7541+-0.0038  acc=0.1632  eucl=0.4469  mahaT=0.3224
  [nplm_sup_dist ] probe=0.8390+-0.0003  acc=0.3010  eucl=0.4178  mahaT=0.3626
Done.
