/home/pharris/venv/lib64/python3.9/site-packages/networkx/utils/backends.py:135: RuntimeWarning: networkx backend defined more than once: nx-loopback
  backends.update(_get_backends("networkx.backends"))
Using cache found in /home/pharris/.cache/torch/hub/chenyaofo_pytorch-cifar-models_master
exp50 [cifar100] NPLM suite, dim=100, epochs=20, holdout=[4], lam=1.0, arms=['supcon', 'supcon_sigreg', 'nplm_sup_dist']

----- supcon (labels) -----
  CIFAR two-view embedding-train images (no {4}): 49500
  [supcon] epoch 1/20  loss=4.2113
  [supcon] epoch 2/20  loss=3.9729
  [supcon] epoch 3/20  loss=3.9031
  [supcon] epoch 4/20  loss=3.8481
  [supcon] epoch 5/20  loss=3.8109
  [supcon] epoch 6/20  loss=3.7727
  [supcon] epoch 7/20  loss=3.7488
  [supcon] epoch 8/20  loss=3.7202
  [supcon] epoch 9/20  loss=3.7049
  [supcon] epoch 10/20  loss=3.6933
  [supcon] epoch 11/20  loss=3.6699
  [supcon] epoch 12/20  loss=3.6653
  [supcon] epoch 13/20  loss=3.6405
  [supcon] epoch 14/20  loss=3.6207
  [supcon] epoch 15/20  loss=3.6092
  [supcon] epoch 16/20  loss=3.6044
  [supcon] epoch 17/20  loss=3.5894
  [supcon] epoch 18/20  loss=3.5718
  [supcon] epoch 19/20  loss=3.5675
  [supcon] epoch 20/20  loss=3.5575
Using cache found in /home/pharris/.cache/torch/hub/chenyaofo_pytorch-cifar-models_master
  [supcon        ] probe=0.9443+-0.0014 acc=0.5630 supAUC=0.9752 eucl=0.4034 mahaT=0.3581 mahaPC=0.4902

----- supcon_sigreg (labels) -----
  CIFAR two-view embedding-train images (no {4}): 49500
  [softmax/cosine] epoch 1/20  interaction=4.2675  marginal=0.2621
  [softmax/cosine] epoch 2/20  interaction=4.0443  marginal=0.1416
  [softmax/cosine] epoch 3/20  interaction=3.9818  marginal=0.1252
  [softmax/cosine] epoch 4/20  interaction=3.9321  marginal=0.1151
  [softmax/cosine] epoch 5/20  interaction=3.8957  marginal=0.1089
  [softmax/cosine] epoch 6/20  interaction=3.8507  marginal=0.1006
  [softmax/cosine] epoch 7/20  interaction=3.8221  marginal=0.0988
  [softmax/cosine] epoch 8/20  interaction=3.8018  marginal=0.0964
  [softmax/cosine] epoch 9/20  interaction=3.7854  marginal=0.0939
  [softmax/cosine] epoch 10/20  interaction=3.7661  marginal=0.0922
  [softmax/cosine] epoch 11/20  interaction=3.7498  marginal=0.0907
  [softmax/cosine] epoch 12/20  interaction=3.7243  marginal=0.0875
  [softmax/cosine] epoch 13/20  interaction=3.7135  marginal=0.0868
  [softmax/cosine] epoch 14/20  interaction=3.7041  marginal=0.0863
  [softmax/cosine] epoch 15/20  interaction=3.6907  marginal=0.0854
  [softmax/cosine] epoch 16/20  interaction=3.6711  marginal=0.0838
  [softmax/cosine] epoch 17/20  interaction=3.6607  marginal=0.0815
  [softmax/cosine] epoch 18/20  interaction=3.6542  marginal=0.0808
  [softmax/cosine] epoch 19/20  interaction=3.6360  marginal=0.0804
  [softmax/cosine] epoch 20/20  interaction=3.6265  marginal=0.0792
Using cache found in /home/pharris/.cache/torch/hub/chenyaofo_pytorch-cifar-models_master
  [supcon_sigreg ] probe=0.9364+-0.0013 acc=0.5895 supAUC=0.9785 eucl=0.4764 mahaT=0.4281 mahaPC=0.5230

----- nplm_sup_dist (labels) -----
  CIFAR two-view embedding-train images (no {4}): 49500
  [nplm/distance] epoch 1/20  interaction=-0.1413  marginal=0.8163
  [nplm/distance] epoch 2/20  interaction=-0.2780  marginal=0.7932
  [nplm/distance] epoch 3/20  interaction=-0.3018  marginal=0.7876
  [nplm/distance] epoch 4/20  interaction=-0.3203  marginal=0.7815
  [nplm/distance] epoch 5/20  interaction=-0.3293  marginal=0.7796
  [nplm/distance] epoch 6/20  interaction=-0.3433  marginal=0.7753
  [nplm/distance] epoch 7/20  interaction=-0.3508  marginal=0.7725
  [nplm/distance] epoch 8/20  interaction=-0.3577  marginal=0.7702
  [nplm/distance] epoch 9/20  interaction=-0.3627  marginal=0.7687
  [nplm/distance] epoch 10/20  interaction=-0.3691  marginal=0.7688
  [nplm/distance] epoch 11/20  interaction=-0.3729  marginal=0.7689
  [nplm/distance] epoch 12/20  interaction=-0.3787  marginal=0.7645
  [nplm/distance] epoch 13/20  interaction=-0.3820  marginal=0.7638
  [nplm/distance] epoch 14/20  interaction=-0.3855  marginal=0.7638
  [nplm/distance] epoch 15/20  interaction=-0.3883  marginal=0.7632
  [nplm/distance] epoch 16/20  interaction=-0.3918  marginal=0.7629
  [nplm/distance] epoch 17/20  interaction=-0.3915  marginal=0.7608
  [nplm/distance] epoch 18/20  interaction=-0.3968  marginal=0.7594
  [nplm/distance] epoch 19/20  interaction=-0.3985  marginal=0.7586
  [nplm/distance] epoch 20/20  interaction=-0.4003  marginal=0.7591
  [nplm_sup_dist ] probe=0.8271+-0.0021 acc=0.2579 supAUC=0.9194 eucl=0.4103 mahaT=0.3775 mahaPC=0.4262

===== performance / novelty table =====
  arm                        probe     acc  supAUC    eucl   mahaT  mahaPC
  supcon             0.9443+-0.0014  0.5630  0.9752  0.4034  0.3581  0.4902
  supcon_sigreg      0.9364+-0.0013  0.5895  0.9785  0.4764  0.4281  0.5230
  nplm_sup_dist      0.8271+-0.0021  0.2579  0.9194  0.4103  0.3775  0.4262

===== gaussianity (seen classes, test set) =====
  metric                            supcon supcon_sigreg nplm_sup_dist
  eig min (class cov)               -0.000        -0.000        -0.000
  eig max (class cov)               55.052        36.130         0.457
  eig cond worst            55051703812096.030204680470528.0457256108032.0
  class RMS min                      0.274         0.516         0.035
  class RMS mean                     0.431         0.643         0.056
  class RMS max                      0.800         0.761         0.078
  max |corr| (worst class)           0.982         0.967         0.999
  SW ratio mean                       1.85          1.57         11.14
  SW ratio worst                      3.81          2.84         28.92
  |skew| mean                        0.353         0.304         1.316
  |ex-kurt| mean                     0.670         0.557         4.023
  centroid dist min                   1.16          1.60          0.05
  centroid dist mean                  7.13         11.08          1.65
  separation (min d/RMS)              2.69          2.49          0.94
saved /home/pharris/sigreg/SuperSig/plots/exp50_probe_cifar100_100d.png

===== PRE power batteries (all statistics) =====
  [supcon] per-event pre power=0.000
  [supcon] sparker
    pre-spk f=0.001: power=0.060 [0.028,0.115] (3/50)
    pre-spk f=0.003: power=0.040 [0.014,0.090] (2/50)
    pre-spk f=0.01: power=0.100 [0.058,0.162] (5/50)
    pre-spk f=0.02: power=0.160 [0.107,0.229] (8/50)
    pre-spk f=0.05: power=0.960 [0.910,0.986] (48/50)
  [supcon] maha
    pre-maha f=0.001: power=0.040 [0.014,0.090] (2/50)
    pre-maha f=0.003: power=0.020 [0.003,0.064] (1/50)
    pre-maha f=0.01: power=0.080 [0.042,0.138] (4/50)
    pre-maha f=0.02: power=0.020 [0.003,0.064] (1/50)
    pre-maha f=0.05: power=0.020 [0.003,0.064] (1/50)
  [supcon] mmd
    pre-mmd f=0.001: power=0.040 [0.014,0.090] (2/50)
    pre-mmd f=0.003: power=0.200 [0.141,0.273] (10/50)
    pre-mmd f=0.01: power=0.200 [0.141,0.273] (10/50)
    pre-mmd f=0.02: power=0.340 [0.268,0.419] (17/50)
    pre-mmd f=0.05: power=1.000 [0.964,1.000] (50/50)
  [supcon_sigreg] per-event pre power=0.010
  [supcon_sigreg] sparker
    pre-spk f=0.001: power=0.040 [0.014,0.090] (2/50)
    pre-spk f=0.003: power=0.100 [0.058,0.162] (5/50)
    pre-spk f=0.01: power=0.120 [0.074,0.184] (6/50)
    pre-spk f=0.02: power=0.020 [0.003,0.064] (1/50)
    pre-spk f=0.05: power=0.580 [0.500,0.657] (29/50)
  [supcon_sigreg] maha
    pre-maha f=0.001: power=0.040 [0.014,0.090] (2/50)
    pre-maha f=0.003: power=0.020 [0.003,0.064] (1/50)
    pre-maha f=0.01: power=0.060 [0.028,0.115] (3/50)
    pre-maha f=0.02: power=0.080 [0.042,0.138] (4/50)
    pre-maha f=0.05: power=0.060 [0.028,0.115] (3/50)
  [supcon_sigreg] mmd
    pre-mmd f=0.001: power=0.020 [0.003,0.064] (1/50)
    pre-mmd f=0.003: power=0.120 [0.074,0.184] (6/50)
    pre-mmd f=0.01: power=0.140 [0.090,0.207] (7/50)
    pre-mmd f=0.02: power=0.380 [0.305,0.460] (19/50)
    pre-mmd f=0.05: power=1.000 [0.964,1.000] (50/50)
  [nplm_sup_dist] per-event pre power=0.020
  [nplm_sup_dist] sparker
    pre-spk f=0.001: power=0.020 [0.003,0.064] (1/50)
    pre-spk f=0.003: power=0.080 [0.042,0.138] (4/50)
    pre-spk f=0.01: power=0.100 [0.058,0.162] (5/50)
    pre-spk f=0.02: power=0.080 [0.042,0.138] (4/50)
    pre-spk f=0.05: power=0.920 [0.862,0.958] (46/50)
  [nplm_sup_dist] maha
    pre-maha f=0.001: power=0.020 [0.003,0.064] (1/50)
    pre-maha f=0.003: power=0.120 [0.074,0.184] (6/50)
    pre-maha f=0.01: power=0.060 [0.028,0.115] (3/50)
    pre-maha f=0.02: power=0.020 [0.003,0.064] (1/50)
    pre-maha f=0.05: power=0.000 [0.000,0.036] (0/50)
  [nplm_sup_dist] mmd
    pre-mmd f=0.001: power=0.080 [0.042,0.138] (4/50)
    pre-mmd f=0.003: power=0.120 [0.074,0.184] (6/50)
    pre-mmd f=0.01: power=0.320 [0.249,0.399] (16/50)
    pre-mmd f=0.02: power=0.700 [0.622,0.769] (35/50)
    pre-mmd f=0.05: power=1.000 [0.964,1.000] (50/50)

===== EXP50 PEREVENT PRE POWER (alpha=0.05) =====
  arm                 0.001    0.003     0.01     0.02     0.05
  supcon              0.000    0.000    0.000    0.000    0.000
  supcon_sigreg       0.010    0.010    0.010    0.010    0.010
  nplm_sup_dist       0.020    0.020    0.020    0.020    0.020
  saved /home/pharris/sigreg/SuperSig/plots/exp50_perevent_power_cifar100_100d.png

===== EXP50 SPARKER PRE POWER (alpha=0.05) =====
  arm                 0.001    0.003     0.01     0.02     0.05
  supcon              0.060    0.040    0.100    0.160    0.960
  supcon_sigreg       0.040    0.100    0.120    0.020    0.580
  nplm_sup_dist       0.020    0.080    0.100    0.080    0.920
  saved /home/pharris/sigreg/SuperSig/plots/exp50_sparker_power_cifar100_100d.png

===== EXP50 MAHA PRE POWER (alpha=0.05) =====
  arm                 0.001    0.003     0.01     0.02     0.05
  supcon              0.040    0.020    0.080    0.020    0.020
  supcon_sigreg       0.040    0.020    0.060    0.080    0.060
  nplm_sup_dist       0.020    0.120    0.060    0.020    0.000
  saved /home/pharris/sigreg/SuperSig/plots/exp50_maha_power_cifar100_100d.png

===== EXP50 MMD PRE POWER (alpha=0.05) =====
  arm                 0.001    0.003     0.01     0.02     0.05
  supcon              0.040    0.200    0.200    0.340    1.000
  supcon_sigreg       0.020    0.120    0.140    0.380    1.000
  nplm_sup_dist       0.080    0.120    0.320    0.700    1.000
  saved /home/pharris/sigreg/SuperSig/plots/exp50_mmd_power_cifar100_100d.png

===== EXP50 SUMMARY =====
  [supcon        ] probe=0.9443+-0.0014  acc=0.5630  eucl=0.4034  mahaT=0.3581
  [supcon_sigreg ] probe=0.9364+-0.0013  acc=0.5895  eucl=0.4764  mahaT=0.4281
  [nplm_sup_dist ] probe=0.8271+-0.0021  acc=0.2579  eucl=0.4103  mahaT=0.3775
Done.
