/home/pharris/venv/lib64/python3.9/site-packages/networkx/utils/backends.py:135: RuntimeWarning: networkx backend defined more than once: nx-loopback
  backends.update(_get_backends("networkx.backends"))
Using cache found in /home/pharris/.cache/torch/hub/chenyaofo_pytorch-cifar-models_master
exp50 [cifar100] NPLM suite, dim=64, epochs=20, holdout=[4], lam=1.0, arms=['simclr', 'lejepa', 'simclr_sigreg', 'supcon', 'supcon_sigreg', 'nplm_bilinear', 'nplm_distance', 'nplm_sup_dist']

----- simclr (augmentations only) -----
  CIFAR two-view embedding-train images (no {4}): 49500
  [simclr] epoch 1/20  loss=4.6720
  [simclr] epoch 2/20  loss=4.5582
  [simclr] epoch 3/20  loss=4.5336
  [simclr] epoch 4/20  loss=4.5177
  [simclr] epoch 5/20  loss=4.5078
  [simclr] epoch 6/20  loss=4.4991
  [simclr] epoch 7/20  loss=4.4917
  [simclr] epoch 8/20  loss=4.4852
  [simclr] epoch 9/20  loss=4.4799
  [simclr] epoch 10/20  loss=4.4759
  [simclr] epoch 11/20  loss=4.4740
  [simclr] epoch 12/20  loss=4.4687
  [simclr] epoch 13/20  loss=4.4679
  [simclr] epoch 14/20  loss=4.4632
  [simclr] epoch 15/20  loss=4.4635
  [simclr] epoch 16/20  loss=4.4582
  [simclr] epoch 17/20  loss=4.4575
  [simclr] epoch 18/20  loss=4.4564
  [simclr] epoch 19/20  loss=4.4540
  [simclr] epoch 20/20  loss=4.4527
Using cache found in /home/pharris/.cache/torch/hub/chenyaofo_pytorch-cifar-models_master
  [simclr        ] probe=0.8854+-0.0029 acc=0.2857 supAUC=0.9064 eucl=0.4819 mahaT=0.3600 mahaPC=0.4501

----- lejepa (augmentations only) -----
  CIFAR two-view embedding-train images (no {4}): 49500
  [sigreg-ssl] epoch 1/20  inv=0.0963  sigreg=0.1344
  [sigreg-ssl] epoch 2/20  inv=0.0890  sigreg=0.0873
  [sigreg-ssl] epoch 3/20  inv=0.0841  sigreg=0.0795
  [sigreg-ssl] epoch 4/20  inv=0.0819  sigreg=0.0757
  [sigreg-ssl] epoch 5/20  inv=0.0792  sigreg=0.0719
  [sigreg-ssl] epoch 6/20  inv=0.0776  sigreg=0.0707
  [sigreg-ssl] epoch 7/20  inv=0.0760  sigreg=0.0667
  [sigreg-ssl] epoch 8/20  inv=0.0752  sigreg=0.0657
  [sigreg-ssl] epoch 9/20  inv=0.0741  sigreg=0.0631
  [sigreg-ssl] epoch 10/20  inv=0.0738  sigreg=0.0628
  [sigreg-ssl] epoch 11/20  inv=0.0726  sigreg=0.0615
  [sigreg-ssl] epoch 12/20  inv=0.0716  sigreg=0.0598
  [sigreg-ssl] epoch 13/20  inv=0.0707  sigreg=0.0594
  [sigreg-ssl] epoch 14/20  inv=0.0699  sigreg=0.0590
  [sigreg-ssl] epoch 15/20  inv=0.0691  sigreg=0.0579
  [sigreg-ssl] epoch 16/20  inv=0.0692  sigreg=0.0575
  [sigreg-ssl] epoch 17/20  inv=0.0683  sigreg=0.0567
  [sigreg-ssl] epoch 18/20  inv=0.0677  sigreg=0.0561
  [sigreg-ssl] epoch 19/20  inv=0.0675  sigreg=0.0565
  [sigreg-ssl] epoch 20/20  inv=0.0677  sigreg=0.0561
Using cache found in /home/pharris/.cache/torch/hub/chenyaofo_pytorch-cifar-models_master
  [lejepa        ] probe=0.8265+-0.0007 acc=0.2104 supAUC=0.8700 eucl=0.4342 mahaT=0.3228 mahaPC=0.4260

----- simclr_sigreg (augmentations only) -----
  CIFAR two-view embedding-train images (no {4}): 49500
  [softmax/cosine] epoch 1/20  interaction=4.7032  marginal=0.0790
  [softmax/cosine] epoch 2/20  interaction=4.5741  marginal=0.0343
  [softmax/cosine] epoch 3/20  interaction=4.5449  marginal=0.0301
  [softmax/cosine] epoch 4/20  interaction=4.5271  marginal=0.0284
  [softmax/cosine] epoch 5/20  interaction=4.5151  marginal=0.0264
  [softmax/cosine] epoch 6/20  interaction=4.5059  marginal=0.0253
  [softmax/cosine] epoch 7/20  interaction=4.4991  marginal=0.0249
  [softmax/cosine] epoch 8/20  interaction=4.4937  marginal=0.0238
  [softmax/cosine] epoch 9/20  interaction=4.4876  marginal=0.0241
  [softmax/cosine] epoch 10/20  interaction=4.4837  marginal=0.0233
  [softmax/cosine] epoch 11/20  interaction=4.4797  marginal=0.0230
  [softmax/cosine] epoch 12/20  interaction=4.4766  marginal=0.0226
  [softmax/cosine] epoch 13/20  interaction=4.4730  marginal=0.0223
  [softmax/cosine] epoch 14/20  interaction=4.4705  marginal=0.0220
  [softmax/cosine] epoch 15/20  interaction=4.4690  marginal=0.0221
  [softmax/cosine] epoch 16/20  interaction=4.4665  marginal=0.0217
  [softmax/cosine] epoch 17/20  interaction=4.4632  marginal=0.0213
  [softmax/cosine] epoch 18/20  interaction=4.4618  marginal=0.0209
  [softmax/cosine] epoch 19/20  interaction=4.4587  marginal=0.0205
  [softmax/cosine] epoch 20/20  interaction=4.4580  marginal=0.0203
Using cache found in /home/pharris/.cache/torch/hub/chenyaofo_pytorch-cifar-models_master
  [simclr_sigreg ] probe=0.8666+-0.0029 acc=0.2734 supAUC=0.9048 eucl=0.5444 mahaT=0.4058 mahaPC=0.5032

----- supcon (labels) -----
  CIFAR two-view embedding-train images (no {4}): 49500
  [supcon] epoch 1/20  loss=4.2287
  [supcon] epoch 2/20  loss=3.9845
  [supcon] epoch 3/20  loss=3.9002
  [supcon] epoch 4/20  loss=3.8528
  [supcon] epoch 5/20  loss=3.8115
  [supcon] epoch 6/20  loss=3.7749
  [supcon] epoch 7/20  loss=3.7535
  [supcon] epoch 8/20  loss=3.7316
  [supcon] epoch 9/20  loss=3.7025
  [supcon] epoch 10/20  loss=3.6826
  [supcon] epoch 11/20  loss=3.6734
  [supcon] epoch 12/20  loss=3.6528
  [supcon] epoch 13/20  loss=3.6353
  [supcon] epoch 14/20  loss=3.6278
  [supcon] epoch 15/20  loss=3.6143
  [supcon] epoch 16/20  loss=3.5897
  [supcon] epoch 17/20  loss=3.5988
  [supcon] epoch 18/20  loss=3.5739
  [supcon] epoch 19/20  loss=3.5642
  [supcon] epoch 20/20  loss=3.5609
Using cache found in /home/pharris/.cache/torch/hub/chenyaofo_pytorch-cifar-models_master
  [supcon        ] probe=0.9389+-0.0004 acc=0.5675 supAUC=0.9763 eucl=0.3390 mahaT=0.3416 mahaPC=0.4986

----- supcon_sigreg (labels) -----
  CIFAR two-view embedding-train images (no {4}): 49500
  [softmax/cosine] epoch 1/20  interaction=4.2902  marginal=0.2416
  [softmax/cosine] epoch 2/20  interaction=4.0658  marginal=0.1292
  [softmax/cosine] epoch 3/20  interaction=3.9926  marginal=0.1131
  [softmax/cosine] epoch 4/20  interaction=3.9440  marginal=0.1039
  [softmax/cosine] epoch 5/20  interaction=3.8900  marginal=0.0968
  [softmax/cosine] epoch 6/20  interaction=3.8612  marginal=0.0941
  [softmax/cosine] epoch 7/20  interaction=3.8303  marginal=0.0921
  [softmax/cosine] epoch 8/20  interaction=3.8109  marginal=0.0878
  [softmax/cosine] epoch 9/20  interaction=3.7999  marginal=0.0868
  [softmax/cosine] epoch 10/20  interaction=3.7780  marginal=0.0849
  [softmax/cosine] epoch 11/20  interaction=3.7581  marginal=0.0833
  [softmax/cosine] epoch 12/20  interaction=3.7396  marginal=0.0825
  [softmax/cosine] epoch 13/20  interaction=3.7235  marginal=0.0801
  [softmax/cosine] epoch 14/20  interaction=3.7104  marginal=0.0799
  [softmax/cosine] epoch 15/20  interaction=3.6971  marginal=0.0791
  [softmax/cosine] epoch 16/20  interaction=3.6875  marginal=0.0788
  [softmax/cosine] epoch 17/20  interaction=3.6692  marginal=0.0780
  [softmax/cosine] epoch 18/20  interaction=3.6596  marginal=0.0752
  [softmax/cosine] epoch 19/20  interaction=3.6415  marginal=0.0749
  [softmax/cosine] epoch 20/20  interaction=3.6385  marginal=0.0743
Using cache found in /home/pharris/.cache/torch/hub/chenyaofo_pytorch-cifar-models_master
  [supcon_sigreg ] probe=0.9129+-0.0028 acc=0.5916 supAUC=0.9801 eucl=0.4457 mahaT=0.4615 mahaPC=0.5604

----- nplm_bilinear (augmentations only) -----
  CIFAR two-view embedding-train images (no {4}): 49500
  [nplm/bilinear] epoch 1/20  interaction=298608.6428  marginal=0.6683
  [nplm/bilinear] epoch 2/20  interaction=82.0541  marginal=0.6724
  [nplm/bilinear] epoch 3/20  interaction=39.1571  marginal=0.6682
  [nplm/bilinear] epoch 4/20  interaction=10.6107  marginal=0.6604
  [nplm/bilinear] epoch 5/20  interaction=5.2828  marginal=0.6587
  [nplm/bilinear] epoch 6/20  interaction=4.0550  marginal=0.6563
  [nplm/bilinear] epoch 7/20  interaction=1.6105  marginal=0.6532
  [nplm/bilinear] epoch 8/20  interaction=0.9867  marginal=0.6525
  [nplm/bilinear] epoch 9/20  interaction=0.7088  marginal=0.6527
  [nplm/bilinear] epoch 10/20  interaction=0.2524  marginal=0.6518
  [nplm/bilinear] epoch 11/20  interaction=0.0462  marginal=0.6505
  [nplm/bilinear] epoch 12/20  interaction=-0.1770  marginal=0.6502
  [nplm/bilinear] epoch 13/20  interaction=-0.2903  marginal=0.6495
  [nplm/bilinear] epoch 14/20  interaction=-0.3962  marginal=0.6485
  [nplm/bilinear] epoch 15/20  interaction=-0.4273  marginal=0.6486
  [nplm/bilinear] epoch 16/20  interaction=-0.5567  marginal=0.6478
  [nplm/bilinear] epoch 17/20  interaction=-0.5555  marginal=0.6474
  [nplm/bilinear] epoch 18/20  interaction=-0.6724  marginal=0.6471
  [nplm/bilinear] epoch 19/20  interaction=-0.3534  marginal=0.6454
  [nplm/bilinear] epoch 20/20  interaction=-0.7153  marginal=0.6467
Using cache found in /home/pharris/.cache/torch/hub/chenyaofo_pytorch-cifar-models_master
  [nplm_bilinear ] probe=0.8584+-0.0009 acc=0.2845 supAUC=0.8785 eucl=0.3457 mahaT=0.3388 mahaPC=0.4207

----- nplm_distance (augmentations only) -----
  CIFAR two-view embedding-train images (no {4}): 49500
  [nplm/distance] epoch 1/20  interaction=-0.5626  marginal=0.5609
  [nplm/distance] epoch 2/20  interaction=-0.6417  marginal=0.5084
  [nplm/distance] epoch 3/20  interaction=-0.6553  marginal=0.4915
  [nplm/distance] epoch 4/20  interaction=-0.6613  marginal=0.4841
  [nplm/distance] epoch 5/20  interaction=-0.6688  marginal=0.4737
  [nplm/distance] epoch 6/20  interaction=-0.6708  marginal=0.4677
  [nplm/distance] epoch 7/20  interaction=-0.6776  marginal=0.4617
  [nplm/distance] epoch 8/20  interaction=-0.6793  marginal=0.4579
  [nplm/distance] epoch 9/20  interaction=-0.6823  marginal=0.4506
  [nplm/distance] epoch 10/20  interaction=-0.6844  marginal=0.4452
  [nplm/distance] epoch 11/20  interaction=-0.6869  marginal=0.4396
  [nplm/distance] epoch 12/20  interaction=-0.6870  marginal=0.4389
  [nplm/distance] epoch 13/20  interaction=-0.6897  marginal=0.4429
  [nplm/distance] epoch 14/20  interaction=-0.6913  marginal=0.4275
  [nplm/distance] epoch 15/20  interaction=-0.6913  marginal=0.4273
  [nplm/distance] epoch 16/20  interaction=-0.6922  marginal=0.4245
  [nplm/distance] epoch 17/20  interaction=-0.6946  marginal=0.4238
  [nplm/distance] epoch 18/20  interaction=-0.6952  marginal=0.4234
  [nplm/distance] epoch 19/20  interaction=-0.6955  marginal=0.4207
  [nplm/distance] epoch 20/20  interaction=-0.6973  marginal=0.4163
Using cache found in /home/pharris/.cache/torch/hub/chenyaofo_pytorch-cifar-models_master
  [nplm_distance ] probe=0.7618+-0.0015 acc=0.1266 supAUC=0.8214 eucl=0.4404 mahaT=0.4119 mahaPC=0.4508

----- nplm_sup_dist (labels) -----
  CIFAR two-view embedding-train images (no {4}): 49500
  [nplm/distance] epoch 1/20  interaction=-0.1625  marginal=0.7617
  [nplm/distance] epoch 2/20  interaction=-0.2776  marginal=0.7370
  [nplm/distance] epoch 3/20  interaction=-0.3031  marginal=0.7298
  [nplm/distance] epoch 4/20  interaction=-0.3157  marginal=0.7255
  [nplm/distance] epoch 5/20  interaction=-0.3307  marginal=0.7205
  [nplm/distance] epoch 6/20  interaction=-0.3426  marginal=0.7164
  [nplm/distance] epoch 7/20  interaction=-0.3475  marginal=0.7159
  [nplm/distance] epoch 8/20  interaction=-0.3548  marginal=0.7138
  [nplm/distance] epoch 9/20  interaction=-0.3606  marginal=0.7125
  [nplm/distance] epoch 10/20  interaction=-0.3641  marginal=0.7086
  [nplm/distance] epoch 11/20  interaction=-0.3690  marginal=0.7070
  [nplm/distance] epoch 12/20  interaction=-0.3745  marginal=0.7040
  [nplm/distance] epoch 13/20  interaction=-0.3763  marginal=0.7044
  [nplm/distance] epoch 14/20  interaction=-0.3806  marginal=0.7034
  [nplm/distance] epoch 15/20  interaction=-0.3851  marginal=0.7011
  [nplm/distance] epoch 16/20  interaction=-0.3875  marginal=0.7002
  [nplm/distance] epoch 17/20  interaction=-0.3915  marginal=0.6986
  [nplm/distance] epoch 18/20  interaction=-0.3952  marginal=0.6966
  [nplm/distance] epoch 19/20  interaction=-0.3939  marginal=0.6971
  [nplm/distance] epoch 20/20  interaction=-0.3993  marginal=0.6961
  [nplm_sup_dist ] probe=0.8377+-0.0009 acc=0.2731 supAUC=0.9242 eucl=0.4006 mahaT=0.3241 mahaPC=0.3671

===== performance / novelty table =====
  arm                        probe     acc  supAUC    eucl   mahaT  mahaPC
  simclr             0.8854+-0.0029  0.2857  0.9064  0.4819  0.3600  0.4501
  lejepa             0.8265+-0.0007  0.2104  0.8700  0.4342  0.3228  0.4260
  simclr_sigreg      0.8666+-0.0029  0.2734  0.9048  0.5444  0.4058  0.5032
  supcon             0.9389+-0.0004  0.5675  0.9763  0.3390  0.3416  0.4986
  supcon_sigreg      0.9129+-0.0028  0.5916  0.9801  0.4457  0.4615  0.5604
  nplm_bilinear      0.8584+-0.0009  0.2845  0.8785  0.3457  0.3388  0.4207
  nplm_distance      0.7618+-0.0015  0.1266  0.8214  0.4404  0.4119  0.4508
  nplm_sup_dist      0.8377+-0.0009  0.2731  0.9242  0.4006  0.3241  0.3671

===== gaussianity (seen classes, test set) =====
  metric                            simclr        lejepa simclr_sigreg        supcon supcon_sigreg nplm_bilinear nplm_distance nplm_sup_dist
  eig min (class cov)                0.000         0.000         0.000         0.000         0.000         0.000        -0.000        -0.000
  eig max (class cov)               17.664        24.360        21.100        32.197        20.266         1.076         7.740         0.465
  eig cond worst                 1733870.8    11946626.0      511820.2     1194511.1      408586.3       66157.97739977236480.0465173708800.0
  class RMS min                      0.337         0.416         0.585         0.289         0.512         0.130         0.172         0.046
  class RMS mean                     0.598         0.729         0.843         0.454         0.611         0.188         0.288         0.075
  class RMS max                      0.803         1.014         0.945         0.788         0.729         0.255         0.441         0.107
  max |corr| (worst class)           0.933         0.985         0.920         0.983         0.957         0.859         0.999         0.999
  SW ratio mean                       1.77          2.57          1.67          1.92          1.47          1.40          2.94         12.88
  SW ratio worst                      4.65          6.58          4.89          4.21          2.71          2.00          7.71         38.73
  |skew| mean                        0.331         0.436         0.309         0.366         0.290         0.282         0.474         1.471
  |ex-kurt| mean                     0.561         0.746         0.520         0.716         0.524         0.485         0.771         4.691
  centroid dist min                   0.92          0.87          1.25          0.67          1.16          0.19          0.13          0.06
  centroid dist mean                  4.00          6.06          5.41          6.14          8.44          1.23          2.88          1.82
  separation (min d/RMS)              1.53          1.19          1.48          1.47          1.90          1.01          0.46          0.74
saved /home/pharris/sigreg/SuperSig/plots/exp50_probe_cifar100_64d.png

===== PRE power batteries (all statistics) =====
  [simclr] per-event pre power=0.020
  [simclr] sparker
    pre-spk f=0.001: power=0.060 [0.028,0.115] (3/50)
    pre-spk f=0.003: power=0.040 [0.014,0.090] (2/50)
    pre-spk f=0.01: power=0.000 [0.000,0.036] (0/50)
    pre-spk f=0.02: power=0.080 [0.042,0.138] (4/50)
    pre-spk f=0.05: power=0.660 [0.581,0.732] (33/50)
  [simclr] maha
    pre-maha f=0.001: power=0.020 [0.003,0.064] (1/50)
    pre-maha f=0.003: power=0.000 [0.000,0.036] (0/50)
    pre-maha f=0.01: power=0.080 [0.042,0.138] (4/50)
    pre-maha f=0.02: power=0.020 [0.003,0.064] (1/50)
    pre-maha f=0.05: power=0.020 [0.003,0.064] (1/50)
  [simclr] mmd
    pre-mmd f=0.001: power=0.100 [0.058,0.162] (5/50)
    pre-mmd f=0.003: power=0.120 [0.074,0.184] (6/50)
    pre-mmd f=0.01: power=0.020 [0.003,0.064] (1/50)
    pre-mmd f=0.02: power=0.160 [0.107,0.229] (8/50)
    pre-mmd f=0.05: power=0.960 [0.910,0.986] (48/50)
  [lejepa] per-event pre power=0.000
  [lejepa] sparker
    pre-spk f=0.001: power=0.060 [0.028,0.115] (3/50)
    pre-spk f=0.003: power=0.080 [0.042,0.138] (4/50)
    pre-spk f=0.01: power=0.100 [0.058,0.162] (5/50)
    pre-spk f=0.02: power=0.120 [0.074,0.184] (6/50)
    pre-spk f=0.05: power=0.920 [0.862,0.958] (46/50)
  [lejepa] maha
    pre-maha f=0.001: power=0.040 [0.014,0.090] (2/50)
    pre-maha f=0.003: power=0.040 [0.014,0.090] (2/50)
    pre-maha f=0.01: power=0.040 [0.014,0.090] (2/50)
    pre-maha f=0.02: power=0.040 [0.014,0.090] (2/50)
    pre-maha f=0.05: power=0.000 [0.000,0.036] (0/50)
  [lejepa] mmd
    pre-mmd f=0.001: power=0.060 [0.028,0.115] (3/50)
    pre-mmd f=0.003: power=0.100 [0.058,0.162] (5/50)
    pre-mmd f=0.01: power=0.060 [0.028,0.115] (3/50)
    pre-mmd f=0.02: power=0.180 [0.124,0.251] (9/50)
    pre-mmd f=0.05: power=0.900 [0.838,0.942] (45/50)
  [simclr_sigreg] per-event pre power=0.030
  [simclr_sigreg] sparker
    pre-spk f=0.001: power=0.100 [0.058,0.162] (5/50)
    pre-spk f=0.003: power=0.040 [0.014,0.090] (2/50)
    pre-spk f=0.01: power=0.060 [0.028,0.115] (3/50)
    pre-spk f=0.02: power=0.040 [0.014,0.090] (2/50)
    pre-spk f=0.05: power=0.560 [0.480,0.638] (28/50)
  [simclr_sigreg] maha
    pre-maha f=0.001: power=0.080 [0.042,0.138] (4/50)
    pre-maha f=0.003: power=0.100 [0.058,0.162] (5/50)
    pre-maha f=0.01: power=0.100 [0.058,0.162] (5/50)
    pre-maha f=0.02: power=0.100 [0.058,0.162] (5/50)
    pre-maha f=0.05: power=0.040 [0.014,0.090] (2/50)
  [simclr_sigreg] mmd
    pre-mmd f=0.001: power=0.060 [0.028,0.115] (3/50)
    pre-mmd f=0.003: power=0.100 [0.058,0.162] (5/50)
    pre-mmd f=0.01: power=0.080 [0.042,0.138] (4/50)
    pre-mmd f=0.02: power=0.220 [0.159,0.294] (11/50)
    pre-mmd f=0.05: power=0.960 [0.910,0.986] (48/50)
  [supcon] per-event pre power=0.000
  [supcon] sparker
    pre-spk f=0.001: power=0.020 [0.003,0.064] (1/50)
    pre-spk f=0.003: power=0.060 [0.028,0.115] (3/50)
    pre-spk f=0.01: power=0.040 [0.014,0.090] (2/50)
    pre-spk f=0.02: power=0.040 [0.014,0.090] (2/50)
    pre-spk f=0.05: power=1.000 [0.964,1.000] (50/50)
  [supcon] maha
    pre-maha f=0.001: power=0.060 [0.028,0.115] (3/50)
    pre-maha f=0.003: power=0.000 [0.000,0.036] (0/50)
    pre-maha f=0.01: power=0.020 [0.003,0.064] (1/50)
    pre-maha f=0.02: power=0.020 [0.003,0.064] (1/50)
    pre-maha f=0.05: power=0.060 [0.028,0.115] (3/50)
  [supcon] mmd
    pre-mmd f=0.001: power=0.020 [0.003,0.064] (1/50)
    pre-mmd f=0.003: power=0.120 [0.074,0.184] (6/50)
    pre-mmd f=0.01: power=0.240 [0.177,0.315] (12/50)
    pre-mmd f=0.02: power=0.460 [0.382,0.540] (23/50)
    pre-mmd f=0.05: power=1.000 [0.964,1.000] (50/50)
  [supcon_sigreg] per-event pre power=0.000
  [supcon_sigreg] sparker
    pre-spk f=0.001: power=0.060 [0.028,0.115] (3/50)
    pre-spk f=0.003: power=0.000 [0.000,0.036] (0/50)
    pre-spk f=0.01: power=0.020 [0.003,0.064] (1/50)
    pre-spk f=0.02: power=0.040 [0.014,0.090] (2/50)
    pre-spk f=0.05: power=0.580 [0.500,0.657] (29/50)
  [supcon_sigreg] maha
    pre-maha f=0.001: power=0.020 [0.003,0.064] (1/50)
    pre-maha f=0.003: power=0.060 [0.028,0.115] (3/50)
    pre-maha f=0.01: power=0.080 [0.042,0.138] (4/50)
    pre-maha f=0.02: power=0.160 [0.107,0.229] (8/50)
    pre-maha f=0.05: power=0.180 [0.124,0.251] (9/50)
  [supcon_sigreg] mmd
    pre-mmd f=0.001: power=0.020 [0.003,0.064] (1/50)
    pre-mmd f=0.003: power=0.140 [0.090,0.207] (7/50)
    pre-mmd f=0.01: power=0.200 [0.141,0.273] (10/50)
    pre-mmd f=0.02: power=0.500 [0.421,0.579] (25/50)
    pre-mmd f=0.05: power=1.000 [0.964,1.000] (50/50)
  [nplm_bilinear] per-event pre power=0.010
  [nplm_bilinear] sparker
    pre-spk f=0.001: power=0.000 [0.000,0.036] (0/50)
    pre-spk f=0.003: power=0.040 [0.014,0.090] (2/50)
    pre-spk f=0.01: power=0.040 [0.014,0.090] (2/50)
    pre-spk f=0.02: power=0.060 [0.028,0.115] (3/50)
    pre-spk f=0.05: power=0.640 [0.560,0.714] (32/50)
  [nplm_bilinear] maha
    pre-maha f=0.001: power=0.100 [0.058,0.162] (5/50)
    pre-maha f=0.003: power=0.080 [0.042,0.138] (4/50)
    pre-maha f=0.01: power=0.040 [0.014,0.090] (2/50)
    pre-maha f=0.02: power=0.020 [0.003,0.064] (1/50)
    pre-maha f=0.05: power=0.020 [0.003,0.064] (1/50)
  [nplm_bilinear] mmd
    pre-mmd f=0.001: power=0.120 [0.074,0.184] (6/50)
    pre-mmd f=0.003: power=0.180 [0.124,0.251] (9/50)
    pre-mmd f=0.01: power=0.220 [0.159,0.294] (11/50)
    pre-mmd f=0.02: power=0.380 [0.305,0.460] (19/50)
    pre-mmd f=0.05: power=1.000 [0.964,1.000] (50/50)
  [nplm_distance] per-event pre power=0.000
  [nplm_distance] sparker
    pre-spk f=0.001: power=0.040 [0.014,0.090] (2/50)
    pre-spk f=0.003: power=0.080 [0.042,0.138] (4/50)
    pre-spk f=0.01: power=0.060 [0.028,0.115] (3/50)
    pre-spk f=0.02: power=0.020 [0.003,0.064] (1/50)
    pre-spk f=0.05: power=0.760 [0.685,0.823] (38/50)
  [nplm_distance] maha
    pre-maha f=0.001: power=0.040 [0.014,0.090] (2/50)
    pre-maha f=0.003: power=0.020 [0.003,0.064] (1/50)
    pre-maha f=0.01: power=0.020 [0.003,0.064] (1/50)
    pre-maha f=0.02: power=0.020 [0.003,0.064] (1/50)
    pre-maha f=0.05: power=0.000 [0.000,0.036] (0/50)
  [nplm_distance] mmd
    pre-mmd f=0.001: power=0.040 [0.014,0.090] (2/50)
    pre-mmd f=0.003: power=0.060 [0.028,0.115] (3/50)
    pre-mmd f=0.01: power=0.180 [0.124,0.251] (9/50)
    pre-mmd f=0.02: power=0.380 [0.305,0.460] (19/50)
    pre-mmd f=0.05: power=0.980 [0.936,0.997] (49/50)
  [nplm_sup_dist] per-event pre power=0.010
  [nplm_sup_dist] sparker
    pre-spk f=0.001: power=0.000 [0.000,0.036] (0/50)
    pre-spk f=0.003: power=0.040 [0.014,0.090] (2/50)
    pre-spk f=0.01: power=0.040 [0.014,0.090] (2/50)
    pre-spk f=0.02: power=0.180 [0.124,0.251] (9/50)
    pre-spk f=0.05: power=0.920 [0.862,0.958] (46/50)
  [nplm_sup_dist] maha
    pre-maha f=0.001: power=0.000 [0.000,0.036] (0/50)
    pre-maha f=0.003: power=0.080 [0.042,0.138] (4/50)
    pre-maha f=0.01: power=0.020 [0.003,0.064] (1/50)
    pre-maha f=0.02: power=0.000 [0.000,0.036] (0/50)
    pre-maha f=0.05: power=0.000 [0.000,0.036] (0/50)
  [nplm_sup_dist] mmd
    pre-mmd f=0.001: power=0.060 [0.028,0.115] (3/50)
    pre-mmd f=0.003: power=0.100 [0.058,0.162] (5/50)
    pre-mmd f=0.01: power=0.240 [0.177,0.315] (12/50)
    pre-mmd f=0.02: power=0.660 [0.581,0.732] (33/50)
    pre-mmd f=0.05: power=1.000 [0.964,1.000] (50/50)

===== EXP50 PEREVENT PRE POWER (alpha=0.05) =====
  arm                 0.001    0.003     0.01     0.02     0.05
  simclr              0.020    0.020    0.020    0.020    0.020
  lejepa              0.000    0.000    0.000    0.000    0.000
  simclr_sigreg       0.030    0.030    0.030    0.030    0.030
  supcon              0.000    0.000    0.000    0.000    0.000
  supcon_sigreg       0.000    0.000    0.000    0.000    0.000
  nplm_bilinear       0.010    0.010    0.010    0.010    0.010
  nplm_distance       0.000    0.000    0.000    0.000    0.000
  nplm_sup_dist       0.010    0.010    0.010    0.010    0.010
  saved /home/pharris/sigreg/SuperSig/plots/exp50_perevent_power_cifar100_64d.png

===== EXP50 SPARKER PRE POWER (alpha=0.05) =====
  arm                 0.001    0.003     0.01     0.02     0.05
  simclr              0.060    0.040    0.000    0.080    0.660
  lejepa              0.060    0.080    0.100    0.120    0.920
  simclr_sigreg       0.100    0.040    0.060    0.040    0.560
  supcon              0.020    0.060    0.040    0.040    1.000
  supcon_sigreg       0.060    0.000    0.020    0.040    0.580
  nplm_bilinear       0.000    0.040    0.040    0.060    0.640
  nplm_distance       0.040    0.080    0.060    0.020    0.760
  nplm_sup_dist       0.000    0.040    0.040    0.180    0.920
  saved /home/pharris/sigreg/SuperSig/plots/exp50_sparker_power_cifar100_64d.png

===== EXP50 MAHA PRE POWER (alpha=0.05) =====
  arm                 0.001    0.003     0.01     0.02     0.05
  simclr              0.020    0.000    0.080    0.020    0.020
  lejepa              0.040    0.040    0.040    0.040    0.000
  simclr_sigreg       0.080    0.100    0.100    0.100    0.040
  supcon              0.060    0.000    0.020    0.020    0.060
  supcon_sigreg       0.020    0.060    0.080    0.160    0.180
  nplm_bilinear       0.100    0.080    0.040    0.020    0.020
  nplm_distance       0.040    0.020    0.020    0.020    0.000
  nplm_sup_dist       0.000    0.080    0.020    0.000    0.000
  saved /home/pharris/sigreg/SuperSig/plots/exp50_maha_power_cifar100_64d.png

===== EXP50 MMD PRE POWER (alpha=0.05) =====
  arm                 0.001    0.003     0.01     0.02     0.05
  simclr              0.100    0.120    0.020    0.160    0.960
  lejepa              0.060    0.100    0.060    0.180    0.900
  simclr_sigreg       0.060    0.100    0.080    0.220    0.960
  supcon              0.020    0.120    0.240    0.460    1.000
  supcon_sigreg       0.020    0.140    0.200    0.500    1.000
  nplm_bilinear       0.120    0.180    0.220    0.380    1.000
  nplm_distance       0.040    0.060    0.180    0.380    0.980
  nplm_sup_dist       0.060    0.100    0.240    0.660    1.000
  saved /home/pharris/sigreg/SuperSig/plots/exp50_mmd_power_cifar100_64d.png

===== EXP50 SUMMARY =====
  [simclr        ] probe=0.8854+-0.0029  acc=0.2857  eucl=0.4819  mahaT=0.3600
  [lejepa        ] probe=0.8265+-0.0007  acc=0.2104  eucl=0.4342  mahaT=0.3228
  [simclr_sigreg ] probe=0.8666+-0.0029  acc=0.2734  eucl=0.5444  mahaT=0.4058
  [supcon        ] probe=0.9389+-0.0004  acc=0.5675  eucl=0.3390  mahaT=0.3416
  [supcon_sigreg ] probe=0.9129+-0.0028  acc=0.5916  eucl=0.4457  mahaT=0.4615
  [nplm_bilinear ] probe=0.8584+-0.0009  acc=0.2845  eucl=0.3457  mahaT=0.3388
  [nplm_distance ] probe=0.7618+-0.0015  acc=0.1266  eucl=0.4404  mahaT=0.4119
  [nplm_sup_dist ] probe=0.8377+-0.0009  acc=0.2731  eucl=0.4006  mahaT=0.3241
Done.
