/home/pharris/venv/lib64/python3.9/site-packages/networkx/utils/backends.py:135: RuntimeWarning: networkx backend defined more than once: nx-loopback
  backends.update(_get_backends("networkx.backends"))
exp51 [cars_dino_100d] NPLM suite, dim=100, epochs=120, holdouts=[186, 187, 188, 189, 190, 191, 192, 193, 194, 195], lam=1.0, arms=['simclr', 'lejepa', 'simclr_sigreg', 'supcon', 'supcon_sigreg', 'nplm_bilinear', 'nplm_distance', 'nplm_sup_dist']
  train pool 8144 (seen bank 7712), test pool 8041 (426 holdout)

----- simclr (augmentations only) -----
  [simclr] epoch 1/120  loss=5.5820
  [simclr] epoch 2/120  loss=5.3183
  [simclr] epoch 3/120  loss=5.2653
  [simclr] epoch 4/120  loss=5.2405
  [simclr] epoch 5/120  loss=5.2221
  [simclr] epoch 6/120  loss=5.2087
  [simclr] epoch 7/120  loss=5.1963
  [simclr] epoch 8/120  loss=5.1845
  [simclr] epoch 9/120  loss=5.1791
  [simclr] epoch 10/120  loss=5.1721
  [simclr] epoch 11/120  loss=5.1665
  [simclr] epoch 12/120  loss=5.1610
  [simclr] epoch 13/120  loss=5.1578
  [simclr] epoch 14/120  loss=5.1528
  [simclr] epoch 15/120  loss=5.1491
  [simclr] epoch 16/120  loss=5.1434
  [simclr] epoch 17/120  loss=5.1416
  [simclr] epoch 18/120  loss=5.1381
  [simclr] epoch 19/120  loss=5.1358
  [simclr] epoch 20/120  loss=5.1325
  [simclr] epoch 21/120  loss=5.1290
  [simclr] epoch 22/120  loss=5.1268
  [simclr] epoch 23/120  loss=5.1256
  [simclr] epoch 24/120  loss=5.1206
  [simclr] epoch 25/120  loss=5.1180
  [simclr] epoch 26/120  loss=5.1156
  [simclr] epoch 27/120  loss=5.1126
  [simclr] epoch 28/120  loss=5.1137
  [simclr] epoch 29/120  loss=5.1085
  [simclr] epoch 30/120  loss=5.1086
  [simclr] epoch 31/120  loss=5.1084
  [simclr] epoch 32/120  loss=5.1033
  [simclr] epoch 33/120  loss=5.1038
  [simclr] epoch 34/120  loss=5.1038
  [simclr] epoch 35/120  loss=5.1003
  [simclr] epoch 36/120  loss=5.0991
  [simclr] epoch 37/120  loss=5.0972
  [simclr] epoch 38/120  loss=5.0972
  [simclr] epoch 39/120  loss=5.0956
  [simclr] epoch 40/120  loss=5.0945
  [simclr] epoch 41/120  loss=5.0926
  [simclr] epoch 42/120  loss=5.0930
  [simclr] epoch 43/120  loss=5.0901
  [simclr] epoch 44/120  loss=5.0900
  [simclr] epoch 45/120  loss=5.0886
  [simclr] epoch 46/120  loss=5.0875
  [simclr] epoch 47/120  loss=5.0848
  [simclr] epoch 48/120  loss=5.0850
  [simclr] epoch 49/120  loss=5.0821
  [simclr] epoch 50/120  loss=5.0817
  [simclr] epoch 51/120  loss=5.0815
  [simclr] epoch 52/120  loss=5.0812
  [simclr] epoch 53/120  loss=5.0804
  [simclr] epoch 54/120  loss=5.0781
  [simclr] epoch 55/120  loss=5.0767
  [simclr] epoch 56/120  loss=5.0759
  [simclr] epoch 57/120  loss=5.0764
  [simclr] epoch 58/120  loss=5.0757
  [simclr] epoch 59/120  loss=5.0745
  [simclr] epoch 60/120  loss=5.0746
  [simclr] epoch 61/120  loss=5.0747
  [simclr] epoch 62/120  loss=5.0710
  [simclr] epoch 63/120  loss=5.0714
  [simclr] epoch 64/120  loss=5.0693
  [simclr] epoch 65/120  loss=5.0694
  [simclr] epoch 66/120  loss=5.0679
  [simclr] epoch 67/120  loss=5.0675
  [simclr] epoch 68/120  loss=5.0674
  [simclr] epoch 69/120  loss=5.0669
  [simclr] epoch 70/120  loss=5.0664
  [simclr] epoch 71/120  loss=5.0660
  [simclr] epoch 72/120  loss=5.0639
  [simclr] epoch 73/120  loss=5.0645
  [simclr] epoch 74/120  loss=5.0643
  [simclr] epoch 75/120  loss=5.0618
  [simclr] epoch 76/120  loss=5.0608
  [simclr] epoch 77/120  loss=5.0623
  [simclr] epoch 78/120  loss=5.0600
  [simclr] epoch 79/120  loss=5.0592
  [simclr] epoch 80/120  loss=5.0577
  [simclr] epoch 81/120  loss=5.0595
  [simclr] epoch 82/120  loss=5.0587
  [simclr] epoch 83/120  loss=5.0569
  [simclr] epoch 84/120  loss=5.0573
  [simclr] epoch 85/120  loss=5.0558
  [simclr] epoch 86/120  loss=5.0576
  [simclr] epoch 87/120  loss=5.0554
  [simclr] epoch 88/120  loss=5.0551
  [simclr] epoch 89/120  loss=5.0544
  [simclr] epoch 90/120  loss=5.0542
  [simclr] epoch 91/120  loss=5.0534
  [simclr] epoch 92/120  loss=5.0527
  [simclr] epoch 93/120  loss=5.0509
  [simclr] epoch 94/120  loss=5.0506
  [simclr] epoch 95/120  loss=5.0505
  [simclr] epoch 96/120  loss=5.0492
  [simclr] epoch 97/120  loss=5.0496
  [simclr] epoch 98/120  loss=5.0493
  [simclr] epoch 99/120  loss=5.0495
  [simclr] epoch 100/120  loss=5.0475
  [simclr] epoch 101/120  loss=5.0467
  [simclr] epoch 102/120  loss=5.0465
  [simclr] epoch 103/120  loss=5.0483
  [simclr] epoch 104/120  loss=5.0462
  [simclr] epoch 105/120  loss=5.0463
  [simclr] epoch 106/120  loss=5.0467
  [simclr] epoch 107/120  loss=5.0449
  [simclr] epoch 108/120  loss=5.0434
  [simclr] epoch 109/120  loss=5.0435
  [simclr] epoch 110/120  loss=5.0443
  [simclr] epoch 111/120  loss=5.0437
  [simclr] epoch 112/120  loss=5.0442
  [simclr] epoch 113/120  loss=5.0429
  [simclr] epoch 114/120  loss=5.0430
  [simclr] epoch 115/120  loss=5.0417
  [simclr] epoch 116/120  loss=5.0419
  [simclr] epoch 117/120  loss=5.0429
  [simclr] epoch 118/120  loss=5.0421
  [simclr] epoch 119/120  loss=5.0397
  [simclr] epoch 120/120  loss=5.0396
  [simclr        ] probe=0.6181+-0.0044 acc=0.0989 supAUC=0.7658 eucl=0.4537 mahaT=0.4542 mahaPC=0.4997

----- lejepa (augmentations only) -----
  [sigreg-ssl] epoch 1/120  inv=0.0863  sigreg=0.3143
  [sigreg-ssl] epoch 2/120  inv=0.0771  sigreg=0.1504
  [sigreg-ssl] epoch 3/120  inv=0.0745  sigreg=0.1188
  [sigreg-ssl] epoch 4/120  inv=0.0718  sigreg=0.0965
  [sigreg-ssl] epoch 5/120  inv=0.0688  sigreg=0.0904
  [sigreg-ssl] epoch 6/120  inv=0.0667  sigreg=0.0849
  [sigreg-ssl] epoch 7/120  inv=0.0644  sigreg=0.0839
  [sigreg-ssl] epoch 8/120  inv=0.0628  sigreg=0.0783
  [sigreg-ssl] epoch 9/120  inv=0.0614  sigreg=0.0726
  [sigreg-ssl] epoch 10/120  inv=0.0607  sigreg=0.0756
  [sigreg-ssl] epoch 11/120  inv=0.0591  sigreg=0.0719
  [sigreg-ssl] epoch 12/120  inv=0.0577  sigreg=0.0719
  [sigreg-ssl] epoch 13/120  inv=0.0566  sigreg=0.0720
  [sigreg-ssl] epoch 14/120  inv=0.0557  sigreg=0.0662
  [sigreg-ssl] epoch 15/120  inv=0.0535  sigreg=0.0679
  [sigreg-ssl] epoch 16/120  inv=0.0545  sigreg=0.0619
  [sigreg-ssl] epoch 17/120  inv=0.0544  sigreg=0.0615
  [sigreg-ssl] epoch 18/120  inv=0.0522  sigreg=0.0644
  [sigreg-ssl] epoch 19/120  inv=0.0507  sigreg=0.0658
  [sigreg-ssl] epoch 20/120  inv=0.0498  sigreg=0.0632
  [sigreg-ssl] epoch 21/120  inv=0.0495  sigreg=0.0635
  [sigreg-ssl] epoch 22/120  inv=0.0484  sigreg=0.0639
  [sigreg-ssl] epoch 23/120  inv=0.0491  sigreg=0.0617
  [sigreg-ssl] epoch 24/120  inv=0.0471  sigreg=0.0603
  [sigreg-ssl] epoch 25/120  inv=0.0478  sigreg=0.0580
  [sigreg-ssl] epoch 26/120  inv=0.0477  sigreg=0.0560
  [sigreg-ssl] epoch 27/120  inv=0.0478  sigreg=0.0597
  [sigreg-ssl] epoch 28/120  inv=0.0459  sigreg=0.0570
  [sigreg-ssl] epoch 29/120  inv=0.0470  sigreg=0.0568
  [sigreg-ssl] epoch 30/120  inv=0.0465  sigreg=0.0587
  [sigreg-ssl] epoch 31/120  inv=0.0460  sigreg=0.0583
  [sigreg-ssl] epoch 32/120  inv=0.0458  sigreg=0.0567
  [sigreg-ssl] epoch 33/120  inv=0.0447  sigreg=0.0544
  [sigreg-ssl] epoch 34/120  inv=0.0457  sigreg=0.0573
  [sigreg-ssl] epoch 35/120  inv=0.0445  sigreg=0.0538
  [sigreg-ssl] epoch 36/120  inv=0.0447  sigreg=0.0572
  [sigreg-ssl] epoch 37/120  inv=0.0443  sigreg=0.0580
  [sigreg-ssl] epoch 38/120  inv=0.0446  sigreg=0.0563
  [sigreg-ssl] epoch 39/120  inv=0.0441  sigreg=0.0555
  [sigreg-ssl] epoch 40/120  inv=0.0440  sigreg=0.0576
  [sigreg-ssl] epoch 41/120  inv=0.0442  sigreg=0.0559
  [sigreg-ssl] epoch 42/120  inv=0.0431  sigreg=0.0553
  [sigreg-ssl] epoch 43/120  inv=0.0444  sigreg=0.0557
  [sigreg-ssl] epoch 44/120  inv=0.0435  sigreg=0.0518
  [sigreg-ssl] epoch 45/120  inv=0.0431  sigreg=0.0542
  [sigreg-ssl] epoch 46/120  inv=0.0447  sigreg=0.0519
  [sigreg-ssl] epoch 47/120  inv=0.0437  sigreg=0.0541
  [sigreg-ssl] epoch 48/120  inv=0.0436  sigreg=0.0542
  [sigreg-ssl] epoch 49/120  inv=0.0420  sigreg=0.0542
  [sigreg-ssl] epoch 50/120  inv=0.0423  sigreg=0.0543
  [sigreg-ssl] epoch 51/120  inv=0.0420  sigreg=0.0531
  [sigreg-ssl] epoch 52/120  inv=0.0420  sigreg=0.0517
  [sigreg-ssl] epoch 53/120  inv=0.0421  sigreg=0.0506
  [sigreg-ssl] epoch 54/120  inv=0.0417  sigreg=0.0529
  [sigreg-ssl] epoch 55/120  inv=0.0419  sigreg=0.0542
  [sigreg-ssl] epoch 56/120  inv=0.0401  sigreg=0.0534
  [sigreg-ssl] epoch 57/120  inv=0.0419  sigreg=0.0542
  [sigreg-ssl] epoch 58/120  inv=0.0425  sigreg=0.0524
  [sigreg-ssl] epoch 59/120  inv=0.0422  sigreg=0.0544
  [sigreg-ssl] epoch 60/120  inv=0.0412  sigreg=0.0510
  [sigreg-ssl] epoch 61/120  inv=0.0403  sigreg=0.0517
  [sigreg-ssl] epoch 62/120  inv=0.0414  sigreg=0.0509
  [sigreg-ssl] epoch 63/120  inv=0.0412  sigreg=0.0496
  [sigreg-ssl] epoch 64/120  inv=0.0409  sigreg=0.0535
  [sigreg-ssl] epoch 65/120  inv=0.0409  sigreg=0.0502
  [sigreg-ssl] epoch 66/120  inv=0.0408  sigreg=0.0529
  [sigreg-ssl] epoch 67/120  inv=0.0399  sigreg=0.0529
  [sigreg-ssl] epoch 68/120  inv=0.0411  sigreg=0.0497
  [sigreg-ssl] epoch 69/120  inv=0.0401  sigreg=0.0526
  [sigreg-ssl] epoch 70/120  inv=0.0398  sigreg=0.0507
  [sigreg-ssl] epoch 71/120  inv=0.0406  sigreg=0.0503
  [sigreg-ssl] epoch 72/120  inv=0.0402  sigreg=0.0489
  [sigreg-ssl] epoch 73/120  inv=0.0389  sigreg=0.0521
  [sigreg-ssl] epoch 74/120  inv=0.0413  sigreg=0.0492
  [sigreg-ssl] epoch 75/120  inv=0.0400  sigreg=0.0481
  [sigreg-ssl] epoch 76/120  inv=0.0396  sigreg=0.0482
  [sigreg-ssl] epoch 77/120  inv=0.0399  sigreg=0.0475
  [sigreg-ssl] epoch 78/120  inv=0.0394  sigreg=0.0478
  [sigreg-ssl] epoch 79/120  inv=0.0389  sigreg=0.0501
  [sigreg-ssl] epoch 80/120  inv=0.0388  sigreg=0.0507
  [sigreg-ssl] epoch 81/120  inv=0.0390  sigreg=0.0497
  [sigreg-ssl] epoch 82/120  inv=0.0402  sigreg=0.0463
  [sigreg-ssl] epoch 83/120  inv=0.0389  sigreg=0.0459
  [sigreg-ssl] epoch 84/120  inv=0.0392  sigreg=0.0474
  [sigreg-ssl] epoch 85/120  inv=0.0392  sigreg=0.0489
  [sigreg-ssl] epoch 86/120  inv=0.0402  sigreg=0.0479
  [sigreg-ssl] epoch 87/120  inv=0.0395  sigreg=0.0467
  [sigreg-ssl] epoch 88/120  inv=0.0380  sigreg=0.0457
  [sigreg-ssl] epoch 89/120  inv=0.0389  sigreg=0.0469
  [sigreg-ssl] epoch 90/120  inv=0.0378  sigreg=0.0466
  [sigreg-ssl] epoch 91/120  inv=0.0380  sigreg=0.0489
  [sigreg-ssl] epoch 92/120  inv=0.0392  sigreg=0.0461
  [sigreg-ssl] epoch 93/120  inv=0.0381  sigreg=0.0482
  [sigreg-ssl] epoch 94/120  inv=0.0386  sigreg=0.0490
  [sigreg-ssl] epoch 95/120  inv=0.0390  sigreg=0.0481
  [sigreg-ssl] epoch 96/120  inv=0.0386  sigreg=0.0462
  [sigreg-ssl] epoch 97/120  inv=0.0376  sigreg=0.0480
  [sigreg-ssl] epoch 98/120  inv=0.0380  sigreg=0.0459
  [sigreg-ssl] epoch 99/120  inv=0.0375  sigreg=0.0462
  [sigreg-ssl] epoch 100/120  inv=0.0383  sigreg=0.0453
  [sigreg-ssl] epoch 101/120  inv=0.0390  sigreg=0.0460
  [sigreg-ssl] epoch 102/120  inv=0.0384  sigreg=0.0470
  [sigreg-ssl] epoch 103/120  inv=0.0375  sigreg=0.0482
  [sigreg-ssl] epoch 104/120  inv=0.0381  sigreg=0.0462
  [sigreg-ssl] epoch 105/120  inv=0.0375  sigreg=0.0449
  [sigreg-ssl] epoch 106/120  inv=0.0381  sigreg=0.0433
  [sigreg-ssl] epoch 107/120  inv=0.0368  sigreg=0.0466
  [sigreg-ssl] epoch 108/120  inv=0.0373  sigreg=0.0454
  [sigreg-ssl] epoch 109/120  inv=0.0373  sigreg=0.0446
  [sigreg-ssl] epoch 110/120  inv=0.0370  sigreg=0.0439
  [sigreg-ssl] epoch 111/120  inv=0.0372  sigreg=0.0428
  [sigreg-ssl] epoch 112/120  inv=0.0370  sigreg=0.0444
  [sigreg-ssl] epoch 113/120  inv=0.0371  sigreg=0.0460
  [sigreg-ssl] epoch 114/120  inv=0.0376  sigreg=0.0451
  [sigreg-ssl] epoch 115/120  inv=0.0371  sigreg=0.0450
  [sigreg-ssl] epoch 116/120  inv=0.0371  sigreg=0.0459
  [sigreg-ssl] epoch 117/120  inv=0.0377  sigreg=0.0434
  [sigreg-ssl] epoch 118/120  inv=0.0372  sigreg=0.0457
  [sigreg-ssl] epoch 119/120  inv=0.0369  sigreg=0.0451
  [sigreg-ssl] epoch 120/120  inv=0.0376  sigreg=0.0453
  [lejepa        ] probe=0.6172+-0.0025 acc=0.0956 supAUC=0.8037 eucl=0.4595 mahaT=0.4821 mahaPC=0.5135

----- simclr_sigreg (augmentations only) -----
  [softmax/cosine] epoch 1/120  interaction=5.6966  marginal=0.2602
  [softmax/cosine] epoch 2/120  interaction=5.3687  marginal=0.0834
  [softmax/cosine] epoch 3/120  interaction=5.2991  marginal=0.0632
  [softmax/cosine] epoch 4/120  interaction=5.2689  marginal=0.0536
  [softmax/cosine] epoch 5/120  interaction=5.2487  marginal=0.0513
  [softmax/cosine] epoch 6/120  interaction=5.2352  marginal=0.0442
  [softmax/cosine] epoch 7/120  interaction=5.2285  marginal=0.0431
  [softmax/cosine] epoch 8/120  interaction=5.2235  marginal=0.0443
  [softmax/cosine] epoch 9/120  interaction=5.2083  marginal=0.0402
  [softmax/cosine] epoch 10/120  interaction=5.2006  marginal=0.0386
  [softmax/cosine] epoch 11/120  interaction=5.1953  marginal=0.0381
  [softmax/cosine] epoch 12/120  interaction=5.1914  marginal=0.0357
  [softmax/cosine] epoch 13/120  interaction=5.1886  marginal=0.0393
  [softmax/cosine] epoch 14/120  interaction=5.1840  marginal=0.0361
  [softmax/cosine] epoch 15/120  interaction=5.1803  marginal=0.0358
  [softmax/cosine] epoch 16/120  interaction=5.1722  marginal=0.0334
  [softmax/cosine] epoch 17/120  interaction=5.1709  marginal=0.0336
  [softmax/cosine] epoch 18/120  interaction=5.1676  marginal=0.0340
  [softmax/cosine] epoch 19/120  interaction=5.1653  marginal=0.0326
  [softmax/cosine] epoch 20/120  interaction=5.1614  marginal=0.0309
  [softmax/cosine] epoch 21/120  interaction=5.1591  marginal=0.0322
  [softmax/cosine] epoch 22/120  interaction=5.1557  marginal=0.0321
  [softmax/cosine] epoch 23/120  interaction=5.1504  marginal=0.0294
  [softmax/cosine] epoch 24/120  interaction=5.1484  marginal=0.0286
  [softmax/cosine] epoch 25/120  interaction=5.1473  marginal=0.0282
  [softmax/cosine] epoch 26/120  interaction=5.1431  marginal=0.0279
  [softmax/cosine] epoch 27/120  interaction=5.1410  marginal=0.0274
  [softmax/cosine] epoch 28/120  interaction=5.1388  marginal=0.0280
  [softmax/cosine] epoch 29/120  interaction=5.1393  marginal=0.0286
  [softmax/cosine] epoch 30/120  interaction=5.1370  marginal=0.0296
  [softmax/cosine] epoch 31/120  interaction=5.1332  marginal=0.0260
  [softmax/cosine] epoch 32/120  interaction=5.1316  marginal=0.0261
  [softmax/cosine] epoch 33/120  interaction=5.1302  marginal=0.0258
  [softmax/cosine] epoch 34/120  interaction=5.1277  marginal=0.0266
  [softmax/cosine] epoch 35/120  interaction=5.1267  marginal=0.0266
  [softmax/cosine] epoch 36/120  interaction=5.1262  marginal=0.0251
  [softmax/cosine] epoch 37/120  interaction=5.1248  marginal=0.0252
  [softmax/cosine] epoch 38/120  interaction=5.1239  marginal=0.0253
  [softmax/cosine] epoch 39/120  interaction=5.1220  marginal=0.0254
  [softmax/cosine] epoch 40/120  interaction=5.1206  marginal=0.0244
  [softmax/cosine] epoch 41/120  interaction=5.1189  marginal=0.0242
  [softmax/cosine] epoch 42/120  interaction=5.1200  marginal=0.0246
  [softmax/cosine] epoch 43/120  interaction=5.1160  marginal=0.0241
  [softmax/cosine] epoch 44/120  interaction=5.1166  marginal=0.0253
  [softmax/cosine] epoch 45/120  interaction=5.1152  marginal=0.0237
  [softmax/cosine] epoch 46/120  interaction=5.1097  marginal=0.0226
  [softmax/cosine] epoch 47/120  interaction=5.1108  marginal=0.0237
  [softmax/cosine] epoch 48/120  interaction=5.1093  marginal=0.0229
  [softmax/cosine] epoch 49/120  interaction=5.1084  marginal=0.0230
  [softmax/cosine] epoch 50/120  interaction=5.1097  marginal=0.0232
  [softmax/cosine] epoch 51/120  interaction=5.1079  marginal=0.0244
  [softmax/cosine] epoch 52/120  interaction=5.1099  marginal=0.0238
  [softmax/cosine] epoch 53/120  interaction=5.1067  marginal=0.0240
  [softmax/cosine] epoch 54/120  interaction=5.1053  marginal=0.0230
  [softmax/cosine] epoch 55/120  interaction=5.1030  marginal=0.0222
  [softmax/cosine] epoch 56/120  interaction=5.1011  marginal=0.0219
  [softmax/cosine] epoch 57/120  interaction=5.1003  marginal=0.0204
  [softmax/cosine] epoch 58/120  interaction=5.0995  marginal=0.0222
  [softmax/cosine] epoch 59/120  interaction=5.0994  marginal=0.0220
  [softmax/cosine] epoch 60/120  interaction=5.0969  marginal=0.0224
  [softmax/cosine] epoch 61/120  interaction=5.0993  marginal=0.0218
  [softmax/cosine] epoch 62/120  interaction=5.0978  marginal=0.0224
  [softmax/cosine] epoch 63/120  interaction=5.0971  marginal=0.0220
  [softmax/cosine] epoch 64/120  interaction=5.0960  marginal=0.0227
  [softmax/cosine] epoch 65/120  interaction=5.0936  marginal=0.0211
  [softmax/cosine] epoch 66/120  interaction=5.0942  marginal=0.0217
  [softmax/cosine] epoch 67/120  interaction=5.0925  marginal=0.0203
  [softmax/cosine] epoch 68/120  interaction=5.0945  marginal=0.0215
  [softmax/cosine] epoch 69/120  interaction=5.0899  marginal=0.0206
  [softmax/cosine] epoch 70/120  interaction=5.0909  marginal=0.0208
  [softmax/cosine] epoch 71/120  interaction=5.0908  marginal=0.0207
  [softmax/cosine] epoch 72/120  interaction=5.0873  marginal=0.0213
  [softmax/cosine] epoch 73/120  interaction=5.0876  marginal=0.0204
  [softmax/cosine] epoch 74/120  interaction=5.0860  marginal=0.0202
  [softmax/cosine] epoch 75/120  interaction=5.0870  marginal=0.0199
  [softmax/cosine] epoch 76/120  interaction=5.0858  marginal=0.0201
  [softmax/cosine] epoch 77/120  interaction=5.0845  marginal=0.0199
  [softmax/cosine] epoch 78/120  interaction=5.0866  marginal=0.0203
  [softmax/cosine] epoch 79/120  interaction=5.0856  marginal=0.0209
  [softmax/cosine] epoch 80/120  interaction=5.0861  marginal=0.0219
  [softmax/cosine] epoch 81/120  interaction=5.0825  marginal=0.0195
  [softmax/cosine] epoch 82/120  interaction=5.0805  marginal=0.0193
  [softmax/cosine] epoch 83/120  interaction=5.0819  marginal=0.0194
  [softmax/cosine] epoch 84/120  interaction=5.0828  marginal=0.0197
  [softmax/cosine] epoch 85/120  interaction=5.0808  marginal=0.0197
  [softmax/cosine] epoch 86/120  interaction=5.0821  marginal=0.0207
  [softmax/cosine] epoch 87/120  interaction=5.0809  marginal=0.0204
  [softmax/cosine] epoch 88/120  interaction=5.0781  marginal=0.0192
  [softmax/cosine] epoch 89/120  interaction=5.0800  marginal=0.0199
  [softmax/cosine] epoch 90/120  interaction=5.0797  marginal=0.0211
  [softmax/cosine] epoch 91/120  interaction=5.0790  marginal=0.0202
  [softmax/cosine] epoch 92/120  interaction=5.0800  marginal=0.0202
  [softmax/cosine] epoch 93/120  interaction=5.0785  marginal=0.0207
  [softmax/cosine] epoch 94/120  interaction=5.0765  marginal=0.0193
  [softmax/cosine] epoch 95/120  interaction=5.0768  marginal=0.0196
  [softmax/cosine] epoch 96/120  interaction=5.0777  marginal=0.0197
  [softmax/cosine] epoch 97/120  interaction=5.0769  marginal=0.0198
  [softmax/cosine] epoch 98/120  interaction=5.0759  marginal=0.0209
  [softmax/cosine] epoch 99/120  interaction=5.0748  marginal=0.0196
  [softmax/cosine] epoch 100/120  interaction=5.0748  marginal=0.0200
  [softmax/cosine] epoch 101/120  interaction=5.0748  marginal=0.0205
  [softmax/cosine] epoch 102/120  interaction=5.0728  marginal=0.0191
  [softmax/cosine] epoch 103/120  interaction=5.0704  marginal=0.0183
  [softmax/cosine] epoch 104/120  interaction=5.0701  marginal=0.0181
  [softmax/cosine] epoch 105/120  interaction=5.0716  marginal=0.0185
  [softmax/cosine] epoch 106/120  interaction=5.0731  marginal=0.0202
  [softmax/cosine] epoch 107/120  interaction=5.0717  marginal=0.0195
  [softmax/cosine] epoch 108/120  interaction=5.0703  marginal=0.0194
  [softmax/cosine] epoch 109/120  interaction=5.0706  marginal=0.0195
  [softmax/cosine] epoch 110/120  interaction=5.0707  marginal=0.0192
  [softmax/cosine] epoch 111/120  interaction=5.0701  marginal=0.0191
  [softmax/cosine] epoch 112/120  interaction=5.0700  marginal=0.0190
  [softmax/cosine] epoch 113/120  interaction=5.0681  marginal=0.0189
  [softmax/cosine] epoch 114/120  interaction=5.0668  marginal=0.0186
  [softmax/cosine] epoch 115/120  interaction=5.0688  marginal=0.0192
  [softmax/cosine] epoch 116/120  interaction=5.0678  marginal=0.0187
  [softmax/cosine] epoch 117/120  interaction=5.0661  marginal=0.0177
  [softmax/cosine] epoch 118/120  interaction=5.0659  marginal=0.0187
  [softmax/cosine] epoch 119/120  interaction=5.0653  marginal=0.0176
  [softmax/cosine] epoch 120/120  interaction=5.0657  marginal=0.0193
  [simclr_sigreg ] probe=0.5954+-0.0096 acc=0.1297 supAUC=0.8207 eucl=0.4420 mahaT=0.4394 mahaPC=0.5081

----- supcon (labels) -----
  [supcon] epoch 1/120  loss=5.5069
  [supcon] epoch 2/120  loss=4.9675
  [supcon] epoch 3/120  loss=4.7122
  [supcon] epoch 4/120  loss=4.5374
  [supcon] epoch 5/120  loss=4.4145
  [supcon] epoch 6/120  loss=4.3057
  [supcon] epoch 7/120  loss=4.2327
  [supcon] epoch 8/120  loss=4.1381
  [supcon] epoch 9/120  loss=4.0797
  [supcon] epoch 10/120  loss=4.0381
  [supcon] epoch 11/120  loss=3.9273
  [supcon] epoch 12/120  loss=3.8843
  [supcon] epoch 13/120  loss=3.8251
  [supcon] epoch 14/120  loss=3.7781
  [supcon] epoch 15/120  loss=3.7517
  [supcon] epoch 16/120  loss=3.6877
  [supcon] epoch 17/120  loss=3.6349
  [supcon] epoch 18/120  loss=3.5855
  [supcon] epoch 19/120  loss=3.5492
  [supcon] epoch 20/120  loss=3.5342
  [supcon] epoch 21/120  loss=3.4768
  [supcon] epoch 22/120  loss=3.4328
  [supcon] epoch 23/120  loss=3.4009
  [supcon] epoch 24/120  loss=3.3748
  [supcon] epoch 25/120  loss=3.3491
  [supcon] epoch 26/120  loss=3.3052
  [supcon] epoch 27/120  loss=3.2675
  [supcon] epoch 28/120  loss=3.2411
  [supcon] epoch 29/120  loss=3.2062
  [supcon] epoch 30/120  loss=3.1765
  [supcon] epoch 31/120  loss=3.1307
  [supcon] epoch 32/120  loss=3.1020
  [supcon] epoch 33/120  loss=3.0953
  [supcon] epoch 34/120  loss=3.0680
  [supcon] epoch 35/120  loss=3.0511
  [supcon] epoch 36/120  loss=3.0183
  [supcon] epoch 37/120  loss=2.9955
  [supcon] epoch 38/120  loss=2.9858
  [supcon] epoch 39/120  loss=2.9580
  [supcon] epoch 40/120  loss=2.9574
  [supcon] epoch 41/120  loss=2.9302
  [supcon] epoch 42/120  loss=2.9005
  [supcon] epoch 43/120  loss=2.8693
  [supcon] epoch 44/120  loss=2.8456
  [supcon] epoch 45/120  loss=2.8333
  [supcon] epoch 46/120  loss=2.8069
  [supcon] epoch 47/120  loss=2.7968
  [supcon] epoch 48/120  loss=2.7891
  [supcon] epoch 49/120  loss=2.7624
  [supcon] epoch 50/120  loss=2.7353
  [supcon] epoch 51/120  loss=2.7173
  [supcon] epoch 52/120  loss=2.7070
  [supcon] epoch 53/120  loss=2.6893
  [supcon] epoch 54/120  loss=2.6849
  [supcon] epoch 55/120  loss=2.6655
  [supcon] epoch 56/120  loss=2.6549
  [supcon] epoch 57/120  loss=2.6460
  [supcon] epoch 58/120  loss=2.6238
  [supcon] epoch 59/120  loss=2.6061
  [supcon] epoch 60/120  loss=2.5855
  [supcon] epoch 61/120  loss=2.5781
  [supcon] epoch 62/120  loss=2.5774
  [supcon] epoch 63/120  loss=2.5580
  [supcon] epoch 64/120  loss=2.5535
  [supcon] epoch 65/120  loss=2.5505
  [supcon] epoch 66/120  loss=2.5215
  [supcon] epoch 67/120  loss=2.5041
  [supcon] epoch 68/120  loss=2.5254
  [supcon] epoch 69/120  loss=2.5071
  [supcon] epoch 70/120  loss=2.4825
  [supcon] epoch 71/120  loss=2.4741
  [supcon] epoch 72/120  loss=2.4580
  [supcon] epoch 73/120  loss=2.4478
  [supcon] epoch 74/120  loss=2.4314
  [supcon] epoch 75/120  loss=2.4160
  [supcon] epoch 76/120  loss=2.4237
  [supcon] epoch 77/120  loss=2.4223
  [supcon] epoch 78/120  loss=2.3903
  [supcon] epoch 79/120  loss=2.4016
  [supcon] epoch 80/120  loss=2.3876
  [supcon] epoch 81/120  loss=2.3761
  [supcon] epoch 82/120  loss=2.3868
  [supcon] epoch 83/120  loss=2.3687
  [supcon] epoch 84/120  loss=2.3566
  [supcon] epoch 85/120  loss=2.3485
  [supcon] epoch 86/120  loss=2.3397
  [supcon] epoch 87/120  loss=2.3444
  [supcon] epoch 88/120  loss=2.3290
  [supcon] epoch 89/120  loss=2.3197
  [supcon] epoch 90/120  loss=2.3084
  [supcon] epoch 91/120  loss=2.3111
  [supcon] epoch 92/120  loss=2.3085
  [supcon] epoch 93/120  loss=2.3009
  [supcon] epoch 94/120  loss=2.2812
  [supcon] epoch 95/120  loss=2.2796
  [supcon] epoch 96/120  loss=2.2582
  [supcon] epoch 97/120  loss=2.2698
  [supcon] epoch 98/120  loss=2.2680
  [supcon] epoch 99/120  loss=2.2680
  [supcon] epoch 100/120  loss=2.2606
  [supcon] epoch 101/120  loss=2.2622
  [supcon] epoch 102/120  loss=2.2518
  [supcon] epoch 103/120  loss=2.2385
  [supcon] epoch 104/120  loss=2.2385
  [supcon] epoch 105/120  loss=2.2314
  [supcon] epoch 106/120  loss=2.2138
  [supcon] epoch 107/120  loss=2.2159
  [supcon] epoch 108/120  loss=2.1931
  [supcon] epoch 109/120  loss=2.1964
  [supcon] epoch 110/120  loss=2.2041
  [supcon] epoch 111/120  loss=2.1810
  [supcon] epoch 112/120  loss=2.1714
  [supcon] epoch 113/120  loss=2.1925
  [supcon] epoch 114/120  loss=2.1928
  [supcon] epoch 115/120  loss=2.1653
  [supcon] epoch 116/120  loss=2.1544
  [supcon] epoch 117/120  loss=2.1646
  [supcon] epoch 118/120  loss=2.1572
  [supcon] epoch 119/120  loss=2.1649
  [supcon] epoch 120/120  loss=2.1512
  [supcon        ] probe=0.7543+-0.0021 acc=0.5841 supAUC=0.9773 eucl=0.4765 mahaT=0.4821 mahaPC=0.3459

----- supcon_sigreg (labels) -----
  [softmax/cosine] epoch 1/120  interaction=5.5818  marginal=0.3608
  [softmax/cosine] epoch 2/120  interaction=5.1420  marginal=0.2331
  [softmax/cosine] epoch 3/120  interaction=4.8963  marginal=0.1702
  [softmax/cosine] epoch 4/120  interaction=4.7213  marginal=0.1516
  [softmax/cosine] epoch 5/120  interaction=4.6041  marginal=0.1276
  [softmax/cosine] epoch 6/120  interaction=4.4920  marginal=0.1112
  [softmax/cosine] epoch 7/120  interaction=4.3676  marginal=0.0937
  [softmax/cosine] epoch 8/120  interaction=4.3043  marginal=0.0883
  [softmax/cosine] epoch 9/120  interaction=4.2448  marginal=0.0844
  [softmax/cosine] epoch 10/120  interaction=4.1528  marginal=0.0793
  [softmax/cosine] epoch 11/120  interaction=4.1075  marginal=0.0792
  [softmax/cosine] epoch 12/120  interaction=4.0396  marginal=0.0715
  [softmax/cosine] epoch 13/120  interaction=4.0075  marginal=0.0678
  [softmax/cosine] epoch 14/120  interaction=3.9329  marginal=0.0721
  [softmax/cosine] epoch 15/120  interaction=3.8960  marginal=0.0668
  [softmax/cosine] epoch 16/120  interaction=3.8344  marginal=0.0642
  [softmax/cosine] epoch 17/120  interaction=3.7758  marginal=0.0644
  [softmax/cosine] epoch 18/120  interaction=3.7677  marginal=0.0611
  [softmax/cosine] epoch 19/120  interaction=3.7157  marginal=0.0611
  [softmax/cosine] epoch 20/120  interaction=3.6569  marginal=0.0619
  [softmax/cosine] epoch 21/120  interaction=3.6421  marginal=0.0598
  [softmax/cosine] epoch 22/120  interaction=3.6212  marginal=0.0600
  [softmax/cosine] epoch 23/120  interaction=3.5719  marginal=0.0606
  [softmax/cosine] epoch 24/120  interaction=3.5394  marginal=0.0576
  [softmax/cosine] epoch 25/120  interaction=3.4923  marginal=0.0587
  [softmax/cosine] epoch 26/120  interaction=3.4727  marginal=0.0544
  [softmax/cosine] epoch 27/120  interaction=3.4340  marginal=0.0569
  [softmax/cosine] epoch 28/120  interaction=3.3983  marginal=0.0565
  [softmax/cosine] epoch 29/120  interaction=3.3847  marginal=0.0549
  [softmax/cosine] epoch 30/120  interaction=3.3474  marginal=0.0566
  [softmax/cosine] epoch 31/120  interaction=3.3296  marginal=0.0556
  [softmax/cosine] epoch 32/120  interaction=3.2937  marginal=0.0553
  [softmax/cosine] epoch 33/120  interaction=3.2717  marginal=0.0547
  [softmax/cosine] epoch 34/120  interaction=3.2589  marginal=0.0530
  [softmax/cosine] epoch 35/120  interaction=3.2344  marginal=0.0547
  [softmax/cosine] epoch 36/120  interaction=3.2206  marginal=0.0557
  [softmax/cosine] epoch 37/120  interaction=3.1901  marginal=0.0500
  [softmax/cosine] epoch 38/120  interaction=3.1476  marginal=0.0496
  [softmax/cosine] epoch 39/120  interaction=3.1360  marginal=0.0518
  [softmax/cosine] epoch 40/120  interaction=3.1148  marginal=0.0519
  [softmax/cosine] epoch 41/120  interaction=3.0983  marginal=0.0533
  [softmax/cosine] epoch 42/120  interaction=3.0810  marginal=0.0535
  [softmax/cosine] epoch 43/120  interaction=3.0577  marginal=0.0523
  [softmax/cosine] epoch 44/120  interaction=3.0305  marginal=0.0488
  [softmax/cosine] epoch 45/120  interaction=3.0267  marginal=0.0528
  [softmax/cosine] epoch 46/120  interaction=3.0073  marginal=0.0512
  [softmax/cosine] epoch 47/120  interaction=2.9916  marginal=0.0502
  [softmax/cosine] epoch 48/120  interaction=2.9760  marginal=0.0545
  [softmax/cosine] epoch 49/120  interaction=2.9443  marginal=0.0494
  [softmax/cosine] epoch 50/120  interaction=2.9304  marginal=0.0501
  [softmax/cosine] epoch 51/120  interaction=2.9266  marginal=0.0481
  [softmax/cosine] epoch 52/120  interaction=2.8894  marginal=0.0486
  [softmax/cosine] epoch 53/120  interaction=2.8729  marginal=0.0499
  [softmax/cosine] epoch 54/120  interaction=2.8604  marginal=0.0504
  [softmax/cosine] epoch 55/120  interaction=2.8707  marginal=0.0501
  [softmax/cosine] epoch 56/120  interaction=2.8345  marginal=0.0498
  [softmax/cosine] epoch 57/120  interaction=2.8432  marginal=0.0474
  [softmax/cosine] epoch 58/120  interaction=2.8273  marginal=0.0513
  [softmax/cosine] epoch 59/120  interaction=2.8083  marginal=0.0498
  [softmax/cosine] epoch 60/120  interaction=2.7947  marginal=0.0505
  [softmax/cosine] epoch 61/120  interaction=2.7773  marginal=0.0478
  [softmax/cosine] epoch 62/120  interaction=2.7594  marginal=0.0493
  [softmax/cosine] epoch 63/120  interaction=2.7491  marginal=0.0470
  [softmax/cosine] epoch 64/120  interaction=2.7510  marginal=0.0482
  [softmax/cosine] epoch 65/120  interaction=2.7330  marginal=0.0460
  [softmax/cosine] epoch 66/120  interaction=2.7245  marginal=0.0489
  [softmax/cosine] epoch 67/120  interaction=2.7094  marginal=0.0456
  [softmax/cosine] epoch 68/120  interaction=2.6852  marginal=0.0467
  [softmax/cosine] epoch 69/120  interaction=2.6776  marginal=0.0473
  [softmax/cosine] epoch 70/120  interaction=2.6633  marginal=0.0465
  [softmax/cosine] epoch 71/120  interaction=2.6622  marginal=0.0479
  [softmax/cosine] epoch 72/120  interaction=2.6528  marginal=0.0468
  [softmax/cosine] epoch 73/120  interaction=2.6431  marginal=0.0440
  [softmax/cosine] epoch 74/120  interaction=2.6316  marginal=0.0486
  [softmax/cosine] epoch 75/120  interaction=2.6195  marginal=0.0456
  [softmax/cosine] epoch 76/120  interaction=2.6118  marginal=0.0471
  [softmax/cosine] epoch 77/120  interaction=2.5943  marginal=0.0463
  [softmax/cosine] epoch 78/120  interaction=2.5941  marginal=0.0474
  [softmax/cosine] epoch 79/120  interaction=2.5922  marginal=0.0456
  [softmax/cosine] epoch 80/120  interaction=2.5689  marginal=0.0464
  [softmax/cosine] epoch 81/120  interaction=2.5701  marginal=0.0463
  [softmax/cosine] epoch 82/120  interaction=2.5549  marginal=0.0465
  [softmax/cosine] epoch 83/120  interaction=2.5474  marginal=0.0476
  [softmax/cosine] epoch 84/120  interaction=2.5410  marginal=0.0450
  [softmax/cosine] epoch 85/120  interaction=2.5267  marginal=0.0456
  [softmax/cosine] epoch 86/120  interaction=2.5218  marginal=0.0447
  [softmax/cosine] epoch 87/120  interaction=2.5130  marginal=0.0438
  [softmax/cosine] epoch 88/120  interaction=2.5066  marginal=0.0447
  [softmax/cosine] epoch 89/120  interaction=2.5036  marginal=0.0442
  [softmax/cosine] epoch 90/120  interaction=2.4877  marginal=0.0451
  [softmax/cosine] epoch 91/120  interaction=2.4817  marginal=0.0449
  [softmax/cosine] epoch 92/120  interaction=2.4796  marginal=0.0460
  [softmax/cosine] epoch 93/120  interaction=2.4637  marginal=0.0455
  [softmax/cosine] epoch 94/120  interaction=2.4700  marginal=0.0443
  [softmax/cosine] epoch 95/120  interaction=2.4630  marginal=0.0437
  [softmax/cosine] epoch 96/120  interaction=2.4529  marginal=0.0472
  [softmax/cosine] epoch 97/120  interaction=2.4440  marginal=0.0443
  [softmax/cosine] epoch 98/120  interaction=2.4305  marginal=0.0427
  [softmax/cosine] epoch 99/120  interaction=2.4293  marginal=0.0437
  [softmax/cosine] epoch 100/120  interaction=2.4303  marginal=0.0430
  [softmax/cosine] epoch 101/120  interaction=2.4238  marginal=0.0426
  [softmax/cosine] epoch 102/120  interaction=2.4020  marginal=0.0428
  [softmax/cosine] epoch 103/120  interaction=2.4086  marginal=0.0433
  [softmax/cosine] epoch 104/120  interaction=2.3974  marginal=0.0435
  [softmax/cosine] epoch 105/120  interaction=2.3919  marginal=0.0430
  [softmax/cosine] epoch 106/120  interaction=2.3853  marginal=0.0426
  [softmax/cosine] epoch 107/120  interaction=2.3695  marginal=0.0437
  [softmax/cosine] epoch 108/120  interaction=2.3848  marginal=0.0437
  [softmax/cosine] epoch 109/120  interaction=2.3804  marginal=0.0452
  [softmax/cosine] epoch 110/120  interaction=2.3698  marginal=0.0440
  [softmax/cosine] epoch 111/120  interaction=2.3699  marginal=0.0417
  [softmax/cosine] epoch 112/120  interaction=2.3570  marginal=0.0420
  [softmax/cosine] epoch 113/120  interaction=2.3546  marginal=0.0416
  [softmax/cosine] epoch 114/120  interaction=2.3371  marginal=0.0422
  [softmax/cosine] epoch 115/120  interaction=2.3401  marginal=0.0421
  [softmax/cosine] epoch 116/120  interaction=2.3364  marginal=0.0430
  [softmax/cosine] epoch 117/120  interaction=2.3263  marginal=0.0419
  [softmax/cosine] epoch 118/120  interaction=2.3346  marginal=0.0434
  [softmax/cosine] epoch 119/120  interaction=2.3263  marginal=0.0415
  [softmax/cosine] epoch 120/120  interaction=2.3160  marginal=0.0408
  [supcon_sigreg ] probe=0.7452+-0.0117 acc=0.6592 supAUC=0.9915 eucl=0.6221 mahaT=0.5651 mahaPC=0.5390

----- nplm_bilinear (augmentations only) -----
  [nplm/bilinear] epoch 1/120  interaction=1284638141341.2322  marginal=0.7451
  [nplm/bilinear] epoch 2/120  interaction=611649112.4937  marginal=0.8488
  [nplm/bilinear] epoch 3/120  interaction=140938.2573  marginal=0.8537
  [nplm/bilinear] epoch 4/120  interaction=74362.2393  marginal=0.8472
  [nplm/bilinear] epoch 5/120  interaction=66064.7990  marginal=0.8432
  [nplm/bilinear] epoch 6/120  interaction=63411.2068  marginal=0.8455
  [nplm/bilinear] epoch 7/120  interaction=61430.8628  marginal=0.8465
  [nplm/bilinear] epoch 8/120  interaction=64104.4888  marginal=0.8468
  [nplm/bilinear] epoch 9/120  interaction=62795.3529  marginal=0.8496
  [nplm/bilinear] epoch 10/120  interaction=63500.3904  marginal=0.8432
  [nplm/bilinear] epoch 11/120  interaction=62543.2059  marginal=0.8468
  [nplm/bilinear] epoch 12/120  interaction=64813.4521  marginal=0.8386
  [nplm/bilinear] epoch 13/120  interaction=62069.3070  marginal=0.8367
  [nplm/bilinear] epoch 14/120  interaction=63892.9279  marginal=0.8440
  [nplm/bilinear] epoch 15/120  interaction=62460.2227  marginal=0.8474
  [nplm/bilinear] epoch 16/120  interaction=61423.2497  marginal=0.8442
  [nplm/bilinear] epoch 17/120  interaction=62409.1419  marginal=0.8423
  [nplm/bilinear] epoch 18/120  interaction=60936.3547  marginal=0.8469
  [nplm/bilinear] epoch 19/120  interaction=63502.7510  marginal=0.8493
  [nplm/bilinear] epoch 20/120  interaction=61884.6479  marginal=0.8444
  [nplm/bilinear] epoch 21/120  interaction=61376.4935  marginal=0.8456
  [nplm/bilinear] epoch 22/120  interaction=61651.0500  marginal=0.8440
  [nplm/bilinear] epoch 23/120  interaction=60045.1474  marginal=0.8389
  [nplm/bilinear] epoch 24/120  interaction=56049.7747  marginal=0.8371
  [nplm/bilinear] epoch 25/120  interaction=63421.2207  marginal=0.8418
  [nplm/bilinear] epoch 26/120  interaction=60673.8076  marginal=0.8419
  [nplm/bilinear] epoch 27/120  interaction=59241.8812  marginal=0.8469
  [nplm/bilinear] epoch 28/120  interaction=60711.2725  marginal=0.8403
  [nplm/bilinear] epoch 29/120  interaction=58313.0437  marginal=0.8432
  [nplm/bilinear] epoch 30/120  interaction=61745.0846  marginal=0.8427
  [nplm/bilinear] epoch 31/120  interaction=57261.5938  marginal=0.8360
  [nplm/bilinear] epoch 32/120  interaction=82617.4948  marginal=0.8453
  [nplm/bilinear] epoch 33/120  interaction=58074.0508  marginal=0.8458
  [nplm/bilinear] epoch 34/120  interaction=55899.5141  marginal=0.8401
  [nplm/bilinear] epoch 35/120  interaction=58953.7296  marginal=0.8452
  [nplm/bilinear] epoch 36/120  interaction=56839.7776  marginal=0.8501
  [nplm/bilinear] epoch 37/120  interaction=59347.2172  marginal=0.8476
  [nplm/bilinear] epoch 38/120  interaction=52887.3814  marginal=0.8432
  [nplm/bilinear] epoch 39/120  interaction=58549.4979  marginal=0.8439
  [nplm/bilinear] epoch 40/120  interaction=55651.3633  marginal=0.8482
  [nplm/bilinear] epoch 41/120  interaction=56148.6177  marginal=0.8414
  [nplm/bilinear] epoch 42/120  interaction=52320.6104  marginal=0.8496
  [nplm/bilinear] epoch 43/120  interaction=58316.4479  marginal=0.8473
  [nplm/bilinear] epoch 44/120  interaction=53086.4016  marginal=0.8460
  [nplm/bilinear] epoch 45/120  interaction=72939.3236  marginal=0.8443
  [nplm/bilinear] epoch 46/120  interaction=52386.5467  marginal=0.8497
  [nplm/bilinear] epoch 47/120  interaction=60698.7341  marginal=0.8417
  [nplm/bilinear] epoch 48/120  interaction=51647.8297  marginal=0.8477
  [nplm/bilinear] epoch 49/120  interaction=53251.1096  marginal=0.8408
  [nplm/bilinear] epoch 50/120  interaction=54003.9052  marginal=0.8433
  [nplm/bilinear] epoch 51/120  interaction=53696.1323  marginal=0.8420
  [nplm/bilinear] epoch 52/120  interaction=55391.5943  marginal=0.8405
  [nplm/bilinear] epoch 53/120  interaction=55062.1871  marginal=0.8430
  [nplm/bilinear] epoch 54/120  interaction=54187.5424  marginal=0.8447
  [nplm/bilinear] epoch 55/120  interaction=52716.7779  marginal=0.8475
  [nplm/bilinear] epoch 56/120  interaction=52206.7345  marginal=0.8500
  [nplm/bilinear] epoch 57/120  interaction=52868.7051  marginal=0.8380
  [nplm/bilinear] epoch 58/120  interaction=99884.5589  marginal=0.8409
  [nplm/bilinear] epoch 59/120  interaction=48554.5117  marginal=0.8475
  [nplm/bilinear] epoch 60/120  interaction=48625.0108  marginal=0.8462
  [nplm/bilinear] epoch 61/120  interaction=68865.3626  marginal=0.8416
  [nplm/bilinear] epoch 62/120  interaction=49169.9397  marginal=0.8457
  [nplm/bilinear] epoch 63/120  interaction=49728.6001  marginal=0.8440
  [nplm/bilinear] epoch 64/120  interaction=59356.4819  marginal=0.8458
  [nplm/bilinear] epoch 65/120  interaction=46302.9310  marginal=0.8469
  [nplm/bilinear] epoch 66/120  interaction=47022.8286  marginal=0.8419
  [nplm/bilinear] epoch 67/120  interaction=48034.9397  marginal=0.8482
  [nplm/bilinear] epoch 68/120  interaction=45547.5913  marginal=0.8458
  [nplm/bilinear] epoch 69/120  interaction=46500.4926  marginal=0.8452
  [nplm/bilinear] epoch 70/120  interaction=47249.7836  marginal=0.8386
  [nplm/bilinear] epoch 71/120  interaction=50620.9163  marginal=0.8413
  [nplm/bilinear] epoch 72/120  interaction=46793.9771  marginal=0.8477
  [nplm/bilinear] epoch 73/120  interaction=43378.4490  marginal=0.8430
  [nplm/bilinear] epoch 74/120  interaction=45100.3645  marginal=0.8445
  [nplm/bilinear] epoch 75/120  interaction=47766.1995  marginal=0.8501
  [nplm/bilinear] epoch 76/120  interaction=44846.8307  marginal=0.8474
  [nplm/bilinear] epoch 77/120  interaction=47238.0154  marginal=0.8427
  [nplm/bilinear] epoch 78/120  interaction=47304.8156  marginal=0.8424
  [nplm/bilinear] epoch 79/120  interaction=45830.2361  marginal=0.8409
  [nplm/bilinear] epoch 80/120  interaction=44837.8074  marginal=0.8549
  [nplm/bilinear] epoch 81/120  interaction=45039.4760  marginal=0.8417
  [nplm/bilinear] epoch 82/120  interaction=44827.3875  marginal=0.8331
  [nplm/bilinear] epoch 83/120  interaction=43926.7516  marginal=0.8393
  [nplm/bilinear] epoch 84/120  interaction=42443.9414  marginal=0.8428
  [nplm/bilinear] epoch 85/120  interaction=41507.9686  marginal=0.8416
  [nplm/bilinear] epoch 86/120  interaction=41494.0905  marginal=0.8485
  [nplm/bilinear] epoch 87/120  interaction=44155.4742  marginal=0.8393
  [nplm/bilinear] epoch 88/120  interaction=42999.2285  marginal=0.8436
  [nplm/bilinear] epoch 89/120  interaction=58997.4462  marginal=0.8429
  [nplm/bilinear] epoch 90/120  interaction=43343.5227  marginal=0.8386
  [nplm/bilinear] epoch 91/120  interaction=39736.6021  marginal=0.8417
  [nplm/bilinear] epoch 92/120  interaction=40900.0135  marginal=0.8441
  [nplm/bilinear] epoch 93/120  interaction=40983.5927  marginal=0.8454
  [nplm/bilinear] epoch 94/120  interaction=40399.9169  marginal=0.8449
  [nplm/bilinear] epoch 95/120  interaction=42388.6233  marginal=0.8419
  [nplm/bilinear] epoch 96/120  interaction=41111.8660  marginal=0.8385
  [nplm/bilinear] epoch 97/120  interaction=40643.0042  marginal=0.8349
  [nplm/bilinear] epoch 98/120  interaction=41001.2061  marginal=0.8453
  [nplm/bilinear] epoch 99/120  interaction=38556.0967  marginal=0.8452
  [nplm/bilinear] epoch 100/120  interaction=39875.0641  marginal=0.8418
  [nplm/bilinear] epoch 101/120  interaction=38342.8935  marginal=0.8385
  [nplm/bilinear] epoch 102/120  interaction=48457.3910  marginal=0.8395
  [nplm/bilinear] epoch 103/120  interaction=38646.1577  marginal=0.8389
  [nplm/bilinear] epoch 104/120  interaction=37123.3775  marginal=0.8447
  [nplm/bilinear] epoch 105/120  interaction=38291.8690  marginal=0.8496
  [nplm/bilinear] epoch 106/120  interaction=36259.6799  marginal=0.8425
  [nplm/bilinear] epoch 107/120  interaction=37346.6518  marginal=0.8353
  [nplm/bilinear] epoch 108/120  interaction=38487.5516  marginal=0.8390
  [nplm/bilinear] epoch 109/120  interaction=35576.6368  marginal=0.8457
  [nplm/bilinear] epoch 110/120  interaction=35051.7415  marginal=0.8423
  [nplm/bilinear] epoch 111/120  interaction=36266.3047  marginal=0.8317
  [nplm/bilinear] epoch 112/120  interaction=37961.0061  marginal=0.8402
  [nplm/bilinear] epoch 113/120  interaction=34717.0719  marginal=0.8449
  [nplm/bilinear] epoch 114/120  interaction=34804.9595  marginal=0.8322
  [nplm/bilinear] epoch 115/120  interaction=34772.9283  marginal=0.8405
  [nplm/bilinear] epoch 116/120  interaction=33527.1458  marginal=0.8428
  [nplm/bilinear] epoch 117/120  interaction=37063.5785  marginal=0.8443
  [nplm/bilinear] epoch 118/120  interaction=36864.7573  marginal=0.8372
  [nplm/bilinear] epoch 119/120  interaction=33616.2458  marginal=0.8416
  [nplm/bilinear] epoch 120/120  interaction=35246.1793  marginal=0.8384
  [nplm_bilinear ] probe=0.5860+-0.0006 acc=0.0653 supAUC=0.7531 eucl=0.4839 mahaT=0.4898 mahaPC=0.5019

----- nplm_distance (augmentations only) -----
  [nplm/distance] epoch 1/120  interaction=-0.3000  marginal=0.6998
  [nplm/distance] epoch 2/120  interaction=-0.6416  marginal=0.5836
  [nplm/distance] epoch 3/120  interaction=-0.6659  marginal=0.5366
  [nplm/distance] epoch 4/120  interaction=-0.6907  marginal=0.5187
  [nplm/distance] epoch 5/120  interaction=-0.7092  marginal=0.5063
  [nplm/distance] epoch 6/120  interaction=-0.7134  marginal=0.4918
  [nplm/distance] epoch 7/120  interaction=-0.7178  marginal=0.4796
  [nplm/distance] epoch 8/120  interaction=-0.7265  marginal=0.4808
  [nplm/distance] epoch 9/120  interaction=-0.7285  marginal=0.4722
  [nplm/distance] epoch 10/120  interaction=-0.7350  marginal=0.4646
  [nplm/distance] epoch 11/120  interaction=-0.7296  marginal=0.4570
  [nplm/distance] epoch 12/120  interaction=-0.7370  marginal=0.4568
  [nplm/distance] epoch 13/120  interaction=-0.7353  marginal=0.4563
  [nplm/distance] epoch 14/120  interaction=-0.7357  marginal=0.4463
  [nplm/distance] epoch 15/120  interaction=-0.7397  marginal=0.4360
  [nplm/distance] epoch 16/120  interaction=-0.7438  marginal=0.4402
  [nplm/distance] epoch 17/120  interaction=-0.7415  marginal=0.4224
  [nplm/distance] epoch 18/120  interaction=-0.7377  marginal=0.4306
  [nplm/distance] epoch 19/120  interaction=-0.7416  marginal=0.4257
  [nplm/distance] epoch 20/120  interaction=-0.7442  marginal=0.4241
  [nplm/distance] epoch 21/120  interaction=-0.7364  marginal=0.4105
  [nplm/distance] epoch 22/120  interaction=-0.7444  marginal=0.4043
  [nplm/distance] epoch 23/120  interaction=-0.7444  marginal=0.4130
  [nplm/distance] epoch 24/120  interaction=-0.7359  marginal=0.4061
  [nplm/distance] epoch 25/120  interaction=-0.7446  marginal=0.4172
  [nplm/distance] epoch 26/120  interaction=-0.7415  marginal=0.4006
  [nplm/distance] epoch 27/120  interaction=-0.7424  marginal=0.3945
  [nplm/distance] epoch 28/120  interaction=-0.7393  marginal=0.3960
  [nplm/distance] epoch 29/120  interaction=-0.7377  marginal=0.4002
  [nplm/distance] epoch 30/120  interaction=-0.7422  marginal=0.3971
  [nplm/distance] epoch 31/120  interaction=-0.7428  marginal=0.4012
  [nplm/distance] epoch 32/120  interaction=-0.7433  marginal=0.4010
  [nplm/distance] epoch 33/120  interaction=-0.7393  marginal=0.3940
  [nplm/distance] epoch 34/120  interaction=-0.7422  marginal=0.3996
  [nplm/distance] epoch 35/120  interaction=-0.7442  marginal=0.3854
  [nplm/distance] epoch 36/120  interaction=-0.7398  marginal=0.3959
  [nplm/distance] epoch 37/120  interaction=-0.7453  marginal=0.3892
  [nplm/distance] epoch 38/120  interaction=-0.7379  marginal=0.3816
  [nplm/distance] epoch 39/120  interaction=-0.7459  marginal=0.3809
  [nplm/distance] epoch 40/120  interaction=-0.7383  marginal=0.3836
  [nplm/distance] epoch 41/120  interaction=-0.7497  marginal=0.3970
  [nplm/distance] epoch 42/120  interaction=-0.7353  marginal=0.3709
  [nplm/distance] epoch 43/120  interaction=-0.7484  marginal=0.3834
  [nplm/distance] epoch 44/120  interaction=-0.7389  marginal=0.3836
  [nplm/distance] epoch 45/120  interaction=-0.7446  marginal=0.3799
  [nplm/distance] epoch 46/120  interaction=-0.7471  marginal=0.3809
  [nplm/distance] epoch 47/120  interaction=-0.7412  marginal=0.3837
  [nplm/distance] epoch 48/120  interaction=-0.7415  marginal=0.3814
  [nplm/distance] epoch 49/120  interaction=-0.7482  marginal=0.3759
  [nplm/distance] epoch 50/120  interaction=-0.7391  marginal=0.3717
  [nplm/distance] epoch 51/120  interaction=-0.7413  marginal=0.3763
  [nplm/distance] epoch 52/120  interaction=-0.7413  marginal=0.3682
  [nplm/distance] epoch 53/120  interaction=-0.7414  marginal=0.3705
  [nplm/distance] epoch 54/120  interaction=-0.7475  marginal=0.3793
  [nplm/distance] epoch 55/120  interaction=-0.7422  marginal=0.3622
  [nplm/distance] epoch 56/120  interaction=-0.7446  marginal=0.3613
  [nplm/distance] epoch 57/120  interaction=-0.7427  marginal=0.3681
  [nplm/distance] epoch 58/120  interaction=-0.7414  marginal=0.3567
  [nplm/distance] epoch 59/120  interaction=-0.7456  marginal=0.3693
  [nplm/distance] epoch 60/120  interaction=-0.7368  marginal=0.3748
  [nplm/distance] epoch 61/120  interaction=-0.7477  marginal=0.3702
  [nplm/distance] epoch 62/120  interaction=-0.7452  marginal=0.3746
  [nplm/distance] epoch 63/120  interaction=-0.7433  marginal=0.3685
  [nplm/distance] epoch 64/120  interaction=-0.7509  marginal=0.3670
  [nplm/distance] epoch 65/120  interaction=-0.7440  marginal=0.3635
  [nplm/distance] epoch 66/120  interaction=-0.7369  marginal=0.3547
  [nplm/distance] epoch 67/120  interaction=-0.7525  marginal=0.3607
  [nplm/distance] epoch 68/120  interaction=-0.7403  marginal=0.3571
  [nplm/distance] epoch 69/120  interaction=-0.7499  marginal=0.3609
  [nplm/distance] epoch 70/120  interaction=-0.7431  marginal=0.3625
  [nplm/distance] epoch 71/120  interaction=-0.7420  marginal=0.3639
  [nplm/distance] epoch 72/120  interaction=-0.7486  marginal=0.3644
  [nplm/distance] epoch 73/120  interaction=-0.7447  marginal=0.3543
  [nplm/distance] epoch 74/120  interaction=-0.7458  marginal=0.3675
  [nplm/distance] epoch 75/120  interaction=-0.7471  marginal=0.3490
  [nplm/distance] epoch 76/120  interaction=-0.7464  marginal=0.3717
  [nplm/distance] epoch 77/120  interaction=-0.7485  marginal=0.3537
  [nplm/distance] epoch 78/120  interaction=-0.7482  marginal=0.3585
  [nplm/distance] epoch 79/120  interaction=-0.7502  marginal=0.3753
  [nplm/distance] epoch 80/120  interaction=-0.7435  marginal=0.3560
  [nplm/distance] epoch 81/120  interaction=-0.7483  marginal=0.3547
  [nplm/distance] epoch 82/120  interaction=-0.7403  marginal=0.3607
  [nplm/distance] epoch 83/120  interaction=-0.7462  marginal=0.3595
  [nplm/distance] epoch 84/120  interaction=-0.7440  marginal=0.3508
  [nplm/distance] epoch 85/120  interaction=-0.7505  marginal=0.3481
  [nplm/distance] epoch 86/120  interaction=-0.7472  marginal=0.3487
  [nplm/distance] epoch 87/120  interaction=-0.7447  marginal=0.3536
  [nplm/distance] epoch 88/120  interaction=-0.7482  marginal=0.3621
  [nplm/distance] epoch 89/120  interaction=-0.7438  marginal=0.3604
  [nplm/distance] epoch 90/120  interaction=-0.7506  marginal=0.3595
  [nplm/distance] epoch 91/120  interaction=-0.7389  marginal=0.3470
  [nplm/distance] epoch 92/120  interaction=-0.7467  marginal=0.3536
  [nplm/distance] epoch 93/120  interaction=-0.7450  marginal=0.3603
  [nplm/distance] epoch 94/120  interaction=-0.7458  marginal=0.3593
  [nplm/distance] epoch 95/120  interaction=-0.7402  marginal=0.3479
  [nplm/distance] epoch 96/120  interaction=-0.7505  marginal=0.3523
  [nplm/distance] epoch 97/120  interaction=-0.7459  marginal=0.3587
  [nplm/distance] epoch 98/120  interaction=-0.7425  marginal=0.3618
  [nplm/distance] epoch 99/120  interaction=-0.7491  marginal=0.3467
  [nplm/distance] epoch 100/120  interaction=-0.7499  marginal=0.3575
  [nplm/distance] epoch 101/120  interaction=-0.7485  marginal=0.3585
  [nplm/distance] epoch 102/120  interaction=-0.7480  marginal=0.3540
  [nplm/distance] epoch 103/120  interaction=-0.7476  marginal=0.3507
  [nplm/distance] epoch 104/120  interaction=-0.7506  marginal=0.3512
  [nplm/distance] epoch 105/120  interaction=-0.7464  marginal=0.3521
  [nplm/distance] epoch 106/120  interaction=-0.7466  marginal=0.3571
  [nplm/distance] epoch 107/120  interaction=-0.7503  marginal=0.3621
  [nplm/distance] epoch 108/120  interaction=-0.7463  marginal=0.3444
  [nplm/distance] epoch 109/120  interaction=-0.7473  marginal=0.3466
  [nplm/distance] epoch 110/120  interaction=-0.7512  marginal=0.3536
  [nplm/distance] epoch 111/120  interaction=-0.7449  marginal=0.3342
  [nplm/distance] epoch 112/120  interaction=-0.7533  marginal=0.3619
  [nplm/distance] epoch 113/120  interaction=-0.7458  marginal=0.3663
  [nplm/distance] epoch 114/120  interaction=-0.7493  marginal=0.3500
  [nplm/distance] epoch 115/120  interaction=-0.7480  marginal=0.3538
  [nplm/distance] epoch 116/120  interaction=-0.7521  marginal=0.3478
  [nplm/distance] epoch 117/120  interaction=-0.7471  marginal=0.3421
  [nplm/distance] epoch 118/120  interaction=-0.7479  marginal=0.3487
  [nplm/distance] epoch 119/120  interaction=-0.7493  marginal=0.3496
  [nplm/distance] epoch 120/120  interaction=-0.7446  marginal=0.3544
  [nplm_distance ] probe=0.4936+-0.0184 acc=0.0353 supAUC=0.6848 eucl=0.4975 mahaT=0.4687 mahaPC=0.4737

----- nplm_sup_dist (labels) -----
  [nplm/distance] epoch 1/120  interaction=0.6975  marginal=0.8611
  [nplm/distance] epoch 2/120  interaction=-0.2262  marginal=0.8407
  [nplm/distance] epoch 3/120  interaction=-0.3086  marginal=0.7908
  [nplm/distance] epoch 4/120  interaction=-0.3262  marginal=0.7750
  [nplm/distance] epoch 5/120  interaction=-0.3487  marginal=0.7576
  [nplm/distance] epoch 6/120  interaction=-0.3558  marginal=0.7575
  [nplm/distance] epoch 7/120  interaction=-0.3704  marginal=0.7552
  [nplm/distance] epoch 8/120  interaction=-0.3683  marginal=0.7435
  [nplm/distance] epoch 9/120  interaction=-0.3819  marginal=0.7542
  [nplm/distance] epoch 10/120  interaction=-0.3854  marginal=0.7383
  [nplm/distance] epoch 11/120  interaction=-0.3817  marginal=0.7401
  [nplm/distance] epoch 12/120  interaction=-0.3870  marginal=0.7416
  [nplm/distance] epoch 13/120  interaction=-0.3937  marginal=0.7331
  [nplm/distance] epoch 14/120  interaction=-0.3889  marginal=0.7239
  [nplm/distance] epoch 15/120  interaction=-0.3912  marginal=0.7213
  [nplm/distance] epoch 16/120  interaction=-0.3996  marginal=0.7288
  [nplm/distance] epoch 17/120  interaction=-0.3997  marginal=0.7249
  [nplm/distance] epoch 18/120  interaction=-0.3937  marginal=0.7207
  [nplm/distance] epoch 19/120  interaction=-0.4011  marginal=0.7318
  [nplm/distance] epoch 20/120  interaction=-0.3962  marginal=0.7255
  [nplm/distance] epoch 21/120  interaction=-0.4094  marginal=0.7303
  [nplm/distance] epoch 22/120  interaction=-0.4042  marginal=0.7190
  [nplm/distance] epoch 23/120  interaction=-0.4035  marginal=0.7169
  [nplm/distance] epoch 24/120  interaction=-0.4054  marginal=0.7136
  [nplm/distance] epoch 25/120  interaction=-0.4154  marginal=0.7282
  [nplm/distance] epoch 26/120  interaction=-0.4069  marginal=0.7161
  [nplm/distance] epoch 27/120  interaction=-0.4115  marginal=0.7207
  [nplm/distance] epoch 28/120  interaction=-0.4183  marginal=0.7098
  [nplm/distance] epoch 29/120  interaction=-0.4168  marginal=0.7159
  [nplm/distance] epoch 30/120  interaction=-0.4131  marginal=0.7166
  [nplm/distance] epoch 31/120  interaction=-0.4238  marginal=0.7115
  [nplm/distance] epoch 32/120  interaction=-0.4231  marginal=0.7098
  [nplm/distance] epoch 33/120  interaction=-0.4227  marginal=0.7092
  [nplm/distance] epoch 34/120  interaction=-0.4156  marginal=0.7069
  [nplm/distance] epoch 35/120  interaction=-0.4244  marginal=0.7046
  [nplm/distance] epoch 36/120  interaction=-0.4189  marginal=0.7002
  [nplm/distance] epoch 37/120  interaction=-0.4257  marginal=0.7088
  [nplm/distance] epoch 38/120  interaction=-0.4297  marginal=0.7039
  [nplm/distance] epoch 39/120  interaction=-0.4270  marginal=0.7133
  [nplm/distance] epoch 40/120  interaction=-0.4293  marginal=0.7056
  [nplm/distance] epoch 41/120  interaction=-0.4374  marginal=0.6986
  [nplm/distance] epoch 42/120  interaction=-0.4240  marginal=0.6978
  [nplm/distance] epoch 43/120  interaction=-0.4290  marginal=0.7018
  [nplm/distance] epoch 44/120  interaction=-0.4283  marginal=0.6946
  [nplm/distance] epoch 45/120  interaction=-0.4291  marginal=0.6984
  [nplm/distance] epoch 46/120  interaction=-0.4333  marginal=0.7044
  [nplm/distance] epoch 47/120  interaction=-0.4304  marginal=0.7026
  [nplm/distance] epoch 48/120  interaction=-0.4429  marginal=0.7038
  [nplm/distance] epoch 49/120  interaction=-0.4288  marginal=0.7034
  [nplm/distance] epoch 50/120  interaction=-0.4347  marginal=0.7103
  [nplm/distance] epoch 51/120  interaction=-0.4378  marginal=0.7002
  [nplm/distance] epoch 52/120  interaction=-0.4454  marginal=0.7006
  [nplm/distance] epoch 53/120  interaction=-0.4343  marginal=0.6962
  [nplm/distance] epoch 54/120  interaction=-0.4459  marginal=0.7131
  [nplm/distance] epoch 55/120  interaction=-0.4362  marginal=0.6946
  [nplm/distance] epoch 56/120  interaction=-0.4397  marginal=0.6899
  [nplm/distance] epoch 57/120  interaction=-0.4425  marginal=0.6915
  [nplm/distance] epoch 58/120  interaction=-0.4345  marginal=0.7005
  [nplm/distance] epoch 59/120  interaction=-0.4405  marginal=0.7067
  [nplm/distance] epoch 60/120  interaction=-0.4519  marginal=0.6983
  [nplm/distance] epoch 61/120  interaction=-0.4385  marginal=0.6846
  [nplm/distance] epoch 62/120  interaction=-0.4442  marginal=0.6835
  [nplm/distance] epoch 63/120  interaction=-0.4418  marginal=0.6868
  [nplm/distance] epoch 64/120  interaction=-0.4438  marginal=0.6982
  [nplm/distance] epoch 65/120  interaction=-0.4478  marginal=0.6836
  [nplm/distance] epoch 66/120  interaction=-0.4492  marginal=0.6921
  [nplm/distance] epoch 67/120  interaction=-0.4432  marginal=0.6844
  [nplm/distance] epoch 68/120  interaction=-0.4434  marginal=0.6893
  [nplm/distance] epoch 69/120  interaction=-0.4460  marginal=0.6823
  [nplm/distance] epoch 70/120  interaction=-0.4443  marginal=0.6787
  [nplm/distance] epoch 71/120  interaction=-0.4423  marginal=0.6935
  [nplm/distance] epoch 72/120  interaction=-0.4422  marginal=0.6967
  [nplm/distance] epoch 73/120  interaction=-0.4414  marginal=0.6762
  [nplm/distance] epoch 74/120  interaction=-0.4508  marginal=0.6877
  [nplm/distance] epoch 75/120  interaction=-0.4465  marginal=0.6790
  [nplm/distance] epoch 76/120  interaction=-0.4546  marginal=0.6840
  [nplm/distance] epoch 77/120  interaction=-0.4416  marginal=0.6705
  [nplm/distance] epoch 78/120  interaction=-0.4401  marginal=0.6737
  [nplm/distance] epoch 79/120  interaction=-0.4512  marginal=0.6969
  [nplm/distance] epoch 80/120  interaction=-0.4497  marginal=0.6867
  [nplm/distance] epoch 81/120  interaction=-0.4492  marginal=0.6814
  [nplm/distance] epoch 82/120  interaction=-0.4474  marginal=0.6864
  [nplm/distance] epoch 83/120  interaction=-0.4486  marginal=0.6844
  [nplm/distance] epoch 84/120  interaction=-0.4537  marginal=0.6676
  [nplm/distance] epoch 85/120  interaction=-0.4474  marginal=0.6780
  [nplm/distance] epoch 86/120  interaction=-0.4543  marginal=0.6954
  [nplm/distance] epoch 87/120  interaction=-0.4568  marginal=0.6780
  [nplm/distance] epoch 88/120  interaction=-0.4531  marginal=0.6776
  [nplm/distance] epoch 89/120  interaction=-0.4507  marginal=0.6872
  [nplm/distance] epoch 90/120  interaction=-0.4533  marginal=0.6823
  [nplm/distance] epoch 91/120  interaction=-0.4500  marginal=0.6851
  [nplm/distance] epoch 92/120  interaction=-0.4529  marginal=0.6778
  [nplm/distance] epoch 93/120  interaction=-0.4521  marginal=0.6780
  [nplm/distance] epoch 94/120  interaction=-0.4537  marginal=0.6795
  [nplm/distance] epoch 95/120  interaction=-0.4535  marginal=0.6695
  [nplm/distance] epoch 96/120  interaction=-0.4557  marginal=0.6763
  [nplm/distance] epoch 97/120  interaction=-0.4490  marginal=0.6768
  [nplm/distance] epoch 98/120  interaction=-0.4588  marginal=0.6794
  [nplm/distance] epoch 99/120  interaction=-0.4528  marginal=0.6662
  [nplm/distance] epoch 100/120  interaction=-0.4484  marginal=0.6719
  [nplm/distance] epoch 101/120  interaction=-0.4584  marginal=0.6738
  [nplm/distance] epoch 102/120  interaction=-0.4520  marginal=0.6650
  [nplm/distance] epoch 103/120  interaction=-0.4513  marginal=0.6654
  [nplm/distance] epoch 104/120  interaction=-0.4552  marginal=0.6732
  [nplm/distance] epoch 105/120  interaction=-0.4562  marginal=0.6832
  [nplm/distance] epoch 106/120  interaction=-0.4514  marginal=0.6800
  [nplm/distance] epoch 107/120  interaction=-0.4570  marginal=0.6729
  [nplm/distance] epoch 108/120  interaction=-0.4571  marginal=0.6679
  [nplm/distance] epoch 109/120  interaction=-0.4514  marginal=0.6686
  [nplm/distance] epoch 110/120  interaction=-0.4486  marginal=0.6645
  [nplm/distance] epoch 111/120  interaction=-0.4582  marginal=0.6744
  [nplm/distance] epoch 112/120  interaction=-0.4637  marginal=0.6663
  [nplm/distance] epoch 113/120  interaction=-0.4624  marginal=0.6663
  [nplm/distance] epoch 114/120  interaction=-0.4577  marginal=0.6693
  [nplm/distance] epoch 115/120  interaction=-0.4577  marginal=0.6609
  [nplm/distance] epoch 116/120  interaction=-0.4537  marginal=0.6695
  [nplm/distance] epoch 117/120  interaction=-0.4570  marginal=0.6687
  [nplm/distance] epoch 118/120  interaction=-0.4564  marginal=0.6645
  [nplm/distance] epoch 119/120  interaction=-0.4522  marginal=0.6649
  [nplm/distance] epoch 120/120  interaction=-0.4576  marginal=0.6532
  [nplm_sup_dist ] probe=0.6370+-0.0009 acc=0.0957 supAUC=0.9189 eucl=0.4851 mahaT=0.4783 mahaPC=0.4963

===== performance / novelty table =====
  arm                        probe     acc  supAUC    eucl   mahaT  mahaPC
  simclr             0.6181+-0.0044  0.0989  0.7658  0.4537  0.4542  0.4997
  lejepa             0.6172+-0.0025  0.0956  0.8037  0.4595  0.4821  0.5135
  simclr_sigreg      0.5954+-0.0096  0.1297  0.8207  0.4420  0.4394  0.5081
  supcon             0.7543+-0.0021  0.5841  0.9773  0.4765  0.4821  0.3459
  supcon_sigreg      0.7452+-0.0117  0.6592  0.9915  0.6221  0.5651  0.5390
  nplm_bilinear      0.5860+-0.0006  0.0653  0.7531  0.4839  0.4898  0.5019
  nplm_distance      0.4936+-0.0184  0.0353  0.6848  0.4975  0.4687  0.4737
  nplm_sup_dist      0.6370+-0.0009  0.0957  0.9189  0.4851  0.4783  0.4963

===== gaussianity (seen classes, test set) =====
  metric                            simclr        lejepa simclr_sigreg        supcon supcon_sigreg nplm_bilinear nplm_distance nplm_sup_dist
  eig min (class cov)               -0.000        -0.000        -0.000        -0.000        -0.000        -0.000        -0.000        -0.000
  eig max (class cov)              705.427        39.944        31.481       570.913        57.361         0.968        57.193         1.421
  eig cond worst            705426702204928.039943707557888.031481139298304.0570913158332416.057360806576128.0968311046144.057193386737664.01420673941504.0
  class RMS min                      0.383         0.538         0.630         0.080         0.351         0.093         0.232         0.031
  class RMS mean                     0.729         0.783         0.885         0.261         0.526         0.115         0.402         0.060
  class RMS max                      3.368         0.927         1.051         2.715         0.975         0.177         0.807         0.119
  max |corr| (worst class)           0.990         0.968         0.945         0.990         0.966         0.974         0.999         1.000
  SW ratio mean                       3.79          1.60          1.37          2.02          1.28          1.38          2.08          1.89
  SW ratio worst                      8.46          2.67          2.49         15.69          2.38          2.05          8.63          7.01
  |skew| mean                        0.841         0.423         0.381         0.535         0.361         0.395         0.496         0.512
  |ex-kurt| mean                     2.100         0.727         0.657         1.232         0.684         0.667         0.953         1.027
  centroid dist min                   0.79          0.84          1.68          0.35          1.33          0.13          0.21          0.01
  centroid dist mean                  5.49          5.40          5.12          5.68          9.51          0.69          2.96          2.61
  separation (min d/RMS)              1.09          1.07          1.90          1.34          2.52          1.17          0.53          0.22
saved /home/pharris/sigreg/SuperSig/plots/exp51_probe_cars_dino_100d.png

===== PRE power batteries (all statistics) =====
  [simclr] per-event pre power=0.019
  [simclr] sparker
    pre-spk f=0.003: power=0.060 [0.028,0.115] (3/50)
    pre-spk f=0.01: power=0.120 [0.074,0.184] (6/50)
    pre-spk f=0.02: power=0.080 [0.042,0.138] (4/50)
    pre-spk f=0.05: power=0.040 [0.014,0.090] (2/50)
    pre-spk f=0.1: power=0.200 [0.141,0.273] (10/50)
  [simclr] maha
    pre-maha f=0.003: power=0.060 [0.028,0.115] (3/50)
    pre-maha f=0.01: power=0.020 [0.003,0.064] (1/50)
    pre-maha f=0.02: power=0.080 [0.042,0.138] (4/50)
    pre-maha f=0.05: power=0.040 [0.014,0.090] (2/50)
    pre-maha f=0.1: power=0.040 [0.014,0.090] (2/50)
  [simclr] mmd
    pre-mmd f=0.003: power=0.000 [0.000,0.036] (0/50)
    pre-mmd f=0.01: power=0.120 [0.074,0.184] (6/50)
    pre-mmd f=0.02: power=0.080 [0.042,0.138] (4/50)
    pre-mmd f=0.05: power=0.080 [0.042,0.138] (4/50)
    pre-mmd f=0.1: power=0.280 [0.213,0.357] (14/50)
  [lejepa] per-event pre power=0.023
  [lejepa] sparker
    pre-spk f=0.003: power=0.080 [0.042,0.138] (4/50)
    pre-spk f=0.01: power=0.060 [0.028,0.115] (3/50)
    pre-spk f=0.02: power=0.080 [0.042,0.138] (4/50)
    pre-spk f=0.05: power=0.040 [0.014,0.090] (2/50)
    pre-spk f=0.1: power=0.060 [0.028,0.115] (3/50)
  [lejepa] maha
    pre-maha f=0.003: power=0.060 [0.028,0.115] (3/50)
    pre-maha f=0.01: power=0.000 [0.000,0.036] (0/50)
    pre-maha f=0.02: power=0.060 [0.028,0.115] (3/50)
    pre-maha f=0.05: power=0.120 [0.074,0.184] (6/50)
    pre-maha f=0.1: power=0.080 [0.042,0.138] (4/50)
  [lejepa] mmd
    pre-mmd f=0.003: power=0.000 [0.000,0.036] (0/50)
    pre-mmd f=0.01: power=0.080 [0.042,0.138] (4/50)
    pre-mmd f=0.02: power=0.040 [0.014,0.090] (2/50)
    pre-mmd f=0.05: power=0.020 [0.003,0.064] (1/50)
    pre-mmd f=0.1: power=0.140 [0.090,0.207] (7/50)
  [simclr_sigreg] per-event pre power=0.033
  [simclr_sigreg] sparker
    pre-spk f=0.003: power=0.120 [0.074,0.184] (6/50)
    pre-spk f=0.01: power=0.040 [0.014,0.090] (2/50)
    pre-spk f=0.02: power=0.080 [0.042,0.138] (4/50)
    pre-spk f=0.05: power=0.080 [0.042,0.138] (4/50)
    pre-spk f=0.1: power=0.000 [0.000,0.036] (0/50)
  [simclr_sigreg] maha
    pre-maha f=0.003: power=0.100 [0.058,0.162] (5/50)
    pre-maha f=0.01: power=0.000 [0.000,0.036] (0/50)
    pre-maha f=0.02: power=0.140 [0.090,0.207] (7/50)
    pre-maha f=0.05: power=0.120 [0.074,0.184] (6/50)
    pre-maha f=0.1: power=0.100 [0.058,0.162] (5/50)
  [simclr_sigreg] mmd
    pre-mmd f=0.003: power=0.000 [0.000,0.036] (0/50)
    pre-mmd f=0.01: power=0.080 [0.042,0.138] (4/50)
    pre-mmd f=0.02: power=0.100 [0.058,0.162] (5/50)
    pre-mmd f=0.05: power=0.160 [0.107,0.229] (8/50)
    pre-mmd f=0.1: power=0.540 [0.460,0.618] (27/50)
  [supcon] per-event pre power=0.009
  [supcon] sparker
    pre-spk f=0.003: power=0.040 [0.014,0.090] (2/50)
    pre-spk f=0.01: power=0.020 [0.003,0.064] (1/50)
    pre-spk f=0.02: power=0.100 [0.058,0.162] (5/50)
    pre-spk f=0.05: power=0.240 [0.177,0.315] (12/50)
    pre-spk f=0.1: power=0.480 [0.401,0.560] (24/50)
  [supcon] maha
    pre-maha f=0.003: power=0.040 [0.014,0.090] (2/50)
    pre-maha f=0.01: power=0.040 [0.014,0.090] (2/50)
    pre-maha f=0.02: power=0.020 [0.003,0.064] (1/50)
    pre-maha f=0.05: power=0.000 [0.000,0.036] (0/50)
    pre-maha f=0.1: power=0.000 [0.000,0.036] (0/50)
  [supcon] mmd
    pre-mmd f=0.003: power=0.060 [0.028,0.115] (3/50)
    pre-mmd f=0.01: power=0.080 [0.042,0.138] (4/50)
    pre-mmd f=0.02: power=0.040 [0.014,0.090] (2/50)
    pre-mmd f=0.05: power=0.260 [0.194,0.336] (13/50)
    pre-mmd f=0.1: power=0.860 [0.793,0.910] (43/50)
  [supcon_sigreg] per-event pre power=0.082
  [supcon_sigreg] sparker
    pre-spk f=0.003: power=0.080 [0.042,0.138] (4/50)
    pre-spk f=0.01: power=0.080 [0.042,0.138] (4/50)
    pre-spk f=0.02: power=0.080 [0.042,0.138] (4/50)
    pre-spk f=0.05: power=0.260 [0.194,0.336] (13/50)
    pre-spk f=0.1: power=0.640 [0.560,0.714] (32/50)
  [supcon_sigreg] maha
    pre-maha f=0.003: power=0.040 [0.014,0.090] (2/50)
    pre-maha f=0.01: power=0.100 [0.058,0.162] (5/50)
    pre-maha f=0.02: power=0.140 [0.090,0.207] (7/50)
    pre-maha f=0.05: power=0.260 [0.194,0.336] (13/50)
    pre-maha f=0.1: power=0.500 [0.421,0.579] (25/50)
  [supcon_sigreg] mmd
    pre-mmd f=0.003: power=0.040 [0.014,0.090] (2/50)
    pre-mmd f=0.01: power=0.040 [0.014,0.090] (2/50)
    pre-mmd f=0.02: power=0.140 [0.090,0.207] (7/50)
    pre-mmd f=0.05: power=0.380 [0.305,0.460] (19/50)
    pre-mmd f=0.1: power=0.940 [0.885,0.972] (47/50)
  [nplm_bilinear] per-event pre power=0.023
  [nplm_bilinear] sparker
    pre-spk f=0.003: power=0.100 [0.058,0.162] (5/50)
    pre-spk f=0.01: power=0.060 [0.028,0.115] (3/50)
    pre-spk f=0.02: power=0.080 [0.042,0.138] (4/50)
    pre-spk f=0.05: power=0.100 [0.058,0.162] (5/50)
    pre-spk f=0.1: power=0.100 [0.058,0.162] (5/50)
  [nplm_bilinear] maha
    pre-maha f=0.003: power=0.100 [0.058,0.162] (5/50)
    pre-maha f=0.01: power=0.040 [0.014,0.090] (2/50)
    pre-maha f=0.02: power=0.120 [0.074,0.184] (6/50)
    pre-maha f=0.05: power=0.040 [0.014,0.090] (2/50)
    pre-maha f=0.1: power=0.040 [0.014,0.090] (2/50)
  [nplm_bilinear] mmd
    pre-mmd f=0.003: power=0.060 [0.028,0.115] (3/50)
    pre-mmd f=0.01: power=0.100 [0.058,0.162] (5/50)
    pre-mmd f=0.02: power=0.120 [0.074,0.184] (6/50)
    pre-mmd f=0.05: power=0.080 [0.042,0.138] (4/50)
    pre-mmd f=0.1: power=0.080 [0.042,0.138] (4/50)
  [nplm_distance] per-event pre power=0.045
  [nplm_distance] sparker
    pre-spk f=0.003: power=0.040 [0.014,0.090] (2/50)
    pre-spk f=0.01: power=0.060 [0.028,0.115] (3/50)
    pre-spk f=0.02: power=0.060 [0.028,0.115] (3/50)
    pre-spk f=0.05: power=0.020 [0.003,0.064] (1/50)
    pre-spk f=0.1: power=0.080 [0.042,0.138] (4/50)
  [nplm_distance] maha
    pre-maha f=0.003: power=0.060 [0.028,0.115] (3/50)
    pre-maha f=0.01: power=0.040 [0.014,0.090] (2/50)
    pre-maha f=0.02: power=0.040 [0.014,0.090] (2/50)
    pre-maha f=0.05: power=0.020 [0.003,0.064] (1/50)
    pre-maha f=0.1: power=0.080 [0.042,0.138] (4/50)
  [nplm_distance] mmd
    pre-mmd f=0.003: power=0.060 [0.028,0.115] (3/50)
    pre-mmd f=0.01: power=0.060 [0.028,0.115] (3/50)
    pre-mmd f=0.02: power=0.040 [0.014,0.090] (2/50)
    pre-mmd f=0.05: power=0.060 [0.028,0.115] (3/50)
    pre-mmd f=0.1: power=0.120 [0.074,0.184] (6/50)
  [nplm_sup_dist] per-event pre power=0.028
  [nplm_sup_dist] sparker
    pre-spk f=0.003: power=0.040 [0.014,0.090] (2/50)
    pre-spk f=0.01: power=0.000 [0.000,0.036] (0/50)
    pre-spk f=0.02: power=0.040 [0.014,0.090] (2/50)
    pre-spk f=0.05: power=0.040 [0.014,0.090] (2/50)
    pre-spk f=0.1: power=0.640 [0.560,0.714] (32/50)
  [nplm_sup_dist] maha
    pre-maha f=0.003: power=0.040 [0.014,0.090] (2/50)
    pre-maha f=0.01: power=0.060 [0.028,0.115] (3/50)
    pre-maha f=0.02: power=0.060 [0.028,0.115] (3/50)
    pre-maha f=0.05: power=0.060 [0.028,0.115] (3/50)
    pre-maha f=0.1: power=0.120 [0.074,0.184] (6/50)
  [nplm_sup_dist] mmd
    pre-mmd f=0.003: power=0.080 [0.042,0.138] (4/50)
    pre-mmd f=0.01: power=0.140 [0.090,0.207] (7/50)
    pre-mmd f=0.02: power=0.000 [0.000,0.036] (0/50)
    pre-mmd f=0.05: power=0.220 [0.159,0.294] (11/50)
    pre-mmd f=0.1: power=0.740 [0.664,0.806] (37/50)

===== EXP51 PEREVENT PRE POWER (alpha=0.05) =====
  arm                 0.003     0.01     0.02     0.05      0.1
  simclr              0.019    0.019    0.019    0.019    0.019
  lejepa              0.023    0.023    0.023    0.023    0.023
  simclr_sigreg       0.033    0.033    0.033    0.033    0.033
  supcon              0.009    0.009    0.009    0.009    0.009
  supcon_sigreg       0.082    0.082    0.082    0.082    0.082
  nplm_bilinear       0.023    0.023    0.023    0.023    0.023
  nplm_distance       0.045    0.045    0.045    0.045    0.045
  nplm_sup_dist       0.028    0.028    0.028    0.028    0.028
  saved /home/pharris/sigreg/SuperSig/plots/exp51_perevent_power_cars_dino_100d.png

===== EXP51 SPARKER PRE POWER (alpha=0.05) =====
  arm                 0.003     0.01     0.02     0.05      0.1
  simclr              0.060    0.120    0.080    0.040    0.200
  lejepa              0.080    0.060    0.080    0.040    0.060
  simclr_sigreg       0.120    0.040    0.080    0.080    0.000
  supcon              0.040    0.020    0.100    0.240    0.480
  supcon_sigreg       0.080    0.080    0.080    0.260    0.640
  nplm_bilinear       0.100    0.060    0.080    0.100    0.100
  nplm_distance       0.040    0.060    0.060    0.020    0.080
  nplm_sup_dist       0.040    0.000    0.040    0.040    0.640
  saved /home/pharris/sigreg/SuperSig/plots/exp51_sparker_power_cars_dino_100d.png

===== EXP51 MAHA PRE POWER (alpha=0.05) =====
  arm                 0.003     0.01     0.02     0.05      0.1
  simclr              0.060    0.020    0.080    0.040    0.040
  lejepa              0.060    0.000    0.060    0.120    0.080
  simclr_sigreg       0.100    0.000    0.140    0.120    0.100
  supcon              0.040    0.040    0.020    0.000    0.000
  supcon_sigreg       0.040    0.100    0.140    0.260    0.500
  nplm_bilinear       0.100    0.040    0.120    0.040    0.040
  nplm_distance       0.060    0.040    0.040    0.020    0.080
  nplm_sup_dist       0.040    0.060    0.060    0.060    0.120
  saved /home/pharris/sigreg/SuperSig/plots/exp51_maha_power_cars_dino_100d.png

===== EXP51 MMD PRE POWER (alpha=0.05) =====
  arm                 0.003     0.01     0.02     0.05      0.1
  simclr              0.000    0.120    0.080    0.080    0.280
  lejepa              0.000    0.080    0.040    0.020    0.140
  simclr_sigreg       0.000    0.080    0.100    0.160    0.540
  supcon              0.060    0.080    0.040    0.260    0.860
  supcon_sigreg       0.040    0.040    0.140    0.380    0.940
  nplm_bilinear       0.060    0.100    0.120    0.080    0.080
  nplm_distance       0.060    0.060    0.040    0.060    0.120
  nplm_sup_dist       0.080    0.140    0.000    0.220    0.740
  saved /home/pharris/sigreg/SuperSig/plots/exp51_mmd_power_cars_dino_100d.png

===== EXP51 SUMMARY =====
  [simclr        ] probe=0.6181+-0.0044  acc=0.0989  eucl=0.4537  mahaT=0.4542
  [lejepa        ] probe=0.6172+-0.0025  acc=0.0956  eucl=0.4595  mahaT=0.4821
  [simclr_sigreg ] probe=0.5954+-0.0096  acc=0.1297  eucl=0.4420  mahaT=0.4394
  [supcon        ] probe=0.7543+-0.0021  acc=0.5841  eucl=0.4765  mahaT=0.4821
  [supcon_sigreg ] probe=0.7452+-0.0117  acc=0.6592  eucl=0.6221  mahaT=0.5651
  [nplm_bilinear ] probe=0.5860+-0.0006  acc=0.0653  eucl=0.4839  mahaT=0.4898
  [nplm_distance ] probe=0.4936+-0.0184  acc=0.0353  eucl=0.4975  mahaT=0.4687
  [nplm_sup_dist ] probe=0.6370+-0.0009  acc=0.0957  eucl=0.4851  mahaT=0.4783
Done.
