/home/pharris/venv/lib64/python3.9/site-packages/networkx/utils/backends.py:135: RuntimeWarning: networkx backend defined more than once: nx-loopback
  backends.update(_get_backends("networkx.backends"))
Using cache found in /home/pharris/.cache/torch/hub/facebookresearch_dino_main
exp51 [aircraft_dino_nplm-sup-ft] NPLM suite, dim=32, epochs=120, holdouts=[90, 91, 92, 93, 94, 95, 96, 97, 98, 99], lam=1.0, arms=['simclr', 'lejepa', 'simclr_sigreg', 'supcon', 'supcon_sigreg', 'nplm_bilinear', 'nplm_distance', 'nplm_sup_dist']
  loading ft trunk /home/pharris/sigreg/SuperSig/checkpoints/aircraft_ft_dino_nplm-sup-ft.pt
  aircraft_dino_vitb16_nplm-sup-ft aug replica 1/8
  aircraft_dino_vitb16_nplm-sup-ft aug replica 2/8
  aircraft_dino_vitb16_nplm-sup-ft aug replica 3/8
  aircraft_dino_vitb16_nplm-sup-ft aug replica 4/8
  aircraft_dino_vitb16_nplm-sup-ft aug replica 5/8
  aircraft_dino_vitb16_nplm-sup-ft aug replica 6/8
  aircraft_dino_vitb16_nplm-sup-ft aug replica 7/8
  aircraft_dino_vitb16_nplm-sup-ft aug replica 8/8
  train pool 6667 (seen bank 6000), test pool 3333 (333 holdout)

----- simclr (augmentations only) -----
  [simclr] epoch 1/120  loss=5.9547
  [simclr] epoch 2/120  loss=5.5633
  [simclr] epoch 3/120  loss=5.4146
  [simclr] epoch 4/120  loss=5.3543
  [simclr] epoch 5/120  loss=5.3232
  [simclr] epoch 6/120  loss=5.3025
  [simclr] epoch 7/120  loss=5.2822
  [simclr] epoch 8/120  loss=5.2684
  [simclr] epoch 9/120  loss=5.2565
  [simclr] epoch 10/120  loss=5.2553
  [simclr] epoch 11/120  loss=5.2419
  [simclr] epoch 12/120  loss=5.2347
  [simclr] epoch 13/120  loss=5.2259
  [simclr] epoch 14/120  loss=5.2204
  [simclr] epoch 15/120  loss=5.2246
  [simclr] epoch 16/120  loss=5.2154
  [simclr] epoch 17/120  loss=5.2098
  [simclr] epoch 18/120  loss=5.2053
  [simclr] epoch 19/120  loss=5.2004
  [simclr] epoch 20/120  loss=5.1932
  [simclr] epoch 21/120  loss=5.1927
  [simclr] epoch 22/120  loss=5.1932
  [simclr] epoch 23/120  loss=5.1928
  [simclr] epoch 24/120  loss=5.1865
  [simclr] epoch 25/120  loss=5.1839
  [simclr] epoch 26/120  loss=5.1819
  [simclr] epoch 27/120  loss=5.1781
  [simclr] epoch 28/120  loss=5.1783
  [simclr] epoch 29/120  loss=5.1734
  [simclr] epoch 30/120  loss=5.1683
  [simclr] epoch 31/120  loss=5.1665
  [simclr] epoch 32/120  loss=5.1632
  [simclr] epoch 33/120  loss=5.1608
  [simclr] epoch 34/120  loss=5.1587
  [simclr] epoch 35/120  loss=5.1600
  [simclr] epoch 36/120  loss=5.1565
  [simclr] epoch 37/120  loss=5.1556
  [simclr] epoch 38/120  loss=5.1526
  [simclr] epoch 39/120  loss=5.1515
  [simclr] epoch 40/120  loss=5.1543
  [simclr] epoch 41/120  loss=5.1516
  [simclr] epoch 42/120  loss=5.1480
  [simclr] epoch 43/120  loss=5.1468
  [simclr] epoch 44/120  loss=5.1469
  [simclr] epoch 45/120  loss=5.1467
  [simclr] epoch 46/120  loss=5.1460
  [simclr] epoch 47/120  loss=5.1425
  [simclr] epoch 48/120  loss=5.1407
  [simclr] epoch 49/120  loss=5.1357
  [simclr] epoch 50/120  loss=5.1367
  [simclr] epoch 51/120  loss=5.1339
  [simclr] epoch 52/120  loss=5.1311
  [simclr] epoch 53/120  loss=5.1369
  [simclr] epoch 54/120  loss=5.1369
  [simclr] epoch 55/120  loss=5.1319
  [simclr] epoch 56/120  loss=5.1290
  [simclr] epoch 57/120  loss=5.1343
  [simclr] epoch 58/120  loss=5.1328
  [simclr] epoch 59/120  loss=5.1293
  [simclr] epoch 60/120  loss=5.1296
  [simclr] epoch 61/120  loss=5.1270
  [simclr] epoch 62/120  loss=5.1249
  [simclr] epoch 63/120  loss=5.1235
  [simclr] epoch 64/120  loss=5.1228
  [simclr] epoch 65/120  loss=5.1226
  [simclr] epoch 66/120  loss=5.1219
  [simclr] epoch 67/120  loss=5.1197
  [simclr] epoch 68/120  loss=5.1195
  [simclr] epoch 69/120  loss=5.1166
  [simclr] epoch 70/120  loss=5.1159
  [simclr] epoch 71/120  loss=5.1161
  [simclr] epoch 72/120  loss=5.1161
  [simclr] epoch 73/120  loss=5.1128
  [simclr] epoch 74/120  loss=5.1117
  [simclr] epoch 75/120  loss=5.1157
  [simclr] epoch 76/120  loss=5.1146
  [simclr] epoch 77/120  loss=5.1129
  [simclr] epoch 78/120  loss=5.1117
  [simclr] epoch 79/120  loss=5.1110
  [simclr] epoch 80/120  loss=5.1138
  [simclr] epoch 81/120  loss=5.1118
  [simclr] epoch 82/120  loss=5.1103
  [simclr] epoch 83/120  loss=5.1071
  [simclr] epoch 84/120  loss=5.1052
  [simclr] epoch 85/120  loss=5.1078
  [simclr] epoch 86/120  loss=5.1106
  [simclr] epoch 87/120  loss=5.1079
  [simclr] epoch 88/120  loss=5.1053
  [simclr] epoch 89/120  loss=5.1036
  [simclr] epoch 90/120  loss=5.1067
  [simclr] epoch 91/120  loss=5.1051
  [simclr] epoch 92/120  loss=5.1006
  [simclr] epoch 93/120  loss=5.0987
  [simclr] epoch 94/120  loss=5.0988
  [simclr] epoch 95/120  loss=5.0982
  [simclr] epoch 96/120  loss=5.0973
  [simclr] epoch 97/120  loss=5.0974
  [simclr] epoch 98/120  loss=5.0962
  [simclr] epoch 99/120  loss=5.0977
  [simclr] epoch 100/120  loss=5.0974
  [simclr] epoch 101/120  loss=5.0986
  [simclr] epoch 102/120  loss=5.0965
  [simclr] epoch 103/120  loss=5.0952
  [simclr] epoch 104/120  loss=5.0936
  [simclr] epoch 105/120  loss=5.0933
  [simclr] epoch 106/120  loss=5.0932
  [simclr] epoch 107/120  loss=5.0904
  [simclr] epoch 108/120  loss=5.0913
  [simclr] epoch 109/120  loss=5.0935
  [simclr] epoch 110/120  loss=5.0893
  [simclr] epoch 111/120  loss=5.0906
  [simclr] epoch 112/120  loss=5.0931
  [simclr] epoch 113/120  loss=5.0919
  [simclr] epoch 114/120  loss=5.0905
  [simclr] epoch 115/120  loss=5.0904
  [simclr] epoch 116/120  loss=5.0901
  [simclr] epoch 117/120  loss=5.0884
  [simclr] epoch 118/120  loss=5.0882
  [simclr] epoch 119/120  loss=5.0870
  [simclr] epoch 120/120  loss=5.0888
  [simclr        ] probe=0.6657+-0.0108 acc=0.1607 supAUC=0.8134 eucl=0.5754 mahaT=0.5582 mahaPC=0.5357

----- lejepa (augmentations only) -----
  [sigreg-ssl] epoch 1/120  inv=0.0443  sigreg=0.5157
  [sigreg-ssl] epoch 2/120  inv=0.0490  sigreg=0.2729
  [sigreg-ssl] epoch 3/120  inv=0.0668  sigreg=0.2012
  [sigreg-ssl] epoch 4/120  inv=0.0700  sigreg=0.1593
  [sigreg-ssl] epoch 5/120  inv=0.0763  sigreg=0.1294
  [sigreg-ssl] epoch 6/120  inv=0.0725  sigreg=0.1190
  [sigreg-ssl] epoch 7/120  inv=0.0740  sigreg=0.1091
  [sigreg-ssl] epoch 8/120  inv=0.0674  sigreg=0.1100
  [sigreg-ssl] epoch 9/120  inv=0.0662  sigreg=0.1018
  [sigreg-ssl] epoch 10/120  inv=0.0663  sigreg=0.0946
  [sigreg-ssl] epoch 11/120  inv=0.0619  sigreg=0.1040
  [sigreg-ssl] epoch 12/120  inv=0.0634  sigreg=0.0963
  [sigreg-ssl] epoch 13/120  inv=0.0613  sigreg=0.0894
  [sigreg-ssl] epoch 14/120  inv=0.0610  sigreg=0.0974
  [sigreg-ssl] epoch 15/120  inv=0.0587  sigreg=0.0906
  [sigreg-ssl] epoch 16/120  inv=0.0599  sigreg=0.0894
  [sigreg-ssl] epoch 17/120  inv=0.0596  sigreg=0.0871
  [sigreg-ssl] epoch 18/120  inv=0.0570  sigreg=0.0847
  [sigreg-ssl] epoch 19/120  inv=0.0574  sigreg=0.0799
  [sigreg-ssl] epoch 20/120  inv=0.0579  sigreg=0.0762
  [sigreg-ssl] epoch 21/120  inv=0.0578  sigreg=0.0721
  [sigreg-ssl] epoch 22/120  inv=0.0578  sigreg=0.0734
  [sigreg-ssl] epoch 23/120  inv=0.0564  sigreg=0.0721
  [sigreg-ssl] epoch 24/120  inv=0.0577  sigreg=0.0696
  [sigreg-ssl] epoch 25/120  inv=0.0571  sigreg=0.0655
  [sigreg-ssl] epoch 26/120  inv=0.0544  sigreg=0.0663
  [sigreg-ssl] epoch 27/120  inv=0.0577  sigreg=0.0670
  [sigreg-ssl] epoch 28/120  inv=0.0514  sigreg=0.0704
  [sigreg-ssl] epoch 29/120  inv=0.0550  sigreg=0.0664
  [sigreg-ssl] epoch 30/120  inv=0.0555  sigreg=0.0629
  [sigreg-ssl] epoch 31/120  inv=0.0524  sigreg=0.0624
  [sigreg-ssl] epoch 32/120  inv=0.0526  sigreg=0.0600
  [sigreg-ssl] epoch 33/120  inv=0.0515  sigreg=0.0615
  [sigreg-ssl] epoch 34/120  inv=0.0517  sigreg=0.0626
  [sigreg-ssl] epoch 35/120  inv=0.0514  sigreg=0.0630
  [sigreg-ssl] epoch 36/120  inv=0.0500  sigreg=0.0602
  [sigreg-ssl] epoch 37/120  inv=0.0518  sigreg=0.0618
  [sigreg-ssl] epoch 38/120  inv=0.0507  sigreg=0.0592
  [sigreg-ssl] epoch 39/120  inv=0.0518  sigreg=0.0588
  [sigreg-ssl] epoch 40/120  inv=0.0503  sigreg=0.0608
  [sigreg-ssl] epoch 41/120  inv=0.0499  sigreg=0.0606
  [sigreg-ssl] epoch 42/120  inv=0.0509  sigreg=0.0592
  [sigreg-ssl] epoch 43/120  inv=0.0485  sigreg=0.0612
  [sigreg-ssl] epoch 44/120  inv=0.0488  sigreg=0.0617
  [sigreg-ssl] epoch 45/120  inv=0.0485  sigreg=0.0571
  [sigreg-ssl] epoch 46/120  inv=0.0476  sigreg=0.0570
  [sigreg-ssl] epoch 47/120  inv=0.0486  sigreg=0.0519
  [sigreg-ssl] epoch 48/120  inv=0.0489  sigreg=0.0524
  [sigreg-ssl] epoch 49/120  inv=0.0485  sigreg=0.0536
  [sigreg-ssl] epoch 50/120  inv=0.0476  sigreg=0.0542
  [sigreg-ssl] epoch 51/120  inv=0.0466  sigreg=0.0545
  [sigreg-ssl] epoch 52/120  inv=0.0467  sigreg=0.0555
  [sigreg-ssl] epoch 53/120  inv=0.0461  sigreg=0.0563
  [sigreg-ssl] epoch 54/120  inv=0.0480  sigreg=0.0544
  [sigreg-ssl] epoch 55/120  inv=0.0465  sigreg=0.0536
  [sigreg-ssl] epoch 56/120  inv=0.0469  sigreg=0.0509
  [sigreg-ssl] epoch 57/120  inv=0.0473  sigreg=0.0532
  [sigreg-ssl] epoch 58/120  inv=0.0454  sigreg=0.0546
  [sigreg-ssl] epoch 59/120  inv=0.0459  sigreg=0.0480
  [sigreg-ssl] epoch 60/120  inv=0.0461  sigreg=0.0508
  [sigreg-ssl] epoch 61/120  inv=0.0467  sigreg=0.0504
  [sigreg-ssl] epoch 62/120  inv=0.0444  sigreg=0.0510
  [sigreg-ssl] epoch 63/120  inv=0.0460  sigreg=0.0476
  [sigreg-ssl] epoch 64/120  inv=0.0454  sigreg=0.0518
  [sigreg-ssl] epoch 65/120  inv=0.0458  sigreg=0.0492
  [sigreg-ssl] epoch 66/120  inv=0.0448  sigreg=0.0467
  [sigreg-ssl] epoch 67/120  inv=0.0448  sigreg=0.0471
  [sigreg-ssl] epoch 68/120  inv=0.0455  sigreg=0.0455
  [sigreg-ssl] epoch 69/120  inv=0.0446  sigreg=0.0455
  [sigreg-ssl] epoch 70/120  inv=0.0435  sigreg=0.0484
  [sigreg-ssl] epoch 71/120  inv=0.0440  sigreg=0.0484
  [sigreg-ssl] epoch 72/120  inv=0.0450  sigreg=0.0472
  [sigreg-ssl] epoch 73/120  inv=0.0437  sigreg=0.0472
  [sigreg-ssl] epoch 74/120  inv=0.0436  sigreg=0.0496
  [sigreg-ssl] epoch 75/120  inv=0.0442  sigreg=0.0494
  [sigreg-ssl] epoch 76/120  inv=0.0431  sigreg=0.0466
  [sigreg-ssl] epoch 77/120  inv=0.0431  sigreg=0.0482
  [sigreg-ssl] epoch 78/120  inv=0.0421  sigreg=0.0468
  [sigreg-ssl] epoch 79/120  inv=0.0422  sigreg=0.0469
  [sigreg-ssl] epoch 80/120  inv=0.0411  sigreg=0.0448
  [sigreg-ssl] epoch 81/120  inv=0.0425  sigreg=0.0458
  [sigreg-ssl] epoch 82/120  inv=0.0433  sigreg=0.0467
  [sigreg-ssl] epoch 83/120  inv=0.0426  sigreg=0.0429
  [sigreg-ssl] epoch 84/120  inv=0.0418  sigreg=0.0442
  [sigreg-ssl] epoch 85/120  inv=0.0429  sigreg=0.0473
  [sigreg-ssl] epoch 86/120  inv=0.0422  sigreg=0.0453
  [sigreg-ssl] epoch 87/120  inv=0.0407  sigreg=0.0483
  [sigreg-ssl] epoch 88/120  inv=0.0414  sigreg=0.0487
  [sigreg-ssl] epoch 89/120  inv=0.0424  sigreg=0.0459
  [sigreg-ssl] epoch 90/120  inv=0.0424  sigreg=0.0436
  [sigreg-ssl] epoch 91/120  inv=0.0414  sigreg=0.0426
  [sigreg-ssl] epoch 92/120  inv=0.0413  sigreg=0.0431
  [sigreg-ssl] epoch 93/120  inv=0.0410  sigreg=0.0449
  [sigreg-ssl] epoch 94/120  inv=0.0413  sigreg=0.0435
  [sigreg-ssl] epoch 95/120  inv=0.0410  sigreg=0.0446
  [sigreg-ssl] epoch 96/120  inv=0.0410  sigreg=0.0436
  [sigreg-ssl] epoch 97/120  inv=0.0409  sigreg=0.0455
  [sigreg-ssl] epoch 98/120  inv=0.0397  sigreg=0.0442
  [sigreg-ssl] epoch 99/120  inv=0.0399  sigreg=0.0442
  [sigreg-ssl] epoch 100/120  inv=0.0409  sigreg=0.0428
  [sigreg-ssl] epoch 101/120  inv=0.0413  sigreg=0.0429
  [sigreg-ssl] epoch 102/120  inv=0.0398  sigreg=0.0448
  [sigreg-ssl] epoch 103/120  inv=0.0394  sigreg=0.0420
  [sigreg-ssl] epoch 104/120  inv=0.0390  sigreg=0.0442
  [sigreg-ssl] epoch 105/120  inv=0.0404  sigreg=0.0457
  [sigreg-ssl] epoch 106/120  inv=0.0408  sigreg=0.0454
  [sigreg-ssl] epoch 107/120  inv=0.0392  sigreg=0.0449
  [sigreg-ssl] epoch 108/120  inv=0.0397  sigreg=0.0450
  [sigreg-ssl] epoch 109/120  inv=0.0404  sigreg=0.0439
  [sigreg-ssl] epoch 110/120  inv=0.0401  sigreg=0.0430
  [sigreg-ssl] epoch 111/120  inv=0.0396  sigreg=0.0438
  [sigreg-ssl] epoch 112/120  inv=0.0394  sigreg=0.0424
  [sigreg-ssl] epoch 113/120  inv=0.0396  sigreg=0.0422
  [sigreg-ssl] epoch 114/120  inv=0.0390  sigreg=0.0418
  [sigreg-ssl] epoch 115/120  inv=0.0391  sigreg=0.0413
  [sigreg-ssl] epoch 116/120  inv=0.0387  sigreg=0.0425
  [sigreg-ssl] epoch 117/120  inv=0.0386  sigreg=0.0407
  [sigreg-ssl] epoch 118/120  inv=0.0395  sigreg=0.0402
  [sigreg-ssl] epoch 119/120  inv=0.0394  sigreg=0.0419
  [sigreg-ssl] epoch 120/120  inv=0.0381  sigreg=0.0449
  [lejepa        ] probe=0.7203+-0.0055 acc=0.1233 supAUC=0.7919 eucl=0.4641 mahaT=0.5380 mahaPC=0.5626

----- simclr_sigreg (augmentations only) -----
  [softmax/cosine] epoch 1/120  interaction=6.0004  marginal=0.4162
  [softmax/cosine] epoch 2/120  interaction=5.5866  marginal=0.1711
  [softmax/cosine] epoch 3/120  interaction=5.4691  marginal=0.1008
  [softmax/cosine] epoch 4/120  interaction=5.4133  marginal=0.0819
  [softmax/cosine] epoch 5/120  interaction=5.3766  marginal=0.0680
  [softmax/cosine] epoch 6/120  interaction=5.3539  marginal=0.0610
  [softmax/cosine] epoch 7/120  interaction=5.3375  marginal=0.0624
  [softmax/cosine] epoch 8/120  interaction=5.3262  marginal=0.0592
  [softmax/cosine] epoch 9/120  interaction=5.3052  marginal=0.0521
  [softmax/cosine] epoch 10/120  interaction=5.2885  marginal=0.0484
  [softmax/cosine] epoch 11/120  interaction=5.2801  marginal=0.0452
  [softmax/cosine] epoch 12/120  interaction=5.2653  marginal=0.0413
  [softmax/cosine] epoch 13/120  interaction=5.2587  marginal=0.0406
  [softmax/cosine] epoch 14/120  interaction=5.2519  marginal=0.0395
  [softmax/cosine] epoch 15/120  interaction=5.2503  marginal=0.0385
  [softmax/cosine] epoch 16/120  interaction=5.2456  marginal=0.0404
  [softmax/cosine] epoch 17/120  interaction=5.2423  marginal=0.0389
  [softmax/cosine] epoch 18/120  interaction=5.2323  marginal=0.0356
  [softmax/cosine] epoch 19/120  interaction=5.2302  marginal=0.0359
  [softmax/cosine] epoch 20/120  interaction=5.2306  marginal=0.0360
  [softmax/cosine] epoch 21/120  interaction=5.2213  marginal=0.0323
  [softmax/cosine] epoch 22/120  interaction=5.2157  marginal=0.0320
  [softmax/cosine] epoch 23/120  interaction=5.2151  marginal=0.0337
  [softmax/cosine] epoch 24/120  interaction=5.2108  marginal=0.0310
  [softmax/cosine] epoch 25/120  interaction=5.2081  marginal=0.0316
  [softmax/cosine] epoch 26/120  interaction=5.2055  marginal=0.0310
  [softmax/cosine] epoch 27/120  interaction=5.1990  marginal=0.0272
  [softmax/cosine] epoch 28/120  interaction=5.1962  marginal=0.0248
  [softmax/cosine] epoch 29/120  interaction=5.1927  marginal=0.0274
  [softmax/cosine] epoch 30/120  interaction=5.1925  marginal=0.0274
  [softmax/cosine] epoch 31/120  interaction=5.1911  marginal=0.0287
  [softmax/cosine] epoch 32/120  interaction=5.1893  marginal=0.0260
  [softmax/cosine] epoch 33/120  interaction=5.1882  marginal=0.0275
  [softmax/cosine] epoch 34/120  interaction=5.1884  marginal=0.0275
  [softmax/cosine] epoch 35/120  interaction=5.1848  marginal=0.0267
  [softmax/cosine] epoch 36/120  interaction=5.1778  marginal=0.0247
  [softmax/cosine] epoch 37/120  interaction=5.1777  marginal=0.0234
  [softmax/cosine] epoch 38/120  interaction=5.1733  marginal=0.0239
  [softmax/cosine] epoch 39/120  interaction=5.1771  marginal=0.0259
  [softmax/cosine] epoch 40/120  interaction=5.1739  marginal=0.0243
  [softmax/cosine] epoch 41/120  interaction=5.1731  marginal=0.0254
  [softmax/cosine] epoch 42/120  interaction=5.1704  marginal=0.0227
  [softmax/cosine] epoch 43/120  interaction=5.1667  marginal=0.0228
  [softmax/cosine] epoch 44/120  interaction=5.1704  marginal=0.0266
  [softmax/cosine] epoch 45/120  interaction=5.1735  marginal=0.0257
  [softmax/cosine] epoch 46/120  interaction=5.1725  marginal=0.0272
  [softmax/cosine] epoch 47/120  interaction=5.1700  marginal=0.0268
  [softmax/cosine] epoch 48/120  interaction=5.1662  marginal=0.0265
  [softmax/cosine] epoch 49/120  interaction=5.1618  marginal=0.0231
  [softmax/cosine] epoch 50/120  interaction=5.1609  marginal=0.0242
  [softmax/cosine] epoch 51/120  interaction=5.1580  marginal=0.0223
  [softmax/cosine] epoch 52/120  interaction=5.1577  marginal=0.0217
  [softmax/cosine] epoch 53/120  interaction=5.1617  marginal=0.0258
  [softmax/cosine] epoch 54/120  interaction=5.1576  marginal=0.0237
  [softmax/cosine] epoch 55/120  interaction=5.1565  marginal=0.0244
  [softmax/cosine] epoch 56/120  interaction=5.1596  marginal=0.0263
  [softmax/cosine] epoch 57/120  interaction=5.1625  marginal=0.0261
  [softmax/cosine] epoch 58/120  interaction=5.1536  marginal=0.0235
  [softmax/cosine] epoch 59/120  interaction=5.1504  marginal=0.0213
  [softmax/cosine] epoch 60/120  interaction=5.1483  marginal=0.0205
  [softmax/cosine] epoch 61/120  interaction=5.1476  marginal=0.0209
  [softmax/cosine] epoch 62/120  interaction=5.1494  marginal=0.0211
  [softmax/cosine] epoch 63/120  interaction=5.1477  marginal=0.0217
  [softmax/cosine] epoch 64/120  interaction=5.1468  marginal=0.0213
  [softmax/cosine] epoch 65/120  interaction=5.1458  marginal=0.0202
  [softmax/cosine] epoch 66/120  interaction=5.1432  marginal=0.0211
  [softmax/cosine] epoch 67/120  interaction=5.1432  marginal=0.0206
  [softmax/cosine] epoch 68/120  interaction=5.1433  marginal=0.0220
  [softmax/cosine] epoch 69/120  interaction=5.1435  marginal=0.0225
  [softmax/cosine] epoch 70/120  interaction=5.1383  marginal=0.0212
  [softmax/cosine] epoch 71/120  interaction=5.1353  marginal=0.0194
  [softmax/cosine] epoch 72/120  interaction=5.1401  marginal=0.0207
  [softmax/cosine] epoch 73/120  interaction=5.1417  marginal=0.0200
  [softmax/cosine] epoch 74/120  interaction=5.1367  marginal=0.0196
  [softmax/cosine] epoch 75/120  interaction=5.1355  marginal=0.0191
  [softmax/cosine] epoch 76/120  interaction=5.1332  marginal=0.0198
  [softmax/cosine] epoch 77/120  interaction=5.1345  marginal=0.0205
  [softmax/cosine] epoch 78/120  interaction=5.1378  marginal=0.0213
  [softmax/cosine] epoch 79/120  interaction=5.1387  marginal=0.0213
  [softmax/cosine] epoch 80/120  interaction=5.1362  marginal=0.0222
  [softmax/cosine] epoch 81/120  interaction=5.1379  marginal=0.0224
  [softmax/cosine] epoch 82/120  interaction=5.1355  marginal=0.0223
  [softmax/cosine] epoch 83/120  interaction=5.1309  marginal=0.0204
  [softmax/cosine] epoch 84/120  interaction=5.1301  marginal=0.0185
  [softmax/cosine] epoch 85/120  interaction=5.1322  marginal=0.0197
  [softmax/cosine] epoch 86/120  interaction=5.1338  marginal=0.0207
  [softmax/cosine] epoch 87/120  interaction=5.1316  marginal=0.0200
  [softmax/cosine] epoch 88/120  interaction=5.1277  marginal=0.0180
  [softmax/cosine] epoch 89/120  interaction=5.1266  marginal=0.0200
  [softmax/cosine] epoch 90/120  interaction=5.1289  marginal=0.0192
  [softmax/cosine] epoch 91/120  interaction=5.1277  marginal=0.0202
  [softmax/cosine] epoch 92/120  interaction=5.1257  marginal=0.0183
  [softmax/cosine] epoch 93/120  interaction=5.1255  marginal=0.0187
  [softmax/cosine] epoch 94/120  interaction=5.1235  marginal=0.0175
  [softmax/cosine] epoch 95/120  interaction=5.1241  marginal=0.0193
  [softmax/cosine] epoch 96/120  interaction=5.1257  marginal=0.0201
  [softmax/cosine] epoch 97/120  interaction=5.1223  marginal=0.0177
  [softmax/cosine] epoch 98/120  interaction=5.1231  marginal=0.0184
  [softmax/cosine] epoch 99/120  interaction=5.1237  marginal=0.0188
  [softmax/cosine] epoch 100/120  interaction=5.1227  marginal=0.0180
  [softmax/cosine] epoch 101/120  interaction=5.1230  marginal=0.0189
  [softmax/cosine] epoch 102/120  interaction=5.1246  marginal=0.0210
  [softmax/cosine] epoch 103/120  interaction=5.1213  marginal=0.0181
  [softmax/cosine] epoch 104/120  interaction=5.1207  marginal=0.0183
  [softmax/cosine] epoch 105/120  interaction=5.1208  marginal=0.0195
  [softmax/cosine] epoch 106/120  interaction=5.1189  marginal=0.0179
  [softmax/cosine] epoch 107/120  interaction=5.1179  marginal=0.0176
  [softmax/cosine] epoch 108/120  interaction=5.1161  marginal=0.0166
  [softmax/cosine] epoch 109/120  interaction=5.1158  marginal=0.0179
  [softmax/cosine] epoch 110/120  interaction=5.1159  marginal=0.0175
  [softmax/cosine] epoch 111/120  interaction=5.1162  marginal=0.0184
  [softmax/cosine] epoch 112/120  interaction=5.1161  marginal=0.0181
  [softmax/cosine] epoch 113/120  interaction=5.1156  marginal=0.0180
  [softmax/cosine] epoch 114/120  interaction=5.1159  marginal=0.0190
  [softmax/cosine] epoch 115/120  interaction=5.1139  marginal=0.0166
  [softmax/cosine] epoch 116/120  interaction=5.1135  marginal=0.0168
  [softmax/cosine] epoch 117/120  interaction=5.1132  marginal=0.0158
  [softmax/cosine] epoch 118/120  interaction=5.1112  marginal=0.0157
  [softmax/cosine] epoch 119/120  interaction=5.1123  marginal=0.0162
  [softmax/cosine] epoch 120/120  interaction=5.1127  marginal=0.0172
  [simclr_sigreg ] probe=0.7170+-0.0018 acc=0.1663 supAUC=0.8512 eucl=0.4172 mahaT=0.4969 mahaPC=0.5468

----- supcon (labels) -----
  [supcon] epoch 1/120  loss=6.3407
  [supcon] epoch 2/120  loss=5.7861
  [supcon] epoch 3/120  loss=5.5076
  [supcon] epoch 4/120  loss=5.3289
  [supcon] epoch 5/120  loss=5.1720
  [supcon] epoch 6/120  loss=5.0769
  [supcon] epoch 7/120  loss=5.0066
  [supcon] epoch 8/120  loss=4.9214
  [supcon] epoch 9/120  loss=4.8817
  [supcon] epoch 10/120  loss=4.8093
  [supcon] epoch 11/120  loss=4.7468
  [supcon] epoch 12/120  loss=4.7055
  [supcon] epoch 13/120  loss=4.6604
  [supcon] epoch 14/120  loss=4.6059
  [supcon] epoch 15/120  loss=4.5678
  [supcon] epoch 16/120  loss=4.5100
  [supcon] epoch 17/120  loss=4.4705
  [supcon] epoch 18/120  loss=4.4441
  [supcon] epoch 19/120  loss=4.4018
  [supcon] epoch 20/120  loss=4.3726
  [supcon] epoch 21/120  loss=4.3333
  [supcon] epoch 22/120  loss=4.3203
  [supcon] epoch 23/120  loss=4.2793
  [supcon] epoch 24/120  loss=4.2492
  [supcon] epoch 25/120  loss=4.2408
  [supcon] epoch 26/120  loss=4.2006
  [supcon] epoch 27/120  loss=4.1813
  [supcon] epoch 28/120  loss=4.1540
  [supcon] epoch 29/120  loss=4.1358
  [supcon] epoch 30/120  loss=4.1121
  [supcon] epoch 31/120  loss=4.0742
  [supcon] epoch 32/120  loss=4.0564
  [supcon] epoch 33/120  loss=4.0375
  [supcon] epoch 34/120  loss=4.0122
  [supcon] epoch 35/120  loss=4.0007
  [supcon] epoch 36/120  loss=3.9778
  [supcon] epoch 37/120  loss=3.9394
  [supcon] epoch 38/120  loss=3.9262
  [supcon] epoch 39/120  loss=3.9072
  [supcon] epoch 40/120  loss=3.8987
  [supcon] epoch 41/120  loss=3.8855
  [supcon] epoch 42/120  loss=3.8517
  [supcon] epoch 43/120  loss=3.8368
  [supcon] epoch 44/120  loss=3.8229
  [supcon] epoch 45/120  loss=3.8151
  [supcon] epoch 46/120  loss=3.8111
  [supcon] epoch 47/120  loss=3.7788
  [supcon] epoch 48/120  loss=3.7671
  [supcon] epoch 49/120  loss=3.7553
  [supcon] epoch 50/120  loss=3.7291
  [supcon] epoch 51/120  loss=3.7478
  [supcon] epoch 52/120  loss=3.7448
  [supcon] epoch 53/120  loss=3.7494
  [supcon] epoch 54/120  loss=3.7066
  [supcon] epoch 55/120  loss=3.7037
  [supcon] epoch 56/120  loss=3.6589
  [supcon] epoch 57/120  loss=3.6448
  [supcon] epoch 58/120  loss=3.6463
  [supcon] epoch 59/120  loss=3.6506
  [supcon] epoch 60/120  loss=3.6426
  [supcon] epoch 61/120  loss=3.6037
  [supcon] epoch 62/120  loss=3.6014
  [supcon] epoch 63/120  loss=3.5936
  [supcon] epoch 64/120  loss=3.5815
  [supcon] epoch 65/120  loss=3.5590
  [supcon] epoch 66/120  loss=3.5414
  [supcon] epoch 67/120  loss=3.5319
  [supcon] epoch 68/120  loss=3.5457
  [supcon] epoch 69/120  loss=3.5189
  [supcon] epoch 70/120  loss=3.5138
  [supcon] epoch 71/120  loss=3.5079
  [supcon] epoch 72/120  loss=3.4979
  [supcon] epoch 73/120  loss=3.5026
  [supcon] epoch 74/120  loss=3.4931
  [supcon] epoch 75/120  loss=3.4878
  [supcon] epoch 76/120  loss=3.4882
  [supcon] epoch 77/120  loss=3.4724
  [supcon] epoch 78/120  loss=3.4439
  [supcon] epoch 79/120  loss=3.4474
  [supcon] epoch 80/120  loss=3.4229
  [supcon] epoch 81/120  loss=3.4552
  [supcon] epoch 82/120  loss=3.4219
  [supcon] epoch 83/120  loss=3.4064
  [supcon] epoch 84/120  loss=3.4102
  [supcon] epoch 85/120  loss=3.4111
  [supcon] epoch 86/120  loss=3.3969
  [supcon] epoch 87/120  loss=3.3748
  [supcon] epoch 88/120  loss=3.3716
  [supcon] epoch 89/120  loss=3.3534
  [supcon] epoch 90/120  loss=3.3637
  [supcon] epoch 91/120  loss=3.3548
  [supcon] epoch 92/120  loss=3.3448
  [supcon] epoch 93/120  loss=3.3243
  [supcon] epoch 94/120  loss=3.3482
  [supcon] epoch 95/120  loss=3.3133
  [supcon] epoch 96/120  loss=3.3058
  [supcon] epoch 97/120  loss=3.2999
  [supcon] epoch 98/120  loss=3.3049
  [supcon] epoch 99/120  loss=3.3000
  [supcon] epoch 100/120  loss=3.2876
  [supcon] epoch 101/120  loss=3.3050
  [supcon] epoch 102/120  loss=3.2667
  [supcon] epoch 103/120  loss=3.2820
  [supcon] epoch 104/120  loss=3.2685
  [supcon] epoch 105/120  loss=3.2608
  [supcon] epoch 106/120  loss=3.2650
  [supcon] epoch 107/120  loss=3.2600
  [supcon] epoch 108/120  loss=3.2457
  [supcon] epoch 109/120  loss=3.2184
  [supcon] epoch 110/120  loss=3.2244
  [supcon] epoch 111/120  loss=3.2314
  [supcon] epoch 112/120  loss=3.2175
  [supcon] epoch 113/120  loss=3.2147
  [supcon] epoch 114/120  loss=3.2014
  [supcon] epoch 115/120  loss=3.1935
  [supcon] epoch 116/120  loss=3.1862
  [supcon] epoch 117/120  loss=3.1823
  [supcon] epoch 118/120  loss=3.1918
  [supcon] epoch 119/120  loss=3.1672
  [supcon] epoch 120/120  loss=3.1695
  [supcon        ] probe=0.7492+-0.0108 acc=0.5623 supAUC=0.9682 eucl=0.7364 mahaT=0.7242 mahaPC=0.5898

----- supcon_sigreg (labels) -----
  [softmax/cosine] epoch 1/120  interaction=6.4587  marginal=0.6042
  [softmax/cosine] epoch 2/120  interaction=5.9779  marginal=0.4042
  [softmax/cosine] epoch 3/120  interaction=5.7557  marginal=0.3405
  [softmax/cosine] epoch 4/120  interaction=5.5636  marginal=0.2735
  [softmax/cosine] epoch 5/120  interaction=5.4110  marginal=0.2345
  [softmax/cosine] epoch 6/120  interaction=5.3137  marginal=0.2216
  [softmax/cosine] epoch 7/120  interaction=5.2166  marginal=0.2081
  [softmax/cosine] epoch 8/120  interaction=5.1265  marginal=0.1849
  [softmax/cosine] epoch 9/120  interaction=5.0729  marginal=0.1809
  [softmax/cosine] epoch 10/120  interaction=5.0081  marginal=0.1651
  [softmax/cosine] epoch 11/120  interaction=4.9496  marginal=0.1502
  [softmax/cosine] epoch 12/120  interaction=4.9066  marginal=0.1487
  [softmax/cosine] epoch 13/120  interaction=4.8389  marginal=0.1382
  [softmax/cosine] epoch 14/120  interaction=4.8026  marginal=0.1338
  [softmax/cosine] epoch 15/120  interaction=4.7405  marginal=0.1169
  [softmax/cosine] epoch 16/120  interaction=4.6922  marginal=0.1185
  [softmax/cosine] epoch 17/120  interaction=4.6652  marginal=0.1141
  [softmax/cosine] epoch 18/120  interaction=4.6246  marginal=0.1079
  [softmax/cosine] epoch 19/120  interaction=4.6008  marginal=0.1099
  [softmax/cosine] epoch 20/120  interaction=4.5532  marginal=0.1053
  [softmax/cosine] epoch 21/120  interaction=4.5194  marginal=0.1079
  [softmax/cosine] epoch 22/120  interaction=4.4725  marginal=0.1097
  [softmax/cosine] epoch 23/120  interaction=4.4651  marginal=0.0995
  [softmax/cosine] epoch 24/120  interaction=4.4109  marginal=0.0978
  [softmax/cosine] epoch 25/120  interaction=4.3927  marginal=0.0980
  [softmax/cosine] epoch 26/120  interaction=4.3600  marginal=0.0968
  [softmax/cosine] epoch 27/120  interaction=4.3353  marginal=0.0949
  [softmax/cosine] epoch 28/120  interaction=4.3163  marginal=0.0912
  [softmax/cosine] epoch 29/120  interaction=4.2867  marginal=0.0962
  [softmax/cosine] epoch 30/120  interaction=4.2549  marginal=0.0880
  [softmax/cosine] epoch 31/120  interaction=4.2537  marginal=0.0861
  [softmax/cosine] epoch 32/120  interaction=4.2114  marginal=0.0879
  [softmax/cosine] epoch 33/120  interaction=4.1877  marginal=0.0844
  [softmax/cosine] epoch 34/120  interaction=4.1573  marginal=0.0829
  [softmax/cosine] epoch 35/120  interaction=4.1393  marginal=0.0836
  [softmax/cosine] epoch 36/120  interaction=4.1198  marginal=0.0859
  [softmax/cosine] epoch 37/120  interaction=4.1006  marginal=0.0820
  [softmax/cosine] epoch 38/120  interaction=4.0915  marginal=0.0811
  [softmax/cosine] epoch 39/120  interaction=4.0614  marginal=0.0783
  [softmax/cosine] epoch 40/120  interaction=4.0476  marginal=0.0782
  [softmax/cosine] epoch 41/120  interaction=4.0067  marginal=0.0744
  [softmax/cosine] epoch 42/120  interaction=4.0000  marginal=0.0754
  [softmax/cosine] epoch 43/120  interaction=3.9857  marginal=0.0716
  [softmax/cosine] epoch 44/120  interaction=3.9532  marginal=0.0751
  [softmax/cosine] epoch 45/120  interaction=3.9663  marginal=0.0731
  [softmax/cosine] epoch 46/120  interaction=3.9334  marginal=0.0685
  [softmax/cosine] epoch 47/120  interaction=3.9212  marginal=0.0706
  [softmax/cosine] epoch 48/120  interaction=3.9031  marginal=0.0736
  [softmax/cosine] epoch 49/120  interaction=3.8818  marginal=0.0673
  [softmax/cosine] epoch 50/120  interaction=3.9047  marginal=0.0741
  [softmax/cosine] epoch 51/120  interaction=3.8840  marginal=0.0699
  [softmax/cosine] epoch 52/120  interaction=3.8659  marginal=0.0740
  [softmax/cosine] epoch 53/120  interaction=3.8306  marginal=0.0665
  [softmax/cosine] epoch 54/120  interaction=3.8122  marginal=0.0660
  [softmax/cosine] epoch 55/120  interaction=3.8086  marginal=0.0652
  [softmax/cosine] epoch 56/120  interaction=3.7908  marginal=0.0647
  [softmax/cosine] epoch 57/120  interaction=3.7816  marginal=0.0629
  [softmax/cosine] epoch 58/120  interaction=3.7634  marginal=0.0627
  [softmax/cosine] epoch 59/120  interaction=3.7505  marginal=0.0662
  [softmax/cosine] epoch 60/120  interaction=3.7220  marginal=0.0622
  [softmax/cosine] epoch 61/120  interaction=3.7210  marginal=0.0632
  [softmax/cosine] epoch 62/120  interaction=3.7240  marginal=0.0590
  [softmax/cosine] epoch 63/120  interaction=3.7012  marginal=0.0656
  [softmax/cosine] epoch 64/120  interaction=3.7084  marginal=0.0608
  [softmax/cosine] epoch 65/120  interaction=3.6809  marginal=0.0556
  [softmax/cosine] epoch 66/120  interaction=3.6774  marginal=0.0603
  [softmax/cosine] epoch 67/120  interaction=3.6577  marginal=0.0603
  [softmax/cosine] epoch 68/120  interaction=3.6557  marginal=0.0603
  [softmax/cosine] epoch 69/120  interaction=3.6392  marginal=0.0552
  [softmax/cosine] epoch 70/120  interaction=3.6004  marginal=0.0574
  [softmax/cosine] epoch 71/120  interaction=3.6343  marginal=0.0553
  [softmax/cosine] epoch 72/120  interaction=3.6073  marginal=0.0563
  [softmax/cosine] epoch 73/120  interaction=3.6047  marginal=0.0578
  [softmax/cosine] epoch 74/120  interaction=3.6093  marginal=0.0566
  [softmax/cosine] epoch 75/120  interaction=3.5803  marginal=0.0572
  [softmax/cosine] epoch 76/120  interaction=3.5823  marginal=0.0555
  [softmax/cosine] epoch 77/120  interaction=3.5595  marginal=0.0567
  [softmax/cosine] epoch 78/120  interaction=3.5513  marginal=0.0541
  [softmax/cosine] epoch 79/120  interaction=3.5493  marginal=0.0514
  [softmax/cosine] epoch 80/120  interaction=3.5303  marginal=0.0551
  [softmax/cosine] epoch 81/120  interaction=3.5497  marginal=0.0580
  [softmax/cosine] epoch 82/120  interaction=3.5373  marginal=0.0556
  [softmax/cosine] epoch 83/120  interaction=3.5211  marginal=0.0553
  [softmax/cosine] epoch 84/120  interaction=3.5034  marginal=0.0542
  [softmax/cosine] epoch 85/120  interaction=3.5082  marginal=0.0560
  [softmax/cosine] epoch 86/120  interaction=3.4887  marginal=0.0545
  [softmax/cosine] epoch 87/120  interaction=3.5018  marginal=0.0552
  [softmax/cosine] epoch 88/120  interaction=3.4904  marginal=0.0527
  [softmax/cosine] epoch 89/120  interaction=3.4624  marginal=0.0510
  [softmax/cosine] epoch 90/120  interaction=3.4745  marginal=0.0545
  [softmax/cosine] epoch 91/120  interaction=3.4550  marginal=0.0501
  [softmax/cosine] epoch 92/120  interaction=3.4567  marginal=0.0547
  [softmax/cosine] epoch 93/120  interaction=3.4607  marginal=0.0543
  [softmax/cosine] epoch 94/120  interaction=3.4435  marginal=0.0503
  [softmax/cosine] epoch 95/120  interaction=3.4249  marginal=0.0506
  [softmax/cosine] epoch 96/120  interaction=3.4294  marginal=0.0525
  [softmax/cosine] epoch 97/120  interaction=3.4224  marginal=0.0520
  [softmax/cosine] epoch 98/120  interaction=3.4120  marginal=0.0525
  [softmax/cosine] epoch 99/120  interaction=3.4002  marginal=0.0519
  [softmax/cosine] epoch 100/120  interaction=3.3908  marginal=0.0491
  [softmax/cosine] epoch 101/120  interaction=3.4019  marginal=0.0500
  [softmax/cosine] epoch 102/120  interaction=3.4038  marginal=0.0489
  [softmax/cosine] epoch 103/120  interaction=3.3874  marginal=0.0482
  [softmax/cosine] epoch 104/120  interaction=3.3729  marginal=0.0505
  [softmax/cosine] epoch 105/120  interaction=3.3748  marginal=0.0522
  [softmax/cosine] epoch 106/120  interaction=3.3701  marginal=0.0486
  [softmax/cosine] epoch 107/120  interaction=3.3427  marginal=0.0461
  [softmax/cosine] epoch 108/120  interaction=3.3505  marginal=0.0504
  [softmax/cosine] epoch 109/120  interaction=3.3474  marginal=0.0487
  [softmax/cosine] epoch 110/120  interaction=3.3365  marginal=0.0486
  [softmax/cosine] epoch 111/120  interaction=3.3199  marginal=0.0457
  [softmax/cosine] epoch 112/120  interaction=3.3153  marginal=0.0489
  [softmax/cosine] epoch 113/120  interaction=3.3144  marginal=0.0502
  [softmax/cosine] epoch 114/120  interaction=3.3085  marginal=0.0447
  [softmax/cosine] epoch 115/120  interaction=3.3117  marginal=0.0485
  [softmax/cosine] epoch 116/120  interaction=3.2889  marginal=0.0433
  [softmax/cosine] epoch 117/120  interaction=3.2894  marginal=0.0445
  [softmax/cosine] epoch 118/120  interaction=3.2961  marginal=0.0444
  [softmax/cosine] epoch 119/120  interaction=3.2799  marginal=0.0484
  [softmax/cosine] epoch 120/120  interaction=3.2804  marginal=0.0468
  [supcon_sigreg ] probe=0.7575+-0.0078 acc=0.5913 supAUC=0.9803 eucl=0.7670 mahaT=0.7508 mahaPC=0.6838

----- nplm_bilinear (augmentations only) -----
  [nplm/bilinear] epoch 1/120  interaction=341891121642.2323  marginal=0.8702
  [nplm/bilinear] epoch 2/120  interaction=5653025.0616  marginal=0.9154
  [nplm/bilinear] epoch 3/120  interaction=2570686501.8182  marginal=1.2603
  [nplm/bilinear] epoch 4/120  interaction=732973804.3636  marginal=1.1681
  [nplm/bilinear] epoch 5/120  interaction=33538765.8182  marginal=1.1245
  [nplm/bilinear] epoch 6/120  interaction=13852982.0000  marginal=1.1530
  [nplm/bilinear] epoch 7/120  interaction=10440613.8182  marginal=1.1395
  [nplm/bilinear] epoch 8/120  interaction=7641985.7045  marginal=1.0901
  [nplm/bilinear] epoch 9/120  interaction=361390.3601  marginal=1.0319
  [nplm/bilinear] epoch 10/120  interaction=4366.7604  marginal=0.8866
  [nplm/bilinear] epoch 11/120  interaction=218.9375  marginal=0.8196
  [nplm/bilinear] epoch 12/120  interaction=117.6922  marginal=0.8079
  [nplm/bilinear] epoch 13/120  interaction=88.9214  marginal=0.8062
  [nplm/bilinear] epoch 14/120  interaction=70.8612  marginal=0.7894
  [nplm/bilinear] epoch 15/120  interaction=58.4581  marginal=0.7954
  [nplm/bilinear] epoch 16/120  interaction=50.8722  marginal=0.7863
  [nplm/bilinear] epoch 17/120  interaction=44.3108  marginal=0.7876
  [nplm/bilinear] epoch 18/120  interaction=40.2027  marginal=0.7780
  [nplm/bilinear] epoch 19/120  interaction=31.6830  marginal=0.7697
  [nplm/bilinear] epoch 20/120  interaction=6.8710  marginal=0.7221
  [nplm/bilinear] epoch 21/120  interaction=0.5708  marginal=0.6906
  [nplm/bilinear] epoch 22/120  interaction=-0.2703  marginal=0.6814
  [nplm/bilinear] epoch 23/120  interaction=-0.5074  marginal=0.6725
  [nplm/bilinear] epoch 24/120  interaction=-0.6077  marginal=0.6697
  [nplm/bilinear] epoch 25/120  interaction=-0.6631  marginal=0.6693
  [nplm/bilinear] epoch 26/120  interaction=-0.7086  marginal=0.6631
  [nplm/bilinear] epoch 27/120  interaction=-0.7355  marginal=0.6726
  [nplm/bilinear] epoch 28/120  interaction=-0.7654  marginal=0.6603
  [nplm/bilinear] epoch 29/120  interaction=-0.7857  marginal=0.6549
  [nplm/bilinear] epoch 30/120  interaction=-0.8018  marginal=0.6606
  [nplm/bilinear] epoch 31/120  interaction=-0.8181  marginal=0.6511
  [nplm/bilinear] epoch 32/120  interaction=-0.8352  marginal=0.6476
  [nplm/bilinear] epoch 33/120  interaction=-0.8487  marginal=0.6479
  [nplm/bilinear] epoch 34/120  interaction=-0.8605  marginal=0.6512
  [nplm/bilinear] epoch 35/120  interaction=-0.8716  marginal=0.6429
  [nplm/bilinear] epoch 36/120  interaction=-0.8868  marginal=0.6473
  [nplm/bilinear] epoch 37/120  interaction=-0.8933  marginal=0.6436
  [nplm/bilinear] epoch 38/120  interaction=-0.8965  marginal=0.6452
  [nplm/bilinear] epoch 39/120  interaction=-0.9074  marginal=0.6419
  [nplm/bilinear] epoch 40/120  interaction=-0.9192  marginal=0.6348
  [nplm/bilinear] epoch 41/120  interaction=-0.9267  marginal=0.6363
  [nplm/bilinear] epoch 42/120  interaction=-0.9294  marginal=0.6355
  [nplm/bilinear] epoch 43/120  interaction=-0.9382  marginal=0.6298
  [nplm/bilinear] epoch 44/120  interaction=-0.9376  marginal=0.6298
  [nplm/bilinear] epoch 45/120  interaction=-0.9462  marginal=0.6397
  [nplm/bilinear] epoch 46/120  interaction=-0.9481  marginal=0.6288
  [nplm/bilinear] epoch 47/120  interaction=-0.9495  marginal=0.6314
  [nplm/bilinear] epoch 48/120  interaction=-0.9530  marginal=0.6324
  [nplm/bilinear] epoch 49/120  interaction=-0.9611  marginal=0.6277
  [nplm/bilinear] epoch 50/120  interaction=-0.9543  marginal=0.6303
  [nplm/bilinear] epoch 51/120  interaction=-0.9662  marginal=0.6307
  [nplm/bilinear] epoch 52/120  interaction=-0.9647  marginal=0.6237
  [nplm/bilinear] epoch 53/120  interaction=-0.9679  marginal=0.6245
  [nplm/bilinear] epoch 54/120  interaction=-0.9666  marginal=0.6253
  [nplm/bilinear] epoch 55/120  interaction=-0.9743  marginal=0.6306
  [nplm/bilinear] epoch 56/120  interaction=-0.9699  marginal=0.6248
  [nplm/bilinear] epoch 57/120  interaction=-0.9742  marginal=0.6241
  [nplm/bilinear] epoch 58/120  interaction=-0.9775  marginal=0.6210
  [nplm/bilinear] epoch 59/120  interaction=-0.9777  marginal=0.6263
  [nplm/bilinear] epoch 60/120  interaction=-0.9747  marginal=0.6255
  [nplm/bilinear] epoch 61/120  interaction=-0.9798  marginal=0.6234
  [nplm/bilinear] epoch 62/120  interaction=-0.9822  marginal=0.6238
  [nplm/bilinear] epoch 63/120  interaction=-0.9886  marginal=0.6189
  [nplm/bilinear] epoch 64/120  interaction=-0.9846  marginal=0.6199
  [nplm/bilinear] epoch 65/120  interaction=-0.9830  marginal=0.6162
  [nplm/bilinear] epoch 66/120  interaction=-0.9839  marginal=0.6221
  [nplm/bilinear] epoch 67/120  interaction=-0.9857  marginal=0.6192
  [nplm/bilinear] epoch 68/120  interaction=-0.9871  marginal=0.6209
  [nplm/bilinear] epoch 69/120  interaction=-0.9895  marginal=0.6196
  [nplm/bilinear] epoch 70/120  interaction=-0.9818  marginal=0.6196
  [nplm/bilinear] epoch 71/120  interaction=-0.9852  marginal=0.6200
  [nplm/bilinear] epoch 72/120  interaction=-0.9843  marginal=0.6218
  [nplm/bilinear] epoch 73/120  interaction=-0.9920  marginal=0.6248
  [nplm/bilinear] epoch 74/120  interaction=-0.9918  marginal=0.6170
  [nplm/bilinear] epoch 75/120  interaction=-0.9848  marginal=0.6230
  [nplm/bilinear] epoch 76/120  interaction=-0.9871  marginal=0.6138
  [nplm/bilinear] epoch 77/120  interaction=-0.9889  marginal=0.6170
  [nplm/bilinear] epoch 78/120  interaction=-0.9906  marginal=0.6191
  [nplm/bilinear] epoch 79/120  interaction=-0.9942  marginal=0.6242
  [nplm/bilinear] epoch 80/120  interaction=-0.9908  marginal=0.6194
  [nplm/bilinear] epoch 81/120  interaction=-0.9889  marginal=0.6188
  [nplm/bilinear] epoch 82/120  interaction=-0.9927  marginal=0.6239
  [nplm/bilinear] epoch 83/120  interaction=-0.9988  marginal=0.6257
  [nplm/bilinear] epoch 84/120  interaction=-0.9936  marginal=0.6212
  [nplm/bilinear] epoch 85/120  interaction=-0.9940  marginal=0.6220
  [nplm/bilinear] epoch 86/120  interaction=-0.9941  marginal=0.6143
  [nplm/bilinear] epoch 87/120  interaction=-0.9973  marginal=0.6204
  [nplm/bilinear] epoch 88/120  interaction=-0.9941  marginal=0.6171
  [nplm/bilinear] epoch 89/120  interaction=-0.9927  marginal=0.6183
  [nplm/bilinear] epoch 90/120  interaction=-0.9996  marginal=0.6211
  [nplm/bilinear] epoch 91/120  interaction=-0.9965  marginal=0.6192
  [nplm/bilinear] epoch 92/120  interaction=-0.9968  marginal=0.6213
  [nplm/bilinear] epoch 93/120  interaction=-0.9977  marginal=0.6167
  [nplm/bilinear] epoch 94/120  interaction=-1.0043  marginal=0.6151
  [nplm/bilinear] epoch 95/120  interaction=-0.9940  marginal=0.6135
  [nplm/bilinear] epoch 96/120  interaction=-0.9976  marginal=0.6121
  [nplm/bilinear] epoch 97/120  interaction=-1.0051  marginal=0.6190
  [nplm/bilinear] epoch 98/120  interaction=-0.9977  marginal=0.6209
  [nplm/bilinear] epoch 99/120  interaction=-0.9988  marginal=0.6197
  [nplm/bilinear] epoch 100/120  interaction=-0.9959  marginal=0.6246
  [nplm/bilinear] epoch 101/120  interaction=-1.0067  marginal=0.6158
  [nplm/bilinear] epoch 102/120  interaction=-1.0053  marginal=0.6219
  [nplm/bilinear] epoch 103/120  interaction=-1.0023  marginal=0.6135
  [nplm/bilinear] epoch 104/120  interaction=-1.0061  marginal=0.6157
  [nplm/bilinear] epoch 105/120  interaction=-1.0023  marginal=0.6214
  [nplm/bilinear] epoch 106/120  interaction=-1.0038  marginal=0.6220
  [nplm/bilinear] epoch 107/120  interaction=-1.0061  marginal=0.6154
  [nplm/bilinear] epoch 108/120  interaction=-1.0041  marginal=0.6189
  [nplm/bilinear] epoch 109/120  interaction=-1.0053  marginal=0.6183
  [nplm/bilinear] epoch 110/120  interaction=-1.0033  marginal=0.6206
  [nplm/bilinear] epoch 111/120  interaction=-1.0049  marginal=0.6195
  [nplm/bilinear] epoch 112/120  interaction=-1.0092  marginal=0.6162
  [nplm/bilinear] epoch 113/120  interaction=-1.0082  marginal=0.6211
  [nplm/bilinear] epoch 114/120  interaction=-1.0037  marginal=0.6168
  [nplm/bilinear] epoch 115/120  interaction=-1.0122  marginal=0.6216
  [nplm/bilinear] epoch 116/120  interaction=-1.0091  marginal=0.6195
  [nplm/bilinear] epoch 117/120  interaction=-1.0129  marginal=0.6187
  [nplm/bilinear] epoch 118/120  interaction=-1.0135  marginal=0.6191
  [nplm/bilinear] epoch 119/120  interaction=-1.0140  marginal=0.6167
  [nplm/bilinear] epoch 120/120  interaction=-1.0110  marginal=0.6182
  [nplm_bilinear ] probe=0.6843+-0.0058 acc=0.0927 supAUC=0.7324 eucl=0.5463 mahaT=0.6057 mahaPC=0.6132

----- nplm_distance (augmentations only) -----
  [nplm/distance] epoch 1/120  interaction=-0.4784  marginal=0.5125
  [nplm/distance] epoch 2/120  interaction=-0.6302  marginal=0.3423
  [nplm/distance] epoch 3/120  interaction=-0.6685  marginal=0.3075
  [nplm/distance] epoch 4/120  interaction=-0.7010  marginal=0.2817
  [nplm/distance] epoch 5/120  interaction=-0.7145  marginal=0.2720
  [nplm/distance] epoch 6/120  interaction=-0.7294  marginal=0.2676
  [nplm/distance] epoch 7/120  interaction=-0.7350  marginal=0.2555
  [nplm/distance] epoch 8/120  interaction=-0.7402  marginal=0.2584
  [nplm/distance] epoch 9/120  interaction=-0.7496  marginal=0.2578
  [nplm/distance] epoch 10/120  interaction=-0.7515  marginal=0.2520
  [nplm/distance] epoch 11/120  interaction=-0.7532  marginal=0.2435
  [nplm/distance] epoch 12/120  interaction=-0.7570  marginal=0.2349
  [nplm/distance] epoch 13/120  interaction=-0.7579  marginal=0.2149
  [nplm/distance] epoch 14/120  interaction=-0.7620  marginal=0.2278
  [nplm/distance] epoch 15/120  interaction=-0.7646  marginal=0.2233
  [nplm/distance] epoch 16/120  interaction=-0.7662  marginal=0.2222
  [nplm/distance] epoch 17/120  interaction=-0.7748  marginal=0.2199
  [nplm/distance] epoch 18/120  interaction=-0.7715  marginal=0.2146
  [nplm/distance] epoch 19/120  interaction=-0.7753  marginal=0.2205
  [nplm/distance] epoch 20/120  interaction=-0.7769  marginal=0.2108
  [nplm/distance] epoch 21/120  interaction=-0.7767  marginal=0.2178
  [nplm/distance] epoch 22/120  interaction=-0.7780  marginal=0.2072
  [nplm/distance] epoch 23/120  interaction=-0.7851  marginal=0.2118
  [nplm/distance] epoch 24/120  interaction=-0.7877  marginal=0.2033
  [nplm/distance] epoch 25/120  interaction=-0.7843  marginal=0.2067
  [nplm/distance] epoch 26/120  interaction=-0.7854  marginal=0.2087
  [nplm/distance] epoch 27/120  interaction=-0.7899  marginal=0.2085
  [nplm/distance] epoch 28/120  interaction=-0.7913  marginal=0.2149
  [nplm/distance] epoch 29/120  interaction=-0.7841  marginal=0.1949
  [nplm/distance] epoch 30/120  interaction=-0.7920  marginal=0.1961
  [nplm/distance] epoch 31/120  interaction=-0.7935  marginal=0.1953
  [nplm/distance] epoch 32/120  interaction=-0.7935  marginal=0.1913
  [nplm/distance] epoch 33/120  interaction=-0.7947  marginal=0.2000
  [nplm/distance] epoch 34/120  interaction=-0.7931  marginal=0.1937
  [nplm/distance] epoch 35/120  interaction=-0.7858  marginal=0.1947
  [nplm/distance] epoch 36/120  interaction=-0.8009  marginal=0.1987
  [nplm/distance] epoch 37/120  interaction=-0.7972  marginal=0.1927
  [nplm/distance] epoch 38/120  interaction=-0.7963  marginal=0.1838
  [nplm/distance] epoch 39/120  interaction=-0.7995  marginal=0.1969
  [nplm/distance] epoch 40/120  interaction=-0.7979  marginal=0.1915
  [nplm/distance] epoch 41/120  interaction=-0.7987  marginal=0.1818
  [nplm/distance] epoch 42/120  interaction=-0.8033  marginal=0.1881
  [nplm/distance] epoch 43/120  interaction=-0.8025  marginal=0.1899
  [nplm/distance] epoch 44/120  interaction=-0.8002  marginal=0.1860
  [nplm/distance] epoch 45/120  interaction=-0.7984  marginal=0.1910
  [nplm/distance] epoch 46/120  interaction=-0.8035  marginal=0.1862
  [nplm/distance] epoch 47/120  interaction=-0.8065  marginal=0.1861
  [nplm/distance] epoch 48/120  interaction=-0.8057  marginal=0.2035
  [nplm/distance] epoch 49/120  interaction=-0.7988  marginal=0.1941
  [nplm/distance] epoch 50/120  interaction=-0.8049  marginal=0.1846
  [nplm/distance] epoch 51/120  interaction=-0.8049  marginal=0.1901
  [nplm/distance] epoch 52/120  interaction=-0.8098  marginal=0.1950
  [nplm/distance] epoch 53/120  interaction=-0.8062  marginal=0.1805
  [nplm/distance] epoch 54/120  interaction=-0.8054  marginal=0.1767
  [nplm/distance] epoch 55/120  interaction=-0.8049  marginal=0.1712
  [nplm/distance] epoch 56/120  interaction=-0.8098  marginal=0.1842
  [nplm/distance] epoch 57/120  interaction=-0.8045  marginal=0.1739
  [nplm/distance] epoch 58/120  interaction=-0.8095  marginal=0.1817
  [nplm/distance] epoch 59/120  interaction=-0.8050  marginal=0.1731
  [nplm/distance] epoch 60/120  interaction=-0.8135  marginal=0.1839
  [nplm/distance] epoch 61/120  interaction=-0.8123  marginal=0.1810
  [nplm/distance] epoch 62/120  interaction=-0.8047  marginal=0.1702
  [nplm/distance] epoch 63/120  interaction=-0.8065  marginal=0.1693
  [nplm/distance] epoch 64/120  interaction=-0.8129  marginal=0.1670
  [nplm/distance] epoch 65/120  interaction=-0.8128  marginal=0.1739
  [nplm/distance] epoch 66/120  interaction=-0.8137  marginal=0.1777
  [nplm/distance] epoch 67/120  interaction=-0.8087  marginal=0.1720
  [nplm/distance] epoch 68/120  interaction=-0.8145  marginal=0.1814
  [nplm/distance] epoch 69/120  interaction=-0.8122  marginal=0.1716
  [nplm/distance] epoch 70/120  interaction=-0.8141  marginal=0.1758
  [nplm/distance] epoch 71/120  interaction=-0.8140  marginal=0.1716
  [nplm/distance] epoch 72/120  interaction=-0.8120  marginal=0.1727
  [nplm/distance] epoch 73/120  interaction=-0.8151  marginal=0.1756
  [nplm/distance] epoch 74/120  interaction=-0.8202  marginal=0.1705
  [nplm/distance] epoch 75/120  interaction=-0.8164  marginal=0.1652
  [nplm/distance] epoch 76/120  interaction=-0.8139  marginal=0.1704
  [nplm/distance] epoch 77/120  interaction=-0.8166  marginal=0.1711
  [nplm/distance] epoch 78/120  interaction=-0.8137  marginal=0.1700
  [nplm/distance] epoch 79/120  interaction=-0.8157  marginal=0.1700
  [nplm/distance] epoch 80/120  interaction=-0.8184  marginal=0.1749
  [nplm/distance] epoch 81/120  interaction=-0.8195  marginal=0.1681
  [nplm/distance] epoch 82/120  interaction=-0.8210  marginal=0.1698
  [nplm/distance] epoch 83/120  interaction=-0.8165  marginal=0.1725
  [nplm/distance] epoch 84/120  interaction=-0.8146  marginal=0.1609
  [nplm/distance] epoch 85/120  interaction=-0.8132  marginal=0.1597
  [nplm/distance] epoch 86/120  interaction=-0.8168  marginal=0.1643
  [nplm/distance] epoch 87/120  interaction=-0.8211  marginal=0.1751
  [nplm/distance] epoch 88/120  interaction=-0.8184  marginal=0.1664
  [nplm/distance] epoch 89/120  interaction=-0.8184  marginal=0.1681
  [nplm/distance] epoch 90/120  interaction=-0.8158  marginal=0.1649
  [nplm/distance] epoch 91/120  interaction=-0.8233  marginal=0.1596
  [nplm/distance] epoch 92/120  interaction=-0.8208  marginal=0.1601
  [nplm/distance] epoch 93/120  interaction=-0.8168  marginal=0.1608
  [nplm/distance] epoch 94/120  interaction=-0.8184  marginal=0.1624
  [nplm/distance] epoch 95/120  interaction=-0.8243  marginal=0.1643
  [nplm/distance] epoch 96/120  interaction=-0.8211  marginal=0.1720
  [nplm/distance] epoch 97/120  interaction=-0.8238  marginal=0.1643
  [nplm/distance] epoch 98/120  interaction=-0.8215  marginal=0.1646
  [nplm/distance] epoch 99/120  interaction=-0.8206  marginal=0.1719
  [nplm/distance] epoch 100/120  interaction=-0.8222  marginal=0.1623
  [nplm/distance] epoch 101/120  interaction=-0.8273  marginal=0.1667
  [nplm/distance] epoch 102/120  interaction=-0.8204  marginal=0.1666
  [nplm/distance] epoch 103/120  interaction=-0.8232  marginal=0.1633
  [nplm/distance] epoch 104/120  interaction=-0.8194  marginal=0.1591
  [nplm/distance] epoch 105/120  interaction=-0.8196  marginal=0.1631
  [nplm/distance] epoch 106/120  interaction=-0.8227  marginal=0.1624
  [nplm/distance] epoch 107/120  interaction=-0.8239  marginal=0.1598
  [nplm/distance] epoch 108/120  interaction=-0.8196  marginal=0.1645
  [nplm/distance] epoch 109/120  interaction=-0.8188  marginal=0.1556
  [nplm/distance] epoch 110/120  interaction=-0.8243  marginal=0.1633
  [nplm/distance] epoch 111/120  interaction=-0.8225  marginal=0.1586
  [nplm/distance] epoch 112/120  interaction=-0.8210  marginal=0.1584
  [nplm/distance] epoch 113/120  interaction=-0.8254  marginal=0.1607
  [nplm/distance] epoch 114/120  interaction=-0.8247  marginal=0.1663
  [nplm/distance] epoch 115/120  interaction=-0.8214  marginal=0.1542
  [nplm/distance] epoch 116/120  interaction=-0.8281  marginal=0.1569
  [nplm/distance] epoch 117/120  interaction=-0.8252  marginal=0.1565
  [nplm/distance] epoch 118/120  interaction=-0.8223  marginal=0.1539
  [nplm/distance] epoch 119/120  interaction=-0.8249  marginal=0.1616
  [nplm/distance] epoch 120/120  interaction=-0.8221  marginal=0.1615
  [nplm_distance ] probe=0.6878+-0.0101 acc=0.0737 supAUC=0.7208 eucl=0.4601 mahaT=0.5255 mahaPC=0.4811

----- nplm_sup_dist (labels) -----
  [nplm/distance] epoch 1/120  interaction=0.3020  marginal=0.7703
  [nplm/distance] epoch 2/120  interaction=-0.0958  marginal=0.7395
  [nplm/distance] epoch 3/120  interaction=-0.1966  marginal=0.6659
  [nplm/distance] epoch 4/120  interaction=-0.2493  marginal=0.6489
  [nplm/distance] epoch 5/120  interaction=-0.2847  marginal=0.6363
  [nplm/distance] epoch 6/120  interaction=-0.3080  marginal=0.6243
  [nplm/distance] epoch 7/120  interaction=-0.3249  marginal=0.5979
  [nplm/distance] epoch 8/120  interaction=-0.3381  marginal=0.5901
  [nplm/distance] epoch 9/120  interaction=-0.3514  marginal=0.5895
  [nplm/distance] epoch 10/120  interaction=-0.3580  marginal=0.5848
  [nplm/distance] epoch 11/120  interaction=-0.3691  marginal=0.5731
  [nplm/distance] epoch 12/120  interaction=-0.3726  marginal=0.5676
  [nplm/distance] epoch 13/120  interaction=-0.3729  marginal=0.5606
  [nplm/distance] epoch 14/120  interaction=-0.3873  marginal=0.5649
  [nplm/distance] epoch 15/120  interaction=-0.3840  marginal=0.5496
  [nplm/distance] epoch 16/120  interaction=-0.3855  marginal=0.5529
  [nplm/distance] epoch 17/120  interaction=-0.3949  marginal=0.5505
  [nplm/distance] epoch 18/120  interaction=-0.4066  marginal=0.5532
  [nplm/distance] epoch 19/120  interaction=-0.3970  marginal=0.5453
  [nplm/distance] epoch 20/120  interaction=-0.4057  marginal=0.5338
  [nplm/distance] epoch 21/120  interaction=-0.4113  marginal=0.5387
  [nplm/distance] epoch 22/120  interaction=-0.4132  marginal=0.5252
  [nplm/distance] epoch 23/120  interaction=-0.4185  marginal=0.5290
  [nplm/distance] epoch 24/120  interaction=-0.4163  marginal=0.5320
  [nplm/distance] epoch 25/120  interaction=-0.4272  marginal=0.5286
  [nplm/distance] epoch 26/120  interaction=-0.4145  marginal=0.5173
  [nplm/distance] epoch 27/120  interaction=-0.4238  marginal=0.5230
  [nplm/distance] epoch 28/120  interaction=-0.4242  marginal=0.5230
  [nplm/distance] epoch 29/120  interaction=-0.4342  marginal=0.5205
  [nplm/distance] epoch 30/120  interaction=-0.4282  marginal=0.5166
  [nplm/distance] epoch 31/120  interaction=-0.4326  marginal=0.5041
  [nplm/distance] epoch 32/120  interaction=-0.4376  marginal=0.5122
  [nplm/distance] epoch 33/120  interaction=-0.4362  marginal=0.5178
  [nplm/distance] epoch 34/120  interaction=-0.4359  marginal=0.5113
  [nplm/distance] epoch 35/120  interaction=-0.4442  marginal=0.5056
  [nplm/distance] epoch 36/120  interaction=-0.4424  marginal=0.4872
  [nplm/distance] epoch 37/120  interaction=-0.4418  marginal=0.5029
  [nplm/distance] epoch 38/120  interaction=-0.4475  marginal=0.5016
  [nplm/distance] epoch 39/120  interaction=-0.4533  marginal=0.5017
  [nplm/distance] epoch 40/120  interaction=-0.4393  marginal=0.5026
  [nplm/distance] epoch 41/120  interaction=-0.4537  marginal=0.5076
  [nplm/distance] epoch 42/120  interaction=-0.4479  marginal=0.5001
  [nplm/distance] epoch 43/120  interaction=-0.4513  marginal=0.4938
  [nplm/distance] epoch 44/120  interaction=-0.4564  marginal=0.4927
  [nplm/distance] epoch 45/120  interaction=-0.4453  marginal=0.5038
  [nplm/distance] epoch 46/120  interaction=-0.4558  marginal=0.4839
  [nplm/distance] epoch 47/120  interaction=-0.4555  marginal=0.4861
  [nplm/distance] epoch 48/120  interaction=-0.4643  marginal=0.4848
  [nplm/distance] epoch 49/120  interaction=-0.4615  marginal=0.4895
  [nplm/distance] epoch 50/120  interaction=-0.4658  marginal=0.4735
  [nplm/distance] epoch 51/120  interaction=-0.4560  marginal=0.4944
  [nplm/distance] epoch 52/120  interaction=-0.4623  marginal=0.4801
  [nplm/distance] epoch 53/120  interaction=-0.4582  marginal=0.4918
  [nplm/distance] epoch 54/120  interaction=-0.4588  marginal=0.4810
  [nplm/distance] epoch 55/120  interaction=-0.4672  marginal=0.4800
  [nplm/distance] epoch 56/120  interaction=-0.4671  marginal=0.4804
  [nplm/distance] epoch 57/120  interaction=-0.4708  marginal=0.4892
  [nplm/distance] epoch 58/120  interaction=-0.4600  marginal=0.4937
  [nplm/distance] epoch 59/120  interaction=-0.4664  marginal=0.4706
  [nplm/distance] epoch 60/120  interaction=-0.4697  marginal=0.4741
  [nplm/distance] epoch 61/120  interaction=-0.4673  marginal=0.4915
  [nplm/distance] epoch 62/120  interaction=-0.4691  marginal=0.4677
  [nplm/distance] epoch 63/120  interaction=-0.4674  marginal=0.4753
  [nplm/distance] epoch 64/120  interaction=-0.4738  marginal=0.4718
  [nplm/distance] epoch 65/120  interaction=-0.4782  marginal=0.4711
  [nplm/distance] epoch 66/120  interaction=-0.4746  marginal=0.4730
  [nplm/distance] epoch 67/120  interaction=-0.4762  marginal=0.4805
  [nplm/distance] epoch 68/120  interaction=-0.4789  marginal=0.4814
  [nplm/distance] epoch 69/120  interaction=-0.4847  marginal=0.4704
  [nplm/distance] epoch 70/120  interaction=-0.4835  marginal=0.4733
  [nplm/distance] epoch 71/120  interaction=-0.4836  marginal=0.4670
  [nplm/distance] epoch 72/120  interaction=-0.4883  marginal=0.4641
  [nplm/distance] epoch 73/120  interaction=-0.4790  marginal=0.4541
  [nplm/distance] epoch 74/120  interaction=-0.4797  marginal=0.4732
  [nplm/distance] epoch 75/120  interaction=-0.4862  marginal=0.4639
  [nplm/distance] epoch 76/120  interaction=-0.4834  marginal=0.4651
  [nplm/distance] epoch 77/120  interaction=-0.4824  marginal=0.4602
  [nplm/distance] epoch 78/120  interaction=-0.4934  marginal=0.4632
  [nplm/distance] epoch 79/120  interaction=-0.4922  marginal=0.4491
  [nplm/distance] epoch 80/120  interaction=-0.4949  marginal=0.4717
  [nplm/distance] epoch 81/120  interaction=-0.4870  marginal=0.4613
  [nplm/distance] epoch 82/120  interaction=-0.4917  marginal=0.4591
  [nplm/distance] epoch 83/120  interaction=-0.4903  marginal=0.4682
  [nplm/distance] epoch 84/120  interaction=-0.4952  marginal=0.4680
  [nplm/distance] epoch 85/120  interaction=-0.4907  marginal=0.4711
  [nplm/distance] epoch 86/120  interaction=-0.4965  marginal=0.4540
  [nplm/distance] epoch 87/120  interaction=-0.4890  marginal=0.4431
  [nplm/distance] epoch 88/120  interaction=-0.4869  marginal=0.4635
  [nplm/distance] epoch 89/120  interaction=-0.4937  marginal=0.4516
  [nplm/distance] epoch 90/120  interaction=-0.5004  marginal=0.4574
  [nplm/distance] epoch 91/120  interaction=-0.4936  marginal=0.4518
  [nplm/distance] epoch 92/120  interaction=-0.4978  marginal=0.4502
  [nplm/distance] epoch 93/120  interaction=-0.4912  marginal=0.4530
  [nplm/distance] epoch 94/120  interaction=-0.4918  marginal=0.4637
  [nplm/distance] epoch 95/120  interaction=-0.4996  marginal=0.4557
  [nplm/distance] epoch 96/120  interaction=-0.5016  marginal=0.4661
  [nplm/distance] epoch 97/120  interaction=-0.5021  marginal=0.4571
  [nplm/distance] epoch 98/120  interaction=-0.4980  marginal=0.4602
  [nplm/distance] epoch 99/120  interaction=-0.5029  marginal=0.4621
  [nplm/distance] epoch 100/120  interaction=-0.5044  marginal=0.4406
  [nplm/distance] epoch 101/120  interaction=-0.5054  marginal=0.4616
  [nplm/distance] epoch 102/120  interaction=-0.5009  marginal=0.4531
  [nplm/distance] epoch 103/120  interaction=-0.5051  marginal=0.4659
  [nplm/distance] epoch 104/120  interaction=-0.5074  marginal=0.4617
  [nplm/distance] epoch 105/120  interaction=-0.5094  marginal=0.4701
  [nplm/distance] epoch 106/120  interaction=-0.5052  marginal=0.4540
  [nplm/distance] epoch 107/120  interaction=-0.5098  marginal=0.4412
  [nplm/distance] epoch 108/120  interaction=-0.5029  marginal=0.4510
  [nplm/distance] epoch 109/120  interaction=-0.5108  marginal=0.4344
  [nplm/distance] epoch 110/120  interaction=-0.5134  marginal=0.4572
  [nplm/distance] epoch 111/120  interaction=-0.5117  marginal=0.4392
  [nplm/distance] epoch 112/120  interaction=-0.5180  marginal=0.4365
  [nplm/distance] epoch 113/120  interaction=-0.5128  marginal=0.4497
  [nplm/distance] epoch 114/120  interaction=-0.5095  marginal=0.4457
  [nplm/distance] epoch 115/120  interaction=-0.5174  marginal=0.4338
  [nplm/distance] epoch 116/120  interaction=-0.5155  marginal=0.4331
  [nplm/distance] epoch 117/120  interaction=-0.5083  marginal=0.4458
  [nplm/distance] epoch 118/120  interaction=-0.5154  marginal=0.4446
  [nplm/distance] epoch 119/120  interaction=-0.5143  marginal=0.4572
  [nplm/distance] epoch 120/120  interaction=-0.5241  marginal=0.4427
  [nplm_sup_dist ] probe=0.7214+-0.0102 acc=0.2273 supAUC=0.9330 eucl=0.6892 mahaT=0.6881 mahaPC=0.6699

===== performance / novelty table =====
  arm                        probe     acc  supAUC    eucl   mahaT  mahaPC
  simclr             0.6657+-0.0108  0.1607  0.8134  0.5754  0.5582  0.5357
  lejepa             0.7203+-0.0055  0.1233  0.7919  0.4641  0.5380  0.5626
  simclr_sigreg      0.7170+-0.0018  0.1663  0.8512  0.4172  0.4969  0.5468
  supcon             0.7492+-0.0108  0.5623  0.9682  0.7364  0.7242  0.5898
  supcon_sigreg      0.7575+-0.0078  0.5913  0.9803  0.7670  0.7508  0.6838
  nplm_bilinear      0.6843+-0.0058  0.0927  0.7324  0.5463  0.6057  0.6132
  nplm_distance      0.6878+-0.0101  0.0737  0.7208  0.4601  0.5255  0.4811
  nplm_sup_dist      0.7214+-0.0102  0.2273  0.9330  0.6892  0.6881  0.6699

===== gaussianity (seen classes, test set) =====
  metric                            simclr        lejepa simclr_sigreg        supcon supcon_sigreg nplm_bilinear nplm_distance nplm_sup_dist
  eig min (class cov)                0.000         0.000        -0.000        -0.000        -0.000        -0.000         0.000        -0.000
  eig max (class cov)              702.979        17.944        16.634        63.950        10.820         1.027        13.538         4.249
  eig cond worst                80299776.0   338232064.05115509997568.0556129255424.06309231460352.0849990713344.0   442171168.01345450409984.0
  class RMS min                      0.591         0.529         0.525         0.137         0.352         0.163         0.376         0.079
  class RMS mean                     1.275         0.818         0.886         0.329         0.524         0.201         0.652         0.135
  class RMS max                      4.819         0.946         1.085         1.686         0.827         0.236         0.879         0.367
  max |corr| (worst class)           0.996         0.964         0.935         0.983         0.959         0.969         0.997         1.000
  SW ratio mean                       4.47          1.69          1.38          2.64          1.48          1.58          2.62          2.58
  SW ratio worst                     20.11          3.02          3.05         12.94          2.97          3.52          6.07          9.79
  |skew| mean                        1.045         0.460         0.397         0.701         0.442         0.387         0.560         0.754
  |ex-kurt| mean                     3.081         0.852         0.741         1.969         0.922         0.889         1.177         1.581
  centroid dist min                   0.63          0.59          0.76          0.29          0.64          0.12          0.28          0.03
  centroid dist mean                  5.39          3.03          3.16          4.36          5.76          0.80          2.56          3.14
  separation (min d/RMS)              0.49          0.72          0.86          0.88          1.22          0.60          0.44          0.24
saved /home/pharris/sigreg/SuperSig/plots/exp51_probe_aircraft_dino_nplm-sup-ft.png

===== PRE power batteries (all statistics) =====
  [simclr] per-event pre power=0.072
  [simclr] sparker
    pre-spk f=0.003: power=0.000 [0.000,0.036] (0/50)
    pre-spk f=0.01: power=0.100 [0.058,0.162] (5/50)
    pre-spk f=0.02: power=0.060 [0.028,0.115] (3/50)
    pre-spk f=0.05: power=0.060 [0.028,0.115] (3/50)
    pre-spk f=0.1: power=0.080 [0.042,0.138] (4/50)
  [simclr] maha
    pre-maha f=0.003: power=0.100 [0.058,0.162] (5/50)
    pre-maha f=0.01: power=0.060 [0.028,0.115] (3/50)
    pre-maha f=0.02: power=0.060 [0.028,0.115] (3/50)
    pre-maha f=0.05: power=0.100 [0.058,0.162] (5/50)
    pre-maha f=0.1: power=0.080 [0.042,0.138] (4/50)
  [simclr] mmd
    pre-mmd f=0.003: power=0.040 [0.014,0.090] (2/50)
    pre-mmd f=0.01: power=0.020 [0.003,0.064] (1/50)
    pre-mmd f=0.02: power=0.000 [0.000,0.036] (0/50)
    pre-mmd f=0.05: power=0.000 [0.000,0.036] (0/50)
    pre-mmd f=0.1: power=0.000 [0.000,0.036] (0/50)
  [lejepa] per-event pre power=0.045
  [lejepa] sparker
    pre-spk f=0.003: power=0.100 [0.058,0.162] (5/50)
    pre-spk f=0.01: power=0.060 [0.028,0.115] (3/50)
    pre-spk f=0.02: power=0.160 [0.107,0.229] (8/50)
    pre-spk f=0.05: power=0.060 [0.028,0.115] (3/50)
    pre-spk f=0.1: power=0.140 [0.090,0.207] (7/50)
  [lejepa] maha
    pre-maha f=0.003: power=0.140 [0.090,0.207] (7/50)
    pre-maha f=0.01: power=0.060 [0.028,0.115] (3/50)
    pre-maha f=0.02: power=0.180 [0.124,0.251] (9/50)
    pre-maha f=0.05: power=0.180 [0.124,0.251] (9/50)
    pre-maha f=0.1: power=0.300 [0.231,0.378] (15/50)
  [lejepa] mmd
    pre-mmd f=0.003: power=0.100 [0.058,0.162] (5/50)
    pre-mmd f=0.01: power=0.100 [0.058,0.162] (5/50)
    pre-mmd f=0.02: power=0.020 [0.003,0.064] (1/50)
    pre-mmd f=0.05: power=0.020 [0.003,0.064] (1/50)
    pre-mmd f=0.1: power=0.080 [0.042,0.138] (4/50)
  [simclr_sigreg] per-event pre power=0.039
  [simclr_sigreg] sparker
    pre-spk f=0.003: power=0.040 [0.014,0.090] (2/50)
    pre-spk f=0.01: power=0.060 [0.028,0.115] (3/50)
    pre-spk f=0.02: power=0.040 [0.014,0.090] (2/50)
    pre-spk f=0.05: power=0.020 [0.003,0.064] (1/50)
    pre-spk f=0.1: power=0.220 [0.159,0.294] (11/50)
  [simclr_sigreg] maha
    pre-maha f=0.003: power=0.120 [0.074,0.184] (6/50)
    pre-maha f=0.01: power=0.080 [0.042,0.138] (4/50)
    pre-maha f=0.02: power=0.200 [0.141,0.273] (10/50)
    pre-maha f=0.05: power=0.140 [0.090,0.207] (7/50)
    pre-maha f=0.1: power=0.140 [0.090,0.207] (7/50)
  [simclr_sigreg] mmd
    pre-mmd f=0.003: power=0.060 [0.028,0.115] (3/50)
    pre-mmd f=0.01: power=0.100 [0.058,0.162] (5/50)
    pre-mmd f=0.02: power=0.020 [0.003,0.064] (1/50)
    pre-mmd f=0.05: power=0.120 [0.074,0.184] (6/50)
    pre-mmd f=0.1: power=0.320 [0.249,0.399] (16/50)
  [supcon] per-event pre power=0.183
  [supcon] sparker
    pre-spk f=0.003: power=0.020 [0.003,0.064] (1/50)
    pre-spk f=0.01: power=0.040 [0.014,0.090] (2/50)
    pre-spk f=0.02: power=0.140 [0.090,0.207] (7/50)
    pre-spk f=0.05: power=0.160 [0.107,0.229] (8/50)
    pre-spk f=0.1: power=0.360 [0.286,0.440] (18/50)
  [supcon] maha
    pre-maha f=0.003: power=0.020 [0.003,0.064] (1/50)
    pre-maha f=0.01: power=0.060 [0.028,0.115] (3/50)
    pre-maha f=0.02: power=0.100 [0.058,0.162] (5/50)
    pre-maha f=0.05: power=0.060 [0.028,0.115] (3/50)
    pre-maha f=0.1: power=0.400 [0.324,0.480] (20/50)
  [supcon] mmd
    pre-mmd f=0.003: power=0.100 [0.058,0.162] (5/50)
    pre-mmd f=0.01: power=0.060 [0.028,0.115] (3/50)
    pre-mmd f=0.02: power=0.060 [0.028,0.115] (3/50)
    pre-mmd f=0.05: power=0.000 [0.000,0.036] (0/50)
    pre-mmd f=0.1: power=0.020 [0.003,0.064] (1/50)
  [supcon_sigreg] per-event pre power=0.225
  [supcon_sigreg] sparker
    pre-spk f=0.003: power=0.060 [0.028,0.115] (3/50)
    pre-spk f=0.01: power=0.060 [0.028,0.115] (3/50)
    pre-spk f=0.02: power=0.140 [0.090,0.207] (7/50)
    pre-spk f=0.05: power=0.100 [0.058,0.162] (5/50)
    pre-spk f=0.1: power=0.400 [0.324,0.480] (20/50)
  [supcon_sigreg] maha
    pre-maha f=0.003: power=0.040 [0.014,0.090] (2/50)
    pre-maha f=0.01: power=0.120 [0.074,0.184] (6/50)
    pre-maha f=0.02: power=0.180 [0.124,0.251] (9/50)
    pre-maha f=0.05: power=0.220 [0.159,0.294] (11/50)
    pre-maha f=0.1: power=0.780 [0.706,0.841] (39/50)
  [supcon_sigreg] mmd
    pre-mmd f=0.003: power=0.120 [0.074,0.184] (6/50)
    pre-mmd f=0.01: power=0.080 [0.042,0.138] (4/50)
    pre-mmd f=0.02: power=0.100 [0.058,0.162] (5/50)
    pre-mmd f=0.05: power=0.160 [0.107,0.229] (8/50)
    pre-mmd f=0.1: power=0.720 [0.643,0.787] (36/50)
  [nplm_bilinear] per-event pre power=0.048
  [nplm_bilinear] sparker
    pre-spk f=0.003: power=0.080 [0.042,0.138] (4/50)
    pre-spk f=0.01: power=0.040 [0.014,0.090] (2/50)
    pre-spk f=0.02: power=0.080 [0.042,0.138] (4/50)
    pre-spk f=0.05: power=0.020 [0.003,0.064] (1/50)
    pre-spk f=0.1: power=0.100 [0.058,0.162] (5/50)
  [nplm_bilinear] maha
    pre-maha f=0.003: power=0.020 [0.003,0.064] (1/50)
    pre-maha f=0.01: power=0.040 [0.014,0.090] (2/50)
    pre-maha f=0.02: power=0.060 [0.028,0.115] (3/50)
    pre-maha f=0.05: power=0.040 [0.014,0.090] (2/50)
    pre-maha f=0.1: power=0.160 [0.107,0.229] (8/50)
  [nplm_bilinear] mmd
    pre-mmd f=0.003: power=0.060 [0.028,0.115] (3/50)
    pre-mmd f=0.01: power=0.000 [0.000,0.036] (0/50)
    pre-mmd f=0.02: power=0.040 [0.014,0.090] (2/50)
    pre-mmd f=0.05: power=0.000 [0.000,0.036] (0/50)
    pre-mmd f=0.1: power=0.040 [0.014,0.090] (2/50)
  [nplm_distance] per-event pre power=0.030
  [nplm_distance] sparker
    pre-spk f=0.003: power=0.100 [0.058,0.162] (5/50)
    pre-spk f=0.01: power=0.060 [0.028,0.115] (3/50)
    pre-spk f=0.02: power=0.060 [0.028,0.115] (3/50)
    pre-spk f=0.05: power=0.120 [0.074,0.184] (6/50)
    pre-spk f=0.1: power=0.100 [0.058,0.162] (5/50)
  [nplm_distance] maha
    pre-maha f=0.003: power=0.060 [0.028,0.115] (3/50)
    pre-maha f=0.01: power=0.040 [0.014,0.090] (2/50)
    pre-maha f=0.02: power=0.040 [0.014,0.090] (2/50)
    pre-maha f=0.05: power=0.060 [0.028,0.115] (3/50)
    pre-maha f=0.1: power=0.020 [0.003,0.064] (1/50)
  [nplm_distance] mmd
    pre-mmd f=0.003: power=0.040 [0.014,0.090] (2/50)
    pre-mmd f=0.01: power=0.020 [0.003,0.064] (1/50)
    pre-mmd f=0.02: power=0.040 [0.014,0.090] (2/50)
    pre-mmd f=0.05: power=0.000 [0.000,0.036] (0/50)
    pre-mmd f=0.1: power=0.080 [0.042,0.138] (4/50)
  [nplm_sup_dist] per-event pre power=0.174
  [nplm_sup_dist] sparker
    pre-spk f=0.003: power=0.080 [0.042,0.138] (4/50)
    pre-spk f=0.01: power=0.060 [0.028,0.115] (3/50)
    pre-spk f=0.02: power=0.100 [0.058,0.162] (5/50)
    pre-spk f=0.05: power=0.200 [0.141,0.273] (10/50)
    pre-spk f=0.1: power=0.740 [0.664,0.806] (37/50)
  [nplm_sup_dist] maha
    pre-maha f=0.003: power=0.020 [0.003,0.064] (1/50)
    pre-maha f=0.01: power=0.060 [0.028,0.115] (3/50)
    pre-maha f=0.02: power=0.140 [0.090,0.207] (7/50)
    pre-maha f=0.05: power=0.140 [0.090,0.207] (7/50)
    pre-maha f=0.1: power=0.500 [0.421,0.579] (25/50)
  [nplm_sup_dist] mmd
    pre-mmd f=0.003: power=0.100 [0.058,0.162] (5/50)
    pre-mmd f=0.01: power=0.020 [0.003,0.064] (1/50)
    pre-mmd f=0.02: power=0.040 [0.014,0.090] (2/50)
    pre-mmd f=0.05: power=0.220 [0.159,0.294] (11/50)
    pre-mmd f=0.1: power=0.860 [0.793,0.910] (43/50)

===== EXP51 PEREVENT PRE POWER (alpha=0.05) =====
  arm                 0.003     0.01     0.02     0.05      0.1
  simclr              0.072    0.072    0.072    0.072    0.072
  lejepa              0.045    0.045    0.045    0.045    0.045
  simclr_sigreg       0.039    0.039    0.039    0.039    0.039
  supcon              0.183    0.183    0.183    0.183    0.183
  supcon_sigreg       0.225    0.225    0.225    0.225    0.225
  nplm_bilinear       0.048    0.048    0.048    0.048    0.048
  nplm_distance       0.030    0.030    0.030    0.030    0.030
  nplm_sup_dist       0.174    0.174    0.174    0.174    0.174
  saved /home/pharris/sigreg/SuperSig/plots/exp51_perevent_power_aircraft_dino_nplm-sup-ft.png

===== EXP51 SPARKER PRE POWER (alpha=0.05) =====
  arm                 0.003     0.01     0.02     0.05      0.1
  simclr              0.000    0.100    0.060    0.060    0.080
  lejepa              0.100    0.060    0.160    0.060    0.140
  simclr_sigreg       0.040    0.060    0.040    0.020    0.220
  supcon              0.020    0.040    0.140    0.160    0.360
  supcon_sigreg       0.060    0.060    0.140    0.100    0.400
  nplm_bilinear       0.080    0.040    0.080    0.020    0.100
  nplm_distance       0.100    0.060    0.060    0.120    0.100
  nplm_sup_dist       0.080    0.060    0.100    0.200    0.740
  saved /home/pharris/sigreg/SuperSig/plots/exp51_sparker_power_aircraft_dino_nplm-sup-ft.png

===== EXP51 MAHA PRE POWER (alpha=0.05) =====
  arm                 0.003     0.01     0.02     0.05      0.1
  simclr              0.100    0.060    0.060    0.100    0.080
  lejepa              0.140    0.060    0.180    0.180    0.300
  simclr_sigreg       0.120    0.080    0.200    0.140    0.140
  supcon              0.020    0.060    0.100    0.060    0.400
  supcon_sigreg       0.040    0.120    0.180    0.220    0.780
  nplm_bilinear       0.020    0.040    0.060    0.040    0.160
  nplm_distance       0.060    0.040    0.040    0.060    0.020
  nplm_sup_dist       0.020    0.060    0.140    0.140    0.500
  saved /home/pharris/sigreg/SuperSig/plots/exp51_maha_power_aircraft_dino_nplm-sup-ft.png

===== EXP51 MMD PRE POWER (alpha=0.05) =====
  arm                 0.003     0.01     0.02     0.05      0.1
  simclr              0.040    0.020    0.000    0.000    0.000
  lejepa              0.100    0.100    0.020    0.020    0.080
  simclr_sigreg       0.060    0.100    0.020    0.120    0.320
  supcon              0.100    0.060    0.060    0.000    0.020
  supcon_sigreg       0.120    0.080    0.100    0.160    0.720
  nplm_bilinear       0.060    0.000    0.040    0.000    0.040
  nplm_distance       0.040    0.020    0.040    0.000    0.080
  nplm_sup_dist       0.100    0.020    0.040    0.220    0.860
  saved /home/pharris/sigreg/SuperSig/plots/exp51_mmd_power_aircraft_dino_nplm-sup-ft.png

===== EXP51 SUMMARY =====
  [simclr        ] probe=0.6657+-0.0108  acc=0.1607  eucl=0.5754  mahaT=0.5582
  [lejepa        ] probe=0.7203+-0.0055  acc=0.1233  eucl=0.4641  mahaT=0.5380
  [simclr_sigreg ] probe=0.7170+-0.0018  acc=0.1663  eucl=0.4172  mahaT=0.4969
  [supcon        ] probe=0.7492+-0.0108  acc=0.5623  eucl=0.7364  mahaT=0.7242
  [supcon_sigreg ] probe=0.7575+-0.0078  acc=0.5913  eucl=0.7670  mahaT=0.7508
  [nplm_bilinear ] probe=0.6843+-0.0058  acc=0.0927  eucl=0.5463  mahaT=0.6057
  [nplm_distance ] probe=0.6878+-0.0101  acc=0.0737  eucl=0.4601  mahaT=0.5255
  [nplm_sup_dist ] probe=0.7214+-0.0102  acc=0.2273  eucl=0.6892  mahaT=0.6881
Done.
