/home/pharris/venv/lib64/python3.9/site-packages/networkx/utils/backends.py:135: RuntimeWarning: networkx backend defined more than once: nx-loopback
  backends.update(_get_backends("networkx.backends"))
exp51 [aircraft_visreg] NPLM suite, dim=32, epochs=120, holdouts=[90, 91, 92, 93, 94, 95, 96, 97, 98, 99], lam=1.0, arms=['simclr', 'lejepa', 'simclr_sigreg', 'supcon', 'supcon_sigreg', 'nplm_bilinear', 'nplm_distance', 'nplm_sup_dist']
  train pool 6667 (seen bank 6000), test pool 3333 (333 holdout)

----- simclr (augmentations only) -----
  [simclr] epoch 1/120  loss=5.9647
  [simclr] epoch 2/120  loss=5.5629
  [simclr] epoch 3/120  loss=5.4240
  [simclr] epoch 4/120  loss=5.3659
  [simclr] epoch 5/120  loss=5.3329
  [simclr] epoch 6/120  loss=5.3078
  [simclr] epoch 7/120  loss=5.2850
  [simclr] epoch 8/120  loss=5.2668
  [simclr] epoch 9/120  loss=5.2501
  [simclr] epoch 10/120  loss=5.2472
  [simclr] epoch 11/120  loss=5.2422
  [simclr] epoch 12/120  loss=5.2253
  [simclr] epoch 13/120  loss=5.2193
  [simclr] epoch 14/120  loss=5.2144
  [simclr] epoch 15/120  loss=5.2152
  [simclr] epoch 16/120  loss=5.2058
  [simclr] epoch 17/120  loss=5.1983
  [simclr] epoch 18/120  loss=5.1946
  [simclr] epoch 19/120  loss=5.1920
  [simclr] epoch 20/120  loss=5.1861
  [simclr] epoch 21/120  loss=5.1769
  [simclr] epoch 22/120  loss=5.1772
  [simclr] epoch 23/120  loss=5.1778
  [simclr] epoch 24/120  loss=5.1785
  [simclr] epoch 25/120  loss=5.1789
  [simclr] epoch 26/120  loss=5.1743
  [simclr] epoch 27/120  loss=5.1647
  [simclr] epoch 28/120  loss=5.1668
  [simclr] epoch 29/120  loss=5.1612
  [simclr] epoch 30/120  loss=5.1590
  [simclr] epoch 31/120  loss=5.1599
  [simclr] epoch 32/120  loss=5.1579
  [simclr] epoch 33/120  loss=5.1548
  [simclr] epoch 34/120  loss=5.1510
  [simclr] epoch 35/120  loss=5.1475
  [simclr] epoch 36/120  loss=5.1498
  [simclr] epoch 37/120  loss=5.1461
  [simclr] epoch 38/120  loss=5.1448
  [simclr] epoch 39/120  loss=5.1468
  [simclr] epoch 40/120  loss=5.1482
  [simclr] epoch 41/120  loss=5.1476
  [simclr] epoch 42/120  loss=5.1440
  [simclr] epoch 43/120  loss=5.1360
  [simclr] epoch 44/120  loss=5.1391
  [simclr] epoch 45/120  loss=5.1428
  [simclr] epoch 46/120  loss=5.1349
  [simclr] epoch 47/120  loss=5.1388
  [simclr] epoch 48/120  loss=5.1365
  [simclr] epoch 49/120  loss=5.1335
  [simclr] epoch 50/120  loss=5.1307
  [simclr] epoch 51/120  loss=5.1261
  [simclr] epoch 52/120  loss=5.1332
  [simclr] epoch 53/120  loss=5.1373
  [simclr] epoch 54/120  loss=5.1321
  [simclr] epoch 55/120  loss=5.1287
  [simclr] epoch 56/120  loss=5.1259
  [simclr] epoch 57/120  loss=5.1269
  [simclr] epoch 58/120  loss=5.1237
  [simclr] epoch 59/120  loss=5.1255
  [simclr] epoch 60/120  loss=5.1242
  [simclr] epoch 61/120  loss=5.1251
  [simclr] epoch 62/120  loss=5.1215
  [simclr] epoch 63/120  loss=5.1202
  [simclr] epoch 64/120  loss=5.1196
  [simclr] epoch 65/120  loss=5.1216
  [simclr] epoch 66/120  loss=5.1219
  [simclr] epoch 67/120  loss=5.1181
  [simclr] epoch 68/120  loss=5.1188
  [simclr] epoch 69/120  loss=5.1155
  [simclr] epoch 70/120  loss=5.1172
  [simclr] epoch 71/120  loss=5.1189
  [simclr] epoch 72/120  loss=5.1154
  [simclr] epoch 73/120  loss=5.1109
  [simclr] epoch 74/120  loss=5.1125
  [simclr] epoch 75/120  loss=5.1140
  [simclr] epoch 76/120  loss=5.1202
  [simclr] epoch 77/120  loss=5.1142
  [simclr] epoch 78/120  loss=5.1094
  [simclr] epoch 79/120  loss=5.1113
  [simclr] epoch 80/120  loss=5.1120
  [simclr] epoch 81/120  loss=5.1112
  [simclr] epoch 82/120  loss=5.1110
  [simclr] epoch 83/120  loss=5.1104
  [simclr] epoch 84/120  loss=5.1113
  [simclr] epoch 85/120  loss=5.1097
  [simclr] epoch 86/120  loss=5.1129
  [simclr] epoch 87/120  loss=5.1084
  [simclr] epoch 88/120  loss=5.1081
  [simclr] epoch 89/120  loss=5.1067
  [simclr] epoch 90/120  loss=5.1093
  [simclr] epoch 91/120  loss=5.1078
  [simclr] epoch 92/120  loss=5.1067
  [simclr] epoch 93/120  loss=5.1030
  [simclr] epoch 94/120  loss=5.1051
  [simclr] epoch 95/120  loss=5.1037
  [simclr] epoch 96/120  loss=5.1031
  [simclr] epoch 97/120  loss=5.0994
  [simclr] epoch 98/120  loss=5.1041
  [simclr] epoch 99/120  loss=5.1019
  [simclr] epoch 100/120  loss=5.1016
  [simclr] epoch 101/120  loss=5.1027
  [simclr] epoch 102/120  loss=5.1014
  [simclr] epoch 103/120  loss=5.0991
  [simclr] epoch 104/120  loss=5.0977
  [simclr] epoch 105/120  loss=5.0969
  [simclr] epoch 106/120  loss=5.0982
  [simclr] epoch 107/120  loss=5.0951
  [simclr] epoch 108/120  loss=5.0984
  [simclr] epoch 109/120  loss=5.0983
  [simclr] epoch 110/120  loss=5.0970
  [simclr] epoch 111/120  loss=5.0943
  [simclr] epoch 112/120  loss=5.0979
  [simclr] epoch 113/120  loss=5.0988
  [simclr] epoch 114/120  loss=5.0985
  [simclr] epoch 115/120  loss=5.0952
  [simclr] epoch 116/120  loss=5.0946
  [simclr] epoch 117/120  loss=5.0928
  [simclr] epoch 118/120  loss=5.0930
  [simclr] epoch 119/120  loss=5.0912
  [simclr] epoch 120/120  loss=5.0957
  [simclr        ] probe=0.6675+-0.0021 acc=0.0877 supAUC=0.7374 eucl=0.5951 mahaT=0.5850 mahaPC=0.4953

----- lejepa (augmentations only) -----
  [sigreg-ssl] epoch 1/120  inv=0.0088  sigreg=0.4952
  [sigreg-ssl] epoch 2/120  inv=0.0211  sigreg=0.2557
  [sigreg-ssl] epoch 3/120  inv=0.0314  sigreg=0.2013
  [sigreg-ssl] epoch 4/120  inv=0.0320  sigreg=0.1700
  [sigreg-ssl] epoch 5/120  inv=0.0369  sigreg=0.1415
  [sigreg-ssl] epoch 6/120  inv=0.0398  sigreg=0.1215
  [sigreg-ssl] epoch 7/120  inv=0.0387  sigreg=0.1247
  [sigreg-ssl] epoch 8/120  inv=0.0379  sigreg=0.1150
  [sigreg-ssl] epoch 9/120  inv=0.0380  sigreg=0.1143
  [sigreg-ssl] epoch 10/120  inv=0.0369  sigreg=0.1129
  [sigreg-ssl] epoch 11/120  inv=0.0380  sigreg=0.1160
  [sigreg-ssl] epoch 12/120  inv=0.0374  sigreg=0.1121
  [sigreg-ssl] epoch 13/120  inv=0.0363  sigreg=0.1098
  [sigreg-ssl] epoch 14/120  inv=0.0360  sigreg=0.1099
  [sigreg-ssl] epoch 15/120  inv=0.0374  sigreg=0.1045
  [sigreg-ssl] epoch 16/120  inv=0.0363  sigreg=0.1044
  [sigreg-ssl] epoch 17/120  inv=0.0370  sigreg=0.1060
  [sigreg-ssl] epoch 18/120  inv=0.0344  sigreg=0.0914
  [sigreg-ssl] epoch 19/120  inv=0.0360  sigreg=0.0937
  [sigreg-ssl] epoch 20/120  inv=0.0365  sigreg=0.0940
  [sigreg-ssl] epoch 21/120  inv=0.0365  sigreg=0.0854
  [sigreg-ssl] epoch 22/120  inv=0.0365  sigreg=0.0924
  [sigreg-ssl] epoch 23/120  inv=0.0371  sigreg=0.0881
  [sigreg-ssl] epoch 24/120  inv=0.0361  sigreg=0.0875
  [sigreg-ssl] epoch 25/120  inv=0.0352  sigreg=0.0918
  [sigreg-ssl] epoch 26/120  inv=0.0382  sigreg=0.0831
  [sigreg-ssl] epoch 27/120  inv=0.0366  sigreg=0.0802
  [sigreg-ssl] epoch 28/120  inv=0.0384  sigreg=0.0799
  [sigreg-ssl] epoch 29/120  inv=0.0375  sigreg=0.0799
  [sigreg-ssl] epoch 30/120  inv=0.0390  sigreg=0.0744
  [sigreg-ssl] epoch 31/120  inv=0.0389  sigreg=0.0748
  [sigreg-ssl] epoch 32/120  inv=0.0365  sigreg=0.0723
  [sigreg-ssl] epoch 33/120  inv=0.0373  sigreg=0.0743
  [sigreg-ssl] epoch 34/120  inv=0.0359  sigreg=0.0808
  [sigreg-ssl] epoch 35/120  inv=0.0357  sigreg=0.0827
  [sigreg-ssl] epoch 36/120  inv=0.0373  sigreg=0.0714
  [sigreg-ssl] epoch 37/120  inv=0.0367  sigreg=0.0683
  [sigreg-ssl] epoch 38/120  inv=0.0378  sigreg=0.0713
  [sigreg-ssl] epoch 39/120  inv=0.0378  sigreg=0.0698
  [sigreg-ssl] epoch 40/120  inv=0.0364  sigreg=0.0720
  [sigreg-ssl] epoch 41/120  inv=0.0362  sigreg=0.0752
  [sigreg-ssl] epoch 42/120  inv=0.0367  sigreg=0.0756
  [sigreg-ssl] epoch 43/120  inv=0.0358  sigreg=0.0743
  [sigreg-ssl] epoch 44/120  inv=0.0373  sigreg=0.0710
  [sigreg-ssl] epoch 45/120  inv=0.0363  sigreg=0.0747
  [sigreg-ssl] epoch 46/120  inv=0.0361  sigreg=0.0698
  [sigreg-ssl] epoch 47/120  inv=0.0366  sigreg=0.0674
  [sigreg-ssl] epoch 48/120  inv=0.0364  sigreg=0.0654
  [sigreg-ssl] epoch 49/120  inv=0.0366  sigreg=0.0691
  [sigreg-ssl] epoch 50/120  inv=0.0365  sigreg=0.0675
  [sigreg-ssl] epoch 51/120  inv=0.0363  sigreg=0.0688
  [sigreg-ssl] epoch 52/120  inv=0.0369  sigreg=0.0679
  [sigreg-ssl] epoch 53/120  inv=0.0359  sigreg=0.0648
  [sigreg-ssl] epoch 54/120  inv=0.0360  sigreg=0.0661
  [sigreg-ssl] epoch 55/120  inv=0.0366  sigreg=0.0690
  [sigreg-ssl] epoch 56/120  inv=0.0362  sigreg=0.0643
  [sigreg-ssl] epoch 57/120  inv=0.0348  sigreg=0.0650
  [sigreg-ssl] epoch 58/120  inv=0.0357  sigreg=0.0640
  [sigreg-ssl] epoch 59/120  inv=0.0361  sigreg=0.0599
  [sigreg-ssl] epoch 60/120  inv=0.0362  sigreg=0.0638
  [sigreg-ssl] epoch 61/120  inv=0.0369  sigreg=0.0610
  [sigreg-ssl] epoch 62/120  inv=0.0368  sigreg=0.0615
  [sigreg-ssl] epoch 63/120  inv=0.0347  sigreg=0.0599
  [sigreg-ssl] epoch 64/120  inv=0.0359  sigreg=0.0607
  [sigreg-ssl] epoch 65/120  inv=0.0370  sigreg=0.0607
  [sigreg-ssl] epoch 66/120  inv=0.0355  sigreg=0.0646
  [sigreg-ssl] epoch 67/120  inv=0.0365  sigreg=0.0629
  [sigreg-ssl] epoch 68/120  inv=0.0350  sigreg=0.0620
  [sigreg-ssl] epoch 69/120  inv=0.0357  sigreg=0.0583
  [sigreg-ssl] epoch 70/120  inv=0.0360  sigreg=0.0584
  [sigreg-ssl] epoch 71/120  inv=0.0356  sigreg=0.0580
  [sigreg-ssl] epoch 72/120  inv=0.0350  sigreg=0.0579
  [sigreg-ssl] epoch 73/120  inv=0.0359  sigreg=0.0589
  [sigreg-ssl] epoch 74/120  inv=0.0353  sigreg=0.0571
  [sigreg-ssl] epoch 75/120  inv=0.0356  sigreg=0.0558
  [sigreg-ssl] epoch 76/120  inv=0.0353  sigreg=0.0584
  [sigreg-ssl] epoch 77/120  inv=0.0357  sigreg=0.0551
  [sigreg-ssl] epoch 78/120  inv=0.0366  sigreg=0.0571
  [sigreg-ssl] epoch 79/120  inv=0.0362  sigreg=0.0562
  [sigreg-ssl] epoch 80/120  inv=0.0344  sigreg=0.0543
  [sigreg-ssl] epoch 81/120  inv=0.0349  sigreg=0.0562
  [sigreg-ssl] epoch 82/120  inv=0.0351  sigreg=0.0592
  [sigreg-ssl] epoch 83/120  inv=0.0351  sigreg=0.0583
  [sigreg-ssl] epoch 84/120  inv=0.0344  sigreg=0.0572
  [sigreg-ssl] epoch 85/120  inv=0.0348  sigreg=0.0586
  [sigreg-ssl] epoch 86/120  inv=0.0345  sigreg=0.0549
  [sigreg-ssl] epoch 87/120  inv=0.0351  sigreg=0.0594
  [sigreg-ssl] epoch 88/120  inv=0.0349  sigreg=0.0592
  [sigreg-ssl] epoch 89/120  inv=0.0358  sigreg=0.0572
  [sigreg-ssl] epoch 90/120  inv=0.0351  sigreg=0.0562
  [sigreg-ssl] epoch 91/120  inv=0.0348  sigreg=0.0545
  [sigreg-ssl] epoch 92/120  inv=0.0343  sigreg=0.0547
  [sigreg-ssl] epoch 93/120  inv=0.0346  sigreg=0.0554
  [sigreg-ssl] epoch 94/120  inv=0.0327  sigreg=0.0577
  [sigreg-ssl] epoch 95/120  inv=0.0349  sigreg=0.0543
  [sigreg-ssl] epoch 96/120  inv=0.0362  sigreg=0.0522
  [sigreg-ssl] epoch 97/120  inv=0.0343  sigreg=0.0554
  [sigreg-ssl] epoch 98/120  inv=0.0342  sigreg=0.0564
  [sigreg-ssl] epoch 99/120  inv=0.0352  sigreg=0.0527
  [sigreg-ssl] epoch 100/120  inv=0.0347  sigreg=0.0541
  [sigreg-ssl] epoch 101/120  inv=0.0358  sigreg=0.0533
  [sigreg-ssl] epoch 102/120  inv=0.0340  sigreg=0.0551
  [sigreg-ssl] epoch 103/120  inv=0.0346  sigreg=0.0537
  [sigreg-ssl] epoch 104/120  inv=0.0342  sigreg=0.0536
  [sigreg-ssl] epoch 105/120  inv=0.0349  sigreg=0.0545
  [sigreg-ssl] epoch 106/120  inv=0.0339  sigreg=0.0516
  [sigreg-ssl] epoch 107/120  inv=0.0337  sigreg=0.0531
  [sigreg-ssl] epoch 108/120  inv=0.0345  sigreg=0.0505
  [sigreg-ssl] epoch 109/120  inv=0.0330  sigreg=0.0540
  [sigreg-ssl] epoch 110/120  inv=0.0343  sigreg=0.0535
  [sigreg-ssl] epoch 111/120  inv=0.0332  sigreg=0.0573
  [sigreg-ssl] epoch 112/120  inv=0.0334  sigreg=0.0509
  [sigreg-ssl] epoch 113/120  inv=0.0334  sigreg=0.0529
  [sigreg-ssl] epoch 114/120  inv=0.0345  sigreg=0.0546
  [sigreg-ssl] epoch 115/120  inv=0.0340  sigreg=0.0524
  [sigreg-ssl] epoch 116/120  inv=0.0343  sigreg=0.0504
  [sigreg-ssl] epoch 117/120  inv=0.0341  sigreg=0.0502
  [sigreg-ssl] epoch 118/120  inv=0.0340  sigreg=0.0510
  [sigreg-ssl] epoch 119/120  inv=0.0346  sigreg=0.0478
  [sigreg-ssl] epoch 120/120  inv=0.0333  sigreg=0.0540
  [lejepa        ] probe=0.6984+-0.0053 acc=0.0710 supAUC=0.7019 eucl=0.5219 mahaT=0.6025 mahaPC=0.5610

----- simclr_sigreg (augmentations only) -----
  [softmax/cosine] epoch 1/120  interaction=5.9555  marginal=0.5420
  [softmax/cosine] epoch 2/120  interaction=5.6426  marginal=0.2906
  [softmax/cosine] epoch 3/120  interaction=5.4860  marginal=0.1853
  [softmax/cosine] epoch 4/120  interaction=5.4333  marginal=0.1348
  [softmax/cosine] epoch 5/120  interaction=5.4070  marginal=0.1230
  [softmax/cosine] epoch 6/120  interaction=5.3840  marginal=0.1058
  [softmax/cosine] epoch 7/120  interaction=5.3655  marginal=0.0991
  [softmax/cosine] epoch 8/120  interaction=5.3519  marginal=0.0872
  [softmax/cosine] epoch 9/120  interaction=5.3367  marginal=0.0920
  [softmax/cosine] epoch 10/120  interaction=5.3289  marginal=0.0888
  [softmax/cosine] epoch 11/120  interaction=5.3190  marginal=0.0775
  [softmax/cosine] epoch 12/120  interaction=5.3040  marginal=0.0809
  [softmax/cosine] epoch 13/120  interaction=5.2962  marginal=0.0733
  [softmax/cosine] epoch 14/120  interaction=5.2922  marginal=0.0736
  [softmax/cosine] epoch 15/120  interaction=5.2866  marginal=0.0697
  [softmax/cosine] epoch 16/120  interaction=5.2803  marginal=0.0663
  [softmax/cosine] epoch 17/120  interaction=5.2765  marginal=0.0670
  [softmax/cosine] epoch 18/120  interaction=5.2701  marginal=0.0647
  [softmax/cosine] epoch 19/120  interaction=5.2742  marginal=0.0624
  [softmax/cosine] epoch 20/120  interaction=5.2688  marginal=0.0640
  [softmax/cosine] epoch 21/120  interaction=5.2740  marginal=0.0705
  [softmax/cosine] epoch 22/120  interaction=5.2635  marginal=0.0612
  [softmax/cosine] epoch 23/120  interaction=5.2549  marginal=0.0621
  [softmax/cosine] epoch 24/120  interaction=5.2591  marginal=0.0634
  [softmax/cosine] epoch 25/120  interaction=5.2540  marginal=0.0638
  [softmax/cosine] epoch 26/120  interaction=5.2543  marginal=0.0621
  [softmax/cosine] epoch 27/120  interaction=5.2469  marginal=0.0554
  [softmax/cosine] epoch 28/120  interaction=5.2458  marginal=0.0587
  [softmax/cosine] epoch 29/120  interaction=5.2400  marginal=0.0516
  [softmax/cosine] epoch 30/120  interaction=5.2398  marginal=0.0581
  [softmax/cosine] epoch 31/120  interaction=5.2378  marginal=0.0593
  [softmax/cosine] epoch 32/120  interaction=5.2335  marginal=0.0518
  [softmax/cosine] epoch 33/120  interaction=5.2319  marginal=0.0558
  [softmax/cosine] epoch 34/120  interaction=5.2300  marginal=0.0565
  [softmax/cosine] epoch 35/120  interaction=5.2198  marginal=0.0467
  [softmax/cosine] epoch 36/120  interaction=5.2187  marginal=0.0494
  [softmax/cosine] epoch 37/120  interaction=5.2157  marginal=0.0483
  [softmax/cosine] epoch 38/120  interaction=5.2091  marginal=0.0469
  [softmax/cosine] epoch 39/120  interaction=5.2145  marginal=0.0449
  [softmax/cosine] epoch 40/120  interaction=5.2092  marginal=0.0460
  [softmax/cosine] epoch 41/120  interaction=5.2073  marginal=0.0453
  [softmax/cosine] epoch 42/120  interaction=5.2043  marginal=0.0432
  [softmax/cosine] epoch 43/120  interaction=5.2099  marginal=0.0464
  [softmax/cosine] epoch 44/120  interaction=5.2065  marginal=0.0485
  [softmax/cosine] epoch 45/120  interaction=5.2014  marginal=0.0431
  [softmax/cosine] epoch 46/120  interaction=5.2030  marginal=0.0464
  [softmax/cosine] epoch 47/120  interaction=5.2036  marginal=0.0465
  [softmax/cosine] epoch 48/120  interaction=5.1988  marginal=0.0430
  [softmax/cosine] epoch 49/120  interaction=5.1973  marginal=0.0429
  [softmax/cosine] epoch 50/120  interaction=5.2003  marginal=0.0464
  [softmax/cosine] epoch 51/120  interaction=5.1904  marginal=0.0385
  [softmax/cosine] epoch 52/120  interaction=5.1924  marginal=0.0409
  [softmax/cosine] epoch 53/120  interaction=5.1952  marginal=0.0420
  [softmax/cosine] epoch 54/120  interaction=5.1931  marginal=0.0393
  [softmax/cosine] epoch 55/120  interaction=5.1972  marginal=0.0468
  [softmax/cosine] epoch 56/120  interaction=5.1937  marginal=0.0441
  [softmax/cosine] epoch 57/120  interaction=5.1957  marginal=0.0442
  [softmax/cosine] epoch 58/120  interaction=5.1924  marginal=0.0451
  [softmax/cosine] epoch 59/120  interaction=5.1883  marginal=0.0421
  [softmax/cosine] epoch 60/120  interaction=5.1834  marginal=0.0381
  [softmax/cosine] epoch 61/120  interaction=5.1806  marginal=0.0376
  [softmax/cosine] epoch 62/120  interaction=5.1853  marginal=0.0389
  [softmax/cosine] epoch 63/120  interaction=5.1792  marginal=0.0361
  [softmax/cosine] epoch 64/120  interaction=5.1805  marginal=0.0400
  [softmax/cosine] epoch 65/120  interaction=5.1748  marginal=0.0374
  [softmax/cosine] epoch 66/120  interaction=5.1770  marginal=0.0362
  [softmax/cosine] epoch 67/120  interaction=5.1787  marginal=0.0409
  [softmax/cosine] epoch 68/120  interaction=5.1766  marginal=0.0371
  [softmax/cosine] epoch 69/120  interaction=5.1712  marginal=0.0342
  [softmax/cosine] epoch 70/120  interaction=5.1712  marginal=0.0339
  [softmax/cosine] epoch 71/120  interaction=5.1669  marginal=0.0334
  [softmax/cosine] epoch 72/120  interaction=5.1713  marginal=0.0360
  [softmax/cosine] epoch 73/120  interaction=5.1672  marginal=0.0322
  [softmax/cosine] epoch 74/120  interaction=5.1680  marginal=0.0356
  [softmax/cosine] epoch 75/120  interaction=5.1670  marginal=0.0340
  [softmax/cosine] epoch 76/120  interaction=5.1681  marginal=0.0361
  [softmax/cosine] epoch 77/120  interaction=5.1755  marginal=0.0390
  [softmax/cosine] epoch 78/120  interaction=5.1659  marginal=0.0330
  [softmax/cosine] epoch 79/120  interaction=5.1649  marginal=0.0328
  [softmax/cosine] epoch 80/120  interaction=5.1660  marginal=0.0348
  [softmax/cosine] epoch 81/120  interaction=5.1662  marginal=0.0344
  [softmax/cosine] epoch 82/120  interaction=5.1660  marginal=0.0331
  [softmax/cosine] epoch 83/120  interaction=5.1595  marginal=0.0310
  [softmax/cosine] epoch 84/120  interaction=5.1598  marginal=0.0321
  [softmax/cosine] epoch 85/120  interaction=5.1591  marginal=0.0324
  [softmax/cosine] epoch 86/120  interaction=5.1592  marginal=0.0308
  [softmax/cosine] epoch 87/120  interaction=5.1578  marginal=0.0320
  [softmax/cosine] epoch 88/120  interaction=5.1528  marginal=0.0289
  [softmax/cosine] epoch 89/120  interaction=5.1572  marginal=0.0305
  [softmax/cosine] epoch 90/120  interaction=5.1545  marginal=0.0298
  [softmax/cosine] epoch 91/120  interaction=5.1518  marginal=0.0283
  [softmax/cosine] epoch 92/120  interaction=5.1561  marginal=0.0286
  [softmax/cosine] epoch 93/120  interaction=5.1601  marginal=0.0352
  [softmax/cosine] epoch 94/120  interaction=5.1587  marginal=0.0334
  [softmax/cosine] epoch 95/120  interaction=5.1525  marginal=0.0300
  [softmax/cosine] epoch 96/120  interaction=5.1538  marginal=0.0295
  [softmax/cosine] epoch 97/120  interaction=5.1533  marginal=0.0308
  [softmax/cosine] epoch 98/120  interaction=5.1541  marginal=0.0303
  [softmax/cosine] epoch 99/120  interaction=5.1573  marginal=0.0310
  [softmax/cosine] epoch 100/120  interaction=5.1539  marginal=0.0312
  [softmax/cosine] epoch 101/120  interaction=5.1536  marginal=0.0323
  [softmax/cosine] epoch 102/120  interaction=5.1526  marginal=0.0327
  [softmax/cosine] epoch 103/120  interaction=5.1530  marginal=0.0304
  [softmax/cosine] epoch 104/120  interaction=5.1484  marginal=0.0288
  [softmax/cosine] epoch 105/120  interaction=5.1499  marginal=0.0289
  [softmax/cosine] epoch 106/120  interaction=5.1506  marginal=0.0293
  [softmax/cosine] epoch 107/120  interaction=5.1463  marginal=0.0272
  [softmax/cosine] epoch 108/120  interaction=5.1439  marginal=0.0270
  [softmax/cosine] epoch 109/120  interaction=5.1454  marginal=0.0269
  [softmax/cosine] epoch 110/120  interaction=5.1468  marginal=0.0289
  [softmax/cosine] epoch 111/120  interaction=5.1493  marginal=0.0306
  [softmax/cosine] epoch 112/120  interaction=5.1481  marginal=0.0291
  [softmax/cosine] epoch 113/120  interaction=5.1466  marginal=0.0287
  [softmax/cosine] epoch 114/120  interaction=5.1493  marginal=0.0300
  [softmax/cosine] epoch 115/120  interaction=5.1451  marginal=0.0282
  [softmax/cosine] epoch 116/120  interaction=5.1452  marginal=0.0278
  [softmax/cosine] epoch 117/120  interaction=5.1480  marginal=0.0286
  [softmax/cosine] epoch 118/120  interaction=5.1421  marginal=0.0288
  [softmax/cosine] epoch 119/120  interaction=5.1442  marginal=0.0289
  [softmax/cosine] epoch 120/120  interaction=5.1420  marginal=0.0283
  [simclr_sigreg ] probe=0.6935+-0.0089 acc=0.0820 supAUC=0.7463 eucl=0.5048 mahaT=0.5651 mahaPC=0.5413

----- supcon (labels) -----
  [supcon] epoch 1/120  loss=6.8350
  [supcon] epoch 2/120  loss=6.7044
  [supcon] epoch 3/120  loss=6.5915
  [supcon] epoch 4/120  loss=6.4325
  [supcon] epoch 5/120  loss=6.3014
  [supcon] epoch 6/120  loss=6.2088
  [supcon] epoch 7/120  loss=6.0856
  [supcon] epoch 8/120  loss=5.9751
  [supcon] epoch 9/120  loss=5.9082
  [supcon] epoch 10/120  loss=5.8087
  [supcon] epoch 11/120  loss=5.8054
  [supcon] epoch 12/120  loss=5.7280
  [supcon] epoch 13/120  loss=5.6883
  [supcon] epoch 14/120  loss=5.6160
  [supcon] epoch 15/120  loss=5.5829
  [supcon] epoch 16/120  loss=5.5532
  [supcon] epoch 17/120  loss=5.5184
  [supcon] epoch 18/120  loss=5.4712
  [supcon] epoch 19/120  loss=5.4479
  [supcon] epoch 20/120  loss=5.3977
  [supcon] epoch 21/120  loss=5.3716
  [supcon] epoch 22/120  loss=5.3901
  [supcon] epoch 23/120  loss=5.3709
  [supcon] epoch 24/120  loss=5.3747
  [supcon] epoch 25/120  loss=5.3631
  [supcon] epoch 26/120  loss=5.2819
  [supcon] epoch 27/120  loss=5.2874
  [supcon] epoch 28/120  loss=5.2642
  [supcon] epoch 29/120  loss=5.2265
  [supcon] epoch 30/120  loss=5.1831
  [supcon] epoch 31/120  loss=5.1852
  [supcon] epoch 32/120  loss=5.1973
  [supcon] epoch 33/120  loss=5.1957
  [supcon] epoch 34/120  loss=5.1543
  [supcon] epoch 35/120  loss=5.1578
  [supcon] epoch 36/120  loss=5.1370
  [supcon] epoch 37/120  loss=5.1465
  [supcon] epoch 38/120  loss=5.1299
  [supcon] epoch 39/120  loss=5.1128
  [supcon] epoch 40/120  loss=5.1224
  [supcon] epoch 41/120  loss=5.0812
  [supcon] epoch 42/120  loss=5.0458
  [supcon] epoch 43/120  loss=5.0323
  [supcon] epoch 44/120  loss=5.0076
  [supcon] epoch 45/120  loss=5.0244
  [supcon] epoch 46/120  loss=5.0056
  [supcon] epoch 47/120  loss=4.9895
  [supcon] epoch 48/120  loss=4.9623
  [supcon] epoch 49/120  loss=4.9720
  [supcon] epoch 50/120  loss=5.0034
  [supcon] epoch 51/120  loss=4.9868
  [supcon] epoch 52/120  loss=4.9638
  [supcon] epoch 53/120  loss=4.9448
  [supcon] epoch 54/120  loss=4.9313
  [supcon] epoch 55/120  loss=4.9057
  [supcon] epoch 56/120  loss=4.9146
  [supcon] epoch 57/120  loss=4.8943
  [supcon] epoch 58/120  loss=4.8872
  [supcon] epoch 59/120  loss=4.8907
  [supcon] epoch 60/120  loss=4.8610
  [supcon] epoch 61/120  loss=4.8682
  [supcon] epoch 62/120  loss=4.8458
  [supcon] epoch 63/120  loss=4.8685
  [supcon] epoch 64/120  loss=4.8521
  [supcon] epoch 65/120  loss=4.8260
  [supcon] epoch 66/120  loss=4.8086
  [supcon] epoch 67/120  loss=4.8229
  [supcon] epoch 68/120  loss=4.8344
  [supcon] epoch 69/120  loss=4.8068
  [supcon] epoch 70/120  loss=4.7791
  [supcon] epoch 71/120  loss=4.7908
  [supcon] epoch 72/120  loss=4.7916
  [supcon] epoch 73/120  loss=4.7735
  [supcon] epoch 74/120  loss=4.7742
  [supcon] epoch 75/120  loss=4.7563
  [supcon] epoch 76/120  loss=4.7251
  [supcon] epoch 77/120  loss=4.7551
  [supcon] epoch 78/120  loss=4.7371
  [supcon] epoch 79/120  loss=4.7665
  [supcon] epoch 80/120  loss=4.7374
  [supcon] epoch 81/120  loss=4.7364
  [supcon] epoch 82/120  loss=4.7102
  [supcon] epoch 83/120  loss=4.7277
  [supcon] epoch 84/120  loss=4.6872
  [supcon] epoch 85/120  loss=4.6818
  [supcon] epoch 86/120  loss=4.6756
  [supcon] epoch 87/120  loss=4.6827
  [supcon] epoch 88/120  loss=4.6592
  [supcon] epoch 89/120  loss=4.6743
  [supcon] epoch 90/120  loss=4.6730
  [supcon] epoch 91/120  loss=4.6918
  [supcon] epoch 92/120  loss=4.6825
  [supcon] epoch 93/120  loss=4.6563
  [supcon] epoch 94/120  loss=4.6474
  [supcon] epoch 95/120  loss=4.6510
  [supcon] epoch 96/120  loss=4.6358
  [supcon] epoch 97/120  loss=4.6448
  [supcon] epoch 98/120  loss=4.6353
  [supcon] epoch 99/120  loss=4.6291
  [supcon] epoch 100/120  loss=4.6060
  [supcon] epoch 101/120  loss=4.5978
  [supcon] epoch 102/120  loss=4.5823
  [supcon] epoch 103/120  loss=4.5964
  [supcon] epoch 104/120  loss=4.6157
  [supcon] epoch 105/120  loss=4.5921
  [supcon] epoch 106/120  loss=4.5835
  [supcon] epoch 107/120  loss=4.5631
  [supcon] epoch 108/120  loss=4.5614
  [supcon] epoch 109/120  loss=4.5336
  [supcon] epoch 110/120  loss=4.5603
  [supcon] epoch 111/120  loss=4.5617
  [supcon] epoch 112/120  loss=4.5503
  [supcon] epoch 113/120  loss=4.5468
  [supcon] epoch 114/120  loss=4.5723
  [supcon] epoch 115/120  loss=4.5919
  [supcon] epoch 116/120  loss=4.5495
  [supcon] epoch 117/120  loss=4.5300
  [supcon] epoch 118/120  loss=4.5194
  [supcon] epoch 119/120  loss=4.5127
  [supcon] epoch 120/120  loss=4.5135
  [supcon        ] probe=0.7642+-0.0050 acc=0.4917 supAUC=0.9479 eucl=0.7337 mahaT=0.7042 mahaPC=0.5502

----- supcon_sigreg (labels) -----
  [softmax/cosine] epoch 1/120  interaction=6.8329  marginal=0.8939
  [softmax/cosine] epoch 2/120  interaction=6.6573  marginal=0.7647
  [softmax/cosine] epoch 3/120  interaction=6.5427  marginal=0.7036
  [softmax/cosine] epoch 4/120  interaction=6.4119  marginal=0.6604
  [softmax/cosine] epoch 5/120  interaction=6.2779  marginal=0.6215
  [softmax/cosine] epoch 6/120  interaction=6.1847  marginal=0.5921
  [softmax/cosine] epoch 7/120  interaction=6.1018  marginal=0.5563
  [softmax/cosine] epoch 8/120  interaction=6.0604  marginal=0.5307
  [softmax/cosine] epoch 9/120  interaction=6.0111  marginal=0.5204
  [softmax/cosine] epoch 10/120  interaction=5.9555  marginal=0.5091
  [softmax/cosine] epoch 11/120  interaction=5.9044  marginal=0.4872
  [softmax/cosine] epoch 12/120  interaction=5.8604  marginal=0.4693
  [softmax/cosine] epoch 13/120  interaction=5.8254  marginal=0.4546
  [softmax/cosine] epoch 14/120  interaction=5.8071  marginal=0.4389
  [softmax/cosine] epoch 15/120  interaction=5.7438  marginal=0.4218
  [softmax/cosine] epoch 16/120  interaction=5.7001  marginal=0.4237
  [softmax/cosine] epoch 17/120  interaction=5.7060  marginal=0.4172
  [softmax/cosine] epoch 18/120  interaction=5.7020  marginal=0.4164
  [softmax/cosine] epoch 19/120  interaction=5.6660  marginal=0.4039
  [softmax/cosine] epoch 20/120  interaction=5.6507  marginal=0.3870
  [softmax/cosine] epoch 21/120  interaction=5.6013  marginal=0.3774
  [softmax/cosine] epoch 22/120  interaction=5.5560  marginal=0.3590
  [softmax/cosine] epoch 23/120  interaction=5.5471  marginal=0.3591
  [softmax/cosine] epoch 24/120  interaction=5.5488  marginal=0.3594
  [softmax/cosine] epoch 25/120  interaction=5.5076  marginal=0.3416
  [softmax/cosine] epoch 26/120  interaction=5.4973  marginal=0.3348
  [softmax/cosine] epoch 27/120  interaction=5.4789  marginal=0.3313
  [softmax/cosine] epoch 28/120  interaction=5.4698  marginal=0.3132
  [softmax/cosine] epoch 29/120  interaction=5.4288  marginal=0.3156
  [softmax/cosine] epoch 30/120  interaction=5.4394  marginal=0.3086
  [softmax/cosine] epoch 31/120  interaction=5.4248  marginal=0.3014
  [softmax/cosine] epoch 32/120  interaction=5.3957  marginal=0.2980
  [softmax/cosine] epoch 33/120  interaction=5.3788  marginal=0.2977
  [softmax/cosine] epoch 34/120  interaction=5.3685  marginal=0.2850
  [softmax/cosine] epoch 35/120  interaction=5.3719  marginal=0.2853
  [softmax/cosine] epoch 36/120  interaction=5.3607  marginal=0.2806
  [softmax/cosine] epoch 37/120  interaction=5.3467  marginal=0.2866
  [softmax/cosine] epoch 38/120  interaction=5.3463  marginal=0.2693
  [softmax/cosine] epoch 39/120  interaction=5.3091  marginal=0.2699
  [softmax/cosine] epoch 40/120  interaction=5.2995  marginal=0.2666
  [softmax/cosine] epoch 41/120  interaction=5.2662  marginal=0.2563
  [softmax/cosine] epoch 42/120  interaction=5.2809  marginal=0.2586
  [softmax/cosine] epoch 43/120  interaction=5.3014  marginal=0.2515
  [softmax/cosine] epoch 44/120  interaction=5.2602  marginal=0.2517
  [softmax/cosine] epoch 45/120  interaction=5.2697  marginal=0.2553
  [softmax/cosine] epoch 46/120  interaction=5.2443  marginal=0.2394
  [softmax/cosine] epoch 47/120  interaction=5.2169  marginal=0.2368
  [softmax/cosine] epoch 48/120  interaction=5.2317  marginal=0.2427
  [softmax/cosine] epoch 49/120  interaction=5.2227  marginal=0.2402
  [softmax/cosine] epoch 50/120  interaction=5.1927  marginal=0.2383
  [softmax/cosine] epoch 51/120  interaction=5.1999  marginal=0.2396
  [softmax/cosine] epoch 52/120  interaction=5.1743  marginal=0.2345
  [softmax/cosine] epoch 53/120  interaction=5.1734  marginal=0.2329
  [softmax/cosine] epoch 54/120  interaction=5.1919  marginal=0.2295
  [softmax/cosine] epoch 55/120  interaction=5.1664  marginal=0.2290
  [softmax/cosine] epoch 56/120  interaction=5.1551  marginal=0.2175
  [softmax/cosine] epoch 57/120  interaction=5.1540  marginal=0.2147
  [softmax/cosine] epoch 58/120  interaction=5.1127  marginal=0.2155
  [softmax/cosine] epoch 59/120  interaction=5.1104  marginal=0.2149
  [softmax/cosine] epoch 60/120  interaction=5.0953  marginal=0.2109
  [softmax/cosine] epoch 61/120  interaction=5.0993  marginal=0.2051
  [softmax/cosine] epoch 62/120  interaction=5.0829  marginal=0.2155
  [softmax/cosine] epoch 63/120  interaction=5.0751  marginal=0.1986
  [softmax/cosine] epoch 64/120  interaction=5.0792  marginal=0.2095
  [softmax/cosine] epoch 65/120  interaction=5.0639  marginal=0.1979
  [softmax/cosine] epoch 66/120  interaction=5.0508  marginal=0.1983
  [softmax/cosine] epoch 67/120  interaction=5.0655  marginal=0.2045
  [softmax/cosine] epoch 68/120  interaction=5.0544  marginal=0.2056
  [softmax/cosine] epoch 69/120  interaction=5.0220  marginal=0.1883
  [softmax/cosine] epoch 70/120  interaction=5.0239  marginal=0.1914
  [softmax/cosine] epoch 71/120  interaction=5.0227  marginal=0.1915
  [softmax/cosine] epoch 72/120  interaction=5.0171  marginal=0.1907
  [softmax/cosine] epoch 73/120  interaction=5.0126  marginal=0.1940
  [softmax/cosine] epoch 74/120  interaction=4.9963  marginal=0.1920
  [softmax/cosine] epoch 75/120  interaction=4.9948  marginal=0.1809
  [softmax/cosine] epoch 76/120  interaction=4.9838  marginal=0.1803
  [softmax/cosine] epoch 77/120  interaction=4.9604  marginal=0.1839
  [softmax/cosine] epoch 78/120  interaction=4.9501  marginal=0.1842
  [softmax/cosine] epoch 79/120  interaction=4.9547  marginal=0.1751
  [softmax/cosine] epoch 80/120  interaction=4.9476  marginal=0.1754
  [softmax/cosine] epoch 81/120  interaction=4.9646  marginal=0.1917
  [softmax/cosine] epoch 82/120  interaction=4.9816  marginal=0.1916
  [softmax/cosine] epoch 83/120  interaction=4.9607  marginal=0.1865
  [softmax/cosine] epoch 84/120  interaction=4.9435  marginal=0.1839
  [softmax/cosine] epoch 85/120  interaction=4.9404  marginal=0.1748
  [softmax/cosine] epoch 86/120  interaction=4.9272  marginal=0.1836
  [softmax/cosine] epoch 87/120  interaction=4.9071  marginal=0.1806
  [softmax/cosine] epoch 88/120  interaction=4.9173  marginal=0.1754
  [softmax/cosine] epoch 89/120  interaction=4.9201  marginal=0.1754
  [softmax/cosine] epoch 90/120  interaction=4.8936  marginal=0.1744
  [softmax/cosine] epoch 91/120  interaction=4.8788  marginal=0.1673
  [softmax/cosine] epoch 92/120  interaction=4.8897  marginal=0.1676
  [softmax/cosine] epoch 93/120  interaction=4.8678  marginal=0.1699
  [softmax/cosine] epoch 94/120  interaction=4.8775  marginal=0.1642
  [softmax/cosine] epoch 95/120  interaction=4.8738  marginal=0.1592
  [softmax/cosine] epoch 96/120  interaction=4.8709  marginal=0.1693
  [softmax/cosine] epoch 97/120  interaction=4.8881  marginal=0.1746
  [softmax/cosine] epoch 98/120  interaction=4.8592  marginal=0.1636
  [softmax/cosine] epoch 99/120  interaction=4.8405  marginal=0.1573
  [softmax/cosine] epoch 100/120  interaction=4.8472  marginal=0.1506
  [softmax/cosine] epoch 101/120  interaction=4.8289  marginal=0.1585
  [softmax/cosine] epoch 102/120  interaction=4.8398  marginal=0.1642
  [softmax/cosine] epoch 103/120  interaction=4.8395  marginal=0.1697
  [softmax/cosine] epoch 104/120  interaction=4.8260  marginal=0.1617
  [softmax/cosine] epoch 105/120  interaction=4.8359  marginal=0.1679
  [softmax/cosine] epoch 106/120  interaction=4.8202  marginal=0.1607
  [softmax/cosine] epoch 107/120  interaction=4.8444  marginal=0.1725
  [softmax/cosine] epoch 108/120  interaction=4.8077  marginal=0.1578
  [softmax/cosine] epoch 109/120  interaction=4.7926  marginal=0.1500
  [softmax/cosine] epoch 110/120  interaction=4.8163  marginal=0.1524
  [softmax/cosine] epoch 111/120  interaction=4.7824  marginal=0.1537
  [softmax/cosine] epoch 112/120  interaction=4.7881  marginal=0.1594
  [softmax/cosine] epoch 113/120  interaction=4.7691  marginal=0.1481
  [softmax/cosine] epoch 114/120  interaction=4.7585  marginal=0.1494
  [softmax/cosine] epoch 115/120  interaction=4.7550  marginal=0.1466
  [softmax/cosine] epoch 116/120  interaction=4.7329  marginal=0.1477
  [softmax/cosine] epoch 117/120  interaction=4.7392  marginal=0.1424
  [softmax/cosine] epoch 118/120  interaction=4.7425  marginal=0.1489
  [softmax/cosine] epoch 119/120  interaction=4.7326  marginal=0.1380
  [softmax/cosine] epoch 120/120  interaction=4.7209  marginal=0.1334
  [supcon_sigreg ] probe=0.7371+-0.0090 acc=0.4280 supAUC=0.9646 eucl=0.7025 mahaT=0.6391 mahaPC=0.5878

----- nplm_bilinear (augmentations only) -----
  [nplm/bilinear] epoch 1/120  interaction=24.9683  marginal=0.9073
  [nplm/bilinear] epoch 2/120  interaction=0.4297  marginal=0.8847
  [nplm/bilinear] epoch 3/120  interaction=-0.1173  marginal=0.8291
  [nplm/bilinear] epoch 4/120  interaction=-0.4255  marginal=0.7696
  [nplm/bilinear] epoch 5/120  interaction=-0.5963  marginal=0.7233
  [nplm/bilinear] epoch 6/120  interaction=10697.4665  marginal=0.7035
  [nplm/bilinear] epoch 7/120  interaction=11466.3443  marginal=0.7147
  [nplm/bilinear] epoch 8/120  interaction=22.6555  marginal=0.7826
  [nplm/bilinear] epoch 9/120  interaction=87.3047  marginal=0.8098
  [nplm/bilinear] epoch 10/120  interaction=0.3180  marginal=0.7870
  [nplm/bilinear] epoch 11/120  interaction=-0.0084  marginal=0.7934
  [nplm/bilinear] epoch 12/120  interaction=-0.0831  marginal=0.7929
  [nplm/bilinear] epoch 13/120  interaction=-0.2284  marginal=0.7886
  [nplm/bilinear] epoch 14/120  interaction=-0.3328  marginal=0.7794
  [nplm/bilinear] epoch 15/120  interaction=-0.3926  marginal=0.7696
  [nplm/bilinear] epoch 16/120  interaction=-0.4429  marginal=0.7636
  [nplm/bilinear] epoch 17/120  interaction=-0.4737  marginal=0.7535
  [nplm/bilinear] epoch 18/120  interaction=-0.5062  marginal=0.7623
  [nplm/bilinear] epoch 19/120  interaction=-0.5220  marginal=0.7504
  [nplm/bilinear] epoch 20/120  interaction=-0.5401  marginal=0.7489
  [nplm/bilinear] epoch 21/120  interaction=-0.5567  marginal=0.7446
  [nplm/bilinear] epoch 22/120  interaction=-0.5640  marginal=0.7405
  [nplm/bilinear] epoch 23/120  interaction=-0.5790  marginal=0.7404
  [nplm/bilinear] epoch 24/120  interaction=-0.5876  marginal=0.7382
  [nplm/bilinear] epoch 25/120  interaction=-0.5959  marginal=0.7349
  [nplm/bilinear] epoch 26/120  interaction=-0.6026  marginal=0.7360
  [nplm/bilinear] epoch 27/120  interaction=-0.6136  marginal=0.7323
  [nplm/bilinear] epoch 28/120  interaction=-0.6182  marginal=0.7333
  [nplm/bilinear] epoch 29/120  interaction=-0.6263  marginal=0.7260
  [nplm/bilinear] epoch 30/120  interaction=-0.6311  marginal=0.7255
  [nplm/bilinear] epoch 31/120  interaction=-0.6402  marginal=0.7238
  [nplm/bilinear] epoch 32/120  interaction=-0.6523  marginal=0.7234
  [nplm/bilinear] epoch 33/120  interaction=-0.6422  marginal=0.7195
  [nplm/bilinear] epoch 34/120  interaction=-0.6590  marginal=0.7239
  [nplm/bilinear] epoch 35/120  interaction=-0.6560  marginal=0.7171
  [nplm/bilinear] epoch 36/120  interaction=-0.6744  marginal=0.7120
  [nplm/bilinear] epoch 37/120  interaction=-0.6821  marginal=0.7136
  [nplm/bilinear] epoch 38/120  interaction=-0.6871  marginal=0.7169
  [nplm/bilinear] epoch 39/120  interaction=-0.6978  marginal=0.7100
  [nplm/bilinear] epoch 40/120  interaction=-0.7079  marginal=0.7173
  [nplm/bilinear] epoch 41/120  interaction=-0.7153  marginal=0.7046
  [nplm/bilinear] epoch 42/120  interaction=-0.7295  marginal=0.7073
  [nplm/bilinear] epoch 43/120  interaction=-0.7507  marginal=0.7038
  [nplm/bilinear] epoch 44/120  interaction=-0.7711  marginal=0.7022
  [nplm/bilinear] epoch 45/120  interaction=-0.7906  marginal=0.6977
  [nplm/bilinear] epoch 46/120  interaction=-0.8212  marginal=0.6846
  [nplm/bilinear] epoch 47/120  interaction=-0.8287  marginal=0.6769
  [nplm/bilinear] epoch 48/120  interaction=-0.8368  marginal=0.6803
  [nplm/bilinear] epoch 49/120  interaction=-0.8496  marginal=0.6810
  [nplm/bilinear] epoch 50/120  interaction=-0.8407  marginal=0.6781
  [nplm/bilinear] epoch 51/120  interaction=-0.8498  marginal=0.6834
  [nplm/bilinear] epoch 52/120  interaction=-0.8660  marginal=0.6707
  [nplm/bilinear] epoch 53/120  interaction=-0.8717  marginal=0.6744
  [nplm/bilinear] epoch 54/120  interaction=-0.8773  marginal=0.6725
  [nplm/bilinear] epoch 55/120  interaction=-0.8859  marginal=0.6657
  [nplm/bilinear] epoch 56/120  interaction=-0.8869  marginal=0.6664
  [nplm/bilinear] epoch 57/120  interaction=-0.8934  marginal=0.6683
  [nplm/bilinear] epoch 58/120  interaction=-0.9051  marginal=0.6686
  [nplm/bilinear] epoch 59/120  interaction=-0.9041  marginal=0.6648
  [nplm/bilinear] epoch 60/120  interaction=-0.9125  marginal=0.6697
  [nplm/bilinear] epoch 61/120  interaction=-0.9108  marginal=0.6625
  [nplm/bilinear] epoch 62/120  interaction=-0.9198  marginal=0.6580
  [nplm/bilinear] epoch 63/120  interaction=-0.9151  marginal=0.6613
  [nplm/bilinear] epoch 64/120  interaction=-0.9281  marginal=0.6642
  [nplm/bilinear] epoch 65/120  interaction=-0.9357  marginal=0.6547
  [nplm/bilinear] epoch 66/120  interaction=-0.9382  marginal=0.6590
  [nplm/bilinear] epoch 67/120  interaction=-0.9373  marginal=0.6550
  [nplm/bilinear] epoch 68/120  interaction=-0.9509  marginal=0.6528
  [nplm/bilinear] epoch 69/120  interaction=-0.9535  marginal=0.6465
  [nplm/bilinear] epoch 70/120  interaction=-0.9612  marginal=0.6496
  [nplm/bilinear] epoch 71/120  interaction=-0.9506  marginal=0.6503
  [nplm/bilinear] epoch 72/120  interaction=-0.9638  marginal=0.6492
  [nplm/bilinear] epoch 73/120  interaction=-0.9718  marginal=0.6420
  [nplm/bilinear] epoch 74/120  interaction=-0.9721  marginal=0.6492
  [nplm/bilinear] epoch 75/120  interaction=-0.9790  marginal=0.6502
  [nplm/bilinear] epoch 76/120  interaction=-0.9711  marginal=0.6418
  [nplm/bilinear] epoch 77/120  interaction=-0.9870  marginal=0.6441
  [nplm/bilinear] epoch 78/120  interaction=-0.9904  marginal=0.6379
  [nplm/bilinear] epoch 79/120  interaction=-0.9988  marginal=0.6434
  [nplm/bilinear] epoch 80/120  interaction=-1.0039  marginal=0.6419
  [nplm/bilinear] epoch 81/120  interaction=-1.0012  marginal=0.6421
  [nplm/bilinear] epoch 82/120  interaction=-1.0073  marginal=0.6288
  [nplm/bilinear] epoch 83/120  interaction=-1.0239  marginal=0.6379
  [nplm/bilinear] epoch 84/120  interaction=-1.0132  marginal=0.6343
  [nplm/bilinear] epoch 85/120  interaction=-1.0158  marginal=0.6344
  [nplm/bilinear] epoch 86/120  interaction=-1.0325  marginal=0.6285
  [nplm/bilinear] epoch 87/120  interaction=-1.0432  marginal=0.6347
  [nplm/bilinear] epoch 88/120  interaction=-1.0444  marginal=0.6262
  [nplm/bilinear] epoch 89/120  interaction=-1.0443  marginal=0.6257
  [nplm/bilinear] epoch 90/120  interaction=-1.0727  marginal=0.6296
  [nplm/bilinear] epoch 91/120  interaction=-1.0886  marginal=0.6176
  [nplm/bilinear] epoch 92/120  interaction=-1.1030  marginal=0.6174
  [nplm/bilinear] epoch 93/120  interaction=-1.0994  marginal=0.6143
  [nplm/bilinear] epoch 94/120  interaction=-1.1175  marginal=0.6136
  [nplm/bilinear] epoch 95/120  interaction=-1.1170  marginal=0.6099
  [nplm/bilinear] epoch 96/120  interaction=-1.1244  marginal=0.6128
  [nplm/bilinear] epoch 97/120  interaction=-1.1496  marginal=0.6101
  [nplm/bilinear] epoch 98/120  interaction=-1.1678  marginal=0.6040
  [nplm/bilinear] epoch 99/120  interaction=-1.1765  marginal=0.6134
  [nplm/bilinear] epoch 100/120  interaction=-1.1914  marginal=0.5958
  [nplm/bilinear] epoch 101/120  interaction=-1.2040  marginal=0.6011
  [nplm/bilinear] epoch 102/120  interaction=-1.2173  marginal=0.5979
  [nplm/bilinear] epoch 103/120  interaction=-1.2137  marginal=0.5980
  [nplm/bilinear] epoch 104/120  interaction=-1.2185  marginal=0.5970
  [nplm/bilinear] epoch 105/120  interaction=-1.2230  marginal=0.5984
  [nplm/bilinear] epoch 106/120  interaction=-1.2442  marginal=0.5939
  [nplm/bilinear] epoch 107/120  interaction=-1.2333  marginal=0.5867
  [nplm/bilinear] epoch 108/120  interaction=-1.2293  marginal=0.5964
  [nplm/bilinear] epoch 109/120  interaction=-1.2527  marginal=0.5888
  [nplm/bilinear] epoch 110/120  interaction=-1.2609  marginal=0.5857
  [nplm/bilinear] epoch 111/120  interaction=-1.2706  marginal=0.5869
  [nplm/bilinear] epoch 112/120  interaction=-1.2524  marginal=0.5836
  [nplm/bilinear] epoch 113/120  interaction=-1.2486  marginal=0.5893
  [nplm/bilinear] epoch 114/120  interaction=-1.2780  marginal=0.5857
  [nplm/bilinear] epoch 115/120  interaction=-1.2942  marginal=0.5883
  [nplm/bilinear] epoch 116/120  interaction=-1.2802  marginal=0.5794
  [nplm/bilinear] epoch 117/120  interaction=-1.2857  marginal=0.5902
  [nplm/bilinear] epoch 118/120  interaction=-1.3047  marginal=0.5875
  [nplm/bilinear] epoch 119/120  interaction=-1.3061  marginal=0.5840
  [nplm/bilinear] epoch 120/120  interaction=-1.3085  marginal=0.5751
  [nplm_bilinear ] probe=0.6609+-0.0047 acc=0.0580 supAUC=0.6997 eucl=0.4886 mahaT=0.5972 mahaPC=0.5867

----- nplm_distance (augmentations only) -----
  [nplm/distance] epoch 1/120  interaction=-0.6619  marginal=0.4634
  [nplm/distance] epoch 2/120  interaction=-0.7560  marginal=0.3266
  [nplm/distance] epoch 3/120  interaction=-0.7714  marginal=0.2708
  [nplm/distance] epoch 4/120  interaction=-0.7854  marginal=0.2604
  [nplm/distance] epoch 5/120  interaction=-0.7837  marginal=0.2338
  [nplm/distance] epoch 6/120  interaction=-0.7884  marginal=0.2282
  [nplm/distance] epoch 7/120  interaction=-0.7936  marginal=0.2203
  [nplm/distance] epoch 8/120  interaction=-0.7953  marginal=0.2278
  [nplm/distance] epoch 9/120  interaction=-0.7983  marginal=0.2077
  [nplm/distance] epoch 10/120  interaction=-0.8045  marginal=0.2047
  [nplm/distance] epoch 11/120  interaction=-0.8063  marginal=0.2120
  [nplm/distance] epoch 12/120  interaction=-0.8077  marginal=0.2096
  [nplm/distance] epoch 13/120  interaction=-0.8072  marginal=0.1957
  [nplm/distance] epoch 14/120  interaction=-0.8129  marginal=0.2044
  [nplm/distance] epoch 15/120  interaction=-0.8116  marginal=0.2088
  [nplm/distance] epoch 16/120  interaction=-0.8084  marginal=0.1952
  [nplm/distance] epoch 17/120  interaction=-0.8105  marginal=0.1988
  [nplm/distance] epoch 18/120  interaction=-0.8147  marginal=0.1951
  [nplm/distance] epoch 19/120  interaction=-0.8127  marginal=0.1808
  [nplm/distance] epoch 20/120  interaction=-0.8202  marginal=0.1870
  [nplm/distance] epoch 21/120  interaction=-0.8184  marginal=0.1772
  [nplm/distance] epoch 22/120  interaction=-0.8257  marginal=0.1857
  [nplm/distance] epoch 23/120  interaction=-0.8169  marginal=0.1938
  [nplm/distance] epoch 24/120  interaction=-0.8199  marginal=0.1873
  [nplm/distance] epoch 25/120  interaction=-0.8214  marginal=0.1846
  [nplm/distance] epoch 26/120  interaction=-0.8162  marginal=0.1753
  [nplm/distance] epoch 27/120  interaction=-0.8232  marginal=0.1860
  [nplm/distance] epoch 28/120  interaction=-0.8200  marginal=0.1760
  [nplm/distance] epoch 29/120  interaction=-0.8233  marginal=0.1758
  [nplm/distance] epoch 30/120  interaction=-0.8253  marginal=0.1756
  [nplm/distance] epoch 31/120  interaction=-0.8297  marginal=0.1727
  [nplm/distance] epoch 32/120  interaction=-0.8246  marginal=0.1717
  [nplm/distance] epoch 33/120  interaction=-0.8319  marginal=0.1767
  [nplm/distance] epoch 34/120  interaction=-0.8285  marginal=0.1814
  [nplm/distance] epoch 35/120  interaction=-0.8271  marginal=0.1739
  [nplm/distance] epoch 36/120  interaction=-0.8298  marginal=0.1817
  [nplm/distance] epoch 37/120  interaction=-0.8290  marginal=0.1697
  [nplm/distance] epoch 38/120  interaction=-0.8238  marginal=0.1637
  [nplm/distance] epoch 39/120  interaction=-0.8294  marginal=0.1620
  [nplm/distance] epoch 40/120  interaction=-0.8333  marginal=0.1732
  [nplm/distance] epoch 41/120  interaction=-0.8318  marginal=0.1721
  [nplm/distance] epoch 42/120  interaction=-0.8330  marginal=0.1683
  [nplm/distance] epoch 43/120  interaction=-0.8302  marginal=0.1592
  [nplm/distance] epoch 44/120  interaction=-0.8327  marginal=0.1738
  [nplm/distance] epoch 45/120  interaction=-0.8349  marginal=0.1674
  [nplm/distance] epoch 46/120  interaction=-0.8388  marginal=0.1613
  [nplm/distance] epoch 47/120  interaction=-0.8350  marginal=0.1631
  [nplm/distance] epoch 48/120  interaction=-0.8295  marginal=0.1627
  [nplm/distance] epoch 49/120  interaction=-0.8335  marginal=0.1695
  [nplm/distance] epoch 50/120  interaction=-0.8346  marginal=0.1581
  [nplm/distance] epoch 51/120  interaction=-0.8378  marginal=0.1596
  [nplm/distance] epoch 52/120  interaction=-0.8337  marginal=0.1589
  [nplm/distance] epoch 53/120  interaction=-0.8361  marginal=0.1622
  [nplm/distance] epoch 54/120  interaction=-0.8369  marginal=0.1602
  [nplm/distance] epoch 55/120  interaction=-0.8321  marginal=0.1520
  [nplm/distance] epoch 56/120  interaction=-0.8392  marginal=0.1592
  [nplm/distance] epoch 57/120  interaction=-0.8368  marginal=0.1632
  [nplm/distance] epoch 58/120  interaction=-0.8363  marginal=0.1629
  [nplm/distance] epoch 59/120  interaction=-0.8411  marginal=0.1551
  [nplm/distance] epoch 60/120  interaction=-0.8399  marginal=0.1538
  [nplm/distance] epoch 61/120  interaction=-0.8394  marginal=0.1561
  [nplm/distance] epoch 62/120  interaction=-0.8421  marginal=0.1606
  [nplm/distance] epoch 63/120  interaction=-0.8416  marginal=0.1532
  [nplm/distance] epoch 64/120  interaction=-0.8391  marginal=0.1452
  [nplm/distance] epoch 65/120  interaction=-0.8427  marginal=0.1556
  [nplm/distance] epoch 66/120  interaction=-0.8396  marginal=0.1490
  [nplm/distance] epoch 67/120  interaction=-0.8421  marginal=0.1618
  [nplm/distance] epoch 68/120  interaction=-0.8444  marginal=0.1670
  [nplm/distance] epoch 69/120  interaction=-0.8425  marginal=0.1644
  [nplm/distance] epoch 70/120  interaction=-0.8357  marginal=0.1469
  [nplm/distance] epoch 71/120  interaction=-0.8377  marginal=0.1522
  [nplm/distance] epoch 72/120  interaction=-0.8414  marginal=0.1563
  [nplm/distance] epoch 73/120  interaction=-0.8403  marginal=0.1588
  [nplm/distance] epoch 74/120  interaction=-0.8407  marginal=0.1563
  [nplm/distance] epoch 75/120  interaction=-0.8422  marginal=0.1472
  [nplm/distance] epoch 76/120  interaction=-0.8469  marginal=0.1489
  [nplm/distance] epoch 77/120  interaction=-0.8418  marginal=0.1490
  [nplm/distance] epoch 78/120  interaction=-0.8435  marginal=0.1467
  [nplm/distance] epoch 79/120  interaction=-0.8460  marginal=0.1507
  [nplm/distance] epoch 80/120  interaction=-0.8478  marginal=0.1586
  [nplm/distance] epoch 81/120  interaction=-0.8472  marginal=0.1566
  [nplm/distance] epoch 82/120  interaction=-0.8473  marginal=0.1510
  [nplm/distance] epoch 83/120  interaction=-0.8493  marginal=0.1475
  [nplm/distance] epoch 84/120  interaction=-0.8462  marginal=0.1526
  [nplm/distance] epoch 85/120  interaction=-0.8481  marginal=0.1443
  [nplm/distance] epoch 86/120  interaction=-0.8492  marginal=0.1496
  [nplm/distance] epoch 87/120  interaction=-0.8465  marginal=0.1493
  [nplm/distance] epoch 88/120  interaction=-0.8501  marginal=0.1536
  [nplm/distance] epoch 89/120  interaction=-0.8487  marginal=0.1549
  [nplm/distance] epoch 90/120  interaction=-0.8453  marginal=0.1483
  [nplm/distance] epoch 91/120  interaction=-0.8471  marginal=0.1472
  [nplm/distance] epoch 92/120  interaction=-0.8418  marginal=0.1466
  [nplm/distance] epoch 93/120  interaction=-0.8495  marginal=0.1378
  [nplm/distance] epoch 94/120  interaction=-0.8471  marginal=0.1438
  [nplm/distance] epoch 95/120  interaction=-0.8481  marginal=0.1481
  [nplm/distance] epoch 96/120  interaction=-0.8533  marginal=0.1394
  [nplm/distance] epoch 97/120  interaction=-0.8481  marginal=0.1404
  [nplm/distance] epoch 98/120  interaction=-0.8483  marginal=0.1551
  [nplm/distance] epoch 99/120  interaction=-0.8475  marginal=0.1521
  [nplm/distance] epoch 100/120  interaction=-0.8507  marginal=0.1471
  [nplm/distance] epoch 101/120  interaction=-0.8458  marginal=0.1387
  [nplm/distance] epoch 102/120  interaction=-0.8497  marginal=0.1442
  [nplm/distance] epoch 103/120  interaction=-0.8539  marginal=0.1431
  [nplm/distance] epoch 104/120  interaction=-0.8579  marginal=0.1415
  [nplm/distance] epoch 105/120  interaction=-0.8507  marginal=0.1362
  [nplm/distance] epoch 106/120  interaction=-0.8496  marginal=0.1522
  [nplm/distance] epoch 107/120  interaction=-0.8479  marginal=0.1467
  [nplm/distance] epoch 108/120  interaction=-0.8492  marginal=0.1465
  [nplm/distance] epoch 109/120  interaction=-0.8501  marginal=0.1443
  [nplm/distance] epoch 110/120  interaction=-0.8528  marginal=0.1480
  [nplm/distance] epoch 111/120  interaction=-0.8516  marginal=0.1375
  [nplm/distance] epoch 112/120  interaction=-0.8546  marginal=0.1343
  [nplm/distance] epoch 113/120  interaction=-0.8541  marginal=0.1366
  [nplm/distance] epoch 114/120  interaction=-0.8560  marginal=0.1410
  [nplm/distance] epoch 115/120  interaction=-0.8505  marginal=0.1427
  [nplm/distance] epoch 116/120  interaction=-0.8560  marginal=0.1369
  [nplm/distance] epoch 117/120  interaction=-0.8498  marginal=0.1426
  [nplm/distance] epoch 118/120  interaction=-0.8524  marginal=0.1427
  [nplm/distance] epoch 119/120  interaction=-0.8561  marginal=0.1474
  [nplm/distance] epoch 120/120  interaction=-0.8492  marginal=0.1390
  [nplm_distance ] probe=0.6476+-0.0006 acc=0.0560 supAUC=0.6700 eucl=0.5043 mahaT=0.5731 mahaPC=0.5217

----- nplm_sup_dist (labels) -----
  [nplm/distance] epoch 1/120  interaction=-0.0142  marginal=0.8083
  [nplm/distance] epoch 2/120  interaction=-0.0841  marginal=0.7483
  [nplm/distance] epoch 3/120  interaction=-0.1262  marginal=0.7232
  [nplm/distance] epoch 4/120  interaction=-0.1605  marginal=0.7101
  [nplm/distance] epoch 5/120  interaction=-0.1855  marginal=0.6970
  [nplm/distance] epoch 6/120  interaction=-0.2139  marginal=0.6746
  [nplm/distance] epoch 7/120  interaction=-0.2233  marginal=0.6723
  [nplm/distance] epoch 8/120  interaction=-0.2398  marginal=0.6466
  [nplm/distance] epoch 9/120  interaction=-0.2560  marginal=0.6624
  [nplm/distance] epoch 10/120  interaction=-0.2619  marginal=0.6576
  [nplm/distance] epoch 11/120  interaction=-0.2672  marginal=0.6438
  [nplm/distance] epoch 12/120  interaction=-0.2719  marginal=0.6411
  [nplm/distance] epoch 13/120  interaction=-0.2792  marginal=0.6428
  [nplm/distance] epoch 14/120  interaction=-0.2959  marginal=0.6299
  [nplm/distance] epoch 15/120  interaction=-0.2968  marginal=0.6339
  [nplm/distance] epoch 16/120  interaction=-0.2950  marginal=0.6242
  [nplm/distance] epoch 17/120  interaction=-0.3022  marginal=0.6231
  [nplm/distance] epoch 18/120  interaction=-0.3091  marginal=0.6095
  [nplm/distance] epoch 19/120  interaction=-0.3117  marginal=0.6077
  [nplm/distance] epoch 20/120  interaction=-0.3150  marginal=0.6104
  [nplm/distance] epoch 21/120  interaction=-0.3123  marginal=0.6084
  [nplm/distance] epoch 22/120  interaction=-0.3133  marginal=0.6234
  [nplm/distance] epoch 23/120  interaction=-0.3268  marginal=0.5978
  [nplm/distance] epoch 24/120  interaction=-0.3198  marginal=0.6046
  [nplm/distance] epoch 25/120  interaction=-0.3154  marginal=0.6065
  [nplm/distance] epoch 26/120  interaction=-0.3277  marginal=0.5980
  [nplm/distance] epoch 27/120  interaction=-0.3291  marginal=0.5910
  [nplm/distance] epoch 28/120  interaction=-0.3443  marginal=0.5982
  [nplm/distance] epoch 29/120  interaction=-0.3345  marginal=0.5800
  [nplm/distance] epoch 30/120  interaction=-0.3395  marginal=0.5903
  [nplm/distance] epoch 31/120  interaction=-0.3318  marginal=0.6030
  [nplm/distance] epoch 32/120  interaction=-0.3424  marginal=0.6040
  [nplm/distance] epoch 33/120  interaction=-0.3412  marginal=0.6075
  [nplm/distance] epoch 34/120  interaction=-0.3450  marginal=0.5867
  [nplm/distance] epoch 35/120  interaction=-0.3512  marginal=0.5847
  [nplm/distance] epoch 36/120  interaction=-0.3431  marginal=0.5784
  [nplm/distance] epoch 37/120  interaction=-0.3486  marginal=0.6049
  [nplm/distance] epoch 38/120  interaction=-0.3489  marginal=0.5823
  [nplm/distance] epoch 39/120  interaction=-0.3555  marginal=0.5910
  [nplm/distance] epoch 40/120  interaction=-0.3616  marginal=0.5827
  [nplm/distance] epoch 41/120  interaction=-0.3617  marginal=0.5931
  [nplm/distance] epoch 42/120  interaction=-0.3545  marginal=0.5825
  [nplm/distance] epoch 43/120  interaction=-0.3528  marginal=0.5697
  [nplm/distance] epoch 44/120  interaction=-0.3470  marginal=0.5735
  [nplm/distance] epoch 45/120  interaction=-0.3572  marginal=0.5832
  [nplm/distance] epoch 46/120  interaction=-0.3660  marginal=0.5670
  [nplm/distance] epoch 47/120  interaction=-0.3592  marginal=0.5817
  [nplm/distance] epoch 48/120  interaction=-0.3551  marginal=0.5651
  [nplm/distance] epoch 49/120  interaction=-0.3781  marginal=0.5734
  [nplm/distance] epoch 50/120  interaction=-0.3696  marginal=0.5850
  [nplm/distance] epoch 51/120  interaction=-0.3611  marginal=0.5816
  [nplm/distance] epoch 52/120  interaction=-0.3715  marginal=0.5742
  [nplm/distance] epoch 53/120  interaction=-0.3730  marginal=0.5491
  [nplm/distance] epoch 54/120  interaction=-0.3708  marginal=0.5748
  [nplm/distance] epoch 55/120  interaction=-0.3787  marginal=0.5658
  [nplm/distance] epoch 56/120  interaction=-0.3767  marginal=0.5565
  [nplm/distance] epoch 57/120  interaction=-0.3840  marginal=0.5731
  [nplm/distance] epoch 58/120  interaction=-0.3782  marginal=0.5691
  [nplm/distance] epoch 59/120  interaction=-0.3828  marginal=0.5648
  [nplm/distance] epoch 60/120  interaction=-0.3834  marginal=0.5587
  [nplm/distance] epoch 61/120  interaction=-0.3858  marginal=0.5645
  [nplm/distance] epoch 62/120  interaction=-0.3867  marginal=0.5665
  [nplm/distance] epoch 63/120  interaction=-0.3947  marginal=0.5591
  [nplm/distance] epoch 64/120  interaction=-0.3810  marginal=0.5517
  [nplm/distance] epoch 65/120  interaction=-0.3853  marginal=0.5487
  [nplm/distance] epoch 66/120  interaction=-0.3939  marginal=0.5544
  [nplm/distance] epoch 67/120  interaction=-0.3810  marginal=0.5603
  [nplm/distance] epoch 68/120  interaction=-0.3938  marginal=0.5657
  [nplm/distance] epoch 69/120  interaction=-0.3924  marginal=0.5386
  [nplm/distance] epoch 70/120  interaction=-0.3985  marginal=0.5530
  [nplm/distance] epoch 71/120  interaction=-0.4045  marginal=0.5599
  [nplm/distance] epoch 72/120  interaction=-0.3986  marginal=0.5496
  [nplm/distance] epoch 73/120  interaction=-0.3974  marginal=0.5646
  [nplm/distance] epoch 74/120  interaction=-0.3986  marginal=0.5444
  [nplm/distance] epoch 75/120  interaction=-0.3926  marginal=0.5484
  [nplm/distance] epoch 76/120  interaction=-0.3865  marginal=0.5473
  [nplm/distance] epoch 77/120  interaction=-0.3885  marginal=0.5540
  [nplm/distance] epoch 78/120  interaction=-0.3945  marginal=0.5485
  [nplm/distance] epoch 79/120  interaction=-0.4023  marginal=0.5460
  [nplm/distance] epoch 80/120  interaction=-0.3996  marginal=0.5339
  [nplm/distance] epoch 81/120  interaction=-0.4028  marginal=0.5300
  [nplm/distance] epoch 82/120  interaction=-0.3928  marginal=0.5341
  [nplm/distance] epoch 83/120  interaction=-0.3935  marginal=0.5477
  [nplm/distance] epoch 84/120  interaction=-0.3864  marginal=0.5368
  [nplm/distance] epoch 85/120  interaction=-0.3934  marginal=0.5441
  [nplm/distance] epoch 86/120  interaction=-0.4001  marginal=0.5317
  [nplm/distance] epoch 87/120  interaction=-0.4024  marginal=0.5364
  [nplm/distance] epoch 88/120  interaction=-0.3966  marginal=0.5226
  [nplm/distance] epoch 89/120  interaction=-0.4052  marginal=0.5369
  [nplm/distance] epoch 90/120  interaction=-0.4079  marginal=0.5303
  [nplm/distance] epoch 91/120  interaction=-0.4105  marginal=0.5263
  [nplm/distance] epoch 92/120  interaction=-0.4147  marginal=0.5263
  [nplm/distance] epoch 93/120  interaction=-0.4030  marginal=0.5201
  [nplm/distance] epoch 94/120  interaction=-0.4144  marginal=0.5382
  [nplm/distance] epoch 95/120  interaction=-0.4167  marginal=0.5209
  [nplm/distance] epoch 96/120  interaction=-0.4137  marginal=0.5261
  [nplm/distance] epoch 97/120  interaction=-0.4171  marginal=0.5205
  [nplm/distance] epoch 98/120  interaction=-0.4186  marginal=0.5422
  [nplm/distance] epoch 99/120  interaction=-0.4141  marginal=0.5331
  [nplm/distance] epoch 100/120  interaction=-0.4213  marginal=0.5241
  [nplm/distance] epoch 101/120  interaction=-0.3977  marginal=0.5262
  [nplm/distance] epoch 102/120  interaction=-0.4024  marginal=0.5255
  [nplm/distance] epoch 103/120  interaction=-0.4095  marginal=0.5336
  [nplm/distance] epoch 104/120  interaction=-0.4067  marginal=0.5374
  [nplm/distance] epoch 105/120  interaction=-0.4109  marginal=0.5340
  [nplm/distance] epoch 106/120  interaction=-0.4191  marginal=0.5239
  [nplm/distance] epoch 107/120  interaction=-0.4232  marginal=0.5190
  [nplm/distance] epoch 108/120  interaction=-0.4206  marginal=0.5103
  [nplm/distance] epoch 109/120  interaction=-0.4168  marginal=0.5184
  [nplm/distance] epoch 110/120  interaction=-0.4238  marginal=0.5243
  [nplm/distance] epoch 111/120  interaction=-0.4258  marginal=0.5092
  [nplm/distance] epoch 112/120  interaction=-0.4225  marginal=0.5309
  [nplm/distance] epoch 113/120  interaction=-0.4213  marginal=0.5292
  [nplm/distance] epoch 114/120  interaction=-0.4260  marginal=0.5059
  [nplm/distance] epoch 115/120  interaction=-0.4296  marginal=0.5278
  [nplm/distance] epoch 116/120  interaction=-0.4300  marginal=0.5144
  [nplm/distance] epoch 117/120  interaction=-0.4289  marginal=0.5202
  [nplm/distance] epoch 118/120  interaction=-0.4191  marginal=0.5289
  [nplm/distance] epoch 119/120  interaction=-0.4241  marginal=0.5057
  [nplm/distance] epoch 120/120  interaction=-0.4208  marginal=0.5183
  [nplm_sup_dist ] probe=0.7307+-0.0032 acc=0.1863 supAUC=0.9137 eucl=0.6313 mahaT=0.6172 mahaPC=0.6106

===== performance / novelty table =====
  arm                        probe     acc  supAUC    eucl   mahaT  mahaPC
  simclr             0.6675+-0.0021  0.0877  0.7374  0.5951  0.5850  0.4953
  lejepa             0.6984+-0.0053  0.0710  0.7019  0.5219  0.6025  0.5610
  simclr_sigreg      0.6935+-0.0089  0.0820  0.7463  0.5048  0.5651  0.5413
  supcon             0.7642+-0.0050  0.4917  0.9479  0.7337  0.7042  0.5502
  supcon_sigreg      0.7371+-0.0090  0.4280  0.9646  0.7025  0.6391  0.5878
  nplm_bilinear      0.6609+-0.0047  0.0580  0.6997  0.4886  0.5972  0.5867
  nplm_distance      0.6476+-0.0006  0.0560  0.6700  0.5043  0.5731  0.5217
  nplm_sup_dist      0.7307+-0.0032  0.1863  0.9137  0.6313  0.6172  0.6106

===== gaussianity (seen classes, test set) =====
  metric                            simclr        lejepa simclr_sigreg        supcon supcon_sigreg nplm_bilinear nplm_distance nplm_sup_dist
  eig min (class cov)               -0.000        -0.000        -0.000         0.000         0.000        -0.000        -0.000        -0.000
  eig max (class cov)               54.179        19.966        17.447         6.697        16.060         1.200        16.093         3.253
  eig cond worst            1329696342016.06210966781952.05402314932224.0   120014800.0  1042168000.0969112485888.06962901155840.0155175632896.0
  class RMS min                      0.188         0.653         0.727         0.076         0.278         0.178         0.461         0.078
  class RMS mean                     0.373         0.878         0.934         0.120         0.434         0.230         0.731         0.124
  class RMS max                      1.396         1.019         1.075         0.495         0.871         0.271         0.954         0.320
  max |corr| (worst class)           0.988         0.966         0.929         0.981         0.954         0.975         0.991         1.000
  SW ratio mean                       3.99          1.55          1.26          2.05          1.94          1.76          2.31          2.21
  SW ratio worst                     18.30          3.42          2.17          9.24          6.13          2.93          4.40         10.37
  |skew| mean                        0.954         0.416         0.362         0.579         0.566         0.393         0.538         0.669
  |ex-kurt| mean                     2.698         0.779         0.683         1.435         1.260         0.919         1.032         1.252
  centroid dist min                   0.19          0.56          0.81          0.13          0.45          0.09          0.31          0.03
  centroid dist mean                  1.10          2.43          2.48          1.28          4.78          0.78          2.26          2.41
  separation (min d/RMS)              0.51          0.64          0.87          1.11          1.04          0.39          0.43          0.26
saved /home/pharris/sigreg/SuperSig/plots/exp51_probe_aircraft_visreg.png

===== PRE power batteries (all statistics) =====
  [simclr] per-event pre power=0.099
  [simclr] sparker
    pre-spk f=0.003: power=0.060 [0.028,0.115] (3/50)
    pre-spk f=0.01: power=0.140 [0.090,0.207] (7/50)
    pre-spk f=0.02: power=0.120 [0.074,0.184] (6/50)
    pre-spk f=0.05: power=0.120 [0.074,0.184] (6/50)
    pre-spk f=0.1: power=0.220 [0.159,0.294] (11/50)
  [simclr] maha
    pre-maha f=0.003: power=0.120 [0.074,0.184] (6/50)
    pre-maha f=0.01: power=0.080 [0.042,0.138] (4/50)
    pre-maha f=0.02: power=0.080 [0.042,0.138] (4/50)
    pre-maha f=0.05: power=0.040 [0.014,0.090] (2/50)
    pre-maha f=0.1: power=0.060 [0.028,0.115] (3/50)
  [simclr] mmd
    pre-mmd f=0.003: power=0.060 [0.028,0.115] (3/50)
    pre-mmd f=0.01: power=0.020 [0.003,0.064] (1/50)
    pre-mmd f=0.02: power=0.040 [0.014,0.090] (2/50)
    pre-mmd f=0.05: power=0.000 [0.000,0.036] (0/50)
    pre-mmd f=0.1: power=0.040 [0.014,0.090] (2/50)
  [lejepa] per-event pre power=0.048
  [lejepa] sparker
    pre-spk f=0.003: power=0.100 [0.058,0.162] (5/50)
    pre-spk f=0.01: power=0.040 [0.014,0.090] (2/50)
    pre-spk f=0.02: power=0.080 [0.042,0.138] (4/50)
    pre-spk f=0.05: power=0.020 [0.003,0.064] (1/50)
    pre-spk f=0.1: power=0.060 [0.028,0.115] (3/50)
  [lejepa] maha
    pre-maha f=0.003: power=0.080 [0.042,0.138] (4/50)
    pre-maha f=0.01: power=0.080 [0.042,0.138] (4/50)
    pre-maha f=0.02: power=0.060 [0.028,0.115] (3/50)
    pre-maha f=0.05: power=0.120 [0.074,0.184] (6/50)
    pre-maha f=0.1: power=0.120 [0.074,0.184] (6/50)
  [lejepa] mmd
    pre-mmd f=0.003: power=0.060 [0.028,0.115] (3/50)
    pre-mmd f=0.01: power=0.040 [0.014,0.090] (2/50)
    pre-mmd f=0.02: power=0.080 [0.042,0.138] (4/50)
    pre-mmd f=0.05: power=0.040 [0.014,0.090] (2/50)
    pre-mmd f=0.1: power=0.020 [0.003,0.064] (1/50)
  [simclr_sigreg] per-event pre power=0.045
  [simclr_sigreg] sparker
    pre-spk f=0.003: power=0.060 [0.028,0.115] (3/50)
    pre-spk f=0.01: power=0.080 [0.042,0.138] (4/50)
    pre-spk f=0.02: power=0.060 [0.028,0.115] (3/50)
    pre-spk f=0.05: power=0.040 [0.014,0.090] (2/50)
    pre-spk f=0.1: power=0.100 [0.058,0.162] (5/50)
  [simclr_sigreg] maha
    pre-maha f=0.003: power=0.100 [0.058,0.162] (5/50)
    pre-maha f=0.01: power=0.080 [0.042,0.138] (4/50)
    pre-maha f=0.02: power=0.060 [0.028,0.115] (3/50)
    pre-maha f=0.05: power=0.100 [0.058,0.162] (5/50)
    pre-maha f=0.1: power=0.080 [0.042,0.138] (4/50)
  [simclr_sigreg] mmd
    pre-mmd f=0.003: power=0.060 [0.028,0.115] (3/50)
    pre-mmd f=0.01: power=0.080 [0.042,0.138] (4/50)
    pre-mmd f=0.02: power=0.120 [0.074,0.184] (6/50)
    pre-mmd f=0.05: power=0.040 [0.014,0.090] (2/50)
    pre-mmd f=0.1: power=0.080 [0.042,0.138] (4/50)
  [supcon] per-event pre power=0.177
  [supcon] sparker
    pre-spk f=0.003: power=0.080 [0.042,0.138] (4/50)
    pre-spk f=0.01: power=0.060 [0.028,0.115] (3/50)
    pre-spk f=0.02: power=0.080 [0.042,0.138] (4/50)
    pre-spk f=0.05: power=0.340 [0.268,0.419] (17/50)
    pre-spk f=0.1: power=0.900 [0.838,0.942] (45/50)
  [supcon] maha
    pre-maha f=0.003: power=0.040 [0.014,0.090] (2/50)
    pre-maha f=0.01: power=0.060 [0.028,0.115] (3/50)
    pre-maha f=0.02: power=0.020 [0.003,0.064] (1/50)
    pre-maha f=0.05: power=0.040 [0.014,0.090] (2/50)
    pre-maha f=0.1: power=0.100 [0.058,0.162] (5/50)
  [supcon] mmd
    pre-mmd f=0.003: power=0.040 [0.014,0.090] (2/50)
    pre-mmd f=0.01: power=0.000 [0.000,0.036] (0/50)
    pre-mmd f=0.02: power=0.040 [0.014,0.090] (2/50)
    pre-mmd f=0.05: power=0.040 [0.014,0.090] (2/50)
    pre-mmd f=0.1: power=0.500 [0.421,0.579] (25/50)
  [supcon_sigreg] per-event pre power=0.138
  [supcon_sigreg] sparker
    pre-spk f=0.003: power=0.040 [0.014,0.090] (2/50)
    pre-spk f=0.01: power=0.060 [0.028,0.115] (3/50)
    pre-spk f=0.02: power=0.040 [0.014,0.090] (2/50)
    pre-spk f=0.05: power=0.100 [0.058,0.162] (5/50)
    pre-spk f=0.1: power=0.360 [0.286,0.440] (18/50)
  [supcon_sigreg] maha
    pre-maha f=0.003: power=0.020 [0.003,0.064] (1/50)
    pre-maha f=0.01: power=0.020 [0.003,0.064] (1/50)
    pre-maha f=0.02: power=0.020 [0.003,0.064] (1/50)
    pre-maha f=0.05: power=0.040 [0.014,0.090] (2/50)
    pre-maha f=0.1: power=0.220 [0.159,0.294] (11/50)
  [supcon_sigreg] mmd
    pre-mmd f=0.003: power=0.120 [0.074,0.184] (6/50)
    pre-mmd f=0.01: power=0.000 [0.000,0.036] (0/50)
    pre-mmd f=0.02: power=0.060 [0.028,0.115] (3/50)
    pre-mmd f=0.05: power=0.160 [0.107,0.229] (8/50)
    pre-mmd f=0.1: power=0.780 [0.706,0.841] (39/50)
  [nplm_bilinear] per-event pre power=0.024
  [nplm_bilinear] sparker
    pre-spk f=0.003: power=0.000 [0.000,0.036] (0/50)
    pre-spk f=0.01: power=0.020 [0.003,0.064] (1/50)
    pre-spk f=0.02: power=0.100 [0.058,0.162] (5/50)
    pre-spk f=0.05: power=0.020 [0.003,0.064] (1/50)
    pre-spk f=0.1: power=0.080 [0.042,0.138] (4/50)
  [nplm_bilinear] maha
    pre-maha f=0.003: power=0.080 [0.042,0.138] (4/50)
    pre-maha f=0.01: power=0.080 [0.042,0.138] (4/50)
    pre-maha f=0.02: power=0.120 [0.074,0.184] (6/50)
    pre-maha f=0.05: power=0.080 [0.042,0.138] (4/50)
    pre-maha f=0.1: power=0.200 [0.141,0.273] (10/50)
  [nplm_bilinear] mmd
    pre-mmd f=0.003: power=0.020 [0.003,0.064] (1/50)
    pre-mmd f=0.01: power=0.020 [0.003,0.064] (1/50)
    pre-mmd f=0.02: power=0.040 [0.014,0.090] (2/50)
    pre-mmd f=0.05: power=0.020 [0.003,0.064] (1/50)
    pre-mmd f=0.1: power=0.000 [0.000,0.036] (0/50)
  [nplm_distance] per-event pre power=0.072
  [nplm_distance] sparker
    pre-spk f=0.003: power=0.100 [0.058,0.162] (5/50)
    pre-spk f=0.01: power=0.040 [0.014,0.090] (2/50)
    pre-spk f=0.02: power=0.080 [0.042,0.138] (4/50)
    pre-spk f=0.05: power=0.060 [0.028,0.115] (3/50)
    pre-spk f=0.1: power=0.100 [0.058,0.162] (5/50)
  [nplm_distance] maha
    pre-maha f=0.003: power=0.140 [0.090,0.207] (7/50)
    pre-maha f=0.01: power=0.040 [0.014,0.090] (2/50)
    pre-maha f=0.02: power=0.060 [0.028,0.115] (3/50)
    pre-maha f=0.05: power=0.040 [0.014,0.090] (2/50)
    pre-maha f=0.1: power=0.040 [0.014,0.090] (2/50)
  [nplm_distance] mmd
    pre-mmd f=0.003: power=0.060 [0.028,0.115] (3/50)
    pre-mmd f=0.01: power=0.040 [0.014,0.090] (2/50)
    pre-mmd f=0.02: power=0.040 [0.014,0.090] (2/50)
    pre-mmd f=0.05: power=0.020 [0.003,0.064] (1/50)
    pre-mmd f=0.1: power=0.000 [0.000,0.036] (0/50)
  [nplm_sup_dist] per-event pre power=0.087
  [nplm_sup_dist] sparker
    pre-spk f=0.003: power=0.100 [0.058,0.162] (5/50)
    pre-spk f=0.01: power=0.200 [0.141,0.273] (10/50)
    pre-spk f=0.02: power=0.120 [0.074,0.184] (6/50)
    pre-spk f=0.05: power=0.240 [0.177,0.315] (12/50)
    pre-spk f=0.1: power=0.680 [0.601,0.751] (34/50)
  [nplm_sup_dist] maha
    pre-maha f=0.003: power=0.060 [0.028,0.115] (3/50)
    pre-maha f=0.01: power=0.140 [0.090,0.207] (7/50)
    pre-maha f=0.02: power=0.060 [0.028,0.115] (3/50)
    pre-maha f=0.05: power=0.100 [0.058,0.162] (5/50)
    pre-maha f=0.1: power=0.400 [0.324,0.480] (20/50)
  [nplm_sup_dist] mmd
    pre-mmd f=0.003: power=0.060 [0.028,0.115] (3/50)
    pre-mmd f=0.01: power=0.000 [0.000,0.036] (0/50)
    pre-mmd f=0.02: power=0.040 [0.014,0.090] (2/50)
    pre-mmd f=0.05: power=0.120 [0.074,0.184] (6/50)
    pre-mmd f=0.1: power=0.780 [0.706,0.841] (39/50)

===== EXP51 PEREVENT PRE POWER (alpha=0.05) =====
  arm                 0.003     0.01     0.02     0.05      0.1
  simclr              0.099    0.099    0.099    0.099    0.099
  lejepa              0.048    0.048    0.048    0.048    0.048
  simclr_sigreg       0.045    0.045    0.045    0.045    0.045
  supcon              0.177    0.177    0.177    0.177    0.177
  supcon_sigreg       0.138    0.138    0.138    0.138    0.138
  nplm_bilinear       0.024    0.024    0.024    0.024    0.024
  nplm_distance       0.072    0.072    0.072    0.072    0.072
  nplm_sup_dist       0.087    0.087    0.087    0.087    0.087
  saved /home/pharris/sigreg/SuperSig/plots/exp51_perevent_power_aircraft_visreg.png

===== EXP51 SPARKER PRE POWER (alpha=0.05) =====
  arm                 0.003     0.01     0.02     0.05      0.1
  simclr              0.060    0.140    0.120    0.120    0.220
  lejepa              0.100    0.040    0.080    0.020    0.060
  simclr_sigreg       0.060    0.080    0.060    0.040    0.100
  supcon              0.080    0.060    0.080    0.340    0.900
  supcon_sigreg       0.040    0.060    0.040    0.100    0.360
  nplm_bilinear       0.000    0.020    0.100    0.020    0.080
  nplm_distance       0.100    0.040    0.080    0.060    0.100
  nplm_sup_dist       0.100    0.200    0.120    0.240    0.680
  saved /home/pharris/sigreg/SuperSig/plots/exp51_sparker_power_aircraft_visreg.png

===== EXP51 MAHA PRE POWER (alpha=0.05) =====
  arm                 0.003     0.01     0.02     0.05      0.1
  simclr              0.120    0.080    0.080    0.040    0.060
  lejepa              0.080    0.080    0.060    0.120    0.120
  simclr_sigreg       0.100    0.080    0.060    0.100    0.080
  supcon              0.040    0.060    0.020    0.040    0.100
  supcon_sigreg       0.020    0.020    0.020    0.040    0.220
  nplm_bilinear       0.080    0.080    0.120    0.080    0.200
  nplm_distance       0.140    0.040    0.060    0.040    0.040
  nplm_sup_dist       0.060    0.140    0.060    0.100    0.400
  saved /home/pharris/sigreg/SuperSig/plots/exp51_maha_power_aircraft_visreg.png

===== EXP51 MMD PRE POWER (alpha=0.05) =====
  arm                 0.003     0.01     0.02     0.05      0.1
  simclr              0.060    0.020    0.040    0.000    0.040
  lejepa              0.060    0.040    0.080    0.040    0.020
  simclr_sigreg       0.060    0.080    0.120    0.040    0.080
  supcon              0.040    0.000    0.040    0.040    0.500
  supcon_sigreg       0.120    0.000    0.060    0.160    0.780
  nplm_bilinear       0.020    0.020    0.040    0.020    0.000
  nplm_distance       0.060    0.040    0.040    0.020    0.000
  nplm_sup_dist       0.060    0.000    0.040    0.120    0.780
  saved /home/pharris/sigreg/SuperSig/plots/exp51_mmd_power_aircraft_visreg.png

===== EXP51 SUMMARY =====
  [simclr        ] probe=0.6675+-0.0021  acc=0.0877  eucl=0.5951  mahaT=0.5850
  [lejepa        ] probe=0.6984+-0.0053  acc=0.0710  eucl=0.5219  mahaT=0.6025
  [simclr_sigreg ] probe=0.6935+-0.0089  acc=0.0820  eucl=0.5048  mahaT=0.5651
  [supcon        ] probe=0.7642+-0.0050  acc=0.4917  eucl=0.7337  mahaT=0.7042
  [supcon_sigreg ] probe=0.7371+-0.0090  acc=0.4280  eucl=0.7025  mahaT=0.6391
  [nplm_bilinear ] probe=0.6609+-0.0047  acc=0.0580  eucl=0.4886  mahaT=0.5972
  [nplm_distance ] probe=0.6476+-0.0006  acc=0.0560  eucl=0.5043  mahaT=0.5731
  [nplm_sup_dist ] probe=0.7307+-0.0032  acc=0.1863  eucl=0.6313  mahaT=0.6172
Done.
