/home/pharris/venv/lib64/python3.9/site-packages/networkx/utils/backends.py:135: RuntimeWarning: networkx backend defined more than once: nx-loopback
  backends.update(_get_backends("networkx.backends"))
exp51 [aircraft_visreg_nplm-sup-ft] NPLM suite, dim=32, epochs=120, holdouts=[90, 91, 92, 93, 94, 95, 96, 97, 98, 99], lam=1.0, arms=['simclr', 'lejepa', 'simclr_sigreg', 'supcon', 'supcon_sigreg', 'nplm_bilinear', 'nplm_distance', 'nplm_sup_dist']
  loading ft trunk /home/pharris/sigreg/SuperSig/checkpoints/aircraft_ft_visreg_nplm-sup-ft.pt
  extracted aircraft_visreg_vitb16_nplm-sup-ft train: (6667, 768)
  extracted aircraft_visreg_vitb16_nplm-sup-ft test: (3333, 768)
  aircraft_visreg_vitb16_nplm-sup-ft aug replica 1/8
  aircraft_visreg_vitb16_nplm-sup-ft aug replica 2/8
  aircraft_visreg_vitb16_nplm-sup-ft aug replica 3/8
  aircraft_visreg_vitb16_nplm-sup-ft aug replica 4/8
  aircraft_visreg_vitb16_nplm-sup-ft aug replica 5/8
  aircraft_visreg_vitb16_nplm-sup-ft aug replica 6/8
  aircraft_visreg_vitb16_nplm-sup-ft aug replica 7/8
  aircraft_visreg_vitb16_nplm-sup-ft aug replica 8/8
  train pool 6667 (seen bank 6000), test pool 3333 (333 holdout)

----- simclr (augmentations only) -----
  [simclr] epoch 1/120  loss=5.9532
  [simclr] epoch 2/120  loss=5.5221
  [simclr] epoch 3/120  loss=5.4313
  [simclr] epoch 4/120  loss=5.3839
  [simclr] epoch 5/120  loss=5.3527
  [simclr] epoch 6/120  loss=5.3461
  [simclr] epoch 7/120  loss=5.3230
  [simclr] epoch 8/120  loss=5.3047
  [simclr] epoch 9/120  loss=5.2780
  [simclr] epoch 10/120  loss=5.2731
  [simclr] epoch 11/120  loss=5.2584
  [simclr] epoch 12/120  loss=5.2558
  [simclr] epoch 13/120  loss=5.2498
  [simclr] epoch 14/120  loss=5.2368
  [simclr] epoch 15/120  loss=5.2354
  [simclr] epoch 16/120  loss=5.2361
  [simclr] epoch 17/120  loss=5.2408
  [simclr] epoch 18/120  loss=5.2301
  [simclr] epoch 19/120  loss=5.2179
  [simclr] epoch 20/120  loss=5.2082
  [simclr] epoch 21/120  loss=5.2010
  [simclr] epoch 22/120  loss=5.2005
  [simclr] epoch 23/120  loss=5.1951
  [simclr] epoch 24/120  loss=5.1972
  [simclr] epoch 25/120  loss=5.1875
  [simclr] epoch 26/120  loss=5.1901
  [simclr] epoch 27/120  loss=5.1897
  [simclr] epoch 28/120  loss=5.1832
  [simclr] epoch 29/120  loss=5.1810
  [simclr] epoch 30/120  loss=5.1788
  [simclr] epoch 31/120  loss=5.1812
  [simclr] epoch 32/120  loss=5.1801
  [simclr] epoch 33/120  loss=5.1781
  [simclr] epoch 34/120  loss=5.1739
  [simclr] epoch 35/120  loss=5.1735
  [simclr] epoch 36/120  loss=5.1683
  [simclr] epoch 37/120  loss=5.1730
  [simclr] epoch 38/120  loss=5.1758
  [simclr] epoch 39/120  loss=5.1731
  [simclr] epoch 40/120  loss=5.1692
  [simclr] epoch 41/120  loss=5.1673
  [simclr] epoch 42/120  loss=5.1639
  [simclr] epoch 43/120  loss=5.1586
  [simclr] epoch 44/120  loss=5.1599
  [simclr] epoch 45/120  loss=5.1595
  [simclr] epoch 46/120  loss=5.1562
  [simclr] epoch 47/120  loss=5.1611
  [simclr] epoch 48/120  loss=5.1609
  [simclr] epoch 49/120  loss=5.1483
  [simclr] epoch 50/120  loss=5.1472
  [simclr] epoch 51/120  loss=5.1455
  [simclr] epoch 52/120  loss=5.1440
  [simclr] epoch 53/120  loss=5.1487
  [simclr] epoch 54/120  loss=5.1474
  [simclr] epoch 55/120  loss=5.1436
  [simclr] epoch 56/120  loss=5.1390
  [simclr] epoch 57/120  loss=5.1422
  [simclr] epoch 58/120  loss=5.1406
  [simclr] epoch 59/120  loss=5.1408
  [simclr] epoch 60/120  loss=5.1416
  [simclr] epoch 61/120  loss=5.1400
  [simclr] epoch 62/120  loss=5.1411
  [simclr] epoch 63/120  loss=5.1387
  [simclr] epoch 64/120  loss=5.1368
  [simclr] epoch 65/120  loss=5.1343
  [simclr] epoch 66/120  loss=5.1360
  [simclr] epoch 67/120  loss=5.1347
  [simclr] epoch 68/120  loss=5.1321
  [simclr] epoch 69/120  loss=5.1280
  [simclr] epoch 70/120  loss=5.1277
  [simclr] epoch 71/120  loss=5.1278
  [simclr] epoch 72/120  loss=5.1278
  [simclr] epoch 73/120  loss=5.1276
  [simclr] epoch 74/120  loss=5.1247
  [simclr] epoch 75/120  loss=5.1268
  [simclr] epoch 76/120  loss=5.1239
  [simclr] epoch 77/120  loss=5.1247
  [simclr] epoch 78/120  loss=5.1223
  [simclr] epoch 79/120  loss=5.1202
  [simclr] epoch 80/120  loss=5.1278
  [simclr] epoch 81/120  loss=5.1228
  [simclr] epoch 82/120  loss=5.1187
  [simclr] epoch 83/120  loss=5.1172
  [simclr] epoch 84/120  loss=5.1189
  [simclr] epoch 85/120  loss=5.1189
  [simclr] epoch 86/120  loss=5.1203
  [simclr] epoch 87/120  loss=5.1188
  [simclr] epoch 88/120  loss=5.1147
  [simclr] epoch 89/120  loss=5.1117
  [simclr] epoch 90/120  loss=5.1161
  [simclr] epoch 91/120  loss=5.1166
  [simclr] epoch 92/120  loss=5.1153
  [simclr] epoch 93/120  loss=5.1113
  [simclr] epoch 94/120  loss=5.1118
  [simclr] epoch 95/120  loss=5.1149
  [simclr] epoch 96/120  loss=5.1117
  [simclr] epoch 97/120  loss=5.1087
  [simclr] epoch 98/120  loss=5.1078
  [simclr] epoch 99/120  loss=5.1084
  [simclr] epoch 100/120  loss=5.1100
  [simclr] epoch 101/120  loss=5.1051
  [simclr] epoch 102/120  loss=5.1089
  [simclr] epoch 103/120  loss=5.1062
  [simclr] epoch 104/120  loss=5.1048
  [simclr] epoch 105/120  loss=5.1044
  [simclr] epoch 106/120  loss=5.1038
  [simclr] epoch 107/120  loss=5.1014
  [simclr] epoch 108/120  loss=5.1045
  [simclr] epoch 109/120  loss=5.1034
  [simclr] epoch 110/120  loss=5.0996
  [simclr] epoch 111/120  loss=5.0992
  [simclr] epoch 112/120  loss=5.1012
  [simclr] epoch 113/120  loss=5.1042
  [simclr] epoch 114/120  loss=5.1030
  [simclr] epoch 115/120  loss=5.1021
  [simclr] epoch 116/120  loss=5.1024
  [simclr] epoch 117/120  loss=5.1003
  [simclr] epoch 118/120  loss=5.0998
  [simclr] epoch 119/120  loss=5.0982
  [simclr] epoch 120/120  loss=5.1010
  [simclr        ] probe=0.7368+-0.0026 acc=0.2193 supAUC=0.9067 eucl=0.5442 mahaT=0.5688 mahaPC=0.5919

----- lejepa (augmentations only) -----
  [sigreg-ssl] epoch 1/120  inv=0.0165  sigreg=0.5101
  [sigreg-ssl] epoch 2/120  inv=0.0367  sigreg=0.2713
  [sigreg-ssl] epoch 3/120  inv=0.0424  sigreg=0.2306
  [sigreg-ssl] epoch 4/120  inv=0.0377  sigreg=0.2074
  [sigreg-ssl] epoch 5/120  inv=0.0407  sigreg=0.1768
  [sigreg-ssl] epoch 6/120  inv=0.0437  sigreg=0.1546
  [sigreg-ssl] epoch 7/120  inv=0.0484  sigreg=0.1358
  [sigreg-ssl] epoch 8/120  inv=0.0471  sigreg=0.1413
  [sigreg-ssl] epoch 9/120  inv=0.0440  sigreg=0.1329
  [sigreg-ssl] epoch 10/120  inv=0.0430  sigreg=0.1362
  [sigreg-ssl] epoch 11/120  inv=0.0446  sigreg=0.1251
  [sigreg-ssl] epoch 12/120  inv=0.0421  sigreg=0.1269
  [sigreg-ssl] epoch 13/120  inv=0.0407  sigreg=0.1246
  [sigreg-ssl] epoch 14/120  inv=0.0426  sigreg=0.1136
  [sigreg-ssl] epoch 15/120  inv=0.0427  sigreg=0.1137
  [sigreg-ssl] epoch 16/120  inv=0.0447  sigreg=0.1117
  [sigreg-ssl] epoch 17/120  inv=0.0431  sigreg=0.1088
  [sigreg-ssl] epoch 18/120  inv=0.0446  sigreg=0.1030
  [sigreg-ssl] epoch 19/120  inv=0.0414  sigreg=0.1030
  [sigreg-ssl] epoch 20/120  inv=0.0433  sigreg=0.0960
  [sigreg-ssl] epoch 21/120  inv=0.0412  sigreg=0.0976
  [sigreg-ssl] epoch 22/120  inv=0.0438  sigreg=0.0955
  [sigreg-ssl] epoch 23/120  inv=0.0430  sigreg=0.0955
  [sigreg-ssl] epoch 24/120  inv=0.0416  sigreg=0.0918
  [sigreg-ssl] epoch 25/120  inv=0.0421  sigreg=0.0872
  [sigreg-ssl] epoch 26/120  inv=0.0445  sigreg=0.0881
  [sigreg-ssl] epoch 27/120  inv=0.0424  sigreg=0.0911
  [sigreg-ssl] epoch 28/120  inv=0.0411  sigreg=0.0921
  [sigreg-ssl] epoch 29/120  inv=0.0425  sigreg=0.0876
  [sigreg-ssl] epoch 30/120  inv=0.0409  sigreg=0.0899
  [sigreg-ssl] epoch 31/120  inv=0.0422  sigreg=0.0882
  [sigreg-ssl] epoch 32/120  inv=0.0412  sigreg=0.0832
  [sigreg-ssl] epoch 33/120  inv=0.0402  sigreg=0.0939
  [sigreg-ssl] epoch 34/120  inv=0.0404  sigreg=0.0853
  [sigreg-ssl] epoch 35/120  inv=0.0407  sigreg=0.0875
  [sigreg-ssl] epoch 36/120  inv=0.0388  sigreg=0.0904
  [sigreg-ssl] epoch 37/120  inv=0.0407  sigreg=0.0902
  [sigreg-ssl] epoch 38/120  inv=0.0388  sigreg=0.0849
  [sigreg-ssl] epoch 39/120  inv=0.0400  sigreg=0.0814
  [sigreg-ssl] epoch 40/120  inv=0.0398  sigreg=0.0837
  [sigreg-ssl] epoch 41/120  inv=0.0389  sigreg=0.0820
  [sigreg-ssl] epoch 42/120  inv=0.0397  sigreg=0.0813
  [sigreg-ssl] epoch 43/120  inv=0.0392  sigreg=0.0769
  [sigreg-ssl] epoch 44/120  inv=0.0400  sigreg=0.0794
  [sigreg-ssl] epoch 45/120  inv=0.0393  sigreg=0.0795
  [sigreg-ssl] epoch 46/120  inv=0.0387  sigreg=0.0760
  [sigreg-ssl] epoch 47/120  inv=0.0404  sigreg=0.0752
  [sigreg-ssl] epoch 48/120  inv=0.0387  sigreg=0.0779
  [sigreg-ssl] epoch 49/120  inv=0.0403  sigreg=0.0731
  [sigreg-ssl] epoch 50/120  inv=0.0385  sigreg=0.0734
  [sigreg-ssl] epoch 51/120  inv=0.0414  sigreg=0.0701
  [sigreg-ssl] epoch 52/120  inv=0.0412  sigreg=0.0739
  [sigreg-ssl] epoch 53/120  inv=0.0395  sigreg=0.0720
  [sigreg-ssl] epoch 54/120  inv=0.0404  sigreg=0.0716
  [sigreg-ssl] epoch 55/120  inv=0.0407  sigreg=0.0735
  [sigreg-ssl] epoch 56/120  inv=0.0389  sigreg=0.0663
  [sigreg-ssl] epoch 57/120  inv=0.0412  sigreg=0.0665
  [sigreg-ssl] epoch 58/120  inv=0.0409  sigreg=0.0664
  [sigreg-ssl] epoch 59/120  inv=0.0390  sigreg=0.0692
  [sigreg-ssl] epoch 60/120  inv=0.0396  sigreg=0.0645
  [sigreg-ssl] epoch 61/120  inv=0.0394  sigreg=0.0640
  [sigreg-ssl] epoch 62/120  inv=0.0402  sigreg=0.0640
  [sigreg-ssl] epoch 63/120  inv=0.0407  sigreg=0.0671
  [sigreg-ssl] epoch 64/120  inv=0.0396  sigreg=0.0673
  [sigreg-ssl] epoch 65/120  inv=0.0380  sigreg=0.0645
  [sigreg-ssl] epoch 66/120  inv=0.0400  sigreg=0.0638
  [sigreg-ssl] epoch 67/120  inv=0.0399  sigreg=0.0637
  [sigreg-ssl] epoch 68/120  inv=0.0376  sigreg=0.0661
  [sigreg-ssl] epoch 69/120  inv=0.0392  sigreg=0.0662
  [sigreg-ssl] epoch 70/120  inv=0.0398  sigreg=0.0674
  [sigreg-ssl] epoch 71/120  inv=0.0391  sigreg=0.0619
  [sigreg-ssl] epoch 72/120  inv=0.0381  sigreg=0.0628
  [sigreg-ssl] epoch 73/120  inv=0.0400  sigreg=0.0632
  [sigreg-ssl] epoch 74/120  inv=0.0400  sigreg=0.0645
  [sigreg-ssl] epoch 75/120  inv=0.0391  sigreg=0.0594
  [sigreg-ssl] epoch 76/120  inv=0.0381  sigreg=0.0623
  [sigreg-ssl] epoch 77/120  inv=0.0381  sigreg=0.0604
  [sigreg-ssl] epoch 78/120  inv=0.0381  sigreg=0.0610
  [sigreg-ssl] epoch 79/120  inv=0.0385  sigreg=0.0581
  [sigreg-ssl] epoch 80/120  inv=0.0379  sigreg=0.0616
  [sigreg-ssl] epoch 81/120  inv=0.0390  sigreg=0.0636
  [sigreg-ssl] epoch 82/120  inv=0.0399  sigreg=0.0603
  [sigreg-ssl] epoch 83/120  inv=0.0386  sigreg=0.0605
  [sigreg-ssl] epoch 84/120  inv=0.0380  sigreg=0.0613
  [sigreg-ssl] epoch 85/120  inv=0.0387  sigreg=0.0579
  [sigreg-ssl] epoch 86/120  inv=0.0381  sigreg=0.0584
  [sigreg-ssl] epoch 87/120  inv=0.0380  sigreg=0.0581
  [sigreg-ssl] epoch 88/120  inv=0.0377  sigreg=0.0613
  [sigreg-ssl] epoch 89/120  inv=0.0374  sigreg=0.0588
  [sigreg-ssl] epoch 90/120  inv=0.0378  sigreg=0.0593
  [sigreg-ssl] epoch 91/120  inv=0.0377  sigreg=0.0562
  [sigreg-ssl] epoch 92/120  inv=0.0368  sigreg=0.0582
  [sigreg-ssl] epoch 93/120  inv=0.0370  sigreg=0.0569
  [sigreg-ssl] epoch 94/120  inv=0.0377  sigreg=0.0539
  [sigreg-ssl] epoch 95/120  inv=0.0369  sigreg=0.0549
  [sigreg-ssl] epoch 96/120  inv=0.0372  sigreg=0.0559
  [sigreg-ssl] epoch 97/120  inv=0.0372  sigreg=0.0580
  [sigreg-ssl] epoch 98/120  inv=0.0384  sigreg=0.0549
  [sigreg-ssl] epoch 99/120  inv=0.0368  sigreg=0.0557
  [sigreg-ssl] epoch 100/120  inv=0.0365  sigreg=0.0577
  [sigreg-ssl] epoch 101/120  inv=0.0365  sigreg=0.0552
  [sigreg-ssl] epoch 102/120  inv=0.0365  sigreg=0.0549
  [sigreg-ssl] epoch 103/120  inv=0.0359  sigreg=0.0572
  [sigreg-ssl] epoch 104/120  inv=0.0369  sigreg=0.0579
  [sigreg-ssl] epoch 105/120  inv=0.0348  sigreg=0.0681
  [sigreg-ssl] epoch 106/120  inv=0.0360  sigreg=0.0598
  [sigreg-ssl] epoch 107/120  inv=0.0360  sigreg=0.0583
  [sigreg-ssl] epoch 108/120  inv=0.0367  sigreg=0.0543
  [sigreg-ssl] epoch 109/120  inv=0.0365  sigreg=0.0522
  [sigreg-ssl] epoch 110/120  inv=0.0367  sigreg=0.0554
  [sigreg-ssl] epoch 111/120  inv=0.0371  sigreg=0.0561
  [sigreg-ssl] epoch 112/120  inv=0.0355  sigreg=0.0557
  [sigreg-ssl] epoch 113/120  inv=0.0372  sigreg=0.0528
  [sigreg-ssl] epoch 114/120  inv=0.0365  sigreg=0.0541
  [sigreg-ssl] epoch 115/120  inv=0.0353  sigreg=0.0504
  [sigreg-ssl] epoch 116/120  inv=0.0352  sigreg=0.0547
  [sigreg-ssl] epoch 117/120  inv=0.0368  sigreg=0.0538
  [sigreg-ssl] epoch 118/120  inv=0.0352  sigreg=0.0508
  [sigreg-ssl] epoch 119/120  inv=0.0361  sigreg=0.0515
  [sigreg-ssl] epoch 120/120  inv=0.0356  sigreg=0.0554
  [lejepa        ] probe=0.7674+-0.0010 acc=0.1987 supAUC=0.9163 eucl=0.4899 mahaT=0.6602 mahaPC=0.7138

----- simclr_sigreg (augmentations only) -----
  [softmax/cosine] epoch 1/120  interaction=6.0833  marginal=0.5130
  [softmax/cosine] epoch 2/120  interaction=5.7552  marginal=0.2341
  [softmax/cosine] epoch 3/120  interaction=5.6262  marginal=0.1836
  [softmax/cosine] epoch 4/120  interaction=5.5432  marginal=0.1561
  [softmax/cosine] epoch 5/120  interaction=5.5039  marginal=0.1342
  [softmax/cosine] epoch 6/120  interaction=5.4636  marginal=0.1172
  [softmax/cosine] epoch 7/120  interaction=5.4330  marginal=0.1059
  [softmax/cosine] epoch 8/120  interaction=5.3940  marginal=0.0965
  [softmax/cosine] epoch 9/120  interaction=5.3788  marginal=0.0884
  [softmax/cosine] epoch 10/120  interaction=5.3674  marginal=0.0889
  [softmax/cosine] epoch 11/120  interaction=5.3502  marginal=0.0737
  [softmax/cosine] epoch 12/120  interaction=5.3387  marginal=0.0765
  [softmax/cosine] epoch 13/120  interaction=5.3303  marginal=0.0734
  [softmax/cosine] epoch 14/120  interaction=5.3204  marginal=0.0657
  [softmax/cosine] epoch 15/120  interaction=5.3230  marginal=0.0695
  [softmax/cosine] epoch 16/120  interaction=5.3054  marginal=0.0630
  [softmax/cosine] epoch 17/120  interaction=5.3074  marginal=0.0635
  [softmax/cosine] epoch 18/120  interaction=5.3104  marginal=0.0717
  [softmax/cosine] epoch 19/120  interaction=5.3102  marginal=0.0776
  [softmax/cosine] epoch 20/120  interaction=5.2986  marginal=0.0664
  [softmax/cosine] epoch 21/120  interaction=5.2940  marginal=0.0676
  [softmax/cosine] epoch 22/120  interaction=5.2786  marginal=0.0544
  [softmax/cosine] epoch 23/120  interaction=5.2761  marginal=0.0588
  [softmax/cosine] epoch 24/120  interaction=5.2641  marginal=0.0558
  [softmax/cosine] epoch 25/120  interaction=5.2584  marginal=0.0528
  [softmax/cosine] epoch 26/120  interaction=5.2602  marginal=0.0547
  [softmax/cosine] epoch 27/120  interaction=5.2614  marginal=0.0517
  [softmax/cosine] epoch 28/120  interaction=5.2558  marginal=0.0531
  [softmax/cosine] epoch 29/120  interaction=5.2562  marginal=0.0522
  [softmax/cosine] epoch 30/120  interaction=5.2436  marginal=0.0496
  [softmax/cosine] epoch 31/120  interaction=5.2413  marginal=0.0457
  [softmax/cosine] epoch 32/120  interaction=5.2452  marginal=0.0518
  [softmax/cosine] epoch 33/120  interaction=5.2431  marginal=0.0508
  [softmax/cosine] epoch 34/120  interaction=5.2438  marginal=0.0528
  [softmax/cosine] epoch 35/120  interaction=5.2408  marginal=0.0486
  [softmax/cosine] epoch 36/120  interaction=5.2344  marginal=0.0458
  [softmax/cosine] epoch 37/120  interaction=5.2287  marginal=0.0441
  [softmax/cosine] epoch 38/120  interaction=5.2327  marginal=0.0443
  [softmax/cosine] epoch 39/120  interaction=5.2287  marginal=0.0436
  [softmax/cosine] epoch 40/120  interaction=5.2264  marginal=0.0445
  [softmax/cosine] epoch 41/120  interaction=5.2276  marginal=0.0456
  [softmax/cosine] epoch 42/120  interaction=5.2359  marginal=0.0516
  [softmax/cosine] epoch 43/120  interaction=5.2330  marginal=0.0470
  [softmax/cosine] epoch 44/120  interaction=5.2291  marginal=0.0491
  [softmax/cosine] epoch 45/120  interaction=5.2218  marginal=0.0429
  [softmax/cosine] epoch 46/120  interaction=5.2178  marginal=0.0428
  [softmax/cosine] epoch 47/120  interaction=5.2240  marginal=0.0465
  [softmax/cosine] epoch 48/120  interaction=5.2233  marginal=0.0453
  [softmax/cosine] epoch 49/120  interaction=5.2191  marginal=0.0450
  [softmax/cosine] epoch 50/120  interaction=5.2113  marginal=0.0410
  [softmax/cosine] epoch 51/120  interaction=5.2103  marginal=0.0395
  [softmax/cosine] epoch 52/120  interaction=5.2136  marginal=0.0418
  [softmax/cosine] epoch 53/120  interaction=5.2168  marginal=0.0472
  [softmax/cosine] epoch 54/120  interaction=5.2143  marginal=0.0431
  [softmax/cosine] epoch 55/120  interaction=5.2089  marginal=0.0428
  [softmax/cosine] epoch 56/120  interaction=5.2019  marginal=0.0371
  [softmax/cosine] epoch 57/120  interaction=5.1979  marginal=0.0376
  [softmax/cosine] epoch 58/120  interaction=5.1984  marginal=0.0362
  [softmax/cosine] epoch 59/120  interaction=5.2012  marginal=0.0367
  [softmax/cosine] epoch 60/120  interaction=5.1956  marginal=0.0367
  [softmax/cosine] epoch 61/120  interaction=5.1955  marginal=0.0351
  [softmax/cosine] epoch 62/120  interaction=5.1996  marginal=0.0382
  [softmax/cosine] epoch 63/120  interaction=5.1961  marginal=0.0358
  [softmax/cosine] epoch 64/120  interaction=5.1931  marginal=0.0338
  [softmax/cosine] epoch 65/120  interaction=5.1908  marginal=0.0337
  [softmax/cosine] epoch 66/120  interaction=5.1904  marginal=0.0337
  [softmax/cosine] epoch 67/120  interaction=5.1905  marginal=0.0360
  [softmax/cosine] epoch 68/120  interaction=5.1925  marginal=0.0371
  [softmax/cosine] epoch 69/120  interaction=5.1883  marginal=0.0365
  [softmax/cosine] epoch 70/120  interaction=5.1905  marginal=0.0338
  [softmax/cosine] epoch 71/120  interaction=5.1888  marginal=0.0363
  [softmax/cosine] epoch 72/120  interaction=5.1884  marginal=0.0369
  [softmax/cosine] epoch 73/120  interaction=5.1931  marginal=0.0383
  [softmax/cosine] epoch 74/120  interaction=5.1916  marginal=0.0390
  [softmax/cosine] epoch 75/120  interaction=5.1914  marginal=0.0401
  [softmax/cosine] epoch 76/120  interaction=5.1885  marginal=0.0371
  [softmax/cosine] epoch 77/120  interaction=5.1852  marginal=0.0365
  [softmax/cosine] epoch 78/120  interaction=5.1843  marginal=0.0355
  [softmax/cosine] epoch 79/120  interaction=5.1846  marginal=0.0334
  [softmax/cosine] epoch 80/120  interaction=5.1797  marginal=0.0332
  [softmax/cosine] epoch 81/120  interaction=5.1759  marginal=0.0295
  [softmax/cosine] epoch 82/120  interaction=5.1834  marginal=0.0348
  [softmax/cosine] epoch 83/120  interaction=5.1788  marginal=0.0328
  [softmax/cosine] epoch 84/120  interaction=5.1821  marginal=0.0345
  [softmax/cosine] epoch 85/120  interaction=5.1781  marginal=0.0323
  [softmax/cosine] epoch 86/120  interaction=5.1782  marginal=0.0334
  [softmax/cosine] epoch 87/120  interaction=5.1734  marginal=0.0312
  [softmax/cosine] epoch 88/120  interaction=5.1726  marginal=0.0328
  [softmax/cosine] epoch 89/120  interaction=5.1747  marginal=0.0320
  [softmax/cosine] epoch 90/120  interaction=5.1735  marginal=0.0312
  [softmax/cosine] epoch 91/120  interaction=5.1734  marginal=0.0337
  [softmax/cosine] epoch 92/120  interaction=5.1744  marginal=0.0311
  [softmax/cosine] epoch 93/120  interaction=5.1774  marginal=0.0363
  [softmax/cosine] epoch 94/120  interaction=5.1732  marginal=0.0316
  [softmax/cosine] epoch 95/120  interaction=5.1700  marginal=0.0295
  [softmax/cosine] epoch 96/120  interaction=5.1720  marginal=0.0328
  [softmax/cosine] epoch 97/120  interaction=5.1719  marginal=0.0326
  [softmax/cosine] epoch 98/120  interaction=5.1716  marginal=0.0311
  [softmax/cosine] epoch 99/120  interaction=5.1705  marginal=0.0338
  [softmax/cosine] epoch 100/120  interaction=5.1668  marginal=0.0293
  [softmax/cosine] epoch 101/120  interaction=5.1673  marginal=0.0328
  [softmax/cosine] epoch 102/120  interaction=5.1699  marginal=0.0311
  [softmax/cosine] epoch 103/120  interaction=5.1684  marginal=0.0301
  [softmax/cosine] epoch 104/120  interaction=5.1660  marginal=0.0293
  [softmax/cosine] epoch 105/120  interaction=5.1671  marginal=0.0321
  [softmax/cosine] epoch 106/120  interaction=5.1687  marginal=0.0318
  [softmax/cosine] epoch 107/120  interaction=5.1627  marginal=0.0300
  [softmax/cosine] epoch 108/120  interaction=5.1606  marginal=0.0313
  [softmax/cosine] epoch 109/120  interaction=5.1636  marginal=0.0299
  [softmax/cosine] epoch 110/120  interaction=5.1673  marginal=0.0323
  [softmax/cosine] epoch 111/120  interaction=5.1639  marginal=0.0284
  [softmax/cosine] epoch 112/120  interaction=5.1633  marginal=0.0300
  [softmax/cosine] epoch 113/120  interaction=5.1631  marginal=0.0292
  [softmax/cosine] epoch 114/120  interaction=5.1648  marginal=0.0310
  [softmax/cosine] epoch 115/120  interaction=5.1605  marginal=0.0284
  [softmax/cosine] epoch 116/120  interaction=5.1561  marginal=0.0278
  [softmax/cosine] epoch 117/120  interaction=5.1564  marginal=0.0284
  [softmax/cosine] epoch 118/120  interaction=5.1573  marginal=0.0297
  [softmax/cosine] epoch 119/120  interaction=5.1562  marginal=0.0271
  [softmax/cosine] epoch 120/120  interaction=5.1568  marginal=0.0296
  [simclr_sigreg ] probe=0.7581+-0.0049 acc=0.2600 supAUC=0.9386 eucl=0.4954 mahaT=0.6511 mahaPC=0.7260

----- supcon (labels) -----
  [supcon] epoch 1/120  loss=5.5926
  [supcon] epoch 2/120  loss=5.2066
  [supcon] epoch 3/120  loss=5.0624
  [supcon] epoch 4/120  loss=4.9810
  [supcon] epoch 5/120  loss=4.9156
  [supcon] epoch 6/120  loss=4.8607
  [supcon] epoch 7/120  loss=4.7605
  [supcon] epoch 8/120  loss=4.6896
  [supcon] epoch 9/120  loss=4.6268
  [supcon] epoch 10/120  loss=4.5818
  [supcon] epoch 11/120  loss=4.5351
  [supcon] epoch 12/120  loss=4.4876
  [supcon] epoch 13/120  loss=4.4600
  [supcon] epoch 14/120  loss=4.4220
  [supcon] epoch 15/120  loss=4.3948
  [supcon] epoch 16/120  loss=4.3633
  [supcon] epoch 17/120  loss=4.3314
  [supcon] epoch 18/120  loss=4.2933
  [supcon] epoch 19/120  loss=4.2664
  [supcon] epoch 20/120  loss=4.2520
  [supcon] epoch 21/120  loss=4.2080
  [supcon] epoch 22/120  loss=4.2055
  [supcon] epoch 23/120  loss=4.1777
  [supcon] epoch 24/120  loss=4.1558
  [supcon] epoch 25/120  loss=4.1368
  [supcon] epoch 26/120  loss=4.1131
  [supcon] epoch 27/120  loss=4.0893
  [supcon] epoch 28/120  loss=4.0688
  [supcon] epoch 29/120  loss=4.0468
  [supcon] epoch 30/120  loss=4.0269
  [supcon] epoch 31/120  loss=4.0037
  [supcon] epoch 32/120  loss=4.0235
  [supcon] epoch 33/120  loss=3.9914
  [supcon] epoch 34/120  loss=3.9775
  [supcon] epoch 35/120  loss=3.9887
  [supcon] epoch 36/120  loss=3.9549
  [supcon] epoch 37/120  loss=3.9287
  [supcon] epoch 38/120  loss=3.9054
  [supcon] epoch 39/120  loss=3.9040
  [supcon] epoch 40/120  loss=3.9010
  [supcon] epoch 41/120  loss=3.9114
  [supcon] epoch 42/120  loss=3.8983
  [supcon] epoch 43/120  loss=3.8596
  [supcon] epoch 44/120  loss=3.8748
  [supcon] epoch 45/120  loss=3.8515
  [supcon] epoch 46/120  loss=3.8417
  [supcon] epoch 47/120  loss=3.8252
  [supcon] epoch 48/120  loss=3.8242
  [supcon] epoch 49/120  loss=3.8033
  [supcon] epoch 50/120  loss=3.7850
  [supcon] epoch 51/120  loss=3.7892
  [supcon] epoch 52/120  loss=3.8112
  [supcon] epoch 53/120  loss=3.7816
  [supcon] epoch 54/120  loss=3.7611
  [supcon] epoch 55/120  loss=3.7647
  [supcon] epoch 56/120  loss=3.7450
  [supcon] epoch 57/120  loss=3.7298
  [supcon] epoch 58/120  loss=3.7377
  [supcon] epoch 59/120  loss=3.7235
  [supcon] epoch 60/120  loss=3.7381
  [supcon] epoch 61/120  loss=3.7161
  [supcon] epoch 62/120  loss=3.6925
  [supcon] epoch 63/120  loss=3.7100
  [supcon] epoch 64/120  loss=3.6981
  [supcon] epoch 65/120  loss=3.6757
  [supcon] epoch 66/120  loss=3.6755
  [supcon] epoch 67/120  loss=3.6704
  [supcon] epoch 68/120  loss=3.6695
  [supcon] epoch 69/120  loss=3.6632
  [supcon] epoch 70/120  loss=3.6506
  [supcon] epoch 71/120  loss=3.6494
  [supcon] epoch 72/120  loss=3.6288
  [supcon] epoch 73/120  loss=3.6449
  [supcon] epoch 74/120  loss=3.6431
  [supcon] epoch 75/120  loss=3.6261
  [supcon] epoch 76/120  loss=3.6086
  [supcon] epoch 77/120  loss=3.6186
  [supcon] epoch 78/120  loss=3.6083
  [supcon] epoch 79/120  loss=3.5972
  [supcon] epoch 80/120  loss=3.6046
  [supcon] epoch 81/120  loss=3.6085
  [supcon] epoch 82/120  loss=3.5937
  [supcon] epoch 83/120  loss=3.6010
  [supcon] epoch 84/120  loss=3.5625
  [supcon] epoch 85/120  loss=3.5766
  [supcon] epoch 86/120  loss=3.5970
  [supcon] epoch 87/120  loss=3.5654
  [supcon] epoch 88/120  loss=3.5600
  [supcon] epoch 89/120  loss=3.5571
  [supcon] epoch 90/120  loss=3.5534
  [supcon] epoch 91/120  loss=3.5512
  [supcon] epoch 92/120  loss=3.5443
  [supcon] epoch 93/120  loss=3.5296
  [supcon] epoch 94/120  loss=3.5174
  [supcon] epoch 95/120  loss=3.5117
  [supcon] epoch 96/120  loss=3.5243
  [supcon] epoch 97/120  loss=3.5242
  [supcon] epoch 98/120  loss=3.5354
  [supcon] epoch 99/120  loss=3.5359
  [supcon] epoch 100/120  loss=3.5133
  [supcon] epoch 101/120  loss=3.5050
  [supcon] epoch 102/120  loss=3.4829
  [supcon] epoch 103/120  loss=3.4947
  [supcon] epoch 104/120  loss=3.4902
  [supcon] epoch 105/120  loss=3.4915
  [supcon] epoch 106/120  loss=3.4950
  [supcon] epoch 107/120  loss=3.4961
  [supcon] epoch 108/120  loss=3.5224
  [supcon] epoch 109/120  loss=3.5245
  [supcon] epoch 110/120  loss=3.5010
  [supcon] epoch 111/120  loss=3.5045
  [supcon] epoch 112/120  loss=3.4719
  [supcon] epoch 113/120  loss=3.4612
  [supcon] epoch 114/120  loss=3.4571
  [supcon] epoch 115/120  loss=3.4472
  [supcon] epoch 116/120  loss=3.4623
  [supcon] epoch 117/120  loss=3.4497
  [supcon] epoch 118/120  loss=3.4406
  [supcon] epoch 119/120  loss=3.4476
  [supcon] epoch 120/120  loss=3.4591
  [supcon        ] probe=0.8015+-0.0030 acc=0.6653 supAUC=0.9758 eucl=0.7555 mahaT=0.7566 mahaPC=0.7619

----- supcon_sigreg (labels) -----
  [softmax/cosine] epoch 1/120  interaction=5.6198  marginal=0.5417
  [softmax/cosine] epoch 2/120  interaction=5.3157  marginal=0.3074
  [softmax/cosine] epoch 3/120  interaction=5.2032  marginal=0.2512
  [softmax/cosine] epoch 4/120  interaction=5.1300  marginal=0.2439
  [softmax/cosine] epoch 5/120  interaction=5.0639  marginal=0.2286
  [softmax/cosine] epoch 6/120  interaction=5.0131  marginal=0.2129
  [softmax/cosine] epoch 7/120  interaction=4.9599  marginal=0.2006
  [softmax/cosine] epoch 8/120  interaction=4.9338  marginal=0.1971
  [softmax/cosine] epoch 9/120  interaction=4.8928  marginal=0.1671
  [softmax/cosine] epoch 10/120  interaction=4.8540  marginal=0.1737
  [softmax/cosine] epoch 11/120  interaction=4.8220  marginal=0.1665
  [softmax/cosine] epoch 12/120  interaction=4.8051  marginal=0.1724
  [softmax/cosine] epoch 13/120  interaction=4.7606  marginal=0.1585
  [softmax/cosine] epoch 14/120  interaction=4.7214  marginal=0.1391
  [softmax/cosine] epoch 15/120  interaction=4.6922  marginal=0.1408
  [softmax/cosine] epoch 16/120  interaction=4.6646  marginal=0.1413
  [softmax/cosine] epoch 17/120  interaction=4.6582  marginal=0.1325
  [softmax/cosine] epoch 18/120  interaction=4.6336  marginal=0.1337
  [softmax/cosine] epoch 19/120  interaction=4.6007  marginal=0.1239
  [softmax/cosine] epoch 20/120  interaction=4.5859  marginal=0.1283
  [softmax/cosine] epoch 21/120  interaction=4.5641  marginal=0.1215
  [softmax/cosine] epoch 22/120  interaction=4.5403  marginal=0.1191
  [softmax/cosine] epoch 23/120  interaction=4.5343  marginal=0.1163
  [softmax/cosine] epoch 24/120  interaction=4.5103  marginal=0.1231
  [softmax/cosine] epoch 25/120  interaction=4.4935  marginal=0.1156
  [softmax/cosine] epoch 26/120  interaction=4.4620  marginal=0.1040
  [softmax/cosine] epoch 27/120  interaction=4.4468  marginal=0.1063
  [softmax/cosine] epoch 28/120  interaction=4.4306  marginal=0.1025
  [softmax/cosine] epoch 29/120  interaction=4.4224  marginal=0.1129
  [softmax/cosine] epoch 30/120  interaction=4.4139  marginal=0.1210
  [softmax/cosine] epoch 31/120  interaction=4.3893  marginal=0.1221
  [softmax/cosine] epoch 32/120  interaction=4.3735  marginal=0.1094
  [softmax/cosine] epoch 33/120  interaction=4.3664  marginal=0.1046
  [softmax/cosine] epoch 34/120  interaction=4.3285  marginal=0.0986
  [softmax/cosine] epoch 35/120  interaction=4.3119  marginal=0.0986
  [softmax/cosine] epoch 36/120  interaction=4.3065  marginal=0.0955
  [softmax/cosine] epoch 37/120  interaction=4.2879  marginal=0.0962
  [softmax/cosine] epoch 38/120  interaction=4.2876  marginal=0.0948
  [softmax/cosine] epoch 39/120  interaction=4.2772  marginal=0.0944
  [softmax/cosine] epoch 40/120  interaction=4.2602  marginal=0.0952
  [softmax/cosine] epoch 41/120  interaction=4.2323  marginal=0.0945
  [softmax/cosine] epoch 42/120  interaction=4.2261  marginal=0.0906
  [softmax/cosine] epoch 43/120  interaction=4.2222  marginal=0.0954
  [softmax/cosine] epoch 44/120  interaction=4.1912  marginal=0.0953
  [softmax/cosine] epoch 45/120  interaction=4.1752  marginal=0.0898
  [softmax/cosine] epoch 46/120  interaction=4.1807  marginal=0.0871
  [softmax/cosine] epoch 47/120  interaction=4.1788  marginal=0.0916
  [softmax/cosine] epoch 48/120  interaction=4.1666  marginal=0.0902
  [softmax/cosine] epoch 49/120  interaction=4.1527  marginal=0.0995
  [softmax/cosine] epoch 50/120  interaction=4.1273  marginal=0.0926
  [softmax/cosine] epoch 51/120  interaction=4.1231  marginal=0.0979
  [softmax/cosine] epoch 52/120  interaction=4.1067  marginal=0.0872
  [softmax/cosine] epoch 53/120  interaction=4.1084  marginal=0.0852
  [softmax/cosine] epoch 54/120  interaction=4.0872  marginal=0.0878
  [softmax/cosine] epoch 55/120  interaction=4.0852  marginal=0.0909
  [softmax/cosine] epoch 56/120  interaction=4.0719  marginal=0.0905
  [softmax/cosine] epoch 57/120  interaction=4.0659  marginal=0.0867
  [softmax/cosine] epoch 58/120  interaction=4.0467  marginal=0.0863
  [softmax/cosine] epoch 59/120  interaction=4.0310  marginal=0.0863
  [softmax/cosine] epoch 60/120  interaction=4.0296  marginal=0.0848
  [softmax/cosine] epoch 61/120  interaction=4.0304  marginal=0.0786
  [softmax/cosine] epoch 62/120  interaction=4.0203  marginal=0.0819
  [softmax/cosine] epoch 63/120  interaction=3.9897  marginal=0.0818
  [softmax/cosine] epoch 64/120  interaction=4.0071  marginal=0.0830
  [softmax/cosine] epoch 65/120  interaction=3.9827  marginal=0.0779
  [softmax/cosine] epoch 66/120  interaction=4.0019  marginal=0.0871
  [softmax/cosine] epoch 67/120  interaction=3.9760  marginal=0.0817
  [softmax/cosine] epoch 68/120  interaction=3.9703  marginal=0.0757
  [softmax/cosine] epoch 69/120  interaction=3.9486  marginal=0.0796
  [softmax/cosine] epoch 70/120  interaction=3.9401  marginal=0.0826
  [softmax/cosine] epoch 71/120  interaction=3.9354  marginal=0.0816
  [softmax/cosine] epoch 72/120  interaction=3.9406  marginal=0.0757
  [softmax/cosine] epoch 73/120  interaction=3.9076  marginal=0.0828
  [softmax/cosine] epoch 74/120  interaction=3.9320  marginal=0.0822
  [softmax/cosine] epoch 75/120  interaction=3.9123  marginal=0.0802
  [softmax/cosine] epoch 76/120  interaction=3.8933  marginal=0.0805
  [softmax/cosine] epoch 77/120  interaction=3.8713  marginal=0.0720
  [softmax/cosine] epoch 78/120  interaction=3.8687  marginal=0.0733
  [softmax/cosine] epoch 79/120  interaction=3.8633  marginal=0.0699
  [softmax/cosine] epoch 80/120  interaction=3.8705  marginal=0.0802
  [softmax/cosine] epoch 81/120  interaction=3.8771  marginal=0.0773
  [softmax/cosine] epoch 82/120  interaction=3.8799  marginal=0.0818
  [softmax/cosine] epoch 83/120  interaction=3.8709  marginal=0.0830
  [softmax/cosine] epoch 84/120  interaction=3.8469  marginal=0.0750
  [softmax/cosine] epoch 85/120  interaction=3.8367  marginal=0.0721
  [softmax/cosine] epoch 86/120  interaction=3.8300  marginal=0.0668
  [softmax/cosine] epoch 87/120  interaction=3.8165  marginal=0.0717
  [softmax/cosine] epoch 88/120  interaction=3.8174  marginal=0.0712
  [softmax/cosine] epoch 89/120  interaction=3.8073  marginal=0.0758
  [softmax/cosine] epoch 90/120  interaction=3.8067  marginal=0.0713
  [softmax/cosine] epoch 91/120  interaction=3.7998  marginal=0.0729
  [softmax/cosine] epoch 92/120  interaction=3.7972  marginal=0.0788
  [softmax/cosine] epoch 93/120  interaction=3.8041  marginal=0.0777
  [softmax/cosine] epoch 94/120  interaction=3.8067  marginal=0.0761
  [softmax/cosine] epoch 95/120  interaction=3.7702  marginal=0.0708
  [softmax/cosine] epoch 96/120  interaction=3.7869  marginal=0.0770
  [softmax/cosine] epoch 97/120  interaction=3.7606  marginal=0.0724
  [softmax/cosine] epoch 98/120  interaction=3.7713  marginal=0.0702
  [softmax/cosine] epoch 99/120  interaction=3.7535  marginal=0.0707
  [softmax/cosine] epoch 100/120  interaction=3.7408  marginal=0.0673
  [softmax/cosine] epoch 101/120  interaction=3.7481  marginal=0.0678
  [softmax/cosine] epoch 102/120  interaction=3.7549  marginal=0.0702
  [softmax/cosine] epoch 103/120  interaction=3.7392  marginal=0.0683
  [softmax/cosine] epoch 104/120  interaction=3.7288  marginal=0.0692
  [softmax/cosine] epoch 105/120  interaction=3.7150  marginal=0.0687
  [softmax/cosine] epoch 106/120  interaction=3.7169  marginal=0.0664
  [softmax/cosine] epoch 107/120  interaction=3.7010  marginal=0.0627
  [softmax/cosine] epoch 108/120  interaction=3.7021  marginal=0.0716
  [softmax/cosine] epoch 109/120  interaction=3.6957  marginal=0.0686
  [softmax/cosine] epoch 110/120  interaction=3.6868  marginal=0.0685
  [softmax/cosine] epoch 111/120  interaction=3.6944  marginal=0.0711
  [softmax/cosine] epoch 112/120  interaction=3.6795  marginal=0.0713
  [softmax/cosine] epoch 113/120  interaction=3.6727  marginal=0.0692
  [softmax/cosine] epoch 114/120  interaction=3.6734  marginal=0.0672
  [softmax/cosine] epoch 115/120  interaction=3.6576  marginal=0.0651
  [softmax/cosine] epoch 116/120  interaction=3.6590  marginal=0.0650
  [softmax/cosine] epoch 117/120  interaction=3.6671  marginal=0.0672
  [softmax/cosine] epoch 118/120  interaction=3.6520  marginal=0.0702
  [softmax/cosine] epoch 119/120  interaction=3.6653  marginal=0.0691
  [softmax/cosine] epoch 120/120  interaction=3.6527  marginal=0.0655
  [supcon_sigreg ] probe=0.7858+-0.0048 acc=0.6557 supAUC=0.9887 eucl=0.7926 mahaT=0.7681 mahaPC=0.7934

----- nplm_bilinear (augmentations only) -----
  [nplm/bilinear] epoch 1/120  interaction=12.9967  marginal=0.8974
  [nplm/bilinear] epoch 2/120  interaction=1.1914  marginal=0.8919
  [nplm/bilinear] epoch 3/120  interaction=-0.1099  marginal=0.8440
  [nplm/bilinear] epoch 4/120  interaction=-0.4102  marginal=0.7770
  [nplm/bilinear] epoch 5/120  interaction=-0.6209  marginal=0.7240
  [nplm/bilinear] epoch 6/120  interaction=-0.7434  marginal=0.6920
  [nplm/bilinear] epoch 7/120  interaction=-0.8434  marginal=0.6621
  [nplm/bilinear] epoch 8/120  interaction=-0.9720  marginal=0.6328
  [nplm/bilinear] epoch 9/120  interaction=-1.0646  marginal=0.6152
  [nplm/bilinear] epoch 10/120  interaction=-1.1130  marginal=0.6056
  [nplm/bilinear] epoch 11/120  interaction=-1.1388  marginal=0.6074
  [nplm/bilinear] epoch 12/120  interaction=-1.1803  marginal=0.5925
  [nplm/bilinear] epoch 13/120  interaction=-1.2398  marginal=0.5894
  [nplm/bilinear] epoch 14/120  interaction=-1.2587  marginal=0.5779
  [nplm/bilinear] epoch 15/120  interaction=-1.2633  marginal=0.5708
  [nplm/bilinear] epoch 16/120  interaction=-1.2723  marginal=0.5735
  [nplm/bilinear] epoch 17/120  interaction=-1.3398  marginal=0.5543
  [nplm/bilinear] epoch 18/120  interaction=-1.4014  marginal=0.5662
  [nplm/bilinear] epoch 19/120  interaction=-1.4333  marginal=0.5464
  [nplm/bilinear] epoch 20/120  interaction=-1.4789  marginal=0.5527
  [nplm/bilinear] epoch 21/120  interaction=-1.5120  marginal=0.5427
  [nplm/bilinear] epoch 22/120  interaction=-1.5188  marginal=0.5469
  [nplm/bilinear] epoch 23/120  interaction=-1.5517  marginal=0.5394
  [nplm/bilinear] epoch 24/120  interaction=-1.5668  marginal=0.5279
  [nplm/bilinear] epoch 25/120  interaction=-1.6081  marginal=0.5310
  [nplm/bilinear] epoch 26/120  interaction=-1.6494  marginal=0.5139
  [nplm/bilinear] epoch 27/120  interaction=-1.6857  marginal=0.5178
  [nplm/bilinear] epoch 28/120  interaction=-1.7045  marginal=0.5187
  [nplm/bilinear] epoch 29/120  interaction=-1.7100  marginal=0.5168
  [nplm/bilinear] epoch 30/120  interaction=-1.7319  marginal=0.5155
  [nplm/bilinear] epoch 31/120  interaction=-1.7427  marginal=0.5095
  [nplm/bilinear] epoch 32/120  interaction=-1.7384  marginal=0.5100
  [nplm/bilinear] epoch 33/120  interaction=-1.7588  marginal=0.5085
  [nplm/bilinear] epoch 34/120  interaction=-1.7572  marginal=0.5005
  [nplm/bilinear] epoch 35/120  interaction=-1.7867  marginal=0.5100
  [nplm/bilinear] epoch 36/120  interaction=-1.7941  marginal=0.5077
  [nplm/bilinear] epoch 37/120  interaction=-1.7941  marginal=0.4989
  [nplm/bilinear] epoch 38/120  interaction=-1.7959  marginal=0.5046
  [nplm/bilinear] epoch 39/120  interaction=-1.8391  marginal=0.4969
  [nplm/bilinear] epoch 40/120  interaction=-1.8483  marginal=0.4979
  [nplm/bilinear] epoch 41/120  interaction=-1.8498  marginal=0.5010
  [nplm/bilinear] epoch 42/120  interaction=-1.8469  marginal=0.4962
  [nplm/bilinear] epoch 43/120  interaction=-1.8334  marginal=0.4938
  [nplm/bilinear] epoch 44/120  interaction=-1.8198  marginal=0.5038
  [nplm/bilinear] epoch 45/120  interaction=-1.8563  marginal=0.4967
  [nplm/bilinear] epoch 46/120  interaction=-1.8938  marginal=0.4936
  [nplm/bilinear] epoch 47/120  interaction=-1.6654  marginal=0.4898
  [nplm/bilinear] epoch 48/120  interaction=-1.5919  marginal=0.5132
  [nplm/bilinear] epoch 49/120  interaction=-1.7119  marginal=0.5217
  [nplm/bilinear] epoch 50/120  interaction=-1.8188  marginal=0.4995
  [nplm/bilinear] epoch 51/120  interaction=-1.8691  marginal=0.4900
  [nplm/bilinear] epoch 52/120  interaction=-1.8894  marginal=0.4893
  [nplm/bilinear] epoch 53/120  interaction=-1.8862  marginal=0.4924
  [nplm/bilinear] epoch 54/120  interaction=-1.9027  marginal=0.4936
  [nplm/bilinear] epoch 55/120  interaction=-1.8935  marginal=0.4874
  [nplm/bilinear] epoch 56/120  interaction=-1.9195  marginal=0.4938
  [nplm/bilinear] epoch 57/120  interaction=-1.9336  marginal=0.4949
  [nplm/bilinear] epoch 58/120  interaction=-1.9593  marginal=0.4781
  [nplm/bilinear] epoch 59/120  interaction=-1.9365  marginal=0.4888
  [nplm/bilinear] epoch 60/120  interaction=-1.9494  marginal=0.4897
  [nplm/bilinear] epoch 61/120  interaction=-1.9706  marginal=0.4801
  [nplm/bilinear] epoch 62/120  interaction=-1.9791  marginal=0.4848
  [nplm/bilinear] epoch 63/120  interaction=-1.9826  marginal=0.4853
  [nplm/bilinear] epoch 64/120  interaction=-1.9847  marginal=0.4770
  [nplm/bilinear] epoch 65/120  interaction=-2.0141  marginal=0.4765
  [nplm/bilinear] epoch 66/120  interaction=-2.0202  marginal=0.4735
  [nplm/bilinear] epoch 67/120  interaction=-2.0423  marginal=0.4767
  [nplm/bilinear] epoch 68/120  interaction=-1.4224  marginal=0.4961
  [nplm/bilinear] epoch 69/120  interaction=-1.6360  marginal=0.5247
  [nplm/bilinear] epoch 70/120  interaction=-1.8193  marginal=0.5063
  [nplm/bilinear] epoch 71/120  interaction=-1.9152  marginal=0.4935
  [nplm/bilinear] epoch 72/120  interaction=-1.7584  marginal=0.4884
  [nplm/bilinear] epoch 73/120  interaction=-1.7764  marginal=0.5116
  [nplm/bilinear] epoch 74/120  interaction=-1.8871  marginal=0.4978
  [nplm/bilinear] epoch 75/120  interaction=-1.9160  marginal=0.4814
  [nplm/bilinear] epoch 76/120  interaction=-1.9644  marginal=0.4803
  [nplm/bilinear] epoch 77/120  interaction=-1.9775  marginal=0.4831
  [nplm/bilinear] epoch 78/120  interaction=-1.9946  marginal=0.4796
  [nplm/bilinear] epoch 79/120  interaction=-2.0176  marginal=0.4839
  [nplm/bilinear] epoch 80/120  interaction=-2.0584  marginal=0.4793
  [nplm/bilinear] epoch 81/120  interaction=-2.0638  marginal=0.4754
  [nplm/bilinear] epoch 82/120  interaction=-2.0769  marginal=0.4727
  [nplm/bilinear] epoch 83/120  interaction=-2.0927  marginal=0.4759
  [nplm/bilinear] epoch 84/120  interaction=-2.1114  marginal=0.4711
  [nplm/bilinear] epoch 85/120  interaction=-2.1038  marginal=0.4638
  [nplm/bilinear] epoch 86/120  interaction=-2.1224  marginal=0.4654
  [nplm/bilinear] epoch 87/120  interaction=-2.1304  marginal=0.4734
  [nplm/bilinear] epoch 88/120  interaction=-2.1398  marginal=0.4654
  [nplm/bilinear] epoch 89/120  interaction=-2.1532  marginal=0.4657
  [nplm/bilinear] epoch 90/120  interaction=-2.1697  marginal=0.4654
  [nplm/bilinear] epoch 91/120  interaction=-2.1823  marginal=0.4580
  [nplm/bilinear] epoch 92/120  interaction=-2.1873  marginal=0.4632
  [nplm/bilinear] epoch 93/120  interaction=-2.1940  marginal=0.4571
  [nplm/bilinear] epoch 94/120  interaction=-2.2007  marginal=0.4600
  [nplm/bilinear] epoch 95/120  interaction=-2.1880  marginal=0.4580
  [nplm/bilinear] epoch 96/120  interaction=-2.1888  marginal=0.4613
  [nplm/bilinear] epoch 97/120  interaction=-2.1976  marginal=0.4660
  [nplm/bilinear] epoch 98/120  interaction=-2.2222  marginal=0.4587
  [nplm/bilinear] epoch 99/120  interaction=-2.2402  marginal=0.4587
  [nplm/bilinear] epoch 100/120  interaction=-2.2469  marginal=0.4557
  [nplm/bilinear] epoch 101/120  interaction=-2.2583  marginal=0.4581
  [nplm/bilinear] epoch 102/120  interaction=-2.2890  marginal=0.4501
  [nplm/bilinear] epoch 103/120  interaction=-2.2716  marginal=0.4437
  [nplm/bilinear] epoch 104/120  interaction=-2.2773  marginal=0.4499
  [nplm/bilinear] epoch 105/120  interaction=-2.2974  marginal=0.4513
  [nplm/bilinear] epoch 106/120  interaction=-2.2922  marginal=0.4520
  [nplm/bilinear] epoch 107/120  interaction=-2.3022  marginal=0.4551
  [nplm/bilinear] epoch 108/120  interaction=-2.3118  marginal=0.4506
  [nplm/bilinear] epoch 109/120  interaction=-2.3095  marginal=0.4457
  [nplm/bilinear] epoch 110/120  interaction=-2.3339  marginal=0.4516
  [nplm/bilinear] epoch 111/120  interaction=-2.3029  marginal=0.4466
  [nplm/bilinear] epoch 112/120  interaction=-2.3253  marginal=0.4487
  [nplm/bilinear] epoch 113/120  interaction=-2.3672  marginal=0.4437
  [nplm/bilinear] epoch 114/120  interaction=-2.3849  marginal=0.4431
  [nplm/bilinear] epoch 115/120  interaction=-2.4196  marginal=0.4432
  [nplm/bilinear] epoch 116/120  interaction=-2.3554  marginal=0.4391
  [nplm/bilinear] epoch 117/120  interaction=-2.3757  marginal=0.4396
  [nplm/bilinear] epoch 118/120  interaction=-2.4008  marginal=0.4433
  [nplm/bilinear] epoch 119/120  interaction=-2.4264  marginal=0.4395
  [nplm/bilinear] epoch 120/120  interaction=-2.4512  marginal=0.4326
  [nplm_bilinear ] probe=0.7535+-0.0049 acc=0.3070 supAUC=0.9411 eucl=0.5255 mahaT=0.6553 mahaPC=0.6974

----- nplm_distance (augmentations only) -----
  [nplm/distance] epoch 1/120  interaction=-0.5706  marginal=0.4621
  [nplm/distance] epoch 2/120  interaction=-0.7094  marginal=0.3433
  [nplm/distance] epoch 3/120  interaction=-0.7232  marginal=0.2724
  [nplm/distance] epoch 4/120  interaction=-0.7429  marginal=0.2629
  [nplm/distance] epoch 5/120  interaction=-0.7533  marginal=0.2436
  [nplm/distance] epoch 6/120  interaction=-0.7653  marginal=0.2409
  [nplm/distance] epoch 7/120  interaction=-0.7697  marginal=0.2364
  [nplm/distance] epoch 8/120  interaction=-0.7721  marginal=0.2265
  [nplm/distance] epoch 9/120  interaction=-0.7773  marginal=0.2233
  [nplm/distance] epoch 10/120  interaction=-0.7851  marginal=0.2318
  [nplm/distance] epoch 11/120  interaction=-0.7910  marginal=0.2213
  [nplm/distance] epoch 12/120  interaction=-0.7956  marginal=0.2310
  [nplm/distance] epoch 13/120  interaction=-0.7921  marginal=0.2158
  [nplm/distance] epoch 14/120  interaction=-0.7960  marginal=0.2113
  [nplm/distance] epoch 15/120  interaction=-0.8020  marginal=0.2022
  [nplm/distance] epoch 16/120  interaction=-0.7981  marginal=0.2061
  [nplm/distance] epoch 17/120  interaction=-0.8042  marginal=0.2065
  [nplm/distance] epoch 18/120  interaction=-0.8043  marginal=0.2022
  [nplm/distance] epoch 19/120  interaction=-0.8121  marginal=0.2143
  [nplm/distance] epoch 20/120  interaction=-0.8061  marginal=0.2044
  [nplm/distance] epoch 21/120  interaction=-0.8084  marginal=0.1956
  [nplm/distance] epoch 22/120  interaction=-0.8118  marginal=0.1968
  [nplm/distance] epoch 23/120  interaction=-0.8144  marginal=0.1996
  [nplm/distance] epoch 24/120  interaction=-0.8046  marginal=0.2020
  [nplm/distance] epoch 25/120  interaction=-0.8134  marginal=0.1996
  [nplm/distance] epoch 26/120  interaction=-0.8154  marginal=0.1964
  [nplm/distance] epoch 27/120  interaction=-0.8153  marginal=0.1878
  [nplm/distance] epoch 28/120  interaction=-0.8180  marginal=0.1891
  [nplm/distance] epoch 29/120  interaction=-0.8173  marginal=0.1839
  [nplm/distance] epoch 30/120  interaction=-0.8250  marginal=0.1819
  [nplm/distance] epoch 31/120  interaction=-0.8204  marginal=0.1880
  [nplm/distance] epoch 32/120  interaction=-0.8158  marginal=0.1865
  [nplm/distance] epoch 33/120  interaction=-0.8163  marginal=0.1781
  [nplm/distance] epoch 34/120  interaction=-0.8262  marginal=0.1757
  [nplm/distance] epoch 35/120  interaction=-0.8206  marginal=0.1857
  [nplm/distance] epoch 36/120  interaction=-0.8273  marginal=0.1854
  [nplm/distance] epoch 37/120  interaction=-0.8230  marginal=0.1780
  [nplm/distance] epoch 38/120  interaction=-0.8199  marginal=0.1848
  [nplm/distance] epoch 39/120  interaction=-0.8283  marginal=0.1719
  [nplm/distance] epoch 40/120  interaction=-0.8269  marginal=0.1938
  [nplm/distance] epoch 41/120  interaction=-0.8263  marginal=0.1857
  [nplm/distance] epoch 42/120  interaction=-0.8241  marginal=0.1828
  [nplm/distance] epoch 43/120  interaction=-0.8277  marginal=0.1815
  [nplm/distance] epoch 44/120  interaction=-0.8351  marginal=0.1868
  [nplm/distance] epoch 45/120  interaction=-0.8323  marginal=0.1868
  [nplm/distance] epoch 46/120  interaction=-0.8250  marginal=0.1648
  [nplm/distance] epoch 47/120  interaction=-0.8290  marginal=0.1767
  [nplm/distance] epoch 48/120  interaction=-0.8314  marginal=0.1719
  [nplm/distance] epoch 49/120  interaction=-0.8315  marginal=0.1686
  [nplm/distance] epoch 50/120  interaction=-0.8312  marginal=0.1779
  [nplm/distance] epoch 51/120  interaction=-0.8316  marginal=0.1816
  [nplm/distance] epoch 52/120  interaction=-0.8312  marginal=0.1726
  [nplm/distance] epoch 53/120  interaction=-0.8305  marginal=0.1742
  [nplm/distance] epoch 54/120  interaction=-0.8285  marginal=0.1687
  [nplm/distance] epoch 55/120  interaction=-0.8359  marginal=0.1661
  [nplm/distance] epoch 56/120  interaction=-0.8346  marginal=0.1752
  [nplm/distance] epoch 57/120  interaction=-0.8350  marginal=0.1631
  [nplm/distance] epoch 58/120  interaction=-0.8335  marginal=0.1690
  [nplm/distance] epoch 59/120  interaction=-0.8363  marginal=0.1569
  [nplm/distance] epoch 60/120  interaction=-0.8397  marginal=0.1631
  [nplm/distance] epoch 61/120  interaction=-0.8375  marginal=0.1700
  [nplm/distance] epoch 62/120  interaction=-0.8313  marginal=0.1599
  [nplm/distance] epoch 63/120  interaction=-0.8366  marginal=0.1691
  [nplm/distance] epoch 64/120  interaction=-0.8352  marginal=0.1693
  [nplm/distance] epoch 65/120  interaction=-0.8408  marginal=0.1688
  [nplm/distance] epoch 66/120  interaction=-0.8369  marginal=0.1715
  [nplm/distance] epoch 67/120  interaction=-0.8413  marginal=0.1693
  [nplm/distance] epoch 68/120  interaction=-0.8365  marginal=0.1591
  [nplm/distance] epoch 69/120  interaction=-0.8414  marginal=0.1714
  [nplm/distance] epoch 70/120  interaction=-0.8397  marginal=0.1732
  [nplm/distance] epoch 71/120  interaction=-0.8384  marginal=0.1646
  [nplm/distance] epoch 72/120  interaction=-0.8396  marginal=0.1622
  [nplm/distance] epoch 73/120  interaction=-0.8408  marginal=0.1624
  [nplm/distance] epoch 74/120  interaction=-0.8376  marginal=0.1648
  [nplm/distance] epoch 75/120  interaction=-0.8417  marginal=0.1583
  [nplm/distance] epoch 76/120  interaction=-0.8414  marginal=0.1627
  [nplm/distance] epoch 77/120  interaction=-0.8464  marginal=0.1672
  [nplm/distance] epoch 78/120  interaction=-0.8389  marginal=0.1522
  [nplm/distance] epoch 79/120  interaction=-0.8420  marginal=0.1576
  [nplm/distance] epoch 80/120  interaction=-0.8429  marginal=0.1563
  [nplm/distance] epoch 81/120  interaction=-0.8423  marginal=0.1562
  [nplm/distance] epoch 82/120  interaction=-0.8425  marginal=0.1562
  [nplm/distance] epoch 83/120  interaction=-0.8431  marginal=0.1578
  [nplm/distance] epoch 84/120  interaction=-0.8481  marginal=0.1547
  [nplm/distance] epoch 85/120  interaction=-0.8388  marginal=0.1541
  [nplm/distance] epoch 86/120  interaction=-0.8440  marginal=0.1536
  [nplm/distance] epoch 87/120  interaction=-0.8455  marginal=0.1584
  [nplm/distance] epoch 88/120  interaction=-0.8409  marginal=0.1553
  [nplm/distance] epoch 89/120  interaction=-0.8416  marginal=0.1564
  [nplm/distance] epoch 90/120  interaction=-0.8451  marginal=0.1605
  [nplm/distance] epoch 91/120  interaction=-0.8419  marginal=0.1544
  [nplm/distance] epoch 92/120  interaction=-0.8435  marginal=0.1499
  [nplm/distance] epoch 93/120  interaction=-0.8449  marginal=0.1574
  [nplm/distance] epoch 94/120  interaction=-0.8450  marginal=0.1468
  [nplm/distance] epoch 95/120  interaction=-0.8449  marginal=0.1586
  [nplm/distance] epoch 96/120  interaction=-0.8475  marginal=0.1631
  [nplm/distance] epoch 97/120  interaction=-0.8442  marginal=0.1546
  [nplm/distance] epoch 98/120  interaction=-0.8467  marginal=0.1570
  [nplm/distance] epoch 99/120  interaction=-0.8475  marginal=0.1500
  [nplm/distance] epoch 100/120  interaction=-0.8489  marginal=0.1530
  [nplm/distance] epoch 101/120  interaction=-0.8469  marginal=0.1485
  [nplm/distance] epoch 102/120  interaction=-0.8449  marginal=0.1371
  [nplm/distance] epoch 103/120  interaction=-0.8513  marginal=0.1552
  [nplm/distance] epoch 104/120  interaction=-0.8470  marginal=0.1495
  [nplm/distance] epoch 105/120  interaction=-0.8469  marginal=0.1515
  [nplm/distance] epoch 106/120  interaction=-0.8515  marginal=0.1574
  [nplm/distance] epoch 107/120  interaction=-0.8463  marginal=0.1483
  [nplm/distance] epoch 108/120  interaction=-0.8524  marginal=0.1531
  [nplm/distance] epoch 109/120  interaction=-0.8457  marginal=0.1493
  [nplm/distance] epoch 110/120  interaction=-0.8484  marginal=0.1556
  [nplm/distance] epoch 111/120  interaction=-0.8473  marginal=0.1478
  [nplm/distance] epoch 112/120  interaction=-0.8507  marginal=0.1525
  [nplm/distance] epoch 113/120  interaction=-0.8483  marginal=0.1463
  [nplm/distance] epoch 114/120  interaction=-0.8484  marginal=0.1463
  [nplm/distance] epoch 115/120  interaction=-0.8474  marginal=0.1483
  [nplm/distance] epoch 116/120  interaction=-0.8497  marginal=0.1618
  [nplm/distance] epoch 117/120  interaction=-0.8498  marginal=0.1485
  [nplm/distance] epoch 118/120  interaction=-0.8510  marginal=0.1489
  [nplm/distance] epoch 119/120  interaction=-0.8502  marginal=0.1490
  [nplm/distance] epoch 120/120  interaction=-0.8506  marginal=0.1382
  [nplm_distance ] probe=0.7454+-0.0035 acc=0.1447 supAUC=0.8666 eucl=0.5025 mahaT=0.6808 mahaPC=0.6756

----- nplm_sup_dist (labels) -----
  [nplm/distance] epoch 1/120  interaction=-0.3607  marginal=0.5387
  [nplm/distance] epoch 2/120  interaction=-0.4885  marginal=0.4480
  [nplm/distance] epoch 3/120  interaction=-0.5111  marginal=0.4213
  [nplm/distance] epoch 4/120  interaction=-0.5305  marginal=0.4304
  [nplm/distance] epoch 5/120  interaction=-0.5250  marginal=0.4272
  [nplm/distance] epoch 6/120  interaction=-0.5342  marginal=0.4216
  [nplm/distance] epoch 7/120  interaction=-0.5465  marginal=0.4235
  [nplm/distance] epoch 8/120  interaction=-0.5517  marginal=0.4152
  [nplm/distance] epoch 9/120  interaction=-0.5574  marginal=0.4240
  [nplm/distance] epoch 10/120  interaction=-0.5554  marginal=0.4260
  [nplm/distance] epoch 11/120  interaction=-0.5611  marginal=0.4155
  [nplm/distance] epoch 12/120  interaction=-0.5655  marginal=0.4112
  [nplm/distance] epoch 13/120  interaction=-0.5609  marginal=0.4014
  [nplm/distance] epoch 14/120  interaction=-0.5674  marginal=0.4019
  [nplm/distance] epoch 15/120  interaction=-0.5724  marginal=0.4075
  [nplm/distance] epoch 16/120  interaction=-0.5764  marginal=0.4026
  [nplm/distance] epoch 17/120  interaction=-0.5718  marginal=0.4076
  [nplm/distance] epoch 18/120  interaction=-0.5695  marginal=0.4057
  [nplm/distance] epoch 19/120  interaction=-0.5753  marginal=0.4101
  [nplm/distance] epoch 20/120  interaction=-0.5843  marginal=0.4100
  [nplm/distance] epoch 21/120  interaction=-0.5785  marginal=0.4062
  [nplm/distance] epoch 22/120  interaction=-0.5773  marginal=0.3989
  [nplm/distance] epoch 23/120  interaction=-0.5946  marginal=0.3835
  [nplm/distance] epoch 24/120  interaction=-0.5846  marginal=0.4047
  [nplm/distance] epoch 25/120  interaction=-0.5966  marginal=0.3959
  [nplm/distance] epoch 26/120  interaction=-0.5830  marginal=0.3916
  [nplm/distance] epoch 27/120  interaction=-0.5908  marginal=0.4138
  [nplm/distance] epoch 28/120  interaction=-0.5916  marginal=0.3726
  [nplm/distance] epoch 29/120  interaction=-0.5936  marginal=0.3892
  [nplm/distance] epoch 30/120  interaction=-0.5931  marginal=0.3852
  [nplm/distance] epoch 31/120  interaction=-0.5946  marginal=0.3843
  [nplm/distance] epoch 32/120  interaction=-0.5891  marginal=0.4089
  [nplm/distance] epoch 33/120  interaction=-0.5958  marginal=0.3909
  [nplm/distance] epoch 34/120  interaction=-0.5925  marginal=0.3906
  [nplm/distance] epoch 35/120  interaction=-0.5941  marginal=0.3935
  [nplm/distance] epoch 36/120  interaction=-0.5980  marginal=0.3922
  [nplm/distance] epoch 37/120  interaction=-0.6031  marginal=0.3692
  [nplm/distance] epoch 38/120  interaction=-0.6011  marginal=0.3897
  [nplm/distance] epoch 39/120  interaction=-0.6041  marginal=0.3946
  [nplm/distance] epoch 40/120  interaction=-0.6023  marginal=0.3880
  [nplm/distance] epoch 41/120  interaction=-0.6072  marginal=0.3705
  [nplm/distance] epoch 42/120  interaction=-0.6063  marginal=0.3748
  [nplm/distance] epoch 43/120  interaction=-0.6059  marginal=0.3737
  [nplm/distance] epoch 44/120  interaction=-0.6123  marginal=0.3936
  [nplm/distance] epoch 45/120  interaction=-0.6148  marginal=0.3675
  [nplm/distance] epoch 46/120  interaction=-0.6049  marginal=0.3694
  [nplm/distance] epoch 47/120  interaction=-0.6152  marginal=0.3864
  [nplm/distance] epoch 48/120  interaction=-0.6062  marginal=0.3585
  [nplm/distance] epoch 49/120  interaction=-0.6115  marginal=0.3826
  [nplm/distance] epoch 50/120  interaction=-0.6114  marginal=0.3663
  [nplm/distance] epoch 51/120  interaction=-0.6061  marginal=0.3765
  [nplm/distance] epoch 52/120  interaction=-0.6172  marginal=0.3756
  [nplm/distance] epoch 53/120  interaction=-0.6073  marginal=0.3608
  [nplm/distance] epoch 54/120  interaction=-0.6234  marginal=0.3777
  [nplm/distance] epoch 55/120  interaction=-0.6203  marginal=0.3646
  [nplm/distance] epoch 56/120  interaction=-0.6241  marginal=0.3608
  [nplm/distance] epoch 57/120  interaction=-0.6182  marginal=0.3701
  [nplm/distance] epoch 58/120  interaction=-0.6194  marginal=0.3678
  [nplm/distance] epoch 59/120  interaction=-0.6191  marginal=0.3696
  [nplm/distance] epoch 60/120  interaction=-0.6126  marginal=0.3791
  [nplm/distance] epoch 61/120  interaction=-0.6194  marginal=0.3707
  [nplm/distance] epoch 62/120  interaction=-0.6275  marginal=0.3600
  [nplm/distance] epoch 63/120  interaction=-0.6245  marginal=0.3740
  [nplm/distance] epoch 64/120  interaction=-0.6235  marginal=0.3670
  [nplm/distance] epoch 65/120  interaction=-0.6167  marginal=0.3601
  [nplm/distance] epoch 66/120  interaction=-0.6191  marginal=0.3732
  [nplm/distance] epoch 67/120  interaction=-0.6171  marginal=0.3668
  [nplm/distance] epoch 68/120  interaction=-0.6199  marginal=0.3744
  [nplm/distance] epoch 69/120  interaction=-0.6223  marginal=0.3619
  [nplm/distance] epoch 70/120  interaction=-0.6275  marginal=0.3713
  [nplm/distance] epoch 71/120  interaction=-0.6311  marginal=0.3662
  [nplm/distance] epoch 72/120  interaction=-0.6246  marginal=0.3484
  [nplm/distance] epoch 73/120  interaction=-0.6323  marginal=0.3718
  [nplm/distance] epoch 74/120  interaction=-0.6255  marginal=0.3555
  [nplm/distance] epoch 75/120  interaction=-0.6297  marginal=0.3709
  [nplm/distance] epoch 76/120  interaction=-0.6343  marginal=0.3619
  [nplm/distance] epoch 77/120  interaction=-0.6271  marginal=0.3608
  [nplm/distance] epoch 78/120  interaction=-0.6261  marginal=0.3584
  [nplm/distance] epoch 79/120  interaction=-0.6366  marginal=0.3549
  [nplm/distance] epoch 80/120  interaction=-0.6346  marginal=0.3601
  [nplm/distance] epoch 81/120  interaction=-0.6176  marginal=0.3581
  [nplm/distance] epoch 82/120  interaction=-0.6276  marginal=0.3589
  [nplm/distance] epoch 83/120  interaction=-0.6283  marginal=0.3604
  [nplm/distance] epoch 84/120  interaction=-0.6278  marginal=0.3539
  [nplm/distance] epoch 85/120  interaction=-0.6456  marginal=0.3494
  [nplm/distance] epoch 86/120  interaction=-0.6417  marginal=0.3602
  [nplm/distance] epoch 87/120  interaction=-0.6317  marginal=0.3527
  [nplm/distance] epoch 88/120  interaction=-0.6314  marginal=0.3672
  [nplm/distance] epoch 89/120  interaction=-0.6337  marginal=0.3592
  [nplm/distance] epoch 90/120  interaction=-0.6365  marginal=0.3500
  [nplm/distance] epoch 91/120  interaction=-0.6433  marginal=0.3608
  [nplm/distance] epoch 92/120  interaction=-0.6387  marginal=0.3637
  [nplm/distance] epoch 93/120  interaction=-0.6416  marginal=0.3521
  [nplm/distance] epoch 94/120  interaction=-0.6289  marginal=0.3563
  [nplm/distance] epoch 95/120  interaction=-0.6349  marginal=0.3509
  [nplm/distance] epoch 96/120  interaction=-0.6391  marginal=0.3498
  [nplm/distance] epoch 97/120  interaction=-0.6425  marginal=0.3444
  [nplm/distance] epoch 98/120  interaction=-0.6307  marginal=0.3366
  [nplm/distance] epoch 99/120  interaction=-0.6406  marginal=0.3486
  [nplm/distance] epoch 100/120  interaction=-0.6408  marginal=0.3377
  [nplm/distance] epoch 101/120  interaction=-0.6429  marginal=0.3479
  [nplm/distance] epoch 102/120  interaction=-0.6505  marginal=0.3552
  [nplm/distance] epoch 103/120  interaction=-0.6420  marginal=0.3499
  [nplm/distance] epoch 104/120  interaction=-0.6421  marginal=0.3584
  [nplm/distance] epoch 105/120  interaction=-0.6482  marginal=0.3393
  [nplm/distance] epoch 106/120  interaction=-0.6387  marginal=0.3531
  [nplm/distance] epoch 107/120  interaction=-0.6366  marginal=0.3400
  [nplm/distance] epoch 108/120  interaction=-0.6464  marginal=0.3387
  [nplm/distance] epoch 109/120  interaction=-0.6516  marginal=0.3361
  [nplm/distance] epoch 110/120  interaction=-0.6521  marginal=0.3559
  [nplm/distance] epoch 111/120  interaction=-0.6543  marginal=0.3445
  [nplm/distance] epoch 112/120  interaction=-0.6387  marginal=0.3355
  [nplm/distance] epoch 113/120  interaction=-0.6487  marginal=0.3494
  [nplm/distance] epoch 114/120  interaction=-0.6502  marginal=0.3368
  [nplm/distance] epoch 115/120  interaction=-0.6582  marginal=0.3442
  [nplm/distance] epoch 116/120  interaction=-0.6535  marginal=0.3491
  [nplm/distance] epoch 117/120  interaction=-0.6531  marginal=0.3494
  [nplm/distance] epoch 118/120  interaction=-0.6485  marginal=0.3288
  [nplm/distance] epoch 119/120  interaction=-0.6476  marginal=0.3456
  [nplm/distance] epoch 120/120  interaction=-0.6514  marginal=0.3396
  [nplm_sup_dist ] probe=0.7422+-0.0044 acc=0.3050 supAUC=0.9562 eucl=0.8026 mahaT=0.8118 mahaPC=0.7244

===== performance / novelty table =====
  arm                        probe     acc  supAUC    eucl   mahaT  mahaPC
  simclr             0.7368+-0.0026  0.2193  0.9067  0.5442  0.5688  0.5919
  lejepa             0.7674+-0.0010  0.1987  0.9163  0.4899  0.6602  0.7138
  simclr_sigreg      0.7581+-0.0049  0.2600  0.9386  0.4954  0.6511  0.7260
  supcon             0.8015+-0.0030  0.6653  0.9758  0.7555  0.7566  0.7619
  supcon_sigreg      0.7858+-0.0048  0.6557  0.9887  0.7926  0.7681  0.7934
  nplm_bilinear      0.7535+-0.0049  0.3070  0.9411  0.5255  0.6553  0.6974
  nplm_distance      0.7454+-0.0035  0.1447  0.8666  0.5025  0.6808  0.6756
  nplm_sup_dist      0.7422+-0.0044  0.3050  0.9562  0.8026  0.8118  0.7244

===== gaussianity (seen classes, test set) =====
  metric                            simclr        lejepa simclr_sigreg        supcon supcon_sigreg nplm_bilinear nplm_distance nplm_sup_dist
  eig min (class cov)                0.000        -0.000        -0.000        -0.000        -0.000        -0.000         0.000        -0.000
  eig max (class cov)               28.154        11.828        12.005         5.125         6.972         1.028        17.157         2.384
  eig cond worst               471234400.011422156193792.08336720265216.0112817463296.01960887582720.0926875451392.0   285311808.01114948894720.0
  class RMS min                      0.114         0.528         0.464         0.048         0.292         0.192         0.298         0.052
  class RMS mean                     0.293         0.706         0.779         0.096         0.418         0.265         0.578         0.121
  class RMS max                      0.954         0.951         1.000         0.479         0.654         0.310         0.890         0.281
  max |corr| (worst class)           0.997         0.981         0.944         0.977         0.937         0.946         0.998         1.000
  SW ratio mean                       4.46          2.04          1.52          2.04          1.46          1.45          2.73          5.03
  SW ratio worst                     22.36          5.33          3.06          7.71          3.36          3.18          7.91         16.34
  |skew| mean                        1.035         0.508         0.420         0.584         0.449         0.423         0.576         1.273
  |ex-kurt| mean                     3.069         1.039         0.828         1.380         0.867         0.763         1.355         3.679
  centroid dist min                   0.15          0.53          0.59          0.08          0.45          0.20          0.28          0.04
  centroid dist mean                  1.41          4.57          4.49          1.46          6.05          1.75          3.95          4.19
  separation (min d/RMS)              0.50          0.75          0.75          0.88          1.08          0.74          0.49          0.32
saved /home/pharris/sigreg/SuperSig/plots/exp51_probe_aircraft_visreg_nplm-sup-ft.png

===== PRE power batteries (all statistics) =====
  [simclr] per-event pre power=0.075
  [simclr] sparker
    pre-spk f=0.003: power=0.040 [0.014,0.090] (2/50)
    pre-spk f=0.01: power=0.100 [0.058,0.162] (5/50)
    pre-spk f=0.02: power=0.100 [0.058,0.162] (5/50)
    pre-spk f=0.05: power=0.260 [0.194,0.336] (13/50)
    pre-spk f=0.1: power=0.740 [0.664,0.806] (37/50)
  [simclr] maha
    pre-maha f=0.003: power=0.140 [0.090,0.207] (7/50)
    pre-maha f=0.01: power=0.040 [0.014,0.090] (2/50)
    pre-maha f=0.02: power=0.080 [0.042,0.138] (4/50)
    pre-maha f=0.05: power=0.100 [0.058,0.162] (5/50)
    pre-maha f=0.1: power=0.340 [0.268,0.419] (17/50)
  [simclr] mmd
    pre-mmd f=0.003: power=0.080 [0.042,0.138] (4/50)
    pre-mmd f=0.01: power=0.020 [0.003,0.064] (1/50)
    pre-mmd f=0.02: power=0.020 [0.003,0.064] (1/50)
    pre-mmd f=0.05: power=0.000 [0.000,0.036] (0/50)
    pre-mmd f=0.1: power=0.040 [0.014,0.090] (2/50)
  [lejepa] per-event pre power=0.045
  [lejepa] sparker
    pre-spk f=0.003: power=0.020 [0.003,0.064] (1/50)
    pre-spk f=0.01: power=0.060 [0.028,0.115] (3/50)
    pre-spk f=0.02: power=0.020 [0.003,0.064] (1/50)
    pre-spk f=0.05: power=0.060 [0.028,0.115] (3/50)
    pre-spk f=0.1: power=0.200 [0.141,0.273] (10/50)
  [lejepa] maha
    pre-maha f=0.003: power=0.120 [0.074,0.184] (6/50)
    pre-maha f=0.01: power=0.080 [0.042,0.138] (4/50)
    pre-maha f=0.02: power=0.180 [0.124,0.251] (9/50)
    pre-maha f=0.05: power=0.300 [0.231,0.378] (15/50)
    pre-maha f=0.1: power=0.840 [0.771,0.893] (42/50)
  [lejepa] mmd
    pre-mmd f=0.003: power=0.020 [0.003,0.064] (1/50)
    pre-mmd f=0.01: power=0.020 [0.003,0.064] (1/50)
    pre-mmd f=0.02: power=0.080 [0.042,0.138] (4/50)
    pre-mmd f=0.05: power=0.020 [0.003,0.064] (1/50)
    pre-mmd f=0.1: power=0.380 [0.305,0.460] (19/50)
  [simclr_sigreg] per-event pre power=0.063
  [simclr_sigreg] sparker
    pre-spk f=0.003: power=0.000 [0.000,0.036] (0/50)
    pre-spk f=0.01: power=0.100 [0.058,0.162] (5/50)
    pre-spk f=0.02: power=0.020 [0.003,0.064] (1/50)
    pre-spk f=0.05: power=0.080 [0.042,0.138] (4/50)
    pre-spk f=0.1: power=0.080 [0.042,0.138] (4/50)
  [simclr_sigreg] maha
    pre-maha f=0.003: power=0.040 [0.014,0.090] (2/50)
    pre-maha f=0.01: power=0.100 [0.058,0.162] (5/50)
    pre-maha f=0.02: power=0.120 [0.074,0.184] (6/50)
    pre-maha f=0.05: power=0.280 [0.213,0.357] (14/50)
    pre-maha f=0.1: power=0.820 [0.749,0.876] (41/50)
  [simclr_sigreg] mmd
    pre-mmd f=0.003: power=0.100 [0.058,0.162] (5/50)
    pre-mmd f=0.01: power=0.060 [0.028,0.115] (3/50)
    pre-mmd f=0.02: power=0.080 [0.042,0.138] (4/50)
    pre-mmd f=0.05: power=0.140 [0.090,0.207] (7/50)
    pre-mmd f=0.1: power=0.580 [0.500,0.657] (29/50)
  [supcon] per-event pre power=0.330
  [supcon] sparker
    pre-spk f=0.003: power=0.040 [0.014,0.090] (2/50)
    pre-spk f=0.01: power=0.180 [0.124,0.251] (9/50)
    pre-spk f=0.02: power=0.300 [0.231,0.378] (15/50)
    pre-spk f=0.05: power=0.900 [0.838,0.942] (45/50)
    pre-spk f=0.1: power=0.980 [0.936,0.997] (49/50)
  [supcon] maha
    pre-maha f=0.003: power=0.060 [0.028,0.115] (3/50)
    pre-maha f=0.01: power=0.100 [0.058,0.162] (5/50)
    pre-maha f=0.02: power=0.180 [0.124,0.251] (9/50)
    pre-maha f=0.05: power=0.560 [0.480,0.638] (28/50)
    pre-maha f=0.1: power=0.960 [0.910,0.986] (48/50)
  [supcon] mmd
    pre-mmd f=0.003: power=0.040 [0.014,0.090] (2/50)
    pre-mmd f=0.01: power=0.000 [0.000,0.036] (0/50)
    pre-mmd f=0.02: power=0.040 [0.014,0.090] (2/50)
    pre-mmd f=0.05: power=0.000 [0.000,0.036] (0/50)
    pre-mmd f=0.1: power=0.140 [0.090,0.207] (7/50)
  [supcon_sigreg] per-event pre power=0.435
  [supcon_sigreg] sparker
    pre-spk f=0.003: power=0.040 [0.014,0.090] (2/50)
    pre-spk f=0.01: power=0.080 [0.042,0.138] (4/50)
    pre-spk f=0.02: power=0.060 [0.028,0.115] (3/50)
    pre-spk f=0.05: power=0.160 [0.107,0.229] (8/50)
    pre-spk f=0.1: power=0.680 [0.601,0.751] (34/50)
  [supcon_sigreg] maha
    pre-maha f=0.003: power=0.040 [0.014,0.090] (2/50)
    pre-maha f=0.01: power=0.120 [0.074,0.184] (6/50)
    pre-maha f=0.02: power=0.280 [0.213,0.357] (14/50)
    pre-maha f=0.05: power=0.740 [0.664,0.806] (37/50)
    pre-maha f=0.1: power=0.980 [0.936,0.997] (49/50)
  [supcon_sigreg] mmd
    pre-mmd f=0.003: power=0.080 [0.042,0.138] (4/50)
    pre-mmd f=0.01: power=0.040 [0.014,0.090] (2/50)
    pre-mmd f=0.02: power=0.100 [0.058,0.162] (5/50)
    pre-mmd f=0.05: power=0.200 [0.141,0.273] (10/50)
    pre-mmd f=0.1: power=0.980 [0.936,0.997] (49/50)
  [nplm_bilinear] per-event pre power=0.063
  [nplm_bilinear] sparker
    pre-spk f=0.003: power=0.040 [0.014,0.090] (2/50)
    pre-spk f=0.01: power=0.060 [0.028,0.115] (3/50)
    pre-spk f=0.02: power=0.160 [0.107,0.229] (8/50)
    pre-spk f=0.05: power=0.160 [0.107,0.229] (8/50)
    pre-spk f=0.1: power=0.720 [0.643,0.787] (36/50)
  [nplm_bilinear] maha
    pre-maha f=0.003: power=0.000 [0.000,0.036] (0/50)
    pre-maha f=0.01: power=0.080 [0.042,0.138] (4/50)
    pre-maha f=0.02: power=0.120 [0.074,0.184] (6/50)
    pre-maha f=0.05: power=0.260 [0.194,0.336] (13/50)
    pre-maha f=0.1: power=0.700 [0.622,0.769] (35/50)
  [nplm_bilinear] mmd
    pre-mmd f=0.003: power=0.020 [0.003,0.064] (1/50)
    pre-mmd f=0.01: power=0.020 [0.003,0.064] (1/50)
    pre-mmd f=0.02: power=0.060 [0.028,0.115] (3/50)
    pre-mmd f=0.05: power=0.100 [0.058,0.162] (5/50)
    pre-mmd f=0.1: power=0.620 [0.540,0.695] (31/50)
  [nplm_distance] per-event pre power=0.024
  [nplm_distance] sparker
    pre-spk f=0.003: power=0.100 [0.058,0.162] (5/50)
    pre-spk f=0.01: power=0.120 [0.074,0.184] (6/50)
    pre-spk f=0.02: power=0.040 [0.014,0.090] (2/50)
    pre-spk f=0.05: power=0.180 [0.124,0.251] (9/50)
    pre-spk f=0.1: power=0.480 [0.401,0.560] (24/50)
  [nplm_distance] maha
    pre-maha f=0.003: power=0.140 [0.090,0.207] (7/50)
    pre-maha f=0.01: power=0.020 [0.003,0.064] (1/50)
    pre-maha f=0.02: power=0.140 [0.090,0.207] (7/50)
    pre-maha f=0.05: power=0.280 [0.213,0.357] (14/50)
    pre-maha f=0.1: power=0.680 [0.601,0.751] (34/50)
  [nplm_distance] mmd
    pre-mmd f=0.003: power=0.040 [0.014,0.090] (2/50)
    pre-mmd f=0.01: power=0.020 [0.003,0.064] (1/50)
    pre-mmd f=0.02: power=0.020 [0.003,0.064] (1/50)
    pre-mmd f=0.05: power=0.040 [0.014,0.090] (2/50)
    pre-mmd f=0.1: power=0.320 [0.249,0.399] (16/50)
  [nplm_sup_dist] per-event pre power=0.369
  [nplm_sup_dist] sparker
    pre-spk f=0.003: power=0.040 [0.014,0.090] (2/50)
    pre-spk f=0.01: power=0.080 [0.042,0.138] (4/50)
    pre-spk f=0.02: power=0.040 [0.014,0.090] (2/50)
    pre-spk f=0.05: power=0.300 [0.231,0.378] (15/50)
    pre-spk f=0.1: power=0.720 [0.643,0.787] (36/50)
  [nplm_sup_dist] maha
    pre-maha f=0.003: power=0.160 [0.107,0.229] (8/50)
    pre-maha f=0.01: power=0.120 [0.074,0.184] (6/50)
    pre-maha f=0.02: power=0.200 [0.141,0.273] (10/50)
    pre-maha f=0.05: power=0.560 [0.480,0.638] (28/50)
    pre-maha f=0.1: power=1.000 [0.964,1.000] (50/50)
  [nplm_sup_dist] mmd
    pre-mmd f=0.003: power=0.080 [0.042,0.138] (4/50)
    pre-mmd f=0.01: power=0.020 [0.003,0.064] (1/50)
    pre-mmd f=0.02: power=0.100 [0.058,0.162] (5/50)
    pre-mmd f=0.05: power=0.400 [0.324,0.480] (20/50)
    pre-mmd f=0.1: power=0.940 [0.885,0.972] (47/50)

===== EXP51 PEREVENT PRE POWER (alpha=0.05) =====
  arm                 0.003     0.01     0.02     0.05      0.1
  simclr              0.075    0.075    0.075    0.075    0.075
  lejepa              0.045    0.045    0.045    0.045    0.045
  simclr_sigreg       0.063    0.063    0.063    0.063    0.063
  supcon              0.330    0.330    0.330    0.330    0.330
  supcon_sigreg       0.435    0.435    0.435    0.435    0.435
  nplm_bilinear       0.063    0.063    0.063    0.063    0.063
  nplm_distance       0.024    0.024    0.024    0.024    0.024
  nplm_sup_dist       0.369    0.369    0.369    0.369    0.369
  saved /home/pharris/sigreg/SuperSig/plots/exp51_perevent_power_aircraft_visreg_nplm-sup-ft.png

===== EXP51 SPARKER PRE POWER (alpha=0.05) =====
  arm                 0.003     0.01     0.02     0.05      0.1
  simclr              0.040    0.100    0.100    0.260    0.740
  lejepa              0.020    0.060    0.020    0.060    0.200
  simclr_sigreg       0.000    0.100    0.020    0.080    0.080
  supcon              0.040    0.180    0.300    0.900    0.980
  supcon_sigreg       0.040    0.080    0.060    0.160    0.680
  nplm_bilinear       0.040    0.060    0.160    0.160    0.720
  nplm_distance       0.100    0.120    0.040    0.180    0.480
  nplm_sup_dist       0.040    0.080    0.040    0.300    0.720
  saved /home/pharris/sigreg/SuperSig/plots/exp51_sparker_power_aircraft_visreg_nplm-sup-ft.png

===== EXP51 MAHA PRE POWER (alpha=0.05) =====
  arm                 0.003     0.01     0.02     0.05      0.1
  simclr              0.140    0.040    0.080    0.100    0.340
  lejepa              0.120    0.080    0.180    0.300    0.840
  simclr_sigreg       0.040    0.100    0.120    0.280    0.820
  supcon              0.060    0.100    0.180    0.560    0.960
  supcon_sigreg       0.040    0.120    0.280    0.740    0.980
  nplm_bilinear       0.000    0.080    0.120    0.260    0.700
  nplm_distance       0.140    0.020    0.140    0.280    0.680
  nplm_sup_dist       0.160    0.120    0.200    0.560    1.000
  saved /home/pharris/sigreg/SuperSig/plots/exp51_maha_power_aircraft_visreg_nplm-sup-ft.png

===== EXP51 MMD PRE POWER (alpha=0.05) =====
  arm                 0.003     0.01     0.02     0.05      0.1
  simclr              0.080    0.020    0.020    0.000    0.040
  lejepa              0.020    0.020    0.080    0.020    0.380
  simclr_sigreg       0.100    0.060    0.080    0.140    0.580
  supcon              0.040    0.000    0.040    0.000    0.140
  supcon_sigreg       0.080    0.040    0.100    0.200    0.980
  nplm_bilinear       0.020    0.020    0.060    0.100    0.620
  nplm_distance       0.040    0.020    0.020    0.040    0.320
  nplm_sup_dist       0.080    0.020    0.100    0.400    0.940
  saved /home/pharris/sigreg/SuperSig/plots/exp51_mmd_power_aircraft_visreg_nplm-sup-ft.png

===== EXP51 SUMMARY =====
  [simclr        ] probe=0.7368+-0.0026  acc=0.2193  eucl=0.5442  mahaT=0.5688
  [lejepa        ] probe=0.7674+-0.0010  acc=0.1987  eucl=0.4899  mahaT=0.6602
  [simclr_sigreg ] probe=0.7581+-0.0049  acc=0.2600  eucl=0.4954  mahaT=0.6511
  [supcon        ] probe=0.8015+-0.0030  acc=0.6653  eucl=0.7555  mahaT=0.7566
  [supcon_sigreg ] probe=0.7858+-0.0048  acc=0.6557  eucl=0.7926  mahaT=0.7681
  [nplm_bilinear ] probe=0.7535+-0.0049  acc=0.3070  eucl=0.5255  mahaT=0.6553
  [nplm_distance ] probe=0.7454+-0.0035  acc=0.1447  eucl=0.5025  mahaT=0.6808
  [nplm_sup_dist ] probe=0.7422+-0.0044  acc=0.3050  eucl=0.8026  mahaT=0.8118
Done.
