/home/pharris/venv/lib64/python3.9/site-packages/networkx/utils/backends.py:135: RuntimeWarning: networkx backend defined more than once: nx-loopback
  backends.update(_get_backends("networkx.backends"))
exp51 [aircraft_lejepa_nplm-sup-ft] NPLM suite, dim=32, epochs=120, holdouts=[90, 91, 92, 93, 94, 95, 96, 97, 98, 99], lam=1.0, arms=['simclr', 'lejepa', 'simclr_sigreg', 'supcon', 'supcon_sigreg', 'nplm_bilinear', 'nplm_distance', 'nplm_sup_dist']
Fetching 37 files:   0%|          | 0/37 [00:00<?, ?it/s]Fetching 37 files: 100%|██████████| 37/37 [00:00<00:00, 143960.34it/s]
  loading ft trunk /home/pharris/sigreg/SuperSig/checkpoints/aircraft_ft_lejepa_nplm-sup-ft.pt
  extracted aircraft_lejepa_vitb16_nplm-sup-ft train: (6667, 768)
  extracted aircraft_lejepa_vitb16_nplm-sup-ft test: (3333, 768)
  aircraft_lejepa_vitb16_nplm-sup-ft aug replica 1/8
  aircraft_lejepa_vitb16_nplm-sup-ft aug replica 2/8
  aircraft_lejepa_vitb16_nplm-sup-ft aug replica 3/8
  aircraft_lejepa_vitb16_nplm-sup-ft aug replica 4/8
  aircraft_lejepa_vitb16_nplm-sup-ft aug replica 5/8
  aircraft_lejepa_vitb16_nplm-sup-ft aug replica 6/8
  aircraft_lejepa_vitb16_nplm-sup-ft aug replica 7/8
  aircraft_lejepa_vitb16_nplm-sup-ft aug replica 8/8
  train pool 6667 (seen bank 6000), test pool 3333 (333 holdout)

----- simclr (augmentations only) -----
  [simclr] epoch 1/120  loss=5.7358
  [simclr] epoch 2/120  loss=5.4468
  [simclr] epoch 3/120  loss=5.3129
  [simclr] epoch 4/120  loss=5.2689
  [simclr] epoch 5/120  loss=5.2431
  [simclr] epoch 6/120  loss=5.2321
  [simclr] epoch 7/120  loss=5.2198
  [simclr] epoch 8/120  loss=5.2067
  [simclr] epoch 9/120  loss=5.1920
  [simclr] epoch 10/120  loss=5.1863
  [simclr] epoch 11/120  loss=5.1850
  [simclr] epoch 12/120  loss=5.1794
  [simclr] epoch 13/120  loss=5.1778
  [simclr] epoch 14/120  loss=5.1720
  [simclr] epoch 15/120  loss=5.1704
  [simclr] epoch 16/120  loss=5.1633
  [simclr] epoch 17/120  loss=5.1597
  [simclr] epoch 18/120  loss=5.1549
  [simclr] epoch 19/120  loss=5.1487
  [simclr] epoch 20/120  loss=5.1473
  [simclr] epoch 21/120  loss=5.1466
  [simclr] epoch 22/120  loss=5.1486
  [simclr] epoch 23/120  loss=5.1419
  [simclr] epoch 24/120  loss=5.1413
  [simclr] epoch 25/120  loss=5.1378
  [simclr] epoch 26/120  loss=5.1392
  [simclr] epoch 27/120  loss=5.1366
  [simclr] epoch 28/120  loss=5.1347
  [simclr] epoch 29/120  loss=5.1289
  [simclr] epoch 30/120  loss=5.1274
  [simclr] epoch 31/120  loss=5.1278
  [simclr] epoch 32/120  loss=5.1286
  [simclr] epoch 33/120  loss=5.1265
  [simclr] epoch 34/120  loss=5.1217
  [simclr] epoch 35/120  loss=5.1229
  [simclr] epoch 36/120  loss=5.1247
  [simclr] epoch 37/120  loss=5.1213
  [simclr] epoch 38/120  loss=5.1178
  [simclr] epoch 39/120  loss=5.1175
  [simclr] epoch 40/120  loss=5.1154
  [simclr] epoch 41/120  loss=5.1172
  [simclr] epoch 42/120  loss=5.1127
  [simclr] epoch 43/120  loss=5.1132
  [simclr] epoch 44/120  loss=5.1109
  [simclr] epoch 45/120  loss=5.1106
  [simclr] epoch 46/120  loss=5.1091
  [simclr] epoch 47/120  loss=5.1076
  [simclr] epoch 48/120  loss=5.1042
  [simclr] epoch 49/120  loss=5.1045
  [simclr] epoch 50/120  loss=5.1043
  [simclr] epoch 51/120  loss=5.1032
  [simclr] epoch 52/120  loss=5.1020
  [simclr] epoch 53/120  loss=5.1026
  [simclr] epoch 54/120  loss=5.1019
  [simclr] epoch 55/120  loss=5.0982
  [simclr] epoch 56/120  loss=5.0990
  [simclr] epoch 57/120  loss=5.1001
  [simclr] epoch 58/120  loss=5.0994
  [simclr] epoch 59/120  loss=5.0965
  [simclr] epoch 60/120  loss=5.0965
  [simclr] epoch 61/120  loss=5.0935
  [simclr] epoch 62/120  loss=5.0942
  [simclr] epoch 63/120  loss=5.0942
  [simclr] epoch 64/120  loss=5.0918
  [simclr] epoch 65/120  loss=5.0912
  [simclr] epoch 66/120  loss=5.0908
  [simclr] epoch 67/120  loss=5.0901
  [simclr] epoch 68/120  loss=5.0893
  [simclr] epoch 69/120  loss=5.0873
  [simclr] epoch 70/120  loss=5.0872
  [simclr] epoch 71/120  loss=5.0881
  [simclr] epoch 72/120  loss=5.0879
  [simclr] epoch 73/120  loss=5.0865
  [simclr] epoch 74/120  loss=5.0873
  [simclr] epoch 75/120  loss=5.0879
  [simclr] epoch 76/120  loss=5.0853
  [simclr] epoch 77/120  loss=5.0863
  [simclr] epoch 78/120  loss=5.0860
  [simclr] epoch 79/120  loss=5.0850
  [simclr] epoch 80/120  loss=5.0865
  [simclr] epoch 81/120  loss=5.0851
  [simclr] epoch 82/120  loss=5.0842
  [simclr] epoch 83/120  loss=5.0818
  [simclr] epoch 84/120  loss=5.0803
  [simclr] epoch 85/120  loss=5.0827
  [simclr] epoch 86/120  loss=5.0825
  [simclr] epoch 87/120  loss=5.0806
  [simclr] epoch 88/120  loss=5.0805
  [simclr] epoch 89/120  loss=5.0804
  [simclr] epoch 90/120  loss=5.0786
  [simclr] epoch 91/120  loss=5.0784
  [simclr] epoch 92/120  loss=5.0785
  [simclr] epoch 93/120  loss=5.0774
  [simclr] epoch 94/120  loss=5.0774
  [simclr] epoch 95/120  loss=5.0762
  [simclr] epoch 96/120  loss=5.0775
  [simclr] epoch 97/120  loss=5.0775
  [simclr] epoch 98/120  loss=5.0755
  [simclr] epoch 99/120  loss=5.0753
  [simclr] epoch 100/120  loss=5.0772
  [simclr] epoch 101/120  loss=5.0754
  [simclr] epoch 102/120  loss=5.0764
  [simclr] epoch 103/120  loss=5.0734
  [simclr] epoch 104/120  loss=5.0757
  [simclr] epoch 105/120  loss=5.0708
  [simclr] epoch 106/120  loss=5.0732
  [simclr] epoch 107/120  loss=5.0707
  [simclr] epoch 108/120  loss=5.0692
  [simclr] epoch 109/120  loss=5.0721
  [simclr] epoch 110/120  loss=5.0695
  [simclr] epoch 111/120  loss=5.0731
  [simclr] epoch 112/120  loss=5.0727
  [simclr] epoch 113/120  loss=5.0715
  [simclr] epoch 114/120  loss=5.0716
  [simclr] epoch 115/120  loss=5.0713
  [simclr] epoch 116/120  loss=5.0702
  [simclr] epoch 117/120  loss=5.0695
  [simclr] epoch 118/120  loss=5.0705
  [simclr] epoch 119/120  loss=5.0681
  [simclr] epoch 120/120  loss=5.0687
  [simclr        ] probe=0.6588+-0.0075 acc=0.2167 supAUC=0.8883 eucl=0.6062 mahaT=0.5920 mahaPC=0.5700

----- lejepa (augmentations only) -----
  [sigreg-ssl] epoch 1/120  inv=0.0103  sigreg=0.5938
  [sigreg-ssl] epoch 2/120  inv=0.0489  sigreg=0.2553
  [sigreg-ssl] epoch 3/120  inv=0.0447  sigreg=0.1964
  [sigreg-ssl] epoch 4/120  inv=0.0409  sigreg=0.1700
  [sigreg-ssl] epoch 5/120  inv=0.0388  sigreg=0.1683
  [sigreg-ssl] epoch 6/120  inv=0.0364  sigreg=0.1602
  [sigreg-ssl] epoch 7/120  inv=0.0364  sigreg=0.1502
  [sigreg-ssl] epoch 8/120  inv=0.0364  sigreg=0.1359
  [sigreg-ssl] epoch 9/120  inv=0.0367  sigreg=0.1325
  [sigreg-ssl] epoch 10/120  inv=0.0384  sigreg=0.1207
  [sigreg-ssl] epoch 11/120  inv=0.0426  sigreg=0.1229
  [sigreg-ssl] epoch 12/120  inv=0.0419  sigreg=0.1218
  [sigreg-ssl] epoch 13/120  inv=0.0450  sigreg=0.1048
  [sigreg-ssl] epoch 14/120  inv=0.0463  sigreg=0.0972
  [sigreg-ssl] epoch 15/120  inv=0.0454  sigreg=0.0981
  [sigreg-ssl] epoch 16/120  inv=0.0458  sigreg=0.1013
  [sigreg-ssl] epoch 17/120  inv=0.0450  sigreg=0.0911
  [sigreg-ssl] epoch 18/120  inv=0.0446  sigreg=0.0850
  [sigreg-ssl] epoch 19/120  inv=0.0438  sigreg=0.0883
  [sigreg-ssl] epoch 20/120  inv=0.0455  sigreg=0.0858
  [sigreg-ssl] epoch 21/120  inv=0.0441  sigreg=0.0810
  [sigreg-ssl] epoch 22/120  inv=0.0441  sigreg=0.0834
  [sigreg-ssl] epoch 23/120  inv=0.0457  sigreg=0.0802
  [sigreg-ssl] epoch 24/120  inv=0.0458  sigreg=0.0750
  [sigreg-ssl] epoch 25/120  inv=0.0434  sigreg=0.0725
  [sigreg-ssl] epoch 26/120  inv=0.0442  sigreg=0.0802
  [sigreg-ssl] epoch 27/120  inv=0.0440  sigreg=0.0785
  [sigreg-ssl] epoch 28/120  inv=0.0442  sigreg=0.0761
  [sigreg-ssl] epoch 29/120  inv=0.0426  sigreg=0.0800
  [sigreg-ssl] epoch 30/120  inv=0.0410  sigreg=0.0811
  [sigreg-ssl] epoch 31/120  inv=0.0424  sigreg=0.0751
  [sigreg-ssl] epoch 32/120  inv=0.0417  sigreg=0.0750
  [sigreg-ssl] epoch 33/120  inv=0.0413  sigreg=0.0754
  [sigreg-ssl] epoch 34/120  inv=0.0417  sigreg=0.0719
  [sigreg-ssl] epoch 35/120  inv=0.0400  sigreg=0.0762
  [sigreg-ssl] epoch 36/120  inv=0.0408  sigreg=0.0712
  [sigreg-ssl] epoch 37/120  inv=0.0416  sigreg=0.0666
  [sigreg-ssl] epoch 38/120  inv=0.0403  sigreg=0.0721
  [sigreg-ssl] epoch 39/120  inv=0.0414  sigreg=0.0707
  [sigreg-ssl] epoch 40/120  inv=0.0397  sigreg=0.0678
  [sigreg-ssl] epoch 41/120  inv=0.0406  sigreg=0.0675
  [sigreg-ssl] epoch 42/120  inv=0.0406  sigreg=0.0703
  [sigreg-ssl] epoch 43/120  inv=0.0401  sigreg=0.0681
  [sigreg-ssl] epoch 44/120  inv=0.0404  sigreg=0.0657
  [sigreg-ssl] epoch 45/120  inv=0.0399  sigreg=0.0657
  [sigreg-ssl] epoch 46/120  inv=0.0396  sigreg=0.0706
  [sigreg-ssl] epoch 47/120  inv=0.0390  sigreg=0.0654
  [sigreg-ssl] epoch 48/120  inv=0.0397  sigreg=0.0680
  [sigreg-ssl] epoch 49/120  inv=0.0387  sigreg=0.0668
  [sigreg-ssl] epoch 50/120  inv=0.0387  sigreg=0.0652
  [sigreg-ssl] epoch 51/120  inv=0.0388  sigreg=0.0642
  [sigreg-ssl] epoch 52/120  inv=0.0385  sigreg=0.0655
  [sigreg-ssl] epoch 53/120  inv=0.0380  sigreg=0.0618
  [sigreg-ssl] epoch 54/120  inv=0.0384  sigreg=0.0635
  [sigreg-ssl] epoch 55/120  inv=0.0383  sigreg=0.0665
  [sigreg-ssl] epoch 56/120  inv=0.0382  sigreg=0.0624
  [sigreg-ssl] epoch 57/120  inv=0.0386  sigreg=0.0612
  [sigreg-ssl] epoch 58/120  inv=0.0373  sigreg=0.0595
  [sigreg-ssl] epoch 59/120  inv=0.0381  sigreg=0.0589
  [sigreg-ssl] epoch 60/120  inv=0.0375  sigreg=0.0657
  [sigreg-ssl] epoch 61/120  inv=0.0383  sigreg=0.0631
  [sigreg-ssl] epoch 62/120  inv=0.0376  sigreg=0.0635
  [sigreg-ssl] epoch 63/120  inv=0.0362  sigreg=0.0613
  [sigreg-ssl] epoch 64/120  inv=0.0379  sigreg=0.0597
  [sigreg-ssl] epoch 65/120  inv=0.0375  sigreg=0.0592
  [sigreg-ssl] epoch 66/120  inv=0.0391  sigreg=0.0596
  [sigreg-ssl] epoch 67/120  inv=0.0379  sigreg=0.0612
  [sigreg-ssl] epoch 68/120  inv=0.0377  sigreg=0.0578
  [sigreg-ssl] epoch 69/120  inv=0.0375  sigreg=0.0607
  [sigreg-ssl] epoch 70/120  inv=0.0382  sigreg=0.0571
  [sigreg-ssl] epoch 71/120  inv=0.0363  sigreg=0.0567
  [sigreg-ssl] epoch 72/120  inv=0.0378  sigreg=0.0550
  [sigreg-ssl] epoch 73/120  inv=0.0376  sigreg=0.0569
  [sigreg-ssl] epoch 74/120  inv=0.0362  sigreg=0.0582
  [sigreg-ssl] epoch 75/120  inv=0.0372  sigreg=0.0585
  [sigreg-ssl] epoch 76/120  inv=0.0367  sigreg=0.0557
  [sigreg-ssl] epoch 77/120  inv=0.0366  sigreg=0.0557
  [sigreg-ssl] epoch 78/120  inv=0.0363  sigreg=0.0585
  [sigreg-ssl] epoch 79/120  inv=0.0363  sigreg=0.0558
  [sigreg-ssl] epoch 80/120  inv=0.0360  sigreg=0.0560
  [sigreg-ssl] epoch 81/120  inv=0.0367  sigreg=0.0581
  [sigreg-ssl] epoch 82/120  inv=0.0385  sigreg=0.0538
  [sigreg-ssl] epoch 83/120  inv=0.0352  sigreg=0.0554
  [sigreg-ssl] epoch 84/120  inv=0.0363  sigreg=0.0504
  [sigreg-ssl] epoch 85/120  inv=0.0371  sigreg=0.0504
  [sigreg-ssl] epoch 86/120  inv=0.0375  sigreg=0.0554
  [sigreg-ssl] epoch 87/120  inv=0.0365  sigreg=0.0533
  [sigreg-ssl] epoch 88/120  inv=0.0360  sigreg=0.0540
  [sigreg-ssl] epoch 89/120  inv=0.0369  sigreg=0.0522
  [sigreg-ssl] epoch 90/120  inv=0.0363  sigreg=0.0535
  [sigreg-ssl] epoch 91/120  inv=0.0372  sigreg=0.0502
  [sigreg-ssl] epoch 92/120  inv=0.0350  sigreg=0.0515
  [sigreg-ssl] epoch 93/120  inv=0.0368  sigreg=0.0523
  [sigreg-ssl] epoch 94/120  inv=0.0366  sigreg=0.0551
  [sigreg-ssl] epoch 95/120  inv=0.0360  sigreg=0.0539
  [sigreg-ssl] epoch 96/120  inv=0.0360  sigreg=0.0535
  [sigreg-ssl] epoch 97/120  inv=0.0367  sigreg=0.0530
  [sigreg-ssl] epoch 98/120  inv=0.0356  sigreg=0.0510
  [sigreg-ssl] epoch 99/120  inv=0.0357  sigreg=0.0498
  [sigreg-ssl] epoch 100/120  inv=0.0355  sigreg=0.0521
  [sigreg-ssl] epoch 101/120  inv=0.0351  sigreg=0.0508
  [sigreg-ssl] epoch 102/120  inv=0.0358  sigreg=0.0504
  [sigreg-ssl] epoch 103/120  inv=0.0351  sigreg=0.0508
  [sigreg-ssl] epoch 104/120  inv=0.0355  sigreg=0.0510
  [sigreg-ssl] epoch 105/120  inv=0.0360  sigreg=0.0533
  [sigreg-ssl] epoch 106/120  inv=0.0358  sigreg=0.0517
  [sigreg-ssl] epoch 107/120  inv=0.0349  sigreg=0.0517
  [sigreg-ssl] epoch 108/120  inv=0.0354  sigreg=0.0517
  [sigreg-ssl] epoch 109/120  inv=0.0347  sigreg=0.0492
  [sigreg-ssl] epoch 110/120  inv=0.0359  sigreg=0.0485
  [sigreg-ssl] epoch 111/120  inv=0.0341  sigreg=0.0479
  [sigreg-ssl] epoch 112/120  inv=0.0348  sigreg=0.0501
  [sigreg-ssl] epoch 113/120  inv=0.0347  sigreg=0.0466
  [sigreg-ssl] epoch 114/120  inv=0.0357  sigreg=0.0473
  [sigreg-ssl] epoch 115/120  inv=0.0359  sigreg=0.0479
  [sigreg-ssl] epoch 116/120  inv=0.0352  sigreg=0.0481
  [sigreg-ssl] epoch 117/120  inv=0.0339  sigreg=0.0466
  [sigreg-ssl] epoch 118/120  inv=0.0341  sigreg=0.0464
  [sigreg-ssl] epoch 119/120  inv=0.0356  sigreg=0.0492
  [sigreg-ssl] epoch 120/120  inv=0.0335  sigreg=0.0487
  [lejepa        ] probe=0.7380+-0.0017 acc=0.1810 supAUC=0.8986 eucl=0.5017 mahaT=0.6393 mahaPC=0.6869

----- simclr_sigreg (augmentations only) -----
  [softmax/cosine] epoch 1/120  interaction=5.7432  marginal=0.8062
  [softmax/cosine] epoch 2/120  interaction=5.5163  marginal=0.6315
  [softmax/cosine] epoch 3/120  interaction=5.4809  marginal=0.4559
  [softmax/cosine] epoch 4/120  interaction=5.4583  marginal=0.3025
  [softmax/cosine] epoch 5/120  interaction=5.4401  marginal=0.1908
  [softmax/cosine] epoch 6/120  interaction=5.4228  marginal=0.1341
  [softmax/cosine] epoch 7/120  interaction=5.3954  marginal=0.1008
  [softmax/cosine] epoch 8/120  interaction=5.3711  marginal=0.0889
  [softmax/cosine] epoch 9/120  interaction=5.3540  marginal=0.0804
  [softmax/cosine] epoch 10/120  interaction=5.3377  marginal=0.0809
  [softmax/cosine] epoch 11/120  interaction=5.3271  marginal=0.0775
  [softmax/cosine] epoch 12/120  interaction=5.3181  marginal=0.0709
  [softmax/cosine] epoch 13/120  interaction=5.3103  marginal=0.0667
  [softmax/cosine] epoch 14/120  interaction=5.3053  marginal=0.0655
  [softmax/cosine] epoch 15/120  interaction=5.2942  marginal=0.0621
  [softmax/cosine] epoch 16/120  interaction=5.2926  marginal=0.0641
  [softmax/cosine] epoch 17/120  interaction=5.2830  marginal=0.0623
  [softmax/cosine] epoch 18/120  interaction=5.2768  marginal=0.0629
  [softmax/cosine] epoch 19/120  interaction=5.2751  marginal=0.0596
  [softmax/cosine] epoch 20/120  interaction=5.2694  marginal=0.0595
  [softmax/cosine] epoch 21/120  interaction=5.2651  marginal=0.0544
  [softmax/cosine] epoch 22/120  interaction=5.2611  marginal=0.0568
  [softmax/cosine] epoch 23/120  interaction=5.2555  marginal=0.0551
  [softmax/cosine] epoch 24/120  interaction=5.2555  marginal=0.0538
  [softmax/cosine] epoch 25/120  interaction=5.2520  marginal=0.0537
  [softmax/cosine] epoch 26/120  interaction=5.2515  marginal=0.0520
  [softmax/cosine] epoch 27/120  interaction=5.2468  marginal=0.0535
  [softmax/cosine] epoch 28/120  interaction=5.2437  marginal=0.0494
  [softmax/cosine] epoch 29/120  interaction=5.2412  marginal=0.0520
  [softmax/cosine] epoch 30/120  interaction=5.2372  marginal=0.0535
  [softmax/cosine] epoch 31/120  interaction=5.2338  marginal=0.0490
  [softmax/cosine] epoch 32/120  interaction=5.2310  marginal=0.0468
  [softmax/cosine] epoch 33/120  interaction=5.2281  marginal=0.0488
  [softmax/cosine] epoch 34/120  interaction=5.2246  marginal=0.0449
  [softmax/cosine] epoch 35/120  interaction=5.2226  marginal=0.0448
  [softmax/cosine] epoch 36/120  interaction=5.2182  marginal=0.0421
  [softmax/cosine] epoch 37/120  interaction=5.2116  marginal=0.0415
  [softmax/cosine] epoch 38/120  interaction=5.2124  marginal=0.0407
  [softmax/cosine] epoch 39/120  interaction=5.2150  marginal=0.0405
  [softmax/cosine] epoch 40/120  interaction=5.2076  marginal=0.0402
  [softmax/cosine] epoch 41/120  interaction=5.2069  marginal=0.0419
  [softmax/cosine] epoch 42/120  interaction=5.2053  marginal=0.0407
  [softmax/cosine] epoch 43/120  interaction=5.2052  marginal=0.0406
  [softmax/cosine] epoch 44/120  interaction=5.2011  marginal=0.0382
  [softmax/cosine] epoch 45/120  interaction=5.1987  marginal=0.0364
  [softmax/cosine] epoch 46/120  interaction=5.1994  marginal=0.0398
  [softmax/cosine] epoch 47/120  interaction=5.1964  marginal=0.0383
  [softmax/cosine] epoch 48/120  interaction=5.1947  marginal=0.0371
  [softmax/cosine] epoch 49/120  interaction=5.1935  marginal=0.0374
  [softmax/cosine] epoch 50/120  interaction=5.1955  marginal=0.0372
  [softmax/cosine] epoch 51/120  interaction=5.1890  marginal=0.0352
  [softmax/cosine] epoch 52/120  interaction=5.1903  marginal=0.0374
  [softmax/cosine] epoch 53/120  interaction=5.1917  marginal=0.0372
  [softmax/cosine] epoch 54/120  interaction=5.1887  marginal=0.0374
  [softmax/cosine] epoch 55/120  interaction=5.1884  marginal=0.0367
  [softmax/cosine] epoch 56/120  interaction=5.1855  marginal=0.0362
  [softmax/cosine] epoch 57/120  interaction=5.1864  marginal=0.0368
  [softmax/cosine] epoch 58/120  interaction=5.1847  marginal=0.0378
  [softmax/cosine] epoch 59/120  interaction=5.1819  marginal=0.0350
  [softmax/cosine] epoch 60/120  interaction=5.1836  marginal=0.0364
  [softmax/cosine] epoch 61/120  interaction=5.1815  marginal=0.0348
  [softmax/cosine] epoch 62/120  interaction=5.1820  marginal=0.0344
  [softmax/cosine] epoch 63/120  interaction=5.1786  marginal=0.0328
  [softmax/cosine] epoch 64/120  interaction=5.1779  marginal=0.0339
  [softmax/cosine] epoch 65/120  interaction=5.1764  marginal=0.0325
  [softmax/cosine] epoch 66/120  interaction=5.1757  marginal=0.0326
  [softmax/cosine] epoch 67/120  interaction=5.1756  marginal=0.0321
  [softmax/cosine] epoch 68/120  interaction=5.1737  marginal=0.0326
  [softmax/cosine] epoch 69/120  interaction=5.1694  marginal=0.0318
  [softmax/cosine] epoch 70/120  interaction=5.1733  marginal=0.0317
  [softmax/cosine] epoch 71/120  interaction=5.1714  marginal=0.0307
  [softmax/cosine] epoch 72/120  interaction=5.1717  marginal=0.0338
  [softmax/cosine] epoch 73/120  interaction=5.1707  marginal=0.0313
  [softmax/cosine] epoch 74/120  interaction=5.1692  marginal=0.0324
  [softmax/cosine] epoch 75/120  interaction=5.1676  marginal=0.0307
  [softmax/cosine] epoch 76/120  interaction=5.1662  marginal=0.0299
  [softmax/cosine] epoch 77/120  interaction=5.1661  marginal=0.0303
  [softmax/cosine] epoch 78/120  interaction=5.1660  marginal=0.0311
  [softmax/cosine] epoch 79/120  interaction=5.1704  marginal=0.0327
  [softmax/cosine] epoch 80/120  interaction=5.1710  marginal=0.0333
  [softmax/cosine] epoch 81/120  interaction=5.1650  marginal=0.0328
  [softmax/cosine] epoch 82/120  interaction=5.1692  marginal=0.0334
  [softmax/cosine] epoch 83/120  interaction=5.1599  marginal=0.0282
  [softmax/cosine] epoch 84/120  interaction=5.1599  marginal=0.0293
  [softmax/cosine] epoch 85/120  interaction=5.1621  marginal=0.0306
  [softmax/cosine] epoch 86/120  interaction=5.1599  marginal=0.0307
  [softmax/cosine] epoch 87/120  interaction=5.1604  marginal=0.0311
  [softmax/cosine] epoch 88/120  interaction=5.1567  marginal=0.0290
  [softmax/cosine] epoch 89/120  interaction=5.1584  marginal=0.0278
  [softmax/cosine] epoch 90/120  interaction=5.1550  marginal=0.0275
  [softmax/cosine] epoch 91/120  interaction=5.1545  marginal=0.0270
  [softmax/cosine] epoch 92/120  interaction=5.1566  marginal=0.0282
  [softmax/cosine] epoch 93/120  interaction=5.1577  marginal=0.0271
  [softmax/cosine] epoch 94/120  interaction=5.1520  marginal=0.0286
  [softmax/cosine] epoch 95/120  interaction=5.1527  marginal=0.0280
  [softmax/cosine] epoch 96/120  interaction=5.1564  marginal=0.0302
  [softmax/cosine] epoch 97/120  interaction=5.1526  marginal=0.0276
  [softmax/cosine] epoch 98/120  interaction=5.1529  marginal=0.0278
  [softmax/cosine] epoch 99/120  interaction=5.1524  marginal=0.0282
  [softmax/cosine] epoch 100/120  interaction=5.1511  marginal=0.0268
  [softmax/cosine] epoch 101/120  interaction=5.1536  marginal=0.0295
  [softmax/cosine] epoch 102/120  interaction=5.1551  marginal=0.0291
  [softmax/cosine] epoch 103/120  interaction=5.1509  marginal=0.0266
  [softmax/cosine] epoch 104/120  interaction=5.1476  marginal=0.0276
  [softmax/cosine] epoch 105/120  interaction=5.1495  marginal=0.0283
  [softmax/cosine] epoch 106/120  interaction=5.1510  marginal=0.0275
  [softmax/cosine] epoch 107/120  interaction=5.1476  marginal=0.0258
  [softmax/cosine] epoch 108/120  interaction=5.1468  marginal=0.0271
  [softmax/cosine] epoch 109/120  interaction=5.1459  marginal=0.0268
  [softmax/cosine] epoch 110/120  interaction=5.1466  marginal=0.0276
  [softmax/cosine] epoch 111/120  interaction=5.1484  marginal=0.0278
  [softmax/cosine] epoch 112/120  interaction=5.1486  marginal=0.0254
  [softmax/cosine] epoch 113/120  interaction=5.1504  marginal=0.0309
  [softmax/cosine] epoch 114/120  interaction=5.1462  marginal=0.0281
  [softmax/cosine] epoch 115/120  interaction=5.1418  marginal=0.0255
  [softmax/cosine] epoch 116/120  interaction=5.1429  marginal=0.0251
  [softmax/cosine] epoch 117/120  interaction=5.1400  marginal=0.0253
  [softmax/cosine] epoch 118/120  interaction=5.1429  marginal=0.0266
  [softmax/cosine] epoch 119/120  interaction=5.1418  marginal=0.0256
  [softmax/cosine] epoch 120/120  interaction=5.1400  marginal=0.0253
  [simclr_sigreg ] probe=0.7541+-0.0042 acc=0.2457 supAUC=0.9266 eucl=0.4916 mahaT=0.6428 mahaPC=0.6921

----- supcon (labels) -----
  [supcon] epoch 1/120  loss=5.7413
  [supcon] epoch 2/120  loss=5.2717
  [supcon] epoch 3/120  loss=5.0514
  [supcon] epoch 4/120  loss=4.8835
  [supcon] epoch 5/120  loss=4.7702
  [supcon] epoch 6/120  loss=4.6705
  [supcon] epoch 7/120  loss=4.5759
  [supcon] epoch 8/120  loss=4.4933
  [supcon] epoch 9/120  loss=4.4323
  [supcon] epoch 10/120  loss=4.3559
  [supcon] epoch 11/120  loss=4.3191
  [supcon] epoch 12/120  loss=4.2646
  [supcon] epoch 13/120  loss=4.2297
  [supcon] epoch 14/120  loss=4.1656
  [supcon] epoch 15/120  loss=4.1338
  [supcon] epoch 16/120  loss=4.0880
  [supcon] epoch 17/120  loss=4.0471
  [supcon] epoch 18/120  loss=4.0195
  [supcon] epoch 19/120  loss=4.0032
  [supcon] epoch 20/120  loss=3.9675
  [supcon] epoch 21/120  loss=3.9282
  [supcon] epoch 22/120  loss=3.9234
  [supcon] epoch 23/120  loss=3.9011
  [supcon] epoch 24/120  loss=3.8674
  [supcon] epoch 25/120  loss=3.8375
  [supcon] epoch 26/120  loss=3.8104
  [supcon] epoch 27/120  loss=3.7910
  [supcon] epoch 28/120  loss=3.7816
  [supcon] epoch 29/120  loss=3.7731
  [supcon] epoch 30/120  loss=3.7606
  [supcon] epoch 31/120  loss=3.7238
  [supcon] epoch 32/120  loss=3.7224
  [supcon] epoch 33/120  loss=3.6897
  [supcon] epoch 34/120  loss=3.6667
  [supcon] epoch 35/120  loss=3.6758
  [supcon] epoch 36/120  loss=3.6543
  [supcon] epoch 37/120  loss=3.6256
  [supcon] epoch 38/120  loss=3.6114
  [supcon] epoch 39/120  loss=3.6006
  [supcon] epoch 40/120  loss=3.5969
  [supcon] epoch 41/120  loss=3.5658
  [supcon] epoch 42/120  loss=3.5717
  [supcon] epoch 43/120  loss=3.5633
  [supcon] epoch 44/120  loss=3.5383
  [supcon] epoch 45/120  loss=3.5356
  [supcon] epoch 46/120  loss=3.5409
  [supcon] epoch 47/120  loss=3.5047
  [supcon] epoch 48/120  loss=3.4884
  [supcon] epoch 49/120  loss=3.4858
  [supcon] epoch 50/120  loss=3.4605
  [supcon] epoch 51/120  loss=3.4602
  [supcon] epoch 52/120  loss=3.4572
  [supcon] epoch 53/120  loss=3.4563
  [supcon] epoch 54/120  loss=3.4485
  [supcon] epoch 55/120  loss=3.4253
  [supcon] epoch 56/120  loss=3.4111
  [supcon] epoch 57/120  loss=3.4044
  [supcon] epoch 58/120  loss=3.4127
  [supcon] epoch 59/120  loss=3.3920
  [supcon] epoch 60/120  loss=3.3703
  [supcon] epoch 61/120  loss=3.3613
  [supcon] epoch 62/120  loss=3.3592
  [supcon] epoch 63/120  loss=3.3497
  [supcon] epoch 64/120  loss=3.3488
  [supcon] epoch 65/120  loss=3.3320
  [supcon] epoch 66/120  loss=3.3319
  [supcon] epoch 67/120  loss=3.3407
  [supcon] epoch 68/120  loss=3.3181
  [supcon] epoch 69/120  loss=3.3057
  [supcon] epoch 70/120  loss=3.3052
  [supcon] epoch 71/120  loss=3.2857
  [supcon] epoch 72/120  loss=3.2892
  [supcon] epoch 73/120  loss=3.2795
  [supcon] epoch 74/120  loss=3.2679
  [supcon] epoch 75/120  loss=3.2655
  [supcon] epoch 76/120  loss=3.2574
  [supcon] epoch 77/120  loss=3.2649
  [supcon] epoch 78/120  loss=3.2363
  [supcon] epoch 79/120  loss=3.2278
  [supcon] epoch 80/120  loss=3.2202
  [supcon] epoch 81/120  loss=3.2356
  [supcon] epoch 82/120  loss=3.2060
  [supcon] epoch 83/120  loss=3.2150
  [supcon] epoch 84/120  loss=3.2038
  [supcon] epoch 85/120  loss=3.2035
  [supcon] epoch 86/120  loss=3.2103
  [supcon] epoch 87/120  loss=3.1946
  [supcon] epoch 88/120  loss=3.1917
  [supcon] epoch 89/120  loss=3.1707
  [supcon] epoch 90/120  loss=3.1638
  [supcon] epoch 91/120  loss=3.1542
  [supcon] epoch 92/120  loss=3.1531
  [supcon] epoch 93/120  loss=3.1452
  [supcon] epoch 94/120  loss=3.1523
  [supcon] epoch 95/120  loss=3.1380
  [supcon] epoch 96/120  loss=3.1279
  [supcon] epoch 97/120  loss=3.1215
  [supcon] epoch 98/120  loss=3.1250
  [supcon] epoch 99/120  loss=3.1133
  [supcon] epoch 100/120  loss=3.1044
  [supcon] epoch 101/120  loss=3.1148
  [supcon] epoch 102/120  loss=3.1093
  [supcon] epoch 103/120  loss=3.1054
  [supcon] epoch 104/120  loss=3.0954
  [supcon] epoch 105/120  loss=3.0774
  [supcon] epoch 106/120  loss=3.0755
  [supcon] epoch 107/120  loss=3.0720
  [supcon] epoch 108/120  loss=3.0847
  [supcon] epoch 109/120  loss=3.0834
  [supcon] epoch 110/120  loss=3.0737
  [supcon] epoch 111/120  loss=3.0759
  [supcon] epoch 112/120  loss=3.0571
  [supcon] epoch 113/120  loss=3.0507
  [supcon] epoch 114/120  loss=3.0373
  [supcon] epoch 115/120  loss=3.0367
  [supcon] epoch 116/120  loss=3.0491
  [supcon] epoch 117/120  loss=3.0493
  [supcon] epoch 118/120  loss=3.0554
  [supcon] epoch 119/120  loss=3.0413
  [supcon] epoch 120/120  loss=3.0302
  [supcon        ] probe=0.6985+-0.0029 acc=0.6300 supAUC=0.9678 eucl=0.6974 mahaT=0.7089 mahaPC=0.6897

----- supcon_sigreg (labels) -----
  [softmax/cosine] epoch 1/120  interaction=5.6800  marginal=0.8043
  [softmax/cosine] epoch 2/120  interaction=5.2120  marginal=0.6669
  [softmax/cosine] epoch 3/120  interaction=5.1124  marginal=0.5647
  [softmax/cosine] epoch 4/120  interaction=5.0399  marginal=0.4664
  [softmax/cosine] epoch 5/120  interaction=4.9915  marginal=0.3805
  [softmax/cosine] epoch 6/120  interaction=4.9609  marginal=0.3149
  [softmax/cosine] epoch 7/120  interaction=4.9308  marginal=0.2673
  [softmax/cosine] epoch 8/120  interaction=4.8924  marginal=0.2285
  [softmax/cosine] epoch 9/120  interaction=4.8632  marginal=0.2042
  [softmax/cosine] epoch 10/120  interaction=4.8326  marginal=0.1874
  [softmax/cosine] epoch 11/120  interaction=4.8126  marginal=0.1647
  [softmax/cosine] epoch 12/120  interaction=4.7654  marginal=0.1669
  [softmax/cosine] epoch 13/120  interaction=4.7538  marginal=0.1466
  [softmax/cosine] epoch 14/120  interaction=4.7086  marginal=0.1544
  [softmax/cosine] epoch 15/120  interaction=4.6959  marginal=0.1362
  [softmax/cosine] epoch 16/120  interaction=4.6745  marginal=0.1399
  [softmax/cosine] epoch 17/120  interaction=4.6708  marginal=0.1349
  [softmax/cosine] epoch 18/120  interaction=4.6309  marginal=0.1317
  [softmax/cosine] epoch 19/120  interaction=4.5909  marginal=0.1277
  [softmax/cosine] epoch 20/120  interaction=4.5797  marginal=0.1195
  [softmax/cosine] epoch 21/120  interaction=4.5527  marginal=0.1188
  [softmax/cosine] epoch 22/120  interaction=4.5131  marginal=0.1185
  [softmax/cosine] epoch 23/120  interaction=4.5122  marginal=0.1168
  [softmax/cosine] epoch 24/120  interaction=4.4956  marginal=0.1181
  [softmax/cosine] epoch 25/120  interaction=4.4547  marginal=0.1121
  [softmax/cosine] epoch 26/120  interaction=4.4320  marginal=0.1062
  [softmax/cosine] epoch 27/120  interaction=4.4275  marginal=0.1041
  [softmax/cosine] epoch 28/120  interaction=4.4110  marginal=0.1060
  [softmax/cosine] epoch 29/120  interaction=4.3978  marginal=0.1073
  [softmax/cosine] epoch 30/120  interaction=4.3805  marginal=0.1038
  [softmax/cosine] epoch 31/120  interaction=4.3560  marginal=0.0991
  [softmax/cosine] epoch 32/120  interaction=4.3277  marginal=0.0953
  [softmax/cosine] epoch 33/120  interaction=4.3358  marginal=0.1012
  [softmax/cosine] epoch 34/120  interaction=4.3094  marginal=0.0995
  [softmax/cosine] epoch 35/120  interaction=4.2841  marginal=0.0966
  [softmax/cosine] epoch 36/120  interaction=4.2712  marginal=0.0954
  [softmax/cosine] epoch 37/120  interaction=4.2631  marginal=0.0933
  [softmax/cosine] epoch 38/120  interaction=4.2392  marginal=0.0956
  [softmax/cosine] epoch 39/120  interaction=4.2303  marginal=0.0952
  [softmax/cosine] epoch 40/120  interaction=4.2276  marginal=0.0917
  [softmax/cosine] epoch 41/120  interaction=4.1934  marginal=0.0955
  [softmax/cosine] epoch 42/120  interaction=4.1889  marginal=0.0927
  [softmax/cosine] epoch 43/120  interaction=4.1811  marginal=0.0860
  [softmax/cosine] epoch 44/120  interaction=4.1620  marginal=0.0853
  [softmax/cosine] epoch 45/120  interaction=4.1532  marginal=0.0891
  [softmax/cosine] epoch 46/120  interaction=4.1320  marginal=0.0878
  [softmax/cosine] epoch 47/120  interaction=4.1252  marginal=0.0843
  [softmax/cosine] epoch 48/120  interaction=4.1156  marginal=0.0885
  [softmax/cosine] epoch 49/120  interaction=4.0971  marginal=0.0868
  [softmax/cosine] epoch 50/120  interaction=4.0846  marginal=0.0873
  [softmax/cosine] epoch 51/120  interaction=4.0693  marginal=0.0856
  [softmax/cosine] epoch 52/120  interaction=4.0687  marginal=0.0811
  [softmax/cosine] epoch 53/120  interaction=4.0450  marginal=0.0816
  [softmax/cosine] epoch 54/120  interaction=4.0344  marginal=0.0827
  [softmax/cosine] epoch 55/120  interaction=4.0286  marginal=0.0847
  [softmax/cosine] epoch 56/120  interaction=4.0216  marginal=0.0811
  [softmax/cosine] epoch 57/120  interaction=4.0010  marginal=0.0838
  [softmax/cosine] epoch 58/120  interaction=4.0090  marginal=0.0848
  [softmax/cosine] epoch 59/120  interaction=3.9739  marginal=0.0842
  [softmax/cosine] epoch 60/120  interaction=3.9626  marginal=0.0856
  [softmax/cosine] epoch 61/120  interaction=3.9399  marginal=0.0823
  [softmax/cosine] epoch 62/120  interaction=3.9500  marginal=0.0864
  [softmax/cosine] epoch 63/120  interaction=3.9305  marginal=0.0800
  [softmax/cosine] epoch 64/120  interaction=3.9335  marginal=0.0826
  [softmax/cosine] epoch 65/120  interaction=3.9132  marginal=0.0810
  [softmax/cosine] epoch 66/120  interaction=3.9075  marginal=0.0815
  [softmax/cosine] epoch 67/120  interaction=3.9079  marginal=0.0831
  [softmax/cosine] epoch 68/120  interaction=3.8948  marginal=0.0799
  [softmax/cosine] epoch 69/120  interaction=3.8709  marginal=0.0759
  [softmax/cosine] epoch 70/120  interaction=3.8744  marginal=0.0772
  [softmax/cosine] epoch 71/120  interaction=3.8654  marginal=0.0829
  [softmax/cosine] epoch 72/120  interaction=3.8461  marginal=0.0782
  [softmax/cosine] epoch 73/120  interaction=3.8413  marginal=0.0785
  [softmax/cosine] epoch 74/120  interaction=3.8393  marginal=0.0787
  [softmax/cosine] epoch 75/120  interaction=3.8304  marginal=0.0777
  [softmax/cosine] epoch 76/120  interaction=3.8202  marginal=0.0787
  [softmax/cosine] epoch 77/120  interaction=3.7902  marginal=0.0791
  [softmax/cosine] epoch 78/120  interaction=3.7792  marginal=0.0761
  [softmax/cosine] epoch 79/120  interaction=3.7896  marginal=0.0734
  [softmax/cosine] epoch 80/120  interaction=3.7791  marginal=0.0753
  [softmax/cosine] epoch 81/120  interaction=3.7763  marginal=0.0772
  [softmax/cosine] epoch 82/120  interaction=3.7692  marginal=0.0726
  [softmax/cosine] epoch 83/120  interaction=3.7554  marginal=0.0765
  [softmax/cosine] epoch 84/120  interaction=3.7410  marginal=0.0750
  [softmax/cosine] epoch 85/120  interaction=3.7566  marginal=0.0757
  [softmax/cosine] epoch 86/120  interaction=3.7418  marginal=0.0757
  [softmax/cosine] epoch 87/120  interaction=3.7227  marginal=0.0721
  [softmax/cosine] epoch 88/120  interaction=3.7131  marginal=0.0727
  [softmax/cosine] epoch 89/120  interaction=3.7077  marginal=0.0744
  [softmax/cosine] epoch 90/120  interaction=3.7084  marginal=0.0781
  [softmax/cosine] epoch 91/120  interaction=3.6877  marginal=0.0724
  [softmax/cosine] epoch 92/120  interaction=3.6899  marginal=0.0732
  [softmax/cosine] epoch 93/120  interaction=3.6823  marginal=0.0730
  [softmax/cosine] epoch 94/120  interaction=3.6733  marginal=0.0715
  [softmax/cosine] epoch 95/120  interaction=3.6624  marginal=0.0742
  [softmax/cosine] epoch 96/120  interaction=3.6550  marginal=0.0737
  [softmax/cosine] epoch 97/120  interaction=3.6302  marginal=0.0764
  [softmax/cosine] epoch 98/120  interaction=3.6483  marginal=0.0706
  [softmax/cosine] epoch 99/120  interaction=3.6395  marginal=0.0717
  [softmax/cosine] epoch 100/120  interaction=3.6279  marginal=0.0717
  [softmax/cosine] epoch 101/120  interaction=3.6183  marginal=0.0677
  [softmax/cosine] epoch 102/120  interaction=3.6237  marginal=0.0757
  [softmax/cosine] epoch 103/120  interaction=3.6081  marginal=0.0742
  [softmax/cosine] epoch 104/120  interaction=3.6096  marginal=0.0693
  [softmax/cosine] epoch 105/120  interaction=3.6018  marginal=0.0708
  [softmax/cosine] epoch 106/120  interaction=3.5793  marginal=0.0714
  [softmax/cosine] epoch 107/120  interaction=3.5754  marginal=0.0711
  [softmax/cosine] epoch 108/120  interaction=3.5690  marginal=0.0697
  [softmax/cosine] epoch 109/120  interaction=3.5653  marginal=0.0691
  [softmax/cosine] epoch 110/120  interaction=3.5619  marginal=0.0689
  [softmax/cosine] epoch 111/120  interaction=3.5476  marginal=0.0686
  [softmax/cosine] epoch 112/120  interaction=3.5380  marginal=0.0737
  [softmax/cosine] epoch 113/120  interaction=3.5440  marginal=0.0731
  [softmax/cosine] epoch 114/120  interaction=3.5464  marginal=0.0729
  [softmax/cosine] epoch 115/120  interaction=3.5213  marginal=0.0679
  [softmax/cosine] epoch 116/120  interaction=3.5186  marginal=0.0710
  [softmax/cosine] epoch 117/120  interaction=3.5207  marginal=0.0684
  [softmax/cosine] epoch 118/120  interaction=3.5119  marginal=0.0707
  [softmax/cosine] epoch 119/120  interaction=3.5019  marginal=0.0724
  [softmax/cosine] epoch 120/120  interaction=3.5039  marginal=0.0729
  [supcon_sigreg ] probe=0.8122+-0.0030 acc=0.6380 supAUC=0.9879 eucl=0.8176 mahaT=0.7997 mahaPC=0.7907

----- nplm_bilinear (augmentations only) -----
  [nplm/bilinear] epoch 1/120  interaction=-0.3872  marginal=0.7458
  [nplm/bilinear] epoch 2/120  interaction=-0.8556  marginal=0.6488
  [nplm/bilinear] epoch 3/120  interaction=-1.1059  marginal=0.6090
  [nplm/bilinear] epoch 4/120  interaction=-1.2864  marginal=0.5759
  [nplm/bilinear] epoch 5/120  interaction=-1.5020  marginal=0.5459
  [nplm/bilinear] epoch 6/120  interaction=-1.6433  marginal=0.5103
  [nplm/bilinear] epoch 7/120  interaction=-1.8533  marginal=0.5011
  [nplm/bilinear] epoch 8/120  interaction=-1.9923  marginal=0.4872
  [nplm/bilinear] epoch 9/120  interaction=-2.1244  marginal=0.4732
  [nplm/bilinear] epoch 10/120  interaction=-2.2174  marginal=0.4584
  [nplm/bilinear] epoch 11/120  interaction=-2.3541  marginal=0.4505
  [nplm/bilinear] epoch 12/120  interaction=-2.4587  marginal=0.4379
  [nplm/bilinear] epoch 13/120  interaction=-2.5981  marginal=0.4243
  [nplm/bilinear] epoch 14/120  interaction=-2.6432  marginal=0.4212
  [nplm/bilinear] epoch 15/120  interaction=-2.6954  marginal=0.4166
  [nplm/bilinear] epoch 16/120  interaction=-2.8158  marginal=0.4023
  [nplm/bilinear] epoch 17/120  interaction=-2.8976  marginal=0.3929
  [nplm/bilinear] epoch 18/120  interaction=-2.9276  marginal=0.3996
  [nplm/bilinear] epoch 19/120  interaction=-2.9924  marginal=0.3851
  [nplm/bilinear] epoch 20/120  interaction=-3.0416  marginal=0.3829
  [nplm/bilinear] epoch 21/120  interaction=-3.0941  marginal=0.3798
  [nplm/bilinear] epoch 22/120  interaction=-3.1681  marginal=0.3732
  [nplm/bilinear] epoch 23/120  interaction=-3.2385  marginal=0.3715
  [nplm/bilinear] epoch 24/120  interaction=-3.2783  marginal=0.3631
  [nplm/bilinear] epoch 25/120  interaction=-3.3283  marginal=0.3565
  [nplm/bilinear] epoch 26/120  interaction=-3.3263  marginal=0.3634
  [nplm/bilinear] epoch 27/120  interaction=-3.3642  marginal=0.3568
  [nplm/bilinear] epoch 28/120  interaction=-3.3884  marginal=0.3580
  [nplm/bilinear] epoch 29/120  interaction=-3.4104  marginal=0.3560
  [nplm/bilinear] epoch 30/120  interaction=-3.4891  marginal=0.3505
  [nplm/bilinear] epoch 31/120  interaction=-3.5340  marginal=0.3464
  [nplm/bilinear] epoch 32/120  interaction=-3.5860  marginal=0.3438
  [nplm/bilinear] epoch 33/120  interaction=-3.3723  marginal=0.3440
  [nplm/bilinear] epoch 34/120  interaction=-3.5059  marginal=0.3556
  [nplm/bilinear] epoch 35/120  interaction=31.4839  marginal=0.3467
  [nplm/bilinear] epoch 36/120  interaction=165.5371  marginal=0.4379
  [nplm/bilinear] epoch 37/120  interaction=986.3642  marginal=0.6202
  [nplm/bilinear] epoch 38/120  interaction=43.4949  marginal=0.6846
  [nplm/bilinear] epoch 39/120  interaction=0.9873  marginal=0.6800
  [nplm/bilinear] epoch 40/120  interaction=-0.8362  marginal=0.6811
  [nplm/bilinear] epoch 41/120  interaction=-0.8855  marginal=0.6802
  [nplm/bilinear] epoch 42/120  interaction=-0.9117  marginal=0.6810
  [nplm/bilinear] epoch 43/120  interaction=-0.9293  marginal=0.6718
  [nplm/bilinear] epoch 44/120  interaction=-0.9641  marginal=0.6562
  [nplm/bilinear] epoch 45/120  interaction=-1.0415  marginal=0.6487
  [nplm/bilinear] epoch 46/120  interaction=-1.0841  marginal=0.6386
  [nplm/bilinear] epoch 47/120  interaction=-1.1118  marginal=0.6220
  [nplm/bilinear] epoch 48/120  interaction=-1.1406  marginal=0.6266
  [nplm/bilinear] epoch 49/120  interaction=-1.1743  marginal=0.6246
  [nplm/bilinear] epoch 50/120  interaction=-1.2019  marginal=0.6170
  [nplm/bilinear] epoch 51/120  interaction=-1.2720  marginal=0.5887
  [nplm/bilinear] epoch 52/120  interaction=-1.3074  marginal=0.5878
  [nplm/bilinear] epoch 53/120  interaction=-1.3454  marginal=0.5763
  [nplm/bilinear] epoch 54/120  interaction=-1.3622  marginal=0.5775
  [nplm/bilinear] epoch 55/120  interaction=-1.3805  marginal=0.5842
  [nplm/bilinear] epoch 56/120  interaction=-1.4048  marginal=0.5669
  [nplm/bilinear] epoch 57/120  interaction=-1.4143  marginal=0.5717
  [nplm/bilinear] epoch 58/120  interaction=-1.4254  marginal=0.5613
  [nplm/bilinear] epoch 59/120  interaction=-1.4359  marginal=0.5619
  [nplm/bilinear] epoch 60/120  interaction=-1.4426  marginal=0.5698
  [nplm/bilinear] epoch 61/120  interaction=-1.4524  marginal=0.5623
  [nplm/bilinear] epoch 62/120  interaction=-1.4717  marginal=0.5501
  [nplm/bilinear] epoch 63/120  interaction=-1.4815  marginal=0.5653
  [nplm/bilinear] epoch 64/120  interaction=-1.4863  marginal=0.5564
  [nplm/bilinear] epoch 65/120  interaction=-1.4977  marginal=0.5532
  [nplm/bilinear] epoch 66/120  interaction=-1.5069  marginal=0.5531
  [nplm/bilinear] epoch 67/120  interaction=-1.5175  marginal=0.5492
  [nplm/bilinear] epoch 68/120  interaction=-1.5207  marginal=0.5424
  [nplm/bilinear] epoch 69/120  interaction=-1.5389  marginal=0.5450
  [nplm/bilinear] epoch 70/120  interaction=-1.5377  marginal=0.5539
  [nplm/bilinear] epoch 71/120  interaction=-1.5582  marginal=0.5506
  [nplm/bilinear] epoch 72/120  interaction=-1.5753  marginal=0.5505
  [nplm/bilinear] epoch 73/120  interaction=-1.5909  marginal=0.5387
  [nplm/bilinear] epoch 74/120  interaction=-1.6201  marginal=0.5384
  [nplm/bilinear] epoch 75/120  interaction=-1.6422  marginal=0.5314
  [nplm/bilinear] epoch 76/120  interaction=-1.6608  marginal=0.5311
  [nplm/bilinear] epoch 77/120  interaction=-1.6901  marginal=0.5299
  [nplm/bilinear] epoch 78/120  interaction=-1.7157  marginal=0.5255
  [nplm/bilinear] epoch 79/120  interaction=-1.7074  marginal=0.5122
  [nplm/bilinear] epoch 80/120  interaction=-1.7687  marginal=0.5117
  [nplm/bilinear] epoch 81/120  interaction=-1.8035  marginal=0.5140
  [nplm/bilinear] epoch 82/120  interaction=-1.8118  marginal=0.5140
  [nplm/bilinear] epoch 83/120  interaction=-1.8306  marginal=0.5093
  [nplm/bilinear] epoch 84/120  interaction=-1.8469  marginal=0.5025
  [nplm/bilinear] epoch 85/120  interaction=-1.8560  marginal=0.5042
  [nplm/bilinear] epoch 86/120  interaction=-1.8689  marginal=0.4959
  [nplm/bilinear] epoch 87/120  interaction=-1.8724  marginal=0.4969
  [nplm/bilinear] epoch 88/120  interaction=-1.8813  marginal=0.4970
  [nplm/bilinear] epoch 89/120  interaction=-1.8846  marginal=0.5006
  [nplm/bilinear] epoch 90/120  interaction=-1.9046  marginal=0.5025
  [nplm/bilinear] epoch 91/120  interaction=-1.9149  marginal=0.4963
  [nplm/bilinear] epoch 92/120  interaction=-1.9542  marginal=0.4921
  [nplm/bilinear] epoch 93/120  interaction=-1.9743  marginal=0.4867
  [nplm/bilinear] epoch 94/120  interaction=-1.9913  marginal=0.4810
  [nplm/bilinear] epoch 95/120  interaction=-2.0204  marginal=0.4855
  [nplm/bilinear] epoch 96/120  interaction=-2.0456  marginal=0.4853
  [nplm/bilinear] epoch 97/120  interaction=-2.0735  marginal=0.4839
  [nplm/bilinear] epoch 98/120  interaction=-2.0954  marginal=0.4803
  [nplm/bilinear] epoch 99/120  interaction=-2.0973  marginal=0.4799
  [nplm/bilinear] epoch 100/120  interaction=-2.1068  marginal=0.4701
  [nplm/bilinear] epoch 101/120  interaction=-2.1261  marginal=0.4747
  [nplm/bilinear] epoch 102/120  interaction=-2.1263  marginal=0.4699
  [nplm/bilinear] epoch 103/120  interaction=-2.1286  marginal=0.4750
  [nplm/bilinear] epoch 104/120  interaction=-2.1565  marginal=0.4682
  [nplm/bilinear] epoch 105/120  interaction=-2.1601  marginal=0.4678
  [nplm/bilinear] epoch 106/120  interaction=-2.1505  marginal=0.4686
  [nplm/bilinear] epoch 107/120  interaction=-2.1698  marginal=0.4672
  [nplm/bilinear] epoch 108/120  interaction=-2.1942  marginal=0.4655
  [nplm/bilinear] epoch 109/120  interaction=-2.2169  marginal=0.4652
  [nplm/bilinear] epoch 110/120  interaction=-2.2254  marginal=0.4591
  [nplm/bilinear] epoch 111/120  interaction=-2.2423  marginal=0.4632
  [nplm/bilinear] epoch 112/120  interaction=-2.2763  marginal=0.4596
  [nplm/bilinear] epoch 113/120  interaction=-2.2877  marginal=0.4547
  [nplm/bilinear] epoch 114/120  interaction=-2.2968  marginal=0.4530
  [nplm/bilinear] epoch 115/120  interaction=-2.3127  marginal=0.4547
  [nplm/bilinear] epoch 116/120  interaction=-2.3200  marginal=0.4532
  [nplm/bilinear] epoch 117/120  interaction=-2.3362  marginal=0.4489
  [nplm/bilinear] epoch 118/120  interaction=-2.3499  marginal=0.4437
  [nplm/bilinear] epoch 119/120  interaction=-2.3681  marginal=0.4477
  [nplm/bilinear] epoch 120/120  interaction=-2.3849  marginal=0.4483
  [nplm_bilinear ] probe=0.7525+-0.0052 acc=0.2310 supAUC=0.9094 eucl=0.5323 mahaT=0.6562 mahaPC=0.6890

----- nplm_distance (augmentations only) -----
  [nplm/distance] epoch 1/120  interaction=-0.5041  marginal=0.6165
  [nplm/distance] epoch 2/120  interaction=-0.6722  marginal=0.3184
  [nplm/distance] epoch 3/120  interaction=-0.7468  marginal=0.2803
  [nplm/distance] epoch 4/120  interaction=-0.7505  marginal=0.2483
  [nplm/distance] epoch 5/120  interaction=-0.7679  marginal=0.2425
  [nplm/distance] epoch 6/120  interaction=-0.7783  marginal=0.2325
  [nplm/distance] epoch 7/120  interaction=-0.7785  marginal=0.2304
  [nplm/distance] epoch 8/120  interaction=-0.7884  marginal=0.2317
  [nplm/distance] epoch 9/120  interaction=-0.7865  marginal=0.2212
  [nplm/distance] epoch 10/120  interaction=-0.7995  marginal=0.2152
  [nplm/distance] epoch 11/120  interaction=-0.7993  marginal=0.2190
  [nplm/distance] epoch 12/120  interaction=-0.8075  marginal=0.2087
  [nplm/distance] epoch 13/120  interaction=-0.8082  marginal=0.2091
  [nplm/distance] epoch 14/120  interaction=-0.8105  marginal=0.2062
  [nplm/distance] epoch 15/120  interaction=-0.8105  marginal=0.2080
  [nplm/distance] epoch 16/120  interaction=-0.8154  marginal=0.2063
  [nplm/distance] epoch 17/120  interaction=-0.8154  marginal=0.1973
  [nplm/distance] epoch 18/120  interaction=-0.8162  marginal=0.2000
  [nplm/distance] epoch 19/120  interaction=-0.8199  marginal=0.1908
  [nplm/distance] epoch 20/120  interaction=-0.8199  marginal=0.1868
  [nplm/distance] epoch 21/120  interaction=-0.8223  marginal=0.1908
  [nplm/distance] epoch 22/120  interaction=-0.8252  marginal=0.1936
  [nplm/distance] epoch 23/120  interaction=-0.8276  marginal=0.1869
  [nplm/distance] epoch 24/120  interaction=-0.8279  marginal=0.1824
  [nplm/distance] epoch 25/120  interaction=-0.8301  marginal=0.1714
  [nplm/distance] epoch 26/120  interaction=-0.8338  marginal=0.1894
  [nplm/distance] epoch 27/120  interaction=-0.8282  marginal=0.1798
  [nplm/distance] epoch 28/120  interaction=-0.8307  marginal=0.1917
  [nplm/distance] epoch 29/120  interaction=-0.8271  marginal=0.1861
  [nplm/distance] epoch 30/120  interaction=-0.8331  marginal=0.1797
  [nplm/distance] epoch 31/120  interaction=-0.8360  marginal=0.1795
  [nplm/distance] epoch 32/120  interaction=-0.8330  marginal=0.1688
  [nplm/distance] epoch 33/120  interaction=-0.8343  marginal=0.1823
  [nplm/distance] epoch 34/120  interaction=-0.8377  marginal=0.1808
  [nplm/distance] epoch 35/120  interaction=-0.8359  marginal=0.1752
  [nplm/distance] epoch 36/120  interaction=-0.8379  marginal=0.1780
  [nplm/distance] epoch 37/120  interaction=-0.8414  marginal=0.1779
  [nplm/distance] epoch 38/120  interaction=-0.8390  marginal=0.1689
  [nplm/distance] epoch 39/120  interaction=-0.8436  marginal=0.1697
  [nplm/distance] epoch 40/120  interaction=-0.8420  marginal=0.1606
  [nplm/distance] epoch 41/120  interaction=-0.8411  marginal=0.1732
  [nplm/distance] epoch 42/120  interaction=-0.8385  marginal=0.1694
  [nplm/distance] epoch 43/120  interaction=-0.8446  marginal=0.1721
  [nplm/distance] epoch 44/120  interaction=-0.8479  marginal=0.1721
  [nplm/distance] epoch 45/120  interaction=-0.8468  marginal=0.1634
  [nplm/distance] epoch 46/120  interaction=-0.8425  marginal=0.1621
  [nplm/distance] epoch 47/120  interaction=-0.8504  marginal=0.1573
  [nplm/distance] epoch 48/120  interaction=-0.8477  marginal=0.1538
  [nplm/distance] epoch 49/120  interaction=-0.8498  marginal=0.1635
  [nplm/distance] epoch 50/120  interaction=-0.8530  marginal=0.1633
  [nplm/distance] epoch 51/120  interaction=-0.8462  marginal=0.1577
  [nplm/distance] epoch 52/120  interaction=-0.8505  marginal=0.1555
  [nplm/distance] epoch 53/120  interaction=-0.8567  marginal=0.1613
  [nplm/distance] epoch 54/120  interaction=-0.8555  marginal=0.1586
  [nplm/distance] epoch 55/120  interaction=-0.8490  marginal=0.1581
  [nplm/distance] epoch 56/120  interaction=-0.8551  marginal=0.1630
  [nplm/distance] epoch 57/120  interaction=-0.8519  marginal=0.1509
  [nplm/distance] epoch 58/120  interaction=-0.8552  marginal=0.1625
  [nplm/distance] epoch 59/120  interaction=-0.8539  marginal=0.1504
  [nplm/distance] epoch 60/120  interaction=-0.8556  marginal=0.1558
  [nplm/distance] epoch 61/120  interaction=-0.8542  marginal=0.1519
  [nplm/distance] epoch 62/120  interaction=-0.8563  marginal=0.1627
  [nplm/distance] epoch 63/120  interaction=-0.8566  marginal=0.1511
  [nplm/distance] epoch 64/120  interaction=-0.8550  marginal=0.1574
  [nplm/distance] epoch 65/120  interaction=-0.8537  marginal=0.1473
  [nplm/distance] epoch 66/120  interaction=-0.8602  marginal=0.1477
  [nplm/distance] epoch 67/120  interaction=-0.8576  marginal=0.1580
  [nplm/distance] epoch 68/120  interaction=-0.8594  marginal=0.1423
  [nplm/distance] epoch 69/120  interaction=-0.8622  marginal=0.1469
  [nplm/distance] epoch 70/120  interaction=-0.8643  marginal=0.1397
  [nplm/distance] epoch 71/120  interaction=-0.8560  marginal=0.1469
  [nplm/distance] epoch 72/120  interaction=-0.8579  marginal=0.1514
  [nplm/distance] epoch 73/120  interaction=-0.8630  marginal=0.1421
  [nplm/distance] epoch 74/120  interaction=-0.8636  marginal=0.1399
  [nplm/distance] epoch 75/120  interaction=-0.8624  marginal=0.1502
  [nplm/distance] epoch 76/120  interaction=-0.8627  marginal=0.1406
  [nplm/distance] epoch 77/120  interaction=-0.8616  marginal=0.1365
  [nplm/distance] epoch 78/120  interaction=-0.8644  marginal=0.1482
  [nplm/distance] epoch 79/120  interaction=-0.8604  marginal=0.1458
  [nplm/distance] epoch 80/120  interaction=-0.8611  marginal=0.1395
  [nplm/distance] epoch 81/120  interaction=-0.8630  marginal=0.1445
  [nplm/distance] epoch 82/120  interaction=-0.8640  marginal=0.1385
  [nplm/distance] epoch 83/120  interaction=-0.8642  marginal=0.1426
  [nplm/distance] epoch 84/120  interaction=-0.8641  marginal=0.1297
  [nplm/distance] epoch 85/120  interaction=-0.8674  marginal=0.1348
  [nplm/distance] epoch 86/120  interaction=-0.8667  marginal=0.1437
  [nplm/distance] epoch 87/120  interaction=-0.8689  marginal=0.1462
  [nplm/distance] epoch 88/120  interaction=-0.8671  marginal=0.1419
  [nplm/distance] epoch 89/120  interaction=-0.8701  marginal=0.1371
  [nplm/distance] epoch 90/120  interaction=-0.8700  marginal=0.1313
  [nplm/distance] epoch 91/120  interaction=-0.8710  marginal=0.1509
  [nplm/distance] epoch 92/120  interaction=-0.8679  marginal=0.1362
  [nplm/distance] epoch 93/120  interaction=-0.8687  marginal=0.1413
  [nplm/distance] epoch 94/120  interaction=-0.8686  marginal=0.1376
  [nplm/distance] epoch 95/120  interaction=-0.8720  marginal=0.1418
  [nplm/distance] epoch 96/120  interaction=-0.8653  marginal=0.1337
  [nplm/distance] epoch 97/120  interaction=-0.8697  marginal=0.1369
  [nplm/distance] epoch 98/120  interaction=-0.8704  marginal=0.1318
  [nplm/distance] epoch 99/120  interaction=-0.8722  marginal=0.1407
  [nplm/distance] epoch 100/120  interaction=-0.8723  marginal=0.1358
  [nplm/distance] epoch 101/120  interaction=-0.8724  marginal=0.1287
  [nplm/distance] epoch 102/120  interaction=-0.8720  marginal=0.1304
  [nplm/distance] epoch 103/120  interaction=-0.8729  marginal=0.1271
  [nplm/distance] epoch 104/120  interaction=-0.8743  marginal=0.1421
  [nplm/distance] epoch 105/120  interaction=-0.8722  marginal=0.1316
  [nplm/distance] epoch 106/120  interaction=-0.8697  marginal=0.1316
  [nplm/distance] epoch 107/120  interaction=-0.8718  marginal=0.1337
  [nplm/distance] epoch 108/120  interaction=-0.8727  marginal=0.1365
  [nplm/distance] epoch 109/120  interaction=-0.8766  marginal=0.1264
  [nplm/distance] epoch 110/120  interaction=-0.8719  marginal=0.1423
  [nplm/distance] epoch 111/120  interaction=-0.8747  marginal=0.1379
  [nplm/distance] epoch 112/120  interaction=-0.8726  marginal=0.1276
  [nplm/distance] epoch 113/120  interaction=-0.8758  marginal=0.1284
  [nplm/distance] epoch 114/120  interaction=-0.8744  marginal=0.1326
  [nplm/distance] epoch 115/120  interaction=-0.8789  marginal=0.1244
  [nplm/distance] epoch 116/120  interaction=-0.8738  marginal=0.1374
  [nplm/distance] epoch 117/120  interaction=-0.8769  marginal=0.1309
  [nplm/distance] epoch 118/120  interaction=-0.8753  marginal=0.1295
  [nplm/distance] epoch 119/120  interaction=-0.8771  marginal=0.1276
  [nplm/distance] epoch 120/120  interaction=-0.8735  marginal=0.1358
  [nplm_distance ] probe=0.7450+-0.0017 acc=0.1270 supAUC=0.8614 eucl=0.4715 mahaT=0.6448 mahaPC=0.6344

----- nplm_sup_dist (labels) -----
  [nplm/distance] epoch 1/120  interaction=-0.2887  marginal=0.6350
  [nplm/distance] epoch 2/120  interaction=-0.4559  marginal=0.5346
  [nplm/distance] epoch 3/120  interaction=-0.4712  marginal=0.4910
  [nplm/distance] epoch 4/120  interaction=-0.5020  marginal=0.4845
  [nplm/distance] epoch 5/120  interaction=-0.5047  marginal=0.4777
  [nplm/distance] epoch 6/120  interaction=-0.5182  marginal=0.4458
  [nplm/distance] epoch 7/120  interaction=-0.5293  marginal=0.4424
  [nplm/distance] epoch 8/120  interaction=-0.5291  marginal=0.4154
  [nplm/distance] epoch 9/120  interaction=-0.5356  marginal=0.4352
  [nplm/distance] epoch 10/120  interaction=-0.5468  marginal=0.4420
  [nplm/distance] epoch 11/120  interaction=-0.5436  marginal=0.4225
  [nplm/distance] epoch 12/120  interaction=-0.5537  marginal=0.4299
  [nplm/distance] epoch 13/120  interaction=-0.5491  marginal=0.4173
  [nplm/distance] epoch 14/120  interaction=-0.5579  marginal=0.4157
  [nplm/distance] epoch 15/120  interaction=-0.5659  marginal=0.4173
  [nplm/distance] epoch 16/120  interaction=-0.5628  marginal=0.4023
  [nplm/distance] epoch 17/120  interaction=-0.5629  marginal=0.3992
  [nplm/distance] epoch 18/120  interaction=-0.5677  marginal=0.4099
  [nplm/distance] epoch 19/120  interaction=-0.5687  marginal=0.4168
  [nplm/distance] epoch 20/120  interaction=-0.5770  marginal=0.4075
  [nplm/distance] epoch 21/120  interaction=-0.5813  marginal=0.4158
  [nplm/distance] epoch 22/120  interaction=-0.5789  marginal=0.3917
  [nplm/distance] epoch 23/120  interaction=-0.5874  marginal=0.3972
  [nplm/distance] epoch 24/120  interaction=-0.5879  marginal=0.4079
  [nplm/distance] epoch 25/120  interaction=-0.5915  marginal=0.3851
  [nplm/distance] epoch 26/120  interaction=-0.5846  marginal=0.3867
  [nplm/distance] epoch 27/120  interaction=-0.5812  marginal=0.3879
  [nplm/distance] epoch 28/120  interaction=-0.5930  marginal=0.3906
  [nplm/distance] epoch 29/120  interaction=-0.5878  marginal=0.3788
  [nplm/distance] epoch 30/120  interaction=-0.5925  marginal=0.3646
  [nplm/distance] epoch 31/120  interaction=-0.5999  marginal=0.3954
  [nplm/distance] epoch 32/120  interaction=-0.6005  marginal=0.3746
  [nplm/distance] epoch 33/120  interaction=-0.6019  marginal=0.3806
  [nplm/distance] epoch 34/120  interaction=-0.6043  marginal=0.3805
  [nplm/distance] epoch 35/120  interaction=-0.6017  marginal=0.3920
  [nplm/distance] epoch 36/120  interaction=-0.6058  marginal=0.3672
  [nplm/distance] epoch 37/120  interaction=-0.6082  marginal=0.3754
  [nplm/distance] epoch 38/120  interaction=-0.6053  marginal=0.3712
  [nplm/distance] epoch 39/120  interaction=-0.6070  marginal=0.3748
  [nplm/distance] epoch 40/120  interaction=-0.6138  marginal=0.3768
  [nplm/distance] epoch 41/120  interaction=-0.6124  marginal=0.3810
  [nplm/distance] epoch 42/120  interaction=-0.6219  marginal=0.3636
  [nplm/distance] epoch 43/120  interaction=-0.6155  marginal=0.3539
  [nplm/distance] epoch 44/120  interaction=-0.6288  marginal=0.3657
  [nplm/distance] epoch 45/120  interaction=-0.6274  marginal=0.3862
  [nplm/distance] epoch 46/120  interaction=-0.6248  marginal=0.3584
  [nplm/distance] epoch 47/120  interaction=-0.6270  marginal=0.3675
  [nplm/distance] epoch 48/120  interaction=-0.6265  marginal=0.3772
  [nplm/distance] epoch 49/120  interaction=-0.6296  marginal=0.3674
  [nplm/distance] epoch 50/120  interaction=-0.6284  marginal=0.3709
  [nplm/distance] epoch 51/120  interaction=-0.6333  marginal=0.3437
  [nplm/distance] epoch 52/120  interaction=-0.6390  marginal=0.3584
  [nplm/distance] epoch 53/120  interaction=-0.6302  marginal=0.3615
  [nplm/distance] epoch 54/120  interaction=-0.6366  marginal=0.3571
  [nplm/distance] epoch 55/120  interaction=-0.6428  marginal=0.3598
  [nplm/distance] epoch 56/120  interaction=-0.6391  marginal=0.3508
  [nplm/distance] epoch 57/120  interaction=-0.6376  marginal=0.3536
  [nplm/distance] epoch 58/120  interaction=-0.6438  marginal=0.3558
  [nplm/distance] epoch 59/120  interaction=-0.6504  marginal=0.3578
  [nplm/distance] epoch 60/120  interaction=-0.6452  marginal=0.3495
  [nplm/distance] epoch 61/120  interaction=-0.6489  marginal=0.3637
  [nplm/distance] epoch 62/120  interaction=-0.6571  marginal=0.3564
  [nplm/distance] epoch 63/120  interaction=-0.6518  marginal=0.3375
  [nplm/distance] epoch 64/120  interaction=-0.6487  marginal=0.3370
  [nplm/distance] epoch 65/120  interaction=-0.6526  marginal=0.3566
  [nplm/distance] epoch 66/120  interaction=-0.6496  marginal=0.3379
  [nplm/distance] epoch 67/120  interaction=-0.6607  marginal=0.3444
  [nplm/distance] epoch 68/120  interaction=-0.6562  marginal=0.3309
  [nplm/distance] epoch 69/120  interaction=-0.6666  marginal=0.3347
  [nplm/distance] epoch 70/120  interaction=-0.6635  marginal=0.3442
  [nplm/distance] epoch 71/120  interaction=-0.6710  marginal=0.3425
  [nplm/distance] epoch 72/120  interaction=-0.6680  marginal=0.3326
  [nplm/distance] epoch 73/120  interaction=-0.6662  marginal=0.3223
  [nplm/distance] epoch 74/120  interaction=-0.6612  marginal=0.3354
  [nplm/distance] epoch 75/120  interaction=-0.6704  marginal=0.3338
  [nplm/distance] epoch 76/120  interaction=-0.6766  marginal=0.3189
  [nplm/distance] epoch 77/120  interaction=-0.6730  marginal=0.3230
  [nplm/distance] epoch 78/120  interaction=-0.6681  marginal=0.3505
  [nplm/distance] epoch 79/120  interaction=-0.6699  marginal=0.3342
  [nplm/distance] epoch 80/120  interaction=-0.6696  marginal=0.3272
  [nplm/distance] epoch 81/120  interaction=-0.6722  marginal=0.3279
  [nplm/distance] epoch 82/120  interaction=-0.6792  marginal=0.3271
  [nplm/distance] epoch 83/120  interaction=-0.6731  marginal=0.3386
  [nplm/distance] epoch 84/120  interaction=-0.6681  marginal=0.3205
  [nplm/distance] epoch 85/120  interaction=-0.6735  marginal=0.3299
  [nplm/distance] epoch 86/120  interaction=-0.6777  marginal=0.3201
  [nplm/distance] epoch 87/120  interaction=-0.6790  marginal=0.3307
  [nplm/distance] epoch 88/120  interaction=-0.6762  marginal=0.3311
  [nplm/distance] epoch 89/120  interaction=-0.6873  marginal=0.3282
  [nplm/distance] epoch 90/120  interaction=-0.6855  marginal=0.3328
  [nplm/distance] epoch 91/120  interaction=-0.6872  marginal=0.3220
  [nplm/distance] epoch 92/120  interaction=-0.6858  marginal=0.3258
  [nplm/distance] epoch 93/120  interaction=-0.6887  marginal=0.3324
  [nplm/distance] epoch 94/120  interaction=-0.6872  marginal=0.3363
  [nplm/distance] epoch 95/120  interaction=-0.6925  marginal=0.3159
  [nplm/distance] epoch 96/120  interaction=-0.6922  marginal=0.3206
  [nplm/distance] epoch 97/120  interaction=-0.6937  marginal=0.3257
  [nplm/distance] epoch 98/120  interaction=-0.6891  marginal=0.3268
  [nplm/distance] epoch 99/120  interaction=-0.6965  marginal=0.3258
  [nplm/distance] epoch 100/120  interaction=-0.6945  marginal=0.3014
  [nplm/distance] epoch 101/120  interaction=-0.6946  marginal=0.3173
  [nplm/distance] epoch 102/120  interaction=-0.7010  marginal=0.3249
  [nplm/distance] epoch 103/120  interaction=-0.6973  marginal=0.3199
  [nplm/distance] epoch 104/120  interaction=-0.7014  marginal=0.3112
  [nplm/distance] epoch 105/120  interaction=-0.7037  marginal=0.3341
  [nplm/distance] epoch 106/120  interaction=-0.7002  marginal=0.3121
  [nplm/distance] epoch 107/120  interaction=-0.7060  marginal=0.3153
  [nplm/distance] epoch 108/120  interaction=-0.7015  marginal=0.3118
  [nplm/distance] epoch 109/120  interaction=-0.7022  marginal=0.2967
  [nplm/distance] epoch 110/120  interaction=-0.7130  marginal=0.2973
  [nplm/distance] epoch 111/120  interaction=-0.7101  marginal=0.3063
  [nplm/distance] epoch 112/120  interaction=-0.7085  marginal=0.3226
  [nplm/distance] epoch 113/120  interaction=-0.7041  marginal=0.3103
  [nplm/distance] epoch 114/120  interaction=-0.7086  marginal=0.3050
  [nplm/distance] epoch 115/120  interaction=-0.7125  marginal=0.3037
  [nplm/distance] epoch 116/120  interaction=-0.7137  marginal=0.3157
  [nplm/distance] epoch 117/120  interaction=-0.7112  marginal=0.3015
  [nplm/distance] epoch 118/120  interaction=-0.7122  marginal=0.3226
  [nplm/distance] epoch 119/120  interaction=-0.7172  marginal=0.3179
  [nplm/distance] epoch 120/120  interaction=-0.7247  marginal=0.3048
  [nplm_sup_dist ] probe=0.7336+-0.0205 acc=0.3377 supAUC=0.9603 eucl=0.7631 mahaT=0.7874 mahaPC=0.7188

===== performance / novelty table =====
  arm                        probe     acc  supAUC    eucl   mahaT  mahaPC
  simclr             0.6588+-0.0075  0.2167  0.8883  0.6062  0.5920  0.5700
  lejepa             0.7380+-0.0017  0.1810  0.8986  0.5017  0.6393  0.6869
  simclr_sigreg      0.7541+-0.0042  0.2457  0.9266  0.4916  0.6428  0.6921
  supcon             0.6985+-0.0029  0.6300  0.9678  0.6974  0.7089  0.6897
  supcon_sigreg      0.8122+-0.0030  0.6380  0.9879  0.8176  0.7997  0.7907
  nplm_bilinear      0.7525+-0.0052  0.2310  0.9094  0.5323  0.6562  0.6890
  nplm_distance      0.7450+-0.0017  0.1270  0.8614  0.4715  0.6448  0.6344
  nplm_sup_dist      0.7336+-0.0205  0.3377  0.9603  0.7631  0.7874  0.7188

===== gaussianity (seen classes, test set) =====
  metric                            simclr        lejepa simclr_sigreg        supcon supcon_sigreg nplm_bilinear nplm_distance nplm_sup_dist
  eig min (class cov)               -0.000        -0.000        -0.000         0.000        -0.000        -0.000        -0.000        -0.000
  eig max (class cov)                7.437        11.668        11.915         0.950         6.685         1.058        12.543         3.448
  eig cond worst            765306535936.07002498007040.07464154038272.0   299014912.03533116538880.0603887566848.010176315785216.0629538684928.0
  class RMS min                      0.083         0.530         0.569         0.015         0.275         0.223         0.373         0.073
  class RMS mean                     0.171         0.737         0.805         0.038         0.419         0.277         0.605         0.140
  class RMS max                      0.542         0.926         0.951         0.197         0.644         0.313         0.822         0.336
  max |corr| (worst class)           0.995         0.973         0.913         0.982         0.973         0.945         0.997         1.000
  SW ratio mean                       4.09          1.58          1.31          1.99          1.23          1.33          2.41          4.53
  SW ratio worst                     20.45          3.30          2.69         13.50          2.53          2.17          5.61         17.54
  |skew| mean                        0.973         0.415         0.372         0.565         0.375         0.371         0.561         1.192
  |ex-kurt| mean                     2.818         0.822         0.731         1.390         0.707         0.749         1.194         3.114
  centroid dist min                   0.07          0.63          0.66          0.04          0.40          0.21          0.26          0.04
  centroid dist mean                  0.82          4.03          4.06          0.54          5.93          1.51          3.88          4.71
  separation (min d/RMS)              0.41          0.85          0.81          1.07          0.94          0.76          0.43          0.26
saved /home/pharris/sigreg/SuperSig/plots/exp51_probe_aircraft_lejepa_nplm-sup-ft.png

===== PRE power batteries (all statistics) =====
  [simclr] per-event pre power=0.072
  [simclr] sparker
    pre-spk f=0.003: power=0.000 [0.000,0.036] (0/50)
    pre-spk f=0.01: power=0.060 [0.028,0.115] (3/50)
    pre-spk f=0.02: power=0.060 [0.028,0.115] (3/50)
    pre-spk f=0.05: power=0.120 [0.074,0.184] (6/50)
    pre-spk f=0.1: power=0.320 [0.249,0.399] (16/50)
  [simclr] maha
    pre-maha f=0.003: power=0.080 [0.042,0.138] (4/50)
    pre-maha f=0.01: power=0.060 [0.028,0.115] (3/50)
    pre-maha f=0.02: power=0.080 [0.042,0.138] (4/50)
    pre-maha f=0.05: power=0.080 [0.042,0.138] (4/50)
    pre-maha f=0.1: power=0.160 [0.107,0.229] (8/50)
  [simclr] mmd
    pre-mmd f=0.003: power=0.080 [0.042,0.138] (4/50)
    pre-mmd f=0.01: power=0.040 [0.014,0.090] (2/50)
    pre-mmd f=0.02: power=0.020 [0.003,0.064] (1/50)
    pre-mmd f=0.05: power=0.000 [0.000,0.036] (0/50)
    pre-mmd f=0.1: power=0.000 [0.000,0.036] (0/50)
  [lejepa] per-event pre power=0.024
  [lejepa] sparker
    pre-spk f=0.003: power=0.080 [0.042,0.138] (4/50)
    pre-spk f=0.01: power=0.080 [0.042,0.138] (4/50)
    pre-spk f=0.02: power=0.060 [0.028,0.115] (3/50)
    pre-spk f=0.05: power=0.040 [0.014,0.090] (2/50)
    pre-spk f=0.1: power=0.180 [0.124,0.251] (9/50)
  [lejepa] maha
    pre-maha f=0.003: power=0.100 [0.058,0.162] (5/50)
    pre-maha f=0.01: power=0.100 [0.058,0.162] (5/50)
    pre-maha f=0.02: power=0.120 [0.074,0.184] (6/50)
    pre-maha f=0.05: power=0.220 [0.159,0.294] (11/50)
    pre-maha f=0.1: power=0.840 [0.771,0.893] (42/50)
  [lejepa] mmd
    pre-mmd f=0.003: power=0.060 [0.028,0.115] (3/50)
    pre-mmd f=0.01: power=0.160 [0.107,0.229] (8/50)
    pre-mmd f=0.02: power=0.080 [0.042,0.138] (4/50)
    pre-mmd f=0.05: power=0.040 [0.014,0.090] (2/50)
    pre-mmd f=0.1: power=0.320 [0.249,0.399] (16/50)
  [simclr_sigreg] per-event pre power=0.042
  [simclr_sigreg] sparker
    pre-spk f=0.003: power=0.060 [0.028,0.115] (3/50)
    pre-spk f=0.01: power=0.000 [0.000,0.036] (0/50)
    pre-spk f=0.02: power=0.080 [0.042,0.138] (4/50)
    pre-spk f=0.05: power=0.020 [0.003,0.064] (1/50)
    pre-spk f=0.1: power=0.040 [0.014,0.090] (2/50)
  [simclr_sigreg] maha
    pre-maha f=0.003: power=0.100 [0.058,0.162] (5/50)
    pre-maha f=0.01: power=0.080 [0.042,0.138] (4/50)
    pre-maha f=0.02: power=0.060 [0.028,0.115] (3/50)
    pre-maha f=0.05: power=0.360 [0.286,0.440] (18/50)
    pre-maha f=0.1: power=0.840 [0.771,0.893] (42/50)
  [simclr_sigreg] mmd
    pre-mmd f=0.003: power=0.080 [0.042,0.138] (4/50)
    pre-mmd f=0.01: power=0.100 [0.058,0.162] (5/50)
    pre-mmd f=0.02: power=0.060 [0.028,0.115] (3/50)
    pre-mmd f=0.05: power=0.040 [0.014,0.090] (2/50)
    pre-mmd f=0.1: power=0.380 [0.305,0.460] (19/50)
  [supcon] per-event pre power=0.330
  [supcon] sparker
    pre-spk f=0.003: power=0.040 [0.014,0.090] (2/50)
    pre-spk f=0.01: power=0.020 [0.003,0.064] (1/50)
    pre-spk f=0.02: power=0.040 [0.014,0.090] (2/50)
    pre-spk f=0.05: power=0.180 [0.124,0.251] (9/50)
    pre-spk f=0.1: power=0.480 [0.401,0.560] (24/50)
  [supcon] maha
    pre-maha f=0.003: power=0.040 [0.014,0.090] (2/50)
    pre-maha f=0.01: power=0.040 [0.014,0.090] (2/50)
    pre-maha f=0.02: power=0.120 [0.074,0.184] (6/50)
    pre-maha f=0.05: power=0.260 [0.194,0.336] (13/50)
    pre-maha f=0.1: power=0.860 [0.793,0.910] (43/50)
  [supcon] mmd
    pre-mmd f=0.003: power=0.040 [0.014,0.090] (2/50)
    pre-mmd f=0.01: power=0.020 [0.003,0.064] (1/50)
    pre-mmd f=0.02: power=0.020 [0.003,0.064] (1/50)
    pre-mmd f=0.05: power=0.000 [0.000,0.036] (0/50)
    pre-mmd f=0.1: power=0.040 [0.014,0.090] (2/50)
  [supcon_sigreg] per-event pre power=0.405
  [supcon_sigreg] sparker
    pre-spk f=0.003: power=0.060 [0.028,0.115] (3/50)
    pre-spk f=0.01: power=0.000 [0.000,0.036] (0/50)
    pre-spk f=0.02: power=0.100 [0.058,0.162] (5/50)
    pre-spk f=0.05: power=0.020 [0.003,0.064] (1/50)
    pre-spk f=0.1: power=0.500 [0.421,0.579] (25/50)
  [supcon_sigreg] maha
    pre-maha f=0.003: power=0.020 [0.003,0.064] (1/50)
    pre-maha f=0.01: power=0.120 [0.074,0.184] (6/50)
    pre-maha f=0.02: power=0.360 [0.286,0.440] (18/50)
    pre-maha f=0.05: power=0.860 [0.793,0.910] (43/50)
    pre-maha f=0.1: power=1.000 [0.964,1.000] (50/50)
  [supcon_sigreg] mmd
    pre-mmd f=0.003: power=0.060 [0.028,0.115] (3/50)
    pre-mmd f=0.01: power=0.040 [0.014,0.090] (2/50)
    pre-mmd f=0.02: power=0.040 [0.014,0.090] (2/50)
    pre-mmd f=0.05: power=0.060 [0.028,0.115] (3/50)
    pre-mmd f=0.1: power=0.280 [0.213,0.357] (14/50)
  [nplm_bilinear] per-event pre power=0.051
  [nplm_bilinear] sparker
    pre-spk f=0.003: power=0.080 [0.042,0.138] (4/50)
    pre-spk f=0.01: power=0.060 [0.028,0.115] (3/50)
    pre-spk f=0.02: power=0.080 [0.042,0.138] (4/50)
    pre-spk f=0.05: power=0.260 [0.194,0.336] (13/50)
    pre-spk f=0.1: power=0.380 [0.305,0.460] (19/50)
  [nplm_bilinear] maha
    pre-maha f=0.003: power=0.080 [0.042,0.138] (4/50)
    pre-maha f=0.01: power=0.040 [0.014,0.090] (2/50)
    pre-maha f=0.02: power=0.160 [0.107,0.229] (8/50)
    pre-maha f=0.05: power=0.300 [0.231,0.378] (15/50)
    pre-maha f=0.1: power=0.700 [0.622,0.769] (35/50)
  [nplm_bilinear] mmd
    pre-mmd f=0.003: power=0.020 [0.003,0.064] (1/50)
    pre-mmd f=0.01: power=0.040 [0.014,0.090] (2/50)
    pre-mmd f=0.02: power=0.060 [0.028,0.115] (3/50)
    pre-mmd f=0.05: power=0.100 [0.058,0.162] (5/50)
    pre-mmd f=0.1: power=0.320 [0.249,0.399] (16/50)
  [nplm_distance] per-event pre power=0.042
  [nplm_distance] sparker
    pre-spk f=0.003: power=0.080 [0.042,0.138] (4/50)
    pre-spk f=0.01: power=0.060 [0.028,0.115] (3/50)
    pre-spk f=0.02: power=0.120 [0.074,0.184] (6/50)
    pre-spk f=0.05: power=0.180 [0.124,0.251] (9/50)
    pre-spk f=0.1: power=0.400 [0.324,0.480] (20/50)
  [nplm_distance] maha
    pre-maha f=0.003: power=0.180 [0.124,0.251] (9/50)
    pre-maha f=0.01: power=0.060 [0.028,0.115] (3/50)
    pre-maha f=0.02: power=0.100 [0.058,0.162] (5/50)
    pre-maha f=0.05: power=0.160 [0.107,0.229] (8/50)
    pre-maha f=0.1: power=0.600 [0.520,0.676] (30/50)
  [nplm_distance] mmd
    pre-mmd f=0.003: power=0.040 [0.014,0.090] (2/50)
    pre-mmd f=0.01: power=0.020 [0.003,0.064] (1/50)
    pre-mmd f=0.02: power=0.000 [0.000,0.036] (0/50)
    pre-mmd f=0.05: power=0.040 [0.014,0.090] (2/50)
    pre-mmd f=0.1: power=0.300 [0.231,0.378] (15/50)
  [nplm_sup_dist] per-event pre power=0.258
  [nplm_sup_dist] sparker
    pre-spk f=0.003: power=0.040 [0.014,0.090] (2/50)
    pre-spk f=0.01: power=0.060 [0.028,0.115] (3/50)
    pre-spk f=0.02: power=0.060 [0.028,0.115] (3/50)
    pre-spk f=0.05: power=0.100 [0.058,0.162] (5/50)
    pre-spk f=0.1: power=0.460 [0.382,0.540] (23/50)
  [nplm_sup_dist] maha
    pre-maha f=0.003: power=0.120 [0.074,0.184] (6/50)
    pre-maha f=0.01: power=0.100 [0.058,0.162] (5/50)
    pre-maha f=0.02: power=0.340 [0.268,0.419] (17/50)
    pre-maha f=0.05: power=0.620 [0.540,0.695] (31/50)
    pre-maha f=0.1: power=0.980 [0.936,0.997] (49/50)
  [nplm_sup_dist] mmd
    pre-mmd f=0.003: power=0.040 [0.014,0.090] (2/50)
    pre-mmd f=0.01: power=0.000 [0.000,0.036] (0/50)
    pre-mmd f=0.02: power=0.020 [0.003,0.064] (1/50)
    pre-mmd f=0.05: power=0.140 [0.090,0.207] (7/50)
    pre-mmd f=0.1: power=0.840 [0.771,0.893] (42/50)

===== EXP51 PEREVENT PRE POWER (alpha=0.05) =====
  arm                 0.003     0.01     0.02     0.05      0.1
  simclr              0.072    0.072    0.072    0.072    0.072
  lejepa              0.024    0.024    0.024    0.024    0.024
  simclr_sigreg       0.042    0.042    0.042    0.042    0.042
  supcon              0.330    0.330    0.330    0.330    0.330
  supcon_sigreg       0.405    0.405    0.405    0.405    0.405
  nplm_bilinear       0.051    0.051    0.051    0.051    0.051
  nplm_distance       0.042    0.042    0.042    0.042    0.042
  nplm_sup_dist       0.258    0.258    0.258    0.258    0.258
  saved /home/pharris/sigreg/SuperSig/plots/exp51_perevent_power_aircraft_lejepa_nplm-sup-ft.png

===== EXP51 SPARKER PRE POWER (alpha=0.05) =====
  arm                 0.003     0.01     0.02     0.05      0.1
  simclr              0.000    0.060    0.060    0.120    0.320
  lejepa              0.080    0.080    0.060    0.040    0.180
  simclr_sigreg       0.060    0.000    0.080    0.020    0.040
  supcon              0.040    0.020    0.040    0.180    0.480
  supcon_sigreg       0.060    0.000    0.100    0.020    0.500
  nplm_bilinear       0.080    0.060    0.080    0.260    0.380
  nplm_distance       0.080    0.060    0.120    0.180    0.400
  nplm_sup_dist       0.040    0.060    0.060    0.100    0.460
  saved /home/pharris/sigreg/SuperSig/plots/exp51_sparker_power_aircraft_lejepa_nplm-sup-ft.png

===== EXP51 MAHA PRE POWER (alpha=0.05) =====
  arm                 0.003     0.01     0.02     0.05      0.1
  simclr              0.080    0.060    0.080    0.080    0.160
  lejepa              0.100    0.100    0.120    0.220    0.840
  simclr_sigreg       0.100    0.080    0.060    0.360    0.840
  supcon              0.040    0.040    0.120    0.260    0.860
  supcon_sigreg       0.020    0.120    0.360    0.860    1.000
  nplm_bilinear       0.080    0.040    0.160    0.300    0.700
  nplm_distance       0.180    0.060    0.100    0.160    0.600
  nplm_sup_dist       0.120    0.100    0.340    0.620    0.980
  saved /home/pharris/sigreg/SuperSig/plots/exp51_maha_power_aircraft_lejepa_nplm-sup-ft.png

===== EXP51 MMD PRE POWER (alpha=0.05) =====
  arm                 0.003     0.01     0.02     0.05      0.1
  simclr              0.080    0.040    0.020    0.000    0.000
  lejepa              0.060    0.160    0.080    0.040    0.320
  simclr_sigreg       0.080    0.100    0.060    0.040    0.380
  supcon              0.040    0.020    0.020    0.000    0.040
  supcon_sigreg       0.060    0.040    0.040    0.060    0.280
  nplm_bilinear       0.020    0.040    0.060    0.100    0.320
  nplm_distance       0.040    0.020    0.000    0.040    0.300
  nplm_sup_dist       0.040    0.000    0.020    0.140    0.840
  saved /home/pharris/sigreg/SuperSig/plots/exp51_mmd_power_aircraft_lejepa_nplm-sup-ft.png

===== EXP51 SUMMARY =====
  [simclr        ] probe=0.6588+-0.0075  acc=0.2167  eucl=0.6062  mahaT=0.5920
  [lejepa        ] probe=0.7380+-0.0017  acc=0.1810  eucl=0.5017  mahaT=0.6393
  [simclr_sigreg ] probe=0.7541+-0.0042  acc=0.2457  eucl=0.4916  mahaT=0.6428
  [supcon        ] probe=0.6985+-0.0029  acc=0.6300  eucl=0.6974  mahaT=0.7089
  [supcon_sigreg ] probe=0.8122+-0.0030  acc=0.6380  eucl=0.8176  mahaT=0.7997
  [nplm_bilinear ] probe=0.7525+-0.0052  acc=0.2310  eucl=0.5323  mahaT=0.6562
  [nplm_distance ] probe=0.7450+-0.0017  acc=0.1270  eucl=0.4715  mahaT=0.6448
  [nplm_sup_dist ] probe=0.7336+-0.0205  acc=0.3377  eucl=0.7631  mahaT=0.7874
Done.
