/home/pharris/venv/lib64/python3.9/site-packages/networkx/utils/backends.py:135: RuntimeWarning: networkx backend defined more than once: nx-loopback
  backends.update(_get_backends("networkx.backends"))
Using cache found in /home/pharris/.cache/torch/hub/chenyaofo_pytorch-cifar-models_master
exp66 [sup cifar100_100d] supervised-SIGReg recipe, holdout=[4]
  cifar100 balanced loader (no {4}): 49500 images, 82 batches of 25x24
  [sigreg+proto] epoch 1/10  sigreg=0.7664  proto=3.2064  min_dist=5.08  mean_dist=5.17
  [sigreg+proto] epoch 2/10  sigreg=0.6433  proto=1.7900  min_dist=5.15  mean_dist=5.35
  [sigreg+proto] epoch 3/10  sigreg=0.5821  proto=1.2939  min_dist=5.23  mean_dist=5.60
  [sigreg+proto] epoch 4/10  sigreg=0.5440  proto=1.0739  min_dist=5.37  mean_dist=5.94
  [sigreg+proto] epoch 5/10  sigreg=0.5251  proto=0.9689  min_dist=5.56  mean_dist=6.39
  [sigreg+proto] epoch 6/10  sigreg=0.5141  proto=0.9259  min_dist=5.64  mean_dist=6.88
  [sigreg+proto] epoch 7/10  sigreg=0.5140  proto=0.8611  min_dist=5.71  mean_dist=7.38
  [sigreg+proto] epoch 8/10  sigreg=0.5176  proto=0.7796  min_dist=5.77  mean_dist=7.86
  [sigreg+proto] epoch 9/10  sigreg=0.5207  proto=0.7455  min_dist=5.84  mean_dist=8.32
  [sigreg+proto] epoch 10/10  sigreg=0.5311  proto=0.7288  min_dist=5.91  mean_dist=8.74

  [sup100] probe=0.9546+-0.0009 acc=0.5545 supAUC=0.9757 eucl=0.3947 mahaT=0.3927 mahaPC=0.4861 perevt=0.010
  metric                            sup100
  eig min (class cov)               -0.000
  eig max (class cov)               12.687
  eig cond worst            9908481163264.0
  class RMS min                      0.409
  class RMS mean                     0.578
  class RMS max                      0.681
  max |corr| (worst class)           0.924
  SW ratio mean                       1.25
  SW ratio worst                      1.97
  |skew| mean                        0.246
  |ex-kurt| mean                     0.435
  centroid dist min                   1.37
  centroid dist mean                  6.51
  separation (min d/RMS)              2.37

===== PRE power batteries =====
  sparker
    pre-spk f=0.001: power=0.060 [0.028,0.115] (3/50)
    pre-spk f=0.003: power=0.020 [0.003,0.064] (1/50)
    pre-spk f=0.01: power=0.020 [0.003,0.064] (1/50)
    pre-spk f=0.02: power=0.040 [0.014,0.090] (2/50)
    pre-spk f=0.05: power=0.600 [0.520,0.676] (30/50)
  maha
    pre-maha f=0.001: power=0.040 [0.014,0.090] (2/50)
    pre-maha f=0.003: power=0.040 [0.014,0.090] (2/50)
    pre-maha f=0.01: power=0.060 [0.028,0.115] (3/50)
    pre-maha f=0.02: power=0.040 [0.014,0.090] (2/50)
    pre-maha f=0.05: power=0.080 [0.042,0.138] (4/50)
  mmd
    pre-mmd f=0.001: power=0.040 [0.014,0.090] (2/50)
    pre-mmd f=0.003: power=0.080 [0.042,0.138] (4/50)
    pre-mmd f=0.01: power=0.120 [0.074,0.184] (6/50)
    pre-mmd f=0.02: power=0.520 [0.440,0.599] (26/50)
    pre-mmd f=0.05: power=1.000 [0.964,1.000] (50/50)

===== EXP66 PRE POWER (cifar100_100d) =====
  stat          0.001    0.003     0.01     0.02     0.05
  perevent      0.010    0.010    0.010    0.010    0.010
  sparker       0.060    0.020    0.020    0.040    0.600
  maha          0.040    0.040    0.060    0.040    0.080
  mmd           0.040    0.080    0.120    0.520    1.000
Done.
